#===============================================================================================================================================================================
#     Step |         Time |         State |                                     Energy |      Angular |     Gradient |      Density |           Expectation Value |    Runtime |
#          |              |  diag |   MCH |          kin |          pot |          tot |     Momentum |          RMS |        Total |           DM |            S |            |
#          |         [fs] |       |       |         [eV] |         [eV] |         [eV] |       [hbar] |     [eV/Ang] |              |      [Debye] |              |      [sec] |
#===============================================================================================================================================================================
         0         0.0000       2       2       0.051054       9.961977      10.013031       0.000183       2.042219       1.000000     541.499386       0.000000            4
         1         0.5000       2       2       0.074158       9.938518      10.012676       0.000183       1.930200       1.000000     541.499386       0.000000            2
         2         1.0000       2       2       0.121883       9.890145      10.012029       0.000183       1.753838       1.000000     541.499386       0.000000            1
         3         1.5000       2       2       0.185373       9.825995      10.011368       0.000183       1.524045       1.000000     541.499386       0.000000            0
         4         2.0000       2       2       0.253614       9.757070      10.010684       0.000183       1.262908       1.000000     541.499386       0.000000            0
# Surface Hop/Pointer State Switch: new state=      1 old state=      2 randnum=  0.295656816 gap= -9.464153 eV
         5         2.5000       1       1       9.781087       0.229597      10.010684       6.980070       1.269686       1.000000     541.499386       0.000000            0
         6         3.0000       1       1       9.479313       0.536231      10.015545       6.980070       2.486766       1.000000     541.499386       0.000000            0
# Jump frustrated.
         7         3.5000       1       1       8.632655       1.412953      10.045608       6.980070       4.413189       1.000000     541.499386       0.000000            1
         8         4.0000       1       1       7.683535       2.397630      10.081165       6.980070       5.788899       1.000000     541.499386       0.000000            0
# Jump frustrated.
         9         4.5000       1       1       7.111244       2.970624      10.081868       6.980071       5.813823       1.000000     541.499386       0.000000            0
# Jump frustrated.
        10         5.0000       1       1       6.925672       3.126329      10.052001       6.980071       4.657285       1.000000     541.499386       0.000000            0
        11         5.5000       1       1       6.761904       3.278297      10.040200       6.980072       3.491120       1.000000     541.499386       0.000000            0
# Jump frustrated.
        12         6.0000       1       1       6.391880       3.654895      10.046775       6.980071       3.009337       1.000000     541.499386       0.000000            1
# Jump frustrated.
        13         6.5000       1       1       5.852392       4.204221      10.056613       6.980071       3.035056       1.000000     541.499386       0.000000            0
# Jump frustrated.
        14         7.0000       1       1       5.275944       4.789049      10.064993       6.980071       3.201243       1.000000     541.499386       0.000000            0
# Jump frustrated.
        15         7.5000       1       1       4.772883       5.296854      10.069736       6.980072       3.375659       1.000000     541.499386       0.000000            0
# Jump frustrated.
        16         8.0000       1       1       4.418666       5.654352      10.073018       6.980071       3.439952       1.000000     541.499386       0.000000            0
# Jump frustrated.
        17         8.5000       1       1       4.245185       5.826458      10.071643       6.980071       3.342800       1.000000     541.499386       0.000000            0
        18         9.0000       1       1       4.227607       5.838914      10.066521       6.980071       3.168975       1.000000     541.499386       0.000000            0
# Jump frustrated.
        19         9.5000       1       1       4.299698       5.761269      10.060967       6.980070       3.017357       1.000000     541.499386       0.000000            1
# Jump frustrated.
        20        10.0000       1       1       4.388497       5.668469      10.056966       6.980070       3.027926       1.000000     541.499386       0.000000            0
        21        10.5000       1       1       4.462444       5.597468      10.059911       6.980070       3.395981       1.000000     541.499386       0.000000            0
        22        11.0000       1       1       4.594209       5.477056      10.071265       6.980070       4.060458       1.000000     541.499386       0.000000            0
        23        11.5000       1       1       4.966071       5.116444      10.082515       6.980069       4.592229       1.000000     541.499386       0.000000            0
        24        12.0000       1       1       5.724083       4.350584      10.074667       6.980069       4.453352       1.000000     541.499386       0.000000            0
# Jump frustrated.
        25        12.5000       1       1       6.745263       3.301341      10.046604       6.980070       3.524955       1.000000     541.499386       0.000000            0
        26        13.0000       1       1       7.663418       2.363168      10.026586       6.980071       2.472086       1.000000     541.499386       0.000000            0
# Jump frustrated.
        27        13.5000       1       1       8.152022       1.861591      10.013613       6.980071       2.006585       1.000000     541.499386       0.000000            1
# Jump frustrated.
        28        14.0000       1       1       8.056637       1.961449      10.018086       6.980071       2.648569       1.000000     541.499386       0.000000            0
# Jump frustrated.
        29        14.5000       1       1       7.467387       2.575964      10.043351       6.980072       4.074785       1.000000     541.499386       0.000000            0
        30        15.0000       1       1       6.789389       3.287016      10.076406       6.980072       5.263139       1.000000     541.499386       0.000000            0
        31        15.5000       1       1       6.495996       3.584931      10.080927       6.980073       5.232391       1.000000     541.499386       0.000000            0
# Jump frustrated.
        32        16.0000       1       1       6.612893       3.434624      10.047517       6.980073       4.105374       1.000000     541.499386       0.000000            0
# Jump frustrated.
        33        16.5000       1       1       6.742738       3.293037      10.035775       6.980073       3.361190       1.000000     541.499386       0.000000            0
        34        17.0000       1       1       6.646179       3.399539      10.045718       6.980073       3.602709       1.000000     541.499386       0.000000            1
# Jump frustrated.
        35        17.5000       1       1       6.390210       3.667351      10.057561       6.980073       4.116778       1.000000     541.499386       0.000000            0
# Jump frustrated.
        36        18.0000       1       1       6.121144       3.944713      10.065857       6.980074       4.519684       1.000000     541.499386       0.000000            0
        37        18.5000       1       1       5.951872       4.118065      10.069937       6.980074       4.709476       1.000000     541.499386       0.000000            0
# Jump frustrated.
        38        19.0000       1       1       5.941814       4.128653      10.070466       6.980073       4.663965       1.000000     541.499386       0.000000            0
# Jump frustrated.
        39        19.5000       1       1       6.090411       3.976477      10.066888       6.980073       4.437811       1.000000     541.499386       0.000000            0
# Jump frustrated.
        40        20.0000       1       1       6.340162       3.719253      10.059414       6.980073       4.096638       1.000000     541.499386       0.000000            0
# Jump frustrated.
        41        20.5000       1       1       6.573976       3.472409      10.046385       6.980073       3.723264       1.000000     541.499386       0.000000            1
# Jump frustrated.
        42        21.0000       1       1       6.654255       3.388743      10.042998       6.980072       3.324907       1.000000     541.499386       0.000000            0
        43        21.5000       1       1       6.527557       3.520158      10.047715       6.980072       3.401995       1.000000     541.499386       0.000000            0
        44        22.0000       1       1       6.265497       3.791500      10.056997       6.980072       3.865166       1.000000     541.499386       0.000000            0
# Jump frustrated.
        45        22.5000       1       1       6.056778       4.016753      10.073530       6.980071       4.225104       1.000000     541.499386       0.000000            0
# Jump frustrated.
        46        23.0000       1       1       6.099459       3.974401      10.073860       6.980070       4.197047       1.000000     541.499386       0.000000            0
        47        23.5000       1       1       6.409752       3.652196      10.061948       6.980069       3.824089       1.000000     541.499386       0.000000            1
        48        24.0000       1       1       6.826914       3.222451      10.049365       6.980069       3.307909       1.000000     541.499386       0.000000            0
        49        24.5000       1       1       7.155567       2.884260      10.039827       6.980069       2.782779       1.000000     541.499386       0.000000            0
        50        25.0000       1       1       7.229484       2.802048      10.031531       6.980070       2.459925       1.000000     541.499386       0.000000            0
        51        25.5000       1       1       6.938604       3.094773      10.033377       6.980070       2.720550       1.000000     541.499386       0.000000            0
        52        26.0000       1       1       6.320656       3.729218      10.049874       6.980070       3.494877       1.000000     541.499386       0.000000            0
# Jump frustrated.
        53        26.5000       1       1       5.602893       4.469750      10.072643       6.980070       4.319873       1.000000     541.499386       0.000000            0
# Jump frustrated.
        54        27.0000       1       1       5.093777       4.987313      10.081090       6.980069       4.435752       1.000000     541.499386       0.000000            1
        55        27.5000       1       1       4.897405       5.169176      10.066581       6.980068       3.850988       1.000000     541.499386       0.000000            0
# Jump frustrated.
        56        28.0000       1       1       4.856528       5.200524      10.057052       6.980068       3.248521       1.000000     541.499386       0.000000            0
        57        28.5000       1       1       4.822713       5.235195      10.057908       6.980067       3.054468       1.000000     541.499386       0.000000            0
        58        29.0000       1       1       4.777846       5.284397      10.062243       6.980067       3.175030       1.000000     541.499386       0.000000            0
# Jump frustrated.
        59        29.5000       1       1       4.772666       5.293947      10.066613       6.980068       3.392677       1.000000     541.499386       0.000000            0
# Jump frustrated.
        60        30.0000       1       1       4.865128       5.203846      10.068974       6.980068       3.568241       1.000000     541.499386       0.000000            0
# Jump frustrated.
        61        30.5000       1       1       5.087528       4.981084      10.068612       6.980069       3.672313       1.000000     541.499386       0.000000            0
# Jump frustrated.
        62        31.0000       1       1       5.431997       4.632929      10.064925       6.980069       3.727072       1.000000     541.499386       0.000000            1
# Jump frustrated.
        63        31.5000       1       1       5.852494       4.207128      10.059622       6.980069       3.761238       1.000000     541.499386       0.000000            0
        64        32.0000       1       1       6.284343       3.773023      10.057366       6.980069       3.767915       1.000000     541.499386       0.000000            0
# Jump frustrated.
        65        32.5000       1       1       6.688423       3.369436      10.057859       6.980069       3.836459       1.000000     541.499386       0.000000            0
# Jump frustrated.
        66        33.0000       1       1       7.069875       2.988686      10.058561       6.980070       3.805240       1.000000     541.499386       0.000000            0
# Jump frustrated.
        67        33.5000       1       1       7.452404       2.608766      10.061170       6.980070       3.570309       1.000000     541.499386       0.000000            0
# Jump frustrated.
        68        34.0000       1       1       7.854949       2.204349      10.059298       6.980069       3.116023       1.000000     541.499386       0.000000            0
# Jump frustrated.
        69        34.5000       1       1       8.243250       1.810104      10.053354       6.980068       2.461352       1.000000     541.499386       0.000000            1
# Jump frustrated.
        70        35.0000       1       1       8.527397       1.521324      10.048721       6.980067       1.887493       1.000000     541.499386       0.000000            0
        71        35.5000       1       1       8.632750       1.415029      10.047779       6.980067       1.778753       1.000000     541.499386       0.000000            0
# Jump frustrated.
        72        36.0000       1       1       8.533526       1.514888      10.048414       6.980067       2.194585       1.000000     541.499386       0.000000            0
# Jump frustrated.
        73        36.5000       1       1       8.236333       1.813634      10.049966       6.980067       2.877867       1.000000     541.499386       0.000000            0
        74        37.0000       1       1       7.771107       2.280540      10.051648       6.980066       3.574042       1.000000     541.499386       0.000000            0
# Jump frustrated.
        75        37.5000       1       1       7.202961       2.855818      10.058779       6.980066       3.971403       1.000000     541.499386       0.000000            0
# Jump frustrated.
        76        38.0000       1       1       6.612431       3.450818      10.063249       6.980067       4.178932       1.000000     541.499386       0.000000            1
# Jump frustrated.
        77        38.5000       1       1       6.061777       4.003051      10.064828       6.980067       4.329855       1.000000     541.499386       0.000000            0
        78        39.0000       1       1       5.589113       4.477639      10.066752       6.980067       4.451759       1.000000     541.499386       0.000000            0
        79        39.5000       1       1       5.224415       4.844064      10.068480       6.980067       4.461909       1.000000     541.499386       0.000000            0
        80        40.0000       1       1       4.991503       5.077414      10.068917       6.980068       4.362848       1.000000     541.499386       0.000000            0
# Jump frustrated.
        81        40.5000       1       1       4.900749       5.167723      10.068471       6.980068       4.152495       1.000000     541.499386       0.000000            0
# Jump frustrated.
        82        41.0000       1       1       4.946700       5.120596      10.067296       6.980068       3.851715       1.000000     541.499386       0.000000            1
        83        41.5000       1       1       5.107298       4.956587      10.063885       6.980067       3.487146       1.000000     541.499386       0.000000            0
        84        42.0000       1       1       5.333378       4.724898      10.058277       6.980067       3.113727       1.000000     541.499386       0.000000            0
# Jump frustrated.
        85        42.5000       1       1       5.565749       4.491341      10.057090       6.980068       2.772411       1.000000     541.499386       0.000000            0
        86        43.0000       1       1       5.767618       4.287679      10.055297       6.980068       2.480128       1.000000     541.499386       0.000000            0
# Jump frustrated.
        87        43.5000       1       1       5.908302       4.143808      10.052110       6.980067       2.283028       1.000000     541.499386       0.000000            1
# Jump frustrated.
        88        44.0000       1       1       5.947289       4.102079      10.049368       6.980067       2.385808       1.000000     541.499386       0.000000            0
        89        44.5000       1       1       5.856085       4.193011      10.049095       6.980067       2.977178       1.000000     541.499386       0.000000            0
# Jump frustrated.
        90        45.0000       1       1       5.666735       4.391275      10.058010       6.980066       4.024157       1.000000     541.499386       0.000000            0
        91        45.5000       1       1       5.538055       4.537014      10.075070       6.980066       5.100449       1.000000     541.499386       0.000000            0
        92        46.0000       1       1       5.700164       4.380272      10.080435       6.980066       5.580140       1.000000     541.499386       0.000000            1
# Jump frustrated.
        93        46.5000       1       1       6.209795       3.851913      10.061708       6.980066       5.107541       1.000000     541.499386       0.000000            0
        94        47.0000       1       1       6.830275       3.208956      10.039231       6.980066       4.047967       1.000000     541.499386       0.000000            0
# Jump frustrated.
        95        47.5000       1       1       7.262092       2.771322      10.033413       6.980066       2.948934       1.000000     541.499386       0.000000            0
        96        48.0000       1       1       7.377866       2.659837      10.037703       6.980066       2.288640       1.000000     541.499386       0.000000            0
# Jump frustrated.
        97        48.5000       1       1       7.213198       2.831528      10.044725       6.980066       2.104641       1.000000     541.499386       0.000000            0
# Jump frustrated.
        98        49.0000       1       1       6.863141       3.188403      10.051544       6.980065       2.211315       1.000000     541.499386       0.000000            0
# Jump frustrated.
        99        49.5000       1       1       6.429823       3.628321      10.058144       6.980065       2.485165       1.000000     541.499386       0.000000            1
       100        50.0000       1       1       6.007925       4.055575      10.063501       6.980065       2.809609       1.000000     541.499386       0.000000            0
# Jump frustrated.
       101        50.5000       1       1       5.677868       4.389199      10.067067       6.980065       3.069069       1.000000     541.499386       0.000000            0
# Jump frustrated.
       102        51.0000       1       1       5.489879       4.578951      10.068830       6.980065       3.252064       1.000000     541.499386       0.000000            0
# Jump frustrated.
       103        51.5000       1       1       5.470511       4.599504      10.070015       6.980065       3.357659       1.000000     541.499386       0.000000            0
# Jump frustrated.
       104        52.0000       1       1       5.626430       4.441308      10.067738       6.980066       3.366178       1.000000     541.499386       0.000000            0
       105        52.5000       1       1       5.929305       4.134258      10.063563       6.980067       3.282597       1.000000     541.499386       0.000000            0
# Jump frustrated.
       106        53.0000       1       1       6.325666       3.734408      10.060074       6.980067       3.143237       1.000000     541.499386       0.000000            1
# Jump frustrated.
       107        53.5000       1       1       6.754316       3.300095      10.054412       6.980067       2.986605       1.000000     541.499386       0.000000            0
# Jump frustrated.
       108        54.0000       1       1       7.138492       2.908965      10.047457       6.980067       2.789500       1.000000     541.499386       0.000000            0
       109        54.5000       1       1       7.387882       2.654024      10.041906       6.980067       2.567678       1.000000     541.499386       0.000000            0
       110        55.0000       1       1       7.419994       2.616032      10.036026       6.980067       2.560526       1.000000     541.499386       0.000000            0
       111        55.5000       1       1       7.134477       2.889242      10.023720       6.980068       3.031583       1.000000     541.499386       0.000000            1
       112        56.0000       1       1       6.535498       3.513515      10.049013       6.980068       4.264087       1.000000     541.499386       0.000000            0
# Jump frustrated.
       113        56.5000       1       1       5.992604       4.093775      10.086379       6.980068       5.360840       1.000000     541.499386       0.000000            0
       114        57.0000       1       1       6.015799       4.077997      10.093796       6.980067       5.509281       1.000000     541.499386       0.000000            0
# Jump frustrated.
       115        57.5000       1       1       6.688714       3.368813      10.057527       6.980068       4.417311       1.000000     541.499386       0.000000            0
# Jump frustrated.
       116        58.0000       1       1       7.542578       2.481711      10.024289       6.980068       2.746121       1.000000     541.499386       0.000000            0
# Jump frustrated.
       117        58.5000       1       1       8.048278       1.967678      10.015956       6.980068       1.643066       1.000000     541.499386       0.000000            0
# Jump frustrated.
       118        59.0000       1       1       8.021023       2.007123      10.028146       6.980068       1.760246       1.000000     541.499386       0.000000            0
# Jump frustrated.
       119        59.5000       1       1       7.553620       2.486071      10.039691       6.980068       2.258010       1.000000     541.499386       0.000000            0
       120        60.0000       1       1       6.808493       3.240720      10.049213       6.980069       2.649593       1.000000     541.499386       0.000000            1
# Jump frustrated.
       121        60.5000       1       1       5.931570       4.123878      10.055447       6.980069       2.984211       1.000000     541.499386       0.000000            0
# Jump frustrated.
       122        61.0000       1       1       5.067255       4.997693      10.064948       6.980068       3.247886       1.000000     541.499386       0.000000            0
       123        61.5000       1       1       4.347474       5.723277      10.070751       6.980067       3.475493       1.000000     541.499386       0.000000            0
       124        62.0000       1       1       3.868484       6.205547      10.074031       6.980068       3.590651       1.000000     541.499386       0.000000            0
       125        62.5000       1       1       3.682890       6.389694      10.072584       6.980069       3.469123       1.000000     541.499386       0.000000            0
# Jump frustrated.
       126        63.0000       1       1       3.768928       6.298970      10.067897       6.980069       3.243704       1.000000     541.499386       0.000000            0
# Jump frustrated.
       127        63.5000       1       1       4.055277       6.008321      10.063598       6.980068       3.093563       1.000000     541.499386       0.000000            0
# Jump frustrated.
       128        64.0000       1       1       4.478086       5.584596      10.062682       6.980066       3.112203       1.000000     541.499386       0.000000            1
       129        64.5000       1       1       5.007100       5.054785      10.061885       6.980066       3.245542       1.000000     541.499386       0.000000            0
# Jump frustrated.
       130        65.0000       1       1       5.619436       4.436325      10.055761       6.980065       3.332060       1.000000     541.499386       0.000000            0
# Jump frustrated.
       131        65.5000       1       1       6.234677       3.810392      10.045069       6.980066       3.242235       1.000000     541.499386       0.000000            0
# Jump frustrated.
       132        66.0000       1       1       6.716181       3.319610      10.035791       6.980066       3.125505       1.000000     541.499386       0.000000            0
       133        66.5000       1       1       6.929484       3.096434      10.025918       6.980066       3.142292       1.000000     541.499386       0.000000            0
       134        67.0000       1       1       6.786387       3.238021      10.024408       6.980066       3.476867       1.000000     541.499386       0.000000            0
# Jump frustrated.
       135        67.5000       1       1       6.355243       3.682506      10.037749       6.980066       4.052602       1.000000     541.499386       0.000000            1
# Jump frustrated.
       136        68.0000       1       1       5.882610       4.177648      10.060257       6.980066       4.992275       1.000000     541.499386       0.000000            0
# Jump frustrated.
       137        68.5000       1       1       5.750456       4.329200      10.079656       6.980066       5.713256       1.000000     541.499386       0.000000            0
# Jump frustrated.
       138        69.0000       1       1       6.224695       3.844024      10.068719       6.980065       5.544160       1.000000     541.499386       0.000000            0
# Jump frustrated.
       139        69.5000       1       1       7.129519       2.902737      10.032256       6.980065       4.379093       1.000000     541.499386       0.000000            0
# Jump frustrated.
       140        70.0000       1       1       7.952841       2.057779      10.010619       6.980065       2.981426       1.000000     541.499386       0.000000            0
       141        70.5000       1       1       8.313285       1.699450      10.012735       6.980065       2.328033       1.000000     541.499386       0.000000            0
# Jump frustrated.
       142        71.0000       1       1       8.156879       1.866988      10.023868       6.980065       2.499286       1.000000     541.499386       0.000000            0
# Jump frustrated.
       143        71.5000       1       1       7.615976       2.423166      10.039142       6.980064       2.881977       1.000000     541.499386       0.000000            0
       144        72.0000       1       1       6.885949       3.165774      10.051723       6.980064       3.227643       1.000000     541.499386       0.000000            0
# Jump frustrated.
       145        72.5000       1       1       6.160461       3.900286      10.060746       6.980064       3.347903       1.000000     541.499386       0.000000            1
# Jump frustrated.
       146        73.0000       1       1       5.569113       4.495286      10.064398       6.980064       3.353047       1.000000     541.499386       0.000000            0
       147        73.5000       1       1       5.175670       4.890360      10.066030       6.980064       3.335300       1.000000     541.499386       0.000000            0
# Jump frustrated.
       148        74.0000       1       1       5.008428       5.057691      10.066119       6.980064       3.277976       1.000000     541.499386       0.000000            0
# Jump frustrated.
       149        74.5000       1       1       5.069281       4.995409      10.064690       6.980064       3.181679       1.000000     541.499386       0.000000            0
# Jump frustrated.
       150        75.0000       1       1       5.336135       4.725729      10.061864       6.980064       3.059680       1.000000     541.499386       0.000000            0
# Jump frustrated.
       151        75.5000       1       1       5.766065       4.290793      10.056858       6.980065       2.916205       1.000000     541.499386       0.000000            1
       152        76.0000       1       1       6.282210       3.766587      10.048797       6.980066       2.704287       1.000000     541.499386       0.000000            0
# Jump frustrated.
       153        76.5000       1       1       6.767199       3.271861      10.039059       6.980066       2.599280       1.000000     541.499386       0.000000            0
# Jump frustrated.
       154        77.0000       1       1       7.083557       2.946127      10.029683       6.980067       2.845902       1.000000     541.499386       0.000000            0
# Jump frustrated.
       155        77.5000       1       1       7.131748       2.898169      10.029917       6.980067       3.658223       1.000000     541.499386       0.000000            0
       156        78.0000       1       1       6.956231       3.085015      10.041246       6.980067       4.659023       1.000000     541.499386       0.000000            0
       157        78.5000       1       1       6.733152       3.316912      10.050063       6.980067       5.293950       1.000000     541.499386       0.000000            1
# Jump frustrated.
       158        79.0000       1       1       6.630630       3.425282      10.055912       6.980069       5.456274       1.000000     541.499386       0.000000            0
# Jump frustrated.
       159        79.5000       1       1       6.733157       3.321064      10.054221       6.980070       5.094799       1.000000     541.499386       0.000000            0
# Jump frustrated.
       160        80.0000       1       1       6.994854       3.047438      10.042293       6.980070       4.180384       1.000000     541.499386       0.000000            0
       161        80.5000       1       1       7.231053       2.800594      10.031647       6.980070       3.071522       1.000000     541.499386       0.000000            0
       162        81.0000       1       1       7.259380       2.771322      10.030702       6.980068       2.341394       1.000000     541.499386       0.000000            0
# Jump frustrated.
       163        81.5000       1       1       7.014676       3.020657      10.035334       6.980067       2.233899       1.000000     541.499386       0.000000            1
# Jump frustrated.
       164        82.0000       1       1       6.536482       3.506456      10.042938       6.980067       2.540894       1.000000     541.499386       0.000000            0
       165        82.5000       1       1       5.913684       4.137995      10.051679       6.980066       3.023068       1.000000     541.499386       0.000000            0
# Jump frustrated.
       166        83.0000       1       1       5.247347       4.809809      10.057156       6.980066       3.498412       1.000000     541.499386       0.000000            0
# Jump frustrated.
       167        83.5000       1       1       4.631651       5.431383      10.063034       6.980066       3.933531       1.000000     541.499386       0.000000            0
# Jump frustrated.
       168        84.0000       1       1       4.144232       5.922580      10.066812       6.980065       4.285093       1.000000     541.499386       0.000000            0
# Jump frustrated.
       169        84.5000       1       1       3.843935       6.225270      10.069204       6.980064       4.504345       1.000000     541.499386       0.000000            1
# Jump frustrated.
       170        85.0000       1       1       3.765519       6.304368      10.069887       6.980064       4.592922       1.000000     541.499386       0.000000            0
       171        85.5000       1       1       3.920200       6.148663      10.068863       6.980063       4.552686       1.000000     541.499386       0.000000            0
# Jump frustrated.
       172        86.0000       1       1       4.294726       5.771234      10.065961       6.980064       4.375813       1.000000     541.499386       0.000000            0
# Jump frustrated.
       173        86.5000       1       1       4.848072       5.213604      10.061676       6.980064       4.104888       1.000000     541.499386       0.000000            0
       174        87.0000       1       1       5.508869       4.545526      10.054395       6.980062       3.705128       1.000000     541.499386       0.000000            0
# Jump frustrated.
       175        87.5000       1       1       6.165046       3.878487      10.043533       6.980061       3.238974       1.000000     541.499386       0.000000            1
# Jump frustrated.
       176        88.0000       1       1       6.677512       3.358018      10.035529       6.980061       2.863366       1.000000     541.499386       0.000000            0
       177        88.5000       1       1       6.945263       3.087714      10.032977       6.980061       2.885338       1.000000     541.499386       0.000000            0
       178        89.0000       1       1       6.970014       3.070068      10.040082       6.980061       3.460977       1.000000     541.499386       0.000000            0
# Jump frustrated.
       179        89.5000       1       1       6.911319       3.147090      10.058408       6.980062       4.193238       1.000000     541.499386       0.000000            0
       180        90.0000       1       1       7.013456       3.048476      10.061932       6.980062       4.461143       1.000000     541.499386       0.000000            0
# Jump frustrated.
       181        90.5000       1       1       7.345519       2.703435      10.048954       6.980061       4.237005       1.000000     541.499386       0.000000            1
# Jump frustrated.
       182        91.0000       1       1       7.755340       2.283862      10.039202       6.980061       3.922204       1.000000     541.499386       0.000000            0
# Jump frustrated.
       183        91.5000       1       1       8.049220       1.978888      10.028108       6.980060       3.712681       1.000000     541.499386       0.000000            0
       184        92.0000       1       1       8.089893       1.937782      10.027675       6.980060       3.515359       1.000000     541.499386       0.000000            0
# Jump frustrated.
       185        92.5000       1       1       7.844628       2.188986      10.033614       6.980060       3.209988       1.000000     541.499386       0.000000            0
       186        93.0000       1       1       7.367993       2.672501      10.040494       6.980059       2.908677       1.000000     541.499386       0.000000            0
# Jump frustrated.
       187        93.5000       1       1       6.747864       3.301549      10.049413       6.980059       2.782320       1.000000     541.499386       0.000000            0
       188        94.0000       1       1       6.096740       3.960491      10.057231       6.980058       2.761919       1.000000     541.499386       0.000000            0
       189        94.5000       1       1       5.525600       4.537222      10.062822       6.980057       2.792322       1.000000     541.499386       0.000000            1
# Jump frustrated.
       190        95.0000       1       1       5.118781       4.947245      10.066026       6.980057       2.800594       1.000000     541.499386       0.000000            0
       191        95.5000       1       1       4.922664       5.143848      10.066512       6.980057       2.779358       1.000000     541.499386       0.000000            0
# Jump frustrated.
       192        96.0000       1       1       4.942699       5.122049      10.064749       6.980057       2.723241       1.000000     541.499386       0.000000            0
# Jump frustrated.
       193        96.5000       1       1       5.152478       4.909668      10.062146       6.980057       2.659971       1.000000     541.499386       0.000000            0
# Jump frustrated.
       194        97.0000       1       1       5.508283       4.550924      10.059207       6.980057       2.615181       1.000000     541.499386       0.000000            0
# Jump frustrated.
       195        97.5000       1       1       5.952400       4.101664      10.054064       6.980058       2.546081       1.000000     541.499386       0.000000            0
# Jump frustrated.
       196        98.0000       1       1       6.408608       3.639324      10.047933       6.980057       2.489336       1.000000     541.499386       0.000000            1
# Jump frustrated.
       197        98.5000       1       1       6.787746       3.254007      10.041753       6.980057       2.500296       1.000000     541.499386       0.000000            0
# Jump frustrated.
       198        99.0000       1       1       6.992455       3.041833      10.034288       6.980057       2.645202       1.000000     541.499386       0.000000            0
# Jump frustrated.
       199        99.5000       1       1       6.974599       3.064462      10.039062       6.980057       2.966760       1.000000     541.499386       0.000000            0
# Jump frustrated.
       200       100.0000       1       1       6.785891       3.258367      10.044258       6.980056       3.237489       1.000000     541.499386       0.000000            0
# Jump frustrated.
       201       100.5000       1       1       6.490322       3.551092      10.041414       6.980056       3.248625       1.000000     541.499386       0.000000            1
# Jump frustrated.
       202       101.0000       1       1       6.105769       3.934956      10.040725       6.980056       3.207657       1.000000     541.499386       0.000000            0
# Jump frustrated.
       203       101.5000       1       1       5.648279       4.396465      10.044744       6.980055       3.484992       1.000000     541.499386       0.000000            0
# Jump frustrated.
       204       102.0000       1       1       5.201654       4.854029      10.055683       6.980053       3.969637       1.000000     541.499386       0.000000            0
       205       102.5000       1       1       4.924730       5.139281      10.064010       6.980053       4.255799       1.000000     541.499386       0.000000            0
# Jump frustrated.
       206       103.0000       1       1       4.936670       5.126824      10.063494       6.980054       4.178186       1.000000     541.499386       0.000000            0
# Jump frustrated.
       207       103.5000       1       1       5.212708       4.838666      10.051374       6.980053       3.705984       1.000000     541.499386       0.000000            1
# Jump frustrated.
       208       104.0000       1       1       5.565549       4.473694      10.039244       6.980052       3.229832       1.000000     541.499386       0.000000            0
# Jump frustrated.
       209       104.5000       1       1       5.796094       4.242213      10.038307       6.980052       3.258038       1.000000     541.499386       0.000000            0
# Jump frustrated.
       210       105.0000       1       1       5.849698       4.194256      10.043954       6.980051       3.589626       1.000000     541.499386       0.000000            0
       211       105.5000       1       1       5.781111       4.269202      10.050313       6.980051       3.889730       1.000000     541.499386       0.000000            0
# Jump frustrated.
       212       106.0000       1       1       5.678314       4.378403      10.056717       6.980051       4.044982       1.000000     541.499386       0.000000            0
# Jump frustrated.
       213       106.5000       1       1       5.627519       4.432588      10.060107       6.980050       4.049168       1.000000     541.499386       0.000000            1
       214       107.0000       1       1       5.682566       4.378403      10.060969       6.980050       3.903612       1.000000     541.499386       0.000000            0
# Jump frustrated.
       215       107.5000       1       1       5.856090       4.203599      10.059688       6.980051       3.623982       1.000000     541.499386       0.000000            0
# Jump frustrated.
       216       108.0000       1       1       6.121075       3.933503      10.054578       6.980052       3.256278       1.000000     541.499386       0.000000            0
# Jump frustrated.
       217       108.5000       1       1       6.406368       3.641193      10.047561       6.980051       2.914248       1.000000     541.499386       0.000000            0
       218       109.0000       1       1       6.618018       3.423206      10.041224       6.980052       2.827769       1.000000     541.499386       0.000000            0
       219       109.5000       1       1       6.681624       3.357810      10.039434       6.980052       3.248359       1.000000     541.499386       0.000000            0
       220       110.0000       1       1       6.607502       3.440230      10.047732       6.980052       4.070959       1.000000     541.499386       0.000000            1
# Jump frustrated.
       221       110.5000       1       1       6.524295       3.534275      10.058570       6.980053       4.877106       1.000000     541.499386       0.000000            0
       222       111.0000       1       1       6.595668       3.467426      10.063095       6.980052       5.361888       1.000000     541.499386       0.000000            0
       223       111.5000       1       1       6.892741       3.162245      10.054986       6.980051       5.335024       1.000000     541.499386       0.000000            0
       224       112.0000       1       1       7.312112       2.728763      10.040875       6.980051       4.863428       1.000000     541.499386       0.000000            0
       225       112.5000       1       1       7.669382       2.367112      10.036494       6.980051       4.500044       1.000000     541.499386       0.000000            0
# Jump frustrated.
       226       113.0000       1       1       7.853708       2.176530      10.030237       6.980051       4.191248       1.000000     541.499386       0.000000            1
# Jump frustrated.
       227       113.5000       1       1       7.772426       2.250645      10.023071       6.980051       4.000264       1.000000     541.499386       0.000000            0
# Jump frustrated.
       228       114.0000       1       1       7.367185       2.666065      10.033251       6.980051       4.416830       1.000000     541.499386       0.000000            0
# Jump frustrated.
       229       114.5000       1       1       6.808862       3.257951      10.066813       6.980052       5.319876       1.000000     541.499386       0.000000            0
# Jump frustrated.
       230       115.0000       1       1       6.499056       3.580364      10.079420       6.980051       5.371212       1.000000     541.499386       0.000000            0
       231       115.5000       1       1       6.555861       3.492754      10.048615       6.980052       4.180554       1.000000     541.499386       0.000000            0
# Jump frustrated.
       232       116.0000       1       1       6.641454       3.390612      10.032066       6.980052       3.020340       1.000000     541.499386       0.000000            0
# Jump frustrated.
       233       116.5000       1       1       6.502058       3.539050      10.041108       6.980051       2.795595       1.000000     541.499386       0.000000            1
       234       117.0000       1       1       6.175337       3.875996      10.051332       6.980051       3.087898       1.000000     541.499386       0.000000            0
       235       117.5000       1       1       5.789783       4.269410      10.059193       6.980051       3.397674       1.000000     541.499386       0.000000            0
# Jump frustrated.
       236       118.0000       1       1       5.437316       4.624001      10.061317       6.980052       3.587217       1.000000     541.499386       0.000000            0
# Jump frustrated.
       237       118.5000       1       1       5.150901       4.909668      10.060569       6.980052       3.702333       1.000000     541.499386       0.000000            0
# Jump frustrated.
       238       119.0000       1       1       4.921265       5.137620      10.058885       6.980053       3.788956       1.000000     541.499386       0.000000            0
       239       119.5000       1       1       4.728816       5.329656      10.058471       6.980054       3.928629       1.000000     541.499386       0.000000            1
# Jump frustrated.
       240       120.0000       1       1       4.581356       5.479755      10.061111       6.980055       4.093012       1.000000     541.499386       0.000000            0
# Jump frustrated.
       241       120.5000       1       1       4.521348       5.540791      10.062140       6.980055       4.087450       1.000000     541.499386       0.000000            0
# Jump frustrated.
       242       121.0000       1       1       4.565440       5.490758      10.056198       6.980056       3.735647       1.000000     541.499386       0.000000            0
# Jump frustrated.
       243       121.5000       1       1       4.646716       5.401695      10.048411       6.980055       3.231728       1.000000     541.499386       0.000000            0
       244       122.0000       1       1       4.683126       5.366610      10.049736       6.980055       3.072033       1.000000     541.499386       0.000000            0
# Jump frustrated.
       245       122.5000       1       1       4.693679       5.364118      10.057797       6.980054       3.333419       1.000000     541.499386       0.000000            1
# Jump frustrated.
       246       123.0000       1       1       4.783008       5.281906      10.064914       6.980054       3.664986       1.000000     541.499386       0.000000            0
       247       123.5000       1       1       5.041348       5.024474      10.065822       6.980053       3.807731       1.000000     541.499386       0.000000            0
       248       124.0000       1       1       5.471266       4.587463      10.058728       6.980052       3.624661       1.000000     541.499386       0.000000            0
# Jump frustrated.
       249       124.5000       1       1       5.977591       4.074260      10.051851       6.980052       3.302743       1.000000     541.499386       0.000000            0
       250       125.0000       1       1       6.451448       3.599256      10.050704       6.980052       3.112052       1.000000     541.499386       0.000000            0
       251       125.5000       1       1       6.846721       3.204181      10.050902       6.980053       3.078561       1.000000     541.499386       0.000000            0
# Jump frustrated.
       252       126.0000       1       1       7.164881       2.885090      10.049971       6.980053       3.005720       1.000000     541.499386       0.000000            1
# Jump frustrated.
       253       126.5000       1       1       7.395695       2.649665      10.045360       6.980052       2.807524       1.000000     541.499386       0.000000            0
# Jump frustrated.
       254       127.0000       1       1       7.498035       2.544408      10.042443       6.980052       2.663453       1.000000     541.499386       0.000000            0
# Jump frustrated.
       255       127.5000       1       1       7.460833       2.589251      10.050084       6.980051       2.916057       1.000000     541.499386       0.000000            0
# Jump frustrated.
       256       128.0000       1       1       7.379148       2.680806      10.059954       6.980051       3.459175       1.000000     541.499386       0.000000            0
       257       128.5000       1       1       7.404245       2.665443      10.069688       6.980050       3.731515       1.000000     541.499386       0.000000            0
# Jump frustrated.
       258       129.0000       1       1       7.604718       2.453477      10.058195       6.980050       3.323270       1.000000     541.499386       0.000000            0
       259       129.5000       1       1       7.842829       2.197083      10.039911       6.980050       2.642723       1.000000     541.499386       0.000000            0
# Jump frustrated.
       260       130.0000       1       1       7.897804       2.138330      10.036134       6.980050       2.538343       1.000000     541.499386       0.000000            1
# Jump frustrated.
       261       130.5000       1       1       7.708072       2.336179      10.044251       6.980050       3.072142       1.000000     541.499386       0.000000            0
# Jump frustrated.
       262       131.0000       1       1       7.372219       2.682051      10.054270       6.980051       3.623480       1.000000     541.499386       0.000000            0
       263       131.5000       1       1       6.999015       3.054705      10.053720       6.980053       3.899155       1.000000     541.499386       0.000000            0
# Jump frustrated.
       264       132.0000       1       1       6.591255       3.457253      10.048509       6.980054       4.022794       1.000000     541.499386       0.000000            0
# Jump frustrated.
       265       132.5000       1       1       6.088159       3.960907      10.049065       6.980055       4.257090       1.000000     541.499386       0.000000            0
# Jump frustrated.
       266       133.0000       1       1       5.490781       4.566494      10.057275       6.980056       4.632430       1.000000     541.499386       0.000000            0
# Jump frustrated.
       267       133.5000       1       1       4.911600       5.154851      10.066451       6.980055       4.911325       1.000000     541.499386       0.000000            0
# Jump frustrated.
       268       134.0000       1       1       4.494744       5.576915      10.071659       6.980054       4.973844       1.000000     541.499386       0.000000            0
# Jump frustrated.
       269       134.5000       1       1       4.312791       5.756702      10.069493       6.980054       4.726647       1.000000     541.499386       0.000000            1
       270       135.0000       1       1       4.333510       5.730128      10.063638       6.980053       4.281600       1.000000     541.499386       0.000000            0
       271       135.5000       1       1       4.468659       5.591032      10.059691       6.980053       3.868363       1.000000     541.499386       0.000000            0
# Jump frustrated.
       272       136.0000       1       1       4.653056       5.406262      10.059318       6.980052       3.611171       1.000000     541.499386       0.000000            0
# Jump frustrated.
       273       136.5000       1       1       4.870611       5.189937      10.060547       6.980052       3.498918       1.000000     541.499386       0.000000            0
# Jump frustrated.
       274       137.0000       1       1       5.129588       4.931051      10.060639       6.980052       3.426210       1.000000     541.499386       0.000000            0
# Jump frustrated.
       275       137.5000       1       1       5.431175       4.628154      10.059328       6.980052       3.343283       1.000000     541.499386       0.000000            1
       276       138.0000       1       1       5.750852       4.303457      10.054309       6.980052       3.243683       1.000000     541.499386       0.000000            0
# Jump frustrated.
       277       138.5000       1       1       6.012563       4.029832      10.042395       6.980052       3.171263       1.000000     541.499386       0.000000            0
# Jump frustrated.
       278       139.0000       1       1       6.081548       3.950942      10.032489       6.980051       3.411633       1.000000     541.499386       0.000000            0
       279       139.5000       1       1       5.892995       4.150036      10.043031       6.980050       4.301866       1.000000     541.499386       0.000000            0
# Jump frustrated.
       280       140.0000       1       1       5.660575       4.415149      10.075725       6.980050       5.439405       1.000000     541.499386       0.000000            0
       281       140.5000       1       1       5.800399       4.281243      10.081642       6.980050       5.663729       1.000000     541.499386       0.000000            1
# Jump frustrated.
       282       141.0000       1       1       6.383926       3.664445      10.048371       6.980050       4.907603       1.000000     541.499386       0.000000            0
# Jump frustrated.
       283       141.5000       1       1       7.013375       3.014429      10.027804       6.980049       4.509400       1.000000     541.499386       0.000000            0
# Jump frustrated.
       284       142.0000       1       1       7.370275       2.659214      10.029489       6.980050       4.831331       1.000000     541.499386       0.000000            0
       285       142.5000       1       1       7.415810       2.621223      10.037033       6.980052       5.311753       1.000000     541.499386       0.000000            0
       286       143.0000       1       1       7.229994       2.815542      10.045536       6.980052       5.559592       1.000000     541.499386       0.000000            0
       287       143.5000       1       1       6.916619       3.137124      10.053743       6.980051       5.514696       1.000000     541.499386       0.000000            0
# Jump frustrated.
       288       144.0000       1       1       6.586830       3.474692      10.061522       6.980051       5.211589       1.000000     541.499386       0.000000            1
# Jump frustrated.
       289       144.5000       1       1       6.344111       3.722159      10.066271       6.980052       4.801131       1.000000     541.499386       0.000000            0
       290       145.0000       1       1       6.250821       3.814544      10.065365       6.980051       4.315349       1.000000     541.499386       0.000000            0
# Jump frustrated.
       291       145.5000       1       1       6.290057       3.769701      10.059758       6.980052       3.787275       1.000000     541.499386       0.000000            0
# Jump frustrated.
       292       146.0000       1       1       6.379550       3.674410      10.053960       6.980052       3.288117       1.000000     541.499386       0.000000            0
# Jump frustrated.
       293       146.5000       1       1       6.433598       3.618771      10.052370       6.980051       2.923650       1.000000     541.499386       0.000000            0
       294       147.0000       1       1       6.416144       3.638701      10.054845       6.980050       2.736311       1.000000     541.499386       0.000000            0
# Jump frustrated.
       295       147.5000       1       1       6.345708       3.712194      10.057902       6.980049       2.716597       1.000000     541.499386       0.000000            1
       296       148.0000       1       1       6.266468       3.793783      10.060252       6.980049       2.729116       1.000000     541.499386       0.000000            0
       297       148.5000       1       1       6.218751       3.843609      10.062360       6.980050       2.741430       1.000000     541.499386       0.000000            0
# Jump frustrated.
       298       149.0000       1       1       6.235266       3.828246      10.063512       6.980051       2.783793       1.000000     541.499386       0.000000            0
# Jump frustrated.
       299       149.5000       1       1       6.333540       3.728595      10.062135       6.980052       2.802627       1.000000     541.499386       0.000000            0
       300       150.0000       1       1       6.494123       3.563548      10.057671       6.980052       2.824813       1.000000     541.499386       0.000000            1
# Jump frustrated.
       301       150.5000       1       1       6.663033       3.391027      10.054060       6.980051       2.947109       1.000000     541.499386       0.000000            0
# Jump frustrated.
       302       151.0000       1       1       6.778886       3.271653      10.050539       6.980051       3.178750       1.000000     541.499386       0.000000            0
# Jump frustrated.
       303       151.5000       1       1       6.780256       3.263972      10.044228       6.980052       3.442888       1.000000     541.499386       0.000000            0
       304       152.0000       1       1       6.585463       3.450195      10.035658       6.980053       3.674006       1.000000     541.499386       0.000000            0
       305       152.5000       1       1       6.097371       3.934333      10.031704       6.980053       4.026209       1.000000     541.499386       0.000000            0
# Jump frustrated.
       306       153.0000       1       1       5.306027       4.737355      10.043382       6.980052       4.803771       1.000000     541.499386       0.000000            1
# Jump frustrated.
       307       153.5000       1       1       4.462584       5.614076      10.076660       6.980052       5.758274       1.000000     541.499386       0.000000            0
       308       154.0000       1       1       4.009530       6.079945      10.089475       6.980051       6.058705       1.000000     541.499386       0.000000            0
       309       154.5000       1       1       4.105473       5.959118      10.064592       6.980051       5.488565       1.000000     541.499386       0.000000            0
# Jump frustrated.
       310       155.0000       1       1       4.451089       5.593316      10.044405       6.980051       4.846709       1.000000     541.499386       0.000000            0
# Jump frustrated.
       311       155.5000       1       1       4.727572       5.316992      10.044564       6.980050       4.555499       1.000000     541.499386       0.000000            0
       312       156.0000       1       1       4.856099       5.193881      10.049980       6.980051       4.354224       1.000000     541.499386       0.000000            0
# Jump frustrated.
       313       156.5000       1       1       4.872471       5.181632      10.054103       6.980050       4.170808       1.000000     541.499386       0.000000            1
# Jump frustrated.
       314       157.0000       1       1       4.828601       5.230627      10.059228       6.980049       4.012344       1.000000     541.499386       0.000000            0
# Jump frustrated.
       315       157.5000       1       1       4.778739       5.282944      10.061683       6.980049       3.860899       1.000000     541.499386       0.000000            0
       316       158.0000       1       1       4.760696       5.302044      10.062740       6.980047       3.701841       1.000000     541.499386       0.000000            0
       317       158.5000       1       1       4.797101       5.266958      10.064060       6.980047       3.512099       1.000000     541.499386       0.000000            0
# Jump frustrated.
       318       159.0000       1       1       4.906981       5.157965      10.064947       6.980047       3.313858       1.000000     541.499386       0.000000            0
# Jump frustrated.
       319       159.5000       1       1       5.107480       4.958040      10.065520       6.980046       3.115895       1.000000     541.499386       0.000000            0
# Jump frustrated.
       320       160.0000       1       1       5.406027       4.658672      10.064698       6.980045       2.911993       1.000000     541.499386       0.000000            1
       321       160.5000       1       1       5.792694       4.269825      10.062519       6.980046       2.691605       1.000000     541.499386       0.000000            0
# Jump frustrated.
       322       161.0000       1       1       6.243720       3.817035      10.060755       6.980046       2.517143       1.000000     541.499386       0.000000            0
# Jump frustrated.
       323       161.5000       1       1       6.724706       3.332897      10.057604       6.980046       2.351719       1.000000     541.499386       0.000000            0
       324       162.0000       1       1       7.188844       2.865783      10.054627       6.980046       2.234697       1.000000     541.499386       0.000000            0
# Jump frustrated.
       325       162.5000       1       1       7.581644       2.468632      10.050276       6.980046       2.203450       1.000000     541.499386       0.000000            0
# Jump frustrated.
       326       163.0000       1       1       7.836372       2.207878      10.044250       6.980047       2.366035       1.000000     541.499386       0.000000            0
# Jump frustrated.
       327       163.5000       1       1       7.878701       2.160129      10.038830       6.980048       2.785668       1.000000     541.499386       0.000000            1
# Jump frustrated.
       328       164.0000       1       1       7.658700       2.381230      10.039930       6.980049       3.454449       1.000000     541.499386       0.000000            0
# Jump frustrated.
       329       164.5000       1       1       7.202070       2.847098      10.049168       6.980051       4.404504       1.000000     541.499386       0.000000            0
       330       165.0000       1       1       6.679449       3.387913      10.067362       6.980055       5.259957       1.000000     541.499386       0.000000            0
       331       165.5000       1       1       6.320023       3.754131      10.074154       6.980057       6.058507       1.000000     541.499386       0.000000            0
       332       166.0000       1       1       6.222655       3.842986      10.065641       6.980057       6.754629       1.000000     541.499386       0.000000            0
# Jump frustrated.
       333       166.5000       1       1       6.318152       3.739598      10.057750       6.980056       7.431006       1.000000     541.499386       0.000000            0
       334       167.0000       1       1       6.499553       3.553998      10.053551       6.980057       7.572312       1.000000     541.499386       0.000000            1
       335       167.5000       1       1       6.697255       3.354281      10.051536       6.980063       7.196140       1.000000     541.499386       0.000000            0
# Jump frustrated.
       336       168.0000       1       1       6.871306       3.179476      10.050782       6.980065       6.462097       1.000000     541.499386       0.000000            0
# Jump frustrated.
       337       168.5000       1       1       6.996854       3.052629      10.049483       6.980064       5.587345       1.000000     541.499386       0.000000            0
       338       169.0000       1       1       7.053677       2.996160      10.049837       6.980062       4.669318       1.000000     541.499386       0.000000            0
# Jump frustrated.
       339       169.5000       1       1       7.035315       3.016505      10.051820       6.980060       3.861189       1.000000     541.499386       0.000000            0
# Jump frustrated.
       340       170.0000       1       1       6.954224       3.098302      10.052526       6.980060       3.262547       1.000000     541.499386       0.000000            0
# Jump frustrated.
       341       170.5000       1       1       6.831704       3.223696      10.055400       6.980060       2.866307       1.000000     541.499386       0.000000            0
# Jump frustrated.
       342       171.0000       1       1       6.692453       3.364869      10.057322       6.980060       2.688170       1.000000     541.499386       0.000000            1
# Jump frustrated.
       343       171.5000       1       1       6.559125       3.499813      10.058937       6.980060       2.724925       1.000000     541.499386       0.000000            0
# Jump frustrated.
       344       172.0000       1       1       6.450722       3.608806      10.059528       6.980060       2.874640       1.000000     541.499386       0.000000            0
       345       172.5000       1       1       6.371069       3.687281      10.058350       6.980058       3.085693       1.000000     541.499386       0.000000            0
       346       173.0000       1       1       6.303872       3.752262      10.056134       6.980058       3.353932       1.000000     541.499386       0.000000            0
       347       173.5000       1       1       6.217561       3.835720      10.053281       6.980058       3.655751       1.000000     541.499386       0.000000            0
# Jump frustrated.
       348       174.0000       1       1       6.071145       3.979176      10.050321       6.980059       3.969631       1.000000     541.499386       0.000000            0
       349       174.5000       1       1       5.823735       4.223736      10.047471       6.980058       4.265918       1.000000     541.499386       0.000000            1
# Jump frustrated.
       350       175.0000       1       1       5.451418       4.596597      10.048016       6.980057       4.709271       1.000000     541.499386       0.000000            0
# Jump frustrated.
       351       175.5000       1       1       4.990028       5.066203      10.056231       6.980057       5.258504       1.000000     541.499386       0.000000            0
       352       176.0000       1       1       4.567360       5.499893      10.067252       6.980059       5.687833       1.000000     541.499386       0.000000            0
       353       176.5000       1       1       4.344646       5.728052      10.072698       6.980060       5.853447       1.000000     541.499386       0.000000            0
# Jump frustrated.
       354       177.0000       1       1       4.400450       5.666808      10.067258       6.980060       5.641849       1.000000     541.499386       0.000000            0
# Jump frustrated.
       355       177.5000       1       1       4.660798       5.394844      10.055642       6.980063       5.161572       1.000000     541.499386       0.000000            1
       356       178.0000       1       1       4.966605       5.082396      10.049001       6.980067       4.596697       1.000000     541.499386       0.000000            0
# Jump frustrated.
       357       178.5000       1       1       5.204090       4.844479      10.048569       6.980068       4.124569       1.000000     541.499386       0.000000            0
       358       179.0000       1       1       5.341829       4.707667      10.049496       6.980069       3.703562       1.000000     541.499386       0.000000            0
# Jump frustrated.
       359       179.5000       1       1       5.384307       4.666768      10.051075       6.980069       3.307420       1.000000     541.499386       0.000000            0
       360       180.0000       1       1       5.353484       4.701231      10.054715       6.980068       3.062424       1.000000     541.499386       0.000000            0
# Jump frustrated.
       361       180.5000       1       1       5.293121       4.765174      10.058295       6.980068       2.972012       1.000000     541.499386       0.000000            0
# Jump frustrated.
       362       181.0000       1       1       5.252886       4.808148      10.061034       6.980069       2.974482       1.000000     541.499386       0.000000            1
# Jump frustrated.
       363       181.5000       1       1       5.273000       4.789879      10.062879       6.980070       3.014465       1.000000     541.499386       0.000000            0
       364       182.0000       1       1       5.379475       4.684207      10.063682       6.980068       3.050759       1.000000     541.499386       0.000000            0
# Jump frustrated.
       365       182.5000       1       1       5.582502       4.480753      10.063255       6.980068       3.047809       1.000000     541.499386       0.000000            0
# Jump frustrated.
       366       183.0000       1       1       5.878553       4.183668      10.062221       6.980067       3.007289       1.000000     541.499386       0.000000            0
# Jump frustrated.
       367       183.5000       1       1       6.252993       3.807278      10.060271       6.980067       2.898571       1.000000     541.499386       0.000000            0
       368       184.0000       1       1       6.670257       3.385629      10.055886       6.980067       2.707677       1.000000     541.499386       0.000000            0
# Jump frustrated.
       369       184.5000       1       1       7.066867       2.983080      10.049947       6.980067       2.479702       1.000000     541.499386       0.000000            0
       370       185.0000       1       1       7.364925       2.679975      10.044900       6.980067       2.321012       1.000000     541.499386       0.000000            1
# Jump frustrated.
       371       185.5000       1       1       7.499336       2.543370      10.042706       6.980066       2.413394       1.000000     541.499386       0.000000            0
# Jump frustrated.
       372       186.0000       1       1       7.461787       2.585514      10.047301       6.980065       2.776725       1.000000     541.499386       0.000000            0
       373       186.5000       1       1       7.330043       2.725233      10.055276       6.980066       3.239801       1.000000     541.499386       0.000000            0
# Jump frustrated.
       374       187.0000       1       1       7.215783       2.842531      10.058314       6.980066       3.533849       1.000000     541.499386       0.000000            0
# Jump frustrated.
       375       187.5000       1       1       7.151944       2.899830      10.051775       6.980068       3.733485       1.000000     541.499386       0.000000            0
# Jump frustrated.
       376       188.0000       1       1       7.072849       2.975399      10.048248       6.980070       4.199906       1.000000     541.499386       0.000000            0
       377       188.5000       1       1       6.929281       3.120101      10.049382       6.980069       4.871880       1.000000     541.499386       0.000000            1
# Jump frustrated.
       378       189.0000       1       1       6.732613       3.319610      10.052224       6.980068       5.607420       1.000000     541.499386       0.000000            0
# Jump frustrated.
       379       189.5000       1       1       6.528990       3.526386      10.055376       6.980068       6.091543       1.000000     541.499386       0.000000            0
# Jump frustrated.
       380       190.0000       1       1       6.365909       3.692264      10.058173       6.980067       6.229705       1.000000     541.499386       0.000000            0
# Jump frustrated.
       381       190.5000       1       1       6.263524       3.793783      10.057308       6.980066       6.056174       1.000000     541.499386       0.000000            0
       382       191.0000       1       1       6.209791       3.845062      10.054853       6.980065       5.592118       1.000000     541.499386       0.000000            0
# Jump frustrated.
       383       191.5000       1       1       6.168210       3.884092      10.052303       6.980065       4.940676       1.000000     541.499386       0.000000            0
# Jump frustrated.
       384       192.0000       1       1       6.105459       3.946374      10.051833       6.980066       4.243661       1.000000     541.499386       0.000000            0
# Jump frustrated.
       385       192.5000       1       1       6.006107       4.046648      10.052755       6.980064       3.628741       1.000000     541.499386       0.000000            0
# Jump frustrated.
       386       193.0000       1       1       5.879725       4.175156      10.054881       6.980063       3.175173       1.000000     541.499386       0.000000            1
       387       193.5000       1       1       5.750551       4.305741      10.056291       6.980063       2.953140       1.000000     541.499386       0.000000            0
# Jump frustrated.
       388       194.0000       1       1       5.647532       4.411620      10.059152       6.980064       2.959331       1.000000     541.499386       0.000000            0
       389       194.5000       1       1       5.609670       4.452311      10.061981       6.980064       3.087376       1.000000     541.499386       0.000000            0
# Jump frustrated.
       390       195.0000       1       1       5.671184       4.389821      10.061006       6.980062       3.177073       1.000000     541.499386       0.000000            0
# Jump frustrated.
       391       195.5000       1       1       5.820158       4.234532      10.054690       6.980060       3.112364       1.000000     541.499386       0.000000            0
       392       196.0000       1       1       5.977857       4.069485      10.047341       6.980060       3.023590       1.000000     541.499386       0.000000            0
# Jump frustrated.
       393       196.5000       1       1       6.050395       3.992255      10.042650       6.980062       3.183206       1.000000     541.499386       0.000000            1
# Jump frustrated.
       394       197.0000       1       1       5.971085       4.064087      10.035172       6.980063       3.881264       1.000000     541.499386       0.000000            0
# Jump frustrated.
       395       197.5000       1       1       5.772830       4.283319      10.056149       6.980062       5.211966       1.000000     541.499386       0.000000            0
# Jump frustrated.
       396       198.0000       1       1       5.753439       4.324010      10.077449       6.980059       5.903521       1.000000     541.499386       0.000000            0
       397       198.5000       1       1       6.135558       3.918555      10.054113       6.980056       5.345871       1.000000     541.499386       0.000000            0
       398       199.0000       1       1       6.655581       3.372342      10.027923       6.980057       4.386729       1.000000     541.499386       0.000000            1
# Jump frustrated.
       399       199.5000       1       1       6.975294       3.059687      10.034981       6.980058       4.052973       1.000000     541.499386       0.000000            0
       400       200.0000       1       1       7.088176       2.959206      10.047382       6.980058       3.948138       1.000000     541.499386       0.000000            0
