#===============================================================================================================================================================================
#     Step |         Time |         State |                                     Energy |      Angular |     Gradient |      Density |           Expectation Value |    Runtime |
#          |              |  diag |   MCH |          kin |          pot |          tot |     Momentum |          RMS |        Total |           DM |            S |            |
#          |         [fs] |       |       |         [eV] |         [eV] |         [eV] |       [hbar] |     [eV/Ang] |              |      [Debye] |              |      [sec] |
#===============================================================================================================================================================================
         0         0.0000       2       2       0.198548      10.086541      10.285090       0.000055       2.756564       1.000000     541.499386       0.000000            4
         1         0.5000       2       2       0.149518      10.136367      10.285885       0.000055       2.769606       1.000000     541.499386       0.000000            2
         2         1.0000       2       2       0.124013      10.162317      10.286330       0.000055       2.700767       1.000000     541.499386       0.000000            0
         3         1.5000       2       2       0.133934      10.153183      10.287117       0.000055       2.568628       1.000000     541.499386       0.000000            0
         4         2.0000       2       2       0.189994      10.097544      10.287539       0.000055       2.383549       1.000000     541.499386       0.000000            0
         5         2.5000       2       2       0.297116       9.990004      10.287120       0.000055       2.141205       1.000000     541.499386       0.000000            0
# Jump frustrated.
         6         3.0000       2       2       0.448975       9.836998      10.285974       0.000055       1.838433       1.000000     541.499386       0.000000            1
         7         3.5000       2       2       0.626843       9.657211      10.284054       0.000055       1.490328       1.000000     541.499386       0.000000            0
# Surface Hop/Pointer State Switch: new state=      1 old state=      2 randnum=  0.220414550 gap= -9.250526 eV
         8         4.0000       1       1      10.057363       0.226690      10.284054       4.894252       0.942036       1.000000     541.499386       0.000000            0
         9         4.5000       1       1       9.619072       0.672836      10.291908       4.894252       2.103852       1.000000     541.499386       0.000000            0
# Jump frustrated.
        10         5.0000       1       1       8.569190       1.752805      10.321995       4.894252       4.035538       1.000000     541.499386       0.000000            0
# Jump frustrated.
        11         5.5000       1       1       7.331962       3.028546      10.360508       4.894252       5.701816       1.000000     541.499386       0.000000            0
# Jump frustrated.
        12         6.0000       1       1       6.450209       3.922915      10.373124       4.894251       6.060450       1.000000     541.499386       0.000000            1
# Jump frustrated.
        13         6.5000       1       1       6.082361       4.263804      10.346165       4.894250       5.089132       1.000000     541.499386       0.000000            0
# Jump frustrated.
        14         7.0000       1       1       5.900327       4.428229      10.328556       4.894250       3.836415       1.000000     541.499386       0.000000            0
# Jump frustrated.
        15         7.5000       1       1       5.610176       4.722822      10.332998       4.894250       3.157124       1.000000     541.499386       0.000000            0
        16         8.0000       1       1       5.192689       5.149868      10.342558       4.894250       3.027278       1.000000     541.499386       0.000000            0
        17         8.5000       1       1       4.750993       5.598714      10.349707       4.894249       3.119004       1.000000     541.499386       0.000000            1
# Jump frustrated.
        18         9.0000       1       1       4.379199       5.974481      10.353680       4.894249       3.246721       1.000000     541.499386       0.000000            0
        19         9.5000       1       1       4.139740       6.216550      10.356291       4.894248       3.337970       1.000000     541.499386       0.000000            0
# Jump frustrated.
        20        10.0000       1       1       4.064958       6.290873      10.355831       4.894248       3.318112       1.000000     541.499386       0.000000            0
# Jump frustrated.
        21        10.5000       1       1       4.140667       6.210530      10.351196       4.894248       3.233704       1.000000     541.499386       0.000000            0
        22        11.0000       1       1       4.307753       6.039047      10.346800       4.894248       3.203387       1.000000     541.499386       0.000000            0
# Jump frustrated.
        23        11.5000       1       1       4.513364       5.833101      10.346465       4.894248       3.368655       1.000000     541.499386       0.000000            1
# Jump frustrated.
        24        12.0000       1       1       4.755207       5.593108      10.348315       4.894247       3.676359       1.000000     541.499386       0.000000            0
# Jump frustrated.
        25        12.5000       1       1       5.062922       5.283775      10.346697       4.894247       3.954159       1.000000     541.499386       0.000000            0
        26        13.0000       1       1       5.426382       4.912159      10.338541       4.894248       4.124592       1.000000     541.499386       0.000000            0
        27        13.5000       1       1       5.802678       4.537637      10.340315       4.894248       4.331132       1.000000     541.499386       0.000000            0
        28        14.0000       1       1       6.231999       4.116196      10.348196       4.894248       4.608572       1.000000     541.499386       0.000000            0
        29        14.5000       1       1       6.813921       3.530331      10.344252       4.894248       4.459888       1.000000     541.499386       0.000000            0
        30        15.0000       1       1       7.453907       2.859347      10.313255       4.894249       3.508400       1.000000     541.499386       0.000000            1
        31        15.5000       1       1       7.793045       2.503302      10.296347       4.894249       2.497122       1.000000     541.499386       0.000000            0
        32        16.0000       1       1       7.561985       2.738313      10.300298       4.894249       2.874240       1.000000     541.499386       0.000000            0
# Jump frustrated.
        33        16.5000       1       1       6.889260       3.448949      10.338209       4.894249       4.330759       1.000000     541.499386       0.000000            0
        34        17.0000       1       1       6.288501       4.079865      10.368367       4.894248       5.162335       1.000000     541.499386       0.000000            0
# Jump frustrated.
        35        17.5000       1       1       6.168574       4.186160      10.354733       4.894248       4.661447       1.000000     541.499386       0.000000            0
# Jump frustrated.
        36        18.0000       1       1       6.374540       3.951564      10.326104       4.894248       3.588401       1.000000     541.499386       0.000000            0
# Jump frustrated.
        37        18.5000       1       1       6.524895       3.799181      10.324076       4.894248       3.368501       1.000000     541.499386       0.000000            1
# Jump frustrated.
        38        19.0000       1       1       6.485987       3.845477      10.331465       4.894247       3.933165       1.000000     541.499386       0.000000            0
        39        19.5000       1       1       6.325736       4.014469      10.340205       4.894247       4.664868       1.000000     541.499386       0.000000            0
# Jump frustrated.
        40        20.0000       1       1       6.156739       4.190104      10.346843       4.894247       5.252873       1.000000     541.499386       0.000000            0
        41        20.5000       1       1       6.066344       4.283527      10.349871       4.894247       5.643900       1.000000     541.499386       0.000000            0
        42        21.0000       1       1       6.108717       4.247196      10.355912       4.894247       5.712734       1.000000     541.499386       0.000000            0
        43        21.5000       1       1       6.317789       4.032323      10.350112       4.894246       5.523888       1.000000     541.499386       0.000000            0
# Jump frustrated.
        44        22.0000       1       1       6.652594       3.691434      10.344027       4.894246       5.285561       1.000000     541.499386       0.000000            1
        45        22.5000       1       1       7.040310       3.302587      10.342897       4.894246       4.783408       1.000000     541.499386       0.000000            0
# Jump frustrated.
        46        23.0000       1       1       7.397825       2.936992      10.334817       4.894246       3.752824       1.000000     541.499386       0.000000            0
        47        23.5000       1       1       7.616596       2.710493      10.327090       4.894246       3.005923       1.000000     541.499386       0.000000            0
# Jump frustrated.
        48        24.0000       1       1       7.631498       2.694508      10.326006       4.894246       2.694179       1.000000     541.499386       0.000000            0
        49        24.5000       1       1       7.453798       2.882807      10.336604       4.894246       3.208352       1.000000     541.499386       0.000000            0
# Jump frustrated.
        50        25.0000       1       1       7.235596       3.114080      10.349676       4.894245       3.946827       1.000000     541.499386       0.000000            0
# Jump frustrated.
        51        25.5000       1       1       7.150079       3.198576      10.348655       4.894245       4.147611       1.000000     541.499386       0.000000            0
# Jump frustrated.
        52        26.0000       1       1       7.169347       3.160169      10.329515       4.894245       3.653007       1.000000     541.499386       0.000000            1
        53        26.5000       1       1       7.058199       3.258782      10.316981       4.894245       3.192432       1.000000     541.499386       0.000000            0
# Jump frustrated.
        54        27.0000       1       1       6.655286       3.671711      10.326997       4.894246       3.429049       1.000000     541.499386       0.000000            0
# Jump frustrated.
        55        27.5000       1       1       6.066114       4.280620      10.346735       4.894246       3.990039       1.000000     541.499386       0.000000            0
# Jump frustrated.
        56        28.0000       1       1       5.538111       4.818944      10.357055       4.894246       4.228339       1.000000     541.499386       0.000000            0
        57        28.5000       1       1       5.204720       5.145301      10.350021       4.894247       3.841318       1.000000     541.499386       0.000000            0
# Jump frustrated.
        58        29.0000       1       1       4.988488       5.351454      10.339942       4.894246       3.293344       1.000000     541.499386       0.000000            0
        59        29.5000       1       1       4.761683       5.577745      10.339428       4.894246       3.047700       1.000000     541.499386       0.000000            1
# Jump frustrated.
        60        30.0000       1       1       4.496279       5.847426      10.343705       4.894246       3.111152       1.000000     541.499386       0.000000            0
# Jump frustrated.
        61        30.5000       1       1       4.241846       6.106519      10.348365       4.894247       3.286587       1.000000     541.499386       0.000000            0
# Jump frustrated.
        62        31.0000       1       1       4.061638       6.289835      10.351473       4.894246       3.411850       1.000000     541.499386       0.000000            0
        63        31.5000       1       1       3.995670       6.356269      10.351939       4.894246       3.504344       1.000000     541.499386       0.000000            0
# Jump frustrated.
        64        32.0000       1       1       4.054916       6.297101      10.352017       4.894246       3.652744       1.000000     541.499386       0.000000            0
        65        32.5000       1       1       4.247043       6.106726      10.353770       4.894246       3.899204       1.000000     541.499386       0.000000            0
# Jump frustrated.
        66        33.0000       1       1       4.598433       5.757740      10.356173       4.894246       4.165418       1.000000     541.499386       0.000000            0
# Jump frustrated.
        67        33.5000       1       1       5.139056       5.216925      10.355981       4.894247       4.309191       1.000000     541.499386       0.000000            1
# Jump frustrated.
        68        34.0000       1       1       5.858765       4.490511      10.349276       4.894247       4.254804       1.000000     541.499386       0.000000            0
# Jump frustrated.
        69        34.5000       1       1       6.666604       3.673995      10.340598       4.894246       3.882762       1.000000     541.499386       0.000000            0
# Jump frustrated.
        70        35.0000       1       1       7.394778       2.929726      10.324504       4.894246       3.315232       1.000000     541.499386       0.000000            0
# Jump frustrated.
        71        35.5000       1       1       7.867395       2.452023      10.319418       4.894246       2.945276       1.000000     541.499386       0.000000            0
# Jump frustrated.
        72        36.0000       1       1       8.022654       2.305453      10.328107       4.894247       3.261151       1.000000     541.499386       0.000000            0
        73        36.5000       1       1       7.981867       2.361092      10.342959       4.894247       3.817358       1.000000     541.499386       0.000000            0
# Jump frustrated.
        74        37.0000       1       1       7.945625       2.405104      10.350729       4.894248       3.992713       1.000000     541.499386       0.000000            1
        75        37.5000       1       1       8.018376       2.326629      10.345006       4.894248       3.570794       1.000000     541.499386       0.000000            0
        76        38.0000       1       1       8.119764       2.211823      10.331586       4.894248       2.790108       1.000000     541.499386       0.000000            0
# Jump frustrated.
        77        38.5000       1       1       8.077370       2.248154      10.325524       4.894248       2.316924       1.000000     541.499386       0.000000            0
        78        39.0000       1       1       7.801914       2.528630      10.330544       4.894248       2.531003       1.000000     541.499386       0.000000            0
        79        39.5000       1       1       7.336979       3.000519      10.337499       4.894248       3.068549       1.000000     541.499386       0.000000            0
# Jump frustrated.
        80        40.0000       1       1       6.791212       3.556074      10.347287       4.894247       3.556984       1.000000     541.499386       0.000000            0
# Jump frustrated.
        81        40.5000       1       1       6.263147       4.084225      10.347371       4.894247       3.998534       1.000000     541.499386       0.000000            1
# Jump frustrated.
        82        41.0000       1       1       5.822825       4.530371      10.353196       4.894247       4.264949       1.000000     541.499386       0.000000            0
        83        41.5000       1       1       5.502599       4.849462      10.352061       4.894247       4.433396       1.000000     541.499386       0.000000            0
# Jump frustrated.
        84        42.0000       1       1       5.303352       5.049179      10.352531       4.894248       4.505759       1.000000     541.499386       0.000000            0
# Jump frustrated.
        85        42.5000       1       1       5.220817       5.130353      10.351170       4.894249       4.522336       1.000000     541.499386       0.000000            0
# Jump frustrated.
        86        43.0000       1       1       5.238867       5.111877      10.350743       4.894249       4.484580       1.000000     541.499386       0.000000            0
# Jump frustrated.
        87        43.5000       1       1       5.343842       5.006828      10.350670       4.894249       4.405129       1.000000     541.499386       0.000000            1
        88        44.0000       1       1       5.555205       4.798806      10.354011       4.894249       4.322483       1.000000     541.499386       0.000000            0
        89        44.5000       1       1       5.913719       4.441515      10.355234       4.894249       4.159949       1.000000     541.499386       0.000000            0
        90        45.0000       1       1       6.411415       3.935371      10.346787       4.894250       3.681841       1.000000     541.499386       0.000000            0
# Jump frustrated.
        91        45.5000       1       1       6.917690       3.410127      10.327817       4.894250       2.890118       1.000000     541.499386       0.000000            0
# Jump frustrated.
        92        46.0000       1       1       7.218624       3.096434      10.315057       4.894250       1.994005       1.000000     541.499386       0.000000            0
# Jump frustrated.
        93        46.5000       1       1       7.126535       3.181967      10.308503       4.894251       1.980353       1.000000     541.499386       0.000000            0
        94        47.0000       1       1       6.588432       3.731502      10.319934       4.894251       3.475046       1.000000     541.499386       0.000000            0
# Jump frustrated.
        95        47.5000       1       1       5.846651       4.512102      10.358753       4.894251       5.228832       1.000000     541.499386       0.000000            1
# Jump frustrated.
        96        48.0000       1       1       5.411438       4.969251      10.380689       4.894252       5.988617       1.000000     541.499386       0.000000            0
# Jump frustrated.
        97        48.5000       1       1       5.546697       4.809602      10.356299       4.894252       5.353510       1.000000     541.499386       0.000000            0
        98        49.0000       1       1       5.966439       4.359719      10.326158       4.894252       3.897164       1.000000     541.499386       0.000000            0
# Jump frustrated.
        99        49.5000       1       1       6.244748       4.074467      10.319215       4.894253       2.649826       1.000000     541.499386       0.000000            0
       100        50.0000       1       1       6.215795       4.111006      10.326801       4.894254       2.117924       1.000000     541.499386       0.000000            0
       101        50.5000       1       1       5.944075       4.394389      10.338464       4.894255       2.190052       1.000000     541.499386       0.000000            0
# Jump frustrated.
       102        51.0000       1       1       5.570172       4.776385      10.346556       4.894254       2.426506       1.000000     541.499386       0.000000            1
       103        51.5000       1       1       5.207140       5.144263      10.351403       4.894254       2.642214       1.000000     541.499386       0.000000            0
# Jump frustrated.
       104        52.0000       1       1       4.922078       5.431383      10.353460       4.894254       2.820470       1.000000     541.499386       0.000000            0
# Jump frustrated.
       105        52.5000       1       1       4.748218       5.606187      10.354405       4.894256       3.002819       1.000000     541.499386       0.000000            0
# Jump frustrated.
       106        53.0000       1       1       4.701887       5.653937      10.355824       4.894256       3.217175       1.000000     541.499386       0.000000            0
       107        53.5000       1       1       4.803845       5.554701      10.358546       4.894255       3.464391       1.000000     541.499386       0.000000            0
       108        54.0000       1       1       5.091192       5.269657      10.360850       4.894255       3.669023       1.000000     541.499386       0.000000            1
# Jump frustrated.
       109        54.5000       1       1       5.587194       4.770364      10.357558       4.894255       3.720565       1.000000     541.499386       0.000000            0
       110        55.0000       1       1       6.251238       4.098134      10.349373       4.894254       3.568358       1.000000     541.499386       0.000000            0
       111        55.5000       1       1       6.982734       3.359471      10.342205       4.894254       3.233415       1.000000     541.499386       0.000000            0
       112        56.0000       1       1       7.658190       2.672501      10.330691       4.894254       2.810534       1.000000     541.499386       0.000000            0
# Jump frustrated.
       113        56.5000       1       1       8.136010       2.182343      10.318353       4.894253       2.409083       1.000000     541.499386       0.000000            0
# Jump frustrated.
       114        57.0000       1       1       8.256559       2.049682      10.306241       4.894253       2.435558       1.000000     541.499386       0.000000            0
# Jump frustrated.
       115        57.5000       1       1       7.910410       2.397215      10.307625       4.894253       3.416939       1.000000     541.499386       0.000000            1
       116        58.0000       1       1       7.232570       3.102662      10.335232       4.894252       4.850961       1.000000     541.499386       0.000000            0
# Jump frustrated.
       117        58.5000       1       1       6.597193       3.762020      10.359213       4.894251       5.920452       1.000000     541.499386       0.000000            0
       118        59.0000       1       1       6.348671       4.011978      10.360649       4.894251       5.862438       1.000000     541.499386       0.000000            0
       119        59.5000       1       1       6.509283       3.833852      10.343135       4.894251       4.958557       1.000000     541.499386       0.000000            0
# Jump frustrated.
       120        60.0000       1       1       6.852905       3.471786      10.324691       4.894250       4.009206       1.000000     541.499386       0.000000            0
# Jump frustrated.
       121        60.5000       1       1       7.126332       3.192140      10.318472       4.894249       3.357539       1.000000     541.499386       0.000000            1
# Jump frustrated.
       122        61.0000       1       1       7.158686       3.163075      10.321761       4.894250       3.180059       1.000000     541.499386       0.000000            0
# Jump frustrated.
       123        61.5000       1       1       6.951027       3.379193      10.330221       4.894250       3.288776       1.000000     541.499386       0.000000            0
# Jump frustrated.
       124        62.0000       1       1       6.596191       3.743958      10.340149       4.894249       3.444443       1.000000     541.499386       0.000000            0
       125        62.5000       1       1       6.209592       4.135711      10.345303       4.894250       3.484900       1.000000     541.499386       0.000000            0
# Jump frustrated.
       126        63.0000       1       1       5.866086       4.481168      10.347254       4.894250       3.415150       1.000000     541.499386       0.000000            0
# Jump frustrated.
       127        63.5000       1       1       5.592274       4.755001      10.347275       4.894250       3.224510       1.000000     541.499386       0.000000            0
# Jump frustrated.
       128        64.0000       1       1       5.374559       4.969043      10.343602       4.894249       2.956046       1.000000     541.499386       0.000000            0
# Jump frustrated.
       129        64.5000       1       1       5.169341       5.171044      10.340386       4.894249       2.690203       1.000000     541.499386       0.000000            1
       130        65.0000       1       1       4.936238       5.403148      10.339386       4.894249       2.606497       1.000000     541.499386       0.000000            0
       131        65.5000       1       1       4.676061       5.667639      10.343699       4.894248       2.903385       1.000000     541.499386       0.000000            0
       132        66.0000       1       1       4.474798       5.880643      10.355441       4.894247       3.499517       1.000000     541.499386       0.000000            0
       133        66.5000       1       1       4.506409       5.859052      10.365461       4.894247       3.923743       1.000000     541.499386       0.000000            0
# Jump frustrated.
       134        67.0000       1       1       4.898328       5.461486      10.359814       4.894247       3.758236       1.000000     541.499386       0.000000            0
# Jump frustrated.
       135        67.5000       1       1       5.577034       4.765797      10.342831       4.894246       3.124270       1.000000     541.499386       0.000000            0
# Jump frustrated.
       136        68.0000       1       1       6.307256       4.020074      10.327331       4.894246       2.406476       1.000000     541.499386       0.000000            1
# Jump frustrated.
       137        68.5000       1       1       6.844000       3.472201      10.316201       4.894246       2.061121       1.000000     541.499386       0.000000            0
# Jump frustrated.
       138        69.0000       1       1       7.019287       3.290338      10.309625       4.894246       2.354082       1.000000     541.499386       0.000000            0
# Jump frustrated.
       139        69.5000       1       1       6.763860       3.548600      10.312460       4.894246       3.359239       1.000000     541.499386       0.000000            0
# Jump frustrated.
       140        70.0000       1       1       6.174797       4.158340      10.333138       4.894248       4.752149       1.000000     541.499386       0.000000            0
# Jump frustrated.
       141        70.5000       1       1       5.577191       4.780537      10.357727       4.894249       5.682306       1.000000     541.499386       0.000000            1
# Jump frustrated.
       142        71.0000       1       1       5.318213       5.043989      10.362202       4.894249       5.730079       1.000000     541.499386       0.000000            0
       143        71.5000       1       1       5.489812       4.862126      10.351938       4.894248       5.130416       1.000000     541.499386       0.000000            0
# Jump frustrated.
       144        72.0000       1       1       5.927102       4.405807      10.332910       4.894249       4.145817       1.000000     541.499386       0.000000            0
       145        72.5000       1       1       6.343764       3.979176      10.322940       4.894250       3.183505       1.000000     541.499386       0.000000            0
# Jump frustrated.
       146        73.0000       1       1       6.540461       3.785687      10.326148       4.894249       2.837816       1.000000     541.499386       0.000000            0
# Jump frustrated.
       147        73.5000       1       1       6.508606       3.825755      10.334361       4.894249       2.965616       1.000000     541.499386       0.000000            0
# Jump frustrated.
       148        74.0000       1       1       6.343861       3.999521      10.343382       4.894249       3.182481       1.000000     541.499386       0.000000            1
# Jump frustrated.
       149        74.5000       1       1       6.151474       4.195917      10.347391       4.894250       3.321962       1.000000     541.499386       0.000000            0
# Jump frustrated.
       150        75.0000       1       1       5.982928       4.363248      10.346176       4.894250       3.404442       1.000000     541.499386       0.000000            0
# Jump frustrated.
       151        75.5000       1       1       5.834774       4.509403      10.344177       4.894250       3.494541       1.000000     541.499386       0.000000            0
       152        76.0000       1       1       5.684578       4.658672      10.343250       4.894251       3.693905       1.000000     541.499386       0.000000            0
# Jump frustrated.
       153        76.5000       1       1       5.535402       4.812093      10.347494       4.894250       4.097098       1.000000     541.499386       0.000000            0
# Jump frustrated.
       154        77.0000       1       1       5.463468       4.895135      10.358604       4.894250       4.644130       1.000000     541.499386       0.000000            0
       155        77.5000       1       1       5.621835       4.745866      10.367702       4.894250       4.987034       1.000000     541.499386       0.000000            1
# Jump frustrated.
       156        78.0000       1       1       6.121267       4.237854      10.359120       4.894250       4.783042       1.000000     541.499386       0.000000            0
       157        78.5000       1       1       6.866216       3.476353      10.342569       4.894251       4.004220       1.000000     541.499386       0.000000            0
# Jump frustrated.
       158        79.0000       1       1       7.615706       2.713192      10.328898       4.894251       2.998463       1.000000     541.499386       0.000000            0
# Jump frustrated.
       159        79.5000       1       1       8.178801       2.145389      10.324190       4.894251       2.239421       1.000000     541.499386       0.000000            0
       160        80.0000       1       1       8.478546       1.848511      10.327057       4.894251       1.964931       1.000000     541.499386       0.000000            0
       161        80.5000       1       1       8.527920       1.803253      10.331174       4.894251       2.197780       1.000000     541.499386       0.000000            0
# Jump frustrated.
       162        81.0000       1       1       8.394165       1.943595      10.337760       4.894252       2.595384       1.000000     541.499386       0.000000            1
# Jump frustrated.
       163        81.5000       1       1       8.169234       2.176322      10.345556       4.894252       2.889737       1.000000     541.499386       0.000000            0
# Jump frustrated.
       164        82.0000       1       1       7.941664       2.406765      10.348429       4.894253       2.883007       1.000000     541.499386       0.000000            0
       165        82.5000       1       1       7.728199       2.614372      10.342570       4.894253       2.587913       1.000000     541.499386       0.000000            0
# Jump frustrated.
       166        83.0000       1       1       7.457887       2.878239      10.336127       4.894253       2.270987       1.000000     541.499386       0.000000            0
# Jump frustrated.
       167        83.5000       1       1       7.046452       3.287639      10.334091       4.894254       2.238841       1.000000     541.499386       0.000000            1
# Jump frustrated.
       168        84.0000       1       1       6.482013       3.858141      10.340155       4.894254       2.461934       1.000000     541.499386       0.000000            0
# Jump frustrated.
       169        84.5000       1       1       5.840189       4.507119      10.347308       4.894253       2.747553       1.000000     541.499386       0.000000            0
# Jump frustrated.
       170        85.0000       1       1       5.228754       5.125579      10.354333       4.894253       2.942218       1.000000     541.499386       0.000000            0
# Jump frustrated.
       171        85.5000       1       1       4.729924       5.626325      10.356250       4.894253       3.013107       1.000000     541.499386       0.000000            0
# Jump frustrated.
       172        86.0000       1       1       4.375419       5.979464      10.354883       4.894253       2.989687       1.000000     541.499386       0.000000            0
       173        86.5000       1       1       4.151861       6.199111      10.350972       4.894253       2.836323       1.000000     541.499386       0.000000            0
# Jump frustrated.
       174        87.0000       1       1       4.005701       6.339453      10.345154       4.894253       2.634685       1.000000     541.499386       0.000000            1
# Jump frustrated.
       175        87.5000       1       1       3.874417       6.469000      10.343416       4.894253       2.623207       1.000000     541.499386       0.000000            0
       176        88.0000       1       1       3.758445       6.591903      10.350348       4.894253       2.999204       1.000000     541.499386       0.000000            0
       177        88.5000       1       1       3.773672       6.588788      10.362460       4.894253       3.523920       1.000000     541.499386       0.000000            0
       178        89.0000       1       1       4.080423       6.282984      10.363407       4.894253       3.626564       1.000000     541.499386       0.000000            0
       179        89.5000       1       1       4.683109       5.664940      10.348049       4.894253       3.097760       1.000000     541.499386       0.000000            0
       180        90.0000       1       1       5.370748       4.960116      10.330864       4.894254       2.447401       1.000000     541.499386       0.000000            0
       181        90.5000       1       1       5.898662       4.426568      10.325230       4.894253       2.240861       1.000000     541.499386       0.000000            1
# Jump frustrated.
       182        91.0000       1       1       6.157457       4.171627      10.329084       4.894253       2.591535       1.000000     541.499386       0.000000            0
       183        91.5000       1       1       6.182775       4.152320      10.335095       4.894253       3.117201       1.000000     541.499386       0.000000            0
# Jump frustrated.
       184        92.0000       1       1       6.088442       4.258614      10.347056       4.894253       3.620858       1.000000     541.499386       0.000000            0
       185        92.5000       1       1       6.035239       4.320896      10.356135       4.894254       3.994831       1.000000     541.499386       0.000000            0
# Jump frustrated.
       186        93.0000       1       1       6.147220       4.207751      10.354971       4.894254       4.050993       1.000000     541.499386       0.000000            0
       187        93.5000       1       1       6.423273       3.925198      10.348471       4.894254       3.768569       1.000000     541.499386       0.000000            1
       188        94.0000       1       1       6.771277       3.571645      10.342921       4.894255       3.352679       1.000000     541.499386       0.000000            0
       189        94.5000       1       1       7.096344       3.240512      10.336856       4.894254       3.043309       1.000000     541.499386       0.000000            0
# Jump frustrated.
       190        95.0000       1       1       7.316860       3.013599      10.330458       4.894254       2.875696       1.000000     541.499386       0.000000            0
       191        95.5000       1       1       7.378153       2.954846      10.332999       4.894255       2.860681       1.000000     541.499386       0.000000            0
# Jump frustrated.
       192        96.0000       1       1       7.312760       3.027923      10.340683       4.894256       3.011144       1.000000     541.499386       0.000000            1
# Jump frustrated.
       193        96.5000       1       1       7.213911       3.132557      10.346468       4.894256       3.240306       1.000000     541.499386       0.000000            0
       194        97.0000       1       1       7.166010       3.184251      10.350261       4.894256       3.429298       1.000000     541.499386       0.000000            0
# Jump frustrated.
       195        97.5000       1       1       7.210532       3.137332      10.347864       4.894256       3.464204       1.000000     541.499386       0.000000            0
# Jump frustrated.
       196        98.0000       1       1       7.321773       3.020657      10.342430       4.894257       3.394910       1.000000     541.499386       0.000000            0
       197        98.5000       1       1       7.427325       2.909588      10.336913       4.894257       3.372748       1.000000     541.499386       0.000000            0
# Jump frustrated.
       198        99.0000       1       1       7.461679       2.876578      10.338257       4.894257       3.566649       1.000000     541.499386       0.000000            1
       199        99.5000       1       1       7.442392       2.905643      10.348035       4.894259       3.889793       1.000000     541.499386       0.000000            0
# Jump frustrated.
       200       100.0000       1       1       7.469640       2.883222      10.352862       4.894259       4.018248       1.000000     541.499386       0.000000            0
# Jump frustrated.
       201       100.5000       1       1       7.581893       2.760734      10.342627       4.894259       3.760415       1.000000     541.499386       0.000000            0
# Jump frustrated.
       202       101.0000       1       1       7.666739       2.664197      10.330936       4.894259       3.295963       1.000000     541.499386       0.000000            0
# Jump frustrated.
       203       101.5000       1       1       7.577868       2.749523      10.327391       4.894260       3.018948       1.000000     541.499386       0.000000            0
       204       102.0000       1       1       7.274256       3.058857      10.333113       4.894260       3.066715       1.000000     541.499386       0.000000            0
# Jump frustrated.
       205       102.5000       1       1       6.842182       3.502304      10.344486       4.894261       3.249171       1.000000     541.499386       0.000000            0
       206       103.0000       1       1       6.419890       3.928728      10.348618       4.894262       3.274060       1.000000     541.499386       0.000000            1
       207       103.5000       1       1       6.074670       4.270033      10.344703       4.894262       3.012890       1.000000     541.499386       0.000000            0
# Jump frustrated.
       208       104.0000       1       1       5.761329       4.578120      10.339450       4.894262       2.745407       1.000000     541.499386       0.000000            0
       209       104.5000       1       1       5.419562       4.923162      10.342724       4.894263       2.862236       1.000000     541.499386       0.000000            0
       210       105.0000       1       1       5.072162       5.276508      10.348670       4.894263       3.172109       1.000000     541.499386       0.000000            0
# Jump frustrated.
       211       105.5000       1       1       4.777245       5.572555      10.349800       4.894262       3.390581       1.000000     541.499386       0.000000            0
       212       106.0000       1       1       4.560455       5.790334      10.350789       4.894262       3.465729       1.000000     541.499386       0.000000            0
# Jump frustrated.
       213       106.5000       1       1       4.419008       5.930469      10.349476       4.894262       3.476370       1.000000     541.499386       0.000000            1
# Jump frustrated.
       214       107.0000       1       1       4.336348       6.012681      10.349029       4.894263       3.509086       1.000000     541.499386       0.000000            0
# Jump frustrated.
       215       107.5000       1       1       4.299531       6.048804      10.348335       4.894262       3.523597       1.000000     541.499386       0.000000            0
       216       108.0000       1       1       4.299325       6.048597      10.347921       4.894262       3.528088       1.000000     541.499386       0.000000            0
# Jump frustrated.
       217       108.5000       1       1       4.326970       6.020570      10.347540       4.894262       3.572511       1.000000     541.499386       0.000000            0
       218       109.0000       1       1       4.381489       5.967007      10.348496       4.894262       3.724467       1.000000     541.499386       0.000000            0
# Jump frustrated.
       219       109.5000       1       1       4.491759       5.861336      10.353095       4.894262       3.989431       1.000000     541.499386       0.000000            0
# Jump frustrated.
       220       110.0000       1       1       4.730890       5.627363      10.358253       4.894263       4.193648       1.000000     541.499386       0.000000            1
# Jump frustrated.
       221       110.5000       1       1       5.167222       5.189314      10.356536       4.894263       4.078802       1.000000     541.499386       0.000000            0
# Jump frustrated.
       222       111.0000       1       1       5.769737       4.574384      10.344120       4.894263       3.595265       1.000000     541.499386       0.000000            0
# Jump frustrated.
       223       111.5000       1       1       6.393492       3.938693      10.332185       4.894262       3.060685       1.000000     541.499386       0.000000            0
# Jump frustrated.
       224       112.0000       1       1       6.893745       3.435040      10.328785       4.894261       2.850633       1.000000     541.499386       0.000000            0
# Jump frustrated.
       225       112.5000       1       1       7.218878       3.112627      10.331505       4.894261       2.952682       1.000000     541.499386       0.000000            1
# Jump frustrated.
       226       113.0000       1       1       7.396611       2.938860      10.335471       4.894261       3.183671       1.000000     541.499386       0.000000            0
# Jump frustrated.
       227       113.5000       1       1       7.483098       2.856233      10.339331       4.894262       3.448351       1.000000     541.499386       0.000000            0
# Jump frustrated.
       228       114.0000       1       1       7.531083       2.810560      10.341643       4.894262       3.626915       1.000000     541.499386       0.000000            0
# Jump frustrated.
       229       114.5000       1       1       7.570727       2.771530      10.342256       4.894263       3.650303       1.000000     541.499386       0.000000            0
# Jump frustrated.
       230       115.0000       1       1       7.601332       2.740389      10.341721       4.894264       3.554700       1.000000     541.499386       0.000000            0
# Jump frustrated.
       231       115.5000       1       1       7.604541       2.736444      10.340985       4.894263       3.372502       1.000000     541.499386       0.000000            0
       232       116.0000       1       1       7.560493       2.779211      10.339704       4.894263       3.133376       1.000000     541.499386       0.000000            0
# Jump frustrated.
       233       116.5000       1       1       7.448016       2.889658      10.337673       4.894262       2.956962       1.000000     541.499386       0.000000            1
# Jump frustrated.
       234       117.0000       1       1       7.256029       3.083147      10.339175       4.894262       2.912688       1.000000     541.499386       0.000000            0
       235       117.5000       1       1       7.003076       3.338710      10.341786       4.894261       3.030786       1.000000     541.499386       0.000000            0
# Jump frustrated.
       236       118.0000       1       1       6.736197       3.610259      10.346457       4.894261       3.304443       1.000000     541.499386       0.000000            0
# Jump frustrated.
       237       118.5000       1       1       6.520153       3.829907      10.350060       4.894261       3.589532       1.000000     541.499386       0.000000            0
       238       119.0000       1       1       6.403476       3.946582      10.350058       4.894261       3.822561       1.000000     541.499386       0.000000            0
# Jump frustrated.
       239       119.5000       1       1       6.399208       3.950319      10.349527       4.894261       3.900341       1.000000     541.499386       0.000000            0
       240       120.0000       1       1       6.498556       3.849007      10.347563       4.894261       3.829237       1.000000     541.499386       0.000000            1
# Jump frustrated.
       241       120.5000       1       1       6.647089       3.688319      10.335408       4.894261       3.563085       1.000000     541.499386       0.000000            0
# Jump frustrated.
       242       121.0000       1       1       6.710195       3.612958      10.323153       4.894261       3.265104       1.000000     541.499386       0.000000            0
       243       121.5000       1       1       6.526507       3.785064      10.311571       4.894261       3.177086       1.000000     541.499386       0.000000            0
# Jump frustrated.
       244       122.0000       1       1       5.993895       4.321519      10.315414       4.894262       3.768991       1.000000     541.499386       0.000000            0
# Jump frustrated.
       245       122.5000       1       1       5.246817       5.096306      10.343123       4.894262       4.732864       1.000000     541.499386       0.000000            0
       246       123.0000       1       1       4.675386       5.687154      10.362540       4.894263       5.150520       1.000000     541.499386       0.000000            1
       247       123.5000       1       1       4.572503       5.787635      10.360139       4.894264       4.920553       1.000000     541.499386       0.000000            0
# Jump frustrated.
       248       124.0000       1       1       4.930572       5.420172      10.350744       4.894265       4.574482       1.000000     541.499386       0.000000            0
# Jump frustrated.
       249       124.5000       1       1       5.570961       4.762683      10.333644       4.894265       4.131658       1.000000     541.499386       0.000000            0
# Jump frustrated.
       250       125.0000       1       1       6.210476       4.103117      10.313593       4.894265       3.262681       1.000000     541.499386       0.000000            0
       251       125.5000       1       1       6.561718       3.748110      10.309828       4.894264       2.377788       1.000000     541.499386       0.000000            0
# Jump frustrated.
       252       126.0000       1       1       6.501853       3.811638      10.313490       4.894264       2.050599       1.000000     541.499386       0.000000            0
# Jump frustrated.
       253       126.5000       1       1       6.094602       4.236400      10.331003       4.894265       2.465021       1.000000     541.499386       0.000000            1
       254       127.0000       1       1       5.548908       4.796938      10.345846       4.894264       3.059781       1.000000     541.499386       0.000000            0
# Jump frustrated.
       255       127.5000       1       1       5.089428       5.265713      10.355141       4.894264       3.360103       1.000000     541.499386       0.000000            0
# Jump frustrated.
       256       128.0000       1       1       4.843824       5.510273      10.354097       4.894263       3.232791       1.000000     541.499386       0.000000            0
       257       128.5000       1       1       4.801757       5.547020      10.348776       4.894263       2.860802       1.000000     541.499386       0.000000            0
       258       129.0000       1       1       4.880778       5.465015      10.345793       4.894263       2.537761       1.000000     541.499386       0.000000            1
# Jump frustrated.
       259       129.5000       1       1       5.022278       5.323635      10.345913       4.894263       2.390557       1.000000     541.499386       0.000000            0
# Jump frustrated.
       260       130.0000       1       1       5.215075       5.132222      10.347296       4.894263       2.376702       1.000000     541.499386       0.000000            0
# Jump frustrated.
       261       130.5000       1       1       5.473270       4.875413      10.348683       4.894263       2.429077       1.000000     541.499386       0.000000            0
# Jump frustrated.
       262       131.0000       1       1       5.812927       4.535561      10.348488       4.894263       2.500268       1.000000     541.499386       0.000000            0
# Jump frustrated.
       263       131.5000       1       1       6.230177       4.115573      10.345750       4.894263       2.521585       1.000000     541.499386       0.000000            0
# Jump frustrated.
       264       132.0000       1       1       6.689486       3.651365      10.340852       4.894263       2.517700       1.000000     541.499386       0.000000            0
       265       132.5000       1       1       7.116575       3.214977      10.331552       4.894263       2.518016       1.000000     541.499386       0.000000            0
# Jump frustrated.
       266       133.0000       1       1       7.407177       2.918515      10.325692       4.894263       2.677141       1.000000     541.499386       0.000000            1
# Jump frustrated.
       267       133.5000       1       1       7.476890       2.846683      10.323573       4.894263       3.181683       1.000000     541.499386       0.000000            0
# Jump frustrated.
       268       134.0000       1       1       7.338487       2.995744      10.334232       4.894262       3.966560       1.000000     541.499386       0.000000            0
# Jump frustrated.
       269       134.5000       1       1       7.153814       3.197123      10.350937       4.894262       4.696494       1.000000     541.499386       0.000000            0
# Jump frustrated.
       270       135.0000       1       1       7.165704       3.194631      10.360335       4.894261       4.896243       1.000000     541.499386       0.000000            0
# Jump frustrated.
       271       135.5000       1       1       7.500061       2.853326      10.353388       4.894260       4.498047       1.000000     541.499386       0.000000            0
       272       136.0000       1       1       8.044828       2.286769      10.331596       4.894260       3.613176       1.000000     541.499386       0.000000            1
       273       136.5000       1       1       8.510511       1.800554      10.311065       4.894259       2.537961       1.000000     541.499386       0.000000            0
       274       137.0000       1       1       8.653590       1.665403      10.318993       4.894258       2.046122       1.000000     541.499386       0.000000            0
       275       137.5000       1       1       8.456182       1.870933      10.327115       4.894258       2.287563       1.000000     541.499386       0.000000            0
# Jump frustrated.
       276       138.0000       1       1       8.008012       2.325176      10.333188       4.894258       2.695461       1.000000     541.499386       0.000000            0
       277       138.5000       1       1       7.400861       2.941974      10.342835       4.894258       3.036837       1.000000     541.499386       0.000000            0
       278       139.0000       1       1       6.747061       3.600710      10.347770       4.894258       3.195495       1.000000     541.499386       0.000000            1
# Jump frustrated.
       279       139.5000       1       1       6.133843       4.217093      10.350936       4.894259       3.247982       1.000000     541.499386       0.000000            0
# Jump frustrated.
       280       140.0000       1       1       5.604796       4.748150      10.352947       4.894259       3.258589       1.000000     541.499386       0.000000            0
       281       140.5000       1       1       5.186002       5.168138      10.354139       4.894258       3.242482       1.000000     541.499386       0.000000            0
# Jump frustrated.
       282       141.0000       1       1       4.892967       5.461278      10.354245       4.894258       3.222250       1.000000     541.499386       0.000000            0
       283       141.5000       1       1       4.730989       5.622796      10.353785       4.894256       3.180272       1.000000     541.499386       0.000000            0
       284       142.0000       1       1       4.693893       5.658504      10.352397       4.894255       3.094482       1.000000     541.499386       0.000000            1
# Jump frustrated.
       285       142.5000       1       1       4.762499       5.587503      10.350002       4.894254       2.936793       1.000000     541.499386       0.000000            0
# Jump frustrated.
       286       143.0000       1       1       4.901129       5.445292      10.346421       4.894255       2.703371       1.000000     541.499386       0.000000            0
       287       143.5000       1       1       5.062302       5.281283      10.343585       4.894255       2.453186       1.000000     541.499386       0.000000            0
# Jump frustrated.
       288       144.0000       1       1       5.200908       5.139281      10.340189       4.894256       2.268977       1.000000     541.499386       0.000000            0
       289       144.5000       1       1       5.272475       5.063089      10.335564       4.894255       2.204152       1.000000     541.499386       0.000000            0
# Jump frustrated.
       290       145.0000       1       1       5.233683       5.099628      10.333311       4.894256       2.284365       1.000000     541.499386       0.000000            0
# Jump frustrated.
       291       145.5000       1       1       5.064324       5.269035      10.333358       4.894257       2.503035       1.000000     541.499386       0.000000            0
# Jump frustrated.
       292       146.0000       1       1       4.790265       5.550134      10.340398       4.894256       2.974660       1.000000     541.499386       0.000000            1
# Jump frustrated.
       293       146.5000       1       1       4.536740       5.819399      10.356139       4.894256       3.614866       1.000000     541.499386       0.000000            0
# Jump frustrated.
       294       147.0000       1       1       4.527769       5.840990      10.368759       4.894257       4.043601       1.000000     541.499386       0.000000            0
# Jump frustrated.
       295       147.5000       1       1       4.919270       5.443216      10.362486       4.894258       3.953032       1.000000     541.499386       0.000000            0
# Jump frustrated.
       296       148.0000       1       1       5.625123       4.717009      10.342132       4.894258       3.416874       1.000000     541.499386       0.000000            0
       297       148.5000       1       1       6.353366       3.971702      10.325068       4.894257       2.672941       1.000000     541.499386       0.000000            0
       298       149.0000       1       1       6.831651       3.491093      10.322744       4.894257       2.349523       1.000000     541.499386       0.000000            1
# Jump frustrated.
       299       149.5000       1       1       6.991773       3.339125      10.330899       4.894257       2.490750       1.000000     541.499386       0.000000            0
# Jump frustrated.
       300       150.0000       1       1       6.906760       3.430265      10.337025       4.894256       2.786239       1.000000     541.499386       0.000000            0
       301       150.5000       1       1       6.681534       3.662991      10.344525       4.894255       3.038569       1.000000     541.499386       0.000000            0
# Jump frustrated.
       302       151.0000       1       1       6.416363       3.933087      10.349451       4.894254       3.193808       1.000000     541.499386       0.000000            0
# Jump frustrated.
       303       151.5000       1       1       6.188042       4.163946      10.351988       4.894253       3.252573       1.000000     541.499386       0.000000            1
       304       152.0000       1       1       6.037552       4.315083      10.352635       4.894252       3.239844       1.000000     541.499386       0.000000            0
# Jump frustrated.
       305       152.5000       1       1       5.979172       4.372798      10.351970       4.894251       3.167983       1.000000     541.499386       0.000000            0
# Jump frustrated.
       306       153.0000       1       1       6.007742       4.343318      10.351060       4.894251       3.098190       1.000000     541.499386       0.000000            0
       307       153.5000       1       1       6.108280       4.241383      10.349663       4.894250       3.084109       1.000000     541.499386       0.000000            0
       308       154.0000       1       1       6.260822       4.086924      10.347745       4.894250       3.186915       1.000000     541.499386       0.000000            0
# Jump frustrated.
       309       154.5000       1       1       6.444910       3.901739      10.346649       4.894250       3.469855       1.000000     541.499386       0.000000            0
# Jump frustrated.
       310       155.0000       1       1       6.655751       3.692679      10.348431       4.894249       3.875388       1.000000     541.499386       0.000000            0
       311       155.5000       1       1       6.909866       3.436908      10.346774       4.894248       4.226013       1.000000     541.499386       0.000000            1
       312       156.0000       1       1       7.187799       3.149996      10.337795       4.894249       4.358164       1.000000     541.499386       0.000000            0
# Jump frustrated.
       313       156.5000       1       1       7.380063       2.942390      10.322453       4.894251       4.430168       1.000000     541.499386       0.000000            0
# Jump frustrated.
       314       157.0000       1       1       7.373150       2.952978      10.326128       4.894251       4.704998       1.000000     541.499386       0.000000            0
# Jump frustrated.
       315       157.5000       1       1       7.239769       3.104738      10.344507       4.894253       5.023433       1.000000     541.499386       0.000000            0
# Jump frustrated.
       316       158.0000       1       1       7.210317       3.140446      10.350763       4.894255       4.864720       1.000000     541.499386       0.000000            0
# Jump frustrated.
       317       158.5000       1       1       7.381928       2.961489      10.343418       4.894256       4.109416       1.000000     541.499386       0.000000            1
# Jump frustrated.
       318       159.0000       1       1       7.571065       2.745579      10.316644       4.894256       3.113885       1.000000     541.499386       0.000000            0
# Jump frustrated.
       319       159.5000       1       1       7.452850       2.852704      10.305554       4.894256       2.736342       1.000000     541.499386       0.000000            0
       320       160.0000       1       1       6.884693       3.435662      10.320356       4.894255       3.687167       1.000000     541.499386       0.000000            0
# Jump frustrated.
       321       160.5000       1       1       6.113465       4.242836      10.356301       4.894255       4.950951       1.000000     541.499386       0.000000            0
# Jump frustrated.
       322       161.0000       1       1       5.597392       4.773270      10.370662       4.894255       5.295665       1.000000     541.499386       0.000000            0
       323       161.5000       1       1       5.531889       4.820605      10.352494       4.894256       4.465708       1.000000     541.499386       0.000000            0
# Jump frustrated.
       324       162.0000       1       1       5.681883       4.651198      10.333081       4.894256       3.226345       1.000000     541.499386       0.000000            1
# Jump frustrated.
       325       162.5000       1       1       5.748143       4.584141      10.332284       4.894258       2.526840       1.000000     541.499386       0.000000            0
       326       163.0000       1       1       5.648760       4.691474      10.340234       4.894258       2.500280       1.000000     541.499386       0.000000            0
       327       163.5000       1       1       5.452984       4.894097      10.347081       4.894259       2.702806       1.000000     541.499386       0.000000            0
       328       164.0000       1       1       5.240095       5.109178      10.349273       4.894259       2.924492       1.000000     541.499386       0.000000            0
# Jump frustrated.
       329       164.5000       1       1       5.056411       5.296023      10.352434       4.894258       3.204563       1.000000     541.499386       0.000000            0
       330       165.0000       1       1       4.952497       5.404394      10.356891       4.894258       3.523090       1.000000     541.499386       0.000000            1
# Jump frustrated.
       331       165.5000       1       1       5.000231       5.361004      10.361235       4.894258       3.721511       1.000000     541.499386       0.000000            0
# Jump frustrated.
       332       166.0000       1       1       5.255606       5.104403      10.360008       4.894258       3.653895       1.000000     541.499386       0.000000            0
# Jump frustrated.
       333       166.5000       1       1       5.685577       4.661371      10.346948       4.894258       3.291317       1.000000     541.499386       0.000000            0
# Jump frustrated.
       334       167.0000       1       1       6.112148       4.214602      10.326750       4.894258       2.717510       1.000000     541.499386       0.000000            0
# Jump frustrated.
       335       167.5000       1       1       6.267715       4.040627      10.308343       4.894259       2.404221       1.000000     541.499386       0.000000            0
# Jump frustrated.
       336       168.0000       1       1       5.918335       4.384424      10.302759       4.894259       3.027353       1.000000     541.499386       0.000000            0
# Jump frustrated.
       337       168.5000       1       1       5.118549       5.219209      10.337758       4.894258       4.331385       1.000000     541.499386       0.000000            0
       338       169.0000       1       1       4.342283       6.035725      10.378008       4.894256       5.519774       1.000000     541.499386       0.000000            1
# Jump frustrated.
       339       169.5000       1       1       4.182837       6.211983      10.394820       4.894257       5.983317       1.000000     541.499386       0.000000            0
# Jump frustrated.
       340       170.0000       1       1       4.868127       5.500100      10.368228       4.894258       5.473879       1.000000     541.499386       0.000000            0
# Jump frustrated.
       341       170.5000       1       1       6.034130       4.288302      10.322432       4.894259       4.378267       1.000000     541.499386       0.000000            0
# Jump frustrated.
       342       171.0000       1       1       7.072114       3.226603      10.298716       4.894260       3.325139       1.000000     541.499386       0.000000            0
       343       171.5000       1       1       7.585489       2.717137      10.302625       4.894260       2.810681       1.000000     541.499386       0.000000            0
       344       172.0000       1       1       7.547798       2.766962      10.314761       4.894258       2.875170       1.000000     541.499386       0.000000            1
       345       172.5000       1       1       7.116012       3.209579      10.325592       4.894257       3.460429       1.000000     541.499386       0.000000            0
       346       173.0000       1       1       6.513046       3.834267      10.347313       4.894258       4.417176       1.000000     541.499386       0.000000            0
       347       173.5000       1       1       6.083049       4.282489      10.365538       4.894258       5.046870       1.000000     541.499386       0.000000            0
       348       174.0000       1       1       6.069666       4.288925      10.358590       4.894258       4.876225       1.000000     541.499386       0.000000            0
       349       174.5000       1       1       6.382925       3.955301      10.338226       4.894256       4.072314       1.000000     541.499386       0.000000            0
       350       175.0000       1       1       6.750874       3.579741      10.330615       4.894256       3.267184       1.000000     541.499386       0.000000            1
# Jump frustrated.
       351       175.5000       1       1       6.996579       3.334558      10.331137       4.894255       2.884244       1.000000     541.499386       0.000000            0
# Jump frustrated.
       352       176.0000       1       1       7.119720       3.219959      10.339679       4.894254       2.798796       1.000000     541.499386       0.000000            0
       353       176.5000       1       1       7.196662       3.144598      10.341260       4.894253       2.729350       1.000000     541.499386       0.000000            0
# Jump frustrated.
       354       177.0000       1       1       7.262747       3.077749      10.340496       4.894252       2.627037       1.000000     541.499386       0.000000            0
# Jump frustrated.
       355       177.5000       1       1       7.314340       3.025225      10.339565       4.894252       2.526292       1.000000     541.499386       0.000000            0
# Jump frustrated.
       356       178.0000       1       1       7.327694       3.007370      10.335065       4.894253       2.434772       1.000000     541.499386       0.000000            0
# Jump frustrated.
       357       178.5000       1       1       7.240721       3.085430      10.326151       4.894252       2.435844       1.000000     541.499386       0.000000            0
# Jump frustrated.
       358       179.0000       1       1       6.951938       3.368190      10.320129       4.894252       2.771068       1.000000     541.499386       0.000000            1
# Jump frustrated.
       359       179.5000       1       1       6.430906       3.899870      10.330776       4.894252       3.703877       1.000000     541.499386       0.000000            0
       360       180.0000       1       1       5.871247       4.488434      10.359681       4.894254       4.819010       1.000000     541.499386       0.000000            0
# Jump frustrated.
       361       180.5000       1       1       5.649623       4.727182      10.376805       4.894255       5.320514       1.000000     541.499386       0.000000            0
# Jump frustrated.
       362       181.0000       1       1       5.965959       4.391275      10.357234       4.894257       4.881163       1.000000     541.499386       0.000000            0
# Jump frustrated.
       363       181.5000       1       1       6.564174       3.758283      10.322457       4.894256       3.724726       1.000000     541.499386       0.000000            0
# Jump frustrated.
       364       182.0000       1       1       6.968088       3.334973      10.303062       4.894257       2.772871       1.000000     541.499386       0.000000            0
# Jump frustrated.
       365       182.5000       1       1       6.864010       3.435455      10.299465       4.894258       2.755819       1.000000     541.499386       0.000000            1
# Jump frustrated.
       366       183.0000       1       1       6.220494       4.096681      10.317175       4.894257       3.761420       1.000000     541.499386       0.000000            0
# Jump frustrated.
       367       183.5000       1       1       5.350599       5.006620      10.357219       4.894258       5.017667       1.000000     541.499386       0.000000            0
# Jump frustrated.
       368       184.0000       1       1       4.788985       5.588956      10.377941       4.894259       5.463091       1.000000     541.499386       0.000000            0
# Jump frustrated.
       369       184.5000       1       1       4.808764       5.550341      10.359106       4.894259       4.812999       1.000000     541.499386       0.000000            0
       370       185.0000       1       1       5.170219       5.160249      10.330468       4.894259       3.634155       1.000000     541.499386       0.000000            0
       371       185.5000       1       1       5.468552       4.854237      10.322789       4.894259       2.910466       1.000000     541.499386       0.000000            1
# Jump frustrated.
       372       186.0000       1       1       5.528522       4.802335      10.330857       4.894259       2.931200       1.000000     541.499386       0.000000            0
       373       186.5000       1       1       5.408702       4.932712      10.341415       4.894258       3.279935       1.000000     541.499386       0.000000            0
# Jump frustrated.
       374       187.0000       1       1       5.236191       5.111877      10.348068       4.894258       3.648441       1.000000     541.499386       0.000000            0
# Jump frustrated.
       375       187.5000       1       1       5.111254       5.241215      10.352469       4.894258       3.960876       1.000000     541.499386       0.000000            0
       376       188.0000       1       1       5.100079       5.254917      10.354996       4.894258       4.178109       1.000000     541.499386       0.000000            0
# Jump frustrated.
       377       188.5000       1       1       5.232308       5.121219      10.353527       4.894259       4.280051       1.000000     541.499386       0.000000            1
# Jump frustrated.
       378       189.0000       1       1       5.485798       4.861296      10.347094       4.894260       4.235999       1.000000     541.499386       0.000000            0
# Jump frustrated.
       379       189.5000       1       1       5.774213       4.561512      10.335725       4.894261       4.052386       1.000000     541.499386       0.000000            0
# Jump frustrated.
       380       190.0000       1       1       5.962578       4.365532      10.328109       4.894261       3.938155       1.000000     541.499386       0.000000            0
       381       190.5000       1       1       5.992103       4.346016      10.338120       4.894262       4.238476       1.000000     541.499386       0.000000            0
# Jump frustrated.
       382       191.0000       1       1       6.031851       4.330861      10.362712       4.894263       4.853606       1.000000     541.499386       0.000000            0
# Jump frustrated.
       383       191.5000       1       1       6.426938       3.952395      10.379332       4.894262       5.139549       1.000000     541.499386       0.000000            1
       384       192.0000       1       1       7.363052       2.993253      10.356306       4.894261       4.639823       1.000000     541.499386       0.000000            0
       385       192.5000       1       1       8.570018       1.754673      10.324692       4.894261       3.459386       1.000000     541.499386       0.000000            0
# Jump frustrated.
       386       193.0000       1       1       9.499233       0.789096      10.288329       4.894261       2.083629       1.000000     541.499386       0.000000            0
# Jump frustrated.
       387       193.5000       1       1       9.781259       0.513602      10.294862       4.894261       1.157623       1.000000     541.499386       0.000000            0
# Jump frustrated.
       388       194.0000       1       1       9.367929       0.930684      10.298613       4.894262       1.822150       1.000000     541.499386       0.000000            0
       389       194.5000       1       1       8.406730       1.915568      10.322298       4.894261       3.409302       1.000000     541.499386       0.000000            0
       390       195.0000       1       1       7.290690       3.074635      10.365325       4.894262       4.940324       1.000000     541.499386       0.000000            1
# Jump frustrated.
       391       195.5000       1       1       6.570222       3.809562      10.379784       4.894263       5.473712       1.000000     541.499386       0.000000            0
# Jump frustrated.
       392       196.0000       1       1       6.433196       3.913157      10.346353       4.894263       4.673090       1.000000     541.499386       0.000000            0
       393       196.5000       1       1       6.490881       3.829907      10.320788       4.894261       3.443782       1.000000     541.499386       0.000000            0
# Jump frustrated.
       394       197.0000       1       1       6.353387       3.970457      10.323843       4.894260       2.873260       1.000000     541.499386       0.000000            0
# Jump frustrated.
       395       197.5000       1       1       5.990736       4.345809      10.336545       4.894260       2.889175       1.000000     541.499386       0.000000            0
# Jump frustrated.
       396       198.0000       1       1       5.540464       4.806903      10.347367       4.894260       3.041792       1.000000     541.499386       0.000000            1
# Jump frustrated.
       397       198.5000       1       1       5.148188       5.206130      10.354318       4.894260       3.175120       1.000000     541.499386       0.000000            0
       398       199.0000       1       1       4.905209       5.450067      10.355276       4.894260       3.214498       1.000000     541.499386       0.000000            0
# Jump frustrated.
       399       199.5000       1       1       4.831037       5.521899      10.352936       4.894259       3.176816       1.000000     541.499386       0.000000            0
# Jump frustrated.
       400       200.0000       1       1       4.896133       5.454012      10.350144       4.894257       3.092890       1.000000     541.499386       0.000000            0
