#===============================================================================================================================================================================
#     Step |         Time |         State |                                     Energy |      Angular |     Gradient |      Density |           Expectation Value |    Runtime |
#          |              |  diag |   MCH |          kin |          pot |          tot |     Momentum |          RMS |        Total |           DM |            S |            |
#          |         [fs] |       |       |         [eV] |         [eV] |         [eV] |       [hbar] |     [eV/Ang] |              |      [Debye] |              |      [sec] |
#===============================================================================================================================================================================
         0         0.0000       2       2       0.099989      10.565904      10.665893       0.000241       3.856783       1.000000     541.499386       0.000000            3
# Jump frustrated.
         1         0.5000       2       2       0.067351      10.598706      10.666057       0.000241       3.820025       1.000000     541.499386       0.000000            2
         2         1.0000       2       2       0.096780      10.568603      10.665383       0.000241       3.705728       1.000000     541.499386       0.000000            1
         3         1.5000       2       2       0.181843      10.483069      10.664913       0.000241       3.516620       1.000000     541.499386       0.000000            0
         4         2.0000       2       2       0.311188      10.352693      10.663881       0.000241       3.225387       1.000000     541.499386       0.000000            0
# Jump frustrated.
         5         2.5000       2       2       0.469214      10.193458      10.662673       0.000241       2.823532       1.000000     541.499386       0.000000            0
         6         3.0000       2       2       0.638515      10.023014      10.661528       0.000241       2.343793       1.000000     541.499386       0.000000            0
         7         3.5000       2       2       0.803769       9.856928      10.660697       0.000241       1.845264       1.000000     541.499386       0.000000            0
         8         4.0000       2       2       0.955649       9.705168      10.660817       0.000241       1.423652       1.000000     541.499386       0.000000            0
# Surface Hop/Pointer State Switch: new state=      1 old state=      2 randnum=  0.050349397 gap= -9.199040 eV
         9         4.5000       1       1      10.291501       0.369316      10.660817       8.754295       1.460274       1.000000     541.499386       0.000000            1
# Surface Hop/Pointer State Switch: new state=      2 old state=      1 randnum=  0.875935611 gap=  8.896142 eV
        10         5.0000       2       2       1.118412       9.542405      10.660817       0.972025       1.830787       1.000000     541.499386       0.000000            0
# Surface Hop/Pointer State Switch: new state=      1 old state=      2 randnum=  0.142461544 gap= -8.668190 eV
        11         5.5000       1       1       9.883555       0.777262      10.660817       8.862190       2.557023       1.000000     541.499386       0.000000            0
# Jump frustrated.
        12         6.0000       1       1       9.095299       1.589419      10.684718       8.862190       4.047801       1.000000     541.499386       0.000000            0
        13         6.5000       1       1       8.178912       2.525931      10.704843       8.862190       5.053271       1.000000     541.499386       0.000000            0
        14         7.0000       1       1       7.436958       3.267501      10.704459       8.862190       5.119099       1.000000     541.499386       0.000000            0
# Jump frustrated.
        15         7.5000       1       1       6.899788       3.792953      10.692741       8.862190       4.486228       1.000000     541.499386       0.000000            1
# Jump frustrated.
        16         8.0000       1       1       6.411809       4.275015      10.686824       8.862191       3.803098       1.000000     541.499386       0.000000            0
        17         8.5000       1       1       5.873853       4.816660      10.690513       8.862191       3.399782       1.000000     541.499386       0.000000            0
# Jump frustrated.
        18         9.0000       1       1       5.302808       5.393598      10.696406       8.862191       3.316917       1.000000     541.499386       0.000000            0
# Jump frustrated.
        19         9.5000       1       1       4.769087       5.932960      10.702047       8.862191       3.396629       1.000000     541.499386       0.000000            0
# Jump frustrated.
        20        10.0000       1       1       4.352712       6.353778      10.706490       8.862190       3.514479       1.000000     541.499386       0.000000            0
        21        10.5000       1       1       4.113679       6.593979      10.707658       8.862190       3.586922       1.000000     541.499386       0.000000            0
# Jump frustrated.
        22        11.0000       1       1       4.071946       6.634254      10.706200       8.862191       3.572145       1.000000     541.499386       0.000000            1
        23        11.5000       1       1       4.208884       6.493912      10.702797       8.862191       3.481489       1.000000     541.499386       0.000000            0
# Jump frustrated.
        24        12.0000       1       1       4.473096       6.224439      10.697535       8.862190       3.349764       1.000000     541.499386       0.000000            0
# Jump frustrated.
        25        12.5000       1       1       4.784391       5.906386      10.690777       8.862190       3.257966       1.000000     541.499386       0.000000            0
# Jump frustrated.
        26        13.0000       1       1       5.050548       5.634007      10.684555       8.862191       3.387718       1.000000     541.499386       0.000000            0
        27        13.5000       1       1       5.215352       5.471036      10.686387       8.862190       3.897424       1.000000     541.499386       0.000000            0
        28        14.0000       1       1       5.341336       5.358305      10.699641       8.862190       4.616788       1.000000     541.499386       0.000000            1
# Jump frustrated.
        29        14.5000       1       1       5.624110       5.086756      10.710867       8.862191       5.079276       1.000000     541.499386       0.000000            0
# Jump frustrated.
        30        15.0000       1       1       6.205845       4.493002      10.698847       8.862191       4.838111       1.000000     541.499386       0.000000            0
# Jump frustrated.
        31        15.5000       1       1       6.942179       3.728595      10.670774       8.862191       3.867853       1.000000     541.499386       0.000000            0
# Jump frustrated.
        32        16.0000       1       1       7.477876       3.175324      10.653200       8.862191       3.142897       1.000000     541.499386       0.000000            0
# Jump frustrated.
        33        16.5000       1       1       7.603163       3.062179      10.665341       8.862191       3.621126       1.000000     541.499386       0.000000            0
# Jump frustrated.
        34        17.0000       1       1       7.478729       3.213108      10.691837       8.862192       4.415973       1.000000     541.499386       0.000000            0
# Jump frustrated.
        35        17.5000       1       1       7.427295       3.267501      10.694797       8.862193       4.306430       1.000000     541.499386       0.000000            0
        36        18.0000       1       1       7.481763       3.192555      10.674318       8.862193       3.475125       1.000000     541.499386       0.000000            1
        37        18.5000       1       1       7.393919       3.272069      10.665988       8.862194       3.204300       1.000000     541.499386       0.000000            0
# Jump frustrated.
        38        19.0000       1       1       7.021651       3.653234      10.674885       8.862194       3.956900       1.000000     541.499386       0.000000            0
        39        19.5000       1       1       6.446834       4.240552      10.687387       8.862194       5.147952       1.000000     541.499386       0.000000            0
        40        20.0000       1       1       5.847929       4.851123      10.699052       8.862194       6.265511       1.000000     541.499386       0.000000            0
# Jump frustrated.
        41        20.5000       1       1       5.392717       5.313878      10.706594       8.862194       7.161434       1.000000     541.499386       0.000000            0
# Jump frustrated.
        42        21.0000       1       1       5.200476       5.510273      10.710750       8.862194       7.701414       1.000000     541.499386       0.000000            0
# Jump frustrated.
        43        21.5000       1       1       5.332710       5.376990      10.709700       8.862195       7.705869       1.000000     541.499386       0.000000            1
        44        22.0000       1       1       5.772610       4.930429      10.703038       8.862195       7.188475       1.000000     541.499386       0.000000            0
        45        22.5000       1       1       6.425226       4.268579      10.693805       8.862196       6.377041       1.000000     541.499386       0.000000            0
        46        23.0000       1       1       7.174396       3.515383      10.689779       8.862196       5.627351       1.000000     541.499386       0.000000            0
        47        23.5000       1       1       7.932159       2.749316      10.681475       8.862195       4.903303       1.000000     541.499386       0.000000            0
# Jump frustrated.
        48        24.0000       1       1       8.534193       2.120268      10.654461       8.862195       3.817883       1.000000     541.499386       0.000000            0
# Jump frustrated.
        49        24.5000       1       1       8.795090       1.864912      10.660002       8.862195       3.119114       1.000000     541.499386       0.000000            1
        50        25.0000       1       1       8.716712       1.952315      10.669027       8.862196       3.202302       1.000000     541.499386       0.000000            0
        51        25.5000       1       1       8.433654       2.243171      10.676825       8.862196       3.632304       1.000000     541.499386       0.000000            0
# Jump frustrated.
        52        26.0000       1       1       8.054408       2.626205      10.680613       8.862196       4.025499       1.000000     541.499386       0.000000            0
        53        26.5000       1       1       7.642226       3.043286      10.685512       8.862196       4.368119       1.000000     541.499386       0.000000            0
# Jump frustrated.
        54        27.0000       1       1       7.275141       3.418016      10.693157       8.862196       4.597869       1.000000     541.499386       0.000000            0
# Jump frustrated.
        55        27.5000       1       1       7.023109       3.668804      10.691914       8.862197       4.423775       1.000000     541.499386       0.000000            0
# Jump frustrated.
        56        28.0000       1       1       6.849531       3.832606      10.682137       8.862197       3.864887       1.000000     541.499386       0.000000            0
# Jump frustrated.
        57        28.5000       1       1       6.618072       4.057236      10.675308       8.862197       3.309667       1.000000     541.499386       0.000000            1
# Jump frustrated.
        58        29.0000       1       1       6.224900       4.452726      10.677626       8.862197       3.056059       1.000000     541.499386       0.000000            0
# Jump frustrated.
        59        29.5000       1       1       5.679430       5.004752      10.684182       8.862197       3.123266       1.000000     541.499386       0.000000            0
# Jump frustrated.
        60        30.0000       1       1       5.069581       5.622381      10.691961       8.862196       3.318697       1.000000     541.499386       0.000000            0
        61        30.5000       1       1       4.497767       6.200357      10.698124       8.862196       3.540634       1.000000     541.499386       0.000000            0
# Jump frustrated.
        62        31.0000       1       1       4.053584       6.648579      10.702163       8.862196       3.694617       1.000000     541.499386       0.000000            0
# Jump frustrated.
        63        31.5000       1       1       3.799777       6.904143      10.703920       8.862195       3.762350       1.000000     541.499386       0.000000            1
        64        32.0000       1       1       3.766319       6.937982      10.704302       8.862196       3.787915       1.000000     541.499386       0.000000            0
# Jump frustrated.
        65        32.5000       1       1       3.960413       6.743040      10.703453       8.862197       3.775714       1.000000     541.499386       0.000000            0
        66        33.0000       1       1       4.370543       6.330941      10.701485       8.862198       3.712173       1.000000     541.499386       0.000000            0
# Jump frustrated.
        67        33.5000       1       1       4.960522       5.736564      10.697087       8.862197       3.570508       1.000000     541.499386       0.000000            0
# Jump frustrated.
        68        34.0000       1       1       5.666041       5.024682      10.690723       8.862196       3.422053       1.000000     541.499386       0.000000            0
# Jump frustrated.
        69        34.5000       1       1       6.388598       4.292039      10.680636       8.862196       3.200223       1.000000     541.499386       0.000000            1
# Jump frustrated.
        70        35.0000       1       1       7.004554       3.668804      10.673358       8.862195       2.979928       1.000000     541.499386       0.000000            0
# Jump frustrated.
        71        35.5000       1       1       7.392398       3.271861      10.664259       8.862195       2.856009       1.000000     541.499386       0.000000            0
# Jump frustrated.
        72        36.0000       1       1       7.464665       3.200444      10.665110       8.862194       3.060138       1.000000     541.499386       0.000000            0
        73        36.5000       1       1       7.273874       3.409296      10.683170       8.862194       3.711038       1.000000     541.499386       0.000000            0
        74        37.0000       1       1       7.087812       3.621263      10.709074       8.862194       4.428969       1.000000     541.499386       0.000000            0
# Jump frustrated.
        75        37.5000       1       1       7.242210       3.471578      10.713788       8.862194       4.539183       1.000000     541.499386       0.000000            0
# Jump frustrated.
        76        38.0000       1       1       7.785657       2.899207      10.684865       8.862194       3.671826       1.000000     541.499386       0.000000            1
        77        38.5000       1       1       8.371256       2.287599      10.658855       8.862194       2.335304       1.000000     541.499386       0.000000            0
# Jump frustrated.
        78        39.0000       1       1       8.623759       2.030582      10.654342       8.862195       1.601646       1.000000     541.499386       0.000000            0
# Jump frustrated.
        79        39.5000       1       1       8.436989       2.228431      10.665420       8.862195       2.064150       1.000000     541.499386       0.000000            0
        80        40.0000       1       1       7.916030       2.761149      10.677179       8.862194       2.871114       1.000000     541.499386       0.000000            0
# Jump frustrated.
        81        40.5000       1       1       7.217226       3.468257      10.685483       8.862194       3.632313       1.000000     541.499386       0.000000            0
# Jump frustrated.
        82        41.0000       1       1       6.482265       4.209827      10.692092       8.862194       4.235947       1.000000     541.499386       0.000000            0
        83        41.5000       1       1       5.820296       4.877696      10.697993       8.862194       4.748000       1.000000     541.499386       0.000000            1
# Jump frustrated.
        84        42.0000       1       1       5.302746       5.396505      10.699251       8.862194       5.141978       1.000000     541.499386       0.000000            0
        85        42.5000       1       1       4.962240       5.737810      10.700050       8.862194       5.472388       1.000000     541.499386       0.000000            0
# Jump frustrated.
        86        43.0000       1       1       4.807558       5.892477      10.700035       8.862194       5.686633       1.000000     541.499386       0.000000            0
        87        43.5000       1       1       4.839423       5.860505      10.699928       8.862193       5.746947       1.000000     541.499386       0.000000            0
# Jump frustrated.
        88        44.0000       1       1       5.054076       5.645010      10.699085       8.862193       5.605928       1.000000     541.499386       0.000000            0
# Jump frustrated.
        89        44.5000       1       1       5.434663       5.261353      10.696016       8.862193       5.270738       1.000000     541.499386       0.000000            0
        90        45.0000       1       1       5.934686       4.755624      10.690310       8.862193       4.804183       1.000000     541.499386       0.000000            1
        91        45.5000       1       1       6.487041       4.198616      10.685657       8.862193       4.255204       1.000000     541.499386       0.000000            0
# Jump frustrated.
        92        46.0000       1       1       7.012075       3.666106      10.678181       8.862193       3.534653       1.000000     541.499386       0.000000            0
        93        46.5000       1       1       7.396516       3.270615      10.667132       8.862193       2.786663       1.000000     541.499386       0.000000            0
# Jump frustrated.
        94        47.0000       1       1       7.508396       3.150411      10.658807       8.862193       2.124697       1.000000     541.499386       0.000000            0
# Jump frustrated.
        95        47.5000       1       1       7.243419       3.413241      10.656660       8.862192       2.372174       1.000000     541.499386       0.000000            0
# Jump frustrated.
        96        48.0000       1       1       6.619910       4.051008      10.670918       8.862192       3.934969       1.000000     541.499386       0.000000            0
# Jump frustrated.
        97        48.5000       1       1       5.955127       4.758115      10.713242       8.862191       5.657255       1.000000     541.499386       0.000000            1
        98        49.0000       1       1       5.779969       4.945584      10.725553       8.862191       6.284605       1.000000     541.499386       0.000000            0
# Jump frustrated.
        99        49.5000       1       1       6.252556       4.437571      10.690127       8.862191       5.542833       1.000000     541.499386       0.000000            0
       100        50.0000       1       1       6.917242       3.739391      10.656632       8.862190       4.020702       1.000000     541.499386       0.000000            0
# Jump frustrated.
       101        50.5000       1       1       7.275417       3.384384      10.659801       8.862190       3.060966       1.000000     541.499386       0.000000            0
       102        51.0000       1       1       7.247551       3.424244      10.671795       8.862190       2.717848       1.000000     541.499386       0.000000            0
# Jump frustrated.
       103        51.5000       1       1       6.966539       3.715723      10.682263       8.862190       2.602880       1.000000     541.499386       0.000000            0
# Jump frustrated.
       104        52.0000       1       1       6.571645       4.117234      10.688879       8.862190       2.567222       1.000000     541.499386       0.000000            1
# Jump frustrated.
       105        52.5000       1       1       6.163383       4.529956      10.693339       8.862190       2.597590       1.000000     541.499386       0.000000            0
       106        53.0000       1       1       5.819401       4.878942      10.698343       8.862189       2.624941       1.000000     541.499386       0.000000            0
       107        53.5000       1       1       5.599825       5.099835      10.699660       8.862189       2.616129       1.000000     541.499386       0.000000            0
       108        54.0000       1       1       5.523275       5.175196      10.698472       8.862188       2.595809       1.000000     541.499386       0.000000            0
       109        54.5000       1       1       5.573191       5.123295      10.696486       8.862187       2.592389       1.000000     541.499386       0.000000            0
       110        55.0000       1       1       5.724216       4.971119      10.695335       8.862187       2.620241       1.000000     541.499386       0.000000            0
       111        55.5000       1       1       5.954832       4.739431      10.694262       8.862187       2.660634       1.000000     541.499386       0.000000            1
# Jump frustrated.
       112        56.0000       1       1       6.243667       4.448989      10.692656       8.862187       2.701347       1.000000     541.499386       0.000000            0
# Jump frustrated.
       113        56.5000       1       1       6.567224       4.122632      10.689856       8.862187       2.709943       1.000000     541.499386       0.000000            0
# Jump frustrated.
       114        57.0000       1       1       6.887936       3.798558      10.686494       8.862188       2.662328       1.000000     541.499386       0.000000            0
# Jump frustrated.
       115        57.5000       1       1       7.150992       3.529916      10.680908       8.862188       2.534819       1.000000     541.499386       0.000000            0
       116        58.0000       1       1       7.277707       3.394764      10.672471       8.862188       2.324182       1.000000     541.499386       0.000000            0
       117        58.5000       1       1       7.152935       3.506456      10.659391       8.862188       2.220526       1.000000     541.499386       0.000000            0
# Jump frustrated.
       118        59.0000       1       1       6.653264       4.003051      10.656315       8.862188       2.922232       1.000000     541.499386       0.000000            1
# Jump frustrated.
       119        59.5000       1       1       5.832242       4.849462      10.681704       8.862187       4.538850       1.000000     541.499386       0.000000            0
       120        60.0000       1       1       5.143201       5.581690      10.724891       8.862187       5.847457       1.000000     541.499386       0.000000            0
       121        60.5000       1       1       5.162706       5.569441      10.732147       8.862186       5.921262       1.000000     541.499386       0.000000            0
# Jump frustrated.
       122        61.0000       1       1       5.996106       4.701231      10.697337       8.862185       4.748665       1.000000     541.499386       0.000000            0
       123        61.5000       1       1       7.170221       3.484450      10.654671       8.862185       3.133404       1.000000     541.499386       0.000000            0
       124        62.0000       1       1       8.063738       2.565792      10.629529       8.862186       2.436404       1.000000     541.499386       0.000000            1
       125        62.5000       1       1       8.400027       2.254382      10.654409       8.862186       2.650848       1.000000     541.499386       0.000000            0
# Jump frustrated.
       126        63.0000       1       1       8.291310       2.372925      10.664235       8.862186       3.083388       1.000000     541.499386       0.000000            0
       127        63.5000       1       1       7.927466       2.747240      10.674706       8.862185       3.363450       1.000000     541.499386       0.000000            0
# Jump frustrated.
       128        64.0000       1       1       7.438842       3.241758      10.680600       8.862185       3.502163       1.000000     541.499386       0.000000            0
# Jump frustrated.
       129        64.5000       1       1       6.921820       3.763888      10.685708       8.862185       3.462085       1.000000     541.499386       0.000000            0
# Jump frustrated.
       130        65.0000       1       1       6.446226       4.242421      10.688647       8.862184       3.354698       1.000000     541.499386       0.000000            0
# Jump frustrated.
       131        65.5000       1       1       6.048966       4.640195      10.689161       8.862184       3.179570       1.000000     541.499386       0.000000            1
# Jump frustrated.
       132        66.0000       1       1       5.735901       4.952435      10.688336       8.862184       3.033976       1.000000     541.499386       0.000000            0
# Jump frustrated.
       133        66.5000       1       1       5.504940       5.184331      10.689271       8.862184       3.002348       1.000000     541.499386       0.000000            0
       134        67.0000       1       1       5.374547       5.317199      10.691746       8.862184       3.056525       1.000000     541.499386       0.000000            0
# Jump frustrated.
       135        67.5000       1       1       5.380753       5.313047      10.693800       8.862184       3.126932       1.000000     541.499386       0.000000            0
# Jump frustrated.
       136        68.0000       1       1       5.549283       5.144056      10.693338       8.862183       3.144324       1.000000     541.499386       0.000000            0
       137        68.5000       1       1       5.872365       4.818529      10.690893       8.862183       3.079749       1.000000     541.499386       0.000000            1
       138        69.0000       1       1       6.301981       4.381932      10.683913       8.862183       2.894122       1.000000     541.499386       0.000000            0
# Jump frustrated.
       139        69.5000       1       1       6.742347       3.931427      10.673773       8.862183       2.602778       1.000000     541.499386       0.000000            0
# Jump frustrated.
       140        70.0000       1       1       7.044830       3.614827      10.659657       8.862183       2.323670       1.000000     541.499386       0.000000            0
# Jump frustrated.
       141        70.5000       1       1       7.030601       3.616695      10.647296       8.862182       2.460504       1.000000     541.499386       0.000000            0
# Jump frustrated.
       142        71.0000       1       1       6.549200       4.089830      10.639030       8.862183       3.526230       1.000000     541.499386       0.000000            0
# Jump frustrated.
       143        71.5000       1       1       5.646225       5.028004      10.674229       8.862182       5.423586       1.000000     541.499386       0.000000            0
       144        72.0000       1       1       4.820436       5.905763      10.726199       8.862183       7.193537       1.000000     541.499386       0.000000            0
# Jump frustrated.
       145        72.5000       1       1       4.821339       5.919050      10.740389       8.862184       7.530105       1.000000     541.499386       0.000000            0
# Jump frustrated.
       146        73.0000       1       1       5.808196       4.878527      10.686723       8.862183       6.021758       1.000000     541.499386       0.000000            0
# Jump frustrated.
       147        73.5000       1       1       7.083004       3.547770      10.630774       8.862183       3.737085       1.000000     541.499386       0.000000            1
       148        74.0000       1       1       7.890429       2.734991      10.625420       8.862183       2.140313       1.000000     541.499386       0.000000            0
       149        74.5000       1       1       8.020120       2.625167      10.645287       8.862183       2.126064       1.000000     541.499386       0.000000            0
# Jump frustrated.
       150        75.0000       1       1       7.642311       3.018789      10.661100       8.862183       2.790124       1.000000     541.499386       0.000000            0
       151        75.5000       1       1       6.984649       3.691434      10.676082       8.862184       3.429811       1.000000     541.499386       0.000000            0
       152        76.0000       1       1       6.250956       4.436533      10.687489       8.862184       3.859391       1.000000     541.499386       0.000000            0
# Jump frustrated.
       153        76.5000       1       1       5.606443       5.087171      10.693614       8.862184       3.996054       1.000000     541.499386       0.000000            0
       154        77.0000       1       1       5.144132       5.551794      10.695927       8.862185       4.024952       1.000000     541.499386       0.000000            0
# Jump frustrated.
       155        77.5000       1       1       4.894037       5.801337      10.695374       8.862185       3.964558       1.000000     541.499386       0.000000            0
# Jump frustrated.
       156        78.0000       1       1       4.851314       5.842443      10.693757       8.862185       3.874067       1.000000     541.499386       0.000000            1
       157        78.5000       1       1       4.993767       5.698157      10.691924       8.862185       3.784669       1.000000     541.499386       0.000000            0
       158        79.0000       1       1       5.297658       5.392976      10.690634       8.862185       3.704644       1.000000     541.499386       0.000000            0
# Jump frustrated.
       159        79.5000       1       1       5.746798       4.943508      10.690305       8.862186       3.655468       1.000000     541.499386       0.000000            0
# Jump frustrated.
       160        80.0000       1       1       6.334120       4.354528      10.688649       8.862186       3.621563       1.000000     541.499386       0.000000            0
# Jump frustrated.
       161        80.5000       1       1       7.035414       3.646591      10.682004       8.862186       3.518489       1.000000     541.499386       0.000000            0
# Jump frustrated.
       162        81.0000       1       1       7.749311       2.912910      10.662221       8.862186       3.147220       1.000000     541.499386       0.000000            1
       163        81.5000       1       1       8.274333       2.377077      10.651410       8.862186       2.638434       1.000000     541.499386       0.000000            0
       164        82.0000       1       1       8.448389       2.201442      10.649832       8.862186       2.701122       1.000000     541.499386       0.000000            0
# Jump frustrated.
       165        82.5000       1       1       8.236033       2.415069      10.651103       8.862187       3.418749       1.000000     541.499386       0.000000            0
# Jump frustrated.
       166        83.0000       1       1       7.721899       2.943220      10.665119       8.862187       4.508094       1.000000     541.499386       0.000000            0
# Jump frustrated.
       167        83.5000       1       1       7.171446       3.520573      10.692020       8.862187       5.532960       1.000000     541.499386       0.000000            0
# Jump frustrated.
       168        84.0000       1       1       6.963333       3.741674      10.705007       8.862188       5.843912       1.000000     541.499386       0.000000            0
       169        84.5000       1       1       7.260900       3.423414      10.684314       8.862187       5.108564       1.000000     541.499386       0.000000            0
       170        85.0000       1       1       7.765776       2.883429      10.649206       8.862186       3.539739       1.000000     541.499386       0.000000            1
       171        85.5000       1       1       7.986649       2.653402      10.640051       8.862185       2.281870       1.000000     541.499386       0.000000            0
# Jump frustrated.
       172        86.0000       1       1       7.715152       2.938237      10.653390       8.862185       2.310924       1.000000     541.499386       0.000000            0
# Jump frustrated.
       173        86.5000       1       1       7.072140       3.600087      10.672227       8.862185       2.878047       1.000000     541.499386       0.000000            0
# Jump frustrated.
       174        87.0000       1       1       6.284786       4.401240      10.686025       8.862185       3.344149       1.000000     541.499386       0.000000            0
       175        87.5000       1       1       5.558399       5.135544      10.693943       8.862185       3.482666       1.000000     541.499386       0.000000            0
# Jump frustrated.
       176        88.0000       1       1       4.993865       5.698365      10.692229       8.862185       3.385244       1.000000     541.499386       0.000000            0
       177        88.5000       1       1       4.589018       6.102159      10.691177       8.862184       3.212490       1.000000     541.499386       0.000000            1
# Jump frustrated.
       178        89.0000       1       1       4.319291       6.370387      10.689677       8.862183       3.015101       1.000000     541.499386       0.000000            0
# Jump frustrated.
       179        89.5000       1       1       4.165183       6.524223      10.689406       8.862183       2.889525       1.000000     541.499386       0.000000            0
# Jump frustrated.
       180        90.0000       1       1       4.120772       6.569896      10.690668       8.862183       2.846686       1.000000     541.499386       0.000000            0
# Jump frustrated.
       181        90.5000       1       1       4.197985       6.493912      10.691898       8.862183       2.853199       1.000000     541.499386       0.000000            0
# Jump frustrated.
       182        91.0000       1       1       4.412362       6.279663      10.692025       8.862182       2.873701       1.000000     541.499386       0.000000            0
# Jump frustrated.
       183        91.5000       1       1       4.766594       5.923825      10.690419       8.862182       2.877656       1.000000     541.499386       0.000000            1
# Jump frustrated.
       184        92.0000       1       1       5.240467       5.446538      10.687005       8.862182       2.856808       1.000000     541.499386       0.000000            0
       185        92.5000       1       1       5.791326       4.889945      10.681271       8.862181       2.805718       1.000000     541.499386       0.000000            0
       186        93.0000       1       1       6.340310       4.331692      10.672001       8.862182       2.652830       1.000000     541.499386       0.000000            0
# Jump frustrated.
       187        93.5000       1       1       6.760053       3.898209      10.658263       8.862182       2.578677       1.000000     541.499386       0.000000            0
# Jump frustrated.
       188        94.0000       1       1       6.910302       3.740221      10.650523       8.862182       2.964363       1.000000     541.499386       0.000000            0
# Jump frustrated.
       189        94.5000       1       1       6.766747       3.894680      10.661428       8.862181       3.968113       1.000000     541.499386       0.000000            0
# Jump frustrated.
       190        95.0000       1       1       6.529705       4.147545      10.677250       8.862181       5.007839       1.000000     541.499386       0.000000            1
       191        95.5000       1       1       6.448872       4.229757      10.678629       8.862181       5.796152       1.000000     541.499386       0.000000            0
# Jump frustrated.
       192        96.0000       1       1       6.653726       4.027756      10.681482       8.862182       6.320569       1.000000     541.499386       0.000000            0
# Jump frustrated.
       193        96.5000       1       1       7.200536       3.473239      10.673775       8.862184       5.828793       1.000000     541.499386       0.000000            0
# Jump frustrated.
       194        97.0000       1       1       7.886113       2.749108      10.635221       8.862184       4.079790       1.000000     541.499386       0.000000            0
       195        97.5000       1       1       8.239129       2.392233      10.631361       8.862184       3.050570       1.000000     541.499386       0.000000            0
       196        98.0000       1       1       8.087219       2.563093      10.650312       8.862184       3.849585       1.000000     541.499386       0.000000            0
# Jump frustrated.
       197        98.5000       1       1       7.630038       3.037473      10.667512       8.862185       4.855313       1.000000     541.499386       0.000000            0
# Jump frustrated.
       198        99.0000       1       1       7.073055       3.610675      10.683729       8.862184       5.548896       1.000000     541.499386       0.000000            1
# Jump frustrated.
       199        99.5000       1       1       6.541487       4.147752      10.689239       8.862182       5.685260       1.000000     541.499386       0.000000            0
# Jump frustrated.
       200       100.0000       1       1       6.104232       4.587878      10.692110       8.862180       5.690193       1.000000     541.499386       0.000000            0
       201       100.5000       1       1       5.801077       4.894513      10.695590       8.862180       5.625873       1.000000     541.499386       0.000000            0
# Jump frustrated.
       202       101.0000       1       1       5.671201       5.026965      10.698166       8.862181       5.439499       1.000000     541.499386       0.000000            0
# Jump frustrated.
       203       101.5000       1       1       5.743491       4.955134      10.698625       8.862182       5.151881       1.000000     541.499386       0.000000            1
# Jump frustrated.
       204       102.0000       1       1       6.015326       4.675903      10.691229       8.862183       4.736715       1.000000     541.499386       0.000000            0
# Jump frustrated.
       205       102.5000       1       1       6.437352       4.251556      10.688908       8.862184       4.164044       1.000000     541.499386       0.000000            0
# Jump frustrated.
       206       103.0000       1       1       6.945666       3.740013      10.685679       8.862185       3.669715       1.000000     541.499386       0.000000            0
# Jump frustrated.
       207       103.5000       1       1       7.484997       3.193593      10.678590       8.862185       3.275482       1.000000     541.499386       0.000000            0
# Jump frustrated.
       208       104.0000       1       1       7.956487       2.710493      10.666981       8.862185       2.851432       1.000000     541.499386       0.000000            1
# Jump frustrated.
       209       104.5000       1       1       8.202546       2.453684      10.656230       8.862185       2.595919       1.000000     541.499386       0.000000            0
# Jump frustrated.
       210       105.0000       1       1       8.089168       2.562470      10.651638       8.862185       2.771690       1.000000     541.499386       0.000000            0
       211       105.5000       1       1       7.565716       3.085846      10.651561       8.862186       3.513786       1.000000     541.499386       0.000000            0
# Jump frustrated.
       212       106.0000       1       1       6.708857       3.959246      10.668103       8.862186       4.565546       1.000000     541.499386       0.000000            0
       213       106.5000       1       1       5.789463       4.905101      10.694563       8.862187       5.483761       1.000000     541.499386       0.000000            0
# Jump frustrated.
       214       107.0000       1       1       5.179472       5.528958      10.708430       8.862186       5.892609       1.000000     541.499386       0.000000            1
       215       107.5000       1       1       5.075428       5.623419      10.698847       8.862185       5.734135       1.000000     541.499386       0.000000            0
# Jump frustrated.
       216       108.0000       1       1       5.353963       5.324258      10.678221       8.862186       5.270466       1.000000     541.499386       0.000000            0
# Jump frustrated.
       217       108.5000       1       1       5.726824       4.940601      10.667425       8.862187       4.843485       1.000000     541.499386       0.000000            0
# Jump frustrated.
       218       109.0000       1       1       5.974814       4.689605      10.664419       8.862187       4.362699       1.000000     541.499386       0.000000            0
# Jump frustrated.
       219       109.5000       1       1       5.992039       4.672997      10.665036       8.862187       3.851300       1.000000     541.499386       0.000000            0
       220       110.0000       1       1       5.759428       4.912159      10.671587       8.862187       3.506835       1.000000     541.499386       0.000000            0
       221       110.5000       1       1       5.349752       5.332147      10.681899       8.862187       3.364911       1.000000     541.499386       0.000000            1
       222       111.0000       1       1       4.890466       5.800092      10.690558       8.862188       3.344152       1.000000     541.499386       0.000000            0
# Jump frustrated.
       223       111.5000       1       1       4.501540       6.194959      10.696499       8.862189       3.362920       1.000000     541.499386       0.000000            0
# Jump frustrated.
       224       112.0000       1       1       4.267267       6.432253      10.699521       8.862188       3.346793       1.000000     541.499386       0.000000            0
       225       112.5000       1       1       4.236201       6.464640      10.700841       8.862189       3.308270       1.000000     541.499386       0.000000            0
# Jump frustrated.
       226       113.0000       1       1       4.432190       6.269075      10.701265       8.862189       3.252065       1.000000     541.499386       0.000000            0
# Jump frustrated.
       227       113.5000       1       1       4.858508       5.841405      10.699913       8.862189       3.162908       1.000000     541.499386       0.000000            1
# Jump frustrated.
       228       114.0000       1       1       5.496226       5.200524      10.696750       8.862189       3.049508       1.000000     541.499386       0.000000            0
       229       114.5000       1       1       6.298514       4.392728      10.691242       8.862190       2.894063       1.000000     541.499386       0.000000            0
       230       115.0000       1       1       7.175646       3.507702      10.683348       8.862191       2.691443       1.000000     541.499386       0.000000            0
       231       115.5000       1       1       7.993452       2.678314      10.671767       8.862191       2.533064       1.000000     541.499386       0.000000            0
# Jump frustrated.
       232       116.0000       1       1       8.603955       2.059855      10.663810       8.862191       2.641971       1.000000     541.499386       0.000000            0
# Jump frustrated.
       233       116.5000       1       1       8.885775       1.772528      10.658303       8.862191       3.118005       1.000000     541.499386       0.000000            0
       234       117.0000       1       1       8.805092       1.861175      10.666268       8.862190       3.955245       1.000000     541.499386       0.000000            1
       235       117.5000       1       1       8.506235       2.178398      10.684633       8.862188       4.865259       1.000000     541.499386       0.000000            0
       236       118.0000       1       1       8.277341       2.420467      10.697808       8.862187       5.311921       1.000000     541.499386       0.000000            0
       237       118.5000       1       1       8.326217       2.362960      10.689177       8.862186       4.799570       1.000000     541.499386       0.000000            0
# Jump frustrated.
       238       119.0000       1       1       8.548239       2.117569      10.665808       8.862186       3.661375       1.000000     541.499386       0.000000            0
       239       119.5000       1       1       8.636927       2.013351      10.650278       8.862186       3.061718       1.000000     541.499386       0.000000            0
       240       120.0000       1       1       8.363973       2.285523      10.649496       8.862186       3.828028       1.000000     541.499386       0.000000            0
# Jump frustrated.
       241       120.5000       1       1       7.733190       2.942390      10.675580       8.862186       4.983302       1.000000     541.499386       0.000000            1
# Jump frustrated.
       242       121.0000       1       1       6.903978       3.774684      10.678662       8.862186       5.728287       1.000000     541.499386       0.000000            0
# Jump frustrated.
       243       121.5000       1       1       5.990292       4.697494      10.687787       8.862188       6.788278       1.000000     541.499386       0.000000            0
# Jump frustrated.
       244       122.0000       1       1       5.113697       5.586465      10.700162       8.862189       7.787139       1.000000     541.499386       0.000000            0
# Jump frustrated.
       245       122.5000       1       1       4.447314       6.264300      10.711613       8.862190       8.372002       1.000000     541.499386       0.000000            0
       246       123.0000       1       1       4.120939       6.592110      10.713049       8.862190       8.284245       1.000000     541.499386       0.000000            0
# Jump frustrated.
       247       123.5000       1       1       4.159743       6.548720      10.708463       8.862191       7.652190       1.000000     541.499386       0.000000            1
# Jump frustrated.
       248       124.0000       1       1       4.502867       6.199319      10.702186       8.862191       6.675712       1.000000     541.499386       0.000000            0
       249       124.5000       1       1       5.053229       5.643349      10.696578       8.862190       5.623396       1.000000     541.499386       0.000000            0
       250       125.0000       1       1       5.709456       4.979839      10.689295       8.862190       4.575909       1.000000     541.499386       0.000000            0
       251       125.5000       1       1       6.366311       4.315914      10.682225       8.862190       3.538713       1.000000     541.499386       0.000000            0
       252       126.0000       1       1       6.916629       3.758906      10.675534       8.862190       2.684652       1.000000     541.499386       0.000000            0
# Jump frustrated.
       253       126.5000       1       1       7.258344       3.410542      10.668886       8.862190       2.288367       1.000000     541.499386       0.000000            0
       254       127.0000       1       1       7.324098       3.344523      10.668621       8.862190       2.752163       1.000000     541.499386       0.000000            1
# Jump frustrated.
       255       127.5000       1       1       7.143271       3.533860      10.677132       8.862190       3.722145       1.000000     541.499386       0.000000            0
       256       128.0000       1       1       6.861666       3.827623      10.689290       8.862191       4.654541       1.000000     541.499386       0.000000            0
# Jump frustrated.
       257       128.5000       1       1       6.678326       4.017583      10.695909       8.862191       5.196398       1.000000     541.499386       0.000000            0
# Jump frustrated.
       258       129.0000       1       1       6.691433       3.993916      10.685349       8.862190       5.180362       1.000000     541.499386       0.000000            0
# Jump frustrated.
       259       129.5000       1       1       6.790928       3.883054      10.673982       8.862191       4.997956       1.000000     541.499386       0.000000            0
# Jump frustrated.
       260       130.0000       1       1       6.833952       3.845685      10.679637       8.862192       5.234295       1.000000     541.499386       0.000000            0
# Jump frustrated.
       261       130.5000       1       1       6.853377       3.833852      10.687229       8.862191       5.360633       1.000000     541.499386       0.000000            0
       262       131.0000       1       1       6.891394       3.786725      10.678119       8.862191       4.817840       1.000000     541.499386       0.000000            1
# Jump frustrated.
       263       131.5000       1       1       6.832600       3.839249      10.671850       8.862191       3.944443       1.000000     541.499386       0.000000            0
# Jump frustrated.
       264       132.0000       1       1       6.571683       4.106231      10.677914       8.862191       3.281853       1.000000     541.499386       0.000000            0
       265       132.5000       1       1       6.152114       4.537637      10.689751       8.862191       2.946873       1.000000     541.499386       0.000000            0
       266       133.0000       1       1       5.693735       5.002468      10.696203       8.862192       2.788583       1.000000     541.499386       0.000000            0
# Jump frustrated.
       267       133.5000       1       1       5.288273       5.410622      10.698895       8.862192       2.766048       1.000000     541.499386       0.000000            0
# Jump frustrated.
       268       134.0000       1       1       4.989432       5.712482      10.701914       8.862192       2.805061       1.000000     541.499386       0.000000            0
       269       134.5000       1       1       4.841860       5.862581      10.704442       8.862193       2.841026       1.000000     541.499386       0.000000            0
       270       135.0000       1       1       4.879350       5.825835      10.705185       8.862193       2.833469       1.000000     541.499386       0.000000            1
# Jump frustrated.
       271       135.5000       1       1       5.108641       5.594561      10.703202       8.862193       2.777656       1.000000     541.499386       0.000000            0
       272       136.0000       1       1       5.504209       5.195334      10.699543       8.862192       2.705647       1.000000     541.499386       0.000000            0
       273       136.5000       1       1       6.011131       4.682131      10.693262       8.862190       2.641906       1.000000     541.499386       0.000000            0
# Jump frustrated.
       274       137.0000       1       1       6.536212       4.146299      10.682511       8.862189       2.622447       1.000000     541.499386       0.000000            0
       275       137.5000       1       1       6.945741       3.728387      10.674128       8.862190       2.830971       1.000000     541.499386       0.000000            1
       276       138.0000       1       1       7.169127       3.511646      10.680773       8.862190       3.403669       1.000000     541.499386       0.000000            0
# Jump frustrated.
       277       138.5000       1       1       7.271342       3.414902      10.686244       8.862190       4.023860       1.000000     541.499386       0.000000            0
# Jump frustrated.
       278       139.0000       1       1       7.364488       3.324801      10.689289       8.862190       4.354612       1.000000     541.499386       0.000000            0
# Jump frustrated.
       279       139.5000       1       1       7.502575       3.181760      10.684335       8.862190       4.253284       1.000000     541.499386       0.000000            0
# Jump frustrated.
       280       140.0000       1       1       7.612334       3.059480      10.671814       8.862190       3.950764       1.000000     541.499386       0.000000            0
       281       140.5000       1       1       7.551754       3.117194      10.668949       8.862190       3.923271       1.000000     541.499386       0.000000            1
# Jump frustrated.
       282       141.0000       1       1       7.308524       3.376287      10.684811       8.862191       4.312779       1.000000     541.499386       0.000000            0
       283       141.5000       1       1       7.088574       3.613996      10.702571       8.862192       4.639274       1.000000     541.499386       0.000000            0
# Jump frustrated.
       284       142.0000       1       1       7.087609       3.606730      10.694339       8.862191       4.272913       1.000000     541.499386       0.000000            0
# Jump frustrated.
       285       142.5000       1       1       7.202078       3.471578      10.673656       8.862191       3.413001       1.000000     541.499386       0.000000            0
# Jump frustrated.
       286       143.0000       1       1       7.161689       3.505833      10.667522       8.862191       2.907401       1.000000     541.499386       0.000000            0
# Jump frustrated.
       287       143.5000       1       1       6.843281       3.831153      10.674433       8.862191       3.160267       1.000000     541.499386       0.000000            0
       288       144.0000       1       1       6.309286       4.375497      10.684783       8.862191       3.803116       1.000000     541.499386       0.000000            0
# Jump frustrated.
       289       144.5000       1       1       5.697026       4.997693      10.694719       8.862190       4.521206       1.000000     541.499386       0.000000            1
# Jump frustrated.
       290       145.0000       1       1       5.140514       5.560099      10.700612       8.862189       5.133138       1.000000     541.499386       0.000000            0
# Jump frustrated.
       291       145.5000       1       1       4.725904       5.977180      10.703084       8.862189       5.626724       1.000000     541.499386       0.000000            0
       292       146.0000       1       1       4.493540       6.210114      10.703654       8.862189       5.937051       1.000000     541.499386       0.000000            0
# Jump frustrated.
       293       146.5000       1       1       4.454754       6.248106      10.702860       8.862190       6.029104       1.000000     541.499386       0.000000            0
       294       147.0000       1       1       4.596175       6.104235      10.700410       8.862190       5.895467       1.000000     541.499386       0.000000            0
# Jump frustrated.
       295       147.5000       1       1       4.884264       5.813379      10.697643       8.862190       5.569648       1.000000     541.499386       0.000000            0
       296       148.0000       1       1       5.272241       5.422040      10.694281       8.862189       5.136686       1.000000     541.499386       0.000000            1
       297       148.5000       1       1       5.708517       4.982330      10.690848       8.862188       4.691650       1.000000     541.499386       0.000000            0
# Jump frustrated.
       298       149.0000       1       1       6.155284       4.534523      10.689808       8.862189       4.388914       1.000000     541.499386       0.000000            0
# Jump frustrated.
       299       149.5000       1       1       6.614240       4.077374      10.691614       8.862189       4.291801       1.000000     541.499386       0.000000            0
# Jump frustrated.
       300       150.0000       1       1       7.111660       3.577250      10.688910       8.862189       4.126252       1.000000     541.499386       0.000000            0
# Jump frustrated.
       301       150.5000       1       1       7.624987       3.053251      10.678239       8.862189       3.679399       1.000000     541.499386       0.000000            0
# Jump frustrated.
       302       151.0000       1       1       8.035909       2.632226      10.668135       8.862189       3.098825       1.000000     541.499386       0.000000            0
# Jump frustrated.
       303       151.5000       1       1       8.199344       2.461573      10.660918       8.862189       3.000403       1.000000     541.499386       0.000000            1
       304       152.0000       1       1       8.030656       2.627035      10.657691       8.862189       3.719460       1.000000     541.499386       0.000000            0
# Jump frustrated.
       305       152.5000       1       1       7.574660       3.102454      10.677115       8.862189       5.228873       1.000000     541.499386       0.000000            0
# Jump frustrated.
       306       153.0000       1       1       7.164121       3.547147      10.711268       8.862189       6.525171       1.000000     541.499386       0.000000            0
# Jump frustrated.
       307       153.5000       1       1       7.191688       3.509363      10.701050       8.862190       6.371618       1.000000     541.499386       0.000000            0
       308       154.0000       1       1       7.526414       3.137124      10.663538       8.862189       5.037932       1.000000     541.499386       0.000000            0
# Jump frustrated.
       309       154.5000       1       1       7.697079       2.959829      10.656908       8.862189       3.871397       1.000000     541.499386       0.000000            1
# Jump frustrated.
       310       155.0000       1       1       7.511204       3.159546      10.670749       8.862189       3.437141       1.000000     541.499386       0.000000            0
# Jump frustrated.
       311       155.5000       1       1       7.082574       3.601332      10.683907       8.862189       3.357319       1.000000     541.499386       0.000000            0
# Jump frustrated.
       312       156.0000       1       1       6.573270       4.118895      10.692165       8.862189       3.386947       1.000000     541.499386       0.000000            0
# Jump frustrated.
       313       156.5000       1       1       6.098050       4.598466      10.696516       8.862188       3.348261       1.000000     541.499386       0.000000            0
       314       157.0000       1       1       5.718247       4.979631      10.697879       8.862187       3.241043       1.000000     541.499386       0.000000            0
# Jump frustrated.
       315       157.5000       1       1       5.442719       5.253049      10.695768       8.862186       3.058871       1.000000     541.499386       0.000000            0
# Jump frustrated.
       316       158.0000       1       1       5.242980       5.449860      10.692840       8.862186       2.829982       1.000000     541.499386       0.000000            1
       317       158.5000       1       1       5.080420       5.611378      10.691797       8.862187       2.656049       1.000000     541.499386       0.000000            0
# Jump frustrated.
       318       159.0000       1       1       4.941163       5.752550      10.693713       8.862188       2.638847       1.000000     541.499386       0.000000            0
# Jump frustrated.
       319       159.5000       1       1       4.848752       5.848464      10.697216       8.862188       2.769945       1.000000     541.499386       0.000000            0
# Jump frustrated.
       320       160.0000       1       1       4.850526       5.849502      10.700028       8.862190       2.915235       1.000000     541.499386       0.000000            0
       321       160.5000       1       1       4.985556       5.714766      10.700322       8.862191       2.945175       1.000000     541.499386       0.000000            0
       322       161.0000       1       1       5.255081       5.443009      10.698090       8.862192       2.848777       1.000000     541.499386       0.000000            1
# Jump frustrated.
       323       161.5000       1       1       5.625299       5.069732      10.695031       8.862191       2.735457       1.000000     541.499386       0.000000            0
# Jump frustrated.
       324       162.0000       1       1       6.055730       4.637703      10.693433       8.862191       2.694813       1.000000     541.499386       0.000000            0
       325       162.5000       1       1       6.516762       4.174534      10.691296       8.862191       2.690998       1.000000     541.499386       0.000000            0
# Jump frustrated.
       326       163.0000       1       1       6.969333       3.716969      10.686302       8.862192       2.544359       1.000000     541.499386       0.000000            0
# Jump frustrated.
       327       163.5000       1       1       7.330543       3.347014      10.677558       8.862192       2.246752       1.000000     541.499386       0.000000            1
# Jump frustrated.
       328       164.0000       1       1       7.474013       3.191933      10.665946       8.862193       2.129151       1.000000     541.499386       0.000000            0
# Jump frustrated.
       329       164.5000       1       1       7.298611       3.370474      10.669085       8.862193       2.839378       1.000000     541.499386       0.000000            0
       330       165.0000       1       1       6.897587       3.796067      10.693654       8.862194       4.111110       1.000000     541.499386       0.000000            0
# Jump frustrated.
       331       165.5000       1       1       6.623649       4.092114      10.715763       8.862195       4.784098       1.000000     541.499386       0.000000            0
# Jump frustrated.
       332       166.0000       1       1       6.731293       3.967342      10.698636       8.862195       4.166754       1.000000     541.499386       0.000000            0
# Jump frustrated.
       333       166.5000       1       1       7.031020       3.644099      10.675120       8.862194       2.878262       1.000000     541.499386       0.000000            0
# Jump frustrated.
       334       167.0000       1       1       7.194161       3.478014      10.672175       8.862195       2.145315       1.000000     541.499386       0.000000            0
# Jump frustrated.
       335       167.5000       1       1       7.115675       3.564378      10.680053       8.862196       2.237030       1.000000     541.499386       0.000000            1
# Jump frustrated.
       336       168.0000       1       1       6.861751       3.826585      10.688336       8.862196       2.599232       1.000000     541.499386       0.000000            0
# Jump frustrated.
       337       168.5000       1       1       6.527205       4.165399      10.692604       8.862196       2.949908       1.000000     541.499386       0.000000            0
# Jump frustrated.
       338       169.0000       1       1       6.170637       4.523520      10.694157       8.862196       3.313505       1.000000     541.499386       0.000000            0
       339       169.5000       1       1       5.832904       4.865240      10.698144       8.862196       3.671415       1.000000     541.499386       0.000000            0
# Jump frustrated.
       340       170.0000       1       1       5.571876       5.129938      10.701814       8.862195       3.865218       1.000000     541.499386       0.000000            0
       341       170.5000       1       1       5.439670       5.262599      10.702269       8.862194       3.846648       1.000000     541.499386       0.000000            1
       342       171.0000       1       1       5.440690       5.257824      10.698514       8.862193       3.656420       1.000000     541.499386       0.000000            0
# Jump frustrated.
       343       171.5000       1       1       5.526355       5.166892      10.693247       8.862192       3.424422       1.000000     541.499386       0.000000            0
# Jump frustrated.
       344       172.0000       1       1       5.625317       5.064542      10.689859       8.862191       3.320680       1.000000     541.499386       0.000000            0
       345       172.5000       1       1       5.694002       4.996655      10.690657       8.862192       3.461281       1.000000     541.499386       0.000000            0
# Jump frustrated.
       346       173.0000       1       1       5.746461       4.947245      10.693706       8.862192       3.813970       1.000000     541.499386       0.000000            0
       347       173.5000       1       1       5.846945       4.852161      10.699106       8.862192       4.203068       1.000000     541.499386       0.000000            1
       348       174.0000       1       1       6.074627       4.626493      10.701120       8.862191       4.416791       1.000000     541.499386       0.000000            0
       349       174.5000       1       1       6.458637       4.236400      10.695038       8.862192       4.376242       1.000000     541.499386       0.000000            0
# Jump frustrated.
       350       175.0000       1       1       6.925915       3.759528      10.685444       8.862192       4.147242       1.000000     541.499386       0.000000            0
       351       175.5000       1       1       7.332833       3.342655      10.675488       8.862193       3.957036       1.000000     541.499386       0.000000            0
# Jump frustrated.
       352       176.0000       1       1       7.562888       3.111381      10.674269       8.862193       3.875748       1.000000     541.499386       0.000000            0
# Jump frustrated.
       353       176.5000       1       1       7.609335       3.074012      10.683347       8.862193       3.893430       1.000000     541.499386       0.000000            0
       354       177.0000       1       1       7.595350       3.099963      10.695313       8.862193       3.939734       1.000000     541.499386       0.000000            0
       355       177.5000       1       1       7.645156       3.047023      10.692179       8.862193       3.639149       1.000000     541.499386       0.000000            1
# Jump frustrated.
       356       178.0000       1       1       7.726921       2.955469      10.682390       8.862193       3.005418       1.000000     541.499386       0.000000            0
# Jump frustrated.
       357       178.5000       1       1       7.706720       2.968756      10.675476       8.862193       2.415203       1.000000     541.499386       0.000000            0
       358       179.0000       1       1       7.495763       3.182175      10.677938       8.862192       2.161498       1.000000     541.499386       0.000000            0
# Jump frustrated.
       359       179.5000       1       1       7.110791       3.574344      10.685135       8.862192       2.248437       1.000000     541.499386       0.000000            0
# Jump frustrated.
       360       180.0000       1       1       6.639333       4.053084      10.692417       8.862192       2.540162       1.000000     541.499386       0.000000            0
       361       180.5000       1       1       6.193792       4.505873      10.699665       8.862191       2.859581       1.000000     541.499386       0.000000            1
       362       181.0000       1       1       5.881988       4.822058      10.704046       8.862191       3.013666       1.000000     541.499386       0.000000            0
       363       181.5000       1       1       5.762416       4.939978      10.702394       8.862191       2.894044       1.000000     541.499386       0.000000            0
# Jump frustrated.
       364       182.0000       1       1       5.812347       4.884548      10.696894       8.862190       2.565716       1.000000     541.499386       0.000000            0
# Jump frustrated.
       365       182.5000       1       1       5.948584       4.741714      10.690298       8.862189       2.184513       1.000000     541.499386       0.000000            0
       366       183.0000       1       1       6.077322       4.609261      10.686583       8.862190       1.955137       1.000000     541.499386       0.000000            0
       367       183.5000       1       1       6.134955       4.550301      10.685256       8.862190       2.007123       1.000000     541.499386       0.000000            1
       368       184.0000       1       1       6.100138       4.586217      10.686356       8.862191       2.316151       1.000000     541.499386       0.000000            0
# Jump frustrated.
       369       184.5000       1       1       5.991121       4.698947      10.690069       8.862192       2.746781       1.000000     541.499386       0.000000            0
       370       185.0000       1       1       5.860648       4.833892      10.694540       8.862191       3.116717       1.000000     541.499386       0.000000            0
# Jump frustrated.
       371       185.5000       1       1       5.763827       4.930429      10.694255       8.862191       3.261118       1.000000     541.499386       0.000000            0
# Jump frustrated.
       372       186.0000       1       1       5.697067       4.989596      10.686664       8.862191       3.187838       1.000000     541.499386       0.000000            0
       373       186.5000       1       1       5.574730       5.103987      10.678718       8.862191       3.242349       1.000000     541.499386       0.000000            1
# Jump frustrated.
       374       187.0000       1       1       5.325499       5.357890      10.683389       8.862192       3.793466       1.000000     541.499386       0.000000            0
       375       187.5000       1       1       5.030241       5.669092      10.699333       8.862193       4.563117       1.000000     541.499386       0.000000            0
       376       188.0000       1       1       4.897146       5.810887      10.708033       8.862193       4.871510       1.000000     541.499386       0.000000            0
       377       188.5000       1       1       5.027009       5.668262      10.695271       8.862192       4.334962       1.000000     541.499386       0.000000            0
# Jump frustrated.
       378       189.0000       1       1       5.260554       5.416850      10.677404       8.862192       3.358729       1.000000     541.499386       0.000000            0
# Jump frustrated.
       379       189.5000       1       1       5.355566       5.316161      10.671728       8.862192       2.732613       1.000000     541.499386       0.000000            1
       380       190.0000       1       1       5.213318       5.465015      10.678333       8.862192       2.939790       1.000000     541.499386       0.000000            0
       381       190.5000       1       1       4.904011       5.784729      10.688740       8.862193       3.586668       1.000000     541.499386       0.000000            0
       382       191.0000       1       1       4.578008       6.120636      10.698644       8.862195       4.158006       1.000000     541.499386       0.000000            0
       383       191.5000       1       1       4.374547       6.328035      10.702581       8.862196       4.417561       1.000000     541.499386       0.000000            0
# Jump frustrated.
       384       192.0000       1       1       4.356433       6.344851      10.701283       8.862195       4.388752       1.000000     541.499386       0.000000            0
# Jump frustrated.
       385       192.5000       1       1       4.511101       6.187278      10.698378       8.862195       4.188684       1.000000     541.499386       0.000000            0
# Jump frustrated.
       386       193.0000       1       1       4.797662       5.898497      10.696159       8.862194       3.899919       1.000000     541.499386       0.000000            1
# Jump frustrated.
       387       193.5000       1       1       5.175446       5.518370      10.693816       8.862194       3.545463       1.000000     541.499386       0.000000            0
       388       194.0000       1       1       5.602944       5.088002      10.690946       8.862194       3.153324       1.000000     541.499386       0.000000            0
# Jump frustrated.
       389       194.5000       1       1       6.032911       4.655350      10.688262       8.862194       2.747312       1.000000     541.499386       0.000000            0
# Jump frustrated.
       390       195.0000       1       1       6.427724       4.260067      10.687791       8.862194       2.467089       1.000000     541.499386       0.000000            0
       391       195.5000       1       1       6.778524       3.910251      10.688775       8.862194       2.342462       1.000000     541.499386       0.000000            1
# Jump frustrated.
       392       196.0000       1       1       7.096715       3.592613      10.689328       8.862194       2.301989       1.000000     541.499386       0.000000            0
# Jump frustrated.
       393       196.5000       1       1       7.386884       3.300095      10.686980       8.862195       2.230637       1.000000     541.499386       0.000000            0
# Jump frustrated.
       394       197.0000       1       1       7.614802       3.066953      10.681755       8.862195       2.132928       1.000000     541.499386       0.000000            0
# Jump frustrated.
       395       197.5000       1       1       7.720156       2.958583      10.678739       8.862195       2.241422       1.000000     541.499386       0.000000            0
       396       198.0000       1       1       7.687520       2.996575      10.684094       8.862194       2.795075       1.000000     541.499386       0.000000            0
# Jump frustrated.
       397       198.5000       1       1       7.628328       3.069445      10.697772       8.862193       3.442786       1.000000     541.499386       0.000000            0
       398       199.0000       1       1       7.726425       2.972493      10.698917       8.862193       3.524122       1.000000     541.499386       0.000000            0
# Jump frustrated.
       399       199.5000       1       1       7.978212       2.698244      10.676457       8.862193       3.069580       1.000000     541.499386       0.000000            0
       400       200.0000       1       1       8.124554       2.535066      10.659620       8.862193       3.183302       1.000000     541.499386       0.000000            1
