#===============================================================================================================================================================================
#     Step |         Time |         State |                                     Energy |      Angular |     Gradient |      Density |           Expectation Value |    Runtime |
#          |              |  diag |   MCH |          kin |          pot |          tot |     Momentum |          RMS |        Total |           DM |            S |            |
#          |         [fs] |       |       |         [eV] |         [eV] |         [eV] |       [hbar] |     [eV/Ang] |              |      [Debye] |              |      [sec] |
#===============================================================================================================================================================================
         0         0.0000       2       2       0.157902      10.300583      10.458485       0.000064       3.226979       1.000000     541.499386       0.000000            4
         1         0.5000       2       2       0.156326      10.302037      10.458363       0.000065       3.350850       1.000000     541.499386       0.000000            2
         2         1.0000       2       2       0.189016      10.269442      10.458459       0.000064       3.362758       1.000000     541.499386       0.000000            0
         3         1.5000       2       2       0.254715      10.203631      10.458346       0.000065       3.250268       1.000000     541.499386       0.000000            1
         4         2.0000       2       2       0.353110      10.105226      10.458336       0.000065       3.010801       1.000000     541.499386       0.000000            0
         5         2.5000       2       2       0.483012       9.975264      10.458276       0.000064       2.660693       1.000000     541.499386       0.000000            0
         6         3.0000       2       2       0.641099       9.816653      10.457752       0.000064       2.244423       1.000000     541.499386       0.000000            0
         7         3.5000       2       2       0.821525       9.635620      10.457145       0.000064       1.812543       1.000000     541.499386       0.000000            0
# Surface Hop/Pointer State Switch: new state=      1 old state=      2 randnum=  0.138795065 gap= -9.173919 eV
         8         4.0000       1       1      10.190802       0.266343      10.457145       3.531399       0.808575       1.000000     541.499386       0.000000            0
# Jump frustrated.
         9         4.5000       1       1      10.014753       0.447376      10.462129       3.531399       1.264436       1.000000     541.499386       0.000000            0
        10         5.0000       1       1       9.367258       1.109017      10.476276       3.531399       2.408430       1.000000     541.499386       0.000000            1
        11         5.5000       1       1       8.452832       2.042831      10.495663       3.531399       3.421002       1.000000     541.499386       0.000000            0
        12         6.0000       1       1       7.535431       2.977267      10.512698       3.531399       4.077441       1.000000     541.499386       0.000000            0
        13         6.5000       1       1       6.806418       3.704513      10.510931       3.531399       4.067505       1.000000     541.499386       0.000000            0
        14         7.0000       1       1       6.267439       4.234117      10.501556       3.531399       3.610325       1.000000     541.499386       0.000000            0
# Jump frustrated.
        15         7.5000       1       1       5.795600       4.700608      10.496209       3.531399       3.126558       1.000000     541.499386       0.000000            0
# Jump frustrated.
        16         8.0000       1       1       5.311316       5.187030      10.498346       3.531399       2.926843       1.000000     541.499386       0.000000            0
# Jump frustrated.
        17         8.5000       1       1       4.823320       5.678434      10.501755       3.531399       2.960825       1.000000     541.499386       0.000000            1
        18         9.0000       1       1       4.382018       6.124165      10.506184       3.531399       3.095894       1.000000     541.499386       0.000000            0
        19         9.5000       1       1       4.045984       6.463187      10.509170       3.531398       3.206763       1.000000     541.499386       0.000000            0
# Jump frustrated.
        20        10.0000       1       1       3.857587       6.652316      10.509903       3.531399       3.260270       1.000000     541.499386       0.000000            0
        21        10.5000       1       1       3.832022       6.677852      10.509873       3.531399       3.252911       1.000000     541.499386       0.000000            0
# Jump frustrated.
        22        11.0000       1       1       3.963137       6.545399      10.508536       3.531398       3.241677       1.000000     541.499386       0.000000            0
        23        11.5000       1       1       4.231071       6.274680      10.505751       3.531398       3.257867       1.000000     541.499386       0.000000            0
# Jump frustrated.
        24        12.0000       1       1       4.603038       5.899535      10.502573       3.531399       3.336300       1.000000     541.499386       0.000000            1
# Jump frustrated.
        25        12.5000       1       1       5.037171       5.461278      10.498449       3.531399       3.482108       1.000000     541.499386       0.000000            0
# Jump frustrated.
        26        13.0000       1       1       5.494730       5.001015      10.495745       3.531399       3.652660       1.000000     541.499386       0.000000            0
        27        13.5000       1       1       5.924822       4.562342      10.487165       3.531399       3.768286       1.000000     541.499386       0.000000            0
        28        14.0000       1       1       6.239562       4.240760      10.480322       3.531398       3.929243       1.000000     541.499386       0.000000            0
        29        14.5000       1       1       6.387344       4.097719      10.485063       3.531397       4.360923       1.000000     541.499386       0.000000            0
        30        15.0000       1       1       6.466548       4.031078      10.497626       3.531396       4.919491       1.000000     541.499386       0.000000            1
# Jump frustrated.
        31        15.5000       1       1       6.643990       3.850668      10.494658       3.531396       4.946654       1.000000     541.499386       0.000000            0
        32        16.0000       1       1       6.904975       3.577873      10.482848       3.531396       4.493400       1.000000     541.499386       0.000000            0
# Jump frustrated.
        33        16.5000       1       1       7.116235       3.371097      10.487332       3.531396       4.242944       1.000000     541.499386       0.000000            0
        34        17.0000       1       1       7.285556       3.208541      10.494097       3.531396       3.972366       1.000000     541.499386       0.000000            0
# Jump frustrated.
        35        17.5000       1       1       7.445274       3.039134      10.484408       3.531395       3.268852       1.000000     541.499386       0.000000            0
        36        18.0000       1       1       7.487275       2.989309      10.476584       3.531395       2.766171       1.000000     541.499386       0.000000            0
# Jump frustrated.
        37        18.5000       1       1       7.335473       3.149996      10.485469       3.531395       2.896835       1.000000     541.499386       0.000000            0
        38        19.0000       1       1       7.037909       3.453101      10.491010       3.531395       3.424051       1.000000     541.499386       0.000000            1
# Jump frustrated.
        39        19.5000       1       1       6.682332       3.812883      10.495216       3.531395       3.921902       1.000000     541.499386       0.000000            0
        40        20.0000       1       1       6.337278       4.162077      10.499355       3.531394       4.418691       1.000000     541.499386       0.000000            0
        41        20.5000       1       1       6.057910       4.445045      10.502955       3.531394       4.893206       1.000000     541.499386       0.000000            0
        42        21.0000       1       1       5.891453       4.614036      10.505489       3.531394       5.287454       1.000000     541.499386       0.000000            0
# Jump frustrated.
        43        21.5000       1       1       5.863403       4.641025      10.504428       3.531395       5.486908       1.000000     541.499386       0.000000            1
        44        22.0000       1       1       5.956447       4.543450      10.499897       3.531395       5.439365       1.000000     541.499386       0.000000            0
        45        22.5000       1       1       6.118025       4.379234      10.497258       3.531395       5.211502       1.000000     541.499386       0.000000            0
# Jump frustrated.
        46        23.0000       1       1       6.310992       4.186990      10.497982       3.531395       4.947099       1.000000     541.499386       0.000000            0
# Jump frustrated.
        47        23.5000       1       1       6.541020       3.957170      10.498190       3.531395       4.628458       1.000000     541.499386       0.000000            0
# Jump frustrated.
        48        24.0000       1       1       6.828098       3.669427      10.497525       3.531396       4.139381       1.000000     541.499386       0.000000            0
# Jump frustrated.
        49        24.5000       1       1       7.169025       3.323970      10.492995       3.531396       3.607929       1.000000     541.499386       0.000000            1
        50        25.0000       1       1       7.503120       2.982458      10.485578       3.531395       3.197671       1.000000     541.499386       0.000000            0
# Jump frustrated.
        51        25.5000       1       1       7.745335       2.741011      10.486346       3.531395       3.130572       1.000000     541.499386       0.000000            0
# Jump frustrated.
        52        26.0000       1       1       7.895115       2.597971      10.493086       3.531395       3.351654       1.000000     541.499386       0.000000            0
# Jump frustrated.
        53        26.5000       1       1       8.012295       2.479012      10.491307       3.531396       3.331954       1.000000     541.499386       0.000000            0
# Jump frustrated.
        54        27.0000       1       1       8.065823       2.415277      10.481100       3.531397       2.996011       1.000000     541.499386       0.000000            0
# Jump frustrated.
        55        27.5000       1       1       7.937744       2.540048      10.477793       3.531397       2.625847       1.000000     541.499386       0.000000            0
# Jump frustrated.
        56        28.0000       1       1       7.553916       2.925781      10.479697       3.531397       2.498109       1.000000     541.499386       0.000000            0
# Jump frustrated.
        57        28.5000       1       1       6.934945       3.553998      10.488943       3.531396       2.710691       1.000000     541.499386       0.000000            1
        58        29.0000       1       1       6.187587       4.312799      10.500387       3.531396       3.058495       1.000000     541.499386       0.000000            0
# Jump frustrated.
        59        29.5000       1       1       5.457962       5.047726      10.505688       3.531396       3.267696       1.000000     541.499386       0.000000            0
# Jump frustrated.
        60        30.0000       1       1       4.850472       5.661203      10.511675       3.531396       3.311719       1.000000     541.499386       0.000000            0
# Jump frustrated.
        61        30.5000       1       1       4.410478       6.100083      10.510561       3.531395       3.206024       1.000000     541.499386       0.000000            0
        62        31.0000       1       1       4.133562       6.376199      10.509762       3.531395       3.061813       1.000000     541.499386       0.000000            0
# Jump frustrated.
        63        31.5000       1       1       3.990237       6.517579      10.507817       3.531396       2.921519       1.000000     541.499386       0.000000            0
        64        32.0000       1       1       3.945080       6.560762      10.505842       3.531396       2.872874       1.000000     541.499386       0.000000            0
# Jump frustrated.
        65        32.5000       1       1       3.967879       6.537094      10.504973       3.531396       2.949951       1.000000     541.499386       0.000000            1
        66        33.0000       1       1       4.046089       6.459242      10.505331       3.531396       3.145626       1.000000     541.499386       0.000000            0
        67        33.5000       1       1       4.185116       6.321184      10.506300       3.531396       3.427082       1.000000     541.499386       0.000000            0
# Jump frustrated.
        68        34.0000       1       1       4.398799       6.107764      10.506563       3.531396       3.731016       1.000000     541.499386       0.000000            0
# Jump frustrated.
        69        34.5000       1       1       4.693449       5.812133      10.505582       3.531396       3.993967       1.000000     541.499386       0.000000            0
        70        35.0000       1       1       5.061965       5.442386      10.504351       3.531396       4.223807       1.000000     541.499386       0.000000            0
        71        35.5000       1       1       5.488724       5.013263      10.501987       3.531396       4.416531       1.000000     541.499386       0.000000            0
        72        36.0000       1       1       5.955850       4.547395      10.503245       3.531396       4.622555       1.000000     541.499386       0.000000            0
# Jump frustrated.
        73        36.5000       1       1       6.481414       4.025472      10.506886       3.531396       4.895719       1.000000     541.499386       0.000000            1
# Jump frustrated.
        74        37.0000       1       1       7.114974       3.389989      10.504963       3.531397       4.896618       1.000000     541.499386       0.000000            0
        75        37.5000       1       1       7.784883       2.703850      10.488733       3.531397       4.227791       1.000000     541.499386       0.000000            0
        76        38.0000       1       1       8.323544       2.165319      10.488863       3.531397       3.246746       1.000000     541.499386       0.000000            0
# Jump frustrated.
        77        38.5000       1       1       8.672581       1.816332      10.488913       3.531396       2.584949       1.000000     541.499386       0.000000            0
        78        39.0000       1       1       8.834949       1.652946      10.487896       3.531396       2.156876       1.000000     541.499386       0.000000            0
# Jump frustrated.
        79        39.5000       1       1       8.803111       1.685333      10.488444       3.531396       2.007707       1.000000     541.499386       0.000000            1
# Jump frustrated.
        80        40.0000       1       1       8.595089       1.895846      10.490935       3.531396       2.169394       1.000000     541.499386       0.000000            0
# Jump frustrated.
        81        40.5000       1       1       8.250721       2.243171      10.493892       3.531396       2.554417       1.000000     541.499386       0.000000            0
# Jump frustrated.
        82        41.0000       1       1       7.824277       2.673124      10.497402       3.531396       3.002325       1.000000     541.499386       0.000000            0
# Jump frustrated.
        83        41.5000       1       1       7.363275       3.136294      10.499569       3.531396       3.493614       1.000000     541.499386       0.000000            0
# Jump frustrated.
        84        42.0000       1       1       6.905501       3.594897      10.500397       3.531396       3.879799       1.000000     541.499386       0.000000            0
# Jump frustrated.
        85        42.5000       1       1       6.465117       4.035437      10.500555       3.531397       4.312932       1.000000     541.499386       0.000000            0
# Jump frustrated.
        86        43.0000       1       1       6.050179       4.451896      10.502075       3.531397       4.698152       1.000000     541.499386       0.000000            0
# Jump frustrated.
        87        43.5000       1       1       5.680236       4.823511      10.503748       3.531396       5.044094       1.000000     541.499386       0.000000            1
        88        44.0000       1       1       5.385799       5.120181      10.505980       3.531396       5.258786       1.000000     541.499386       0.000000            0
# Jump frustrated.
        89        44.5000       1       1       5.209159       5.300383      10.509542       3.531395       5.344380       1.000000     541.499386       0.000000            0
        90        45.0000       1       1       5.199616       5.311179      10.510795       3.531395       5.249481       1.000000     541.499386       0.000000            0
# Jump frustrated.
        91        45.5000       1       1       5.372867       5.132637      10.505504       3.531395       4.952551       1.000000     541.499386       0.000000            0
# Jump frustrated.
        92        46.0000       1       1       5.674402       4.823511      10.497913       3.531394       4.570071       1.000000     541.499386       0.000000            0
# Jump frustrated.
        93        46.5000       1       1       6.002948       4.487396      10.490344       3.531394       4.292469       1.000000     541.499386       0.000000            1
        94        47.0000       1       1       6.275148       4.213771      10.488919       3.531394       4.245274       1.000000     541.499386       0.000000            0
        95        47.5000       1       1       6.479809       4.010109      10.489919       3.531395       4.256483       1.000000     541.499386       0.000000            0
        96        48.0000       1       1       6.621877       3.858972      10.480849       3.531395       3.973580       1.000000     541.499386       0.000000            0
        97        48.5000       1       1       6.606629       3.863539      10.470168       3.531395       3.730506       1.000000     541.499386       0.000000            0
# Jump frustrated.
        98        49.0000       1       1       6.340604       4.138410      10.479014       3.531396       4.413440       1.000000     541.499386       0.000000            0
# Jump frustrated.
        99        49.5000       1       1       5.994020       4.515008      10.509028       3.531396       5.559420       1.000000     541.499386       0.000000            0
       100        50.0000       1       1       5.925699       4.589954      10.515653       3.531396       5.777551       1.000000     541.499386       0.000000            1
# Jump frustrated.
       101        50.5000       1       1       6.202761       4.289548      10.492309       3.531397       4.856323       1.000000     541.499386       0.000000            0
# Jump frustrated.
       102        51.0000       1       1       6.523409       3.954471      10.477880       3.531397       3.763854       1.000000     541.499386       0.000000            0
       103        51.5000       1       1       6.646607       3.836343      10.482949       3.531397       3.213194       1.000000     541.499386       0.000000            0
# Jump frustrated.
       104        52.0000       1       1       6.579864       3.913157      10.493021       3.531397       3.094858       1.000000     541.499386       0.000000            0
       105        52.5000       1       1       6.432461       4.066578      10.499039       3.531397       3.030515       1.000000     541.499386       0.000000            0
# Jump frustrated.
       106        53.0000       1       1       6.272209       4.225812      10.498021       3.531397       2.966096       1.000000     541.499386       0.000000            0
       107        53.5000       1       1       6.108944       4.389199      10.498143       3.531397       2.962408       1.000000     541.499386       0.000000            1
       108        54.0000       1       1       5.938489       4.560474      10.498963       3.531398       3.070297       1.000000     541.499386       0.000000            0
       109        54.5000       1       1       5.763645       4.735694      10.499339       3.531398       3.343298       1.000000     541.499386       0.000000            0
# Jump frustrated.
       110        55.0000       1       1       5.608358       4.897004      10.505362       3.531398       3.826818       1.000000     541.499386       0.000000            0
# Jump frustrated.
       111        55.5000       1       1       5.563214       4.951812      10.515026       3.531399       4.316784       1.000000     541.499386       0.000000            0
       112        56.0000       1       1       5.742689       4.772025      10.514714       3.531399       4.402695       1.000000     541.499386       0.000000            0
# Jump frustrated.
       113        56.5000       1       1       6.134392       4.365739      10.500131       3.531399       3.944988       1.000000     541.499386       0.000000            1
       114        57.0000       1       1       6.559120       3.927482      10.486602       3.531399       3.277174       1.000000     541.499386       0.000000            0
# Jump frustrated.
       115        57.5000       1       1       6.842955       3.643061      10.486016       3.531399       3.012197       1.000000     541.499386       0.000000            0
# Jump frustrated.
       116        58.0000       1       1       6.965343       3.527840      10.493183       3.531400       3.223067       1.000000     541.499386       0.000000            0
       117        58.5000       1       1       7.016078       3.482997      10.499075       3.531399       3.509108       1.000000     541.499386       0.000000            0
# Jump frustrated.
       118        59.0000       1       1       7.077452       3.420715      10.498167       3.531399       3.550315       1.000000     541.499386       0.000000            1
       119        59.5000       1       1       7.136387       3.352412      10.488799       3.531399       3.310673       1.000000     541.499386       0.000000            0
# Jump frustrated.
       120        60.0000       1       1       7.071099       3.406805      10.477904       3.531399       3.142660       1.000000     541.499386       0.000000            0
# Jump frustrated.
       121        60.5000       1       1       6.778269       3.705551      10.483819       3.531399       3.604212       1.000000     541.499386       0.000000            0
       122        61.0000       1       1       6.368835       4.140279      10.509113       3.531398       4.521557       1.000000     541.499386       0.000000            0
       123        61.5000       1       1       6.180144       4.346016      10.526161       3.531398       4.887743       1.000000     541.499386       0.000000            0
# Jump frustrated.
       124        62.0000       1       1       6.414368       4.093567      10.507935       3.531397       4.170027       1.000000     541.499386       0.000000            1
# Jump frustrated.
       125        62.5000       1       1       6.868707       3.616280      10.484987       3.531397       2.991057       1.000000     541.499386       0.000000            0
# Jump frustrated.
       126        63.0000       1       1       7.221772       3.255668      10.477440       3.531397       2.364233       1.000000     541.499386       0.000000            0
       127        63.5000       1       1       7.341304       3.141899      10.483204       3.531397       2.491420       1.000000     541.499386       0.000000            0
       128        64.0000       1       1       7.281017       3.213731      10.494748       3.531397       2.794269       1.000000     541.499386       0.000000            0
       129        64.5000       1       1       7.154050       3.343900      10.497951       3.531397       2.883468       1.000000     541.499386       0.000000            0
# Jump frustrated.
       130        65.0000       1       1       6.996466       3.494415      10.490881       3.531397       2.826991       1.000000     541.499386       0.000000            1
# Jump frustrated.
       131        65.5000       1       1       6.717883       3.760151      10.478034       3.531397       2.817307       1.000000     541.499386       0.000000            0
# Jump frustrated.
       132        66.0000       1       1       6.198418       4.279998      10.478416       3.531397       3.457357       1.000000     541.499386       0.000000            0
# Jump frustrated.
       133        66.5000       1       1       5.538033       4.968005      10.506039       3.531398       4.507912       1.000000     541.499386       0.000000            0
# Jump frustrated.
       134        67.0000       1       1       5.101927       5.420795      10.522722       3.531398       4.930538       1.000000     541.499386       0.000000            0
# Jump frustrated.
       135        67.5000       1       1       5.095661       5.406470      10.502131       3.531397       4.325983       1.000000     541.499386       0.000000            0
# Jump frustrated.
       136        68.0000       1       1       5.287778       5.193466      10.481244       3.531397       3.715391       1.000000     541.499386       0.000000            1
# Jump frustrated.
       137        68.5000       1       1       5.386327       5.097552      10.483879       3.531397       4.109337       1.000000     541.499386       0.000000            0
# Jump frustrated.
       138        69.0000       1       1       5.368792       5.126824      10.495616       3.531397       4.924617       1.000000     541.499386       0.000000            0
# Jump frustrated.
       139        69.5000       1       1       5.355277       5.146547      10.501823       3.531397       5.608309       1.000000     541.499386       0.000000            0
# Jump frustrated.
       140        70.0000       1       1       5.428390       5.074715      10.503105       3.531398       6.037187       1.000000     541.499386       0.000000            0
# Jump frustrated.
       141        70.5000       1       1       5.604251       4.898250      10.502500       3.531398       6.158868       1.000000     541.499386       0.000000            1
       142        71.0000       1       1       5.868161       4.632306      10.500466       3.531398       5.913950       1.000000     541.499386       0.000000            0
# Jump frustrated.
       143        71.5000       1       1       6.183786       4.311761      10.495548       3.531398       5.331744       1.000000     541.499386       0.000000            0
# Jump frustrated.
       144        72.0000       1       1       6.469179       4.014884      10.484063       3.531398       4.535444       1.000000     541.499386       0.000000            0
       145        72.5000       1       1       6.589995       3.884300      10.474295       3.531399       3.880899       1.000000     541.499386       0.000000            0
# Jump frustrated.
       146        73.0000       1       1       6.463130       4.017583      10.480713       3.531399       4.182886       1.000000     541.499386       0.000000            0
# Jump frustrated.
       147        73.5000       1       1       6.268670       4.245120      10.513790       3.531398       5.296745       1.000000     541.499386       0.000000            0
       148        74.0000       1       1       6.435278       4.091906      10.527184       3.531397       5.697433       1.000000     541.499386       0.000000            1
       149        74.5000       1       1       7.124093       3.375872      10.499965       3.531397       4.836872       1.000000     541.499386       0.000000            0
# Jump frustrated.
       150        75.0000       1       1       7.984361       2.487939      10.472300       3.531397       3.363972       1.000000     541.499386       0.000000            0
# Jump frustrated.
       151        75.5000       1       1       8.602027       1.864082      10.466109       3.531398       2.391547       1.000000     541.499386       0.000000            0
# Jump frustrated.
       152        76.0000       1       1       8.826583       1.645265      10.471848       3.531398       2.176684       1.000000     541.499386       0.000000            0
# Jump frustrated.
       153        76.5000       1       1       8.670047       1.804707      10.474754       3.531398       2.560970       1.000000     541.499386       0.000000            0
# Jump frustrated.
       154        77.0000       1       1       8.187837       2.292374      10.480211       3.531398       3.286136       1.000000     541.499386       0.000000            0
# Jump frustrated.
       155        77.5000       1       1       7.488750       3.004672      10.493421       3.531398       4.128214       1.000000     541.499386       0.000000            0
# Jump frustrated.
       156        78.0000       1       1       6.767899       3.738768      10.506667       3.531397       4.808858       1.000000     541.499386       0.000000            1
# Jump frustrated.
       157        78.5000       1       1       6.214119       4.296399      10.510518       3.531398       5.063357       1.000000     541.499386       0.000000            0
# Jump frustrated.
       158        79.0000       1       1       5.905132       4.601788      10.506920       3.531397       4.894017       1.000000     541.499386       0.000000            0
       159        79.5000       1       1       5.807432       4.695210      10.502643       3.531395       4.654955       1.000000     541.499386       0.000000            0
# Jump frustrated.
       160        80.0000       1       1       5.852545       4.644139      10.496684       3.531394       4.363401       1.000000     541.499386       0.000000            0
# Jump frustrated.
       161        80.5000       1       1       5.959083       4.531409      10.490492       3.531395       4.019801       1.000000     541.499386       0.000000            0
# Jump frustrated.
       162        81.0000       1       1       6.042227       4.448159      10.490386       3.531395       3.716605       1.000000     541.499386       0.000000            1
       163        81.5000       1       1       6.075700       4.419302      10.495002       3.531394       3.514452       1.000000     541.499386       0.000000            0
# Jump frustrated.
       164        82.0000       1       1       6.062781       4.424699      10.487481       3.531394       3.483824       1.000000     541.499386       0.000000            0
# Jump frustrated.
       165        82.5000       1       1       5.930440       4.547602      10.478042       3.531393       3.895393       1.000000     541.499386       0.000000            0
# Jump frustrated.
       166        83.0000       1       1       5.606678       4.877074      10.483751       3.531393       4.925789       1.000000     541.499386       0.000000            0
# Jump frustrated.
       167        83.5000       1       1       5.229226       5.281076      10.510302       3.531394       6.178587       1.000000     541.499386       0.000000            0
       168        84.0000       1       1       5.169031       5.358721      10.527751       3.531394       6.649058       1.000000     541.499386       0.000000            1
# Jump frustrated.
       169        84.5000       1       1       5.636356       4.871261      10.507617       3.531394       5.859711       1.000000     541.499386       0.000000            0
# Jump frustrated.
       170        85.0000       1       1       6.369780       4.107269      10.477049       3.531394       4.208173       1.000000     541.499386       0.000000            0
       171        85.5000       1       1       6.945695       3.524933      10.470628       3.531394       2.770843       1.000000     541.499386       0.000000            0
       172        86.0000       1       1       7.172481       3.301341      10.473822       3.531393       2.094162       1.000000     541.499386       0.000000            0
# Jump frustrated.
       173        86.5000       1       1       7.054278       3.424244      10.478522       3.531393       2.088866       1.000000     541.499386       0.000000            0
# Jump frustrated.
       174        87.0000       1       1       6.661579       3.824924      10.486504       3.531393       2.415593       1.000000     541.499386       0.000000            0
       175        87.5000       1       1       6.110928       4.385669      10.496598       3.531393       2.739594       1.000000     541.499386       0.000000            0
# Jump frustrated.
       176        88.0000       1       1       5.540789       4.964476      10.505265       3.531392       2.965359       1.000000     541.499386       0.000000            1
# Jump frustrated.
       177        88.5000       1       1       5.070430       5.438857      10.509287       3.531392       3.050379       1.000000     541.499386       0.000000            0
# Jump frustrated.
       178        89.0000       1       1       4.759417       5.749021      10.508438       3.531392       3.176277       1.000000     541.499386       0.000000            0
       179        89.5000       1       1       4.600465       5.904933      10.505398       3.531392       3.518991       1.000000     541.499386       0.000000            0
       180        90.0000       1       1       4.550210       5.952267      10.502477       3.531392       4.159642       1.000000     541.499386       0.000000            0
# Jump frustrated.
       181        90.5000       1       1       4.569512       5.932752      10.502264       3.531392       4.996908       1.000000     541.499386       0.000000            0
# Jump frustrated.
       182        91.0000       1       1       4.652397       5.851578      10.503975       3.531392       5.819299       1.000000     541.499386       0.000000            0
# Jump frustrated.
       183        91.5000       1       1       4.826045       5.680510      10.506556       3.531393       6.416299       1.000000     541.499386       0.000000            1
       184        92.0000       1       1       5.127885       5.379481      10.507366       3.531393       6.666816       1.000000     541.499386       0.000000            0
       185        92.5000       1       1       5.579462       4.927522      10.506984       3.531394       6.571296       1.000000     541.499386       0.000000            0
# Jump frustrated.
       186        93.0000       1       1       6.171277       4.332107      10.503384       3.531394       6.081408       1.000000     541.499386       0.000000            0
# Jump frustrated.
       187        93.5000       1       1       6.857884       3.642438      10.500322       3.531395       5.342886       1.000000     541.499386       0.000000            0
       188        94.0000       1       1       7.574204       2.922459      10.496663       3.531396       4.507650       1.000000     541.499386       0.000000            0
# Jump frustrated.
       189        94.5000       1       1       8.241494       2.250230      10.491724       3.531396       3.617554       1.000000     541.499386       0.000000            1
# Jump frustrated.
       190        95.0000       1       1       8.779694       1.708377      10.488071       3.531396       2.788299       1.000000     541.499386       0.000000            0
# Jump frustrated.
       191        95.5000       1       1       9.129750       1.356484      10.486234       3.531395       2.127677       1.000000     541.499386       0.000000            0
# Jump frustrated.
       192        96.0000       1       1       9.253260       1.232543      10.485803       3.531395       1.814075       1.000000     541.499386       0.000000            0
# Jump frustrated.
       193        96.5000       1       1       9.100879       1.371640      10.472518       3.531395       2.029987       1.000000     541.499386       0.000000            0
# Jump frustrated.
       194        97.0000       1       1       8.643247       1.848719      10.491966       3.531395       2.685075       1.000000     541.499386       0.000000            0
# Jump frustrated.
       195        97.5000       1       1       7.995963       2.502679      10.498642       3.531396       3.203988       1.000000     541.499386       0.000000            1
       196        98.0000       1       1       7.306039       3.201275      10.507314       3.531396       3.739006       1.000000     541.499386       0.000000            0
# Jump frustrated.
       197        98.5000       1       1       6.681950       3.833021      10.514971       3.531396       4.085983       1.000000     541.499386       0.000000            0
       198        99.0000       1       1       6.208263       4.307609      10.515873       3.531397       4.273382       1.000000     541.499386       0.000000            0
       199        99.5000       1       1       5.905284       4.608016      10.513300       3.531398       4.228216       1.000000     541.499386       0.000000            0
# Jump frustrated.
       200       100.0000       1       1       5.738447       4.770987      10.509434       3.531398       4.065850       1.000000     541.499386       0.000000            0
# Jump frustrated.
       201       100.5000       1       1       5.656024       4.852369      10.508393       3.531397       3.893768       1.000000     541.499386       0.000000            0
       202       101.0000       1       1       5.632273       4.877074      10.509347       3.531396       3.732616       1.000000     541.499386       0.000000            1
# Jump frustrated.
       203       101.5000       1       1       5.649606       4.853199      10.502805       3.531394       3.555279       1.000000     541.499386       0.000000            0
# Jump frustrated.
       204       102.0000       1       1       5.659277       4.842196      10.501473       3.531394       3.417263       1.000000     541.499386       0.000000            0
       205       102.5000       1       1       5.645385       4.860880      10.506265       3.531394       3.336117       1.000000     541.499386       0.000000            0
       206       103.0000       1       1       5.645030       4.861918      10.506949       3.531394       3.220572       1.000000     541.499386       0.000000            0
# Jump frustrated.
       207       103.5000       1       1       5.677540       4.829739      10.507279       3.531393       3.058353       1.000000     541.499386       0.000000            0
# Jump frustrated.
       208       104.0000       1       1       5.741747       4.764759      10.506505       3.531393       2.871092       1.000000     541.499386       0.000000            1
# Jump frustrated.
       209       104.5000       1       1       5.825646       4.679225      10.504870       3.531392       2.665880       1.000000     541.499386       0.000000            0
# Jump frustrated.
       210       105.0000       1       1       5.910069       4.593276      10.503345       3.531392       2.456444       1.000000     541.499386       0.000000            0
# Jump frustrated.
       211       105.5000       1       1       5.975008       4.526842      10.501850       3.531392       2.240938       1.000000     541.499386       0.000000            0
# Jump frustrated.
       212       106.0000       1       1       6.000273       4.500891      10.501164       3.531392       2.061438       1.000000     541.499386       0.000000            0
       213       106.5000       1       1       5.968664       4.531617      10.500280       3.531392       1.943866       1.000000     541.499386       0.000000            0
       214       107.0000       1       1       5.866647       4.632721      10.499368       3.531392       1.913010       1.000000     541.499386       0.000000            1
       215       107.5000       1       1       5.684768       4.814377      10.499145       3.531392       2.025473       1.000000     541.499386       0.000000            0
# Jump frustrated.
       216       108.0000       1       1       5.429860       5.071601      10.501460       3.531392       2.331828       1.000000     541.499386       0.000000            0
# Jump frustrated.
       217       108.5000       1       1       5.150726       5.357060      10.507786       3.531393       2.746006       1.000000     541.499386       0.000000            0
# Jump frustrated.
       218       109.0000       1       1       4.935657       5.576915      10.512571       3.531393       3.074531       1.000000     541.499386       0.000000            0
# Jump frustrated.
       219       109.5000       1       1       4.858109       5.655182      10.513291       3.531393       3.185714       1.000000     541.499386       0.000000            0
# Jump frustrated.
       220       110.0000       1       1       4.931063       5.579199      10.510262       3.531394       3.080102       1.000000     541.499386       0.000000            1
# Jump frustrated.
       221       110.5000       1       1       5.104465       5.400034      10.504499       3.531395       2.883180       1.000000     541.499386       0.000000            0
# Jump frustrated.
       222       111.0000       1       1       5.298341       5.202185      10.500526       3.531394       2.751253       1.000000     541.499386       0.000000            0
# Jump frustrated.
       223       111.5000       1       1       5.463558       5.038799      10.502357       3.531394       2.735530       1.000000     541.499386       0.000000            0
# Jump frustrated.
       224       112.0000       1       1       5.615920       4.889322      10.505242       3.531394       2.718172       1.000000     541.499386       0.000000            0
# Jump frustrated.
       225       112.5000       1       1       5.792983       4.713272      10.506255       3.531394       2.604637       1.000000     541.499386       0.000000            0
       226       113.0000       1       1       6.009145       4.496324      10.505469       3.531394       2.453946       1.000000     541.499386       0.000000            0
       227       113.5000       1       1       6.262603       4.242006      10.504609       3.531395       2.393703       1.000000     541.499386       0.000000            1
# Jump frustrated.
       228       114.0000       1       1       6.562018       3.944921      10.506939       3.531395       2.473805       1.000000     541.499386       0.000000            0
       229       114.5000       1       1       6.927366       3.580364      10.507730       3.531394       2.568896       1.000000     541.499386       0.000000            0
# Jump frustrated.
       230       115.0000       1       1       7.359357       3.146051      10.505409       3.531394       2.573570       1.000000     541.499386       0.000000            0
# Jump frustrated.
       231       115.5000       1       1       7.810376       2.683712      10.494088       3.531394       2.415267       1.000000     541.499386       0.000000            0
# Jump frustrated.
       232       116.0000       1       1       8.151290       2.331196      10.482486       3.531393       2.232310       1.000000     541.499386       0.000000            0
# Jump frustrated.
       233       116.5000       1       1       8.284274       2.202273      10.486547       3.531392       2.241456       1.000000     541.499386       0.000000            0
# Jump frustrated.
       234       117.0000       1       1       8.221939       2.269330      10.491268       3.531393       2.373715       1.000000     541.499386       0.000000            1
# Jump frustrated.
       235       117.5000       1       1       8.014149       2.476936      10.491085       3.531393       2.520466       1.000000     541.499386       0.000000            0
       236       118.0000       1       1       7.684144       2.804124      10.488268       3.531393       2.469568       1.000000     541.499386       0.000000            0
# Jump frustrated.
       237       118.5000       1       1       7.204913       3.280788      10.485701       3.531393       2.467438       1.000000     541.499386       0.000000            0
# Jump frustrated.
       238       119.0000       1       1       6.564835       3.925406      10.490241       3.531393       3.027485       1.000000     541.499386       0.000000            0
# Jump frustrated.
       239       119.5000       1       1       5.869538       4.638326      10.507864       3.531393       4.076920       1.000000     541.499386       0.000000            0
       240       120.0000       1       1       5.392672       5.135751      10.528423       3.531392       4.916703       1.000000     541.499386       0.000000            1
# Jump frustrated.
       241       120.5000       1       1       5.387338       5.133052      10.520390       3.531392       4.741409       1.000000     541.499386       0.000000            0
# Jump frustrated.
       242       121.0000       1       1       5.759214       4.737770      10.496983       3.531392       3.819647       1.000000     541.499386       0.000000            0
       243       121.5000       1       1       6.194983       4.293284      10.488267       3.531392       3.130202       1.000000     541.499386       0.000000            0
# Jump frustrated.
       244       122.0000       1       1       6.511764       3.977930      10.489694       3.531392       2.931202       1.000000     541.499386       0.000000            0
# Jump frustrated.
       245       122.5000       1       1       6.693838       3.800219      10.494058       3.531392       3.028917       1.000000     541.499386       0.000000            0
# Jump frustrated.
       246       123.0000       1       1       6.782904       3.712194      10.495098       3.531392       3.058410       1.000000     541.499386       0.000000            0
       247       123.5000       1       1       6.782090       3.709495      10.491586       3.531393       2.938102       1.000000     541.499386       0.000000            0
       248       124.0000       1       1       6.653809       3.834059      10.487868       3.531393       2.768996       1.000000     541.499386       0.000000            0
# Jump frustrated.
       249       124.5000       1       1       6.334886       4.146092      10.480977       3.531393       2.895051       1.000000     541.499386       0.000000            0
# Jump frustrated.
       250       125.0000       1       1       5.789977       4.696041      10.486018       3.531394       3.785335       1.000000     541.499386       0.000000            1
# Jump frustrated.
       251       125.5000       1       1       5.182307       5.333600      10.515907       3.531393       5.110573       1.000000     541.499386       0.000000            0
# Jump frustrated.
       252       126.0000       1       1       4.919782       5.613038      10.532821       3.531392       5.645584       1.000000     541.499386       0.000000            0
# Jump frustrated.
       253       126.5000       1       1       5.216290       5.293947      10.510237       3.531392       4.922198       1.000000     541.499386       0.000000            0
# Jump frustrated.
       254       127.0000       1       1       5.797034       4.688567      10.485601       3.531392       3.713890       1.000000     541.499386       0.000000            0
# Jump frustrated.
       255       127.5000       1       1       6.290284       4.191765      10.482049       3.531393       2.998503       1.000000     541.499386       0.000000            0
       256       128.0000       1       1       6.574451       3.917102      10.491553       3.531394       2.891272       1.000000     541.499386       0.000000            0
# Jump frustrated.
       257       128.5000       1       1       6.717793       3.780912      10.498705       3.531395       3.020499       1.000000     541.499386       0.000000            0
       258       129.0000       1       1       6.807742       3.692472      10.500213       3.531394       3.104726       1.000000     541.499386       0.000000            1
       259       129.5000       1       1       6.874437       3.624792      10.499229       3.531393       3.038893       1.000000     541.499386       0.000000            0
# Jump frustrated.
       260       130.0000       1       1       6.899720       3.593859      10.493579       3.531393       2.782821       1.000000     541.499386       0.000000            0
# Jump frustrated.
       261       130.5000       1       1       6.807575       3.677524      10.485099       3.531392       2.563862       1.000000     541.499386       0.000000            0
# Jump frustrated.
       262       131.0000       1       1       6.511512       3.972533      10.484045       3.531392       3.006053       1.000000     541.499386       0.000000            0
       263       131.5000       1       1       6.051856       4.449612      10.501468       3.531391       4.154116       1.000000     541.499386       0.000000            0
       264       132.0000       1       1       5.685270       4.835552      10.520822       3.531393       4.952791       1.000000     541.499386       0.000000            0
# Jump frustrated.
       265       132.5000       1       1       5.645158       4.867316      10.512474       3.531394       4.758187       1.000000     541.499386       0.000000            0
       266       133.0000       1       1       5.840575       4.652859      10.493434       3.531393       3.894320       1.000000     541.499386       0.000000            1
# Jump frustrated.
       267       133.5000       1       1       6.022097       4.468089      10.490187       3.531393       3.209095       1.000000     541.499386       0.000000            0
# Jump frustrated.
       268       134.0000       1       1       6.091999       4.403939      10.495937       3.531394       2.963923       1.000000     541.499386       0.000000            0
# Jump frustrated.
       269       134.5000       1       1       6.112573       4.393143      10.505716       3.531394       2.995770       1.000000     541.499386       0.000000            0
       270       135.0000       1       1       6.185457       4.322765      10.508221       3.531394       3.079998       1.000000     541.499386       0.000000            0
       271       135.5000       1       1       6.352000       4.152112      10.504112       3.531394       3.003484       1.000000     541.499386       0.000000            0
       272       136.0000       1       1       6.571447       3.924368      10.495815       3.531394       2.822872       1.000000     541.499386       0.000000            0
       273       136.5000       1       1       6.754256       3.732955      10.487211       3.531394       2.580017       1.000000     541.499386       0.000000            1
# Jump frustrated.
       274       137.0000       1       1       6.784052       3.693510      10.477562       3.531394       2.446046       1.000000     541.499386       0.000000            0
# Jump frustrated.
       275       137.5000       1       1       6.557332       3.918140      10.475471       3.531394       2.927500       1.000000     541.499386       0.000000            0
# Jump frustrated.
       276       138.0000       1       1       6.095871       4.395842      10.491713       3.531395       4.150130       1.000000     541.499386       0.000000            0
       277       138.5000       1       1       5.666879       4.851953      10.518832       3.531395       5.272879       1.000000     541.499386       0.000000            0
# Jump frustrated.
       278       139.0000       1       1       5.615785       4.905516      10.521301       3.531396       5.461955       1.000000     541.499386       0.000000            0
# Jump frustrated.
       279       139.5000       1       1       5.984657       4.513555      10.498212       3.531396       4.659156       1.000000     541.499386       0.000000            0
# Jump frustrated.
       280       140.0000       1       1       6.493894       3.991010      10.484904       3.531396       3.603986       1.000000     541.499386       0.000000            1
# Jump frustrated.
       281       140.5000       1       1       6.905627       3.578496      10.484123       3.531397       2.905296       1.000000     541.499386       0.000000            0
# Jump frustrated.
       282       141.0000       1       1       7.146589       3.335596      10.482185       3.531399       2.447659       1.000000     541.499386       0.000000            0
       283       141.5000       1       1       7.179477       3.301341      10.480818       3.531399       2.223116       1.000000     541.499386       0.000000            0
# Jump frustrated.
       284       142.0000       1       1       7.001000       3.487564      10.488565       3.531397       2.495187       1.000000     541.499386       0.000000            0
# Jump frustrated.
       285       142.5000       1       1       6.701925       3.796482      10.498407       3.531396       3.117883       1.000000     541.499386       0.000000            0
# Jump frustrated.
       286       143.0000       1       1       6.425419       4.080073      10.505491       3.531397       3.580104       1.000000     541.499386       0.000000            0
# Jump frustrated.
       287       143.5000       1       1       6.253705       4.243874      10.497579       3.531397       3.549979       1.000000     541.499386       0.000000            0
# Jump frustrated.
       288       144.0000       1       1       6.124475       4.369268      10.493744       3.531397       3.331330       1.000000     541.499386       0.000000            1
# Jump frustrated.
       289       144.5000       1       1       5.965714       4.528295      10.494009       3.531396       3.254804       1.000000     541.499386       0.000000            0
# Jump frustrated.
       290       145.0000       1       1       5.776881       4.721784      10.498665       3.531396       3.482190       1.000000     541.499386       0.000000            0
       291       145.5000       1       1       5.624427       4.882887      10.507314       3.531395       3.739123       1.000000     541.499386       0.000000            0
# Jump frustrated.
       292       146.0000       1       1       5.615100       4.895343      10.510444       3.531393       3.752992       1.000000     541.499386       0.000000            0
# Jump frustrated.
       293       146.5000       1       1       5.794588       4.712649      10.507237       3.531391       3.505136       1.000000     541.499386       0.000000            0
       294       147.0000       1       1       6.118480       4.380479      10.498959       3.531391       3.091201       1.000000     541.499386       0.000000            1
       295       147.5000       1       1       6.483107       4.008033      10.491140       3.531391       2.675419       1.000000     541.499386       0.000000            0
# Jump frustrated.
       296       148.0000       1       1       6.766589       3.714893      10.481482       3.531391       2.483761       1.000000     541.499386       0.000000            0
# Jump frustrated.
       297       148.5000       1       1       6.860420       3.618148      10.478568       3.531390       2.904130       1.000000     541.499386       0.000000            0
# Jump frustrated.
       298       149.0000       1       1       6.778595       3.716554      10.495149       3.531391       3.971707       1.000000     541.499386       0.000000            0
# Jump frustrated.
       299       149.5000       1       1       6.780321       3.739806      10.520127       3.531393       4.861409       1.000000     541.499386       0.000000            0
# Jump frustrated.
       300       150.0000       1       1       7.157403       3.353658      10.511061       3.531393       4.665975       1.000000     541.499386       0.000000            0
# Jump frustrated.
       301       150.5000       1       1       7.792903       2.683712      10.476615       3.531392       3.706959       1.000000     541.499386       0.000000            1
# Jump frustrated.
       302       151.0000       1       1       8.257112       2.202688      10.459800       3.531391       3.065872       1.000000     541.499386       0.000000            0
# Jump frustrated.
       303       151.5000       1       1       8.266306       2.192931      10.459236       3.531391       2.977085       1.000000     541.499386       0.000000            0
# Jump frustrated.
       304       152.0000       1       1       7.814993       2.662329      10.477321       3.531392       3.298632       1.000000     541.499386       0.000000            0
# Jump frustrated.
       305       152.5000       1       1       7.086073       3.408466      10.494539       3.531392       3.744976       1.000000     541.499386       0.000000            0
# Jump frustrated.
       306       153.0000       1       1       6.338886       4.173080      10.511966       3.531393       4.088626       1.000000     541.499386       0.000000            0
# Jump frustrated.
       307       153.5000       1       1       5.805484       4.712234      10.517718       3.531394       4.016347       1.000000     541.499386       0.000000            1
       308       154.0000       1       1       5.550588       4.957417      10.508005       3.531395       3.534294       1.000000     541.499386       0.000000            0
# Jump frustrated.
       309       154.5000       1       1       5.449321       5.047934      10.497255       3.531395       2.951584       1.000000     541.499386       0.000000            0
# Jump frustrated.
       310       155.0000       1       1       5.353388       5.142602      10.495990       3.531395       2.606525       1.000000     541.499386       0.000000            0
# Jump frustrated.
       311       155.5000       1       1       5.218711       5.281283      10.499994       3.531395       2.545343       1.000000     541.499386       0.000000            0
# Jump frustrated.
       312       156.0000       1       1       5.084490       5.419964      10.504454       3.531394       2.648353       1.000000     541.499386       0.000000            0
# Jump frustrated.
       313       156.5000       1       1       5.014926       5.493457      10.508383       3.531395       2.784697       1.000000     541.499386       0.000000            0
       314       157.0000       1       1       5.066680       5.443632      10.510312       3.531395       2.832996       1.000000     541.499386       0.000000            0
# Jump frustrated.
       315       157.5000       1       1       5.264231       5.244952      10.509183       3.531395       2.749952       1.000000     541.499386       0.000000            1
# Jump frustrated.
       316       158.0000       1       1       5.589637       4.916104      10.505741       3.531395       2.578317       1.000000     541.499386       0.000000            0
       317       158.5000       1       1       5.993815       4.507327      10.501142       3.531395       2.362190       1.000000     541.499386       0.000000            0
# Jump frustrated.
       318       159.0000       1       1       6.414531       4.082149      10.496680       3.531396       2.173963       1.000000     541.499386       0.000000            0
# Jump frustrated.
       319       159.5000       1       1       6.793115       3.700983      10.494099       3.531396       2.032585       1.000000     541.499386       0.000000            0
       320       160.0000       1       1       7.087289       3.405560      10.492849       3.531396       2.036188       1.000000     541.499386       0.000000            0
       321       160.5000       1       1       7.274631       3.217676      10.492307       3.531397       2.236052       1.000000     541.499386       0.000000            0
       322       161.0000       1       1       7.352975       3.142315      10.495290       3.531397       2.600199       1.000000     541.499386       0.000000            1
# Jump frustrated.
       323       161.5000       1       1       7.359647       3.140239      10.499885       3.531398       2.971178       1.000000     541.499386       0.000000            0
       324       162.0000       1       1       7.334957       3.161622      10.496579       3.531399       3.215692       1.000000     541.499386       0.000000            0
# Jump frustrated.
       325       162.5000       1       1       7.229545       3.252554      10.482099       3.531399       3.499288       1.000000     541.499386       0.000000            0
# Jump frustrated.
       326       163.0000       1       1       6.937063       3.549846      10.486909       3.531400       3.994110       1.000000     541.499386       0.000000            0
# Jump frustrated.
       327       163.5000       1       1       6.466369       4.028171      10.494541       3.531400       4.521959       1.000000     541.499386       0.000000            0
       328       164.0000       1       1       5.920039       4.583726      10.503765       3.531400       5.182893       1.000000     541.499386       0.000000            0
       329       164.5000       1       1       5.462761       5.054577      10.517338       3.531400       5.629162       1.000000     541.499386       0.000000            1
       330       165.0000       1       1       5.276018       5.242046      10.518063       3.531399       5.561551       1.000000     541.499386       0.000000            0
# Jump frustrated.
       331       165.5000       1       1       5.372964       5.132430      10.505393       3.531397       5.013363       1.000000     541.499386       0.000000            0
# Jump frustrated.
       332       166.0000       1       1       5.593232       4.902402      10.495633       3.531397       4.447090       1.000000     541.499386       0.000000            0
# Jump frustrated.
       333       166.5000       1       1       5.790501       4.705798      10.496300       3.531398       4.165541       1.000000     541.499386       0.000000            0
# Jump frustrated.
       334       167.0000       1       1       5.945407       4.556322      10.501729       3.531397       4.064121       1.000000     541.499386       0.000000            0
# Jump frustrated.
       335       167.5000       1       1       6.106240       4.397088      10.503328       3.531396       3.885728       1.000000     541.499386       0.000000            1
# Jump frustrated.
       336       168.0000       1       1       6.294322       4.207335      10.501658       3.531398       3.566679       1.000000     541.499386       0.000000            0
       337       168.5000       1       1       6.485657       4.013016      10.498672       3.531398       3.197095       1.000000     541.499386       0.000000            0
# Jump frustrated.
       338       169.0000       1       1       6.636832       3.858557      10.495389       3.531398       2.962688       1.000000     541.499386       0.000000            0
# Jump frustrated.
       339       169.5000       1       1       6.706383       3.787348      10.493730       3.531397       3.068294       1.000000     541.499386       0.000000            0
       340       170.0000       1       1       6.678320       3.817035      10.495355       3.531396       3.632940       1.000000     541.499386       0.000000            0
       341       170.5000       1       1       6.583924       3.917102      10.501026       3.531395       4.457619       1.000000     541.499386       0.000000            1
# Jump frustrated.
       342       171.0000       1       1       6.496284       4.010317      10.506601       3.531396       5.279705       1.000000     541.499386       0.000000            0
# Jump frustrated.
       343       171.5000       1       1       6.477315       4.027756      10.505071       3.531394       6.004909       1.000000     541.499386       0.000000            0
# Jump frustrated.
       344       172.0000       1       1       6.521822       3.978346      10.500168       3.531393       6.630248       1.000000     541.499386       0.000000            0
# Jump frustrated.
       345       172.5000       1       1       6.585327       3.913157      10.498485       3.531392       6.978483       1.000000     541.499386       0.000000            0
       346       173.0000       1       1       6.641218       3.857519      10.498736       3.531390       7.057217       1.000000     541.499386       0.000000            0
       347       173.5000       1       1       6.684352       3.812053      10.496405       3.531390       6.736975       1.000000     541.499386       0.000000            1
# Jump frustrated.
       348       174.0000       1       1       6.693892       3.800634      10.494527       3.531390       6.088194       1.000000     541.499386       0.000000            0
       349       174.5000       1       1       6.662543       3.836343      10.498886       3.531391       5.370017       1.000000     541.499386       0.000000            0
# Jump frustrated.
       350       175.0000       1       1       6.664303       3.845062      10.509365       3.531391       4.860605       1.000000     541.499386       0.000000            0
# Jump frustrated.
       351       175.5000       1       1       6.832851       3.680015      10.512866       3.531392       4.428820       1.000000     541.499386       0.000000            0
       352       176.0000       1       1       7.196803       3.304040      10.500843       3.531391       3.796727       1.000000     541.499386       0.000000            0
       353       176.5000       1       1       7.602140       2.884883      10.487022       3.531391       3.070033       1.000000     541.499386       0.000000            1
# Jump frustrated.
       354       177.0000       1       1       7.874278       2.611673      10.485951       3.531392       2.511513       1.000000     541.499386       0.000000            0
# Jump frustrated.
       355       177.5000       1       1       7.946016       2.541086      10.487102       3.531392       2.128583       1.000000     541.499386       0.000000            0
# Jump frustrated.
       356       178.0000       1       1       7.818668       2.671671      10.490339       3.531392       1.944943       1.000000     541.499386       0.000000            0
# Jump frustrated.
       357       178.5000       1       1       7.525215       2.968756      10.493971       3.531392       2.013671       1.000000     541.499386       0.000000            0
       358       179.0000       1       1       7.110229       3.385629      10.495858       3.531393       2.274834       1.000000     541.499386       0.000000            0
       359       179.5000       1       1       6.606030       3.890528      10.496558       3.531394       2.667975       1.000000     541.499386       0.000000            1
# Jump frustrated.
       360       180.0000       1       1       6.024933       4.470996      10.495929       3.531395       3.241699       1.000000     541.499386       0.000000            0
       361       180.5000       1       1       5.384685       5.113330      10.498015       3.531395       4.004266       1.000000     541.499386       0.000000            0
       362       181.0000       1       1       4.753930       5.755249      10.509179       3.531395       4.947505       1.000000     541.499386       0.000000            0
       363       181.5000       1       1       4.298099       6.225477      10.523576       3.531395       5.765554       1.000000     541.499386       0.000000            0
# Jump frustrated.
       364       182.0000       1       1       4.215281       6.311634      10.526915       3.531394       6.021087       1.000000     541.499386       0.000000            0
# Jump frustrated.
       365       182.5000       1       1       4.548877       5.965139      10.514016       3.531394       5.605493       1.000000     541.499386       0.000000            1
# Jump frustrated.
       366       183.0000       1       1       5.126509       5.372215      10.498724       3.531394       4.863606       1.000000     541.499386       0.000000            0
       367       183.5000       1       1       5.694247       4.790502      10.484748       3.531395       4.097752       1.000000     541.499386       0.000000            0
       368       184.0000       1       1       6.048692       4.432173      10.480866       3.531394       3.588897       1.000000     541.499386       0.000000            0
# Jump frustrated.
       369       184.5000       1       1       6.075534       4.396880      10.472414       3.531394       3.476826       1.000000     541.499386       0.000000            0
# Jump frustrated.
       370       185.0000       1       1       5.707913       4.766004      10.473917       3.531393       3.961874       1.000000     541.499386       0.000000            0
       371       185.5000       1       1       5.028675       5.467921      10.496596       3.531392       5.048077       1.000000     541.499386       0.000000            0
# Jump frustrated.
       372       186.0000       1       1       4.404107       6.125411      10.529518       3.531391       6.109794       1.000000     541.499386       0.000000            1
# Jump frustrated.
       373       186.5000       1       1       4.288767       6.250390      10.539157       3.531389       6.391136       1.000000     541.499386       0.000000            0
       374       187.0000       1       1       4.814603       5.702724      10.517327       3.531387       5.760071       1.000000     541.499386       0.000000            0
       375       187.5000       1       1       5.699400       4.792578      10.491978       3.531388       4.776149       1.000000     541.499386       0.000000            0
       376       188.0000       1       1       6.570470       3.908797      10.479268       3.531390       3.772254       1.000000     541.499386       0.000000            0
# Jump frustrated.
       377       188.5000       1       1       7.212600       3.266878      10.479479       3.531391       3.030818       1.000000     541.499386       0.000000            0
       378       189.0000       1       1       7.586268       2.899000      10.485268       3.531392       2.595255       1.000000     541.499386       0.000000            1
# Jump frustrated.
       379       189.5000       1       1       7.738705       2.750769      10.489474       3.531393       2.465534       1.000000     541.499386       0.000000            0
# Jump frustrated.
       380       190.0000       1       1       7.723782       2.766339      10.490121       3.531393       2.551818       1.000000     541.499386       0.000000            0
# Jump frustrated.
       381       190.5000       1       1       7.573966       2.918722      10.492688       3.531391       2.798027       1.000000     541.499386       0.000000            0
       382       191.0000       1       1       7.316725       3.178230      10.494956       3.531391       3.139265       1.000000     541.499386       0.000000            0
       383       191.5000       1       1       6.976527       3.518290      10.494817       3.531391       3.611416       1.000000     541.499386       0.000000            0
# Jump frustrated.
       384       192.0000       1       1       6.593674       3.908175      10.501849       3.531392       4.471493       1.000000     541.499386       0.000000            0
       385       192.5000       1       1       6.302724       4.214186      10.516911       3.531393       5.362086       1.000000     541.499386       0.000000            0
       386       193.0000       1       1       6.283502       4.234532      10.518034       3.531392       5.920880       1.000000     541.499386       0.000000            1
# Jump frustrated.
       387       193.5000       1       1       6.554332       3.950734      10.505066       3.531391       6.227416       1.000000     541.499386       0.000000            0
# Jump frustrated.
       388       194.0000       1       1       6.963459       3.531577      10.495035       3.531392       6.492678       1.000000     541.499386       0.000000            0
# Jump frustrated.
       389       194.5000       1       1       7.364224       3.127367      10.491591       3.531393       6.589463       1.000000     541.499386       0.000000            0
# Jump frustrated.
       390       195.0000       1       1       7.679814       2.807445      10.487259       3.531395       6.305768       1.000000     541.499386       0.000000            0
# Jump frustrated.
       391       195.5000       1       1       7.829087       2.647381      10.476468       3.531396       5.573778       1.000000     541.499386       0.000000            0
       392       196.0000       1       1       7.673635       2.791875      10.465510       3.531395       4.647096       1.000000     541.499386       0.000000            0
       393       196.5000       1       1       7.106586       3.363415      10.470001       3.531394       4.185530       1.000000     541.499386       0.000000            1
# Jump frustrated.
       394       197.0000       1       1       6.253070       4.248649      10.501719       3.531396       4.862490       1.000000     541.499386       0.000000            0
# Jump frustrated.
       395       197.5000       1       1       5.600026       4.938525      10.538551       3.531398       5.623792       1.000000     541.499386       0.000000            0
# Jump frustrated.
       396       198.0000       1       1       5.597386       4.928975      10.526361       3.531399       5.322603       1.000000     541.499386       0.000000            0
       397       198.5000       1       1       6.101502       4.383593      10.485095       3.531400       4.102002       1.000000     541.499386       0.000000            0
       398       199.0000       1       1       6.595237       3.873920      10.469157       3.531399       2.978588       1.000000     541.499386       0.000000            0
# Jump frustrated.
       399       199.5000       1       1       6.762590       3.711779      10.474369       3.531398       2.582937       1.000000     541.499386       0.000000            0
       400       200.0000       1       1       6.608840       3.878487      10.487327       3.531397       2.681877       1.000000     541.499386       0.000000            1
