#===============================================================================================================================================================================
#     Step |         Time |         State |                                     Energy |      Angular |     Gradient |      Density |           Expectation Value |    Runtime |
#          |              |  diag |   MCH |          kin |          pot |          tot |     Momentum |          RMS |        Total |           DM |            S |            |
#          |         [fs] |       |       |         [eV] |         [eV] |         [eV] |       [hbar] |     [eV/Ang] |              |      [Debye] |              |      [sec] |
#===============================================================================================================================================================================
         0         0.0000       2       2       0.205714       9.764128       9.969842       0.000081       1.975787       1.000000     541.499386       0.000000            3
# Surface Hop/Pointer State Switch: new state=      1 old state=      2 randnum=  0.470235391 gap= -9.709959 eV
         1         0.5000       1       1       9.945361       0.024482       9.969842       2.336195       0.591522       1.000000     541.499386       0.000000            2
         2         1.0000       1       1       9.455989       0.520246       9.976234       2.336195       2.342774       1.000000     541.499386       0.000000            1
         3         1.5000       1       1       8.464992       1.543122      10.008114       2.336196       4.302449       1.000000     541.499386       0.000000            0
# Jump frustrated.
         4         2.0000       1       1       7.406473       2.636585      10.043058       2.336196       5.616347       1.000000     541.499386       0.000000            0
# Jump frustrated.
         5         2.5000       1       1       6.728181       3.312759      10.040940       2.336195       5.563722       1.000000     541.499386       0.000000            0
         6         3.0000       1       1       6.426333       3.589706      10.016039       2.336195       4.497821       1.000000     541.499386       0.000000            0
# Jump frustrated.
         7         3.5000       1       1       6.183355       3.824717      10.008072       2.336196       3.554766       1.000000     541.499386       0.000000            0
# Jump frustrated.
         8         4.0000       1       1       5.817359       4.195294      10.012653       2.336195       3.170812       1.000000     541.499386       0.000000            0
# Jump frustrated.
         9         4.5000       1       1       5.338703       4.677564      10.016267       2.336194       3.216765       1.000000     541.499386       0.000000            0
        10         5.0000       1       1       4.834074       5.189314      10.023388       2.336194       3.363555       1.000000     541.499386       0.000000            1
        11         5.5000       1       1       4.402430       5.629854      10.032285       2.336194       3.463800       1.000000     541.499386       0.000000            0
# Jump frustrated.
        12         6.0000       1       1       4.143615       5.891439      10.035053       2.336194       3.358704       1.000000     541.499386       0.000000            0
        13         6.5000       1       1       4.086700       5.943755      10.030455       2.336194       3.148631       1.000000     541.499386       0.000000            0
# Jump frustrated.
        14         7.0000       1       1       4.171907       5.852201      10.024108       2.336194       2.926709       1.000000     541.499386       0.000000            0
        15         7.5000       1       1       4.314756       5.704178      10.018933       2.336194       2.806109       1.000000     541.499386       0.000000            1
# Jump frustrated.
        16         8.0000       1       1       4.448062       5.568195      10.016258       2.336194       2.920942       1.000000     541.499386       0.000000            0
# Jump frustrated.
        17         8.5000       1       1       4.552779       5.466468      10.019247       2.336194       3.394394       1.000000     541.499386       0.000000            0
        18         9.0000       1       1       4.700512       5.329240      10.029752       2.336194       4.070472       1.000000     541.499386       0.000000            0
# Jump frustrated.
        19         9.5000       1       1       5.051682       4.988351      10.040032       2.336193       4.549500       1.000000     541.499386       0.000000            0
# Jump frustrated.
        20        10.0000       1       1       5.736703       4.297852      10.034555       2.336193       4.472066       1.000000     541.499386       0.000000            0
# Jump frustrated.
        21        10.5000       1       1       6.656872       3.353866      10.010737       2.336193       3.641529       1.000000     541.499386       0.000000            0
        22        11.0000       1       1       7.470488       2.516589       9.987077       2.336192       2.606120       1.000000     541.499386       0.000000            1
# Jump frustrated.
        23        11.5000       1       1       7.866793       2.112172       9.978965       2.336192       2.002083       1.000000     541.499386       0.000000            0
        24        12.0000       1       1       7.708669       2.270991       9.979660       2.336192       2.362048       1.000000     541.499386       0.000000            0
# Jump frustrated.
        25        12.5000       1       1       7.063558       2.936992      10.000550       2.336192       3.716990       1.000000     541.499386       0.000000            0
        26        13.0000       1       1       6.299922       3.737315      10.037237       2.336192       5.043049       1.000000     541.499386       0.000000            0
        27        13.5000       1       1       5.929801       4.120348      10.050149       2.336191       5.231417       1.000000     541.499386       0.000000            0
        28        14.0000       1       1       6.091594       3.927897      10.019491       2.336191       4.228551       1.000000     541.499386       0.000000            1
# Jump frustrated.
        29        14.5000       1       1       6.418862       3.579326       9.998188       2.336191       3.251271       1.000000     541.499386       0.000000            0
# Jump frustrated.
        30        15.0000       1       1       6.580853       3.422583      10.003436       2.336192       3.264852       1.000000     541.499386       0.000000            0
# Jump frustrated.
        31        15.5000       1       1       6.559452       3.452894      10.012346       2.336192       3.736614       1.000000     541.499386       0.000000            0
# Jump frustrated.
        32        16.0000       1       1       6.457738       3.562302      10.020040       2.336193       4.189174       1.000000     541.499386       0.000000            0
# Jump frustrated.
        33        16.5000       1       1       6.373244       3.650950      10.024195       2.336192       4.456544       1.000000     541.499386       0.000000            0
        34        17.0000       1       1       6.357977       3.666313      10.024291       2.336192       4.544358       1.000000     541.499386       0.000000            0
        35        17.5000       1       1       6.410495       3.612543      10.023038       2.336192       4.527262       1.000000     541.499386       0.000000            0
# Jump frustrated.
        36        18.0000       1       1       6.499869       3.518913      10.018781       2.336193       4.246421       1.000000     541.499386       0.000000            1
        37        18.5000       1       1       6.564193       3.448534      10.012727       2.336193       3.815429       1.000000     541.499386       0.000000            0
# Jump frustrated.
        38        19.0000       1       1       6.528532       3.481751      10.010283       2.336192       3.326419       1.000000     541.499386       0.000000            0
        39        19.5000       1       1       6.375766       3.640778      10.016543       2.336192       3.103615       1.000000     541.499386       0.000000            0
# Jump frustrated.
        40        20.0000       1       1       6.186031       3.838834      10.024865       2.336192       3.093385       1.000000     541.499386       0.000000            0
        41        20.5000       1       1       6.069784       3.959453      10.029237       2.336193       3.141960       1.000000     541.499386       0.000000            0
# Jump frustrated.
        42        21.0000       1       1       6.098152       3.932257      10.030409       2.336193       3.127608       1.000000     541.499386       0.000000            0
# Jump frustrated.
        43        21.5000       1       1       6.278830       3.746864      10.025694       2.336193       2.985979       1.000000     541.499386       0.000000            0
        44        22.0000       1       1       6.548292       3.470333      10.018625       2.336192       2.705322       1.000000     541.499386       0.000000            0
        45        22.5000       1       1       6.797820       3.213524      10.011344       2.336192       2.423719       1.000000     541.499386       0.000000            1
        46        23.0000       1       1       6.918022       3.087506      10.005529       2.336192       2.283893       1.000000     541.499386       0.000000            0
# Jump frustrated.
        47        23.5000       1       1       6.832015       3.172833      10.004847       2.336192       2.368942       1.000000     541.499386       0.000000            0
        48        24.0000       1       1       6.530065       3.480090      10.010156       2.336191       2.660231       1.000000     541.499386       0.000000            0
# Jump frustrated.
        49        24.5000       1       1       6.079066       3.939731      10.018797       2.336191       3.125549       1.000000     541.499386       0.000000            0
# Jump frustrated.
        50        25.0000       1       1       5.609845       4.421170      10.031015       2.336191       3.558538       1.000000     541.499386       0.000000            0
        51        25.5000       1       1       5.272436       4.760814      10.033250       2.336192       3.559838       1.000000     541.499386       0.000000            0
        52        26.0000       1       1       5.099846       4.925031      10.024877       2.336191       3.271346       1.000000     541.499386       0.000000            1
# Jump frustrated.
        53        26.5000       1       1       5.015367       5.007243      10.022610       2.336191       3.067029       1.000000     541.499386       0.000000            0
# Jump frustrated.
        54        27.0000       1       1       4.970465       5.052709      10.023174       2.336190       3.046811       1.000000     541.499386       0.000000            0
        55        27.5000       1       1       4.963370       5.060390      10.023760       2.336190       3.097979       1.000000     541.499386       0.000000            0
# Jump frustrated.
        56        28.0000       1       1       4.993719       5.029042      10.022760       2.336189       3.131249       1.000000     541.499386       0.000000            0
        57        28.5000       1       1       5.044195       4.977555      10.021750       2.336189       3.194222       1.000000     541.499386       0.000000            0
# Jump frustrated.
        58        29.0000       1       1       5.097154       4.925031      10.022185       2.336189       3.340125       1.000000     541.499386       0.000000            0
# Jump frustrated.
        59        29.5000       1       1       5.153598       4.870638      10.024236       2.336189       3.607897       1.000000     541.499386       0.000000            0
# Jump frustrated.
        60        30.0000       1       1       5.243811       4.784689      10.028499       2.336189       3.979229       1.000000     541.499386       0.000000            0
# Jump frustrated.
        61        30.5000       1       1       5.430207       4.602826      10.033033       2.336189       4.334686       1.000000     541.499386       0.000000            1
# Jump frustrated.
        62        31.0000       1       1       5.778780       4.255500      10.034280       2.336190       4.507407       1.000000     541.499386       0.000000            0
# Jump frustrated.
        63        31.5000       1       1       6.306878       3.722574      10.029453       2.336190       4.407978       1.000000     541.499386       0.000000            0
        64        32.0000       1       1       6.949960       3.070690      10.020650       2.336190       3.977592       1.000000     541.499386       0.000000            0
# Jump frustrated.
        65        32.5000       1       1       7.588545       2.424412      10.012956       2.336190       3.349413       1.000000     541.499386       0.000000            0
        66        33.0000       1       1       8.105286       1.900413      10.005699       2.336190       2.680046       1.000000     541.499386       0.000000            1
# Jump frustrated.
        67        33.5000       1       1       8.415185       1.589003      10.004188       2.336191       2.221898       1.000000     541.499386       0.000000            0
# Jump frustrated.
        68        34.0000       1       1       8.490368       1.515718      10.006087       2.336191       2.185327       1.000000     541.499386       0.000000            0
# Jump frustrated.
        69        34.5000       1       1       8.349275       1.658552      10.007827       2.336191       2.552003       1.000000     541.499386       0.000000            0
# Jump frustrated.
        70        35.0000       1       1       8.031196       1.979719      10.010915       2.336191       3.110436       1.000000     541.499386       0.000000            0
# Jump frustrated.
        71        35.5000       1       1       7.582555       2.428979      10.011534       2.336191       3.764079       1.000000     541.499386       0.000000            0
        72        36.0000       1       1       7.063048       2.956922      10.019970       2.336191       4.250210       1.000000     541.499386       0.000000            0
# Jump frustrated.
        73        36.5000       1       1       6.557001       3.468672      10.025673       2.336192       4.433705       1.000000     541.499386       0.000000            0
# Jump frustrated.
        74        37.0000       1       1       6.124099       3.901531      10.025630       2.336192       4.522007       1.000000     541.499386       0.000000            1
        75        37.5000       1       1       5.778732       4.247403      10.026135       2.336191       4.611259       1.000000     541.499386       0.000000            0
# Jump frustrated.
        76        38.0000       1       1       5.534193       4.493209      10.027403       2.336191       4.622974       1.000000     541.499386       0.000000            0
# Jump frustrated.
        77        38.5000       1       1       5.401165       4.625455      10.026620       2.336191       4.487054       1.000000     541.499386       0.000000            0
# Jump frustrated.
        78        39.0000       1       1       5.368164       4.657011      10.025175       2.336191       4.219781       1.000000     541.499386       0.000000            0
        79        39.5000       1       1       5.410330       4.613206      10.023536       2.336191       3.866282       1.000000     541.499386       0.000000            0
# Jump frustrated.
        80        40.0000       1       1       5.500881       4.520821      10.021702       2.336191       3.489879       1.000000     541.499386       0.000000            1
        81        40.5000       1       1       5.616944       4.404354      10.021298       2.336191       3.141893       1.000000     541.499386       0.000000            0
        82        41.0000       1       1       5.750545       4.271278      10.021824       2.336191       2.836053       1.000000     541.499386       0.000000            0
# Jump frustrated.
        83        41.5000       1       1       5.899078       4.120348      10.019426       2.336192       2.505659       1.000000     541.499386       0.000000            0
        84        42.0000       1       1       6.019996       3.991425      10.011420       2.336191       2.171830       1.000000     541.499386       0.000000            0
# Jump frustrated.
        85        42.5000       1       1       6.010577       3.991840      10.002417       2.336191       2.233436       1.000000     541.499386       0.000000            0
# Jump frustrated.
        86        43.0000       1       1       5.781650       4.222283      10.003934       2.336191       3.181685       1.000000     541.499386       0.000000            1
# Jump frustrated.
        87        43.5000       1       1       5.401848       4.619642      10.021490       2.336191       4.542796       1.000000     541.499386       0.000000            0
# Jump frustrated.
        88        44.0000       1       1       5.131758       4.905931      10.037689       2.336190       5.413987       1.000000     541.499386       0.000000            0
        89        44.5000       1       1       5.173830       4.854652      10.028482       2.336189       5.262218       1.000000     541.499386       0.000000            0
        90        45.0000       1       1       5.420935       4.589331      10.010266       2.336189       4.339922       1.000000     541.499386       0.000000            0
# Jump frustrated.
        91        45.5000       1       1       5.616628       4.387953      10.004581       2.336188       3.412029       1.000000     541.499386       0.000000            0
# Jump frustrated.
        92        46.0000       1       1       5.637992       4.371552      10.009544       2.336188       2.908566       1.000000     541.499386       0.000000            0
# Jump frustrated.
        93        46.5000       1       1       5.523473       4.494455      10.017928       2.336189       2.764442       1.000000     541.499386       0.000000            1
# Jump frustrated.
        94        47.0000       1       1       5.374685       4.649745      10.024430       2.336190       2.758969       1.000000     541.499386       0.000000            0
# Jump frustrated.
        95        47.5000       1       1       5.278637       4.748565      10.027202       2.336190       2.735100       1.000000     541.499386       0.000000            0
# Jump frustrated.
        96        48.0000       1       1       5.273761       4.752510      10.026271       2.336189       2.660928       1.000000     541.499386       0.000000            0
        97        48.5000       1       1       5.358201       4.667391      10.025592       2.336189       2.526928       1.000000     541.499386       0.000000            0
        98        49.0000       1       1       5.515217       4.509195      10.024412       2.336189       2.381848       1.000000     541.499386       0.000000            0
# Jump frustrated.
        99        49.5000       1       1       5.720955       4.300758      10.021713       2.336189       2.243882       1.000000     541.499386       0.000000            1
       100        50.0000       1       1       5.941888       4.077997      10.019884       2.336189       2.150769       1.000000     541.499386       0.000000            0
       101        50.5000       1       1       6.153334       3.867276      10.020610       2.336190       2.174559       1.000000     541.499386       0.000000            0
# Jump frustrated.
       102        51.0000       1       1       6.364346       3.659670      10.024016       2.336190       2.339288       1.000000     541.499386       0.000000            0
# Jump frustrated.
       103        51.5000       1       1       6.621595       3.406598      10.028193       2.336191       2.575197       1.000000     541.499386       0.000000            0
       104        52.0000       1       1       6.981590       3.047231      10.028820       2.336190       2.756324       1.000000     541.499386       0.000000            1
# Jump frustrated.
       105        52.5000       1       1       7.460233       2.562470      10.022703       2.336190       2.725206       1.000000     541.499386       0.000000            0
# Jump frustrated.
       106        53.0000       1       1       7.975359       2.034734      10.010093       2.336190       2.413996       1.000000     541.499386       0.000000            0
       107        53.5000       1       1       8.369239       1.632186      10.001425       2.336190       1.936077       1.000000     541.499386       0.000000            0
# Jump frustrated.
       108        54.0000       1       1       8.502355       1.493712       9.996067       2.336190       1.626836       1.000000     541.499386       0.000000            0
# Jump frustrated.
       109        54.5000       1       1       8.314055       1.687617      10.001671       2.336191       1.932196       1.000000     541.499386       0.000000            0
# Jump frustrated.
       110        55.0000       1       1       7.876496       2.137707      10.014203       2.336191       2.601206       1.000000     541.499386       0.000000            1
       111        55.5000       1       1       7.366894       2.659007      10.025901       2.336191       3.125831       1.000000     541.499386       0.000000            0
# Jump frustrated.
       112        56.0000       1       1       6.946360       3.080240      10.026600       2.336191       3.156638       1.000000     541.499386       0.000000            0
# Jump frustrated.
       113        56.5000       1       1       6.633545       3.385629      10.019174       2.336190       2.878186       1.000000     541.499386       0.000000            0
# Jump frustrated.
       114        57.0000       1       1       6.341372       3.676486      10.017858       2.336191       2.737477       1.000000     541.499386       0.000000            0
       115        57.5000       1       1       6.022324       3.996407      10.018732       2.336191       2.770663       1.000000     541.499386       0.000000            0
       116        58.0000       1       1       5.679219       4.341034      10.020253       2.336191       2.895799       1.000000     541.499386       0.000000            1
       117        58.5000       1       1       5.332885       4.688982      10.021868       2.336191       3.012286       1.000000     541.499386       0.000000            0
# Jump frustrated.
       118        59.0000       1       1       5.005479       5.017831      10.023310       2.336191       3.167652       1.000000     541.499386       0.000000            0
# Jump frustrated.
       119        59.5000       1       1       4.722216       5.303705      10.025921       2.336191       3.350470       1.000000     541.499386       0.000000            0
       120        60.0000       1       1       4.524723       5.504875      10.029598       2.336190       3.540319       1.000000     541.499386       0.000000            0
       121        60.5000       1       1       4.465124       5.566742      10.031866       2.336191       3.638426       1.000000     541.499386       0.000000            0
# Jump frustrated.
       122        61.0000       1       1       4.573943       5.455880      10.029824       2.336191       3.531485       1.000000     541.499386       0.000000            1
# Jump frustrated.
       123        61.5000       1       1       4.822749       5.200940      10.023689       2.336191       3.210094       1.000000     541.499386       0.000000            0
       124        62.0000       1       1       5.125906       4.891399      10.017304       2.336190       2.861132       1.000000     541.499386       0.000000            0
       125        62.5000       1       1       5.390372       4.623794      10.014166       2.336190       2.724913       1.000000     541.499386       0.000000            0
# Jump frustrated.
       126        63.0000       1       1       5.575955       4.440893      10.016848       2.336191       2.874505       1.000000     541.499386       0.000000            0
       127        63.5000       1       1       5.706091       4.313630      10.019721       2.336191       3.170312       1.000000     541.499386       0.000000            0
       128        64.0000       1       1       5.827731       4.194464      10.022195       2.336191       3.432709       1.000000     541.499386       0.000000            0
       129        64.5000       1       1       5.963585       4.055783      10.019368       2.336191       3.561631       1.000000     541.499386       0.000000            0
# Jump frustrated.
       130        65.0000       1       1       6.091324       3.926236      10.017560       2.336190       3.550224       1.000000     541.499386       0.000000            1
       131        65.5000       1       1       6.165900       3.848799      10.014699       2.336190       3.469814       1.000000     541.499386       0.000000            0
       132        66.0000       1       1       6.151674       3.864162      10.015836       2.336190       3.406052       1.000000     541.499386       0.000000            0
# Jump frustrated.
       133        66.5000       1       1       6.057337       3.962775      10.020113       2.336190       3.379703       1.000000     541.499386       0.000000            0
       134        67.0000       1       1       5.939567       4.085678      10.025245       2.336190       3.372689       1.000000     541.499386       0.000000            0
       135        67.5000       1       1       5.870828       4.158548      10.029376       2.336190       3.352965       1.000000     541.499386       0.000000            0
# Jump frustrated.
       136        68.0000       1       1       5.906139       4.124293      10.030432       2.336190       3.293596       1.000000     541.499386       0.000000            0
       137        68.5000       1       1       6.060365       3.968173      10.028538       2.336190       3.210137       1.000000     541.499386       0.000000            1
# Jump frustrated.
       138        69.0000       1       1       6.309038       3.716139      10.025177       2.336190       3.117506       1.000000     541.499386       0.000000            0
# Jump frustrated.
       139        69.5000       1       1       6.605889       3.415525      10.021414       2.336190       3.072073       1.000000     541.499386       0.000000            0
       140        70.0000       1       1       6.900251       3.117402      10.017653       2.336190       3.040476       1.000000     541.499386       0.000000            0
# Jump frustrated.
       141        70.5000       1       1       7.152261       2.864330      10.016590       2.336191       3.021841       1.000000     541.499386       0.000000            0
# Jump frustrated.
       142        71.0000       1       1       7.336626       2.678729      10.015356       2.336191       3.043854       1.000000     541.499386       0.000000            0
# Jump frustrated.
       143        71.5000       1       1       7.435916       2.578456      10.014372       2.336191       3.180040       1.000000     541.499386       0.000000            0
# Jump frustrated.
       144        72.0000       1       1       7.432428       2.580116      10.012545       2.336191       3.327807       1.000000     541.499386       0.000000            0
       145        72.5000       1       1       7.307559       2.704888      10.012447       2.336191       3.519689       1.000000     541.499386       0.000000            1
# Jump frustrated.
       146        73.0000       1       1       7.066737       2.947580      10.014317       2.336192       3.765256       1.000000     541.499386       0.000000            0
# Jump frustrated.
       147        73.5000       1       1       6.758366       3.262934      10.021300       2.336192       4.087762       1.000000     541.499386       0.000000            0
       148        74.0000       1       1       6.484336       3.544241      10.028576       2.336191       4.395521       1.000000     541.499386       0.000000            0
# Jump frustrated.
       149        74.5000       1       1       6.339824       3.687489      10.027313       2.336191       4.535325       1.000000     541.499386       0.000000            0
       150        75.0000       1       1       6.327790       3.693925      10.021715       2.336191       4.463179       1.000000     541.499386       0.000000            0
# Jump frustrated.
       151        75.5000       1       1       6.376714       3.640778      10.017491       2.336191       4.251306       1.000000     541.499386       0.000000            0
       152        76.0000       1       1       6.399677       3.613166      10.012843       2.336191       4.022085       1.000000     541.499386       0.000000            0
       153        76.5000       1       1       6.321677       3.687074      10.008751       2.336191       3.838206       1.000000     541.499386       0.000000            1
       154        77.0000       1       1       6.083409       3.922292      10.005701       2.336191       3.778912       1.000000     541.499386       0.000000            0
       155        77.5000       1       1       5.660610       4.347677      10.008287       2.336191       4.134575       1.000000     541.499386       0.000000            0
       156        78.0000       1       1       5.167605       4.863787      10.031392       2.336192       5.009612       1.000000     541.499386       0.000000            0
       157        78.5000       1       1       4.932305       5.117689      10.049994       2.336192       5.443277       1.000000     541.499386       0.000000            0
# Jump frustrated.
       158        79.0000       1       1       5.160635       4.871261      10.031896       2.336193       4.824535       1.000000     541.499386       0.000000            1
# Jump frustrated.
       159        79.5000       1       1       5.649112       4.363040      10.012153       2.336193       3.849921       1.000000     541.499386       0.000000            0
# Jump frustrated.
       160        80.0000       1       1       6.110383       3.896964      10.007347       2.336193       3.143670       1.000000     541.499386       0.000000            0
       161        80.5000       1       1       6.430424       3.577873      10.008297       2.336193       2.763027       1.000000     541.499386       0.000000            0
       162        81.0000       1       1       6.599806       3.409712      10.009518       2.336192       2.523162       1.000000     541.499386       0.000000            0
# Jump frustrated.
       163        81.5000       1       1       6.632757       3.379401      10.012158       2.336192       2.398912       1.000000     541.499386       0.000000            0
       164        82.0000       1       1       6.547128       3.464935      10.012063       2.336191       2.389384       1.000000     541.499386       0.000000            1
# Jump frustrated.
       165        82.5000       1       1       6.317407       3.684583      10.001990       2.336191       2.509847       1.000000     541.499386       0.000000            0
# Jump frustrated.
       166        83.0000       1       1       5.844014       4.150659       9.994673       2.336190       3.029698       1.000000     541.499386       0.000000            0
# Jump frustrated.
       167        83.5000       1       1       5.103417       4.904685      10.008102       2.336190       4.063597       1.000000     541.499386       0.000000            0
       168        84.0000       1       1       4.312200       5.719748      10.031948       2.336189       5.146453       1.000000     541.499386       0.000000            0
       169        84.5000       1       1       3.839981       6.210737      10.050718       2.336189       5.825020       1.000000     541.499386       0.000000            0
# Jump frustrated.
       170        85.0000       1       1       3.946764       6.099668      10.046432       2.336189       5.978461       1.000000     541.499386       0.000000            1
       171        85.5000       1       1       4.576479       5.448614      10.025093       2.336188       5.812004       1.000000     541.499386       0.000000            0
# Jump frustrated.
       172        86.0000       1       1       5.421134       4.582895      10.004030       2.336188       5.604140       1.000000     541.499386       0.000000            0
       173        86.5000       1       1       6.163302       3.834474       9.997777       2.336188       5.481792       1.000000     541.499386       0.000000            0
# Jump frustrated.
       174        87.0000       1       1       6.681099       3.323140      10.004239       2.336187       5.399029       1.000000     541.499386       0.000000            0
       175        87.5000       1       1       7.018945       2.990762      10.009707       2.336187       5.100772       1.000000     541.499386       0.000000            0
# Jump frustrated.
       176        88.0000       1       1       7.240974       2.769661      10.010635       2.336187       4.576909       1.000000     541.499386       0.000000            1
# Jump frustrated.
       177        88.5000       1       1       7.350866       2.651118      10.001984       2.336187       3.852899       1.000000     541.499386       0.000000            0
       178        89.0000       1       1       7.256200       2.733122       9.989322       2.336186       3.232223       1.000000     541.499386       0.000000            0
# Jump frustrated.
       179        89.5000       1       1       6.849086       3.140031       9.989117       2.336186       3.588753       1.000000     541.499386       0.000000            0
# Jump frustrated.
       180        90.0000       1       1       6.243052       3.784026      10.027078       2.336187       5.157150       1.000000     541.499386       0.000000            0
# Jump frustrated.
       181        90.5000       1       1       5.956891       4.095020      10.051911       2.336187       6.244177       1.000000     541.499386       0.000000            0
# Jump frustrated.
       182        91.0000       1       1       6.403105       3.631228      10.034332       2.336186       5.979487       1.000000     541.499386       0.000000            0
       183        91.5000       1       1       7.329438       2.657138       9.986576       2.336186       4.373563       1.000000     541.499386       0.000000            1
       184        92.0000       1       1       8.109996       1.861798       9.971794       2.336187       2.699188       1.000000     541.499386       0.000000            0
# Jump frustrated.
       185        92.5000       1       1       8.417119       1.569696       9.986815       2.336187       1.988034       1.000000     541.499386       0.000000            0
# Jump frustrated.
       186        93.0000       1       1       8.313522       1.681181       9.994703       2.336187       1.949384       1.000000     541.499386       0.000000            0
       187        93.5000       1       1       7.908465       2.089335       9.997800       2.336187       2.189624       1.000000     541.499386       0.000000            0
       188        94.0000       1       1       7.240957       2.756374       9.997331       2.336187       2.631689       1.000000     541.499386       0.000000            0
# Jump frustrated.
       189        94.5000       1       1       6.335408       3.670050      10.005458       2.336187       3.416578       1.000000     541.499386       0.000000            0
# Jump frustrated.
       190        95.0000       1       1       5.327610       4.698532      10.026143       2.336186       4.381739       1.000000     541.499386       0.000000            1
# Jump frustrated.
       191        95.5000       1       1       4.484639       5.556985      10.041624       2.336187       5.128239       1.000000     541.499386       0.000000            0
# Jump frustrated.
       192        96.0000       1       1       4.035718       6.006868      10.042586       2.336188       5.279400       1.000000     541.499386       0.000000            0
       193        96.5000       1       1       3.989451       6.037386      10.026837       2.336187       4.822056       1.000000     541.499386       0.000000            0
# Jump frustrated.
       194        97.0000       1       1       4.149408       5.865073      10.014481       2.336186       4.222919       1.000000     541.499386       0.000000            0
       195        97.5000       1       1       4.317597       5.692552      10.010148       2.336187       3.859105       1.000000     541.499386       0.000000            0
# Jump frustrated.
       196        98.0000       1       1       4.409624       5.603904      10.013527       2.336187       3.801195       1.000000     541.499386       0.000000            0
# Jump frustrated.
       197        98.5000       1       1       4.456435       5.563836      10.020271       2.336187       3.939518       1.000000     541.499386       0.000000            0
# Jump frustrated.
       198        99.0000       1       1       4.546128       5.479547      10.025676       2.336188       4.073359       1.000000     541.499386       0.000000            1
# Jump frustrated.
       199        99.5000       1       1       4.756045       5.271526      10.027571       2.336188       4.089229       1.000000     541.499386       0.000000            0
# Jump frustrated.
       200       100.0000       1       1       5.110605       4.912367      10.022972       2.336188       3.919293       1.000000     541.499386       0.000000            0
# Jump frustrated.
       201       100.5000       1       1       5.553634       4.459370      10.013004       2.336188       3.540459       1.000000     541.499386       0.000000            0
       202       101.0000       1       1       5.952965       4.046025       9.998991       2.336187       3.086137       1.000000     541.499386       0.000000            0
# Jump frustrated.
       203       101.5000       1       1       6.102181       3.876203       9.978384       2.336187       3.021744       1.000000     541.499386       0.000000            0
       204       102.0000       1       1       5.845147       4.142562       9.987709       2.336186       4.209267       1.000000     541.499386       0.000000            1
# Jump frustrated.
       205       102.5000       1       1       5.423984       4.614036      10.038020       2.336186       5.912505       1.000000     541.499386       0.000000            0
# Jump frustrated.
       206       103.0000       1       1       5.466187       4.590369      10.056556       2.336185       6.347307       1.000000     541.499386       0.000000            0
# Jump frustrated.
       207       103.5000       1       1       6.209266       3.806240      10.015506       2.336186       5.124473       1.000000     541.499386       0.000000            0
       208       104.0000       1       1       7.130587       2.841078       9.971665       2.336186       3.038520       1.000000     541.499386       0.000000            0
# Jump frustrated.
       209       104.5000       1       1       7.617308       2.354241       9.971549       2.336187       2.065082       1.000000     541.499386       0.000000            0
# Jump frustrated.
       210       105.0000       1       1       7.534271       2.453892       9.988163       2.336187       2.756086       1.000000     541.499386       0.000000            1
       211       105.5000       1       1       7.074531       2.935539      10.010070       2.336187       3.841896       1.000000     541.499386       0.000000            0
# Jump frustrated.
       212       106.0000       1       1       6.560452       3.470956      10.031408       2.336187       4.652722       1.000000     541.499386       0.000000            0
       213       106.5000       1       1       6.244985       3.785894      10.030880       2.336187       5.126319       1.000000     541.499386       0.000000            0
       214       107.0000       1       1       6.145686       3.873089      10.018775       2.336187       5.520164       1.000000     541.499386       0.000000            0
# Jump frustrated.
       215       107.5000       1       1       6.122078       3.888244      10.010322       2.336187       5.922944       1.000000     541.499386       0.000000            0
# Jump frustrated.
       216       108.0000       1       1       6.058254       3.952395      10.010649       2.336188       6.185398       1.000000     541.499386       0.000000            0
# Jump frustrated.
       217       108.5000       1       1       5.941362       4.073637      10.014999       2.336189       6.203092       1.000000     541.499386       0.000000            0
       218       109.0000       1       1       5.819347       4.201522      10.020870       2.336190       6.009785       1.000000     541.499386       0.000000            1
# Jump frustrated.
       219       109.5000       1       1       5.766569       4.259860      10.026429       2.336190       5.584872       1.000000     541.499386       0.000000            0
# Jump frustrated.
       220       110.0000       1       1       5.856624       4.171627      10.028251       2.336191       5.069096       1.000000     541.499386       0.000000            0
# Jump frustrated.
       221       110.5000       1       1       6.111641       3.912742      10.024383       2.336191       4.484823       1.000000     541.499386       0.000000            0
# Jump frustrated.
       222       111.0000       1       1       6.465977       3.544241      10.010217       2.336191       3.700839       1.000000     541.499386       0.000000            0
# Jump frustrated.
       223       111.5000       1       1       6.795873       3.209579      10.005452       2.336190       2.997676       1.000000     541.499386       0.000000            0
       224       112.0000       1       1       6.990238       3.008824       9.999061       2.336189       2.702630       1.000000     541.499386       0.000000            0
# Jump frustrated.
       225       112.5000       1       1       6.961001       3.034774       9.995775       2.336189       3.104813       1.000000     541.499386       0.000000            0
# Jump frustrated.
       226       113.0000       1       1       6.694558       3.311929      10.006487       2.336189       4.140783       1.000000     541.499386       0.000000            1
# Jump frustrated.
       227       113.5000       1       1       6.352197       3.674617      10.026815       2.336189       5.147951       1.000000     541.499386       0.000000            0
# Jump frustrated.
       228       114.0000       1       1       6.192052       3.841325      10.033377       2.336189       5.524267       1.000000     541.499386       0.000000            0
# Jump frustrated.
       229       114.5000       1       1       6.297844       3.721121      10.018965       2.336188       5.154949       1.000000     541.499386       0.000000            0
# Jump frustrated.
       230       115.0000       1       1       6.504981       3.499813      10.004794       2.336188       4.587029       1.000000     541.499386       0.000000            0
# Jump frustrated.
       231       115.5000       1       1       6.613161       3.384799       9.997959       2.336189       4.215720       1.000000     541.499386       0.000000            1
# Jump frustrated.
       232       116.0000       1       1       6.507480       3.485280       9.992760       2.336188       4.100347       1.000000     541.499386       0.000000            0
# Jump frustrated.
       233       116.5000       1       1       6.111460       3.875165       9.986625       2.336188       4.260106       1.000000     541.499386       0.000000            0
       234       117.0000       1       1       5.417752       4.581442       9.999195       2.336187       5.136039       1.000000     541.499386       0.000000            0
       235       117.5000       1       1       4.696414       5.337960      10.034373       2.336186       6.318349       1.000000     541.499386       0.000000            0
# Jump frustrated.
       236       118.0000       1       1       4.441391       5.608886      10.050277       2.336187       6.799955       1.000000     541.499386       0.000000            0
       237       118.5000       1       1       4.848773       5.173743      10.022517       2.336188       6.103702       1.000000     541.499386       0.000000            0
# Jump frustrated.
       238       119.0000       1       1       5.565700       4.424907       9.990607       2.336187       4.879664       1.000000     541.499386       0.000000            1
# Jump frustrated.
       239       119.5000       1       1       6.141257       3.844232       9.985489       2.336187       3.929553       1.000000     541.499386       0.000000            0
# Jump frustrated.
       240       120.0000       1       1       6.425463       3.571022       9.996485       2.336187       3.428707       1.000000     541.499386       0.000000            0
# Jump frustrated.
       241       120.5000       1       1       6.490661       3.513100      10.003761       2.336187       3.100617       1.000000     541.499386       0.000000            0
# Jump frustrated.
       242       121.0000       1       1       6.427736       3.579949      10.007685       2.336186       2.811526       1.000000     541.499386       0.000000            0
# Jump frustrated.
       243       121.5000       1       1       6.287015       3.721536      10.008551       2.336186       2.535387       1.000000     541.499386       0.000000            0
       244       122.0000       1       1       6.075693       3.929558      10.005251       2.336185       2.259633       1.000000     541.499386       0.000000            0
       245       122.5000       1       1       5.773766       4.232248      10.006014       2.336185       2.120321       1.000000     541.499386       0.000000            1
# Jump frustrated.
       246       123.0000       1       1       5.394882       4.616735      10.011617       2.336185       2.299004       1.000000     541.499386       0.000000            0
# Jump frustrated.
       247       123.5000       1       1       5.031861       4.990219      10.022080       2.336185       2.634869       1.000000     541.499386       0.000000            0
       248       124.0000       1       1       4.813435       5.213188      10.026623       2.336186       2.823126       1.000000     541.499386       0.000000            0
# Jump frustrated.
       249       124.5000       1       1       4.807410       5.216718      10.024127       2.336186       2.787571       1.000000     541.499386       0.000000            0
       250       125.0000       1       1       4.980799       5.037346      10.018145       2.336186       2.754220       1.000000     541.499386       0.000000            0
# Jump frustrated.
       251       125.5000       1       1       5.256866       4.758946      10.015812       2.336186       2.959975       1.000000     541.499386       0.000000            1
       252       126.0000       1       1       5.587207       4.427813      10.015021       2.336184       3.277605       1.000000     541.499386       0.000000            0
# Jump frustrated.
       253       126.5000       1       1       5.953123       4.060558      10.013681       2.336185       3.539508       1.000000     541.499386       0.000000            0
# Jump frustrated.
       254       127.0000       1       1       6.333425       3.678147      10.011572       2.336186       3.694657       1.000000     541.499386       0.000000            0
       255       127.5000       1       1       6.683133       3.322309      10.005443       2.336187       3.704338       1.000000     541.499386       0.000000            0
# Jump frustrated.
       256       128.0000       1       1       6.923963       3.072766       9.996729       2.336186       3.627339       1.000000     541.499386       0.000000            0
# Jump frustrated.
       257       128.5000       1       1       6.963317       3.029584       9.992901       2.336186       3.697609       1.000000     541.499386       0.000000            0
# Jump frustrated.
       258       129.0000       1       1       6.796485       3.209787      10.006272       2.336186       4.353341       1.000000     541.499386       0.000000            1
# Jump frustrated.
       259       129.5000       1       1       6.663124       3.372342      10.035466       2.336186       5.293139       1.000000     541.499386       0.000000            0
       260       130.0000       1       1       6.894288       3.130481      10.024769       2.336186       5.399266       1.000000     541.499386       0.000000            0
       261       130.5000       1       1       7.447026       2.557487      10.004514       2.336187       4.256665       1.000000     541.499386       0.000000            0
# Jump frustrated.
       262       131.0000       1       1       7.958468       2.024562       9.983030       2.336187       3.133345       1.000000     541.499386       0.000000            0
# Jump frustrated.
       263       131.5000       1       1       8.160474       1.821523       9.981996       2.336188       2.500506       1.000000     541.499386       0.000000            0
# Jump frustrated.
       264       132.0000       1       1       7.989380       2.001517       9.990897       2.336189       2.382264       1.000000     541.499386       0.000000            0
# Jump frustrated.
       265       132.5000       1       1       7.528639       2.469255       9.997894       2.336189       2.523801       1.000000     541.499386       0.000000            1
# Jump frustrated.
       266       133.0000       1       1       6.868158       3.135048      10.003206       2.336188       2.888450       1.000000     541.499386       0.000000            0
# Jump frustrated.
       267       133.5000       1       1       6.085500       3.921669      10.007169       2.336188       3.394483       1.000000     541.499386       0.000000            0
# Jump frustrated.
       268       134.0000       1       1       5.262701       4.752925      10.015626       2.336188       4.021911       1.000000     541.499386       0.000000            0
# Jump frustrated.
       269       134.5000       1       1       4.508412       5.515879      10.024291       2.336188       4.571565       1.000000     541.499386       0.000000            0
# Jump frustrated.
       270       135.0000       1       1       3.948727       6.082021      10.030748       2.336187       4.914135       1.000000     541.499386       0.000000            0
# Jump frustrated.
       271       135.5000       1       1       3.679001       6.352532      10.031533       2.336187       4.933827       1.000000     541.499386       0.000000            0
# Jump frustrated.
       272       136.0000       1       1       3.711097       6.315163      10.026260       2.336187       4.655332       1.000000     541.499386       0.000000            1
       273       136.5000       1       1       3.974893       6.046313      10.021206       2.336188       4.292440       1.000000     541.499386       0.000000            0
# Jump frustrated.
       274       137.0000       1       1       4.384512       5.632553      10.017065       2.336189       3.995742       1.000000     541.499386       0.000000            0
       275       137.5000       1       1       4.873625       5.139696      10.013321       2.336189       3.804609       1.000000     541.499386       0.000000            0
# Jump frustrated.
       276       138.0000       1       1       5.383315       4.623586      10.006901       2.336189       3.682929       1.000000     541.499386       0.000000            0
# Jump frustrated.
       277       138.5000       1       1       5.830108       4.166229       9.996338       2.336189       3.664752       1.000000     541.499386       0.000000            0
# Jump frustrated.
       278       139.0000       1       1       6.102195       3.888037       9.990232       2.336189       4.026990       1.000000     541.499386       0.000000            0
# Jump frustrated.
       279       139.5000       1       1       6.182793       3.817658      10.000451       2.336191       4.939453       1.000000     541.499386       0.000000            0
# Jump frustrated.
       280       140.0000       1       1       6.255703       3.758906      10.014608       2.336192       5.619878       1.000000     541.499386       0.000000            1
# Jump frustrated.
       281       140.5000       1       1       6.495940       3.513100      10.009040       2.336192       5.626971       1.000000     541.499386       0.000000            0
# Jump frustrated.
       282       141.0000       1       1       6.902917       3.107229      10.010146       2.336191       5.368816       1.000000     541.499386       0.000000            0
       283       141.5000       1       1       7.422962       2.575757       9.998719       2.336190       4.615061       1.000000     541.499386       0.000000            0
# Jump frustrated.
       284       142.0000       1       1       7.882926       2.098470       9.981396       2.336189       3.361610       1.000000     541.499386       0.000000            0
# Jump frustrated.
       285       142.5000       1       1       8.030835       1.947540       9.978375       2.336189       2.572710       1.000000     541.499386       0.000000            1
# Jump frustrated.
       286       143.0000       1       1       7.778833       2.209331       9.988164       2.336189       2.744602       1.000000     541.499386       0.000000            0
       287       143.5000       1       1       7.216754       2.782117       9.998871       2.336188       3.279912       1.000000     541.499386       0.000000            0
       288       144.0000       1       1       6.518423       3.492962      10.011385       2.336188       3.554238       1.000000     541.499386       0.000000            0
# Jump frustrated.
       289       144.5000       1       1       5.820156       4.194464      10.014620       2.336188       3.719977       1.000000     541.499386       0.000000            0
       290       145.0000       1       1       5.206978       4.817698      10.024677       2.336188       3.761715       1.000000     541.499386       0.000000            0
# Jump frustrated.
       291       145.5000       1       1       4.757628       5.267166      10.024794       2.336187       3.542137       1.000000     541.499386       0.000000            0
# Jump frustrated.
       292       146.0000       1       1       4.493301       5.528958      10.022259       2.336187       3.407857       1.000000     541.499386       0.000000            1
       293       146.5000       1       1       4.380058       5.638782      10.018840       2.336187       3.333177       1.000000     541.499386       0.000000            0
# Jump frustrated.
       294       147.0000       1       1       4.375872       5.640650      10.016522       2.336187       3.322481       1.000000     541.499386       0.000000            0
# Jump frustrated.
       295       147.5000       1       1       4.453436       5.563213      10.016648       2.336186       3.379353       1.000000     541.499386       0.000000            0
# Jump frustrated.
       296       148.0000       1       1       4.617058       5.402110      10.019169       2.336185       3.504663       1.000000     541.499386       0.000000            0
# Jump frustrated.
       297       148.5000       1       1       4.887437       5.131392      10.018829       2.336185       3.555921       1.000000     541.499386       0.000000            0
       298       149.0000       1       1       5.271900       4.747942      10.019842       2.336185       3.484781       1.000000     541.499386       0.000000            1
# Jump frustrated.
       299       149.5000       1       1       5.776505       4.242213      10.018718       2.336186       3.390539       1.000000     541.499386       0.000000            0
       300       150.0000       1       1       6.388639       3.627076      10.015714       2.336187       3.163050       1.000000     541.499386       0.000000            0
# Jump frustrated.
       301       150.5000       1       1       7.032062       2.972285      10.004347       2.336186       2.768255       1.000000     541.499386       0.000000            0
# Jump frustrated.
       302       151.0000       1       1       7.556253       2.430640       9.986893       2.336186       2.243043       1.000000     541.499386       0.000000            0
# Jump frustrated.
       303       151.5000       1       1       7.743519       2.226148       9.969667       2.336186       2.081607       1.000000     541.499386       0.000000            0
       304       152.0000       1       1       7.410439       2.555826       9.966266       2.336187       3.162732       1.000000     541.499386       0.000000            0
       305       152.5000       1       1       6.627205       3.373796      10.001001       2.336186       5.128255       1.000000     541.499386       0.000000            1
# Jump frustrated.
       306       153.0000       1       1       5.928501       4.123670      10.052171       2.336186       6.611108       1.000000     541.499386       0.000000            0
# Jump frustrated.
       307       153.5000       1       1       5.941448       4.104363      10.045811       2.336186       6.458409       1.000000     541.499386       0.000000            0
       308       154.0000       1       1       6.578054       3.410750       9.988804       2.336184       4.906532       1.000000     541.499386       0.000000            0
# Jump frustrated.
       309       154.5000       1       1       7.116460       2.838794       9.955254       2.336183       3.591642       1.000000     541.499386       0.000000            0
# Jump frustrated.
       310       155.0000       1       1       7.066688       2.905436       9.972123       2.336182       3.957696       1.000000     541.499386       0.000000            0
       311       155.5000       1       1       6.518292       3.483204      10.001496       2.336182       4.685753       1.000000     541.499386       0.000000            1
# Jump frustrated.
       312       156.0000       1       1       5.776378       4.239514      10.015892       2.336182       5.045118       1.000000     541.499386       0.000000            0
# Jump frustrated.
       313       156.5000       1       1       5.060375       4.963438      10.023813       2.336181       5.183695       1.000000     541.499386       0.000000            0
       314       157.0000       1       1       4.492372       5.536432      10.028804       2.336181       5.179498       1.000000     541.499386       0.000000            0
# Jump frustrated.
       315       157.5000       1       1       4.140193       5.890401      10.030594       2.336180       4.987015       1.000000     541.499386       0.000000            0
# Jump frustrated.
       316       158.0000       1       1       4.029775       6.000640      10.030414       2.336180       4.694415       1.000000     541.499386       0.000000            0
# Jump frustrated.
       317       158.5000       1       1       4.153835       5.874622      10.028457       2.336180       4.356471       1.000000     541.499386       0.000000            0
# Jump frustrated.
       318       159.0000       1       1       4.486157       5.540169      10.026325       2.336179       3.969411       1.000000     541.499386       0.000000            1
# Jump frustrated.
       319       159.5000       1       1       4.990548       5.033194      10.023741       2.336180       3.567775       1.000000     541.499386       0.000000            0
       320       160.0000       1       1       5.626967       4.393143      10.020110       2.336180       3.184916       1.000000     541.499386       0.000000            0
# Jump frustrated.
       321       160.5000       1       1       6.327684       3.686036      10.013720       2.336181       2.705068       1.000000     541.499386       0.000000            0
# Jump frustrated.
       322       161.0000       1       1       6.995661       3.011315      10.006976       2.336180       2.356896       1.000000     541.499386       0.000000            0
# Jump frustrated.
       323       161.5000       1       1       7.530526       2.469877      10.000404       2.336180       2.182459       1.000000     541.499386       0.000000            0
       324       162.0000       1       1       7.814739       2.176114       9.990853       2.336179       2.318877       1.000000     541.499386       0.000000            0
       325       162.5000       1       1       7.735752       2.250645       9.986397       2.336180       2.896235       1.000000     541.499386       0.000000            1
# Jump frustrated.
       326       163.0000       1       1       7.269645       2.729178       9.998823       2.336182       3.930449       1.000000     541.499386       0.000000            0
       327       163.5000       1       1       6.637475       3.389574      10.027049       2.336181       4.762509       1.000000     541.499386       0.000000            0
# Jump frustrated.
       328       164.0000       1       1       6.179915       3.853989      10.033904       2.336180       4.979212       1.000000     541.499386       0.000000            0
# Jump frustrated.
       329       164.5000       1       1       6.011263       4.008864      10.020127       2.336179       4.738011       1.000000     541.499386       0.000000            0
# Jump frustrated.
       330       165.0000       1       1       5.985175       4.026510      10.011685       2.336178       4.671649       1.000000     541.499386       0.000000            0
# Jump frustrated.
       331       165.5000       1       1       5.949019       4.062011      10.011030       2.336178       4.943827       1.000000     541.499386       0.000000            0
       332       166.0000       1       1       5.869723       4.145884      10.015607       2.336178       5.300576       1.000000     541.499386       0.000000            1
       333       166.5000       1       1       5.793499       4.227888      10.021387       2.336177       5.571466       1.000000     541.499386       0.000000            0
       334       167.0000       1       1       5.784012       4.239307      10.023319       2.336177       5.654547       1.000000     541.499386       0.000000            0
       335       167.5000       1       1       5.860148       4.160624      10.020772       2.336176       5.453754       1.000000     541.499386       0.000000            0
# Jump frustrated.
       336       168.0000       1       1       5.984387       4.032531      10.016917       2.336175       4.954407       1.000000     541.499386       0.000000            0
       337       168.5000       1       1       6.107836       3.907967      10.015803       2.336174       4.367648       1.000000     541.499386       0.000000            0
       338       169.0000       1       1       6.203586       3.812468      10.016054       2.336174       3.776690       1.000000     541.499386       0.000000            1
       339       169.5000       1       1       6.271973       3.745826      10.017799       2.336174       3.272891       1.000000     541.499386       0.000000            0
       340       170.0000       1       1       6.332950       3.686659      10.019609       2.336175       2.903269       1.000000     541.499386       0.000000            0
# Jump frustrated.
       341       170.5000       1       1       6.409054       3.611920      10.020975       2.336176       2.642689       1.000000     541.499386       0.000000            0
       342       171.0000       1       1       6.513143       3.507702      10.020845       2.336176       2.495874       1.000000     541.499386       0.000000            0
# Jump frustrated.
       343       171.5000       1       1       6.639401       3.378778      10.018179       2.336176       2.412719       1.000000     541.499386       0.000000            0
# Jump frustrated.
       344       172.0000       1       1       6.756745       3.259197      10.015942       2.336175       2.432834       1.000000     541.499386       0.000000            1
# Jump frustrated.
       345       172.5000       1       1       6.828101       3.186327      10.014428       2.336175       2.625438       1.000000     541.499386       0.000000            0
       346       173.0000       1       1       6.829144       3.184874      10.014018       2.336176       2.988879       1.000000     541.499386       0.000000            0
       347       173.5000       1       1       6.751920       3.262726      10.014646       2.336174       3.461204       1.000000     541.499386       0.000000            0
       348       174.0000       1       1       6.605933       3.409919      10.015852       2.336173       3.917038       1.000000     541.499386       0.000000            0
# Jump frustrated.
       349       174.5000       1       1       6.402536       3.612335      10.014871       2.336174       4.245766       1.000000     541.499386       0.000000            1
       350       175.0000       1       1       6.131472       3.880978      10.012450       2.336175       4.437787       1.000000     541.499386       0.000000            0
# Jump frustrated.
       351       175.5000       1       1       5.767066       4.243251      10.010317       2.336176       4.579237       1.000000     541.499386       0.000000            0
# Jump frustrated.
       352       176.0000       1       1       5.298038       4.715348      10.013387       2.336176       4.959158       1.000000     541.499386       0.000000            0
# Jump frustrated.
       353       176.5000       1       1       4.781866       5.239139      10.021006       2.336176       5.360478       1.000000     541.499386       0.000000            0
# Jump frustrated.
       354       177.0000       1       1       4.341768       5.687984      10.029752       2.336177       5.680006       1.000000     541.499386       0.000000            0
       355       177.5000       1       1       4.094297       5.937735      10.032032       2.336176       5.751226       1.000000     541.499386       0.000000            0
       356       178.0000       1       1       4.075817       5.952267      10.028084       2.336177       5.530377       1.000000     541.499386       0.000000            0
# Jump frustrated.
       357       178.5000       1       1       4.231799       5.790542      10.022341       2.336177       5.148106       1.000000     541.499386       0.000000            0
       358       179.0000       1       1       4.482233       5.537677      10.019911       2.336177       4.780486       1.000000     541.499386       0.000000            1
# Jump frustrated.
       359       179.5000       1       1       4.782635       5.237063      10.019698       2.336178       4.482445       1.000000     541.499386       0.000000            0
       360       180.0000       1       1       5.123700       4.896589      10.020288       2.336178       4.230897       1.000000     541.499386       0.000000            0
# Jump frustrated.
       361       180.5000       1       1       5.504648       4.515008      10.019656       2.336178       3.985778       1.000000     541.499386       0.000000            0
# Jump frustrated.
       362       181.0000       1       1       5.912247       4.104778      10.017025       2.336178       3.635770       1.000000     541.499386       0.000000            0
       363       181.5000       1       1       6.311716       3.701191      10.012907       2.336177       3.249731       1.000000     541.499386       0.000000            0
       364       182.0000       1       1       6.653574       3.356980      10.010554       2.336177       2.889080       1.000000     541.499386       0.000000            1
       365       182.5000       1       1       6.911210       3.101831      10.013041       2.336176       2.870517       1.000000     541.499386       0.000000            0
# Jump frustrated.
       366       183.0000       1       1       7.122880       2.895055      10.017936       2.336175       3.112266       1.000000     541.499386       0.000000            0
       367       183.5000       1       1       7.351931       2.665858      10.017789       2.336175       3.296546       1.000000     541.499386       0.000000            0
       368       184.0000       1       1       7.590417       2.417145      10.007563       2.336175       3.483302       1.000000     541.499386       0.000000            0
# Jump frustrated.
       369       184.5000       1       1       7.729043       2.270783       9.999826       2.336174       4.029859       1.000000     541.499386       0.000000            0
# Jump frustrated.
       370       185.0000       1       1       7.670797       2.329951      10.000747       2.336173       4.840803       1.000000     541.499386       0.000000            1
# Jump frustrated.
       371       185.5000       1       1       7.415800       2.587383      10.003182       2.336173       5.681794       1.000000     541.499386       0.000000            0
# Jump frustrated.
       372       186.0000       1       1       7.006978       2.998859      10.005837       2.336173       6.541501       1.000000     541.499386       0.000000            0
# Jump frustrated.
       373       186.5000       1       1       6.502699       3.509363      10.012062       2.336175       7.289974       1.000000     541.499386       0.000000            0
# Jump frustrated.
       374       187.0000       1       1       6.011489       4.011147      10.022636       2.336178       7.652806       1.000000     541.499386       0.000000            0
# Jump frustrated.
       375       187.5000       1       1       5.681659       4.349961      10.031620       2.336179       7.588552       1.000000     541.499386       0.000000            1
# Jump frustrated.
       376       188.0000       1       1       5.644798       4.390444      10.035242       2.336180       7.128115       1.000000     541.499386       0.000000            0
       377       188.5000       1       1       5.926956       4.100003      10.026959       2.336181       6.451965       1.000000     541.499386       0.000000            0
# Jump frustrated.
       378       189.0000       1       1       6.404480       3.606522      10.011002       2.336183       5.564898       1.000000     541.499386       0.000000            0
# Jump frustrated.
       379       189.5000       1       1       6.872926       3.126744       9.999670       2.336184       4.658353       1.000000     541.499386       0.000000            0
       380       190.0000       1       1       7.183113       2.817203      10.000316       2.336184       3.863100       1.000000     541.499386       0.000000            1
# Jump frustrated.
       381       190.5000       1       1       7.293901       2.707794      10.001695       2.336184       3.204886       1.000000     541.499386       0.000000            0
       382       191.0000       1       1       7.216806       2.786477      10.003284       2.336185       2.756410       1.000000     541.499386       0.000000            0
       383       191.5000       1       1       6.962402       3.040172      10.002574       2.336185       2.624451       1.000000     541.499386       0.000000            0
# Jump frustrated.
       384       192.0000       1       1       6.521376       3.478845      10.000221       2.336186       2.990700       1.000000     541.499386       0.000000            0
       385       192.5000       1       1       5.901058       4.104155      10.005213       2.336186       3.866310       1.000000     541.499386       0.000000            0
# Jump frustrated.
       386       193.0000       1       1       5.209024       4.811678      10.020702       2.336186       5.011188       1.000000     541.499386       0.000000            1
# Jump frustrated.
       387       193.5000       1       1       4.696891       5.340451      10.037342       2.336187       5.739689       1.000000     541.499386       0.000000            0
# Jump frustrated.
       388       194.0000       1       1       4.586353       5.447991      10.034344       2.336187       5.709012       1.000000     541.499386       0.000000            0
       389       194.5000       1       1       4.842085       5.174158      10.016243       2.336185       5.011384       1.000000     541.499386       0.000000            0
# Jump frustrated.
       390       195.0000       1       1       5.218934       4.783443      10.002377       2.336185       4.190075       1.000000     541.499386       0.000000            0
       391       195.5000       1       1       5.507162       4.494247      10.001409       2.336187       3.735985       1.000000     541.499386       0.000000            0
       392       196.0000       1       1       5.650255       4.354528      10.004784       2.336188       3.679975       1.000000     541.499386       0.000000            0
# Jump frustrated.
       393       196.5000       1       1       5.666250       4.338750      10.005000       2.336189       3.831638       1.000000     541.499386       0.000000            0
# Jump frustrated.
       394       197.0000       1       1       5.561101       4.441723      10.002824       2.336189       4.086052       1.000000     541.499386       0.000000            1
       395       197.5000       1       1       5.311774       4.687114       9.998888       2.336188       4.494336       1.000000     541.499386       0.000000            0
# Jump frustrated.
       396       198.0000       1       1       4.927757       5.081566      10.009323       2.336189       5.209779       1.000000     541.499386       0.000000            0
# Jump frustrated.
       397       198.5000       1       1       4.593227       5.439687      10.032914       2.336189       5.895569       1.000000     541.499386       0.000000            0
       398       199.0000       1       1       4.601198       5.438234      10.039431       2.336190       6.080849       1.000000     541.499386       0.000000            0
# Jump frustrated.
       399       199.5000       1       1       5.040101       4.982330      10.022431       2.336190       5.570359       1.000000     541.499386       0.000000            0
       400       200.0000       1       1       5.707821       4.297437      10.005258       2.336190       4.818656       1.000000     541.499386       0.000000            0
