#===============================================================================================================================================================================
#     Step |         Time |         State |                                     Energy |      Angular |     Gradient |      Density |           Expectation Value |    Runtime |
#          |              |  diag |   MCH |          kin |          pot |          tot |     Momentum |          RMS |        Total |           DM |            S |            |
#          |         [fs] |       |       |         [eV] |         [eV] |         [eV] |       [hbar] |     [eV/Ang] |              |      [Debye] |              |      [sec] |
#===============================================================================================================================================================================
         0         0.0000       2       2       0.061128      10.242454      10.303582       0.000023       2.814710       1.000000     541.499386       0.000000            3
# Surface Hop/Pointer State Switch: new state=      1 old state=      2 randnum=  0.475754635 gap= -9.986076 eV
         1         0.5000       1       1      10.047411       0.256170      10.303582       0.993792       1.239544       1.000000     541.499386       0.000000            2
         2         1.0000       1       1       9.611616       0.700448      10.312064       0.993792       2.427420       1.000000     541.499386       0.000000            1
# Jump frustrated.
         3         1.5000       1       1       8.794213       1.544576      10.338789       0.993792       4.054043       1.000000     541.499386       0.000000            0
         4         2.0000       1       1       7.960856       2.399084      10.359940       0.993792       5.055658       1.000000     541.499386       0.000000            0
# Jump frustrated.
         5         2.5000       1       1       7.415494       2.939483      10.354977       0.993792       4.885594       1.000000     541.499386       0.000000            1
         6         3.0000       1       1       7.098590       3.237606      10.336196       0.993792       4.000126       1.000000     541.499386       0.000000            0
         7         3.5000       1       1       6.763283       3.569984      10.333267       0.993792       3.318870       1.000000     541.499386       0.000000            0
# Jump frustrated.
         8         4.0000       1       1       6.307658       4.030247      10.337905       0.993792       3.152331       1.000000     541.499386       0.000000            0
         9         4.5000       1       1       5.773073       4.571062      10.344135       0.993792       3.261765       1.000000     541.499386       0.000000            0
        10         5.0000       1       1       5.236695       5.112292      10.348986       0.993792       3.382519       1.000000     541.499386       0.000000            0
        11         5.5000       1       1       4.780255       5.576500      10.356755       0.993792       3.452833       1.000000     541.499386       0.000000            1
        12         6.0000       1       1       4.483339       5.875660      10.359000       0.993792       3.384910       1.000000     541.499386       0.000000            0
        13         6.5000       1       1       4.377505       5.979464      10.356969       0.993792       3.248160       1.000000     541.499386       0.000000            0
        14         7.0000       1       1       4.437695       5.914690      10.352386       0.993793       3.071684       1.000000     541.499386       0.000000            0
# Jump frustrated.
        15         7.5000       1       1       4.598239       5.746114      10.344353       0.993794       2.890213       1.000000     541.499386       0.000000            0
# Jump frustrated.
        16         8.0000       1       1       4.762681       5.574216      10.336897       0.993795       2.884485       1.000000     541.499386       0.000000            0
# Jump frustrated.
        17         8.5000       1       1       4.860552       5.477887      10.338439       0.993795       3.377323       1.000000     541.499386       0.000000            0
# Jump frustrated.
        18         9.0000       1       1       4.947100       5.403564      10.350664       0.993794       4.211600       1.000000     541.499386       0.000000            1
# Jump frustrated.
        19         9.5000       1       1       5.206483       5.154643      10.361126       0.993795       4.817177       1.000000     541.499386       0.000000            0
# Jump frustrated.
        20        10.0000       1       1       5.782208       4.574384      10.356591       0.993795       4.896559       1.000000     541.499386       0.000000            0
        21        10.5000       1       1       6.589617       3.741259      10.330876       0.993795       4.380785       1.000000     541.499386       0.000000            0
# Jump frustrated.
        22        11.0000       1       1       7.324742       2.984741      10.309483       0.993795       3.605722       1.000000     541.499386       0.000000            0
        23        11.5000       1       1       7.678957       2.620184      10.299142       0.993795       3.084542       1.000000     541.499386       0.000000            0
# Jump frustrated.
        24        12.0000       1       1       7.501704       2.803293      10.304997       0.993795       3.556713       1.000000     541.499386       0.000000            1
# Jump frustrated.
        25        12.5000       1       1       6.946749       3.395802      10.342551       0.993795       4.949136       1.000000     541.499386       0.000000            0
# Jump frustrated.
        26        13.0000       1       1       6.526266       3.846931      10.373197       0.993794       5.790047       1.000000     541.499386       0.000000            0
        27        13.5000       1       1       6.607618       3.744166      10.351784       0.993793       5.215542       1.000000     541.499386       0.000000            0
# Jump frustrated.
        28        14.0000       1       1       6.969452       3.353658      10.323110       0.993794       3.803549       1.000000     541.499386       0.000000            0
        29        14.5000       1       1       7.198917       3.121139      10.320055       0.993794       2.967209       1.000000     541.499386       0.000000            0
# Jump frustrated.
        30        15.0000       1       1       7.172766       3.160169      10.332935       0.993794       3.019559       1.000000     541.499386       0.000000            0
        31        15.5000       1       1       7.000280       3.342032      10.342312       0.993794       3.308727       1.000000     541.499386       0.000000            1
        32        16.0000       1       1       6.814289       3.534898      10.349187       0.993794       3.600728       1.000000     541.499386       0.000000            0
# Jump frustrated.
        33        16.5000       1       1       6.701648       3.650120      10.351768       0.993794       3.785098       1.000000     541.499386       0.000000            0
# Jump frustrated.
        34        17.0000       1       1       6.693862       3.656348      10.350210       0.993794       3.866894       1.000000     541.499386       0.000000            0
# Jump frustrated.
        35        17.5000       1       1       6.764594       3.581402      10.345996       0.993793       3.924918       1.000000     541.499386       0.000000            0
        36        18.0000       1       1       6.853239       3.487772      10.341010       0.993793       3.930913       1.000000     541.499386       0.000000            0
        37        18.5000       1       1       6.894805       3.443344      10.338149       0.993792       3.862030       1.000000     541.499386       0.000000            1
# Jump frustrated.
        38        19.0000       1       1       6.857271       3.482581      10.339852       0.993792       3.848418       1.000000     541.499386       0.000000            0
# Jump frustrated.
        39        19.5000       1       1       6.766759       3.578288      10.345047       0.993792       3.853292       1.000000     541.499386       0.000000            0
# Jump frustrated.
        40        20.0000       1       1       6.694607       3.653649      10.348256       0.993792       3.652656       1.000000     541.499386       0.000000            0
# Jump frustrated.
        41        20.5000       1       1       6.676673       3.668804      10.345477       0.993793       3.270096       1.000000     541.499386       0.000000            0
# Jump frustrated.
        42        21.0000       1       1       6.689826       3.655102      10.344928       0.993792       3.006715       1.000000     541.499386       0.000000            0
        43        21.5000       1       1       6.727043       3.619394      10.346437       0.993792       2.898349       1.000000     541.499386       0.000000            0
        44        22.0000       1       1       6.806068       3.540296      10.346364       0.993791       2.772418       1.000000     541.499386       0.000000            1
# Jump frustrated.
        45        22.5000       1       1       6.899110       3.437323      10.336433       0.993791       2.441802       1.000000     541.499386       0.000000            0
# Jump frustrated.
        46        23.0000       1       1       6.877151       3.447911      10.325063       0.993791       2.180494       1.000000     541.499386       0.000000            0
# Jump frustrated.
        47        23.5000       1       1       6.607965       3.718838      10.326803       0.993791       2.534312       1.000000     541.499386       0.000000            0
# Jump frustrated.
        48        24.0000       1       1       6.112173       4.227888      10.340062       0.993790       3.409887       1.000000     541.499386       0.000000            0
# Jump frustrated.
        49        24.5000       1       1       5.601308       4.761645      10.362952       0.993790       4.144289       1.000000     541.499386       0.000000            0
# Jump frustrated.
        50        25.0000       1       1       5.324583       5.037761      10.362344       0.993791       4.098539       1.000000     541.499386       0.000000            0
# Jump frustrated.
        51        25.5000       1       1       5.292059       5.054577      10.346636       0.993791       3.478468       1.000000     541.499386       0.000000            1
# Jump frustrated.
        52        26.0000       1       1       5.323986       5.017623      10.341609       0.993791       2.984421       1.000000     541.499386       0.000000            0
        53        26.5000       1       1       5.320709       5.024059      10.344768       0.993791       2.891223       1.000000     541.499386       0.000000            0
        54        27.0000       1       1       5.301434       5.047519      10.348953       0.993790       3.018544       1.000000     541.499386       0.000000            0
# Jump frustrated.
        55        27.5000       1       1       5.318388       5.032986      10.351374       0.993791       3.153993       1.000000     541.499386       0.000000            0
# Jump frustrated.
        56        28.0000       1       1       5.404214       4.946622      10.350836       0.993791       3.191258       1.000000     541.499386       0.000000            0
# Jump frustrated.
        57        28.5000       1       1       5.551042       4.797353      10.348395       0.993791       3.170721       1.000000     541.499386       0.000000            1
        58        29.0000       1       1       5.725841       4.621718      10.347559       0.993790       3.221880       1.000000     541.499386       0.000000            0
        59        29.5000       1       1       5.910429       4.438609      10.349038       0.993789       3.409119       1.000000     541.499386       0.000000            0
# Jump frustrated.
        60        30.0000       1       1       6.119216       4.232248      10.351464       0.993790       3.695344       1.000000     541.499386       0.000000            0
# Jump frustrated.
        61        30.5000       1       1       6.384911       3.968380      10.353291       0.993790       4.003160       1.000000     541.499386       0.000000            0
        62        31.0000       1       1       6.735035       3.618564      10.353599       0.993789       4.286754       1.000000     541.499386       0.000000            0
        63        31.5000       1       1       7.184902       3.168681      10.353583       0.993789       4.536229       1.000000     541.499386       0.000000            0
# Jump frustrated.
        64        32.0000       1       1       7.720651       2.626828      10.347479       0.993788       4.366745       1.000000     541.499386       0.000000            1
        65        32.5000       1       1       8.267582       2.071896      10.339478       0.993789       3.840685       1.000000     541.499386       0.000000            0
# Jump frustrated.
        66        33.0000       1       1       8.708578       1.625335      10.333912       0.993789       3.068185       1.000000     541.499386       0.000000            0
        67        33.5000       1       1       8.941948       1.391155      10.333102       0.993789       2.440264       1.000000     541.499386       0.000000            0
        68        34.0000       1       1       8.941795       1.394061      10.335856       0.993790       2.203566       1.000000     541.499386       0.000000            0
        69        34.5000       1       1       8.737152       1.601460      10.338612       0.993789       2.340295       1.000000     541.499386       0.000000            0
# Jump frustrated.
        70        35.0000       1       1       8.373003       1.968508      10.341511       0.993789       2.665660       1.000000     541.499386       0.000000            0
# Jump frustrated.
        71        35.5000       1       1       7.890105       2.452023      10.342129       0.993789       3.060664       1.000000     541.499386       0.000000            1
# Jump frustrated.
        72        36.0000       1       1       7.330770       3.019827      10.350597       0.993789       3.464492       1.000000     541.499386       0.000000            0
# Jump frustrated.
        73        36.5000       1       1       6.765473       3.588253      10.353726       0.993790       3.648773       1.000000     541.499386       0.000000            0
# Jump frustrated.
        74        37.0000       1       1       6.254401       4.100833      10.355234       0.993790       3.787333       1.000000     541.499386       0.000000            0
        75        37.5000       1       1       5.830694       4.527464      10.358159       0.993790       3.847636       1.000000     541.499386       0.000000            0
# Jump frustrated.
        76        38.0000       1       1       5.511833       4.845102      10.356935       0.993790       3.834927       1.000000     541.499386       0.000000            0
        77        38.5000       1       1       5.294220       5.061843      10.356063       0.993790       3.799282       1.000000     541.499386       0.000000            1
# Jump frustrated.
        78        39.0000       1       1       5.170752       5.186200      10.356952       0.993790       3.782549       1.000000     541.499386       0.000000            0
        79        39.5000       1       1       5.153689       5.205092      10.358781       0.993790       3.796475       1.000000     541.499386       0.000000            0
        80        40.0000       1       1       5.271325       5.088417      10.359742       0.993791       3.789815       1.000000     541.499386       0.000000            0
# Jump frustrated.
        81        40.5000       1       1       5.536320       4.820812      10.357133       0.993791       3.651704       1.000000     541.499386       0.000000            0
        82        41.0000       1       1       5.909993       4.440270      10.350263       0.993792       3.273301       1.000000     541.499386       0.000000            0
# Jump frustrated.
        83        41.5000       1       1       6.285060       4.054122      10.339182       0.993792       2.676113       1.000000     541.499386       0.000000            0
# Jump frustrated.
        84        42.0000       1       1       6.517696       3.814337      10.332032       0.993792       2.034433       1.000000     541.499386       0.000000            1
# Jump frustrated.
        85        42.5000       1       1       6.499914       3.829699      10.329613       0.993793       1.784237       1.000000     541.499386       0.000000            0
# Jump frustrated.
        86        43.0000       1       1       6.207967       4.126784      10.334752       0.993793       2.504526       1.000000     541.499386       0.000000            0
# Jump frustrated.
        87        43.5000       1       1       5.744207       4.605525      10.349732       0.993793       3.780871       1.000000     541.499386       0.000000            0
# Jump frustrated.
        88        44.0000       1       1       5.361651       5.006828      10.368478       0.993793       4.759164       1.000000     541.499386       0.000000            0
        89        44.5000       1       1       5.299231       5.064750      10.363981       0.993793       4.783215       1.000000     541.499386       0.000000            0
# Jump frustrated.
        90        45.0000       1       1       5.508034       4.835552      10.343586       0.993792       3.969731       1.000000     541.499386       0.000000            0
# Jump frustrated.
        91        45.5000       1       1       5.728829       4.606563      10.335392       0.993792       3.043873       1.000000     541.499386       0.000000            0
        92        46.0000       1       1       5.809231       4.531409      10.340640       0.993793       2.543932       1.000000     541.499386       0.000000            0
        93        46.5000       1       1       5.762964       4.582688      10.345652       0.993793       2.408629       1.000000     541.499386       0.000000            1
# Jump frustrated.
        94        47.0000       1       1       5.654610       4.695626      10.350235       0.993793       2.422453       1.000000     541.499386       0.000000            0
# Jump frustrated.
        95        47.5000       1       1       5.548031       4.806280      10.354311       0.993794       2.474090       1.000000     541.499386       0.000000            0
# Jump frustrated.
        96        48.0000       1       1       5.498731       4.858389      10.357120       0.993795       2.515173       1.000000     541.499386       0.000000            0
# Jump frustrated.
        97        48.5000       1       1       5.547256       4.811262      10.358518       0.993795       2.535901       1.000000     541.499386       0.000000            0
# Jump frustrated.
        98        49.0000       1       1       5.711159       4.646215      10.357374       0.993796       2.533373       1.000000     541.499386       0.000000            0
# Jump frustrated.
        99        49.5000       1       1       5.972940       4.380479      10.353419       0.993796       2.461737       1.000000     541.499386       0.000000            1
# Jump frustrated.
       100        50.0000       1       1       6.285594       4.063879      10.349473       0.993797       2.372421       1.000000     541.499386       0.000000            0
# Jump frustrated.
       101        50.5000       1       1       6.595003       3.751847      10.346850       0.993796       2.351583       1.000000     541.499386       0.000000            0
# Jump frustrated.
       102        51.0000       1       1       6.883023       3.468257      10.351280       0.993796       2.466523       1.000000     541.499386       0.000000            0
# Jump frustrated.
       103        51.5000       1       1       7.202037       3.154563      10.356601       0.993796       2.688103       1.000000     541.499386       0.000000            0
       104        52.0000       1       1       7.613340       2.739973      10.353313       0.993796       2.806855       1.000000     541.499386       0.000000            0
# Jump frustrated.
       105        52.5000       1       1       8.095417       2.250230      10.345647       0.993796       2.668276       1.000000     541.499386       0.000000            1
# Jump frustrated.
       106        53.0000       1       1       8.550495       1.788098      10.338593       0.993797       2.311841       1.000000     541.499386       0.000000            0
# Jump frustrated.
       107        53.5000       1       1       8.852990       1.475028      10.328018       0.993797       1.945330       1.000000     541.499386       0.000000            0
       108        54.0000       1       1       8.864370       1.456758      10.321128       0.993797       1.973559       1.000000     541.499386       0.000000            0
       109        54.5000       1       1       8.518770       1.808651      10.327421       0.993798       2.713149       1.000000     541.499386       0.000000            0
# Jump frustrated.
       110        55.0000       1       1       7.929115       2.418183      10.347299       0.993799       3.785378       1.000000     541.499386       0.000000            0
# Jump frustrated.
       111        55.5000       1       1       7.390848       2.973946      10.364793       0.993798       4.354915       1.000000     541.499386       0.000000            0
       112        56.0000       1       1       7.136138       3.219752      10.355890       0.993798       3.893870       1.000000     541.499386       0.000000            1
# Jump frustrated.
       113        56.5000       1       1       7.067269       3.272276      10.339546       0.993798       3.019961       1.000000     541.499386       0.000000            0
# Jump frustrated.
       114        57.0000       1       1       6.949788       3.385837      10.335625       0.993798       2.624977       1.000000     541.499386       0.000000            0
# Jump frustrated.
       115        57.5000       1       1       6.685202       3.656763      10.341965       0.993798       2.714137       1.000000     541.499386       0.000000            0
       116        58.0000       1       1       6.318636       4.031285      10.349922       0.993798       2.844380       1.000000     541.499386       0.000000            0
# Jump frustrated.
       117        58.5000       1       1       5.936041       4.418471      10.354513       0.993798       2.890366       1.000000     541.499386       0.000000            0
# Jump frustrated.
       118        59.0000       1       1       5.599115       4.758530      10.357646       0.993797       2.882751       1.000000     541.499386       0.000000            1
# Jump frustrated.
       119        59.5000       1       1       5.340350       5.018661      10.359012       0.993797       2.845541       1.000000     541.499386       0.000000            0
# Jump frustrated.
       120        60.0000       1       1       5.167512       5.190559      10.358071       0.993797       2.769383       1.000000     541.499386       0.000000            0
# Jump frustrated.
       121        60.5000       1       1       5.064398       5.291248      10.355646       0.993796       2.641948       1.000000     541.499386       0.000000            0
# Jump frustrated.
       122        61.0000       1       1       4.997239       5.356229      10.353468       0.993797       2.498163       1.000000     541.499386       0.000000            0
# Jump frustrated.
       123        61.5000       1       1       4.932485       5.419964      10.352449       0.993797       2.380805       1.000000     541.499386       0.000000            0
       124        62.0000       1       1       4.856719       5.497402      10.354120       0.993797       2.343022       1.000000     541.499386       0.000000            0
# Jump frustrated.
       125        62.5000       1       1       4.787464       5.569233      10.356698       0.993797       2.345667       1.000000     541.499386       0.000000            1
# Jump frustrated.
       126        63.0000       1       1       4.755289       5.602450      10.357740       0.993797       2.272253       1.000000     541.499386       0.000000            0
# Jump frustrated.
       127        63.5000       1       1       4.770702       5.585219      10.355921       0.993797       2.049501       1.000000     541.499386       0.000000            0
# Jump frustrated.
       128        64.0000       1       1       4.807116       5.544943      10.352060       0.993798       1.726148       1.000000     541.499386       0.000000            0
       129        64.5000       1       1       4.806638       5.540169      10.346806       0.993798       1.477373       1.000000     541.499386       0.000000            0
       130        65.0000       1       1       4.702321       5.641480      10.343802       0.993798       1.535792       1.000000     541.499386       0.000000            0
       131        65.5000       1       1       4.460139       5.885833      10.345972       0.993797       1.933239       1.000000     541.499386       0.000000            1
# Jump frustrated.
       132        66.0000       1       1       4.113451       6.238556      10.352008       0.993797       2.442125       1.000000     541.499386       0.000000            0
# Jump frustrated.
       133        66.5000       1       1       3.746657       6.611625      10.358282       0.993797       2.890006       1.000000     541.499386       0.000000            0
# Jump frustrated.
       134        67.0000       1       1       3.452503       6.910163      10.362667       0.993796       3.199366       1.000000     541.499386       0.000000            0
# Jump frustrated.
       135        67.5000       1       1       3.298264       7.066283      10.364547       0.993796       3.377779       1.000000     541.499386       0.000000            0
       136        68.0000       1       1       3.314304       7.049882      10.364186       0.993796       3.434548       1.000000     541.499386       0.000000            0
# Jump frustrated.
       137        68.5000       1       1       3.499078       6.863867      10.362945       0.993796       3.391387       1.000000     541.499386       0.000000            0
       138        69.0000       1       1       3.828979       6.531281      10.360260       0.993796       3.251625       1.000000     541.499386       0.000000            1
# Jump frustrated.
       139        69.5000       1       1       4.265041       6.091779      10.356820       0.993796       3.037601       1.000000     541.499386       0.000000            0
# Jump frustrated.
       140        70.0000       1       1       4.760772       5.594561      10.355333       0.993796       2.757032       1.000000     541.499386       0.000000            0
       141        70.5000       1       1       5.275869       5.077206      10.353076       0.993796       2.478520       1.000000     541.499386       0.000000            0
       142        71.0000       1       1       5.777700       4.573138      10.350838       0.993796       2.262905       1.000000     541.499386       0.000000            0
       143        71.5000       1       1       6.235189       4.114535      10.349725       0.993796       2.192674       1.000000     541.499386       0.000000            0
       144        72.0000       1       1       6.635238       3.715931      10.351169       0.993796       2.354850       1.000000     541.499386       0.000000            0
# Jump frustrated.
       145        72.5000       1       1       6.993292       3.360509      10.353801       0.993795       2.683850       1.000000     541.499386       0.000000            0
# Jump frustrated.
       146        73.0000       1       1       7.339263       3.015675      10.354938       0.993795       3.077484       1.000000     541.499386       0.000000            1
# Jump frustrated.
       147        73.5000       1       1       7.692105       2.661498      10.353604       0.993796       3.336184       1.000000     541.499386       0.000000            0
# Jump frustrated.
       148        74.0000       1       1       8.036159       2.313550      10.349709       0.993796       3.387820       1.000000     541.499386       0.000000            0
# Jump frustrated.
       149        74.5000       1       1       8.332227       2.014181      10.346409       0.993797       3.210993       1.000000     541.499386       0.000000            0
# Jump frustrated.
       150        75.0000       1       1       8.514863       1.817786      10.332648       0.993798       2.786630       1.000000     541.499386       0.000000            0
# Jump frustrated.
       151        75.5000       1       1       8.468865       1.860137      10.329002       0.993798       2.552612       1.000000     541.499386       0.000000            0
       152        76.0000       1       1       8.149220       2.188156      10.337376       0.993799       2.739289       1.000000     541.499386       0.000000            0
# Jump frustrated.
       153        76.5000       1       1       7.646146       2.696376      10.342522       0.993799       3.139859       1.000000     541.499386       0.000000            1
# Jump frustrated.
       154        77.0000       1       1       7.072392       3.277466      10.349858       0.993800       3.818628       1.000000     541.499386       0.000000            0
       155        77.5000       1       1       6.559535       3.800219      10.359755       0.993801       4.464414       1.000000     541.499386       0.000000            0
# Jump frustrated.
       156        78.0000       1       1       6.239346       4.122840      10.362186       0.993801       4.810031       1.000000     541.499386       0.000000            0
       157        78.5000       1       1       6.146717       4.209204      10.355921       0.993801       4.753724       1.000000     541.499386       0.000000            0
       158        79.0000       1       1       6.202782       4.146507      10.349288       0.993802       4.492281       1.000000     541.499386       0.000000            0
# Jump frustrated.
       159        79.5000       1       1       6.303684       4.041873      10.345557       0.993802       4.178606       1.000000     541.499386       0.000000            1
# Jump frustrated.
       160        80.0000       1       1       6.380842       3.962983      10.343825       0.993802       3.876452       1.000000     541.499386       0.000000            0
       161        80.5000       1       1       6.401822       3.941807      10.343629       0.993800       3.638933       1.000000     541.499386       0.000000            0
       162        81.0000       1       1       6.358597       3.985612      10.344209       0.993799       3.451180       1.000000     541.499386       0.000000            0
# Jump frustrated.
       163        81.5000       1       1       6.262162       4.085055      10.347217       0.993798       3.262506       1.000000     541.499386       0.000000            0
       164        82.0000       1       1       6.133696       4.212318      10.346014       0.993799       3.073607       1.000000     541.499386       0.000000            0
       165        82.5000       1       1       5.977978       4.366985      10.344963       0.993800       2.922966       1.000000     541.499386       0.000000            0
       166        83.0000       1       1       5.791639       4.553000      10.344639       0.993800       2.876956       1.000000     541.499386       0.000000            1
# Jump frustrated.
       167        83.5000       1       1       5.584762       4.759984      10.344745       0.993800       3.154935       1.000000     541.499386       0.000000            0
       168        84.0000       1       1       5.401739       4.950359      10.352098       0.993801       3.949090       1.000000     541.499386       0.000000            0
       169        84.5000       1       1       5.407176       4.962400      10.369576       0.993800       4.805842       1.000000     541.499386       0.000000            0
# Jump frustrated.
       170        85.0000       1       1       5.818932       4.548640      10.367573       0.993799       4.980383       1.000000     541.499386       0.000000            0
# Jump frustrated.
       171        85.5000       1       1       6.576183       3.758283      10.334466       0.993799       4.337794       1.000000     541.499386       0.000000            0
       172        86.0000       1       1       7.277979       3.032283      10.310262       0.993799       3.747764       1.000000     541.499386       0.000000            0
# Jump frustrated.
       173        86.5000       1       1       7.589411       2.725026      10.314436       0.993799       3.689574       1.000000     541.499386       0.000000            0
       174        87.0000       1       1       7.464272       2.858309      10.322581       0.993799       3.885062       1.000000     541.499386       0.000000            1
# Jump frustrated.
       175        87.5000       1       1       7.002093       3.328122      10.330216       0.993798       4.006251       1.000000     541.499386       0.000000            0
       176        88.0000       1       1       6.345173       4.000144      10.345318       0.993797       4.276617       1.000000     541.499386       0.000000            0
# Jump frustrated.
       177        88.5000       1       1       5.730845       4.634382      10.365227       0.993797       4.658913       1.000000     541.499386       0.000000            0
       178        89.0000       1       1       5.432558       4.938733      10.371291       0.993797       4.606479       1.000000     541.499386       0.000000            0
# Jump frustrated.
       179        89.5000       1       1       5.526043       4.830777      10.356820       0.993797       3.981493       1.000000     541.499386       0.000000            0
# Jump frustrated.
       180        90.0000       1       1       5.817901       4.522274      10.340175       0.993798       3.107705       1.000000     541.499386       0.000000            0
       181        90.5000       1       1       6.061385       4.273562      10.334947       0.993799       2.482525       1.000000     541.499386       0.000000            0
# Jump frustrated.
       182        91.0000       1       1       6.141525       4.196125      10.337649       0.993799       2.268463       1.000000     541.499386       0.000000            1
       183        91.5000       1       1       6.066777       4.275223      10.342000       0.993800       2.285369       1.000000     541.499386       0.000000            0
       184        92.0000       1       1       5.885684       4.458747      10.344430       0.993800       2.395120       1.000000     541.499386       0.000000            0
       185        92.5000       1       1       5.637296       4.709328      10.346624       0.993800       2.636174       1.000000     541.499386       0.000000            0
       186        93.0000       1       1       5.362245       4.988351      10.350595       0.993800       3.054408       1.000000     541.499386       0.000000            0
# Jump frustrated.
       187        93.5000       1       1       5.132880       5.225022      10.357902       0.993801       3.581843       1.000000     541.499386       0.000000            0
# Jump frustrated.
       188        94.0000       1       1       5.058848       5.305781      10.364629       0.993802       4.003087       1.000000     541.499386       0.000000            0
# Jump frustrated.
       189        94.5000       1       1       5.239108       5.126617      10.365724       0.993803       4.114420       1.000000     541.499386       0.000000            0
# Jump frustrated.
       190        95.0000       1       1       5.685143       4.672997      10.358140       0.993804       3.888571       1.000000     541.499386       0.000000            1
# Jump frustrated.
       191        95.5000       1       1       6.291534       4.052876      10.344410       0.993805       3.495915       1.000000     541.499386       0.000000            0
# Jump frustrated.
       192        96.0000       1       1       6.889984       3.444590      10.334574       0.993805       3.090349       1.000000     541.499386       0.000000            0
       193        96.5000       1       1       7.335526       2.992423      10.327949       0.993805       2.889207       1.000000     541.499386       0.000000            0
# Jump frustrated.
       194        97.0000       1       1       7.515886       2.802878      10.318764       0.993805       2.982978       1.000000     541.499386       0.000000            0
       195        97.5000       1       1       7.313704       2.999274      10.312978       0.993804       3.685416       1.000000     541.499386       0.000000            0
       196        98.0000       1       1       6.724224       3.606107      10.330331       0.993803       5.028222       1.000000     541.499386       0.000000            0
       197        98.5000       1       1       6.054392       4.313215      10.367606       0.993802       6.215768       1.000000     541.499386       0.000000            1
# Jump frustrated.
       198        99.0000       1       1       5.781551       4.594314      10.375865       0.993801       6.295019       1.000000     541.499386       0.000000            0
# Jump frustrated.
       199        99.5000       1       1       6.008579       4.338750      10.347329       0.993800       5.321563       1.000000     541.499386       0.000000            0
       200       100.0000       1       1       6.397040       3.935371      10.332411       0.993799       4.391408       1.000000     541.499386       0.000000            0
       201       100.5000       1       1       6.672599       3.661538      10.334137       0.993800       4.014102       1.000000     541.499386       0.000000            0
       202       101.0000       1       1       6.797947       3.541749      10.339697       0.993800       3.813630       1.000000     541.499386       0.000000            0
# Jump frustrated.
       203       101.5000       1       1       6.825293       3.517459      10.342752       0.993799       3.565134       1.000000     541.499386       0.000000            1
# Jump frustrated.
       204       102.0000       1       1       6.785475       3.556489      10.341964       0.993799       3.239217       1.000000     541.499386       0.000000            0
# Jump frustrated.
       205       102.5000       1       1       6.682849       3.660708      10.343557       0.993799       2.947770       1.000000     541.499386       0.000000            0
# Jump frustrated.
       206       103.0000       1       1       6.538409       3.808731      10.347140       0.993800       2.746096       1.000000     541.499386       0.000000            0
# Jump frustrated.
       207       103.5000       1       1       6.391202       3.958623      10.349825       0.993801       2.652213       1.000000     541.499386       0.000000            0
# Jump frustrated.
       208       104.0000       1       1       6.280141       4.071768      10.351910       0.993801       2.643242       1.000000     541.499386       0.000000            0
# Jump frustrated.
       209       104.5000       1       1       6.239792       4.114120      10.353912       0.993801       2.704937       1.000000     541.499386       0.000000            0
       210       105.0000       1       1       6.294810       4.058897      10.353706       0.993800       2.801551       1.000000     541.499386       0.000000            1
# Jump frustrated.
       211       105.5000       1       1       6.443317       3.907552      10.350868       0.993801       2.960706       1.000000     541.499386       0.000000            0
       212       106.0000       1       1       6.652743       3.694548      10.347290       0.993802       3.236728       1.000000     541.499386       0.000000            0
# Jump frustrated.
       213       106.5000       1       1       6.879567       3.465973      10.345540       0.993803       3.604446       1.000000     541.499386       0.000000            0
       214       107.0000       1       1       7.092935       3.251308      10.344243       0.993804       3.973565       1.000000     541.499386       0.000000            0
# Jump frustrated.
       215       107.5000       1       1       7.267338       3.073389      10.340727       0.993804       4.192058       1.000000     541.499386       0.000000            0
# Jump frustrated.
       216       108.0000       1       1       7.346778       2.985572      10.332350       0.993804       4.174327       1.000000     541.499386       0.000000            0
       217       108.5000       1       1       7.215701       3.102454      10.318156       0.993804       3.969872       1.000000     541.499386       0.000000            0
# Jump frustrated.
       218       109.0000       1       1       6.771953       3.553375      10.325329       0.993804       3.907215       1.000000     541.499386       0.000000            1
# Jump frustrated.
       219       109.5000       1       1       6.126825       4.222698      10.349523       0.993803       4.326591       1.000000     541.499386       0.000000            0
# Jump frustrated.
       220       110.0000       1       1       5.648650       4.725313      10.373963       0.993803       4.670069       1.000000     541.499386       0.000000            0
# Jump frustrated.
       221       110.5000       1       1       5.629644       4.734033      10.363677       0.993803       4.234732       1.000000     541.499386       0.000000            0
# Jump frustrated.
       222       111.0000       1       1       5.953923       4.387538      10.341461       0.993803       3.420605       1.000000     541.499386       0.000000            0
       223       111.5000       1       1       6.306422       4.025472      10.331894       0.993803       2.962561       1.000000     541.499386       0.000000            0
# Jump frustrated.
       224       112.0000       1       1       6.500215       3.832606      10.332821       0.993802       2.948560       1.000000     541.499386       0.000000            0
# Jump frustrated.
       225       112.5000       1       1       6.507809       3.829907      10.337716       0.993801       3.122900       1.000000     541.499386       0.000000            1
# Jump frustrated.
       226       113.0000       1       1       6.382409       3.961322      10.343731       0.993800       3.268090       1.000000     541.499386       0.000000            0
# Jump frustrated.
       227       113.5000       1       1       6.197724       4.150659      10.348383       0.993799       3.353146       1.000000     541.499386       0.000000            0
       228       114.0000       1       1       6.013594       4.336674      10.350268       0.993797       3.301079       1.000000     541.499386       0.000000            0
# Jump frustrated.
       229       114.5000       1       1       5.853977       4.494870      10.348847       0.993797       3.272070       1.000000     541.499386       0.000000            0
       230       115.0000       1       1       5.729863       4.622963      10.352827       0.993797       3.340126       1.000000     541.499386       0.000000            0
# Jump frustrated.
       231       115.5000       1       1       5.681667       4.675073      10.356739       0.993799       3.457205       1.000000     541.499386       0.000000            0
       232       116.0000       1       1       5.751493       4.603656      10.355149       0.993799       3.441382       1.000000     541.499386       0.000000            1
       233       116.5000       1       1       5.900203       4.444837      10.345041       0.993798       3.241144       1.000000     541.499386       0.000000            0
# Jump frustrated.
       234       117.0000       1       1       6.046038       4.300135      10.346173       0.993798       3.046112       1.000000     541.499386       0.000000            0
# Jump frustrated.
       235       117.5000       1       1       6.176036       4.173080      10.349116       0.993799       3.007921       1.000000     541.499386       0.000000            0
# Jump frustrated.
       236       118.0000       1       1       6.317393       4.030870      10.348263       0.993798       3.075176       1.000000     541.499386       0.000000            0
# Jump frustrated.
       237       118.5000       1       1       6.472886       3.874127      10.347013       0.993798       3.232058       1.000000     541.499386       0.000000            0
# Jump frustrated.
       238       119.0000       1       1       6.639109       3.708665      10.347774       0.993797       3.465130       1.000000     541.499386       0.000000            1
# Jump frustrated.
       239       119.5000       1       1       6.821145       3.525556      10.346701       0.993797       3.699048       1.000000     541.499386       0.000000            0
# Jump frustrated.
       240       120.0000       1       1       6.988445       3.348260      10.336705       0.993798       3.893391       1.000000     541.499386       0.000000            0
       241       120.5000       1       1       7.032861       3.293244      10.326106       0.993799       4.161094       1.000000     541.499386       0.000000            0
# Jump frustrated.
       242       121.0000       1       1       6.838449       3.486111      10.324560       0.993800       4.798755       1.000000     541.499386       0.000000            0
       243       121.5000       1       1       6.449589       3.896341      10.345930       0.993800       5.920405       1.000000     541.499386       0.000000            1
# Jump frustrated.
       244       122.0000       1       1       6.202966       4.172250      10.375216       0.993801       6.716571       1.000000     541.499386       0.000000            0
       245       122.5000       1       1       6.455632       3.910873      10.366506       0.993800       6.388426       1.000000     541.499386       0.000000            0
# Jump frustrated.
       246       123.0000       1       1       7.099726       3.231585      10.331312       0.993799       5.045746       1.000000     541.499386       0.000000            0
# Jump frustrated.
       247       123.5000       1       1       7.688075       2.628074      10.316148       0.993801       3.716803       1.000000     541.499386       0.000000            0
# Jump frustrated.
       248       124.0000       1       1       7.939260       2.379569      10.318829       0.993802       2.991696       1.000000     541.499386       0.000000            0
# Jump frustrated.
       249       124.5000       1       1       7.828597       2.496866      10.325464       0.993802       2.818406       1.000000     541.499386       0.000000            0
       250       125.0000       1       1       7.438212       2.895263      10.333475       0.993801       2.874755       1.000000     541.499386       0.000000            1
# Jump frustrated.
       251       125.5000       1       1       6.861570       3.476146      10.337716       0.993799       3.025500       1.000000     541.499386       0.000000            0
# Jump frustrated.
       252       126.0000       1       1       6.196720       4.150659      10.347379       0.993799       3.175351       1.000000     541.499386       0.000000            0
# Jump frustrated.
       253       126.5000       1       1       5.560055       4.797145      10.357200       0.993800       3.279906       1.000000     541.499386       0.000000            0
# Jump frustrated.
       254       127.0000       1       1       5.069325       5.291871      10.361196       0.993800       3.302501       1.000000     541.499386       0.000000            0
       255       127.5000       1       1       4.796660       5.565081      10.361741       0.993800       3.315415       1.000000     541.499386       0.000000            0
       256       128.0000       1       1       4.750260       5.608263      10.358523       0.993801       3.393173       1.000000     541.499386       0.000000            0
# Jump frustrated.
       257       128.5000       1       1       4.888002       5.466468      10.354470       0.993801       3.738030       1.000000     541.499386       0.000000            1
# Jump frustrated.
       258       129.0000       1       1       5.150518       5.200524      10.351042       0.993801       4.406167       1.000000     541.499386       0.000000            0
# Jump frustrated.
       259       129.5000       1       1       5.489648       4.859220      10.348867       0.993802       5.234469       1.000000     541.499386       0.000000            0
       260       130.0000       1       1       5.877561       4.470996      10.348557       0.993802       6.092041       1.000000     541.499386       0.000000            0
       261       130.5000       1       1       6.304272       4.042288      10.346560       0.993802       6.746762       1.000000     541.499386       0.000000            0
       262       131.0000       1       1       6.745144       3.595312      10.340456       0.993801       6.909611       1.000000     541.499386       0.000000            0
       263       131.5000       1       1       7.124758       3.206050      10.330808       0.993800       6.505599       1.000000     541.499386       0.000000            0
# Jump frustrated.
       264       132.0000       1       1       7.328476       2.995122      10.323597       0.993799       5.787163       1.000000     541.499386       0.000000            1
# Jump frustrated.
       265       132.5000       1       1       7.289098       3.039549      10.328648       0.993798       5.111845       1.000000     541.499386       0.000000            0
# Jump frustrated.
       266       133.0000       1       1       7.107245       3.240720      10.347965       0.993797       4.773991       1.000000     541.499386       0.000000            0
# Jump frustrated.
       267       133.5000       1       1       7.035808       3.323763      10.359570       0.993799       4.547356       1.000000     541.499386       0.000000            0
       268       134.0000       1       1       7.221174       3.127782      10.348956       0.993801       3.949694       1.000000     541.499386       0.000000            0
# Jump frustrated.
       269       134.5000       1       1       7.538254       2.796235      10.334489       0.993801       3.061600       1.000000     541.499386       0.000000            0
# Jump frustrated.
       270       135.0000       1       1       7.763498       2.564754      10.328252       0.993800       2.375338       1.000000     541.499386       0.000000            0
# Jump frustrated.
       271       135.5000       1       1       7.771649       2.557487      10.329136       0.993800       2.161474       1.000000     541.499386       0.000000            0
       272       136.0000       1       1       7.548821       2.783363      10.332185       0.993800       2.371357       1.000000     541.499386       0.000000            1
       273       136.5000       1       1       7.139650       3.198368      10.338018       0.993800       2.849655       1.000000     541.499386       0.000000            0
       274       137.0000       1       1       6.636278       3.711156      10.347434       0.993800       3.343767       1.000000     541.499386       0.000000            0
       275       137.5000       1       1       6.154444       4.197163      10.351607       0.993800       3.656060       1.000000     541.499386       0.000000            0
# Jump frustrated.
       276       138.0000       1       1       5.768398       4.586009      10.354408       0.993800       3.891665       1.000000     541.499386       0.000000            0
# Jump frustrated.
       277       138.5000       1       1       5.513297       4.842403      10.355700       0.993800       4.058112       1.000000     541.499386       0.000000            0
       278       139.0000       1       1       5.404477       4.951812      10.356289       0.993800       4.192075       1.000000     541.499386       0.000000            0
# Jump frustrated.
       279       139.5000       1       1       5.444572       4.910914      10.355485       0.993800       4.261335       1.000000     541.499386       0.000000            1
# Jump frustrated.
       280       140.0000       1       1       5.623280       4.730711      10.353991       0.993799       4.213425       1.000000     541.499386       0.000000            0
# Jump frustrated.
       281       140.5000       1       1       5.906537       4.443592      10.350128       0.993798       4.060453       1.000000     541.499386       0.000000            0
# Jump frustrated.
       282       141.0000       1       1       6.232904       4.112459      10.345363       0.993798       3.891542       1.000000     541.499386       0.000000            0
       283       141.5000       1       1       6.528302       3.812260      10.340562       0.993799       3.788870       1.000000     541.499386       0.000000            0
# Jump frustrated.
       284       142.0000       1       1       6.723771       3.613789      10.337560       0.993800       3.850807       1.000000     541.499386       0.000000            0
       285       142.5000       1       1       6.779527       3.558981      10.338507       0.993802       4.102666       1.000000     541.499386       0.000000            0
# Jump frustrated.
       286       143.0000       1       1       6.710397       3.633096      10.343493       0.993803       4.481353       1.000000     541.499386       0.000000            1
# Jump frustrated.
       287       143.5000       1       1       6.597519       3.753715      10.351234       0.993803       4.809426       1.000000     541.499386       0.000000            0
# Jump frustrated.
       288       144.0000       1       1       6.549787       3.803956      10.353743       0.993803       4.818862       1.000000     541.499386       0.000000            0
# Jump frustrated.
       289       144.5000       1       1       6.604226       3.741674      10.345900       0.993804       4.407685       1.000000     541.499386       0.000000            0
       290       145.0000       1       1       6.669309       3.665898      10.335207       0.993806       3.818483       1.000000     541.499386       0.000000            0
# Jump frustrated.
       291       145.5000       1       1       6.612162       3.720083      10.332245       0.993807       3.540463       1.000000     541.499386       0.000000            0
# Jump frustrated.
       292       146.0000       1       1       6.412754       3.929350      10.342105       0.993806       3.587809       1.000000     541.499386       0.000000            0
       293       146.5000       1       1       6.165346       4.185122      10.350468       0.993806       3.634886       1.000000     541.499386       0.000000            1
# Jump frustrated.
       294       147.0000       1       1       5.955584       4.396050      10.351634       0.993806       3.562370       1.000000     541.499386       0.000000            0
# Jump frustrated.
       295       147.5000       1       1       5.808573       4.542620      10.351193       0.993806       3.444600       1.000000     541.499386       0.000000            0
# Jump frustrated.
       296       148.0000       1       1       5.719249       4.632098      10.351347       0.993806       3.421748       1.000000     541.499386       0.000000            0
       297       148.5000       1       1       5.686262       4.666146      10.352407       0.993805       3.486950       1.000000     541.499386       0.000000            0
# Jump frustrated.
       298       149.0000       1       1       5.720102       4.633759      10.353861       0.993805       3.693493       1.000000     541.499386       0.000000            0
       299       149.5000       1       1       5.838070       4.516461      10.354531       0.993804       3.962911       1.000000     541.499386       0.000000            0
# Jump frustrated.
       300       150.0000       1       1       6.052759       4.302419      10.355179       0.993804       4.207596       1.000000     541.499386       0.000000            1
       301       150.5000       1       1       6.371867       3.982913      10.354780       0.993804       4.386184       1.000000     541.499386       0.000000            0
# Jump frustrated.
       302       151.0000       1       1       6.784426       3.566454      10.350880       0.993804       4.481743       1.000000     541.499386       0.000000            0
       303       151.5000       1       1       7.234923       3.112834      10.347757       0.993804       4.315513       1.000000     541.499386       0.000000            0
# Jump frustrated.
       304       152.0000       1       1       7.646906       2.696584      10.343490       0.993803       4.078516       1.000000     541.499386       0.000000            0
       305       152.5000       1       1       7.950898       2.387042      10.337940       0.993804       3.778843       1.000000     541.499386       0.000000            0
# Jump frustrated.
       306       153.0000       1       1       8.073762       2.259780      10.333542       0.993804       3.435352       1.000000     541.499386       0.000000            1
       307       153.5000       1       1       7.985806       2.351957      10.337763       0.993805       3.321137       1.000000     541.499386       0.000000            0
# Jump frustrated.
       308       154.0000       1       1       7.764743       2.583853      10.348596       0.993805       3.582515       1.000000     541.499386       0.000000            0
# Jump frustrated.
       309       154.5000       1       1       7.574707       2.781079      10.355787       0.993805       3.768566       1.000000     541.499386       0.000000            0
# Jump frustrated.
       310       155.0000       1       1       7.513456       2.836095      10.349552       0.993806       3.484222       1.000000     541.499386       0.000000            0
# Jump frustrated.
       311       155.5000       1       1       7.504314       2.834850      10.339164       0.993806       2.923216       1.000000     541.499386       0.000000            0
# Jump frustrated.
       312       156.0000       1       1       7.393042       2.940106      10.333148       0.993806       2.554315       1.000000     541.499386       0.000000            1
# Jump frustrated.
       313       156.5000       1       1       7.085196       3.250893      10.336089       0.993806       2.549995       1.000000     541.499386       0.000000            0
# Jump frustrated.
       314       157.0000       1       1       6.594686       3.749771      10.344457       0.993806       2.721992       1.000000     541.499386       0.000000            0
# Jump frustrated.
       315       157.5000       1       1       6.010637       4.339996      10.350632       0.993807       2.847595       1.000000     541.499386       0.000000            0
# Jump frustrated.
       316       158.0000       1       1       5.415304       4.938733      10.354037       0.993806       2.935809       1.000000     541.499386       0.000000            0
# Jump frustrated.
       317       158.5000       1       1       4.858797       5.498024      10.356822       0.993805       3.018917       1.000000     541.499386       0.000000            0
       318       159.0000       1       1       4.376501       5.982578      10.359079       0.993805       3.160632       1.000000     541.499386       0.000000            1
# Jump frustrated.
       319       159.5000       1       1       4.003359       6.358553      10.361912       0.993805       3.315369       1.000000     541.499386       0.000000            0
# Jump frustrated.
       320       160.0000       1       1       3.775032       6.588373      10.363406       0.993805       3.438232       1.000000     541.499386       0.000000            0
# Jump frustrated.
       321       160.5000       1       1       3.717347       6.647126      10.364473       0.993804       3.524542       1.000000     541.499386       0.000000            0
       322       161.0000       1       1       3.842147       6.521732      10.363879       0.993802       3.567631       1.000000     541.499386       0.000000            0
# Jump frustrated.
       323       161.5000       1       1       4.146654       6.216343      10.362996       0.993802       3.589924       1.000000     541.499386       0.000000            0
# Jump frustrated.
       324       162.0000       1       1       4.613250       5.746944      10.360194       0.993804       3.592547       1.000000     541.499386       0.000000            0
       325       162.5000       1       1       5.201413       5.153813      10.355226       0.993804       3.569193       1.000000     541.499386       0.000000            1
# Jump frustrated.
       326       163.0000       1       1       5.835239       4.510026      10.345265       0.993805       3.499482       1.000000     541.499386       0.000000            0
# Jump frustrated.
       327       163.5000       1       1       6.389755       3.942014      10.331770       0.993807       3.418838       1.000000     541.499386       0.000000            0
# Jump frustrated.
       328       164.0000       1       1       6.729712       3.596350      10.326062       0.993807       3.696696       1.000000     541.499386       0.000000            0
       329       164.5000       1       1       6.856576       3.485488      10.342064       0.993807       4.652142       1.000000     541.499386       0.000000            0
# Jump frustrated.
       330       165.0000       1       1       7.039367       3.326877      10.366244       0.993810       5.348287       1.000000     541.499386       0.000000            0
       331       165.5000       1       1       7.553157       2.799349      10.352506       0.993812       4.871472       1.000000     541.499386       0.000000            1
       332       166.0000       1       1       8.240518       2.084975      10.325494       0.993812       3.628446       1.000000     541.499386       0.000000            0
       333       166.5000       1       1       8.703478       1.606858      10.310335       0.993811       2.724531       1.000000     541.499386       0.000000            0
# Jump frustrated.
       334       167.0000       1       1       8.740647       1.578416      10.319062       0.993811       2.806319       1.000000     541.499386       0.000000            0
       335       167.5000       1       1       8.412009       1.922419      10.334428       0.993812       3.259449       1.000000     541.499386       0.000000            0
# Jump frustrated.
       336       168.0000       1       1       7.900574       2.447248      10.347823       0.993813       3.418670       1.000000     541.499386       0.000000            0
       337       168.5000       1       1       7.360231       2.993253      10.353484       0.993812       3.240951       1.000000     541.499386       0.000000            0
       338       169.0000       1       1       6.837592       3.515799      10.353390       0.993813       3.040759       1.000000     541.499386       0.000000            1
# Jump frustrated.
       339       169.5000       1       1       6.320567       4.033984      10.354551       0.993813       2.977173       1.000000     541.499386       0.000000            0
# Jump frustrated.
       340       170.0000       1       1       5.824116       4.533070      10.357186       0.993813       2.901719       1.000000     541.499386       0.000000            0
       341       170.5000       1       1       5.377975       4.980462      10.358437       0.993812       2.807294       1.000000     541.499386       0.000000            0
       342       171.0000       1       1       4.998318       5.361419      10.359738       0.993812       2.728312       1.000000     541.499386       0.000000            0
# Jump frustrated.
       343       171.5000       1       1       4.699477       5.661411      10.360887       0.993813       2.637679       1.000000     541.499386       0.000000            0
# Jump frustrated.
       344       172.0000       1       1       4.495415       5.866111      10.361525       0.993813       2.527027       1.000000     541.499386       0.000000            1
# Jump frustrated.
       345       172.5000       1       1       4.391608       5.969291      10.360899       0.993811       2.382995       1.000000     541.499386       0.000000            0
       346       173.0000       1       1       4.378548       5.980502      10.359050       0.993811       2.204155       1.000000     541.499386       0.000000            0
# Jump frustrated.
       347       173.5000       1       1       4.429409       5.927147      10.356556       0.993811       2.019116       1.000000     541.499386       0.000000            0
       348       174.0000       1       1       4.503595       5.849710      10.353304       0.993811       1.893363       1.000000     541.499386       0.000000            0
# Jump frustrated.
       349       174.5000       1       1       4.558002       5.793033      10.351035       0.993810       1.961106       1.000000     541.499386       0.000000            0
# Jump frustrated.
       350       175.0000       1       1       4.573531       5.779123      10.352654       0.993810       2.313744       1.000000     541.499386       0.000000            0
       351       175.5000       1       1       4.583902       5.773726      10.357628       0.993811       2.816910       1.000000     541.499386       0.000000            1
# Jump frustrated.
       352       176.0000       1       1       4.669679       5.692552      10.362231       0.993812       3.207996       1.000000     541.499386       0.000000            0
# Jump frustrated.
       353       176.5000       1       1       4.899780       5.461693      10.361473       0.993812       3.340884       1.000000     541.499386       0.000000            0
# Jump frustrated.
       354       177.0000       1       1       5.283127       5.076791      10.359918       0.993811       3.381309       1.000000     541.499386       0.000000            0
# Jump frustrated.
       355       177.5000       1       1       5.803117       4.556737      10.359854       0.993811       3.495347       1.000000     541.499386       0.000000            0
# Jump frustrated.
       356       178.0000       1       1       6.444562       3.910458      10.355020       0.993809       3.510693       1.000000     541.499386       0.000000            0
# Jump frustrated.
       357       178.5000       1       1       7.155895       3.190687      10.346582       0.993809       3.315447       1.000000     541.499386       0.000000            0
       358       179.0000       1       1       7.810455       2.523232      10.333687       0.993809       2.841298       1.000000     541.499386       0.000000            1
# Jump frustrated.
       359       179.5000       1       1       8.218359       2.100753      10.319112       0.993809       2.394577       1.000000     541.499386       0.000000            0
# Jump frustrated.
       360       180.0000       1       1       8.179096       2.126496      10.305592       0.993809       2.542257       1.000000     541.499386       0.000000            0
# Jump frustrated.
       361       180.5000       1       1       7.606986       2.718175      10.325160       0.993810       3.942118       1.000000     541.499386       0.000000            0
       362       181.0000       1       1       6.813360       3.551922      10.365282       0.993812       5.565319       1.000000     541.499386       0.000000            0
# Jump frustrated.
       363       181.5000       1       1       6.354730       4.020282      10.375012       0.993812       6.031353       1.000000     541.499386       0.000000            0
# Jump frustrated.
       364       182.0000       1       1       6.368771       3.973155      10.341926       0.993812       5.086884       1.000000     541.499386       0.000000            1
# Jump frustrated.
       365       182.5000       1       1       6.494652       3.838004      10.332656       0.993811       4.092199       1.000000     541.499386       0.000000            0
       366       183.0000       1       1       6.494411       3.846308      10.340719       0.993811       3.821980       1.000000     541.499386       0.000000            0
# Jump frustrated.
       367       183.5000       1       1       6.397946       3.949488      10.347434       0.993812       3.852432       1.000000     541.499386       0.000000            0
       368       184.0000       1       1       6.287711       4.063879      10.351591       0.993812       3.888805       1.000000     541.499386       0.000000            0
# Jump frustrated.
       369       184.5000       1       1       6.215931       4.136334      10.352265       0.993812       3.822873       1.000000     541.499386       0.000000            0
# Jump frustrated.
       370       185.0000       1       1       6.195198       4.154603      10.349802       0.993812       3.634536       1.000000     541.499386       0.000000            1
       371       185.5000       1       1       6.200864       4.147545      10.348409       0.993812       3.465414       1.000000     541.499386       0.000000            0
# Jump frustrated.
       372       186.0000       1       1       6.214208       4.136126      10.350334       0.993814       3.347034       1.000000     541.499386       0.000000            0
# Jump frustrated.
       373       186.5000       1       1       6.245773       4.105608      10.351381       0.993813       3.277029       1.000000     541.499386       0.000000            0
# Jump frustrated.
       374       187.0000       1       1       6.321544       4.031078      10.352622       0.993813       3.156509       1.000000     541.499386       0.000000            0
       375       187.5000       1       1       6.461174       3.891774      10.352948       0.993815       2.986006       1.000000     541.499386       0.000000            0
       376       188.0000       1       1       6.661035       3.690603      10.351639       0.993816       2.970217       1.000000     541.499386       0.000000            0
# Jump frustrated.
       377       188.5000       1       1       6.894750       3.453517      10.348266       0.993816       3.262524       1.000000     541.499386       0.000000            0
# Jump frustrated.
       378       189.0000       1       1       7.114923       3.229302      10.344225       0.993817       3.814014       1.000000     541.499386       0.000000            1
       379       189.5000       1       1       7.269903       3.072144      10.342046       0.993819       4.462904       1.000000     541.499386       0.000000            0
# Jump frustrated.
       380       190.0000       1       1       7.324969       3.015675      10.340644       0.993821       5.010869       1.000000     541.499386       0.000000            0
# Jump frustrated.
       381       190.5000       1       1       7.253668       3.082316      10.335985       0.993821       5.316964       1.000000     541.499386       0.000000            0
# Jump frustrated.
       382       191.0000       1       1       7.013307       3.323347      10.336654       0.993821       5.362185       1.000000     541.499386       0.000000            0
# Jump frustrated.
       383       191.5000       1       1       6.616976       3.727142      10.344118       0.993822       5.173614       1.000000     541.499386       0.000000            0
       384       192.0000       1       1       6.175892       4.178063      10.353955       0.993822       4.897644       1.000000     541.499386       0.000000            0
# Jump frustrated.
       385       192.5000       1       1       5.837798       4.523105      10.360902       0.993821       4.535889       1.000000     541.499386       0.000000            1
# Jump frustrated.
       386       193.0000       1       1       5.691485       4.665938      10.357423       0.993820       4.003856       1.000000     541.499386       0.000000            0
# Jump frustrated.
       387       193.5000       1       1       5.702110       4.649745      10.351855       0.993821       3.457829       1.000000     541.499386       0.000000            0
# Jump frustrated.
       388       194.0000       1       1       5.785872       4.563380      10.349253       0.993823       3.062078       1.000000     541.499386       0.000000            0
# Jump frustrated.
       389       194.5000       1       1       5.887576       4.461030      10.348607       0.993823       2.840062       1.000000     541.499386       0.000000            0
       390       195.0000       1       1       5.981148       4.366777      10.347925       0.993823       2.776390       1.000000     541.499386       0.000000            0
# Jump frustrated.
       391       195.5000       1       1       6.054432       4.294323      10.348754       0.993823       2.865605       1.000000     541.499386       0.000000            1
# Jump frustrated.
       392       196.0000       1       1       6.111524       4.239099      10.350623       0.993824       3.065181       1.000000     541.499386       0.000000            0
# Jump frustrated.
       393       196.5000       1       1       6.171074       4.180762      10.351836       0.993823       3.271168       1.000000     541.499386       0.000000            0
# Jump frustrated.
       394       197.0000       1       1       6.250930       4.101664      10.352594       0.993822       3.393850       1.000000     541.499386       0.000000            0
# Jump frustrated.
       395       197.5000       1       1       6.352620       3.997861      10.350480       0.993822       3.426982       1.000000     541.499386       0.000000            0
       396       198.0000       1       1       6.461504       3.888244      10.349748       0.993823       3.418863       1.000000     541.499386       0.000000            0
       397       198.5000       1       1       6.551251       3.792953      10.344204       0.993824       3.537439       1.000000     541.499386       0.000000            0
       398       199.0000       1       1       6.587650       3.755376      10.343027       0.993825       3.813606       1.000000     541.499386       0.000000            1
       399       199.5000       1       1       6.561582       3.781950      10.343532       0.993823       4.184241       1.000000     541.499386       0.000000            0
# Jump frustrated.
       400       200.0000       1       1       6.497471       3.849630      10.347100       0.993822       4.522498       1.000000     541.499386       0.000000            0
