#===============================================================================================================================================================================
#     Step |         Time |         State |                                     Energy |      Angular |     Gradient |      Density |           Expectation Value |    Runtime |
#          |              |  diag |   MCH |          kin |          pot |          tot |     Momentum |          RMS |        Total |           DM |            S |            |
#          |         [fs] |       |       |         [eV] |         [eV] |         [eV] |       [hbar] |     [eV/Ang] |              |      [Debye] |              |      [sec] |
#===============================================================================================================================================================================
         0         0.0000       2       2       0.092244      10.459610      10.551854       0.000101       3.396968       1.000000     541.499386       0.000000            4
         1         0.5000       2       2       0.041127      10.511096      10.552223       0.000101       3.517801       1.000000     541.499386       0.000000            2
         2         1.0000       2       2       0.050674      10.501131      10.551805       0.000101       3.532777       1.000000     541.499386       0.000000            0
         3         1.5000       2       2       0.115251      10.435527      10.550778       0.000101       3.446248       1.000000     541.499386       0.000000            0
         4         2.0000       2       2       0.221755      10.328195      10.549950       0.000101       3.255459       1.000000     541.499386       0.000000            1
         5         2.5000       2       2       0.354647      10.194496      10.549143       0.000101       2.979884       1.000000     541.499386       0.000000            0
         6         3.0000       2       2       0.499814      10.048342      10.548155       0.000101       2.630659       1.000000     541.499386       0.000000            0
# Surface Hop/Pointer State Switch: new state=      1 old state=      2 randnum=  0.050378308 gap= -9.796738 eV
         7         3.5000       1       1      10.442707       0.105448      10.548155       7.965167       0.709970       1.000000     541.499386       0.000000            0
         8         4.0000       1       1      10.312770       0.242053      10.554823       7.965167       1.345424       1.000000     541.499386       0.000000            0
# Jump frustrated.
         9         4.5000       1       1       9.679370       0.889578      10.568948       7.965167       2.742270       1.000000     541.499386       0.000000            0
# Jump frustrated.
        10         5.0000       1       1       8.765267       1.821938      10.587205       7.965167       3.932492       1.000000     541.499386       0.000000            0
# Jump frustrated.
        11         5.5000       1       1       7.849598       2.751599      10.601197       7.965167       4.569194       1.000000     541.499386       0.000000            0
# Jump frustrated.
        12         6.0000       1       1       7.115038       3.484865      10.599903       7.965166       4.483479       1.000000     541.499386       0.000000            1
        13         6.5000       1       1       6.544876       4.046025      10.590901       7.965166       3.948699       1.000000     541.499386       0.000000            0
# Jump frustrated.
        14         7.0000       1       1       6.021897       4.566910      10.588806       7.965166       3.487819       1.000000     541.499386       0.000000            0
        15         7.5000       1       1       5.488192       5.103572      10.591764       7.965166       3.350808       1.000000     541.499386       0.000000            0
# Jump frustrated.
        16         8.0000       1       1       4.971859       5.624042      10.595901       7.965165       3.489289       1.000000     541.499386       0.000000            0
# Jump frustrated.
        17         8.5000       1       1       4.548669       6.052541      10.601210       7.965165       3.628622       1.000000     541.499386       0.000000            0
# Jump frustrated.
        18         9.0000       1       1       4.294167       6.310181      10.604348       7.965165       3.711209       1.000000     541.499386       0.000000            0
# Jump frustrated.
        19         9.5000       1       1       4.249933       6.353986      10.603919       7.965165       3.666191       1.000000     541.499386       0.000000            0
# Jump frustrated.
        20        10.0000       1       1       4.407783       6.192468      10.600251       7.965165       3.506614       1.000000     541.499386       0.000000            0
# Jump frustrated.
        21        10.5000       1       1       4.705411       5.887494      10.592905       7.965165       3.305561       1.000000     541.499386       0.000000            0
# Jump frustrated.
        22        11.0000       1       1       5.041318       5.543490      10.584808       7.965165       3.201766       1.000000     541.499386       0.000000            1
        23        11.5000       1       1       5.310303       5.268204      10.578508       7.965166       3.380624       1.000000     541.499386       0.000000            0
        24        12.0000       1       1       5.454117       5.127032      10.581149       7.965166       4.003442       1.000000     541.499386       0.000000            0
        25        12.5000       1       1       5.555688       5.042536      10.598224       7.965166       4.857560       1.000000     541.499386       0.000000            0
# Jump frustrated.
        26        13.0000       1       1       5.861731       4.752095      10.613825       7.965166       5.407806       1.000000     541.499386       0.000000            0
        27        13.5000       1       1       6.554130       4.043949      10.598079       7.965166       5.144664       1.000000     541.499386       0.000000            0
# Jump frustrated.
        28        14.0000       1       1       7.458482       3.107644      10.566127       7.965166       4.136225       1.000000     541.499386       0.000000            1
# Jump frustrated.
        29        14.5000       1       1       8.134815       2.408426      10.543241       7.965166       3.179622       1.000000     541.499386       0.000000            0
# Jump frustrated.
        30        15.0000       1       1       8.282631       2.268707      10.551338       7.965166       3.252997       1.000000     541.499386       0.000000            0
# Jump frustrated.
        31        15.5000       1       1       7.995309       2.584061      10.579370       7.965166       4.081180       1.000000     541.499386       0.000000            0
# Jump frustrated.
        32        16.0000       1       1       7.629877       2.960244      10.590120       7.965166       4.470531       1.000000     541.499386       0.000000            0
# Jump frustrated.
        33        16.5000       1       1       7.406152       3.180722      10.586874       7.965165       4.143119       1.000000     541.499386       0.000000            0
        34        17.0000       1       1       7.285356       3.293244      10.578601       7.965166       3.479323       1.000000     541.499386       0.000000            0
        35        17.5000       1       1       7.117098       3.457046      10.574144       7.965166       3.253997       1.000000     541.499386       0.000000            1
# Jump frustrated.
        36        18.0000       1       1       6.820484       3.760774      10.581258       7.965167       3.766924       1.000000     541.499386       0.000000            0
        37        18.5000       1       1       6.458057       4.131351      10.589409       7.965167       4.542562       1.000000     541.499386       0.000000            0
        38        19.0000       1       1       6.139105       4.456048      10.595153       7.965167       5.318113       1.000000     541.499386       0.000000            0
# Jump frustrated.
        39        19.5000       1       1       5.954848       4.644762      10.599610       7.965167       5.957793       1.000000     541.499386       0.000000            0
# Jump frustrated.
        40        20.0000       1       1       5.965696       4.634797      10.600493       7.965167       6.284316       1.000000     541.499386       0.000000            0
# Jump frustrated.
        41        20.5000       1       1       6.183222       4.415357      10.598579       7.965167       6.302165       1.000000     541.499386       0.000000            0
# Jump frustrated.
        42        21.0000       1       1       6.569463       4.024019      10.593482       7.965167       6.142426       1.000000     541.499386       0.000000            1
        43        21.5000       1       1       7.042786       3.543203      10.585989       7.965167       5.726136       1.000000     541.499386       0.000000            0
# Jump frustrated.
        44        22.0000       1       1       7.493652       3.082316      10.575968       7.965167       5.033844       1.000000     541.499386       0.000000            0
# Jump frustrated.
        45        22.5000       1       1       7.756608       2.807445      10.564053       7.965167       3.929394       1.000000     541.499386       0.000000            0
        46        23.0000       1       1       7.694050       2.873880      10.567929       7.965167       3.302665       1.000000     541.499386       0.000000            0
# Jump frustrated.
        47        23.5000       1       1       7.385052       3.201275      10.586327       7.965167       3.487681       1.000000     541.499386       0.000000            0
# Jump frustrated.
        48        24.0000       1       1       7.080137       3.524310      10.604448       7.965167       4.040665       1.000000     541.499386       0.000000            0
# Jump frustrated.
        49        24.5000       1       1       7.025625       3.579118      10.604744       7.965167       4.120046       1.000000     541.499386       0.000000            0
# Jump frustrated.
        50        25.0000       1       1       7.224094       3.361339      10.585433       7.965167       3.617712       1.000000     541.499386       0.000000            1
        51        25.5000       1       1       7.414331       3.151864      10.566196       7.965167       2.994150       1.000000     541.499386       0.000000            0
        52        26.0000       1       1       7.333675       3.233246      10.566922       7.965167       2.982840       1.000000     541.499386       0.000000            0
# Jump frustrated.
        53        26.5000       1       1       6.954395       3.627698      10.582094       7.965167       3.497765       1.000000     541.499386       0.000000            0
        54        27.0000       1       1       6.452093       4.143393      10.595486       7.965167       3.877190       1.000000     541.499386       0.000000            0
# Jump frustrated.
        55        27.5000       1       1       5.997934       4.597428      10.595362       7.965167       3.770090       1.000000     541.499386       0.000000            0
        56        28.0000       1       1       5.613344       4.978386      10.591730       7.965167       3.411107       1.000000     541.499386       0.000000            1
        57        28.5000       1       1       5.246385       5.345849      10.592234       7.965167       3.191180       1.000000     541.499386       0.000000            0
# Jump frustrated.
        58        29.0000       1       1       4.892047       5.704178      10.596225       7.965168       3.233366       1.000000     541.499386       0.000000            0
# Jump frustrated.
        59        29.5000       1       1       4.601119       5.999809      10.600928       7.965168       3.390272       1.000000     541.499386       0.000000            0
# Jump frustrated.
        60        30.0000       1       1       4.442601       6.161950      10.604551       7.965168       3.503728       1.000000     541.499386       0.000000            0
        61        30.5000       1       1       4.467794       6.138075      10.605869       7.965168       3.551397       1.000000     541.499386       0.000000            0
        62        31.0000       1       1       4.693874       5.910538      10.604412       7.965168       3.537837       1.000000     541.499386       0.000000            0
# Jump frustrated.
        63        31.5000       1       1       5.103428       5.498024      10.601453       7.965167       3.498035       1.000000     541.499386       0.000000            1
# Jump frustrated.
        64        32.0000       1       1       5.654916       4.942470      10.597386       7.965168       3.477984       1.000000     541.499386       0.000000            0
# Jump frustrated.
        65        32.5000       1       1       6.292217       4.300758      10.592975       7.965168       3.520995       1.000000     541.499386       0.000000            0
        66        33.0000       1       1       6.941060       3.644307      10.585367       7.965168       3.602660       1.000000     541.499386       0.000000            0
        67        33.5000       1       1       7.520868       3.059480      10.580348       7.965168       3.776876       1.000000     541.499386       0.000000            0
# Jump frustrated.
        68        34.0000       1       1       7.951479       2.618316      10.569795       7.965169       3.727217       1.000000     541.499386       0.000000            0
        69        34.5000       1       1       8.163645       2.410502      10.574147       7.965169       3.587519       1.000000     541.499386       0.000000            0
        70        35.0000       1       1       8.208341       2.381645      10.589986       7.965169       3.625461       1.000000     541.499386       0.000000            1
# Jump frustrated.
        71        35.5000       1       1       8.255269       2.344483      10.599752       7.965170       3.701422       1.000000     541.499386       0.000000            0
# Jump frustrated.
        72        36.0000       1       1       8.432346       2.164073      10.596419       7.965170       3.460966       1.000000     541.499386       0.000000            0
# Jump frustrated.
        73        36.5000       1       1       8.694820       1.885673      10.580493       7.965171       2.730890       1.000000     541.499386       0.000000            0
# Jump frustrated.
        74        37.0000       1       1       8.846186       1.721249      10.567435       7.965171       1.989422       1.000000     541.499386       0.000000            0
        75        37.5000       1       1       8.713871       1.852664      10.566534       7.965171       2.048319       1.000000     541.499386       0.000000            0
        76        38.0000       1       1       8.272607       2.301509      10.574115       7.965171       2.714247       1.000000     541.499386       0.000000            0
        77        38.5000       1       1       7.607746       2.978306      10.586051       7.965171       3.440992       1.000000     541.499386       0.000000            0
# Jump frustrated.
        78        39.0000       1       1       6.853828       3.738560      10.592388       7.965171       3.919230       1.000000     541.499386       0.000000            1
# Jump frustrated.
        79        39.5000       1       1       6.139247       4.458747      10.597994       7.965170       4.220120       1.000000     541.499386       0.000000            0
# Jump frustrated.
        80        40.0000       1       1       5.545446       5.055200      10.600646       7.965170       4.432241       1.000000     541.499386       0.000000            0
# Jump frustrated.
        81        40.5000       1       1       5.111240       5.489720      10.600961       7.965171       4.602756       1.000000     541.499386       0.000000            0
# Jump frustrated.
        82        41.0000       1       1       4.848319       5.752965      10.601285       7.965171       4.765824       1.000000     541.499386       0.000000            0
        83        41.5000       1       1       4.763100       5.839122      10.602222       7.965170       4.875378       1.000000     541.499386       0.000000            0
# Jump frustrated.
        84        42.0000       1       1       4.867047       5.735319      10.602366       7.965170       4.871400       1.000000     541.499386       0.000000            0
        85        42.5000       1       1       5.161156       5.439064      10.600221       7.965170       4.722443       1.000000     541.499386       0.000000            0
        86        43.0000       1       1       5.607746       4.985859      10.593605       7.965169       4.417396       1.000000     541.499386       0.000000            1
        87        43.5000       1       1       6.118929       4.467881      10.586810       7.965169       3.941237       1.000000     541.499386       0.000000            0
# Jump frustrated.
        88        44.0000       1       1       6.591792       3.988103      10.579895       7.965169       3.394309       1.000000     541.499386       0.000000            0
# Jump frustrated.
        89        44.5000       1       1       6.930505       3.642231      10.572736       7.965169       2.747245       1.000000     541.499386       0.000000            0
        90        45.0000       1       1       7.037215       3.527840      10.565055       7.965170       2.278055       1.000000     541.499386       0.000000            0
# Jump frustrated.
        91        45.5000       1       1       6.839689       3.723197      10.562886       7.965170       2.778894       1.000000     541.499386       0.000000            0
# Jump frustrated.
        92        46.0000       1       1       6.402146       4.183253      10.585399       7.965169       4.413411       1.000000     541.499386       0.000000            1
        93        46.5000       1       1       6.090595       4.526011      10.616607       7.965170       5.792114       1.000000     541.499386       0.000000            0
        94        47.0000       1       1       6.300565       4.309478      10.610043       7.965170       5.980549       1.000000     541.499386       0.000000            0
# Jump frustrated.
        95        47.5000       1       1       6.942857       3.631020      10.573877       7.965170       5.082116       1.000000     541.499386       0.000000            0
# Jump frustrated.
        96        48.0000       1       1       7.558661       3.000519      10.559181       7.965171       3.951153       1.000000     541.499386       0.000000            0
# Jump frustrated.
        97        48.5000       1       1       7.850671       2.713192      10.563863       7.965171       3.058251       1.000000     541.499386       0.000000            0
        98        49.0000       1       1       7.784069       2.783778      10.567848       7.965171       2.503814       1.000000     541.499386       0.000000            0
# Jump frustrated.
        99        49.5000       1       1       7.425235       3.154356      10.579591       7.965171       2.372055       1.000000     541.499386       0.000000            1
# Jump frustrated.
       100        50.0000       1       1       6.897731       3.691018      10.588749       7.965170       2.512266       1.000000     541.499386       0.000000            0
       101        50.5000       1       1       6.336436       4.260483      10.596919       7.965169       2.692555       1.000000     541.499386       0.000000            0
       102        51.0000       1       1       5.851302       4.751264      10.602567       7.965169       2.777098       1.000000     541.499386       0.000000            0
       103        51.5000       1       1       5.508314       5.095268      10.603582       7.965168       2.808518       1.000000     541.499386       0.000000            0
       104        52.0000       1       1       5.323689       5.279622      10.603311       7.965168       2.829886       1.000000     541.499386       0.000000            0
# Jump frustrated.
       105        52.5000       1       1       5.293024       5.309310      10.602334       7.965169       2.832806       1.000000     541.499386       0.000000            0
       106        53.0000       1       1       5.403146       5.198033      10.601179       7.965168       2.822719       1.000000     541.499386       0.000000            1
# Jump frustrated.
       107        53.5000       1       1       5.637347       4.963230      10.600578       7.965169       2.832561       1.000000     541.499386       0.000000            0
# Jump frustrated.
       108        54.0000       1       1       5.982569       4.616943      10.599512       7.965169       2.884188       1.000000     541.499386       0.000000            0
       109        54.5000       1       1       6.421716       4.175156      10.596872       7.965170       2.941615       1.000000     541.499386       0.000000            0
       110        55.0000       1       1       6.922237       3.670880      10.593118       7.965169       2.973960       1.000000     541.499386       0.000000            0
       111        55.5000       1       1       7.437492       3.151449      10.588942       7.965169       2.946152       1.000000     541.499386       0.000000            0
# Jump frustrated.
       112        56.0000       1       1       7.904026       2.679352      10.583378       7.965169       2.827985       1.000000     541.499386       0.000000            0
# Jump frustrated.
       113        56.5000       1       1       8.180995       2.373133      10.554128       7.965169       2.614974       1.000000     541.499386       0.000000            1
       114        57.0000       1       1       8.030103       2.512022      10.542125       7.965169       3.089507       1.000000     541.499386       0.000000            0
       115        57.5000       1       1       7.371634       3.189856      10.561491       7.965169       4.749956       1.000000     541.499386       0.000000            0
# Jump frustrated.
       116        58.0000       1       1       6.616703       3.992048      10.608751       7.965169       6.210223       1.000000     541.499386       0.000000            0
       117        58.5000       1       1       6.406165       4.217301      10.623466       7.965170       6.460052       1.000000     541.499386       0.000000            0
# Jump frustrated.
       118        59.0000       1       1       6.926598       3.659462      10.586060       7.965170       5.336419       1.000000     541.499386       0.000000            0
# Jump frustrated.
       119        59.5000       1       1       7.693228       2.857479      10.550706       7.965170       3.544126       1.000000     541.499386       0.000000            1
# Jump frustrated.
       120        60.0000       1       1       8.120086       2.424827      10.544912       7.965170       2.360163       1.000000     541.499386       0.000000            0
       121        60.5000       1       1       8.028390       2.532367      10.560757       7.965170       2.250245       1.000000     541.499386       0.000000            0
       122        61.0000       1       1       7.547514       3.028546      10.576061       7.965171       2.563524       1.000000     541.499386       0.000000            0
       123        61.5000       1       1       6.884432       3.704720      10.589152       7.965170       2.790368       1.000000     541.499386       0.000000            0
       124        62.0000       1       1       6.199316       4.395842      10.595158       7.965170       2.869962       1.000000     541.499386       0.000000            0
# Jump frustrated.
       125        62.5000       1       1       5.590175       5.006828      10.597002       7.965170       2.771194       1.000000     541.499386       0.000000            1
# Jump frustrated.
       126        63.0000       1       1       5.086563       5.509028      10.595590       7.965170       2.701908       1.000000     541.499386       0.000000            0
# Jump frustrated.
       127        63.5000       1       1       4.682025       5.913652      10.595677       7.965170       2.730633       1.000000     541.499386       0.000000            0
# Jump frustrated.
       128        64.0000       1       1       4.381822       6.215305      10.597126       7.965169       2.843338       1.000000     541.499386       0.000000            0
       129        64.5000       1       1       4.208194       6.389902      10.598096       7.965168       2.964025       1.000000     541.499386       0.000000            0
# Jump frustrated.
       130        65.0000       1       1       4.181374       6.417098      10.598472       7.965168       3.075561       1.000000     541.499386       0.000000            0
# Jump frustrated.
       131        65.5000       1       1       4.304188       6.292327      10.596514       7.965167       3.141757       1.000000     541.499386       0.000000            0
# Jump frustrated.
       132        66.0000       1       1       4.551199       6.042161      10.593360       7.965167       3.170539       1.000000     541.499386       0.000000            0
       133        66.5000       1       1       4.882158       5.710613      10.592771       7.965167       3.287116       1.000000     541.499386       0.000000            1
# Jump frustrated.
       134        67.0000       1       1       5.285845       5.309310      10.595155       7.965166       3.547464       1.000000     541.499386       0.000000            0
       135        67.5000       1       1       5.786072       4.809186      10.595258       7.965165       3.789455       1.000000     541.499386       0.000000            0
       136        68.0000       1       1       6.376581       4.210865      10.587446       7.965165       3.764525       1.000000     541.499386       0.000000            0
# Jump frustrated.
       137        68.5000       1       1       6.961065       3.609844      10.570909       7.965166       3.524272       1.000000     541.499386       0.000000            0
       138        69.0000       1       1       7.346476       3.207295      10.553772       7.965166       3.316601       1.000000     541.499386       0.000000            0
# Jump frustrated.
       139        69.5000       1       1       7.347957       3.202313      10.550270       7.965166       3.740107       1.000000     541.499386       0.000000            0
       140        70.0000       1       1       6.994600       3.569153      10.563753       7.965165       4.710291       1.000000     541.499386       0.000000            0
# Jump frustrated.
       141        70.5000       1       1       6.510129       4.057859      10.567988       7.965165       5.492546       1.000000     541.499386       0.000000            1
# Jump frustrated.
       142        71.0000       1       1       6.090691       4.491341      10.582032       7.965166       6.342543       1.000000     541.499386       0.000000            0
# Jump frustrated.
       143        71.5000       1       1       6.036582       4.573553      10.610135       7.965166       7.077634       1.000000     541.499386       0.000000            0
# Jump frustrated.
       144        72.0000       1       1       6.636973       3.953640      10.590613       7.965166       6.630583       1.000000     541.499386       0.000000            0
# Jump frustrated.
       145        72.5000       1       1       7.562097       2.976852      10.538950       7.965167       4.833167       1.000000     541.499386       0.000000            0
       146        73.0000       1       1       8.147965       2.394516      10.542481       7.965167       3.528176       1.000000     541.499386       0.000000            0
# Jump frustrated.
       147        73.5000       1       1       8.198984       2.360884      10.559869       7.965167       3.237552       1.000000     541.499386       0.000000            1
       148        74.0000       1       1       7.880587       2.694923      10.575510       7.965167       3.244656       1.000000     541.499386       0.000000            0
# Jump frustrated.
       149        74.5000       1       1       7.397776       3.188611      10.586387       7.965167       3.208274       1.000000     541.499386       0.000000            0
       150        75.0000       1       1       6.895440       3.696624      10.592064       7.965167       3.039098       1.000000     541.499386       0.000000            0
# Jump frustrated.
       151        75.5000       1       1       6.450326       4.144015      10.594342       7.965166       2.815216       1.000000     541.499386       0.000000            0
# Jump frustrated.
       152        76.0000       1       1       6.085450       4.508157      10.593607       7.965165       2.646595       1.000000     541.499386       0.000000            0
       153        76.5000       1       1       5.790903       4.801505      10.592408       7.965166       2.651079       1.000000     541.499386       0.000000            0
# Jump frustrated.
       154        77.0000       1       1       5.567805       5.028211      10.596016       7.965166       2.933076       1.000000     541.499386       0.000000            1
# Jump frustrated.
       155        77.5000       1       1       5.472027       5.130769      10.602796       7.965166       3.378584       1.000000     541.499386       0.000000            0
# Jump frustrated.
       156        78.0000       1       1       5.606447       5.002260      10.608708       7.965165       3.706457       1.000000     541.499386       0.000000            0
# Jump frustrated.
       157        78.5000       1       1       6.050053       4.556737      10.606790       7.965165       3.704834       1.000000     541.499386       0.000000            0
       158        79.0000       1       1       6.752965       3.834059      10.587024       7.965165       3.266741       1.000000     541.499386       0.000000            0
# Jump frustrated.
       159        79.5000       1       1       7.501432       3.071521      10.572952       7.965165       2.630886       1.000000     541.499386       0.000000            0
# Jump frustrated.
       160        80.0000       1       1       8.076554       2.490015      10.566569       7.965165       2.249958       1.000000     541.499386       0.000000            1
       161        80.5000       1       1       8.352859       2.207255      10.560114       7.965165       2.250812       1.000000     541.499386       0.000000            0
# Jump frustrated.
       162        81.0000       1       1       8.219008       2.328705      10.547713       7.965164       2.766928       1.000000     541.499386       0.000000            0
       163        81.5000       1       1       7.559746       2.983288      10.543034       7.965163       4.136822       1.000000     541.499386       0.000000            0
# Jump frustrated.
       164        82.0000       1       1       6.493995       4.094398      10.588392       7.965162       6.177050       1.000000     541.499386       0.000000            0
       165        82.5000       1       1       5.679922       4.952227      10.632150       7.965163       7.163539       1.000000     541.499386       0.000000            0
# Jump frustrated.
       166        83.0000       1       1       5.683069       4.930221      10.613290       7.965164       6.557490       1.000000     541.499386       0.000000            0
       167        83.5000       1       1       6.259856       4.297437      10.557292       7.965164       4.599759       1.000000     541.499386       0.000000            1
       168        84.0000       1       1       6.707328       3.838626      10.545954       7.965164       2.752719       1.000000     541.499386       0.000000            0
       169        84.5000       1       1       6.708784       3.858764      10.567548       7.965164       2.408510       1.000000     541.499386       0.000000            0
       170        85.0000       1       1       6.429122       4.154188      10.583310       7.965164       2.608079       1.000000     541.499386       0.000000            0
       171        85.5000       1       1       6.067971       4.521236      10.589207       7.965164       2.757947       1.000000     541.499386       0.000000            0
       172        86.0000       1       1       5.714985       4.876243      10.591228       7.965164       2.819068       1.000000     541.499386       0.000000            0
# Jump frustrated.
       173        86.5000       1       1       5.396754       5.194504      10.591257       7.965164       2.829398       1.000000     541.499386       0.000000            1
       174        87.0000       1       1       5.109935       5.479132      10.589067       7.965164       2.818288       1.000000     541.499386       0.000000            0
       175        87.5000       1       1       4.833258       5.754626      10.587884       7.965164       2.967637       1.000000     541.499386       0.000000            0
# Jump frustrated.
       176        88.0000       1       1       4.567934       6.023684      10.591618       7.965164       3.328761       1.000000     541.499386       0.000000            0
# Jump frustrated.
       177        88.5000       1       1       4.380790       6.218626      10.599416       7.965163       3.719901       1.000000     541.499386       0.000000            0
# Jump frustrated.
       178        89.0000       1       1       4.374183       6.227761      10.601944       7.965162       3.863973       1.000000     541.499386       0.000000            0
# Jump frustrated.
       179        89.5000       1       1       4.585187       6.011227      10.596414       7.965161       3.699734       1.000000     541.499386       0.000000            1
       180        90.0000       1       1       4.942644       5.646463      10.589107       7.965161       3.487547       1.000000     541.499386       0.000000            0
# Jump frustrated.
       181        90.5000       1       1       5.346694       5.240800      10.587494       7.965161       3.513313       1.000000     541.499386       0.000000            0
# Jump frustrated.
       182        91.0000       1       1       5.759928       4.830155      10.590083       7.965162       3.757666       1.000000     541.499386       0.000000            0
# Jump frustrated.
       183        91.5000       1       1       6.215377       4.377780      10.593157       7.965162       4.027683       1.000000     541.499386       0.000000            0
# Jump frustrated.
       184        92.0000       1       1       6.747547       3.841325      10.588872       7.965163       4.067402       1.000000     541.499386       0.000000            1
       185        92.5000       1       1       7.326032       3.257951      10.583983       7.965164       3.836217       1.000000     541.499386       0.000000            0
# Jump frustrated.
       186        93.0000       1       1       7.871593       2.703850      10.575443       7.965165       3.441316       1.000000     541.499386       0.000000            0
       187        93.5000       1       1       8.255004       2.303792      10.558797       7.965164       2.831565       1.000000     541.499386       0.000000            0
       188        94.0000       1       1       8.290262       2.257704      10.547966       7.965165       2.678118       1.000000     541.499386       0.000000            0
# Jump frustrated.
       189        94.5000       1       1       7.915258       2.652156      10.567414       7.965165       3.988539       1.000000     541.499386       0.000000            0
# Jump frustrated.
       190        95.0000       1       1       7.501261       3.115741      10.617002       7.965167       5.421135       1.000000     541.499386       0.000000            1
# Jump frustrated.
       191        95.5000       1       1       7.582786       3.019619      10.602405       7.965167       5.085512       1.000000     541.499386       0.000000            0
# Jump frustrated.
       192        96.0000       1       1       8.018283       2.538803      10.557086       7.965167       3.414549       1.000000     541.499386       0.000000            0
# Jump frustrated.
       193        96.5000       1       1       8.239733       2.309605      10.549338       7.965168       2.234578       1.000000     541.499386       0.000000            0
# Jump frustrated.
       194        97.0000       1       1       8.022224       2.538595      10.560819       7.965168       2.250017       1.000000     541.499386       0.000000            0
       195        97.5000       1       1       7.455027       3.115533      10.570561       7.965167       2.802466       1.000000     541.499386       0.000000            0
       196        98.0000       1       1       6.714129       3.874750      10.588879       7.965168       3.369513       1.000000     541.499386       0.000000            0
# Jump frustrated.
       197        98.5000       1       1       6.001097       4.597635      10.598732       7.965168       3.691002       1.000000     541.499386       0.000000            1
# Jump frustrated.
       198        99.0000       1       1       5.473445       5.130146      10.603590       7.965167       3.793028       1.000000     541.499386       0.000000            0
# Jump frustrated.
       199        99.5000       1       1       5.197188       5.404602      10.601790       7.965167       3.625386       1.000000     541.499386       0.000000            0
# Jump frustrated.
       200       100.0000       1       1       5.146117       5.449860      10.595977       7.965168       3.329416       1.000000     541.499386       0.000000            0
# Jump frustrated.
       201       100.5000       1       1       5.238729       5.352285      10.591014       7.965169       3.123695       1.000000     541.499386       0.000000            0
# Jump frustrated.
       202       101.0000       1       1       5.404528       5.184954      10.589481       7.965170       3.112595       1.000000     541.499386       0.000000            0
# Jump frustrated.
       203       101.5000       1       1       5.613141       4.976102      10.589243       7.965170       3.226963       1.000000     541.499386       0.000000            0
# Jump frustrated.
       204       102.0000       1       1       5.858715       4.730296      10.589010       7.965170       3.359666       1.000000     541.499386       0.000000            1
       205       102.5000       1       1       6.134907       4.452934      10.587841       7.965170       3.447166       1.000000     541.499386       0.000000            0
# Jump frustrated.
       206       103.0000       1       1       6.420134       4.164153      10.584288       7.965170       3.441812       1.000000     541.499386       0.000000            0
       207       103.5000       1       1       6.663606       3.914195      10.577801       7.965170       3.335451       1.000000     541.499386       0.000000            0
       208       104.0000       1       1       6.788194       3.784234      10.572427       7.965169       3.196338       1.000000     541.499386       0.000000            0
       209       104.5000       1       1       6.724648       3.845062      10.569710       7.965169       3.220000       1.000000     541.499386       0.000000            1
# Jump frustrated.
       210       105.0000       1       1       6.463272       4.113290      10.576562       7.965170       3.607046       1.000000     541.499386       0.000000            0
# Jump frustrated.
       211       105.5000       1       1       6.134398       4.460823      10.595221       7.965170       4.191786       1.000000     541.499386       0.000000            0
       212       106.0000       1       1       5.979492       4.626700      10.606193       7.965169       4.450875       1.000000     541.499386       0.000000            0
# Jump frustrated.
       213       106.5000       1       1       6.128817       4.466636      10.595453       7.965168       4.021423       1.000000     541.499386       0.000000            0
# Jump frustrated.
       214       107.0000       1       1       6.455098       4.123670      10.578768       7.965168       3.198528       1.000000     541.499386       0.000000            0
# Jump frustrated.
       215       107.5000       1       1       6.728759       3.842779      10.571538       7.965169       2.603965       1.000000     541.499386       0.000000            0
# Jump frustrated.
       216       108.0000       1       1       6.823645       3.748318      10.571962       7.965169       2.452409       1.000000     541.499386       0.000000            0
# Jump frustrated.
       217       108.5000       1       1       6.722997       3.851290      10.574288       7.965169       2.617507       1.000000     541.499386       0.000000            1
       218       109.0000       1       1       6.470863       4.110176      10.581038       7.965169       2.956282       1.000000     541.499386       0.000000            0
       219       109.5000       1       1       6.165501       4.424699      10.590200       7.965169       3.315528       1.000000     541.499386       0.000000            0
       220       110.0000       1       1       5.931206       4.665938      10.597144       7.965169       3.543267       1.000000     541.499386       0.000000            0
# Jump frustrated.
       221       110.5000       1       1       5.853055       4.743790      10.596846       7.965169       3.550548       1.000000     541.499386       0.000000            0
# Jump frustrated.
       222       111.0000       1       1       5.932632       4.659917      10.592550       7.965168       3.384963       1.000000     541.499386       0.000000            0
       223       111.5000       1       1       6.113799       4.474940      10.588739       7.965167       3.142920       1.000000     541.499386       0.000000            0
# Jump frustrated.
       224       112.0000       1       1       6.339167       4.248441      10.587609       7.965166       2.942005       1.000000     541.499386       0.000000            0
# Jump frustrated.
       225       112.5000       1       1       6.584035       4.004296      10.588331       7.965166       2.836931       1.000000     541.499386       0.000000            0
# Jump frustrated.
       226       113.0000       1       1       6.855435       3.734408      10.589843       7.965166       2.803707       1.000000     541.499386       0.000000            1
# Jump frustrated.
       227       113.5000       1       1       7.169835       3.420092      10.589927       7.965165       2.789696       1.000000     541.499386       0.000000            0
# Jump frustrated.
       228       114.0000       1       1       7.531557       3.055950      10.587507       7.965165       2.719841       1.000000     541.499386       0.000000            0
       229       114.5000       1       1       7.914151       2.668557      10.582708       7.965165       2.569184       1.000000     541.499386       0.000000            0
       230       115.0000       1       1       8.244288       2.329328      10.573616       7.965166       2.388824       1.000000     541.499386       0.000000            0
       231       115.5000       1       1       8.414310       2.152447      10.566757       7.965166       2.320787       1.000000     541.499386       0.000000            0
       232       116.0000       1       1       8.329294       2.233414      10.562708       7.965166       2.598371       1.000000     541.499386       0.000000            1
       233       116.5000       1       1       7.944661       2.618731      10.563393       7.965166       3.477574       1.000000     541.499386       0.000000            0
# Jump frustrated.
       234       117.0000       1       1       7.341428       3.241758      10.583186       7.965166       4.520927       1.000000     541.499386       0.000000            0
# Jump frustrated.
       235       117.5000       1       1       6.754569       3.841118      10.595687       7.965166       4.866133       1.000000     541.499386       0.000000            0
# Jump frustrated.
       236       118.0000       1       1       6.385744       4.210450      10.596193       7.965166       4.600869       1.000000     541.499386       0.000000            0
       237       118.5000       1       1       6.238974       4.349753      10.588728       7.965166       3.965664       1.000000     541.499386       0.000000            1
# Jump frustrated.
       238       119.0000       1       1       6.150487       4.428436      10.578924       7.965165       3.366382       1.000000     541.499386       0.000000            0
# Jump frustrated.
       239       119.5000       1       1       5.976628       4.602410      10.579038       7.965165       3.244485       1.000000     541.499386       0.000000            0
       240       120.0000       1       1       5.702160       4.882471      10.584631       7.965165       3.491985       1.000000     541.499386       0.000000            0
# Jump frustrated.
       241       120.5000       1       1       5.403053       5.188483      10.591537       7.965166       3.712271       1.000000     541.499386       0.000000            0
# Jump frustrated.
       242       121.0000       1       1       5.168196       5.426193      10.594389       7.965166       3.734226       1.000000     541.499386       0.000000            0
# Jump frustrated.
       243       121.5000       1       1       5.035551       5.558023      10.593573       7.965166       3.630287       1.000000     541.499386       0.000000            0
# Jump frustrated.
       244       122.0000       1       1       4.993651       5.598714      10.592364       7.965166       3.555188       1.000000     541.499386       0.000000            1
# Jump frustrated.
       245       122.5000       1       1       5.021934       5.570687      10.592620       7.965166       3.590222       1.000000     541.499386       0.000000            0
# Jump frustrated.
       246       123.0000       1       1       5.116808       5.476641      10.593448       7.965166       3.714694       1.000000     541.499386       0.000000            0
# Jump frustrated.
       247       123.5000       1       1       5.287598       5.306404      10.594002       7.965166       3.882260       1.000000     541.499386       0.000000            0
# Jump frustrated.
       248       124.0000       1       1       5.544364       5.049802      10.594167       7.965166       4.057610       1.000000     541.499386       0.000000            0
# Jump frustrated.
       249       124.5000       1       1       5.892302       4.701646      10.593949       7.965167       4.210899       1.000000     541.499386       0.000000            0
# Jump frustrated.
       250       125.0000       1       1       6.328760       4.264427      10.593187       7.965166       4.315548       1.000000     541.499386       0.000000            0
       251       125.5000       1       1       6.837728       3.752262      10.589990       7.965166       4.308374       1.000000     541.499386       0.000000            1
# Jump frustrated.
       252       126.0000       1       1       7.385223       3.201275      10.586498       7.965165       4.154283       1.000000     541.499386       0.000000            0
# Jump frustrated.
       253       126.5000       1       1       7.915779       2.664820      10.580598       7.965166       3.844495       1.000000     541.499386       0.000000            0
# Jump frustrated.
       254       127.0000       1       1       8.352183       2.221788      10.573970       7.965167       3.378983       1.000000     541.499386       0.000000            0
       255       127.5000       1       1       8.610050       1.959373      10.569423       7.965168       2.848926       1.000000     541.499386       0.000000            0
# Jump frustrated.
       256       128.0000       1       1       8.630085       1.940066      10.570151       7.965169       2.559122       1.000000     541.499386       0.000000            0
       257       128.5000       1       1       8.435653       2.143935      10.579589       7.965169       2.710488       1.000000     541.499386       0.000000            0
       258       129.0000       1       1       8.142182       2.445795      10.587977       7.965169       2.964441       1.000000     541.499386       0.000000            1
# Jump frustrated.
       259       129.5000       1       1       7.860742       2.728555      10.589297       7.965169       3.028362       1.000000     541.499386       0.000000            0
# Jump frustrated.
       260       130.0000       1       1       7.616073       2.969378      10.585451       7.965168       2.882632       1.000000     541.499386       0.000000            0
# Jump frustrated.
       261       130.5000       1       1       7.362178       3.219752      10.581930       7.965167       2.720633       1.000000     541.499386       0.000000            0
       262       131.0000       1       1       7.050255       3.532822      10.583077       7.965168       2.738189       1.000000     541.499386       0.000000            0
# Jump frustrated.
       263       131.5000       1       1       6.687339       3.900908      10.588248       7.965168       2.904467       1.000000     541.499386       0.000000            0
       264       132.0000       1       1       6.329546       4.261936      10.591482       7.965167       3.149292       1.000000     541.499386       0.000000            0
       265       132.5000       1       1       6.032856       4.559228      10.592084       7.965167       3.440550       1.000000     541.499386       0.000000            1
       266       133.0000       1       1       5.796476       4.790294      10.586770       7.965168       3.537900       1.000000     541.499386       0.000000            0
# Jump frustrated.
       267       133.5000       1       1       5.586617       5.001638      10.588254       7.965169       3.539830       1.000000     541.499386       0.000000            0
# Jump frustrated.
       268       134.0000       1       1       5.415711       5.176650      10.592361       7.965169       3.646300       1.000000     541.499386       0.000000            0
# Jump frustrated.
       269       134.5000       1       1       5.333347       5.262184      10.595531       7.965168       3.783984       1.000000     541.499386       0.000000            0
# Jump frustrated.
       270       135.0000       1       1       5.381841       5.214226      10.596067       7.965168       3.840078       1.000000     541.499386       0.000000            0
# Jump frustrated.
       271       135.5000       1       1       5.552002       5.038176      10.590178       7.965167       3.837948       1.000000     541.499386       0.000000            0
       272       136.0000       1       1       5.794457       4.795069      10.589526       7.965165       3.816992       1.000000     541.499386       0.000000            0
# Jump frustrated.
       273       136.5000       1       1       6.075593       4.512517      10.588110       7.965164       3.774245       1.000000     541.499386       0.000000            1
       274       137.0000       1       1       6.372571       4.214186      10.586757       7.965162       3.702260       1.000000     541.499386       0.000000            0
# Jump frustrated.
       275       137.5000       1       1       6.653518       3.930388      10.583906       7.965162       3.642314       1.000000     541.499386       0.000000            0
# Jump frustrated.
       276       138.0000       1       1       6.878177       3.702852      10.581029       7.965163       3.620238       1.000000     541.499386       0.000000            0
# Jump frustrated.
       277       138.5000       1       1       7.005392       3.573513      10.578905       7.965165       3.738260       1.000000     541.499386       0.000000            0
# Jump frustrated.
       278       139.0000       1       1       7.029465       3.553583      10.583048       7.965165       3.981420       1.000000     541.499386       0.000000            0
# Jump frustrated.
       279       139.5000       1       1       7.016267       3.574136      10.590403       7.965164       4.310889       1.000000     541.499386       0.000000            0
# Jump frustrated.
       280       140.0000       1       1       7.081714       3.513515      10.595229       7.965163       4.432961       1.000000     541.499386       0.000000            1
# Jump frustrated.
       281       140.5000       1       1       7.293301       3.297189      10.590490       7.965163       4.099856       1.000000     541.499386       0.000000            0
       282       141.0000       1       1       7.583363       2.994914      10.578277       7.965162       3.341938       1.000000     541.499386       0.000000            0
       283       141.5000       1       1       7.788308       2.783778      10.572086       7.965162       2.547017       1.000000     541.499386       0.000000            0
       284       142.0000       1       1       7.795730       2.778381      10.574111       7.965163       2.152023       1.000000     541.499386       0.000000            0
# Jump frustrated.
       285       142.5000       1       1       7.597242       2.979136      10.576378       7.965163       2.203714       1.000000     541.499386       0.000000            0
# Jump frustrated.
       286       143.0000       1       1       7.232655       3.348468      10.581122       7.965162       2.597588       1.000000     541.499386       0.000000            0
# Jump frustrated.
       287       143.5000       1       1       6.776205       3.811845      10.588051       7.965161       3.137634       1.000000     541.499386       0.000000            1
# Jump frustrated.
       288       144.0000       1       1       6.328436       4.264635      10.593071       7.965161       3.636324       1.000000     541.499386       0.000000            0
       289       144.5000       1       1       5.962350       4.631891      10.594240       7.965161       4.119503       1.000000     541.499386       0.000000            0
# Jump frustrated.
       290       145.0000       1       1       5.699210       4.893890      10.593099       7.965162       4.609248       1.000000     541.499386       0.000000            0
       291       145.5000       1       1       5.524409       5.066618      10.591028       7.965162       5.074808       1.000000     541.499386       0.000000            0
# Jump frustrated.
       292       146.0000       1       1       5.409661       5.179764      10.589424       7.965162       5.461725       1.000000     541.499386       0.000000            0
# Jump frustrated.
       293       146.5000       1       1       5.327500       5.260730      10.588230       7.965161       5.722140       1.000000     541.499386       0.000000            0
# Jump frustrated.
       294       147.0000       1       1       5.258649       5.329240      10.587890       7.965159       5.776992       1.000000     541.499386       0.000000            1
       295       147.5000       1       1       5.196456       5.391938      10.588393       7.965158       5.616144       1.000000     541.499386       0.000000            0
# Jump frustrated.
       296       148.0000       1       1       5.152903       5.437819      10.590722       7.965158       5.352575       1.000000     541.499386       0.000000            0
# Jump frustrated.
       297       148.5000       1       1       5.174802       5.422040      10.596842       7.965159       5.146352       1.000000     541.499386       0.000000            0
       298       149.0000       1       1       5.347447       5.253879      10.601326       7.965160       4.976878       1.000000     541.499386       0.000000            0
# Jump frustrated.
       299       149.5000       1       1       5.724851       4.871884      10.596735       7.965161       4.619809       1.000000     541.499386       0.000000            1
# Jump frustrated.
       300       150.0000       1       1       6.238363       4.346016      10.584379       7.965160       4.056464       1.000000     541.499386       0.000000            0
       301       150.5000       1       1       6.725068       3.849630      10.574698       7.965159       3.526449       1.000000     541.499386       0.000000            0
# Jump frustrated.
       302       151.0000       1       1       7.045668       3.526386      10.572055       7.965159       3.266011       1.000000     541.499386       0.000000            0
# Jump frustrated.
       303       151.5000       1       1       7.178303       3.405144      10.583447       7.965159       3.447735       1.000000     541.499386       0.000000            0
       304       152.0000       1       1       7.271378       3.330198      10.601576       7.965157       3.861631       1.000000     541.499386       0.000000            0
# Jump frustrated.
       305       152.5000       1       1       7.409385       3.187573      10.596958       7.965156       4.244019       1.000000     541.499386       0.000000            0
       306       153.0000       1       1       7.591551       3.005710      10.597261       7.965155       4.322518       1.000000     541.499386       0.000000            0
       307       153.5000       1       1       7.802938       2.784816      10.587755       7.965155       4.002447       1.000000     541.499386       0.000000            1
# Jump frustrated.
       308       154.0000       1       1       7.924770       2.659837      10.584607       7.965155       3.672314       1.000000     541.499386       0.000000            0
# Jump frustrated.
       309       154.5000       1       1       7.892446       2.700736      10.593182       7.965155       3.561154       1.000000     541.499386       0.000000            0
# Jump frustrated.
       310       155.0000       1       1       7.769302       2.828621      10.597923       7.965153       3.500660       1.000000     541.499386       0.000000            0
# Jump frustrated.
       311       155.5000       1       1       7.618031       2.978513      10.596544       7.965153       3.486747       1.000000     541.499386       0.000000            0
# Jump frustrated.
       312       156.0000       1       1       7.448644       3.148958      10.597602       7.965153       3.496014       1.000000     541.499386       0.000000            0
# Jump frustrated.
       313       156.5000       1       1       7.269647       3.328122      10.597769       7.965153       3.462668       1.000000     541.499386       0.000000            0
# Jump frustrated.
       314       157.0000       1       1       7.084614       3.512269      10.596883       7.965153       3.366672       1.000000     541.499386       0.000000            0
# Jump frustrated.
       315       157.5000       1       1       6.881619       3.713232      10.594851       7.965153       3.272657       1.000000     541.499386       0.000000            1
       316       158.0000       1       1       6.640264       3.953433      10.593697       7.965152       3.290469       1.000000     541.499386       0.000000            0
       317       158.5000       1       1       6.358402       4.238061      10.596463       7.965153       3.515853       1.000000     541.499386       0.000000            0
# Jump frustrated.
       318       159.0000       1       1       6.088048       4.516461      10.604510       7.965153       3.913206       1.000000     541.499386       0.000000            0
# Jump frustrated.
       319       159.5000       1       1       5.939670       4.672374      10.612044       7.965154       4.237843       1.000000     541.499386       0.000000            0
# Jump frustrated.
       320       160.0000       1       1       6.007329       4.602410      10.609740       7.965154       4.182611       1.000000     541.499386       0.000000            0
       321       160.5000       1       1       6.253612       4.343110      10.596722       7.965154       3.718142       1.000000     541.499386       0.000000            0
# Jump frustrated.
       322       161.0000       1       1       6.505298       4.079242      10.584540       7.965154       3.245350       1.000000     541.499386       0.000000            1
# Jump frustrated.
       323       161.5000       1       1       6.598583       3.984366      10.582949       7.965155       3.254966       1.000000     541.499386       0.000000            0
# Jump frustrated.
       324       162.0000       1       1       6.507926       4.082772      10.590698       7.965155       3.647091       1.000000     541.499386       0.000000            0
# Jump frustrated.
       325       162.5000       1       1       6.331745       4.267126      10.598871       7.965154       3.975015       1.000000     541.499386       0.000000            0
# Jump frustrated.
       326       163.0000       1       1       6.182487       4.418471      10.600958       7.965155       3.950855       1.000000     541.499386       0.000000            0
# Jump frustrated.
       327       163.5000       1       1       6.092251       4.504420      10.596671       7.965154       3.641975       1.000000     541.499386       0.000000            0
# Jump frustrated.
       328       164.0000       1       1       6.008592       4.582688      10.591280       7.965154       3.335083       1.000000     541.499386       0.000000            1
# Jump frustrated.
       329       164.5000       1       1       5.867586       4.723030      10.590615       7.965154       3.239132       1.000000     541.499386       0.000000            0
# Jump frustrated.
       330       165.0000       1       1       5.661378       4.932920      10.594298       7.965155       3.346296       1.000000     541.499386       0.000000            0
# Jump frustrated.
       331       165.5000       1       1       5.447173       5.154021      10.601194       7.965156       3.596686       1.000000     541.499386       0.000000            0
       332       166.0000       1       1       5.320564       5.286681      10.607245       7.965157       3.888120       1.000000     541.499386       0.000000            0
# Jump frustrated.
       333       166.5000       1       1       5.368097       5.240592      10.608689       7.965156       4.069516       1.000000     541.499386       0.000000            0
# Jump frustrated.
       334       167.0000       1       1       5.604175       4.998523      10.602698       7.965156       4.048050       1.000000     541.499386       0.000000            0
# Jump frustrated.
       335       167.5000       1       1       5.947015       4.648084      10.595098       7.965155       3.954368       1.000000     541.499386       0.000000            1
       336       168.0000       1       1       6.287093       4.304288      10.591381       7.965155       3.952996       1.000000     541.499386       0.000000            0
       337       168.5000       1       1       6.553354       4.035022      10.588376       7.965153       4.019519       1.000000     541.499386       0.000000            0
# Jump frustrated.
       338       169.0000       1       1       6.701389       3.883677      10.585066       7.965151       4.084482       1.000000     541.499386       0.000000            0
# Jump frustrated.
       339       169.5000       1       1       6.702288       3.882847      10.585135       7.965151       4.205437       1.000000     541.499386       0.000000            0
# Jump frustrated.
       340       170.0000       1       1       6.588630       4.006165      10.594795       7.965152       4.533381       1.000000     541.499386       0.000000            0
       341       170.5000       1       1       6.523391       4.089623      10.613014       7.965155       5.013619       1.000000     541.499386       0.000000            0
# Jump frustrated.
       342       171.0000       1       1       6.734738       3.879317      10.614055       7.965158       5.098484       1.000000     541.499386       0.000000            1
# Jump frustrated.
       343       171.5000       1       1       7.223899       3.363623      10.587522       7.965158       4.510016       1.000000     541.499386       0.000000            0
       344       172.0000       1       1       7.671059       2.894017      10.565076       7.965159       3.873952       1.000000     541.499386       0.000000            0
       345       172.5000       1       1       7.799928       2.771114      10.571042       7.965159       3.870257       1.000000     541.499386       0.000000            0
       346       173.0000       1       1       7.638805       2.947165      10.585969       7.965161       4.366927       1.000000     541.499386       0.000000            0
# Jump frustrated.
       347       173.5000       1       1       7.397333       3.200652      10.597985       7.965164       4.873960       1.000000     541.499386       0.000000            0
# Jump frustrated.
       348       174.0000       1       1       7.278438       3.326046      10.604484       7.965167       4.938916       1.000000     541.499386       0.000000            0
# Jump frustrated.
       349       174.5000       1       1       7.360493       3.238436      10.598930       7.965169       4.482888       1.000000     541.499386       0.000000            1
# Jump frustrated.
       350       175.0000       1       1       7.563313       3.026885      10.590199       7.965169       3.757348       1.000000     541.499386       0.000000            0
# Jump frustrated.
       351       175.5000       1       1       7.742964       2.840455      10.583419       7.965169       3.041066       1.000000     541.499386       0.000000            0
# Jump frustrated.
       352       176.0000       1       1       7.776833       2.800594      10.577427       7.965170       2.431974       1.000000     541.499386       0.000000            0
       353       176.5000       1       1       7.593767       2.987648      10.581415       7.965170       2.287358       1.000000     541.499386       0.000000            0
# Jump frustrated.
       354       177.0000       1       1       7.223667       3.366322      10.589988       7.965169       2.672978       1.000000     541.499386       0.000000            0
# Jump frustrated.
       355       177.5000       1       1       6.781705       3.818904      10.600609       7.965169       3.251591       1.000000     541.499386       0.000000            0
# Jump frustrated.
       356       178.0000       1       1       6.419482       4.190312      10.609793       7.965170       3.636908       1.000000     541.499386       0.000000            0
# Jump frustrated.
       357       178.5000       1       1       6.246095       4.361795      10.607890       7.965169       3.675412       1.000000     541.499386       0.000000            1
# Jump frustrated.
       358       179.0000       1       1       6.236853       4.361172      10.598025       7.965167       3.519257       1.000000     541.499386       0.000000            0
# Jump frustrated.
       359       179.5000       1       1       6.265593       4.324010      10.589603       7.965167       3.397812       1.000000     541.499386       0.000000            0
# Jump frustrated.
       360       180.0000       1       1       6.215745       4.370099      10.585844       7.965167       3.423181       1.000000     541.499386       0.000000            0
# Jump frustrated.
       361       180.5000       1       1       6.028358       4.556529      10.584887       7.965166       3.654561       1.000000     541.499386       0.000000            0
# Jump frustrated.
       362       181.0000       1       1       5.722939       4.870638      10.593577       7.965168       4.159701       1.000000     541.499386       0.000000            0
# Jump frustrated.
       363       181.5000       1       1       5.452551       5.156304      10.608855       7.965169       4.593228       1.000000     541.499386       0.000000            0
# Jump frustrated.
       364       182.0000       1       1       5.413661       5.194919      10.608580       7.965169       4.418198       1.000000     541.499386       0.000000            1
       365       182.5000       1       1       5.594379       4.995825      10.590204       7.965167       3.693914       1.000000     541.499386       0.000000            0
# Jump frustrated.
       366       183.0000       1       1       5.767171       4.812300      10.579472       7.965166       3.124982       1.000000     541.499386       0.000000            0
       367       183.5000       1       1       5.766323       4.819151      10.585474       7.965166       3.225386       1.000000     541.499386       0.000000            0
# Jump frustrated.
       368       184.0000       1       1       5.635865       4.962815      10.598680       7.965167       3.587355       1.000000     541.499386       0.000000            0
# Jump frustrated.
       369       184.5000       1       1       5.522753       5.083227      10.605980       7.965169       3.748808       1.000000     541.499386       0.000000            0
# Jump frustrated.
       370       185.0000       1       1       5.519309       5.085718      10.605027       7.965169       3.631998       1.000000     541.499386       0.000000            0
       371       185.5000       1       1       5.612056       4.987935      10.599992       7.965169       3.371163       1.000000     541.499386       0.000000            1
# Jump frustrated.
       372       186.0000       1       1       5.731492       4.864825      10.596317       7.965168       3.156487       1.000000     541.499386       0.000000            0
# Jump frustrated.
       373       186.5000       1       1       5.822531       4.774309      10.596840       7.965169       3.131608       1.000000     541.499386       0.000000            0
# Jump frustrated.
       374       187.0000       1       1       5.882565       4.717840      10.600405       7.965172       3.281069       1.000000     541.499386       0.000000            0
       375       187.5000       1       1       5.955990       4.648707      10.604697       7.965172       3.451217       1.000000     541.499386       0.000000            0
       376       188.0000       1       1       6.099291       4.507327      10.606617       7.965173       3.474752       1.000000     541.499386       0.000000            0
# Jump frustrated.
       377       188.5000       1       1       6.341921       4.263597      10.605517       7.965175       3.298528       1.000000     541.499386       0.000000            0
# Jump frustrated.
       378       189.0000       1       1       6.671527       3.930388      10.601916       7.965178       2.988355       1.000000     541.499386       0.000000            1
# Jump frustrated.
       379       189.5000       1       1       7.052346       3.547355      10.599700       7.965178       2.678324       1.000000     541.499386       0.000000            0
# Jump frustrated.
       380       190.0000       1       1       7.453809       3.144183      10.597992       7.965177       2.482401       1.000000     541.499386       0.000000            0
       381       190.5000       1       1       7.854230       2.742257      10.596487       7.965177       2.359949       1.000000     541.499386       0.000000            0
       382       191.0000       1       1       8.225968       2.367112      10.593081       7.965177       2.298630       1.000000     541.499386       0.000000            0
# Jump frustrated.
       383       191.5000       1       1       8.519256       2.067744      10.586999       7.965177       2.241532       1.000000     541.499386       0.000000            0
# Jump frustrated.
       384       192.0000       1       1       8.655162       1.925118      10.580280       7.965177       2.318815       1.000000     541.499386       0.000000            0
# Jump frustrated.
       385       192.5000       1       1       8.552963       2.023939      10.576902       7.965177       2.775769       1.000000     541.499386       0.000000            0
       386       193.0000       1       1       8.190016       2.391610      10.581626       7.965177       3.652521       1.000000     541.499386       0.000000            0
# Jump frustrated.
       387       193.5000       1       1       7.672944       2.929518      10.602462       7.965177       4.501885       1.000000     541.499386       0.000000            1
# Jump frustrated.
       388       194.0000       1       1       7.207908       3.409296      10.617204       7.965177       4.633443       1.000000     541.499386       0.000000            0
# Jump frustrated.
       389       194.5000       1       1       6.913734       3.693510      10.607243       7.965177       4.043432       1.000000     541.499386       0.000000            0
# Jump frustrated.
       390       195.0000       1       1       6.711049       3.886584      10.597633       7.965175       3.510054       1.000000     541.499386       0.000000            0
       391       195.5000       1       1       6.475551       4.121594      10.597145       7.965175       3.346323       1.000000     541.499386       0.000000            0
# Jump frustrated.
       392       196.0000       1       1       6.174086       4.423869      10.597954       7.965177       3.284288       1.000000     541.499386       0.000000            0
# Jump frustrated.
       393       196.5000       1       1       5.816822       4.783028      10.599850       7.965178       3.266420       1.000000     541.499386       0.000000            0
       394       197.0000       1       1       5.416527       5.184331      10.600858       7.965176       3.337282       1.000000     541.499386       0.000000            1
       395       197.5000       1       1       5.000785       5.603281      10.604066       7.965175       3.523060       1.000000     541.499386       0.000000            0
# Jump frustrated.
       396       198.0000       1       1       4.633661       5.977803      10.611464       7.965175       3.777194       1.000000     541.499386       0.000000            0
       397       198.5000       1       1       4.421524       6.197035      10.618559       7.965175       4.011241       1.000000     541.499386       0.000000            0
# Jump frustrated.
       398       199.0000       1       1       4.471646       6.150739      10.622385       7.965174       4.158695       1.000000     541.499386       0.000000            0
       399       199.5000       1       1       4.837138       5.781822      10.618960       7.965174       4.146240       1.000000     541.499386       0.000000            0
# Jump frustrated.
       400       200.0000       1       1       5.459666       5.146754      10.606420       7.965174       3.905340       1.000000     541.499386       0.000000            0
