#===============================================================================================================================================================================
#     Step |         Time |         State |                                     Energy |      Angular |     Gradient |      Density |           Expectation Value |    Runtime |
#          |              |  diag |   MCH |          kin |          pot |          tot |     Momentum |          RMS |        Total |           DM |            S |            |
#          |         [fs] |       |       |         [eV] |         [eV] |         [eV] |       [hbar] |     [eV/Ang] |              |      [Debye] |              |      [sec] |
#===============================================================================================================================================================================
         0         0.0000       2       2       0.108514      10.275463      10.383977       0.000253       3.082158       1.000000     541.499386       0.000000            2
         1         0.5000       2       2       0.060562      10.323835      10.384397       0.000253       3.154967       1.000000     541.499386       0.000000            1
         2         1.0000       2       2       0.069580      10.314493      10.384073       0.000253       3.114580       1.000000     541.499386       0.000000            0
         3         1.5000       2       2       0.133319      10.250550      10.383870       0.000253       2.972084       1.000000     541.499386       0.000000            0
         4         2.0000       2       2       0.247896      10.135744      10.383640       0.000253       2.733869       1.000000     541.499386       0.000000            0
         5         2.5000       2       2       0.408950       9.974226      10.383176       0.000253       2.411338       1.000000     541.499386       0.000000            1
         6         3.0000       2       2       0.609264       9.773055      10.382319       0.000253       2.043885       1.000000     541.499386       0.000000            0
         7         3.5000       2       2       0.838162       9.543235      10.381397       0.000253       1.677609       1.000000     541.499386       0.000000            0
         8         4.0000       2       2       1.084467       9.296184      10.380651       0.000253       1.360887       1.000000     541.499386       0.000000            0
         9         4.5000       2       2       1.337584       9.042281      10.379865       0.000253       1.112363       1.000000     541.499386       0.000000            0
        10         5.0000       2       2       1.585442       8.793984      10.379426       0.000253       0.952701       1.000000     541.499386       0.000000            0
# Jump frustrated.
        11         5.5000       2       2       1.817684       8.561049      10.378733       0.000253       0.919640       1.000000     541.499386       0.000000            0
# Jump frustrated.
        12         6.0000       2       2       2.024661       8.353443      10.378104       0.000253       0.991325       1.000000     541.499386       0.000000            0
# Surface Hop/Pointer State Switch: new state=      1 old state=      2 randnum=  0.025225120 gap= -6.885059 eV
        13         6.5000       1       1       9.082448       1.295656      10.378104       3.195868       1.204353       1.000000     541.499386       0.000000            0
# Surface Hop/Pointer State Switch: new state=      2 old state=      1 randnum=  0.384698202 gap=  6.478981 eV
        14         7.0000       2       2       2.199050       8.179053      10.378104       0.227761       1.628029       1.000000     541.499386       0.000000            0
        15         7.5000       2       2       2.237469       8.140439      10.377907       0.227761       1.831100       1.000000     541.499386       0.000000            0
# Surface Hop/Pointer State Switch: new state=      1 old state=      2 randnum=  0.022011597 gap= -5.674091 eV
        16         8.0000       1       1       7.933566       2.444342      10.377907       3.605546       1.758113       1.000000     541.499386       0.000000            1
# Jump frustrated.
        17         8.5000       1       1       7.253757       3.132557      10.386314       3.605546       2.163957       1.000000     541.499386       0.000000            0
        18         9.0000       1       1       6.542663       3.849837      10.392500       3.605546       2.401160       1.000000     541.499386       0.000000            0
# Surface Hop/Pointer State Switch: new state=      2 old state=      1 randnum=  0.099719915 gap=  4.365963 eV
        19         9.5000       2       2       1.515474       8.877026      10.392500       1.432712       2.800055       1.000000     541.499386       0.000000            0
# Surface Hop/Pointer State Switch: new state=      1 old state=      2 randnum=  0.307149608 gap= -4.096905 eV
        20        10.0000       1       1       5.745662       4.646838      10.392500       3.648674       2.324665       1.000000     541.499386       0.000000            0
        21        10.5000       1       1       5.240683       5.151945      10.392627       3.648674       2.285440       1.000000     541.499386       0.000000            0
        22        11.0000       1       1       4.820577       5.571932      10.392509       3.648675       2.221419       1.000000     541.499386       0.000000            0
        23        11.5000       1       1       4.477471       5.914898      10.392369       3.648675       2.228621       1.000000     541.499386       0.000000            0
        24        12.0000       1       1       4.204709       6.187278      10.391987       3.648675       2.306850       1.000000     541.499386       0.000000            0
        25        12.5000       1       1       4.002742       6.389694      10.392436       3.648675       2.445510       1.000000     541.499386       0.000000            0
        26        13.0000       1       1       3.879560       6.513843      10.393402       3.648675       2.605911       1.000000     541.499386       0.000000            0
# Jump frustrated.
        27        13.5000       1       1       3.850558       6.543738      10.394295       3.648675       2.730895       1.000000     541.499386       0.000000            1
# Jump frustrated.
        28        14.0000       1       1       3.928511       6.465678      10.394189       3.648675       2.795411       1.000000     541.499386       0.000000            0
        29        14.5000       1       1       4.114651       6.278832      10.393483       3.648675       2.785629       1.000000     541.499386       0.000000            0
# Jump frustrated.
        30        15.0000       1       1       4.394689       5.996072      10.390762       3.648675       2.693420       1.000000     541.499386       0.000000            0
        31        15.5000       1       1       4.731210       5.655182      10.386392       3.648676       2.503317       1.000000     541.499386       0.000000            0
# Jump frustrated.
        32        16.0000       1       1       5.056606       5.322597      10.379203       3.648676       2.257214       1.000000     541.499386       0.000000            0
# Jump frustrated.
        33        16.5000       1       1       5.286441       5.089040      10.375481       3.648676       2.124809       1.000000     541.499386       0.000000            0
# Jump frustrated.
        34        17.0000       1       1       5.377606       5.001638      10.379244       3.648676       2.300719       1.000000     541.499386       0.000000            0
# Jump frustrated.
        35        17.5000       1       1       5.373726       5.011810      10.385536       3.648675       2.662423       1.000000     541.499386       0.000000            0
# Jump frustrated.
        36        18.0000       1       1       5.362174       5.027588      10.389762       3.648675       2.935787       1.000000     541.499386       0.000000            0
        37        18.5000       1       1       5.406324       4.983368      10.389692       3.648675       2.978055       1.000000     541.499386       0.000000            0
# Jump frustrated.
        38        19.0000       1       1       5.502778       4.881641      10.384419       3.648675       2.891464       1.000000     541.499386       0.000000            1
# Jump frustrated.
        39        19.5000       1       1       5.599921       4.782820      10.382741       3.648675       2.895790       1.000000     541.499386       0.000000            0
        40        20.0000       1       1       5.668938       4.714933      10.383871       3.648674       3.021806       1.000000     541.499386       0.000000            0
# Jump frustrated.
        41        20.5000       1       1       5.723073       4.663239      10.386312       3.648673       3.153327       1.000000     541.499386       0.000000            0
# Jump frustrated.
        42        21.0000       1       1       5.792003       4.595975      10.387977       3.648674       3.225529       1.000000     541.499386       0.000000            0
        43        21.5000       1       1       5.902909       4.486151      10.389060       3.648674       3.227151       1.000000     541.499386       0.000000            0
        44        22.0000       1       1       6.072403       4.316536      10.388939       3.648675       3.199236       1.000000     541.499386       0.000000            0
# Jump frustrated.
        45        22.5000       1       1       6.302193       4.084017      10.386210       3.648675       3.151871       1.000000     541.499386       0.000000            0
        46        23.0000       1       1       6.577698       3.806240      10.383938       3.648674       3.104351       1.000000     541.499386       0.000000            0
# Jump frustrated.
        47        23.5000       1       1       6.879343       3.503342      10.382685       3.648675       3.108365       1.000000     541.499386       0.000000            0
        48        24.0000       1       1       7.184907       3.196085      10.380992       3.648675       3.108814       1.000000     541.499386       0.000000            0
# Jump frustrated.
        49        24.5000       1       1       7.473679       2.906266      10.379945       3.648675       3.187358       1.000000     541.499386       0.000000            1
        50        25.0000       1       1       7.728838       2.649457      10.378295       3.648675       3.220386       1.000000     541.499386       0.000000            0
# Jump frustrated.
        51        25.5000       1       1       7.923577       2.453684      10.377261       3.648675       3.292084       1.000000     541.499386       0.000000            0
        52        26.0000       1       1       8.038749       2.338670      10.377419       3.648675       3.383744       1.000000     541.499386       0.000000            0
# Jump frustrated.
        53        26.5000       1       1       8.069465       2.308982      10.378448       3.648675       3.440263       1.000000     541.499386       0.000000            0
# Jump frustrated.
        54        27.0000       1       1       8.021629       2.357978      10.379607       3.648674       3.407538       1.000000     541.499386       0.000000            0
        55        27.5000       1       1       7.905334       2.475483      10.380817       3.648674       3.269842       1.000000     541.499386       0.000000            0
        56        28.0000       1       1       7.734396       2.648004      10.382400       3.648674       3.053588       1.000000     541.499386       0.000000            0
# Jump frustrated.
        57        28.5000       1       1       7.519752       2.862669      10.382421       3.648673       2.826864       1.000000     541.499386       0.000000            0
# Jump frustrated.
        58        29.0000       1       1       7.262569       3.119478      10.382047       3.648674       2.625852       1.000000     541.499386       0.000000            0
        59        29.5000       1       1       6.961680       3.420922      10.382603       3.648674       2.491393       1.000000     541.499386       0.000000            0
# Jump frustrated.
        60        30.0000       1       1       6.623837       3.760151      10.383988       3.648674       2.424781       1.000000     541.499386       0.000000            1
# Jump frustrated.
        61        30.5000       1       1       6.262431       4.124085      10.386517       3.648674       2.420189       1.000000     541.499386       0.000000            0
# Jump frustrated.
        62        31.0000       1       1       5.894257       4.491964      10.386221       3.648675       2.406446       1.000000     541.499386       0.000000            0
# Jump frustrated.
        63        31.5000       1       1       5.520832       4.864825      10.385657       3.648675       2.428309       1.000000     541.499386       0.000000            0
# Jump frustrated.
        64        32.0000       1       1       5.140259       5.246613      10.386872       3.648675       2.431538       1.000000     541.499386       0.000000            0
        65        32.5000       1       1       4.767135       5.621550      10.388685       3.648674       2.415198       1.000000     541.499386       0.000000            0
# Jump frustrated.
        66        33.0000       1       1       4.425352       5.965554      10.390906       3.648674       2.381891       1.000000     541.499386       0.000000            0
# Jump frustrated.
        67        33.5000       1       1       4.135395       6.256411      10.391805       3.648674       2.321491       1.000000     541.499386       0.000000            0
# Jump frustrated.
        68        34.0000       1       1       3.903442       6.488099      10.391541       3.648674       2.252639       1.000000     541.499386       0.000000            0
# Jump frustrated.
        69        34.5000       1       1       3.722825       6.667264      10.390089       3.648674       2.186433       1.000000     541.499386       0.000000            0
# Jump frustrated.
        70        35.0000       1       1       3.582309       6.808021      10.390330       3.648674       2.139011       1.000000     541.499386       0.000000            0
        71        35.5000       1       1       3.481286       6.909956      10.391242       3.648674       2.114738       1.000000     541.499386       0.000000            1
# Jump frustrated.
        72        36.0000       1       1       3.427423       6.963726      10.391148       3.648674       2.114913       1.000000     541.499386       0.000000            0
        73        36.5000       1       1       3.419947       6.969746      10.389693       3.648675       2.132769       1.000000     541.499386       0.000000            0
        74        37.0000       1       1       3.447853       6.940681      10.388534       3.648675       2.179742       1.000000     541.499386       0.000000            0
# Jump frustrated.
        75        37.5000       1       1       3.504564       6.884628      10.389191       3.648674       2.298493       1.000000     541.499386       0.000000            0
# Jump frustrated.
        76        38.0000       1       1       3.604506       6.787260      10.391766       3.648674       2.490197       1.000000     541.499386       0.000000            0
# Jump frustrated.
        77        38.5000       1       1       3.788114       6.607058      10.395172       3.648674       2.703861       1.000000     541.499386       0.000000            0
        78        39.0000       1       1       4.103603       6.292327      10.395929       3.648674       2.804962       1.000000     541.499386       0.000000            0
        79        39.5000       1       1       4.555568       5.833724      10.389292       3.648674       2.639194       1.000000     541.499386       0.000000            0
# Jump frustrated.
        80        40.0000       1       1       5.059438       5.318030      10.377468       3.648674       2.263781       1.000000     541.499386       0.000000            0
        81        40.5000       1       1       5.477497       4.896381      10.373878       3.648674       1.915765       1.000000     541.499386       0.000000            0
# Jump frustrated.
        82        41.0000       1       1       5.736717       4.640195      10.376912       3.648674       1.813616       1.000000     541.499386       0.000000            1
        83        41.5000       1       1       5.847258       4.530786      10.378045       3.648674       1.853338       1.000000     541.499386       0.000000            0
        84        42.0000       1       1       5.831014       4.549471      10.380485       3.648674       1.955930       1.000000     541.499386       0.000000            0
# Jump frustrated.
        85        42.5000       1       1       5.711398       4.669675      10.381073       3.648675       2.075985       1.000000     541.499386       0.000000            0
        86        43.0000       1       1       5.517761       4.866486      10.384247       3.648675       2.138137       1.000000     541.499386       0.000000            0
# Jump frustrated.
        87        43.5000       1       1       5.285924       5.100873      10.386798       3.648674       2.154747       1.000000     541.499386       0.000000            0
        88        44.0000       1       1       5.050987       5.337129      10.388116       3.648674       2.146931       1.000000     541.499386       0.000000            0
# Jump frustrated.
        89        44.5000       1       1       4.840571       5.549096      10.389666       3.648674       2.159350       1.000000     541.499386       0.000000            0
        90        45.0000       1       1       4.679888       5.711236      10.391124       3.648675       2.190599       1.000000     541.499386       0.000000            0
        91        45.5000       1       1       4.591847       5.800092      10.391939       3.648675       2.203882       1.000000     541.499386       0.000000            0
# Jump frustrated.
        92        46.0000       1       1       4.589855       5.801753      10.391608       3.648675       2.181827       1.000000     541.499386       0.000000            0
        93        46.5000       1       1       4.671642       5.718918      10.390559       3.648675       2.114463       1.000000     541.499386       0.000000            0
# Jump frustrated.
        94        47.0000       1       1       4.818204       5.570479      10.388683       3.648674       1.996455       1.000000     541.499386       0.000000            1
        95        47.5000       1       1       5.002678       5.385087      10.387764       3.648673       1.841512       1.000000     541.499386       0.000000            0
        96        48.0000       1       1       5.200883       5.185369      10.386252       3.648673       1.677149       1.000000     541.499386       0.000000            0
# Surface Hop/Pointer State Switch: new state=      2 old state=      1 randnum=  0.651418561 gap=  1.484801 eV
        97        48.5000       2       2       3.903966       6.482286      10.386252      21.525391       1.843434       1.000000     541.499386       0.000000            0
# Surface Hop/Pointer State Switch: new state=      1 old state=      2 randnum=  0.117053448 gap= -1.538986 eV
        98        49.0000       1       1       5.484889       4.901364      10.386252       3.576225       1.527580       1.000000     541.499386       0.000000            0
# Jump frustrated.
        99        49.5000       1       1       5.573931       4.808148      10.382079       3.576224       1.484166       1.000000     541.499386       0.000000            0
# Jump frustrated.
       100        50.0000       1       1       5.575603       4.803581      10.379184       3.576224       1.434040       1.000000     541.499386       0.000000            0
# Jump frustrated.
       101        50.5000       1       1       5.449306       4.927522      10.376828       3.576224       1.498579       1.000000     541.499386       0.000000            0
# Jump frustrated.
       102        51.0000       1       1       5.167450       5.207998      10.375449       3.576223       1.859552       1.000000     541.499386       0.000000            0
# Jump frustrated.
       103        51.5000       1       1       4.754778       5.631515      10.386293       3.576223       2.510827       1.000000     541.499386       0.000000            0
       104        52.0000       1       1       4.340462       6.059392      10.399854       3.576223       3.072233       1.000000     541.499386       0.000000            1
# Jump frustrated.
       105        52.5000       1       1       4.082532       6.319731      10.402262       3.576223       3.144733       1.000000     541.499386       0.000000            0
       106        53.0000       1       1       4.015870       6.377030      10.392900       3.576223       2.729463       1.000000     541.499386       0.000000            0
# Jump frustrated.
       107        53.5000       1       1       4.026953       6.357100      10.384052       3.576223       2.248535       1.000000     541.499386       0.000000            0
# Jump frustrated.
       108        54.0000       1       1       3.991583       6.390940      10.382523       3.576222       2.155294       1.000000     541.499386       0.000000            0
# Jump frustrated.
       109        54.5000       1       1       3.872958       6.513012      10.385970       3.576222       2.406116       1.000000     541.499386       0.000000            0
# Jump frustrated.
       110        55.0000       1       1       3.704176       6.685533      10.389709       3.576222       2.748093       1.000000     541.499386       0.000000            0
# Jump frustrated.
       111        55.5000       1       1       3.536821       6.855770      10.392592       3.576222       3.063533       1.000000     541.499386       0.000000            0
       112        56.0000       1       1       3.411028       6.983241      10.394269       3.576222       3.310859       1.000000     541.499386       0.000000            0
# Jump frustrated.
       113        56.5000       1       1       3.352787       7.043031      10.395819       3.576223       3.486560       1.000000     541.499386       0.000000            0
# Jump frustrated.
       114        57.0000       1       1       3.376845       7.018326      10.395171       3.576223       3.587705       1.000000     541.499386       0.000000            0
       115        57.5000       1       1       3.481116       6.913692      10.394809       3.576223       3.627465       1.000000     541.499386       0.000000            1
# Jump frustrated.
       116        58.0000       1       1       3.655059       6.738888      10.393947       3.576223       3.633373       1.000000     541.499386       0.000000            0
# Jump frustrated.
       117        58.5000       1       1       3.887842       6.505538      10.393381       3.576223       3.623076       1.000000     541.499386       0.000000            0
       118        59.0000       1       1       4.168953       6.223609      10.392562       3.576222       3.564167       1.000000     541.499386       0.000000            0
       119        59.5000       1       1       4.489723       5.902442      10.392164       3.576222       3.445830       1.000000     541.499386       0.000000            0
# Jump frustrated.
       120        60.0000       1       1       4.838737       5.551794      10.390532       3.576222       3.236753       1.000000     541.499386       0.000000            0
       121        60.5000       1       1       5.190419       5.197618      10.388037       3.576222       2.890741       1.000000     541.499386       0.000000            0
       122        61.0000       1       1       5.503945       4.881018      10.384964       3.576221       2.438223       1.000000     541.499386       0.000000            0
       123        61.5000       1       1       5.734399       4.648084      10.382483       3.576221       1.957896       1.000000     541.499386       0.000000            0
       124        62.0000       1       1       5.846773       4.535561      10.382334       3.576222       1.583191       1.000000     541.499386       0.000000            0
       125        62.5000       1       1       5.839564       4.546149      10.385713       3.576222       1.507017       1.000000     541.499386       0.000000            0
# Jump frustrated.
       126        63.0000       1       1       5.754290       4.635835      10.390125       3.576222       1.664039       1.000000     541.499386       0.000000            0
# Jump frustrated.
       127        63.5000       1       1       5.646399       4.746489      10.392889       3.576222       1.830902       1.000000     541.499386       0.000000            1
       128        64.0000       1       1       5.557015       4.837421      10.394436       3.576221       1.935885       1.000000     541.499386       0.000000            0
       129        64.5000       1       1       5.503261       4.890360      10.393622       3.576222       1.988131       1.000000     541.499386       0.000000            0
# Jump frustrated.
       130        65.0000       1       1       5.483934       4.908837      10.392772       3.576222       2.029361       1.000000     541.499386       0.000000            0
# Jump frustrated.
       131        65.5000       1       1       5.489795       4.900741      10.390536       3.576222       2.091026       1.000000     541.499386       0.000000            0
# Jump frustrated.
       132        66.0000       1       1       5.499150       4.888907      10.388057       3.576223       2.218581       1.000000     541.499386       0.000000            0
       133        66.5000       1       1       5.497122       4.893059      10.390182       3.576223       2.331940       1.000000     541.499386       0.000000            0
       134        67.0000       1       1       5.489412       4.900118      10.389530       3.576224       2.321264       1.000000     541.499386       0.000000            0
# Jump frustrated.
       135        67.5000       1       1       5.469269       4.918803      10.388072       3.576224       2.252572       1.000000     541.499386       0.000000            0
# Jump frustrated.
       136        68.0000       1       1       5.420209       4.968420      10.388630       3.576224       2.195445       1.000000     541.499386       0.000000            0
       137        68.5000       1       1       5.340530       5.048141      10.388671       3.576224       2.132063       1.000000     541.499386       0.000000            0
       138        69.0000       1       1       5.234574       5.154643      10.389217       3.576225       2.069201       1.000000     541.499386       0.000000            1
# Jump frustrated.
       139        69.5000       1       1       5.110846       5.278792      10.389638       3.576225       1.980147       1.000000     541.499386       0.000000            0
       140        70.0000       1       1       4.980724       5.409792      10.390516       3.576225       1.892031       1.000000     541.499386       0.000000            0
# Jump frustrated.
       141        70.5000       1       1       4.854443       5.535809      10.390252       3.576225       1.806434       1.000000     541.499386       0.000000            0
       142        71.0000       1       1       4.728362       5.659957      10.388320       3.576226       1.723672       1.000000     541.499386       0.000000            0
# Jump frustrated.
       143        71.5000       1       1       4.583704       5.802998      10.386703       3.576226       1.681324       1.000000     541.499386       0.000000            0
# Jump frustrated.
       144        72.0000       1       1       4.409916       5.977803      10.387719       3.576226       1.749909       1.000000     541.499386       0.000000            0
# Jump frustrated.
       145        72.5000       1       1       4.226359       6.164856      10.391215       3.576226       1.914557       1.000000     541.499386       0.000000            0
# Jump frustrated.
       146        73.0000       1       1       4.082561       6.313087      10.395648       3.576227       2.090321       1.000000     541.499386       0.000000            0
# Jump frustrated.
       147        73.5000       1       1       4.035299       6.362705      10.398004       3.576227       2.188195       1.000000     541.499386       0.000000            0
# Jump frustrated.
       148        74.0000       1       1       4.115840       6.280908      10.396749       3.576227       2.189841       1.000000     541.499386       0.000000            0
       149        74.5000       1       1       4.308529       6.083474      10.392004       3.576227       2.124028       1.000000     541.499386       0.000000            1
# Jump frustrated.
       150        75.0000       1       1       4.551688       5.834347      10.386034       3.576227       2.041396       1.000000     541.499386       0.000000            0
       151        75.5000       1       1       4.759993       5.619889      10.379882       3.576227       1.966481       1.000000     541.499386       0.000000            0
       152        76.0000       1       1       4.842918       5.531657      10.374574       3.576226       1.961904       1.000000     541.499386       0.000000            0
# Jump frustrated.
       153        76.5000       1       1       4.730530       5.643972      10.374502       3.576226       2.191044       1.000000     541.499386       0.000000            0
# Jump frustrated.
       154        77.0000       1       1       4.421359       5.958288      10.379647       3.576226       2.659941       1.000000     541.499386       0.000000            0
# Jump frustrated.
       155        77.5000       1       1       4.001881       6.388033      10.389914       3.576226       3.236095       1.000000     541.499386       0.000000            0
# Jump frustrated.
       156        78.0000       1       1       3.622128       6.776880      10.399008       3.576226       3.696994       1.000000     541.499386       0.000000            0
# Jump frustrated.
       157        78.5000       1       1       3.423359       6.978673      10.402032       3.576225       3.815953       1.000000     541.499386       0.000000            0
# Jump frustrated.
       158        79.0000       1       1       3.446729       6.948778      10.395507       3.576224       3.499594       1.000000     541.499386       0.000000            0
       159        79.5000       1       1       3.608956       6.777918      10.386874       3.576224       2.938825       1.000000     541.499386       0.000000            1
       160        80.0000       1       1       3.783141       6.599584      10.382725       3.576225       2.464093       1.000000     541.499386       0.000000            0
       161        80.5000       1       1       3.896499       6.487892      10.384391       3.576225       2.290030       1.000000     541.499386       0.000000            0
# Jump frustrated.
       162        81.0000       1       1       3.956828       6.432046      10.388874       3.576225       2.310917       1.000000     541.499386       0.000000            0
       163        81.5000       1       1       4.014017       6.378276      10.392293       3.576225       2.334393       1.000000     541.499386       0.000000            0
       164        82.0000       1       1       4.111406       6.282154      10.393559       3.576225       2.295078       1.000000     541.499386       0.000000            0
       165        82.5000       1       1       4.262819       6.129771      10.392590       3.576225       2.217009       1.000000     541.499386       0.000000            0
# Jump frustrated.
       166        83.0000       1       1       4.453580       5.936489      10.390069       3.576225       2.135422       1.000000     541.499386       0.000000            0
# Jump frustrated.
       167        83.5000       1       1       4.650036       5.737187      10.387223       3.576226       2.063155       1.000000     541.499386       0.000000            0
# Jump frustrated.
       168        84.0000       1       1       4.812347       5.572348      10.384694       3.576226       2.010807       1.000000     541.499386       0.000000            0
# Jump frustrated.
       169        84.5000       1       1       4.906414       5.476226      10.382640       3.576226       1.981589       1.000000     541.499386       0.000000            1
       170        85.0000       1       1       4.906589       5.474773      10.381362       3.576225       2.078932       1.000000     541.499386       0.000000            0
# Jump frustrated.
       171        85.5000       1       1       4.815177       5.570064      10.385241       3.576225       2.476517       1.000000     541.499386       0.000000            0
# Jump frustrated.
       172        86.0000       1       1       4.706331       5.688607      10.394938       3.576224       3.051975       1.000000     541.499386       0.000000            0
       173        86.5000       1       1       4.718656       5.683832      10.402488       3.576224       3.416127       1.000000     541.499386       0.000000            0
# Jump frustrated.
       174        87.0000       1       1       4.946343       5.450898      10.397240       3.576224       3.255412       1.000000     541.499386       0.000000            0
       175        87.5000       1       1       5.328766       5.057276      10.386042       3.576224       2.647588       1.000000     541.499386       0.000000            0
# Jump frustrated.
       176        88.0000       1       1       5.704634       4.672581      10.377216       3.576223       1.995121       1.000000     541.499386       0.000000            0
       177        88.5000       1       1       5.950539       4.426775      10.377314       3.576223       1.547387       1.000000     541.499386       0.000000            0
       178        89.0000       1       1       6.042693       4.339996      10.382689       3.576223       1.478710       1.000000     541.499386       0.000000            0
# Jump frustrated.
       179        89.5000       1       1       6.027666       4.358058      10.385723       3.576223       1.634300       1.000000     541.499386       0.000000            1
# Jump frustrated.
       180        90.0000       1       1       5.949209       4.436740      10.385949       3.576223       1.866276       1.000000     541.499386       0.000000            0
# Jump frustrated.
       181        90.5000       1       1       5.811776       4.570439      10.382215       3.576223       2.113042       1.000000     541.499386       0.000000            0
       182        91.0000       1       1       5.597238       4.788218      10.385456       3.576222       2.465581       1.000000     541.499386       0.000000            0
# Jump frustrated.
       183        91.5000       1       1       5.328457       5.060390      10.388847       3.576222       2.822475       1.000000     541.499386       0.000000            0
# Jump frustrated.
       184        92.0000       1       1       5.058585       5.333393      10.391978       3.576223       3.152011       1.000000     541.499386       0.000000            0
# Jump frustrated.
       185        92.5000       1       1       4.839120       5.555739      10.394859       3.576223       3.265127       1.000000     541.499386       0.000000            0
# Jump frustrated.
       186        93.0000       1       1       4.705896       5.689438      10.395334       3.576223       3.189383       1.000000     541.499386       0.000000            0
       187        93.5000       1       1       4.659275       5.733035      10.392310       3.576224       2.983320       1.000000     541.499386       0.000000            0
# Jump frustrated.
       188        94.0000       1       1       4.658147       5.728675      10.386822       3.576224       2.713939       1.000000     541.499386       0.000000            0
       189        94.5000       1       1       4.639779       5.744038      10.383817       3.576223       2.427516       1.000000     541.499386       0.000000            0
# Jump frustrated.
       190        95.0000       1       1       4.561313       5.820230      10.381542       3.576222       2.121733       1.000000     541.499386       0.000000            1
# Jump frustrated.
       191        95.5000       1       1       4.384307       5.993166      10.377473       3.576222       1.918272       1.000000     541.499386       0.000000            0
# Surface Hop/Pointer State Switch: new state=      2 old state=      1 randnum=  0.000736736 gap=  1.729569 eV
       192        96.0000       2       2       2.348104       8.029369      10.377473       4.979167       1.862151       1.000000     541.499386       0.000000            0
# Surface Hop/Pointer State Switch: new state=      1 old state=      2 randnum=  0.746699777 gap= -1.568882 eV
       193        96.5000       1       1       3.551183       6.826290      10.377473       3.063644       2.948198       1.000000     541.499386       0.000000            0
# Surface Hop/Pointer State Switch: new state=      2 old state=      1 randnum=  0.569655964 gap=  1.507430 eV
       194        97.0000       2       2       1.695804       8.681669      10.377473       4.167478       2.985832       1.000000     541.499386       0.000000            0
# Jump frustrated.
       195        97.5000       2       2       1.653307       8.727134      10.380442       4.167478       3.131776       1.000000     541.499386       0.000000            0
       196        98.0000       2       2       1.902969       8.464928      10.367897       4.167478       2.660999       1.000000     541.499386       0.000000            0
# Surface Hop/Pointer State Switch: new state=      1 old state=      2 randnum=  0.560616530 gap= -1.267022 eV
       197        98.5000       1       1       3.557385       6.810512      10.367897       2.015209       2.451202       1.000000     541.499386       0.000000            0
       198        99.0000       1       1       3.838553       6.523600      10.362153       2.015209       1.772893       1.000000     541.499386       0.000000            0
# Jump frustrated.
       199        99.5000       1       1       3.942495       6.424157      10.366652       2.015210       1.686965       1.000000     541.499386       0.000000            0
# Surface Hop/Pointer State Switch: new state=      2 old state=      1 randnum=  0.408328054 gap=  1.269513 eV
       200       100.0000       2       2       2.630215       7.736437      10.366652       4.059532       1.978610       1.000000     541.499386       0.000000            0
# Surface Hop/Pointer State Switch: new state=      1 old state=      2 randnum=  0.675552306 gap= -1.414422 eV
       201       100.5000       1       1       3.879798       6.486854      10.366652       2.377739       2.368362       1.000000     541.499386       0.000000            1
# Jump frustrated.
       202       101.0000       1       1       3.779317       6.589619      10.368936       2.377739       2.649924       1.000000     541.499386       0.000000            0
# Jump frustrated.
       203       101.5000       1       1       3.747530       6.623044      10.370574       2.377739       2.838069       1.000000     541.499386       0.000000            0
       204       102.0000       1       1       3.814997       6.557440      10.372437       2.377738       2.948173       1.000000     541.499386       0.000000            0
# Jump frustrated.
       205       102.5000       1       1       4.001909       6.370594      10.372503       2.377737       3.002428       1.000000     541.499386       0.000000            0
# Jump frustrated.
       206       103.0000       1       1       4.311429       6.060638      10.372066       2.377737       3.024513       1.000000     541.499386       0.000000            0
# Jump frustrated.
       207       103.5000       1       1       4.729177       5.641480      10.370658       2.377737       2.996399       1.000000     541.499386       0.000000            0
       208       104.0000       1       1       5.233420       5.133468      10.366888       2.377737       2.967793       1.000000     541.499386       0.000000            0
# Jump frustrated.
       209       104.5000       1       1       5.801177       4.566079      10.367256       2.377736       2.919979       1.000000     541.499386       0.000000            0
# Jump frustrated.
       210       105.0000       1       1       6.405503       3.962775      10.368278       2.377737       2.879450       1.000000     541.499386       0.000000            0
       211       105.5000       1       1       7.008680       3.355319      10.363999       2.377738       2.814743       1.000000     541.499386       0.000000            0
# Jump frustrated.
       212       106.0000       1       1       7.564048       2.796027      10.360075       2.377738       2.760916       1.000000     541.499386       0.000000            1
# Jump frustrated.
       213       106.5000       1       1       8.017670       2.338463      10.356133       2.377738       2.683882       1.000000     541.499386       0.000000            0
       214       107.0000       1       1       8.303540       2.048229      10.351769       2.377738       2.700031       1.000000     541.499386       0.000000            0
# Jump frustrated.
       215       107.5000       1       1       8.369202       1.980757      10.349959       2.377738       2.921327       1.000000     541.499386       0.000000            0
# Jump frustrated.
       216       108.0000       1       1       8.216543       2.140198      10.356741       2.377738       3.440004       1.000000     541.499386       0.000000            0
# Jump frustrated.
       217       108.5000       1       1       7.953915       2.409672      10.363587       2.377738       4.050994       1.000000     541.499386       0.000000            0
# Jump frustrated.
       218       109.0000       1       1       7.710311       2.651533      10.361844       2.377737       4.354065       1.000000     541.499386       0.000000            0
       219       109.5000       1       1       7.507073       2.848967      10.356040       2.377738       4.298241       1.000000     541.499386       0.000000            0
# Jump frustrated.
       220       110.0000       1       1       7.285711       3.072351      10.358062       2.377738       4.183530       1.000000     541.499386       0.000000            0
# Jump frustrated.
       221       110.5000       1       1       7.035755       3.322102      10.357856       2.377739       3.732391       1.000000     541.499386       0.000000            0
# Jump frustrated.
       222       111.0000       1       1       6.755935       3.602163      10.358098       2.377740       3.524360       1.000000     541.499386       0.000000            1
       223       111.5000       1       1       6.427428       3.931011      10.358440       2.377741       3.559129       1.000000     541.499386       0.000000            0
       224       112.0000       1       1       6.059494       4.303042      10.362536       2.377741       3.673245       1.000000     541.499386       0.000000            0
# Jump frustrated.
       225       112.5000       1       1       5.683750       4.680678      10.364428       2.377741       3.782146       1.000000     541.499386       0.000000            0
# Jump frustrated.
       226       113.0000       1       1       5.327541       5.037969      10.365509       2.377740       3.888415       1.000000     541.499386       0.000000            0
       227       113.5000       1       1       5.007647       5.359759      10.367405       2.377740       4.002858       1.000000     541.499386       0.000000            0
# Jump frustrated.
       228       114.0000       1       1       4.738878       5.629024      10.367902       2.377740       4.098038       1.000000     541.499386       0.000000            0
# Jump frustrated.
       229       114.5000       1       1       4.532674       5.836008      10.368682       2.377741       4.180308       1.000000     541.499386       0.000000            0
# Jump frustrated.
       230       115.0000       1       1       4.400156       5.969499      10.369654       2.377741       4.273913       1.000000     541.499386       0.000000            0
# Jump frustrated.
       231       115.5000       1       1       4.358195       6.012681      10.370876       2.377742       4.375905       1.000000     541.499386       0.000000            0
# Jump frustrated.
       232       116.0000       1       1       4.427978       5.944378      10.372357       2.377743       4.448306       1.000000     541.499386       0.000000            0
# Jump frustrated.
       233       116.5000       1       1       4.620081       5.750266      10.370347       2.377743       4.431595       1.000000     541.499386       0.000000            1
# Jump frustrated.
       234       117.0000       1       1       4.907565       5.456711      10.364276       2.377741       4.254093       1.000000     541.499386       0.000000            0
# Jump frustrated.
       235       117.5000       1       1       5.210736       5.144678      10.355414       2.377740       3.884879       1.000000     541.499386       0.000000            0
# Jump frustrated.
       236       118.0000       1       1       5.414718       4.933335      10.348053       2.377740       3.379681       1.000000     541.499386       0.000000            0
# Jump frustrated.
       237       118.5000       1       1       5.419459       4.925654      10.345113       2.377740       2.909188       1.000000     541.499386       0.000000            0
# Jump frustrated.
       238       119.0000       1       1       5.190981       5.157342      10.348323       2.377741       2.897437       1.000000     541.499386       0.000000            0
# Jump frustrated.
       239       119.5000       1       1       4.814864       5.547020      10.361884       2.377741       3.450841       1.000000     541.499386       0.000000            0
       240       120.0000       1       1       4.511214       5.868809      10.380023       2.377742       4.108670       1.000000     541.499386       0.000000            0
       241       120.5000       1       1       4.512770       5.867771      10.380541       2.377743       4.153341       1.000000     541.499386       0.000000            0
# Jump frustrated.
       242       121.0000       1       1       4.827923       5.534978      10.362901       2.377742       3.575354       1.000000     541.499386       0.000000            0
# Jump frustrated.
       243       121.5000       1       1       5.224750       5.123087      10.347837       2.377741       2.791667       1.000000     541.499386       0.000000            0
# Jump frustrated.
       244       122.0000       1       1       5.474612       4.871884      10.346495       2.377741       2.227191       1.000000     541.499386       0.000000            1
# Jump frustrated.
       245       122.5000       1       1       5.508169       4.843234      10.351403       2.377741       2.047787       1.000000     541.499386       0.000000            0
       246       123.0000       1       1       5.370446       4.987313      10.357758       2.377740       2.109054       1.000000     541.499386       0.000000            0
# Jump frustrated.
       247       123.5000       1       1       5.140654       5.221493      10.362147       2.377741       2.228785       1.000000     541.499386       0.000000            0
# Jump frustrated.
       248       124.0000       1       1       4.882618       5.481831      10.364449       2.377741       2.395369       1.000000     541.499386       0.000000            0
# Jump frustrated.
       249       124.5000       1       1       4.637705       5.729090      10.366795       2.377741       2.610048       1.000000     541.499386       0.000000            0
       250       125.0000       1       1       4.437748       5.930676      10.368425       2.377741       2.873673       1.000000     541.499386       0.000000            0
# Jump frustrated.
       251       125.5000       1       1       4.306735       6.062714      10.369448       2.377740       3.195443       1.000000     541.499386       0.000000            0
       252       126.0000       1       1       4.264270       6.106934      10.371204       2.377740       3.579991       1.000000     541.499386       0.000000            0
       253       126.5000       1       1       4.340776       6.033857      10.374633       2.377740       3.963795       1.000000     541.499386       0.000000            0
# Jump frustrated.
       254       127.0000       1       1       4.578711       5.797393      10.376104       2.377740       4.213477       1.000000     541.499386       0.000000            1
# Jump frustrated.
       255       127.5000       1       1       5.002055       5.372215      10.374270       2.377740       4.204929       1.000000     541.499386       0.000000            0
# Jump frustrated.
       256       128.0000       1       1       5.583469       4.784896      10.368365       2.377739       4.001285       1.000000     541.499386       0.000000            0
       257       128.5000       1       1       6.232322       4.126577      10.358898       2.377739       3.602539       1.000000     541.499386       0.000000            0
# Jump frustrated.
       258       129.0000       1       1       6.821209       3.529708      10.350917       2.377738       3.243418       1.000000     541.499386       0.000000            0
# Jump frustrated.
       259       129.5000       1       1       7.224317       3.115949      10.340265       2.377737       3.071036       1.000000     541.499386       0.000000            0
# Jump frustrated.
       260       130.0000       1       1       7.329466       3.010069      10.339536       2.377737       3.293518       1.000000     541.499386       0.000000            0
       261       130.5000       1       1       7.128950       3.221413      10.350362       2.377737       3.817551       1.000000     541.499386       0.000000            0
# Jump frustrated.
       262       131.0000       1       1       6.750617       3.612335      10.362953       2.377737       4.329858       1.000000     541.499386       0.000000            0
# Jump frustrated.
       263       131.5000       1       1       6.370919       4.000975      10.371894       2.377737       4.638973       1.000000     541.499386       0.000000            0
# Jump frustrated.
       264       132.0000       1       1       6.125617       4.248441      10.374058       2.377737       4.614582       1.000000     541.499386       0.000000            1
# Jump frustrated.
       265       132.5000       1       1       6.044898       4.323803      10.368701       2.377737       4.294926       1.000000     541.499386       0.000000            0
       266       133.0000       1       1       6.067250       4.295776      10.363026       2.377737       3.867609       1.000000     541.499386       0.000000            0
       267       133.5000       1       1       6.115186       4.245120      10.360306       2.377736       3.502396       1.000000     541.499386       0.000000            0
# Jump frustrated.
       268       134.0000       1       1       6.150822       4.210450      10.361271       2.377735       3.321641       1.000000     541.499386       0.000000            0
       269       134.5000       1       1       6.182912       4.180969      10.363882       2.377736       3.294367       1.000000     541.499386       0.000000            0
       270       135.0000       1       1       6.238351       4.126369      10.364720       2.377736       3.288438       1.000000     541.499386       0.000000            0
       271       135.5000       1       1       6.325507       4.037929      10.363436       2.377736       3.242739       1.000000     541.499386       0.000000            0
# Jump frustrated.
       272       136.0000       1       1       6.421493       3.938693      10.360186       2.377735       3.227702       1.000000     541.499386       0.000000            0
# Jump frustrated.
       273       136.5000       1       1       6.494338       3.865615      10.359953       2.377735       3.399046       1.000000     541.499386       0.000000            1
# Jump frustrated.
       274       137.0000       1       1       6.531155       3.829077      10.360231       2.377735       3.775399       1.000000     541.499386       0.000000            0
       275       137.5000       1       1       6.538104       3.823471      10.361576       2.377736       4.228994       1.000000     541.499386       0.000000            0
# Jump frustrated.
       276       138.0000       1       1       6.519434       3.840080      10.359513       2.377736       4.724475       1.000000     541.499386       0.000000            0
# Jump frustrated.
       277       138.5000       1       1       6.457279       3.899455      10.356735       2.377736       5.116338       1.000000     541.499386       0.000000            0
# Jump frustrated.
       278       139.0000       1       1       6.322667       4.032946      10.355613       2.377736       5.280983       1.000000     541.499386       0.000000            0
       279       139.5000       1       1       6.097977       4.257369      10.355346       2.377736       5.191405       1.000000     541.499386       0.000000            0
       280       140.0000       1       1       5.779418       4.576875      10.356293       2.377734       4.935957       1.000000     541.499386       0.000000            0
       281       140.5000       1       1       5.384695       4.974441      10.359136       2.377733       4.504926       1.000000     541.499386       0.000000            0
# Jump frustrated.
       282       141.0000       1       1       4.958529       5.406055      10.364584       2.377733       4.063177       1.000000     541.499386       0.000000            0
# Jump frustrated.
       283       141.5000       1       1       4.582701       5.788673      10.371374       2.377733       3.709346       1.000000     541.499386       0.000000            0
# Jump frustrated.
       284       142.0000       1       1       4.358814       6.017663      10.376477       2.377733       3.461692       1.000000     541.499386       0.000000            1
       285       142.5000       1       1       4.357230       6.018701      10.375932       2.377734       3.200536       1.000000     541.499386       0.000000            0
# Jump frustrated.
       286       143.0000       1       1       4.570441       5.799884      10.370325       2.377735       2.892553       1.000000     541.499386       0.000000            0
       287       143.5000       1       1       4.919630       5.444254      10.363885       2.377736       2.648340       1.000000     541.499386       0.000000            0
# Jump frustrated.
       288       144.0000       1       1       5.306347       5.053124      10.359470       2.377735       2.563659       1.000000     541.499386       0.000000            0
# Jump frustrated.
       289       144.5000       1       1       5.654544       4.701646      10.356191       2.377734       2.630219       1.000000     541.499386       0.000000            0
# Jump frustrated.
       290       145.0000       1       1       5.910716       4.442138      10.352854       2.377733       2.754834       1.000000     541.499386       0.000000            0
# Jump frustrated.
       291       145.5000       1       1       6.035273       4.317367      10.352640       2.377732       2.918606       1.000000     541.499386       0.000000            0
       292       146.0000       1       1       6.016951       4.336051      10.353002       2.377733       3.091982       1.000000     541.499386       0.000000            0
# Jump frustrated.
       293       146.5000       1       1       5.861225       4.491549      10.352774       2.377733       3.295807       1.000000     541.499386       0.000000            0
# Jump frustrated.
       294       147.0000       1       1       5.585579       4.770779      10.356359       2.377733       3.631929       1.000000     541.499386       0.000000            0
# Jump frustrated.
       295       147.5000       1       1       5.265481       5.100666      10.366147       2.377733       4.039728       1.000000     541.499386       0.000000            1
       296       148.0000       1       1       5.044818       5.330486      10.375304       2.377733       4.285492       1.000000     541.499386       0.000000            0
# Jump frustrated.
       297       148.5000       1       1       5.043374       5.330694      10.374068       2.377733       4.199183       1.000000     541.499386       0.000000            0
# Jump frustrated.
       298       149.0000       1       1       5.246079       5.117689      10.363768       2.377733       3.841186       1.000000     541.499386       0.000000            0
       299       149.5000       1       1       5.515616       4.838666      10.354282       2.377733       3.476753       1.000000     541.499386       0.000000            0
       300       150.0000       1       1       5.716266       4.636043      10.352308       2.377734       3.332285       1.000000     541.499386       0.000000            0
       301       150.5000       1       1       5.796699       4.557775      10.354474       2.377733       3.397815       1.000000     541.499386       0.000000            0
       302       151.0000       1       1       5.768384       4.588293      10.356677       2.377733       3.591824       1.000000     541.499386       0.000000            0
       303       151.5000       1       1       5.665776       4.694380      10.360156       2.377732       3.870194       1.000000     541.499386       0.000000            0
# Jump frustrated.
       304       152.0000       1       1       5.545573       4.819567      10.365140       2.377732       4.149648       1.000000     541.499386       0.000000            0
# Jump frustrated.
       305       152.5000       1       1       5.477399       4.890983      10.368383       2.377732       4.289020       1.000000     541.499386       0.000000            0
       306       153.0000       1       1       5.503870       4.863787      10.367657       2.377733       4.208080       1.000000     541.499386       0.000000            1
       307       153.5000       1       1       5.614801       4.749603      10.364404       2.377734       3.918837       1.000000     541.499386       0.000000            0
# Jump frustrated.
       308       154.0000       1       1       5.764176       4.598258      10.362434       2.377733       3.549885       1.000000     541.499386       0.000000            0
# Jump frustrated.
       309       154.5000       1       1       5.914516       4.448782      10.363298       2.377733       3.232630       1.000000     541.499386       0.000000            0
       310       155.0000       1       1       6.059447       4.304910      10.364357       2.377733       2.988886       1.000000     541.499386       0.000000            0
# Jump frustrated.
       311       155.5000       1       1       6.203114       4.160209      10.363323       2.377733       2.749206       1.000000     541.499386       0.000000            0
       312       156.0000       1       1       6.335056       4.026718      10.361774       2.377734       2.522150       1.000000     541.499386       0.000000            0
       313       156.5000       1       1       6.434342       3.925614      10.359956       2.377734       2.402058       1.000000     541.499386       0.000000            0
# Jump frustrated.
       314       157.0000       1       1       6.485053       3.874750      10.359803       2.377734       2.444134       1.000000     541.499386       0.000000            0
# Jump frustrated.
       315       157.5000       1       1       6.491068       3.870598      10.361666       2.377734       2.595968       1.000000     541.499386       0.000000            0
# Jump frustrated.
       316       158.0000       1       1       6.475932       3.887622      10.363554       2.377734       2.800627       1.000000     541.499386       0.000000            0
# Jump frustrated.
       317       158.5000       1       1       6.465439       3.899040      10.364479       2.377734       3.018061       1.000000     541.499386       0.000000            1
# Jump frustrated.
       318       159.0000       1       1       6.474852       3.889698      10.364550       2.377735       3.219449       1.000000     541.499386       0.000000            0
       319       159.5000       1       1       6.505842       3.857726      10.363569       2.377736       3.379863       1.000000     541.499386       0.000000            0
# Jump frustrated.
       320       160.0000       1       1       6.546284       3.815790      10.362073       2.377736       3.481813       1.000000     541.499386       0.000000            0
# Jump frustrated.
       321       160.5000       1       1       6.574557       3.786102      10.360659       2.377736       3.494118       1.000000     541.499386       0.000000            0
# Jump frustrated.
       322       161.0000       1       1       6.560418       3.796482      10.356900       2.377735       3.424472       1.000000     541.499386       0.000000            0
# Jump frustrated.
       323       161.5000       1       1       6.453250       3.899248      10.352497       2.377735       3.326685       1.000000     541.499386       0.000000            0
# Jump frustrated.
       324       162.0000       1       1       6.217728       4.140279      10.358007       2.377734       3.296754       1.000000     541.499386       0.000000            0
# Jump frustrated.
       325       162.5000       1       1       5.915626       4.453141      10.368767       2.377734       3.303904       1.000000     541.499386       0.000000            0
# Jump frustrated.
       326       163.0000       1       1       5.655705       4.716594      10.372299       2.377734       3.213063       1.000000     541.499386       0.000000            0
# Jump frustrated.
       327       163.5000       1       1       5.495201       4.878527      10.373728       2.377734       2.992747       1.000000     541.499386       0.000000            0
# Jump frustrated.
       328       164.0000       1       1       5.442910       4.930221      10.373131       2.377735       2.685698       1.000000     541.499386       0.000000            1
# Jump frustrated.
       329       164.5000       1       1       5.460719       4.906554      10.367273       2.377735       2.435291       1.000000     541.499386       0.000000            0
       330       165.0000       1       1       5.477432       4.885378      10.362809       2.377735       2.329039       1.000000     541.499386       0.000000            0
# Jump frustrated.
       331       165.5000       1       1       5.437780       4.924200      10.361981       2.377735       2.295846       1.000000     541.499386       0.000000            0
       332       166.0000       1       1       5.329410       5.035062      10.364472       2.377735       2.308266       1.000000     541.499386       0.000000            0
       333       166.5000       1       1       5.176541       5.190559      10.367100       2.377735       2.337336       1.000000     541.499386       0.000000            0
       334       167.0000       1       1       5.013071       5.355814      10.368885       2.377735       2.369786       1.000000     541.499386       0.000000            0
# Jump frustrated.
       335       167.5000       1       1       4.863480       5.505706      10.369186       2.377734       2.398663       1.000000     541.499386       0.000000            0
# Jump frustrated.
       336       168.0000       1       1       4.740279       5.629232      10.369510       2.377734       2.440225       1.000000     541.499386       0.000000            0
# Jump frustrated.
       337       168.5000       1       1       4.651393       5.718502      10.369895       2.377733       2.490030       1.000000     541.499386       0.000000            0
       338       169.0000       1       1       4.602963       5.766667      10.369630       2.377733       2.509881       1.000000     541.499386       0.000000            0
       339       169.5000       1       1       4.586892       5.779954      10.366846       2.377733       2.494340       1.000000     541.499386       0.000000            0
# Jump frustrated.
       340       170.0000       1       1       4.581787       5.784936      10.366723       2.377732       2.498913       1.000000     541.499386       0.000000            1
# Jump frustrated.
       341       170.5000       1       1       4.584082       5.784521      10.368604       2.377732       2.507341       1.000000     541.499386       0.000000            0
       342       171.0000       1       1       4.608586       5.760854      10.369440       2.377732       2.455388       1.000000     541.499386       0.000000            0
# Jump frustrated.
       343       171.5000       1       1       4.656326       5.710821      10.367147       2.377732       2.294976       1.000000     541.499386       0.000000            0
# Jump frustrated.
       344       172.0000       1       1       4.694320       5.668469      10.362789       2.377732       2.088266       1.000000     541.499386       0.000000            0
# Jump frustrated.
       345       172.5000       1       1       4.672710       5.687777      10.360487       2.377732       1.971243       1.000000     541.499386       0.000000            0
# Jump frustrated.
       346       173.0000       1       1       4.567898       5.794694      10.362592       2.377732       2.069780       1.000000     541.499386       0.000000            0
# Jump frustrated.
       347       173.5000       1       1       4.412913       5.955589      10.368502       2.377732       2.356688       1.000000     541.499386       0.000000            0
# Jump frustrated.
       348       174.0000       1       1       4.291450       6.083267      10.374716       2.377732       2.672880       1.000000     541.499386       0.000000            0
       349       174.5000       1       1       4.292176       6.085551      10.377727       2.377732       2.864855       1.000000     541.499386       0.000000            0
# Jump frustrated.
       350       175.0000       1       1       4.450630       5.923618      10.374247       2.377731       2.859724       1.000000     541.499386       0.000000            0
# Jump frustrated.
       351       175.5000       1       1       4.716262       5.649162      10.365424       2.377730       2.677522       1.000000     541.499386       0.000000            1
# Jump frustrated.
       352       176.0000       1       1       4.974178       5.384671      10.358849       2.377731       2.367066       1.000000     541.499386       0.000000            0
# Jump frustrated.
       353       176.5000       1       1       5.124229       5.233326      10.357555       2.377730       2.110990       1.000000     541.499386       0.000000            0
# Jump frustrated.
       354       177.0000       1       1       5.135070       5.223361      10.358431       2.377730       1.948068       1.000000     541.499386       0.000000            0
# Jump frustrated.
       355       177.5000       1       1       5.020412       5.340451      10.360863       2.377729       1.910442       1.000000     541.499386       0.000000            0
# Jump frustrated.
       356       178.0000       1       1       4.811206       5.551794      10.363000       2.377729       1.997413       1.000000     541.499386       0.000000            0
# Jump frustrated.
       357       178.5000       1       1       4.542524       5.822721      10.365245       2.377729       2.173980       1.000000     541.499386       0.000000            0
# Jump frustrated.
       358       179.0000       1       1       4.249109       6.117730      10.366838       2.377730       2.406259       1.000000     541.499386       0.000000            0
       359       179.5000       1       1       3.964765       6.404434      10.369199       2.377730       2.663621       1.000000     541.499386       0.000000            0
# Jump frustrated.
       360       180.0000       1       1       3.723845       6.647333      10.371178       2.377731       2.917598       1.000000     541.499386       0.000000            0
       361       180.5000       1       1       3.561361       6.811550      10.372911       2.377732       3.127690       1.000000     541.499386       0.000000            0
       362       181.0000       1       1       3.505920       6.867811      10.373732       2.377731       3.239562       1.000000     541.499386       0.000000            1
       363       181.5000       1       1       3.569251       6.804076      10.373328       2.377731       3.243381       1.000000     541.499386       0.000000            0
       364       182.0000       1       1       3.748145       6.624497      10.372641       2.377730       3.137755       1.000000     541.499386       0.000000            0
# Jump frustrated.
       365       182.5000       1       1       4.018493       6.348380      10.366873       2.377730       2.865598       1.000000     541.499386       0.000000            0
# Jump frustrated.
       366       183.0000       1       1       4.299352       6.057731      10.357083       2.377729       2.393274       1.000000     541.499386       0.000000            0
       367       183.5000       1       1       4.467976       5.883550      10.351526       2.377729       1.851627       1.000000     541.499386       0.000000            0
# Jump frustrated.
       368       184.0000       1       1       4.441557       5.909916      10.351473       2.377728       1.663499       1.000000     541.499386       0.000000            0
# Jump frustrated.
       369       184.5000       1       1       4.219289       6.136829      10.356119       2.377728       2.146857       1.000000     541.499386       0.000000            0
# Jump frustrated.
       370       185.0000       1       1       3.895577       6.472944      10.368521       2.377728       2.975762       1.000000     541.499386       0.000000            0
# Jump frustrated.
       371       185.5000       1       1       3.664929       6.717920      10.382849       2.377730       3.611440       1.000000     541.499386       0.000000            0
# Jump frustrated.
       372       186.0000       1       1       3.708748       6.671416      10.380164       2.377732       3.571279       1.000000     541.499386       0.000000            0
# Jump frustrated.
       373       186.5000       1       1       3.998744       6.364989      10.363732       2.377732       2.875426       1.000000     541.499386       0.000000            1
# Jump frustrated.
       374       187.0000       1       1       4.321549       6.030120      10.351669       2.377732       2.060228       1.000000     541.499386       0.000000            0
       375       187.5000       1       1       4.485868       5.862166      10.348034       2.377732       1.700189       1.000000     541.499386       0.000000            0
# Jump frustrated.
       376       188.0000       1       1       4.401752       5.944793      10.346545       2.377732       1.974040       1.000000     541.499386       0.000000            0
# Jump frustrated.
       377       188.5000       1       1       4.099481       6.258694      10.358176       2.377732       2.462365       1.000000     541.499386       0.000000            0
# Jump frustrated.
       378       189.0000       1       1       3.698488       6.666848      10.365337       2.377732       2.898571       1.000000     541.499386       0.000000            0
       379       189.5000       1       1       3.312035       7.058602      10.370637       2.377732       3.196149       1.000000     541.499386       0.000000            0
# Jump frustrated.
       380       190.0000       1       1       3.024194       7.350081      10.374275       2.377731       3.306260       1.000000     541.499386       0.000000            0
       381       190.5000       1       1       2.887534       7.487517      10.375051       2.377732       3.230381       1.000000     541.499386       0.000000            0
       382       191.0000       1       1       2.914108       7.459697      10.373806       2.377732       3.014944       1.000000     541.499386       0.000000            0
       383       191.5000       1       1       3.085601       7.286346      10.371947       2.377731       2.740003       1.000000     541.499386       0.000000            0
       384       192.0000       1       1       3.372858       6.997358      10.370216       2.377731       2.475144       1.000000     541.499386       0.000000            1
# Jump frustrated.
       385       192.5000       1       1       3.744967       6.623044      10.368010       2.377731       2.233368       1.000000     541.499386       0.000000            0
       386       193.0000       1       1       4.169602       6.196412      10.366014       2.377729       2.041902       1.000000     541.499386       0.000000            0
# Jump frustrated.
       387       193.5000       1       1       4.612742       5.750889      10.363631       2.377728       1.884424       1.000000     541.499386       0.000000            0
# Jump frustrated.
       388       194.0000       1       1       5.029811       5.329863      10.359674       2.377728       1.728528       1.000000     541.499386       0.000000            0
# Jump frustrated.
       389       194.5000       1       1       5.368587       4.988143      10.356730       2.377727       1.685589       1.000000     541.499386       0.000000            0
       390       195.0000       1       1       5.589354       4.766627      10.355981       2.377727       1.879605       1.000000     541.499386       0.000000            0
# Jump frustrated.
       391       195.5000       1       1       5.672232       4.682131      10.354364       2.377727       2.303758       1.000000     541.499386       0.000000            0
# Jump frustrated.
       392       196.0000       1       1       5.637241       4.723030      10.360270       2.377727       2.801409       1.000000     541.499386       0.000000            0
# Jump frustrated.
       393       196.5000       1       1       5.573883       4.793616      10.367499       2.377727       3.060450       1.000000     541.499386       0.000000            0
# Jump frustrated.
       394       197.0000       1       1       5.577888       4.790502      10.368389       2.377726       2.945657       1.000000     541.499386       0.000000            0
# Jump frustrated.
       395       197.5000       1       1       5.658763       4.704345      10.363108       2.377726       2.567924       1.000000     541.499386       0.000000            1
       396       198.0000       1       1       5.737746       4.618188      10.355935       2.377726       2.122371       1.000000     541.499386       0.000000            0
# Jump frustrated.
       397       198.5000       1       1       5.717406       4.636043      10.353449       2.377726       1.864065       1.000000     541.499386       0.000000            0
# Jump frustrated.
       398       199.0000       1       1       5.555628       4.800259      10.355887       2.377726       1.919729       1.000000     541.499386       0.000000            0
# Jump frustrated.
       399       199.5000       1       1       5.274756       5.085303      10.360059       2.377727       2.179600       1.000000     541.499386       0.000000            0
# Jump frustrated.
       400       200.0000       1       1       4.923732       5.439272      10.363003       2.377727       2.508730       1.000000     541.499386       0.000000            0
