#===============================================================================================================================================================================
#     Step |         Time |         State |                                     Energy |      Angular |     Gradient |      Density |           Expectation Value |    Runtime |
#          |              |  diag |   MCH |          kin |          pot |          tot |     Momentum |          RMS |        Total |           DM |            S |            |
#          |         [fs] |       |       |         [eV] |         [eV] |         [eV] |       [hbar] |     [eV/Ang] |              |      [Debye] |              |      [sec] |
#===============================================================================================================================================================================
         0         0.0000       2       2       0.141769       9.835130       9.976899       0.000166       2.039914       1.000000     541.499386       0.000000            2
         1         0.5000       2       2       0.191577       9.784889       9.976466       0.000166       1.950564       1.000000     541.499386       0.000000            1
         2         1.0000       2       2       0.239081       9.737140       9.976220       0.000166       1.812963       1.000000     541.499386       0.000000            1
         3         1.5000       2       2       0.281519       9.694788       9.976307       0.000166       1.645575       1.000000     541.499386       0.000000            0
# Surface Hop/Pointer State Switch: new state=      1 old state=      2 randnum=  0.251400467 gap= -9.508788 eV
         4         2.0000       1       1       9.828923       0.147385       9.976307       6.450243       1.125127       1.000000     541.499386       0.000000            0
         5         2.5000       1       1       9.542249       0.442186       9.984434       6.450243       2.093039       1.000000     541.499386       0.000000            0
# Jump frustrated.
         6         3.0000       1       1       8.824475       1.174414       9.998889       6.450243       3.359087       1.000000     541.499386       0.000000            0
# Jump frustrated.
         7         3.5000       1       1       7.921640       2.095978      10.017618       6.450243       4.399026       1.000000     541.499386       0.000000            0
         8         4.0000       1       1       7.116169       2.913740      10.029909       6.450242       4.838735       1.000000     541.499386       0.000000            0
# Jump frustrated.
         9         4.5000       1       1       6.554130       3.469087      10.023217       6.450241       4.532329       1.000000     541.499386       0.000000            0
# Jump frustrated.
        10         5.0000       1       1       6.159263       3.853367      10.012629       6.450241       3.872810       1.000000     541.499386       0.000000            0
# Jump frustrated.
        11         5.5000       1       1       5.782526       4.226850      10.009376       6.450241       3.384240       1.000000     541.499386       0.000000            1
# Jump frustrated.
        12         6.0000       1       1       5.363568       4.649952      10.013520       6.450241       3.245153       1.000000     541.499386       0.000000            0
        13         6.5000       1       1       4.936586       5.081566      10.018152       6.450241       3.355112       1.000000     541.499386       0.000000            0
        14         7.0000       1       1       4.573500       5.450690      10.024191       6.450241       3.488249       1.000000     541.499386       0.000000            0
# Jump frustrated.
        15         7.5000       1       1       4.342601       5.684870      10.027471       6.450242       3.515951       1.000000     541.499386       0.000000            0
# Jump frustrated.
        16         8.0000       1       1       4.280829       5.745699      10.026528       6.450242       3.412955       1.000000     541.499386       0.000000            0
# Jump frustrated.
        17         8.5000       1       1       4.368684       5.652484      10.021168       6.450242       3.208467       1.000000     541.499386       0.000000            0
        18         9.0000       1       1       4.533590       5.480793      10.014383       6.450243       3.012084       1.000000     541.499386       0.000000            0
        19         9.5000       1       1       4.685480       5.323012      10.008493       6.450242       2.950474       1.000000     541.499386       0.000000            0
        20        10.0000       1       1       4.766068       5.243914      10.009982       6.450242       3.271160       1.000000     541.499386       0.000000            0
        21        10.5000       1       1       4.824830       5.196580      10.021410       6.450243       3.922645       1.000000     541.499386       0.000000            0
# Jump frustrated.
        22        11.0000       1       1       5.037766       4.996863      10.034628       6.450243       4.459971       1.000000     541.499386       0.000000            1
        23        11.5000       1       1       5.577870       4.454387      10.032257       6.450243       4.443722       1.000000     541.499386       0.000000            0
        24        12.0000       1       1       6.394783       3.612958      10.007742       6.450243       3.703432       1.000000     541.499386       0.000000            0
        25        12.5000       1       1       7.196872       2.789591       9.986463       6.450244       2.798270       1.000000     541.499386       0.000000            0
# Jump frustrated.
        26        13.0000       1       1       7.693595       2.284070       9.977664       6.450244       2.224217       1.000000     541.499386       0.000000            0
# Jump frustrated.
        27        13.5000       1       1       7.740565       2.238396       9.978961       6.450244       2.426754       1.000000     541.499386       0.000000            0
        28        14.0000       1       1       7.391185       2.606482       9.997667       6.450244       3.300382       1.000000     541.499386       0.000000            0
# Jump frustrated.
        29        14.5000       1       1       6.907381       3.112834      10.020216       6.450244       4.126616       1.000000     541.499386       0.000000            0
        30        15.0000       1       1       6.596950       3.427981      10.024931       6.450243       4.182171       1.000000     541.499386       0.000000            0
# Jump frustrated.
        31        15.5000       1       1       6.514289       3.494207      10.008497       6.450243       3.652744       1.000000     541.499386       0.000000            0
# Jump frustrated.
        32        16.0000       1       1       6.471157       3.529708      10.000865       6.450243       3.420281       1.000000     541.499386       0.000000            0
        33        16.5000       1       1       6.334901       3.670673      10.005574       6.450243       3.775014       1.000000     541.499386       0.000000            1
# Jump frustrated.
        34        17.0000       1       1       6.134600       3.878072      10.012671       6.450242       4.312231       1.000000     541.499386       0.000000            0
        35        17.5000       1       1       5.961053       4.057444      10.018497       6.450242       4.754081       1.000000     541.499386       0.000000            0
        36        18.0000       1       1       5.894186       4.127199      10.021385       6.450242       4.995165       1.000000     541.499386       0.000000            0
        37        18.5000       1       1       5.974351       4.046648      10.020999       6.450242       5.056737       1.000000     541.499386       0.000000            0
        38        19.0000       1       1       6.194183       3.823264      10.017447       6.450242       4.987049       1.000000     541.499386       0.000000            0
        39        19.5000       1       1       6.502653       3.508532      10.011185       6.450242       4.733218       1.000000     541.499386       0.000000            0
        40        20.0000       1       1       6.809415       3.193178      10.002593       6.450241       4.313342       1.000000     541.499386       0.000000            0
# Jump frustrated.
        41        20.5000       1       1       7.007086       2.990554       9.997640       6.450241       3.798874       1.000000     541.499386       0.000000            0
# Jump frustrated.
        42        21.0000       1       1       7.032714       2.964604       9.997318       6.450241       3.631282       1.000000     541.499386       0.000000            0
# Jump frustrated.
        43        21.5000       1       1       6.925112       3.082524      10.007636       6.450240       3.757240       1.000000     541.499386       0.000000            0
# Jump frustrated.
        44        22.0000       1       1       6.814731       3.198784      10.013514       6.450240       3.842236       1.000000     541.499386       0.000000            1
# Jump frustrated.
        45        22.5000       1       1       6.799676       3.212901      10.012577       6.450240       3.772222       1.000000     541.499386       0.000000            0
# Jump frustrated.
        46        23.0000       1       1       6.880410       3.129443      10.009853       6.450240       3.622067       1.000000     541.499386       0.000000            0
# Jump frustrated.
        47        23.5000       1       1       7.007658       2.997405      10.005063       6.450240       3.407279       1.000000     541.499386       0.000000            0
# Jump frustrated.
        48        24.0000       1       1       7.090478       2.907097       9.997574       6.450240       3.068224       1.000000     541.499386       0.000000            0
        49        24.5000       1       1       7.011502       2.982458       9.993960       6.450240       2.833184       1.000000     541.499386       0.000000            0
        50        25.0000       1       1       6.720776       3.281826      10.002602       6.450240       2.901317       1.000000     541.499386       0.000000            0
        51        25.5000       1       1       6.297155       3.715101      10.012256       6.450239       3.057799       1.000000     541.499386       0.000000            0
# Jump frustrated.
        52        26.0000       1       1       5.851752       4.162077      10.013829       6.450239       3.098244       1.000000     541.499386       0.000000            0
# Jump frustrated.
        53        26.5000       1       1       5.424953       4.588293      10.013246       6.450239       3.041154       1.000000     541.499386       0.000000            0
        54        27.0000       1       1       5.020677       4.993333      10.014010       6.450239       3.015991       1.000000     541.499386       0.000000            0
# Jump frustrated.
        55        27.5000       1       1       4.655869       5.361004      10.016873       6.450239       3.128693       1.000000     541.499386       0.000000            1
# Jump frustrated.
        56        28.0000       1       1       4.371514       5.648954      10.020468       6.450240       3.297182       1.000000     541.499386       0.000000            0
        57        28.5000       1       1       4.222243       5.801337      10.023581       6.450240       3.429025       1.000000     541.499386       0.000000            0
# Jump frustrated.
        58        29.0000       1       1       4.249073       5.774971      10.024044       6.450240       3.481134       1.000000     541.499386       0.000000            0
# Jump frustrated.
        59        29.5000       1       1       4.461586       5.560514      10.022099       6.450240       3.461074       1.000000     541.499386       0.000000            0
        60        30.0000       1       1       4.835215       5.183501      10.018716       6.450241       3.386878       1.000000     541.499386       0.000000            0
        61        30.5000       1       1       5.312249       4.700608      10.012857       6.450241       3.283247       1.000000     541.499386       0.000000            0
        62        31.0000       1       1       5.815139       4.193633      10.008773       6.450240       3.244155       1.000000     541.499386       0.000000            0
# Jump frustrated.
        63        31.5000       1       1       6.283799       3.723197      10.006996       6.450239       3.329780       1.000000     541.499386       0.000000            0
# Jump frustrated.
        64        32.0000       1       1       6.685374       3.320856      10.006230       6.450239       3.464344       1.000000     541.499386       0.000000            0
# Jump frustrated.
        65        32.5000       1       1       7.005926       3.001973      10.007899       6.450238       3.593884       1.000000     541.499386       0.000000            0
# Jump frustrated.
        66        33.0000       1       1       7.288860       2.727102      10.015962       6.450238       3.648189       1.000000     541.499386       0.000000            1
# Jump frustrated.
        67        33.5000       1       1       7.621338       2.397215      10.018554       6.450239       3.441971       1.000000     541.499386       0.000000            0
# Jump frustrated.
        68        34.0000       1       1       8.032553       1.981587      10.014140       6.450239       2.941428       1.000000     541.499386       0.000000            0
# Jump frustrated.
        69        34.5000       1       1       8.443577       1.559316      10.002893       6.450239       2.223322       1.000000     541.499386       0.000000            0
# Jump frustrated.
        70        35.0000       1       1       8.705905       1.287351       9.993256       6.450239       1.594781       1.000000     541.499386       0.000000            0
        71        35.5000       1       1       8.690647       1.299393       9.990040       6.450238       1.660781       1.000000     541.499386       0.000000            0
# Jump frustrated.
        72        36.0000       1       1       8.353650       1.639037       9.992686       6.450239       2.433214       1.000000     541.499386       0.000000            0
# Jump frustrated.
        73        36.5000       1       1       7.746035       2.255628      10.001663       6.450239       3.319573       1.000000     541.499386       0.000000            0
        74        37.0000       1       1       6.987845       3.026885      10.014730       6.450239       4.031309       1.000000     541.499386       0.000000            0
# Jump frustrated.
        75        37.5000       1       1       6.213516       3.806447      10.019964       6.450239       4.533318       1.000000     541.499386       0.000000            0
# Jump frustrated.
        76        38.0000       1       1       5.533515       4.490718      10.024233       6.450239       4.806085       1.000000     541.499386       0.000000            0
        77        38.5000       1       1       5.012281       5.013263      10.025545       6.450239       4.984575       1.000000     541.499386       0.000000            1
# Jump frustrated.
        78        39.0000       1       1       4.675172       5.351247      10.026419       6.450240       5.088525       1.000000     541.499386       0.000000            0
        79        39.5000       1       1       4.537457       5.489513      10.026969       6.450240       5.084455       1.000000     541.499386       0.000000            0
        80        40.0000       1       1       4.606163       5.420380      10.026543       6.450240       4.941644       1.000000     541.499386       0.000000            0
# Jump frustrated.
        81        40.5000       1       1       4.869773       5.153813      10.023586       6.450240       4.648028       1.000000     541.499386       0.000000            0
# Jump frustrated.
        82        41.0000       1       1       5.281619       4.736109      10.017728       6.450240       4.183669       1.000000     541.499386       0.000000            0
        83        41.5000       1       1       5.763990       4.248441      10.012432       6.450240       3.618891       1.000000     541.499386       0.000000            0
        84        42.0000       1       1       6.223786       3.779459      10.003244       6.450240       2.974640       1.000000     541.499386       0.000000            0
        85        42.5000       1       1       6.538961       3.453724       9.992686       6.450240       2.323278       1.000000     541.499386       0.000000            0
# Jump frustrated.
        86        43.0000       1       1       6.592772       3.395594       9.988367       6.450241       2.057227       1.000000     541.499386       0.000000            0
# Jump frustrated.
        87        43.5000       1       1       6.329612       3.659047       9.988659       6.450241       2.773394       1.000000     541.499386       0.000000            0
# Jump frustrated.
        88        44.0000       1       1       5.823070       4.184499      10.007569       6.450241       4.374613       1.000000     541.499386       0.000000            1
        89        44.5000       1       1       5.411876       4.631268      10.043143       6.450241       5.867699       1.000000     541.499386       0.000000            0
# Jump frustrated.
        90        45.0000       1       1       5.548438       4.498192      10.046630       6.450241       6.229407       1.000000     541.499386       0.000000            0
# Jump frustrated.
        91        45.5000       1       1       6.259188       3.746864      10.006052       6.450242       5.207475       1.000000     541.499386       0.000000            0
# Jump frustrated.
        92        46.0000       1       1       7.028297       2.946334       9.974631       6.450241       3.611820       1.000000     541.499386       0.000000            0
# Jump frustrated.
        93        46.5000       1       1       7.401213       2.578248       9.979461       6.450241       2.527831       1.000000     541.499386       0.000000            0
# Jump frustrated.
        94        47.0000       1       1       7.334119       2.658176       9.992296       6.450242       2.143045       1.000000     541.499386       0.000000            0
# Jump frustrated.
        95        47.5000       1       1       6.970922       3.031245      10.002167       6.450242       2.153090       1.000000     541.499386       0.000000            0
        96        48.0000       1       1       6.461947       3.547355      10.009302       6.450241       2.288945       1.000000     541.499386       0.000000            0
# Jump frustrated.
        97        48.5000       1       1       5.920943       4.094605      10.015549       6.450241       2.500424       1.000000     541.499386       0.000000            0
        98        49.0000       1       1       5.439532       4.581027      10.020559       6.450241       2.641430       1.000000     541.499386       0.000000            1
        99        49.5000       1       1       5.086433       4.936864      10.023298       6.450242       2.728989       1.000000     541.499386       0.000000            0
       100        50.0000       1       1       4.891702       5.131392      10.023094       6.450242       2.783172       1.000000     541.499386       0.000000            0
# Jump frustrated.
       101        50.5000       1       1       4.856786       5.165854      10.022640       6.450243       2.833217       1.000000     541.499386       0.000000            0
       102        51.0000       1       1       4.974940       5.047103      10.022044       6.450243       2.883782       1.000000     541.499386       0.000000            0
       103        51.5000       1       1       5.239755       4.782198      10.021953       6.450243       2.927662       1.000000     541.499386       0.000000            0
       104        52.0000       1       1       5.644778       4.375704      10.020482       6.450244       2.953955       1.000000     541.499386       0.000000            0
# Jump frustrated.
       105        52.5000       1       1       6.163218       3.851913      10.015132       6.450244       2.866545       1.000000     541.499386       0.000000            0
       106        53.0000       1       1       6.727967       3.280996      10.008962       6.450244       2.717309       1.000000     541.499386       0.000000            0
       107        53.5000       1       1       7.242857       2.756997       9.999854       6.450243       2.492882       1.000000     541.499386       0.000000            0
# Jump frustrated.
       108        54.0000       1       1       7.593397       2.399291       9.992689       6.450243       2.331870       1.000000     541.499386       0.000000            0
# Jump frustrated.
       109        54.5000       1       1       7.679926       2.305038       9.984964       6.450242       2.483583       1.000000     541.499386       0.000000            1
       110        55.0000       1       1       7.415861       2.557695       9.973556       6.450242       3.317594       1.000000     541.499386       0.000000            0
# Jump frustrated.
       111        55.5000       1       1       6.799122       3.191933       9.991055       6.450242       4.889449       1.000000     541.499386       0.000000            0
       112        56.0000       1       1       6.211634       3.828454      10.040087       6.450242       6.244682       1.000000     541.499386       0.000000            0
# Jump frustrated.
       113        56.5000       1       1       6.270822       3.777383      10.048205       6.450242       6.325852       1.000000     541.499386       0.000000            0
# Jump frustrated.
       114        57.0000       1       1       7.063629       2.934085       9.997715       6.450243       4.783917       1.000000     541.499386       0.000000            0
# Jump frustrated.
       115        57.5000       1       1       7.932357       2.026015       9.958372       6.450244       2.481940       1.000000     541.499386       0.000000            0
# Jump frustrated.
       116        58.0000       1       1       8.251272       1.713983       9.965255       6.450244       1.494542       1.000000     541.499386       0.000000            0
       117        58.5000       1       1       7.964580       2.023108       9.987688       6.450244       2.082652       1.000000     541.499386       0.000000            0
       118        59.0000       1       1       7.306327       2.699075      10.005402       6.450244       2.641209       1.000000     541.499386       0.000000            0
# Jump frustrated.
       119        59.5000       1       1       6.513537       3.503342      10.016879       6.450245       2.904227       1.000000     541.499386       0.000000            0
       120        60.0000       1       1       5.729168       4.290793      10.019961       6.450245       3.030593       1.000000     541.499386       0.000000            1
# Jump frustrated.
       121        60.5000       1       1       5.033717       4.988143      10.021860       6.450244       3.008814       1.000000     541.499386       0.000000            0
# Jump frustrated.
       122        61.0000       1       1       4.467828       5.555324      10.023152       6.450244       3.028146       1.000000     541.499386       0.000000            0
       123        61.5000       1       1       4.053302       5.971782      10.025084       6.450244       3.075277       1.000000     541.499386       0.000000            0
       124        62.0000       1       1       3.818580       6.208038      10.026618       6.450244       3.105159       1.000000     541.499386       0.000000            0
# Jump frustrated.
       125        62.5000       1       1       3.785122       6.241463      10.026585       6.450244       3.083438       1.000000     541.499386       0.000000            0
       126        63.0000       1       1       3.952050       6.072887      10.024936       6.450244       3.010129       1.000000     541.499386       0.000000            0
# Jump frustrated.
       127        63.5000       1       1       4.289643       5.731374      10.021017       6.450243       2.894636       1.000000     541.499386       0.000000            0
# Jump frustrated.
       128        64.0000       1       1       4.733744       5.279830      10.013574       6.450243       2.739364       1.000000     541.499386       0.000000            0
# Jump frustrated.
       129        64.5000       1       1       5.179661       4.824342      10.004003       6.450243       2.595454       1.000000     541.499386       0.000000            0
# Jump frustrated.
       130        65.0000       1       1       5.497640       4.497362       9.995001       6.450242       2.613948       1.000000     541.499386       0.000000            1
# Jump frustrated.
       131        65.5000       1       1       5.586167       4.408714       9.994881       6.450242       3.040925       1.000000     541.499386       0.000000            0
       132        66.0000       1       1       5.490697       4.518953      10.009650       6.450242       3.843247       1.000000     541.499386       0.000000            0
# Jump frustrated.
       133        66.5000       1       1       5.469476       4.561304      10.030780       6.450243       4.480434       1.000000     541.499386       0.000000            0
# Jump frustrated.
       134        67.0000       1       1       5.803299       4.225605      10.028904       6.450243       4.504826       1.000000     541.499386       0.000000            0
# Jump frustrated.
       135        67.5000       1       1       6.487799       3.514138      10.001937       6.450244       3.895955       1.000000     541.499386       0.000000            0
       136        68.0000       1       1       7.163478       2.801425       9.964903       6.450244       2.948208       1.000000     541.499386       0.000000            0
# Jump frustrated.
       137        68.5000       1       1       7.357181       2.590497       9.947677       6.450244       3.018886       1.000000     541.499386       0.000000            0
       138        69.0000       1       1       6.913461       3.067784       9.981245       6.450244       4.965366       1.000000     541.499386       0.000000            0
# Jump frustrated.
       139        69.5000       1       1       6.341870       3.694963      10.036832       6.450244       6.584599       1.000000     541.499386       0.000000            0
       140        70.0000       1       1       6.315434       3.713855      10.029289       6.450245       6.450192       1.000000     541.499386       0.000000            0
# Jump frustrated.
       141        70.5000       1       1       6.758292       3.225980       9.984272       6.450245       4.879680       1.000000     541.499386       0.000000            1
# Jump frustrated.
       142        71.0000       1       1       7.090356       2.886543       9.976899       6.450244       3.523928       1.000000     541.499386       0.000000            0
# Jump frustrated.
       143        71.5000       1       1       7.040964       2.947580       9.988543       6.450244       3.116302       1.000000     541.499386       0.000000            0
       144        72.0000       1       1       6.712661       3.292829      10.005490       6.450244       3.163134       1.000000     541.499386       0.000000            0
# Jump frustrated.
       145        72.5000       1       1       6.307871       3.708872      10.016743       6.450244       3.250780       1.000000     541.499386       0.000000            0
# Jump frustrated.
       146        73.0000       1       1       5.974253       4.046648      10.020901       6.450244       3.231238       1.000000     541.499386       0.000000            0
       147        73.5000       1       1       5.784991       4.238684      10.023675       6.450245       3.115318       1.000000     541.499386       0.000000            0
# Jump frustrated.
       148        74.0000       1       1       5.766983       4.255915      10.022899       6.450244       2.934346       1.000000     541.499386       0.000000            0
# Jump frustrated.
       149        74.5000       1       1       5.901901       4.116819      10.018720       6.450244       2.708722       1.000000     541.499386       0.000000            0
# Jump frustrated.
       150        75.0000       1       1       6.126416       3.885961      10.012377       6.450244       2.468000       1.000000     541.499386       0.000000            0
# Jump frustrated.
       151        75.5000       1       1       6.353237       3.652819      10.006055       6.450244       2.326585       1.000000     541.499386       0.000000            0
# Jump frustrated.
       152        76.0000       1       1       6.499498       3.502927      10.002424       6.450244       2.493789       1.000000     541.499386       0.000000            1
# Jump frustrated.
       153        76.5000       1       1       6.541665       3.465973      10.007638       6.450244       3.141535       1.000000     541.499386       0.000000            0
# Jump frustrated.
       154        77.0000       1       1       6.574333       3.444590      10.018923       6.450244       3.983174       1.000000     541.499386       0.000000            0
       155        77.5000       1       1       6.779984       3.247363      10.027348       6.450245       4.425102       1.000000     541.499386       0.000000            0
# Jump frustrated.
       156        78.0000       1       1       7.252224       2.763018      10.015241       6.450245       4.063845       1.000000     541.499386       0.000000            0
# Jump frustrated.
       157        78.5000       1       1       7.800976       2.181927       9.982904       6.450245       3.098508       1.000000     541.499386       0.000000            0
# Jump frustrated.
       158        79.0000       1       1       8.006165       1.948578       9.954743       6.450245       2.426259       1.000000     541.499386       0.000000            0
# Jump frustrated.
       159        79.5000       1       1       7.520672       2.433339       9.954010       6.450245       3.575738       1.000000     541.499386       0.000000            0
# Jump frustrated.
       160        80.0000       1       1       6.470778       3.538220      10.008998       6.450245       5.734571       1.000000     541.499386       0.000000            0
# Jump frustrated.
       161        80.5000       1       1       5.592300       4.461030      10.053330       6.450246       6.733612       1.000000     541.499386       0.000000            0
       162        81.0000       1       1       5.444368       4.584764      10.029132       6.450247       5.920899       1.000000     541.499386       0.000000            0
# Jump frustrated.
       163        81.5000       1       1       5.734455       4.248857       9.983311       6.450247       3.954164       1.000000     541.499386       0.000000            1
# Jump frustrated.
       164        82.0000       1       1       5.866539       4.116196       9.982735       6.450247       2.649274       1.000000     541.499386       0.000000            0
# Jump frustrated.
       165        82.5000       1       1       5.671270       4.329200      10.000471       6.450247       2.582736       1.000000     541.499386       0.000000            0
# Jump frustrated.
       166        83.0000       1       1       5.302386       4.710573      10.012959       6.450247       2.866598       1.000000     541.499386       0.000000            0
# Jump frustrated.
       167        83.5000       1       1       4.918380       5.100251      10.018630       6.450247       3.167902       1.000000     541.499386       0.000000            0
       168        84.0000       1       1       4.608161       5.414151      10.022313       6.450247       3.434030       1.000000     541.499386       0.000000            0
       169        84.5000       1       1       4.425063       5.599336      10.024399       6.450246       3.634960       1.000000     541.499386       0.000000            0
# Jump frustrated.
       170        85.0000       1       1       4.391466       5.631100      10.022566       6.450247       3.741081       1.000000     541.499386       0.000000            0
# Jump frustrated.
       171        85.5000       1       1       4.485921       5.533110      10.019031       6.450248       3.814365       1.000000     541.499386       0.000000            0
# Jump frustrated.
       172        86.0000       1       1       4.661475       5.353323      10.014798       6.450248       3.861554       1.000000     541.499386       0.000000            0
# Jump frustrated.
       173        86.5000       1       1       4.850737       5.154643      10.005381       6.450248       3.827460       1.000000     541.499386       0.000000            1
       174        87.0000       1       1       4.958954       5.042121      10.001075       6.450248       3.815209       1.000000     541.499386       0.000000            0
# Jump frustrated.
       175        87.5000       1       1       4.960095       5.048557      10.008651       6.450249       4.054914       1.000000     541.499386       0.000000            0
       176        88.0000       1       1       4.988505       5.037346      10.025851       6.450249       4.587720       1.000000     541.499386       0.000000            0
       177        88.5000       1       1       5.315316       4.727389      10.042706       6.450249       5.065750       1.000000     541.499386       0.000000            0
       178        89.0000       1       1       6.154839       3.877241      10.032080       6.450251       4.849139       1.000000     541.499386       0.000000            0
# Jump frustrated.
       179        89.5000       1       1       7.370196       2.623299       9.993495       6.450251       3.818603       1.000000     541.499386       0.000000            0
# Jump frustrated.
       180        90.0000       1       1       8.496579       1.472744       9.969323       6.450251       2.486770       1.000000     541.499386       0.000000            0
# Jump frustrated.
       181        90.5000       1       1       9.098165       0.854492       9.952657       6.450251       1.368006       1.000000     541.499386       0.000000            0
       182        91.0000       1       1       8.959158       0.995042       9.954200       6.450251       1.889135       1.000000     541.499386       0.000000            0
       183        91.5000       1       1       8.165384       1.823391       9.988776       6.450251       3.802922       1.000000     541.499386       0.000000            0
# Jump frustrated.
       184        92.0000       1       1       7.231681       2.807445      10.039126       6.450249       5.437065       1.000000     541.499386       0.000000            1
# Jump frustrated.
       185        92.5000       1       1       6.784039       3.254630      10.038668       6.450249       5.526457       1.000000     541.499386       0.000000            0
# Jump frustrated.
       186        93.0000       1       1       6.840718       3.155186       9.995904       6.450249       4.142018       1.000000     541.499386       0.000000            0
# Jump frustrated.
       187        93.5000       1       1       6.907899       3.076088       9.983987       6.450250       2.875415       1.000000     541.499386       0.000000            0
       188        94.0000       1       1       6.721088       3.272069       9.993157       6.450249       2.542976       1.000000     541.499386       0.000000            0
# Jump frustrated.
       189        94.5000       1       1       6.323178       3.678977      10.002155       6.450249       2.787058       1.000000     541.499386       0.000000            0
       190        95.0000       1       1       5.877597       4.141109      10.018706       6.450249       3.023281       1.000000     541.499386       0.000000            0
# Jump frustrated.
       191        95.5000       1       1       5.551528       4.470788      10.022316       6.450249       3.075765       1.000000     541.499386       0.000000            0
       192        96.0000       1       1       5.418814       4.603033      10.021848       6.450249       3.025793       1.000000     541.499386       0.000000            0
# Jump frustrated.
       193        96.5000       1       1       5.465709       4.551339      10.017049       6.450249       2.897663       1.000000     541.499386       0.000000            0
       194        97.0000       1       1       5.628776       4.383593      10.012370       6.450248       2.754985       1.000000     541.499386       0.000000            1
# Jump frustrated.
       195        97.5000       1       1       5.827020       4.177648      10.004668       6.450247       2.673104       1.000000     541.499386       0.000000            0
# Jump frustrated.
       196        98.0000       1       1       5.939129       4.050800       9.989929       6.450246       2.736982       1.000000     541.499386       0.000000            0
# Jump frustrated.
       197        98.5000       1       1       5.856074       4.139033       9.995107       6.450247       3.243360       1.000000     541.499386       0.000000            0
# Jump frustrated.
       198        99.0000       1       1       5.660385       4.351829      10.012215       6.450248       4.045282       1.000000     541.499386       0.000000            0
       199        99.5000       1       1       5.606136       4.419094      10.025230       6.450248       4.464717       1.000000     541.499386       0.000000            0
       200       100.0000       1       1       5.862383       4.153358      10.015740       6.450248       4.102082       1.000000     541.499386       0.000000            0
       201       100.5000       1       1       6.305910       3.688735       9.994644       6.450248       3.244791       1.000000     541.499386       0.000000            0
       202       101.0000       1       1       6.646877       3.335804       9.982681       6.450248       2.564135       1.000000     541.499386       0.000000            0
       203       101.5000       1       1       6.673395       3.303625       9.977019       6.450249       2.425354       1.000000     541.499386       0.000000            0
# Jump frustrated.
       204       102.0000       1       1       6.332333       3.655933       9.988265       6.450250       3.062950       1.000000     541.499386       0.000000            0
# Jump frustrated.
       205       102.5000       1       1       5.788082       4.223114      10.011195       6.450251       3.974226       1.000000     541.499386       0.000000            1
# Jump frustrated.
       206       103.0000       1       1       5.345633       4.679848      10.025481       6.450250       4.429031       1.000000     541.499386       0.000000            0
# Jump frustrated.
       207       103.5000       1       1       5.181665       4.834099      10.015764       6.450250       4.067143       1.000000     541.499386       0.000000            0
# Jump frustrated.
       208       104.0000       1       1       5.187587       4.813754      10.001341       6.450250       3.414477       1.000000     541.499386       0.000000            0
# Jump frustrated.
       209       104.5000       1       1       5.165520       4.833476       9.998997       6.450250       3.171997       1.000000     541.499386       0.000000            0
# Jump frustrated.
       210       105.0000       1       1       5.047733       4.957625      10.005358       6.450250       3.364469       1.000000     541.499386       0.000000            0
       211       105.5000       1       1       4.890529       5.122049      10.012578       6.450250       3.679861       1.000000     541.499386       0.000000            0
# Jump frustrated.
       212       106.0000       1       1       4.785064       5.232496      10.017560       6.450250       3.929053       1.000000     541.499386       0.000000            0
       213       106.5000       1       1       4.795709       5.223361      10.019070       6.450250       4.055543       1.000000     541.499386       0.000000            0
# Jump frustrated.
       214       107.0000       1       1       4.950613       5.069110      10.019723       6.450250       4.058076       1.000000     541.499386       0.000000            0
# Jump frustrated.
       215       107.5000       1       1       5.254605       4.763721      10.018325       6.450250       3.950689       1.000000     541.499386       0.000000            0
       216       108.0000       1       1       5.690231       4.325048      10.015280       6.450249       3.757752       1.000000     541.499386       0.000000            1
# Jump frustrated.
       217       108.5000       1       1       6.221014       3.791500      10.012514       6.450249       3.509160       1.000000     541.499386       0.000000            0
# Jump frustrated.
       218       109.0000       1       1       6.795210       3.212070      10.007280       6.450248       3.208061       1.000000     541.499386       0.000000            0
       219       109.5000       1       1       7.329722       2.666273       9.995995       6.450248       2.851839       1.000000     541.499386       0.000000            0
# Jump frustrated.
       220       110.0000       1       1       7.698437       2.288637       9.987075       6.450247       2.627273       1.000000     541.499386       0.000000            0
# Jump frustrated.
       221       110.5000       1       1       7.796757       2.188571       9.985328       6.450247       3.241863       1.000000     541.499386       0.000000            0
# Jump frustrated.
       222       111.0000       1       1       7.689127       2.318532      10.007659       6.450248       4.601874       1.000000     541.499386       0.000000            0
       223       111.5000       1       1       7.700004       2.327252      10.027256       6.450248       5.392447       1.000000     541.499386       0.000000            0
       224       112.0000       1       1       8.044103       1.957920      10.002023       6.450247       4.813096       1.000000     541.499386       0.000000            0
       225       112.5000       1       1       8.414020       1.551842       9.965862       6.450248       3.590208       1.000000     541.499386       0.000000            0
# Jump frustrated.
       226       113.0000       1       1       8.335601       1.622428       9.958029       6.450247       3.297469       1.000000     541.499386       0.000000            0
       227       113.5000       1       1       7.682035       2.299433       9.981468       6.450246       4.284719       1.000000     541.499386       0.000000            1
       228       114.0000       1       1       6.757952       3.257329      10.015280       6.450244       5.278745       1.000000     541.499386       0.000000            0
# Jump frustrated.
       229       114.5000       1       1       6.008058       4.019452      10.027510       6.450244       5.374562       1.000000     541.499386       0.000000            0
# Jump frustrated.
       230       115.0000       1       1       5.601496       4.414319      10.015815       6.450244       4.687802       1.000000     541.499386       0.000000            0
       231       115.5000       1       1       5.399805       4.606978      10.006782       6.450244       3.864769       1.000000     541.499386       0.000000            0
# Jump frustrated.
       232       116.0000       1       1       5.236673       4.768288      10.004961       6.450244       3.347031       1.000000     541.499386       0.000000            0
# Jump frustrated.
       233       116.5000       1       1       5.049019       4.957625      10.006644       6.450244       3.143934       1.000000     541.499386       0.000000            0
# Jump frustrated.
       234       117.0000       1       1       4.845978       5.164609      10.010586       6.450244       3.121426       1.000000     541.499386       0.000000            0
# Jump frustrated.
       235       117.5000       1       1       4.669075       5.344603      10.013679       6.450243       3.138940       1.000000     541.499386       0.000000            0
       236       118.0000       1       1       4.556123       5.458579      10.014702       6.450242       3.167377       1.000000     541.499386       0.000000            0
# Jump frustrated.
       237       118.5000       1       1       4.528031       5.487644      10.015675       6.450243       3.213115       1.000000     541.499386       0.000000            0
# Jump frustrated.
       238       119.0000       1       1       4.599772       5.417058      10.016830       6.450243       3.276019       1.000000     541.499386       0.000000            1
# Jump frustrated.
       239       119.5000       1       1       4.786381       5.231250      10.017631       6.450244       3.354861       1.000000     541.499386       0.000000            0
       240       120.0000       1       1       5.095088       4.921709      10.016797       6.450245       3.424181       1.000000     541.499386       0.000000            0
       241       120.5000       1       1       5.513865       4.499853      10.013718       6.450244       3.438812       1.000000     541.499386       0.000000            0
# Jump frustrated.
       242       121.0000       1       1       6.000356       4.006372      10.006728       6.450243       3.347987       1.000000     541.499386       0.000000            0
# Jump frustrated.
       243       121.5000       1       1       6.472196       3.525141       9.997337       6.450243       3.134504       1.000000     541.499386       0.000000            0
       244       122.0000       1       1       6.805810       3.180307       9.986117       6.450243       2.880633       1.000000     541.499386       0.000000            0
       245       122.5000       1       1       6.878218       3.104323       9.982541       6.450244       3.066364       1.000000     541.499386       0.000000            0
# Jump frustrated.
       246       123.0000       1       1       6.716656       3.286186      10.002842       6.450245       4.013032       1.000000     541.499386       0.000000            0
# Jump frustrated.
       247       123.5000       1       1       6.634355       3.394141      10.028496       6.450247       4.805588       1.000000     541.499386       0.000000            0
# Jump frustrated.
       248       124.0000       1       1       6.919767       3.091659      10.011426       6.450249       4.468305       1.000000     541.499386       0.000000            0
# Jump frustrated.
       249       124.5000       1       1       7.382514       2.596933       9.979447       6.450250       3.376823       1.000000     541.499386       0.000000            1
# Jump frustrated.
       250       125.0000       1       1       7.619322       2.355279       9.974601       6.450251       2.824786       1.000000     541.499386       0.000000            0
       251       125.5000       1       1       7.510418       2.480258       9.990676       6.450252       2.972532       1.000000     541.499386       0.000000            0
# Jump frustrated.
       252       126.0000       1       1       7.215767       2.789799      10.005565       6.450252       3.136774       1.000000     541.499386       0.000000            0
# Jump frustrated.
       253       126.5000       1       1       6.911332       3.097264      10.008596       6.450252       3.064038       1.000000     541.499386       0.000000            0
# Jump frustrated.
       254       127.0000       1       1       6.644781       3.362170      10.006950       6.450251       2.880515       1.000000     541.499386       0.000000            0
# Jump frustrated.
       255       127.5000       1       1       6.395661       3.610675      10.006336       6.450251       2.751371       1.000000     541.499386       0.000000            0
# Jump frustrated.
       256       128.0000       1       1       6.149412       3.858141      10.007554       6.450251       2.724273       1.000000     541.499386       0.000000            0
# Jump frustrated.
       257       128.5000       1       1       5.913904       4.094605      10.008509       6.450251       2.729171       1.000000     541.499386       0.000000            0
# Jump frustrated.
       258       129.0000       1       1       5.705956       4.304288      10.010243       6.450251       2.774765       1.000000     541.499386       0.000000            0
# Jump frustrated.
       259       129.5000       1       1       5.546245       4.465598      10.011843       6.450250       2.838556       1.000000     541.499386       0.000000            0
# Jump frustrated.
       260       130.0000       1       1       5.460054       4.554038      10.014092       6.450250       2.896918       1.000000     541.499386       0.000000            1
# Jump frustrated.
       261       130.5000       1       1       5.466000       4.547395      10.013395       6.450249       2.945897       1.000000     541.499386       0.000000            0
# Jump frustrated.
       262       131.0000       1       1       5.560699       4.451896      10.012595       6.450248       3.016008       1.000000     541.499386       0.000000            0
# Jump frustrated.
       263       131.5000       1       1       5.732101       4.279790      10.011891       6.450249       3.135857       1.000000     541.499386       0.000000            0
       264       132.0000       1       1       5.968550       4.041666      10.010216       6.450249       3.303846       1.000000     541.499386       0.000000            0
# Jump frustrated.
       265       132.5000       1       1       6.244000       3.761397      10.005396       6.450248       3.456446       1.000000     541.499386       0.000000            0
# Jump frustrated.
       266       133.0000       1       1       6.507271       3.493169      10.000440       6.450249       3.575544       1.000000     541.499386       0.000000            0
# Jump frustrated.
       267       133.5000       1       1       6.685323       3.306739       9.992061       6.450249       3.665688       1.000000     541.499386       0.000000            0
# Jump frustrated.
       268       134.0000       1       1       6.644750       3.325423       9.970174       6.450249       3.795913       1.000000     541.499386       0.000000            0
       269       134.5000       1       1       6.153562       3.798974       9.952535       6.450249       4.624767       1.000000     541.499386       0.000000            0
# Jump frustrated.
       270       135.0000       1       1       5.218341       4.785934      10.004276       6.450249       6.662992       1.000000     541.499386       0.000000            0
       271       135.5000       1       1       4.574237       5.485153      10.059390       6.450250       8.101537       1.000000     541.499386       0.000000            1
# Jump frustrated.
       272       136.0000       1       1       4.923667       5.107102      10.030769       6.450253       7.559255       1.000000     541.499386       0.000000            0
# Jump frustrated.
       273       136.5000       1       1       5.903915       4.055575       9.959490       6.450254       5.422948       1.000000     541.499386       0.000000            0
# Jump frustrated.
       274       137.0000       1       1       6.644172       3.308192       9.952364       6.450255       3.694731       1.000000     541.499386       0.000000            0
# Jump frustrated.
       275       137.5000       1       1       6.831761       3.145013       9.976774       6.450255       3.145463       1.000000     541.499386       0.000000            0
       276       138.0000       1       1       6.668856       3.326877       9.995732       6.450256       3.004943       1.000000     541.499386       0.000000            0
       277       138.5000       1       1       6.395664       3.609637      10.005301       6.450256       2.852907       1.000000     541.499386       0.000000            0
       278       139.0000       1       1       6.140318       3.867691      10.008010       6.450256       2.619047       1.000000     541.499386       0.000000            0
# Jump frustrated.
       279       139.5000       1       1       5.935757       4.070108      10.005864       6.450256       2.349243       1.000000     541.499386       0.000000            0
# Jump frustrated.
       280       140.0000       1       1       5.755383       4.248026      10.003409       6.450256       2.220604       1.000000     541.499386       0.000000            0
# Jump frustrated.
       281       140.5000       1       1       5.564410       4.437986      10.002396       6.450257       2.361543       1.000000     541.499386       0.000000            0
# Jump frustrated.
       282       141.0000       1       1       5.352097       4.651406      10.003502       6.450257       2.781342       1.000000     541.499386       0.000000            1
# Jump frustrated.
       283       141.5000       1       1       5.130693       4.874582      10.005275       6.450256       3.405862       1.000000     541.499386       0.000000            0
# Jump frustrated.
       284       142.0000       1       1       4.928351       5.079075      10.007426       6.450255       4.136076       1.000000     541.499386       0.000000            0
# Jump frustrated.
       285       142.5000       1       1       4.785206       5.225437      10.010643       6.450254       4.873482       1.000000     541.499386       0.000000            0
       286       143.0000       1       1       4.748692       5.264467      10.013159       6.450255       5.515951       1.000000     541.499386       0.000000            0
# Jump frustrated.
       287       143.5000       1       1       4.864169       5.150699      10.014868       6.450254       5.961479       1.000000     541.499386       0.000000            0
# Jump frustrated.
       288       144.0000       1       1       5.160596       4.854029      10.014626       6.450254       6.126496       1.000000     541.499386       0.000000            0
       289       144.5000       1       1       5.634235       4.376535      10.010770       6.450255       5.940111       1.000000     541.499386       0.000000            0
# Jump frustrated.
       290       145.0000       1       1       6.243382       3.763473      10.006855       6.450258       5.412962       1.000000     541.499386       0.000000            0
# Jump frustrated.
       291       145.5000       1       1       6.928427       3.074843      10.003270       6.450258       4.773768       1.000000     541.499386       0.000000            0
# Jump frustrated.
       292       146.0000       1       1       7.606578       2.386212       9.992790       6.450258       3.971490       1.000000     541.499386       0.000000            1
       293       146.5000       1       1       8.167257       1.816748       9.984005       6.450259       3.169501       1.000000     541.499386       0.000000            0
# Jump frustrated.
       294       147.0000       1       1       8.474250       1.497241       9.971492       6.450258       2.457257       1.000000     541.499386       0.000000            0
# Jump frustrated.
       295       147.5000       1       1       8.321919       1.598969       9.920887       6.450258       2.339597       1.000000     541.499386       0.000000            0
# Jump frustrated.
       296       148.0000       1       1       7.430122       2.506209       9.936331       6.450258       4.271822       1.000000     541.499386       0.000000            0
# Jump frustrated.
       297       148.5000       1       1       6.133346       3.900493      10.033839       6.450259       6.965903       1.000000     541.499386       0.000000            0
       298       149.0000       1       1       5.560602       4.511271      10.071873       6.450262       7.852610       1.000000     541.499386       0.000000            0
# Jump frustrated.
       299       149.5000       1       1       6.204006       3.807693      10.011699       6.450266       6.521666       1.000000     541.499386       0.000000            0
# Jump frustrated.
       300       150.0000       1       1       7.259279       2.679975       9.939254       6.450267       3.863018       1.000000     541.499386       0.000000            0
       301       150.5000       1       1       7.746004       2.199574       9.945578       6.450268       2.333053       1.000000     541.499386       0.000000            0
# Jump frustrated.
       302       151.0000       1       1       7.519629       2.454722       9.974351       6.450268       2.424002       1.000000     541.499386       0.000000            0
       303       151.5000       1       1       6.864490       3.129443       9.993933       6.450268       2.886401       1.000000     541.499386       0.000000            1
# Jump frustrated.
       304       152.0000       1       1       6.059410       3.947827      10.007238       6.450269       3.110114       1.000000     541.499386       0.000000            0
       305       152.5000       1       1       5.277429       4.734863      10.012292       6.450270       3.236720       1.000000     541.499386       0.000000            0
# Jump frustrated.
       306       153.0000       1       1       4.600574       5.412075      10.012649       6.450270       3.291153       1.000000     541.499386       0.000000            0
       307       153.5000       1       1       4.058080       5.956212      10.014292       6.450270       3.403411       1.000000     541.499386       0.000000            0
# Jump frustrated.
       308       154.0000       1       1       3.669982       6.346719      10.016701       6.450271       3.450945       1.000000     541.499386       0.000000            0
# Jump frustrated.
       309       154.5000       1       1       3.452727       6.563045      10.015772       6.450271       3.412742       1.000000     541.499386       0.000000            0
# Jump frustrated.
       310       155.0000       1       1       3.395611       6.618476      10.014087       6.450271       3.372421       1.000000     541.499386       0.000000            0
# Jump frustrated.
       311       155.5000       1       1       3.471010       6.541039      10.012049       6.450271       3.360016       1.000000     541.499386       0.000000            0
       312       156.0000       1       1       3.647506       6.362290      10.009795       6.450270       3.374345       1.000000     541.499386       0.000000            0
# Jump frustrated.
       313       156.5000       1       1       3.891008       6.116276      10.007284       6.450269       3.399297       1.000000     541.499386       0.000000            0
# Jump frustrated.
       314       157.0000       1       1       4.163044       5.841405      10.004450       6.450268       3.427777       1.000000     541.499386       0.000000            1
       315       157.5000       1       1       4.431464       5.572348      10.003812       6.450269       3.535862       1.000000     541.499386       0.000000            0
# Jump frustrated.
       316       158.0000       1       1       4.698744       5.308687      10.007432       6.450268       3.775874       1.000000     541.499386       0.000000            0
# Jump frustrated.
       317       158.5000       1       1       5.025942       4.986897      10.012839       6.450268       4.062100       1.000000     541.499386       0.000000            0
# Jump frustrated.
       318       159.0000       1       1       5.515278       4.502967      10.018245       6.450268       4.224696       1.000000     541.499386       0.000000            0
       319       159.5000       1       1       6.231662       3.781535      10.013196       6.450267       4.035403       1.000000     541.499386       0.000000            0
# Jump frustrated.
       320       160.0000       1       1       7.116091       2.883222       9.999313       6.450265       3.448097       1.000000     541.499386       0.000000            0
# Jump frustrated.
       321       160.5000       1       1       7.989180       1.996327       9.985507       6.450265       2.604891       1.000000     541.499386       0.000000            0
# Jump frustrated.
       322       161.0000       1       1       8.618313       1.350671       9.968985       6.450265       1.687945       1.000000     541.499386       0.000000            0
       323       161.5000       1       1       8.770018       1.182718       9.952736       6.450265       1.393444       1.000000     541.499386       0.000000            1
       324       162.0000       1       1       8.309829       1.648794       9.958623       6.450265       2.786679       1.000000     541.499386       0.000000            0
       325       162.5000       1       1       7.456821       2.545654      10.002475       6.450264       4.491950       1.000000     541.499386       0.000000            0
# Jump frustrated.
       326       163.0000       1       1       6.791188       3.236983      10.028171       6.450262       5.134431       1.000000     541.499386       0.000000            0
# Jump frustrated.
       327       163.5000       1       1       6.626417       3.372965       9.999382       6.450261       4.556675       1.000000     541.499386       0.000000            0
# Jump frustrated.
       328       164.0000       1       1       6.658069       3.315666       9.973735       6.450260       4.347208       1.000000     541.499386       0.000000            0
# Jump frustrated.
       329       164.5000       1       1       6.519978       3.457046       9.977024       6.450258       5.306033       1.000000     541.499386       0.000000            0
# Jump frustrated.
       330       165.0000       1       1       6.175064       3.812053       9.987116       6.450257       6.571582       1.000000     541.499386       0.000000            0
       331       165.5000       1       1       5.751808       4.245743       9.997551       6.450257       7.694426       1.000000     541.499386       0.000000            0
       332       166.0000       1       1       5.413791       4.593068      10.006859       6.450256       8.195070       1.000000     541.499386       0.000000            0
# Jump frustrated.
       333       166.5000       1       1       5.284711       4.725936      10.010647       6.450257       7.918793       1.000000     541.499386       0.000000            0
# Jump frustrated.
       334       167.0000       1       1       5.375906       4.628154      10.004060       6.450257       7.133282       1.000000     541.499386       0.000000            1
       335       167.5000       1       1       5.606903       4.391275       9.998177       6.450255       6.160409       1.000000     541.499386       0.000000            0
       336       168.0000       1       1       5.866374       4.122840       9.989213       6.450253       5.212724       1.000000     541.499386       0.000000            0
       337       168.5000       1       1       6.072605       3.915441       9.988046       6.450251       4.390216       1.000000     541.499386       0.000000            0
       338       169.0000       1       1       6.233370       3.762020       9.995390       6.450250       4.000972       1.000000     541.499386       0.000000            0
# Jump frustrated.
       339       169.5000       1       1       6.435594       3.564378       9.999973       6.450249       3.831796       1.000000     541.499386       0.000000            0
       340       170.0000       1       1       6.730622       3.264180       9.994802       6.450249       3.518792       1.000000     541.499386       0.000000            0
# Jump frustrated.
       341       170.5000       1       1       7.056170       2.929310       9.985480       6.450250       3.025054       1.000000     541.499386       0.000000            0
# Jump frustrated.
       342       171.0000       1       1       7.277384       2.701566       9.978951       6.450250       2.605347       1.000000     541.499386       0.000000            0
# Jump frustrated.
       343       171.5000       1       1       7.281522       2.695338       9.976860       6.450250       2.555489       1.000000     541.499386       0.000000            0
# Jump frustrated.
       344       172.0000       1       1       7.031830       2.949241       9.981071       6.450249       2.960361       1.000000     541.499386       0.000000            0
       345       172.5000       1       1       6.587036       3.404521       9.991557       6.450249       3.602828       1.000000     541.499386       0.000000            1
# Jump frustrated.
       346       173.0000       1       1       6.092739       3.911289      10.004027       6.450250       4.112056       1.000000     541.499386       0.000000            0
# Jump frustrated.
       347       173.5000       1       1       5.696728       4.309478      10.006206       6.450249       4.194579       1.000000     541.499386       0.000000            0
# Jump frustrated.
       348       174.0000       1       1       5.436978       4.563380      10.000358       6.450249       3.954042       1.000000     541.499386       0.000000            0
       349       174.5000       1       1       5.252827       4.743375       9.996202       6.450251       3.698371       1.000000     541.499386       0.000000            0
# Jump frustrated.
       350       175.0000       1       1       5.087471       4.909045       9.996516       6.450253       3.642520       1.000000     541.499386       0.000000            0
# Jump frustrated.
       351       175.5000       1       1       4.937653       5.061013       9.998666       6.450253       3.778104       1.000000     541.499386       0.000000            0
       352       176.0000       1       1       4.834218       5.166892      10.001110       6.450254       4.011105       1.000000     541.499386       0.000000            0
       353       176.5000       1       1       4.809667       5.192428      10.002094       6.450252       4.225765       1.000000     541.499386       0.000000            0
       354       177.0000       1       1       4.883127       5.118935      10.002062       6.450250       4.358622       1.000000     541.499386       0.000000            0
# Jump frustrated.
       355       177.5000       1       1       5.048455       4.949944       9.998398       6.450250       4.329442       1.000000     541.499386       0.000000            0
       356       178.0000       1       1       5.260749       4.732580       9.993328       6.450250       4.193141       1.000000     541.499386       0.000000            1
       357       178.5000       1       1       5.458917       4.530786       9.989703       6.450251       4.007016       1.000000     541.499386       0.000000            0
# Jump frustrated.
       358       179.0000       1       1       5.614313       4.377780       9.992094       6.450253       3.861938       1.000000     541.499386       0.000000            0
# Jump frustrated.
       359       179.5000       1       1       5.765726       4.232248       9.997974       6.450255       3.821577       1.000000     541.499386       0.000000            0
       360       180.0000       1       1       5.995328       4.005542      10.000870       6.450255       3.714321       1.000000     541.499386       0.000000            0
       361       180.5000       1       1       6.340137       3.655933       9.996069       6.450254       3.368624       1.000000     541.499386       0.000000            0
       362       181.0000       1       1       6.729559       3.256498       9.986057       6.450254       2.853381       1.000000     541.499386       0.000000            0
       363       181.5000       1       1       7.031350       2.949033       9.980383       6.450254       2.477948       1.000000     541.499386       0.000000            0
# Jump frustrated.
       364       182.0000       1       1       7.164588       2.818449       9.983036       6.450254       2.515906       1.000000     541.499386       0.000000            0
       365       182.5000       1       1       7.161455       2.829659       9.991114       6.450254       2.750219       1.000000     541.499386       0.000000            0
# Jump frustrated.
       366       183.0000       1       1       7.114858       2.878447       9.993304       6.450254       2.790659       1.000000     541.499386       0.000000            0
# Jump frustrated.
       367       183.5000       1       1       7.056297       2.931386       9.987684       6.450255       2.692867       1.000000     541.499386       0.000000            1
# Jump frustrated.
       368       184.0000       1       1       6.929718       3.054912       9.984631       6.450255       2.897859       1.000000     541.499386       0.000000            0
       369       184.5000       1       1       6.699558       3.289715       9.989273       6.450254       3.416056       1.000000     541.499386       0.000000            0
       370       185.0000       1       1       6.400753       3.593236       9.993989       6.450253       4.024133       1.000000     541.499386       0.000000            0
       371       185.5000       1       1       6.098562       3.899248       9.997810       6.450255       4.591200       1.000000     541.499386       0.000000            0
# Jump frustrated.
       372       186.0000       1       1       5.856925       4.145054      10.001978       6.450257       4.973836       1.000000     541.499386       0.000000            0
       373       186.5000       1       1       5.714228       4.287264      10.001492       6.450258       5.115126       1.000000     541.499386       0.000000            0
# Jump frustrated.
       374       187.0000       1       1       5.663948       4.335221       9.999169       6.450259       5.142099       1.000000     541.499386       0.000000            0
# Jump frustrated.
       375       187.5000       1       1       5.676503       4.319858       9.996362       6.450259       5.047279       1.000000     541.499386       0.000000            0
# Jump frustrated.
       376       188.0000       1       1       5.722122       4.271486       9.993608       6.450259       4.771964       1.000000     541.499386       0.000000            0
# Jump frustrated.
       377       188.5000       1       1       5.773060       4.218961       9.992022       6.450258       4.394315       1.000000     541.499386       0.000000            1
       378       189.0000       1       1       5.843910       4.154603       9.998514       6.450256       4.223675       1.000000     541.499386       0.000000            0
       379       189.5000       1       1       6.022487       3.980629      10.003116       6.450255       4.221781       1.000000     541.499386       0.000000            0
# Jump frustrated.
       380       190.0000       1       1       6.366913       3.631228       9.998140       6.450254       4.148363       1.000000     541.499386       0.000000            0
# Jump frustrated.
       381       190.5000       1       1       6.817579       3.169926       9.987506       6.450253       3.813035       1.000000     541.499386       0.000000            0
       382       191.0000       1       1       7.227932       2.750769       9.978701       6.450254       3.155506       1.000000     541.499386       0.000000            0
# Jump frustrated.
       383       191.5000       1       1       7.449004       2.525516       9.974520       6.450254       2.455418       1.000000     541.499386       0.000000            0
# Jump frustrated.
       384       192.0000       1       1       7.404793       2.573473       9.978266       6.450253       2.093343       1.000000     541.499386       0.000000            0
# Jump frustrated.
       385       192.5000       1       1       7.121424       2.865160       9.986584       6.450252       2.148929       1.000000     541.499386       0.000000            0
       386       193.0000       1       1       6.684829       3.307154       9.991983       6.450250       2.400675       1.000000     541.499386       0.000000            0
# Jump frustrated.
       387       193.5000       1       1       6.177696       3.818696       9.996392       6.450249       2.686360       1.000000     541.499386       0.000000            0
# Jump frustrated.
       388       194.0000       1       1       5.663640       4.335221       9.998861       6.450249       2.951406       1.000000     541.499386       0.000000            1
       389       194.5000       1       1       5.192666       4.808148      10.000814       6.450250       3.176448       1.000000     541.499386       0.000000            0
       390       195.0000       1       1       4.814196       5.191390      10.005586       6.450250       3.356628       1.000000     541.499386       0.000000            0
       391       195.5000       1       1       4.584232       5.424117      10.008349       6.450249       3.434664       1.000000     541.499386       0.000000            0
       392       196.0000       1       1       4.540777       5.467506      10.008283       6.450249       3.435899       1.000000     541.499386       0.000000            0
# Jump frustrated.
       393       196.5000       1       1       4.687080       5.320313      10.007393       6.450249       3.403104       1.000000     541.499386       0.000000            0
# Jump frustrated.
       394       197.0000       1       1       5.006450       4.999561      10.006012       6.450250       3.366260       1.000000     541.499386       0.000000            0
       395       197.5000       1       1       5.462939       4.537014       9.999953       6.450250       3.267394       1.000000     541.499386       0.000000            0
# Jump frustrated.
       396       198.0000       1       1       5.962484       4.025472       9.987957       6.450251       3.111970       1.000000     541.499386       0.000000            0
# Jump frustrated.
       397       198.5000       1       1       6.349943       3.627076       9.977019       6.450252       3.152798       1.000000     541.499386       0.000000            0
# Jump frustrated.
       398       199.0000       1       1       6.498176       3.478429       9.976606       6.450254       3.681960       1.000000     541.499386       0.000000            1
       399       199.5000       1       1       6.430043       3.562095       9.992137       6.450254       4.631244       1.000000     541.499386       0.000000            0
# Jump frustrated.
       400       200.0000       1       1       6.390018       3.623546      10.013565       6.450254       5.243138       1.000000     541.499386       0.000000            0
