#===============================================================================================================================================================================
#     Step |         Time |         State |                                     Energy |      Angular |     Gradient |      Density |           Expectation Value |    Runtime |
#          |              |  diag |   MCH |          kin |          pot |          tot |     Momentum |          RMS |        Total |           DM |            S |            |
#          |         [fs] |       |       |         [eV] |         [eV] |         [eV] |       [hbar] |     [eV/Ang] |              |      [Debye] |              |      [sec] |
#===============================================================================================================================================================================
         0         0.0000       2       2       0.189333       9.944746      10.134079       0.000252       2.549022       1.000000     541.499386       0.000000            4
         1         0.5000       2       2       0.158859       9.976094      10.134953       0.000253       2.568177       1.000000     541.499386       0.000000            3
# Jump frustrated.
         2         1.0000       2       2       0.143498       9.992495      10.135993       0.000253       2.518299       1.000000     541.499386       0.000000            0
         3         1.5000       2       2       0.161046       9.975887      10.136933       0.000253       2.394996       1.000000     541.499386       0.000000            0
         4         2.0000       2       2       0.224604       9.912359      10.136964       0.000252       2.190574       1.000000     541.499386       0.000000            0
         5         2.5000       2       2       0.334683       9.801290      10.135973       0.000252       1.898970       1.000000     541.499386       0.000000            1
# Jump frustrated.
         6         3.0000       2       2       0.476219       9.658041      10.134260       0.000252       1.531423       1.000000     541.499386       0.000000            0
         7         3.5000       2       2       0.623645       9.509188      10.132832       0.000252       1.126169       1.000000     541.499386       0.000000            0
# Jump frustrated.
         8         4.0000       2       2       0.751374       9.380264      10.131639       0.000252       0.763096       1.000000     541.499386       0.000000            0
         9         4.5000       2       2       0.843977       9.287672      10.131649       0.000252       0.629671       1.000000     541.499386       0.000000            0
# Jump frustrated.
        10         5.0000       2       2       0.901502       9.230995      10.132497       0.000251       0.824598       1.000000     541.499386       0.000000            0
# Jump frustrated.
        11         5.5000       2       2       0.937729       9.196117      10.133847       0.000251       1.126022       1.000000     541.499386       0.000000            0
# Jump frustrated.
        12         6.0000       2       2       0.973359       9.161862      10.135221       0.000251       1.389454       1.000000     541.499386       0.000000            0
        13         6.5000       2       2       1.026922       9.108715      10.135637       0.000251       1.573359       1.000000     541.499386       0.000000            1
# Jump frustrated.
        14         7.0000       2       2       1.106978       9.028371      10.135349       0.000251       1.688674       1.000000     541.499386       0.000000            0
# Jump frustrated.
        15         7.5000       2       2       1.211014       8.923738      10.134751       0.000251       1.753922       1.000000     541.499386       0.000000            0
        16         8.0000       2       2       1.330149       8.803741      10.133891       0.000251       1.786125       1.000000     541.499386       0.000000            0
# Jump frustrated.
        17         8.5000       2       2       1.454463       8.678970      10.133433       0.000251       1.808541       1.000000     541.499386       0.000000            0
        18         9.0000       2       2       1.576059       8.556897      10.132956       0.000251       1.843530       1.000000     541.499386       0.000000            0
# Jump frustrated.
        19         9.5000       2       2       1.688884       8.443752      10.132636       0.000251       1.890506       1.000000     541.499386       0.000000            1
# Jump frustrated.
        20        10.0000       2       2       1.791176       8.341609      10.132786       0.000251       1.948779       1.000000     541.499386       0.000000            0
# Jump frustrated.
        21        10.5000       2       2       1.887842       8.245488      10.133329       0.000251       2.019199       1.000000     541.499386       0.000000            0
# Jump frustrated.
        22        11.0000       2       2       1.986950       8.147290      10.134240       0.000251       2.095776       1.000000     541.499386       0.000000            0
# Jump frustrated.
        23        11.5000       2       2       2.098678       8.036013      10.134691       0.000251       2.158267       1.000000     541.499386       0.000000            0
        24        12.0000       2       2       2.231431       7.903975      10.135406       0.000250       2.175733       1.000000     541.499386       0.000000            0
        25        12.5000       2       2       2.387119       7.746817      10.133935       0.000250       2.164982       1.000000     541.499386       0.000000            1
# Surface Hop/Pointer State Switch: new state=      1 old state=      2 randnum=  0.600284564 gap= -3.818505 eV
        26        13.0000       1       1       6.375030       3.758906      10.133935       7.181855       1.143961       1.000000     541.499386       0.000000            0
# Jump frustrated.
        27        13.5000       1       1       6.233288       3.900493      10.133781       7.181855       1.525430       1.000000     541.499386       0.000000            0
# Jump frustrated.
        28        14.0000       1       1       6.030957       4.106023      10.136981       7.181855       2.321915       1.000000     541.499386       0.000000            0
# Jump frustrated.
        29        14.5000       1       1       5.835962       4.308025      10.143986       7.181855       3.190835       1.000000     541.499386       0.000000            0
        30        15.0000       1       1       5.767759       4.382140      10.149899       7.181855       3.746345       1.000000     541.499386       0.000000            0
# Jump frustrated.
        31        15.5000       1       1       5.906190       4.238061      10.144252       7.181855       3.735952       1.000000     541.499386       0.000000            1
        32        16.0000       1       1       6.195349       3.937655      10.133004       7.181856       3.300121       1.000000     541.499386       0.000000            0
# Jump frustrated.
        33        16.5000       1       1       6.494498       3.630605      10.125103       7.181856       2.825594       1.000000     541.499386       0.000000            0
# Jump frustrated.
        34        17.0000       1       1       6.698038       3.426320      10.124359       7.181856       2.552882       1.000000     541.499386       0.000000            0
        35        17.5000       1       1       6.775662       3.351374      10.127036       7.181855       2.509392       1.000000     541.499386       0.000000            0
# Jump frustrated.
        36        18.0000       1       1       6.755394       3.375249      10.130643       7.181855       2.592532       1.000000     541.499386       0.000000            0
        37        18.5000       1       1       6.689408       3.442929      10.132337       7.181854       2.785152       1.000000     541.499386       0.000000            0
# Jump frustrated.
        38        19.0000       1       1       6.622824       3.495453      10.118277       7.181854       3.142381       1.000000     541.499386       0.000000            0
# Jump frustrated.
        39        19.5000       1       1       6.595123       3.542372      10.137495       7.181855       3.285499       1.000000     541.499386       0.000000            1
        40        20.0000       1       1       6.644620       3.484035      10.128654       7.181856       2.991852       1.000000     541.499386       0.000000            0
        41        20.5000       1       1       6.732656       3.388328      10.120984       7.181857       2.950848       1.000000     541.499386       0.000000            0
# Jump frustrated.
        42        21.0000       1       1       6.779744       3.339956      10.119700       7.181856       3.024810       1.000000     541.499386       0.000000            0
# Jump frustrated.
        43        21.5000       1       1       6.753682       3.366945      10.120626       7.181857       3.214307       1.000000     541.499386       0.000000            0
# Jump frustrated.
        44        22.0000       1       1       6.664249       3.457046      10.121295       7.181857       3.347744       1.000000     541.499386       0.000000            0
# Jump frustrated.
        45        22.5000       1       1       6.513381       3.605692      10.119073       7.181857       3.324223       1.000000     541.499386       0.000000            0
# Jump frustrated.
        46        23.0000       1       1       6.267508       3.847138      10.114647       7.181857       3.256557       1.000000     541.499386       0.000000            0
# Jump frustrated.
        47        23.5000       1       1       5.879735       4.233286      10.113021       7.181857       3.260884       1.000000     541.499386       0.000000            1
# Jump frustrated.
        48        24.0000       1       1       5.322611       4.790917      10.113528       7.181856       3.390479       1.000000     541.499386       0.000000            0
        49        24.5000       1       1       4.621307       5.498855      10.120162       7.181856       3.717099       1.000000     541.499386       0.000000            0
        50        25.0000       1       1       3.899353       6.233159      10.132512       7.181856       4.234388       1.000000     541.499386       0.000000            0
# Jump frustrated.
        51        25.5000       1       1       3.370611       6.777710      10.148321       7.181857       4.767249       1.000000     541.499386       0.000000            0
        52        26.0000       1       1       3.241422       6.907257      10.148679       7.181856       4.752575       1.000000     541.499386       0.000000            0
        53        26.5000       1       1       3.512486       6.619722      10.132208       7.181855       4.082537       1.000000     541.499386       0.000000            0
# Jump frustrated.
        54        27.0000       1       1       3.961487       6.157382      10.118869       7.181854       3.235248       1.000000     541.499386       0.000000            1
        55        27.5000       1       1       4.371284       5.744038      10.115322       7.181854       2.664468       1.000000     541.499386       0.000000            0
# Jump frustrated.
        56        28.0000       1       1       4.652777       5.464185      10.116961       7.181854       2.382650       1.000000     541.499386       0.000000            0
# Jump frustrated.
        57        28.5000       1       1       4.804214       5.314916      10.119130       7.181853       2.243390       1.000000     541.499386       0.000000            0
# Jump frustrated.
        58        29.0000       1       1       4.841661       5.276716      10.118377       7.181853       2.130628       1.000000     541.499386       0.000000            0
# Jump frustrated.
        59        29.5000       1       1       4.756504       5.360174      10.116677       7.181854       2.136150       1.000000     541.499386       0.000000            0
# Jump frustrated.
        60        30.0000       1       1       4.532807       5.583973      10.116780       7.181854       2.444831       1.000000     541.499386       0.000000            1
# Jump frustrated.
        61        30.5000       1       1       4.190421       5.930884      10.121305       7.181854       3.056214       1.000000     541.499386       0.000000            0
        62        31.0000       1       1       3.821583       6.311426      10.133009       7.181854       3.783338       1.000000     541.499386       0.000000            0
# Jump frustrated.
        63        31.5000       1       1       3.591522       6.550796      10.142318       7.181854       4.195237       1.000000     541.499386       0.000000            0
        64        32.0000       1       1       3.624434       6.514465      10.138899       7.181854       4.008432       1.000000     541.499386       0.000000            0
        65        32.5000       1       1       3.871386       6.255373      10.126759       7.181853       3.407543       1.000000     541.499386       0.000000            0
        66        33.0000       1       1       4.163029       5.955381      10.118410       7.181854       2.863420       1.000000     541.499386       0.000000            1
# Jump frustrated.
        67        33.5000       1       1       4.360330       5.756910      10.117240       7.181854       2.681471       1.000000     541.499386       0.000000            0
        68        34.0000       1       1       4.420825       5.699195      10.120020       7.181855       2.755716       1.000000     541.499386       0.000000            0
# Jump frustrated.
        69        34.5000       1       1       4.365621       5.756494      10.122116       7.181854       2.838624       1.000000     541.499386       0.000000            0
        70        35.0000       1       1       4.219412       5.902442      10.121854       7.181854       2.815451       1.000000     541.499386       0.000000            0
        71        35.5000       1       1       3.978383       6.140151      10.118534       7.181854       2.698093       1.000000     541.499386       0.000000            0
        72        36.0000       1       1       3.608997       6.505953      10.114950       7.181853       2.717049       1.000000     541.499386       0.000000            0
# Jump frustrated.
        73        36.5000       1       1       3.105080       7.015420      10.120500       7.181854       3.160654       1.000000     541.499386       0.000000            0
        74        37.0000       1       1       2.578900       7.556649      10.135549       7.181854       3.927434       1.000000     541.499386       0.000000            0
        75        37.5000       1       1       2.264896       7.883837      10.148733       7.181853       4.418439       1.000000     541.499386       0.000000            0
        76        38.0000       1       1       2.332653       7.808684      10.141337       7.181853       4.135370       1.000000     541.499386       0.000000            1
# Jump frustrated.
        77        38.5000       1       1       2.690082       7.434577      10.124659       7.181853       3.345491       1.000000     541.499386       0.000000            0
        78        39.0000       1       1       3.104269       7.012721      10.116990       7.181853       2.728711       1.000000     541.499386       0.000000            0
# Jump frustrated.
        79        39.5000       1       1       3.431313       6.686986      10.118300       7.181853       2.575703       1.000000     541.499386       0.000000            0
        80        40.0000       1       1       3.654164       6.467546      10.121710       7.181854       2.690567       1.000000     541.499386       0.000000            0
        81        40.5000       1       1       3.806705       6.317447      10.124152       7.181854       2.885632       1.000000     541.499386       0.000000            0
        82        41.0000       1       1       3.925670       6.201187      10.126857       7.181854       3.101027       1.000000     541.499386       0.000000            0
        83        41.5000       1       1       4.051111       6.078492      10.129603       7.181854       3.291569       1.000000     541.499386       0.000000            0
        84        42.0000       1       1       4.226422       5.905556      10.131978       7.181853       3.429262       1.000000     541.499386       0.000000            1
# Jump frustrated.
        85        42.5000       1       1       4.495386       5.639197      10.134583       7.181854       3.495042       1.000000     541.499386       0.000000            0
# Jump frustrated.
        86        43.0000       1       1       4.898873       5.237063      10.135936       7.181854       3.492585       1.000000     541.499386       0.000000            0
# Jump frustrated.
        87        43.5000       1       1       5.454482       4.678810      10.133292       7.181853       3.357181       1.000000     541.499386       0.000000            0
        88        44.0000       1       1       6.117655       4.008448      10.126104       7.181853       3.019853       1.000000     541.499386       0.000000            0
# Jump frustrated.
        89        44.5000       1       1       6.786660       3.331859      10.118519       7.181853       2.618272       1.000000     541.499386       0.000000            0
        90        45.0000       1       1       7.348892       2.761980      10.110872       7.181853       2.289250       1.000000     541.499386       0.000000            1
# Jump frustrated.
        91        45.5000       1       1       7.710725       2.397838      10.108563       7.181853       2.152478       1.000000     541.499386       0.000000            0
# Jump frustrated.
        92        46.0000       1       1       7.826613       2.282201      10.108814       7.181852       2.289930       1.000000     541.499386       0.000000            0
# Jump frustrated.
        93        46.5000       1       1       7.700197       2.410502      10.110699       7.181852       2.653846       1.000000     541.499386       0.000000            0
# Jump frustrated.
        94        47.0000       1       1       7.373155       2.743710      10.116865       7.181852       3.170371       1.000000     541.499386       0.000000            0
        95        47.5000       1       1       6.940604       3.186327      10.126931       7.181852       3.652539       1.000000     541.499386       0.000000            0
        96        48.0000       1       1       6.539447       3.595104      10.134551       7.181852       3.800866       1.000000     541.499386       0.000000            0
# Jump frustrated.
        97        48.5000       1       1       6.247363       3.881186      10.128548       7.181852       3.561537       1.000000     541.499386       0.000000            0
        98        49.0000       1       1       6.004915       4.113497      10.118413       7.181852       3.314212       1.000000     541.499386       0.000000            0
        99        49.5000       1       1       5.699330       4.416603      10.115933       7.181852       3.555581       1.000000     541.499386       0.000000            1
# Jump frustrated.
       100        50.0000       1       1       5.298061       4.823719      10.121780       7.181852       4.205000       1.000000     541.499386       0.000000            0
# Jump frustrated.
       101        50.5000       1       1       4.862546       5.270073      10.132618       7.181852       4.992060       1.000000     541.499386       0.000000            0
# Jump frustrated.
       102        51.0000       1       1       4.508631       5.627363      10.135994       7.181852       5.650857       1.000000     541.499386       0.000000            0
       103        51.5000       1       1       4.324576       5.811510      10.136086       7.181852       6.201028       1.000000     541.499386       0.000000            0
# Jump frustrated.
       104        52.0000       1       1       4.328462       5.805697      10.134159       7.181851       6.526035       1.000000     541.499386       0.000000            0
# Jump frustrated.
       105        52.5000       1       1       4.459188       5.664317      10.123505       7.181850       6.431189       1.000000     541.499386       0.000000            0
# Jump frustrated.
       106        53.0000       1       1       4.567473       5.544528      10.112001       7.181850       6.076552       1.000000     541.499386       0.000000            0
       107        53.5000       1       1       4.541500       5.575046      10.116547       7.181849       5.739003       1.000000     541.499386       0.000000            1
# Jump frustrated.
       108        54.0000       1       1       4.445281       5.685701      10.130982       7.181850       5.493075       1.000000     541.499386       0.000000            0
       109        54.5000       1       1       4.487922       5.656220      10.144142       7.181850       5.236444       1.000000     541.499386       0.000000            0
# Jump frustrated.
       110        55.0000       1       1       4.852681       5.289795      10.142476       7.181850       4.720049       1.000000     541.499386       0.000000            0
       111        55.5000       1       1       5.494873       4.624417      10.119289       7.181850       3.795542       1.000000     541.499386       0.000000            0
# Jump frustrated.
       112        56.0000       1       1       6.130900       3.978553      10.109453       7.181849       2.755383       1.000000     541.499386       0.000000            0
# Jump frustrated.
       113        56.5000       1       1       6.517071       3.587630      10.104701       7.181849       2.222653       1.000000     541.499386       0.000000            1
       114        57.0000       1       1       6.589537       3.523480      10.113017       7.181848       2.257249       1.000000     541.499386       0.000000            0
# Jump frustrated.
       115        57.5000       1       1       6.416523       3.706589      10.123112       7.181849       2.582220       1.000000     541.499386       0.000000            0
# Jump frustrated.
       116        58.0000       1       1       6.127582       4.000975      10.128556       7.181849       2.780111       1.000000     541.499386       0.000000            0
# Jump frustrated.
       117        58.5000       1       1       5.810248       4.320066      10.130314       7.181849       2.730430       1.000000     541.499386       0.000000            0
       118        59.0000       1       1       5.491550       4.637911      10.129461       7.181848       2.582264       1.000000     541.499386       0.000000            0
       119        59.5000       1       1       5.156109       4.972157      10.128266       7.181848       2.614042       1.000000     541.499386       0.000000            0
# Jump frustrated.
       120        60.0000       1       1       4.784340       5.344603      10.128943       7.181848       2.952663       1.000000     541.499386       0.000000            1
# Jump frustrated.
       121        60.5000       1       1       4.386504       5.745491      10.131996       7.181847       3.529462       1.000000     541.499386       0.000000            0
# Jump frustrated.
       122        61.0000       1       1       4.016778       6.121259      10.138037       7.181847       4.174030       1.000000     541.499386       0.000000            0
       123        61.5000       1       1       3.765569       6.378276      10.143845       7.181847       4.665177       1.000000     541.499386       0.000000            0
# Jump frustrated.
       124        62.0000       1       1       3.718733       6.426648      10.145381       7.181846       4.822790       1.000000     541.499386       0.000000            0
       125        62.5000       1       1       3.896448       6.243954      10.140402       7.181846       4.613938       1.000000     541.499386       0.000000            0
       126        63.0000       1       1       4.228844       5.902857      10.131701       7.181847       4.120837       1.000000     541.499386       0.000000            1
# Jump frustrated.
       127        63.5000       1       1       4.580752       5.539546      10.120298       7.181848       3.546063       1.000000     541.499386       0.000000            0
       128        64.0000       1       1       4.817592       5.299553      10.117144       7.181848       3.114215       1.000000     541.499386       0.000000            0
# Jump frustrated.
       129        64.5000       1       1       4.863594       5.251388      10.114982       7.181848       2.955274       1.000000     541.499386       0.000000            0
# Jump frustrated.
       130        65.0000       1       1       4.686331       5.427853      10.114185       7.181848       3.238409       1.000000     541.499386       0.000000            0
# Jump frustrated.
       131        65.5000       1       1       4.324742       5.801337      10.126080       7.181848       3.968799       1.000000     541.499386       0.000000            0
       132        66.0000       1       1       3.951706       6.190184      10.141890       7.181849       4.787206       1.000000     541.499386       0.000000            0
# Jump frustrated.
       133        66.5000       1       1       3.810988       6.342152      10.153140       7.181848       5.274342       1.000000     541.499386       0.000000            1
       134        67.0000       1       1       4.054512       6.093647      10.148159       7.181847       5.134033       1.000000     541.499386       0.000000            0
# Jump frustrated.
       135        67.5000       1       1       4.615889       5.517332      10.133221       7.181848       4.497828       1.000000     541.499386       0.000000            0
# Jump frustrated.
       136        68.0000       1       1       5.275618       4.843234      10.118852       7.181848       3.748107       1.000000     541.499386       0.000000            0
# Jump frustrated.
       137        68.5000       1       1       5.827324       4.286641      10.113966       7.181848       3.169157       1.000000     541.499386       0.000000            0
# Jump frustrated.
       138        69.0000       1       1       6.176693       3.940354      10.117047       7.181848       2.864218       1.000000     541.499386       0.000000            0
       139        69.5000       1       1       6.338402       3.781950      10.120352       7.181848       2.737340       1.000000     541.499386       0.000000            1
       140        70.0000       1       1       6.361280       3.762435      10.123715       7.181848       2.714881       1.000000     541.499386       0.000000            0
# Jump frustrated.
       141        70.5000       1       1       6.286443       3.838211      10.124654       7.181849       2.781571       1.000000     541.499386       0.000000            0
# Jump frustrated.
       142        71.0000       1       1       6.153478       3.975439      10.128917       7.181849       2.939518       1.000000     541.499386       0.000000            0
# Jump frustrated.
       143        71.5000       1       1       6.035848       4.100833      10.136681       7.181849       3.116097       1.000000     541.499386       0.000000            0
# Jump frustrated.
       144        72.0000       1       1       6.034833       4.106231      10.141065       7.181849       3.185787       1.000000     541.499386       0.000000            1
       145        72.5000       1       1       6.204592       3.932880      10.137471       7.181849       3.071547       1.000000     541.499386       0.000000            0
# Jump frustrated.
       146        73.0000       1       1       6.499044       3.628944      10.127988       7.181849       2.862840       1.000000     541.499386       0.000000            0
# Jump frustrated.
       147        73.5000       1       1       6.796870       3.323140      10.120010       7.181849       2.842235       1.000000     541.499386       0.000000            0
# Jump frustrated.
       148        74.0000       1       1       6.985121       3.131519      10.116640       7.181849       3.130997       1.000000     541.499386       0.000000            0
       149        74.5000       1       1       6.998489       3.114495      10.112984       7.181849       3.592757       1.000000     541.499386       0.000000            0
       150        75.0000       1       1       6.793043       3.318157      10.111200       7.181849       4.109825       1.000000     541.499386       0.000000            0
       151        75.5000       1       1       6.345786       3.766379      10.112166       7.181848       4.598091       1.000000     541.499386       0.000000            1
       152        76.0000       1       1       5.658682       4.451065      10.109747       7.181848       5.059098       1.000000     541.499386       0.000000            0
# Jump frustrated.
       153        76.5000       1       1       4.746085       5.364741      10.110826       7.181847       5.433040       1.000000     541.499386       0.000000            0
# Jump frustrated.
       154        77.0000       1       1       3.704325       6.421665      10.125990       7.181847       5.855385       1.000000     541.499386       0.000000            0
# Jump frustrated.
       155        77.5000       1       1       2.801396       7.349666      10.151062       7.181847       6.519237       1.000000     541.499386       0.000000            0
       156        78.0000       1       1       2.451741       7.721697      10.173438       7.181847       7.158710       1.000000     541.499386       0.000000            0
# Jump frustrated.
       157        78.5000       1       1       2.927207       7.227178      10.154386       7.181847       6.986248       1.000000     541.499386       0.000000            0
# Jump frustrated.
       158        79.0000       1       1       3.969131       6.144511      10.113641       7.181847       6.063338       1.000000     541.499386       0.000000            1
       159        79.5000       1       1       5.022103       5.082189      10.104292       7.181847       5.050123       1.000000     541.499386       0.000000            0
# Jump frustrated.
       160        80.0000       1       1       5.789739       4.316329      10.106068       7.181847       4.375444       1.000000     541.499386       0.000000            0
# Jump frustrated.
       161        80.5000       1       1       6.217784       3.886791      10.104575       7.181846       3.606731       1.000000     541.499386       0.000000            0
# Jump frustrated.
       162        81.0000       1       1       6.312153       3.802295      10.114449       7.181846       3.070643       1.000000     541.499386       0.000000            0
# Jump frustrated.
       163        81.5000       1       1       6.160768       3.959246      10.120014       7.181846       3.124996       1.000000     541.499386       0.000000            0
# Jump frustrated.
       164        82.0000       1       1       5.890364       4.243667      10.134031       7.181846       3.837216       1.000000     541.499386       0.000000            0
       165        82.5000       1       1       5.707421       4.440685      10.148106       7.181846       4.475173       1.000000     541.499386       0.000000            1
# Jump frustrated.
       166        83.0000       1       1       5.792883       4.351829      10.144712       7.181846       4.417404       1.000000     541.499386       0.000000            0
       167        83.5000       1       1       6.117029       4.015715      10.132744       7.181846       3.826720       1.000000     541.499386       0.000000            0
# Jump frustrated.
       168        84.0000       1       1       6.513034       3.611920      10.124954       7.181846       3.196336       1.000000     541.499386       0.000000            0
# Jump frustrated.
       169        84.5000       1       1       6.841420       3.279958      10.121377       7.181846       2.799916       1.000000     541.499386       0.000000            0
# Jump frustrated.
       170        85.0000       1       1       7.033210       3.088129      10.121340       7.181846       2.648497       1.000000     541.499386       0.000000            0
# Jump frustrated.
       171        85.5000       1       1       7.072139       3.050137      10.122276       7.181847       2.623204       1.000000     541.499386       0.000000            0
       172        86.0000       1       1       6.958243       3.163075      10.121318       7.181847       2.671632       1.000000     541.499386       0.000000            1
# Jump frustrated.
       173        86.5000       1       1       6.669644       3.447288      10.116933       7.181846       2.829146       1.000000     541.499386       0.000000            0
# Jump frustrated.
       174        87.0000       1       1       6.161218       3.951564      10.112782       7.181846       3.202238       1.000000     541.499386       0.000000            0
       175        87.5000       1       1       5.433550       4.686283      10.119833       7.181846       3.756009       1.000000     541.499386       0.000000            0
# Jump frustrated.
       176        88.0000       1       1       4.585718       5.544736      10.130454       7.181845       4.369922       1.000000     541.499386       0.000000            0
# Jump frustrated.
       177        88.5000       1       1       3.796464       6.346512      10.142975       7.181846       4.903538       1.000000     541.499386       0.000000            1
# Jump frustrated.
       178        89.0000       1       1       3.276850       6.878192      10.155041       7.181846       5.211934       1.000000     541.499386       0.000000            0
       179        89.5000       1       1       3.192843       6.963103      10.155946       7.181845       5.086676       1.000000     541.499386       0.000000            0
# Jump frustrated.
       180        90.0000       1       1       3.538640       6.602075      10.140715       7.181845       4.427052       1.000000     541.499386       0.000000            0
# Jump frustrated.
       181        90.5000       1       1       4.099450       6.023061      10.122511       7.181845       3.511847       1.000000     541.499386       0.000000            0
# Jump frustrated.
       182        91.0000       1       1       4.612624       5.500723      10.113347       7.181846       2.819494       1.000000     541.499386       0.000000            0
       183        91.5000       1       1       4.923938       5.189521      10.113460       7.181846       2.593568       1.000000     541.499386       0.000000            0
# Jump frustrated.
       184        92.0000       1       1       5.008731       5.109593      10.118324       7.181846       2.790443       1.000000     541.499386       0.000000            1
# Jump frustrated.
       185        92.5000       1       1       4.926194       5.199071      10.125265       7.181846       3.197160       1.000000     541.499386       0.000000            0
       186        93.0000       1       1       4.765727       5.366610      10.132337       7.181846       3.660975       1.000000     541.499386       0.000000            0
       187        93.5000       1       1       4.647139       5.494703      10.141841       7.181846       3.932198       1.000000     541.499386       0.000000            0
       188        94.0000       1       1       4.670438       5.470828      10.141266       7.181846       3.831375       1.000000     541.499386       0.000000            0
# Jump frustrated.
       189        94.5000       1       1       4.831526       5.303497      10.135023       7.181847       3.415847       1.000000     541.499386       0.000000            0
       190        95.0000       1       1       5.045450       5.084057      10.129507       7.181847       2.928660       1.000000     541.499386       0.000000            1
# Jump frustrated.
       191        95.5000       1       1       5.227395       4.899703      10.127097       7.181848       2.590247       1.000000     541.499386       0.000000            0
# Jump frustrated.
       192        96.0000       1       1       5.336960       4.790502      10.127462       7.181848       2.498131       1.000000     541.499386       0.000000            0
# Jump frustrated.
       193        96.5000       1       1       5.375160       4.753963      10.129123       7.181848       2.587690       1.000000     541.499386       0.000000            0
       194        97.0000       1       1       5.362858       4.768080      10.130938       7.181848       2.766814       1.000000     541.499386       0.000000            0
       195        97.5000       1       1       5.334133       4.800675      10.134808       7.181849       2.984865       1.000000     541.499386       0.000000            0
# Jump frustrated.
       196        98.0000       1       1       5.345527       4.794239      10.139766       7.181848       3.168056       1.000000     541.499386       0.000000            0
# Jump frustrated.
       197        98.5000       1       1       5.458153       4.681924      10.140077       7.181848       3.185169       1.000000     541.499386       0.000000            0
# Jump frustrated.
       198        99.0000       1       1       5.677895       4.455840      10.133735       7.181849       2.956351       1.000000     541.499386       0.000000            1
# Jump frustrated.
       199        99.5000       1       1       5.940741       4.188443      10.129184       7.181848       2.650623       1.000000     541.499386       0.000000            0
# Jump frustrated.
       200       100.0000       1       1       6.157984       3.960491      10.118476       7.181848       2.473357       1.000000     541.499386       0.000000            0
       201       100.5000       1       1       6.193136       3.912119      10.105255       7.181848       2.686553       1.000000     541.499386       0.000000            0
# Jump frustrated.
       202       101.0000       1       1       5.885533       4.208581      10.094114       7.181849       3.464788       1.000000     541.499386       0.000000            0
# Jump frustrated.
       203       101.5000       1       1       5.123434       4.968420      10.091854       7.181849       5.075176       1.000000     541.499386       0.000000            0
# Jump frustrated.
       204       102.0000       1       1       4.078133       6.064790      10.142923       7.181849       7.349923       1.000000     541.499386       0.000000            1
       205       102.5000       1       1       3.475997       6.706709      10.182706       7.181849       8.477824       1.000000     541.499386       0.000000            0
       206       103.0000       1       1       3.796282       6.340906      10.137189       7.181849       7.528140       1.000000     541.499386       0.000000            0
# Jump frustrated.
       207       103.5000       1       1       4.506399       5.585842      10.092241       7.181850       5.715350       1.000000     541.499386       0.000000            0
# Jump frustrated.
       208       104.0000       1       1       4.969356       5.139073      10.108429       7.181850       4.933423       1.000000     541.499386       0.000000            0
# Jump frustrated.
       209       104.5000       1       1       5.202549       4.927314      10.129864       7.181850       4.780298       1.000000     541.499386       0.000000            0
# Jump frustrated.
       210       105.0000       1       1       5.424777       4.709951      10.134728       7.181849       4.542147       1.000000     541.499386       0.000000            1
       211       105.5000       1       1       5.687076       4.437363      10.124439       7.181849       4.076166       1.000000     541.499386       0.000000            0
       212       106.0000       1       1       5.886504       4.233079      10.119583       7.181849       3.551968       1.000000     541.499386       0.000000            0
# Jump frustrated.
       213       106.5000       1       1       5.950048       4.173703      10.123752       7.181849       3.190569       1.000000     541.499386       0.000000            0
# Jump frustrated.
       214       107.0000       1       1       5.889639       4.234117      10.123756       7.181848       3.076009       1.000000     541.499386       0.000000            0
       215       107.5000       1       1       5.718484       4.406845      10.125329       7.181848       3.315109       1.000000     541.499386       0.000000            1
       216       108.0000       1       1       5.468533       4.661163      10.129696       7.181848       3.789273       1.000000     541.499386       0.000000            0
       217       108.5000       1       1       5.222985       4.914443      10.137427       7.181847       4.270330       1.000000     541.499386       0.000000            0
# Jump frustrated.
       218       109.0000       1       1       5.095465       5.046896      10.142361       7.181848       4.491281       1.000000     541.499386       0.000000            0
# Jump frustrated.
       219       109.5000       1       1       5.154931       4.985237      10.140168       7.181848       4.338506       1.000000     541.499386       0.000000            0
# Jump frustrated.
       220       110.0000       1       1       5.371351       4.762267      10.133618       7.181849       3.893780       1.000000     541.499386       0.000000            0
# Jump frustrated.
       221       110.5000       1       1       5.652310       4.477639      10.129949       7.181849       3.342042       1.000000     541.499386       0.000000            0
# Jump frustrated.
       222       111.0000       1       1       5.920363       4.208996      10.129360       7.181850       2.902056       1.000000     541.499386       0.000000            1
       223       111.5000       1       1       6.148034       3.981044      10.129078       7.181850       2.608185       1.000000     541.499386       0.000000            0
       224       112.0000       1       1       6.320947       3.805825      10.126771       7.181850       2.401168       1.000000     541.499386       0.000000            0
# Jump frustrated.
       225       112.5000       1       1       6.411586       3.711779      10.123365       7.181850       2.248579       1.000000     541.499386       0.000000            0
       226       113.0000       1       1       6.370362       3.747902      10.118264       7.181850       2.182474       1.000000     541.499386       0.000000            0
# Jump frustrated.
       227       113.5000       1       1       6.136164       3.978346      10.114510       7.181850       2.315430       1.000000     541.499386       0.000000            0
# Jump frustrated.
       228       114.0000       1       1       5.660253       4.453349      10.113602       7.181850       2.819143       1.000000     541.499386       0.000000            1
       229       114.5000       1       1       4.979590       5.149453      10.129043       7.181850       3.600531       1.000000     541.499386       0.000000            0
       230       115.0000       1       1       4.288710       5.858429      10.147139       7.181849       4.266627       1.000000     541.499386       0.000000            0
# Jump frustrated.
       231       115.5000       1       1       3.836609       6.319938      10.156547       7.181850       4.530264       1.000000     541.499386       0.000000            0
# Jump frustrated.
       232       116.0000       1       1       3.743776       6.405887      10.149663       7.181851       4.214714       1.000000     541.499386       0.000000            0
       233       116.5000       1       1       3.921375       6.213644      10.135019       7.181851       3.504367       1.000000     541.499386       0.000000            0
       234       117.0000       1       1       4.158397       5.964101      10.122498       7.181850       2.698999       1.000000     541.499386       0.000000            0
# Jump frustrated.
       235       117.5000       1       1       4.267417       5.850955      10.118373       7.181849       2.133141       1.000000     541.499386       0.000000            0
       236       118.0000       1       1       4.169400       5.951644      10.121045       7.181849       2.033019       1.000000     541.499386       0.000000            1
# Jump frustrated.
       237       118.5000       1       1       3.888277       6.238764      10.127041       7.181850       2.301266       1.000000     541.499386       0.000000            0
# Jump frustrated.
       238       119.0000       1       1       3.517141       6.619722      10.136863       7.181850       2.670572       1.000000     541.499386       0.000000            0
       239       119.5000       1       1       3.181178       6.962065      10.143243       7.181850       2.938772       1.000000     541.499386       0.000000            0
# Jump frustrated.
       240       120.0000       1       1       2.978701       7.166557      10.145258       7.181849       3.016495       1.000000     541.499386       0.000000            0
       241       120.5000       1       1       2.942418       7.201020      10.143437       7.181850       2.922538       1.000000     541.499386       0.000000            0
       242       121.0000       1       1       3.047505       7.092857      10.140362       7.181850       2.788269       1.000000     541.499386       0.000000            1
# Jump frustrated.
       243       121.5000       1       1       3.250986       6.887949      10.138935       7.181850       2.726943       1.000000     541.499386       0.000000            0
# Jump frustrated.
       244       122.0000       1       1       3.526233       6.612871      10.139104       7.181850       2.759975       1.000000     541.499386       0.000000            0
# Jump frustrated.
       245       122.5000       1       1       3.868074       6.271358      10.139432       7.181850       2.831879       1.000000     541.499386       0.000000            0
# Jump frustrated.
       246       123.0000       1       1       4.275285       5.862581      10.137866       7.181849       2.862353       1.000000     541.499386       0.000000            0
# Jump frustrated.
       247       123.5000       1       1       4.734959       5.401695      10.136654       7.181849       2.822948       1.000000     541.499386       0.000000            0
# Jump frustrated.
       248       124.0000       1       1       5.221248       4.912367      10.133615       7.181849       2.775323       1.000000     541.499386       0.000000            0
# Jump frustrated.
       249       124.5000       1       1       5.688188       4.440270      10.128458       7.181849       2.703807       1.000000     541.499386       0.000000            1
# Jump frustrated.
       250       125.0000       1       1       6.075071       4.050800      10.125871       7.181849       2.640872       1.000000     541.499386       0.000000            0
# Jump frustrated.
       251       125.5000       1       1       6.338835       3.784649      10.123484       7.181850       2.589579       1.000000     541.499386       0.000000            0
       252       126.0000       1       1       6.426165       3.687489      10.113654       7.181850       2.558832       1.000000     541.499386       0.000000            0
# Jump frustrated.
       253       126.5000       1       1       6.288821       3.832813      10.121634       7.181850       2.859678       1.000000     541.499386       0.000000            0
       254       127.0000       1       1       6.037326       4.102702      10.140028       7.181851       3.325760       1.000000     541.499386       0.000000            0
# Jump frustrated.
       255       127.5000       1       1       5.877188       4.266088      10.143276       7.181850       3.538620       1.000000     541.499386       0.000000            1
       256       128.0000       1       1       5.879037       4.255708      10.134745       7.181849       3.462113       1.000000     541.499386       0.000000            0
# Jump frustrated.
       257       128.5000       1       1       5.942448       4.179724      10.122172       7.181849       3.230507       1.000000     541.499386       0.000000            0
# Jump frustrated.
       258       129.0000       1       1       5.908994       4.208373      10.117367       7.181849       3.192830       1.000000     541.499386       0.000000            0
# Jump frustrated.
       259       129.5000       1       1       5.703813       4.417225      10.121038       7.181849       3.454727       1.000000     541.499386       0.000000            0
       260       130.0000       1       1       5.375304       4.753548      10.128852       7.181849       3.833684       1.000000     541.499386       0.000000            1
# Jump frustrated.
       261       130.5000       1       1       5.033114       5.102119      10.135233       7.181848       4.146094       1.000000     541.499386       0.000000            0
       262       131.0000       1       1       4.768373       5.370762      10.139135       7.181848       4.360068       1.000000     541.499386       0.000000            0
# Jump frustrated.
       263       131.5000       1       1       4.628175       5.511934      10.140109       7.181848       4.582356       1.000000     541.499386       0.000000            0
# Jump frustrated.
       264       132.0000       1       1       4.616498       5.520654      10.137152       7.181848       4.998132       1.000000     541.499386       0.000000            0
       265       132.5000       1       1       4.706628       5.430345      10.136973       7.181848       5.611632       1.000000     541.499386       0.000000            0
# Jump frustrated.
       266       133.0000       1       1       4.891623       5.247859      10.139482       7.181847       6.290099       1.000000     541.499386       0.000000            0
# Jump frustrated.
       267       133.5000       1       1       5.212277       4.931467      10.143744       7.181847       6.819017       1.000000     541.499386       0.000000            1
# Jump frustrated.
       268       134.0000       1       1       5.682081       4.450650      10.132731       7.181848       6.705565       1.000000     541.499386       0.000000            0
# Jump frustrated.
       269       134.5000       1       1       6.236700       3.896549      10.133249       7.181847       6.138595       1.000000     541.499386       0.000000            0
       270       135.0000       1       1       6.802110       3.328122      10.130232       7.181846       5.435544       1.000000     541.499386       0.000000            0
# Jump frustrated.
       271       135.5000       1       1       7.303158       2.819902      10.123060       7.181846       4.639443       1.000000     541.499386       0.000000            0
# Jump frustrated.
       272       136.0000       1       1       7.644096       2.473407      10.117502       7.181847       3.723065       1.000000     541.499386       0.000000            0
# Jump frustrated.
       273       136.5000       1       1       7.737809       2.376247      10.114056       7.181847       2.954869       1.000000     541.499386       0.000000            1
       274       137.0000       1       1       7.540340       2.574096      10.114436       7.181847       2.622320       1.000000     541.499386       0.000000            0
       275       137.5000       1       1       7.078872       3.042248      10.121120       7.181847       2.848766       1.000000     541.499386       0.000000            0
# Jump frustrated.
       276       138.0000       1       1       6.463944       3.667766      10.131710       7.181847       3.259912       1.000000     541.499386       0.000000            0
# Jump frustrated.
       277       138.5000       1       1       5.846060       4.291001      10.137061       7.181847       3.374210       1.000000     541.499386       0.000000            0
       278       139.0000       1       1       5.311713       4.824964      10.136677       7.181847       3.222710       1.000000     541.499386       0.000000            0
# Jump frustrated.
       279       139.5000       1       1       4.866984       5.270488      10.137471       7.181847       3.052703       1.000000     541.499386       0.000000            0
# Jump frustrated.
       280       140.0000       1       1       4.507736       5.631723      10.139459       7.181847       2.956530       1.000000     541.499386       0.000000            0
       281       140.5000       1       1       4.237962       5.901611      10.139574       7.181847       2.848205       1.000000     541.499386       0.000000            1
       282       141.0000       1       1       4.052588       6.086796      10.139385       7.181846       2.646320       1.000000     541.499386       0.000000            0
       283       141.5000       1       1       3.928212       6.208661      10.136873       7.181846       2.389760       1.000000     541.499386       0.000000            0
# Jump frustrated.
       284       142.0000       1       1       3.824445       6.310388      10.134833       7.181845       2.205534       1.000000     541.499386       0.000000            0
       285       142.5000       1       1       3.705373       6.428516      10.133889       7.181846       2.188379       1.000000     541.499386       0.000000            0
       286       143.0000       1       1       3.556770       6.577993      10.134763       7.181846       2.317389       1.000000     541.499386       0.000000            0
# Jump frustrated.
       287       143.5000       1       1       3.390981       6.746362      10.137343       7.181846       2.515284       1.000000     541.499386       0.000000            0
# Jump frustrated.
       288       144.0000       1       1       3.239960       6.899575      10.139536       7.181846       2.728493       1.000000     541.499386       0.000000            0
# Jump frustrated.
       289       144.5000       1       1       3.132428       7.008153      10.140581       7.181847       2.968068       1.000000     541.499386       0.000000            1
       290       145.0000       1       1       3.089152       7.052581      10.141733       7.181848       3.241400       1.000000     541.499386       0.000000            0
       291       145.5000       1       1       3.130105       7.012721      10.142826       7.181848       3.508534       1.000000     541.499386       0.000000            0
       292       146.0000       1       1       3.270323       6.872171      10.142495       7.181849       3.699868       1.000000     541.499386       0.000000            0
       293       146.5000       1       1       3.499918       6.638406      10.138324       7.181849       3.748275       1.000000     541.499386       0.000000            0
       294       147.0000       1       1       3.765551       6.366442      10.131993       7.181849       3.659994       1.000000     541.499386       0.000000            1
# Jump frustrated.
       295       147.5000       1       1       3.983230       6.143473      10.126702       7.181850       3.552749       1.000000     541.499386       0.000000            0
       296       148.0000       1       1       4.076197       6.047766      10.123963       7.181850       3.560709       1.000000     541.499386       0.000000            0
# Jump frustrated.
       297       148.5000       1       1       4.004017       6.120013      10.124030       7.181851       3.732741       1.000000     541.499386       0.000000            0
# Jump frustrated.
       298       149.0000       1       1       3.776350       6.351287      10.127636       7.181851       4.022948       1.000000     541.499386       0.000000            0
       299       149.5000       1       1       3.456625       6.677229      10.133854       7.181851       4.321620       1.000000     541.499386       0.000000            1
       300       150.0000       1       1       3.143245       6.996735      10.139980       7.181851       4.575438       1.000000     541.499386       0.000000            0
# Jump frustrated.
       301       150.5000       1       1       2.933485       7.211192      10.144678       7.181850       4.835560       1.000000     541.499386       0.000000            0
# Jump frustrated.
       302       151.0000       1       1       2.910836       7.238389      10.149225       7.181850       5.096615       1.000000     541.499386       0.000000            0
# Jump frustrated.
       303       151.5000       1       1       3.140754       7.009399      10.150153       7.181850       5.194265       1.000000     541.499386       0.000000            0
# Jump frustrated.
       304       152.0000       1       1       3.628493       6.514673      10.143166       7.181850       4.944278       1.000000     541.499386       0.000000            0
# Jump frustrated.
       305       152.5000       1       1       4.276405       5.855730      10.132136       7.181850       4.326891       1.000000     541.499386       0.000000            1
# Jump frustrated.
       306       153.0000       1       1       4.931721       5.194919      10.126640       7.181850       3.639469       1.000000     541.499386       0.000000            0
       307       153.5000       1       1       5.484317       4.639987      10.124304       7.181850       3.072717       1.000000     541.499386       0.000000            0
# Jump frustrated.
       308       154.0000       1       1       5.900155       4.226435      10.126590       7.181849       2.657745       1.000000     541.499386       0.000000            0
# Jump frustrated.
       309       154.5000       1       1       6.198513       3.930804      10.129317       7.181849       2.402157       1.000000     541.499386       0.000000            0
# Jump frustrated.
       310       155.0000       1       1       6.411402       3.718630      10.130032       7.181849       2.252721       1.000000     541.499386       0.000000            0
       311       155.5000       1       1       6.555085       3.574551      10.129636       7.181850       2.204342       1.000000     541.499386       0.000000            1
       312       156.0000       1       1       6.633781       3.495661      10.129442       7.181850       2.305604       1.000000     541.499386       0.000000            0
# Jump frustrated.
       313       156.5000       1       1       6.653829       3.475730      10.129560       7.181850       2.608266       1.000000     541.499386       0.000000            0
# Jump frustrated.
       314       157.0000       1       1       6.634068       3.498360      10.132428       7.181850       3.113777       1.000000     541.499386       0.000000            0
# Jump frustrated.
       315       157.5000       1       1       6.609423       3.522857      10.132280       7.181850       3.733594       1.000000     541.499386       0.000000            0
# Jump frustrated.
       316       158.0000       1       1       6.587352       3.541126      10.128479       7.181850       4.537298       1.000000     541.499386       0.000000            0
# Jump frustrated.
       317       158.5000       1       1       6.527148       3.595727      10.122875       7.181851       5.549215       1.000000     541.499386       0.000000            0
# Jump frustrated.
       318       159.0000       1       1       6.367293       3.749979      10.117271       7.181853       6.743182       1.000000     541.499386       0.000000            0
       319       159.5000       1       1       6.057766       4.062426      10.120192       7.181852       8.049945       1.000000     541.499386       0.000000            0
# Jump frustrated.
       320       160.0000       1       1       5.694752       4.434249      10.129001       7.181853       8.628324       1.000000     541.499386       0.000000            1
# Jump frustrated.
       321       160.5000       1       1       5.398001       4.731126      10.129128       7.181855       8.734210       1.000000     541.499386       0.000000            0
       322       161.0000       1       1       5.185166       4.942054      10.127221       7.181853       8.248226       1.000000     541.499386       0.000000            0
# Jump frustrated.
       323       161.5000       1       1       5.064608       5.067449      10.132057       7.181852       7.208153       1.000000     541.499386       0.000000            0
# Jump frustrated.
       324       162.0000       1       1       5.119404       5.026343      10.145747       7.181853       6.179573       1.000000     541.499386       0.000000            0
       325       162.5000       1       1       5.480193       4.664070      10.144262       7.181855       5.299071       1.000000     541.499386       0.000000            0
       326       163.0000       1       1       6.107847       4.018206      10.126053       7.181856       4.330102       1.000000     541.499386       0.000000            1
# Jump frustrated.
       327       163.5000       1       1       6.757712       3.349506      10.107218       7.181855       3.343185       1.000000     541.499386       0.000000            0
# Jump frustrated.
       328       164.0000       1       1       7.188682       2.913325      10.102006       7.181855       2.550408       1.000000     541.499386       0.000000            0
# Jump frustrated.
       329       164.5000       1       1       7.310651       2.796235      10.106886       7.181855       2.074455       1.000000     541.499386       0.000000            0
       330       165.0000       1       1       7.162164       2.950279      10.112443       7.181855       1.871146       1.000000     541.499386       0.000000            0
# Jump frustrated.
       331       165.5000       1       1       6.813843       3.303210      10.117052       7.181856       1.910116       1.000000     541.499386       0.000000            0
       332       166.0000       1       1       6.336809       3.785479      10.122288       7.181857       2.171186       1.000000     541.499386       0.000000            1
       333       166.5000       1       1       5.804022       4.323595      10.127617       7.181856       2.603879       1.000000     541.499386       0.000000            0
       334       167.0000       1       1       5.297346       4.837006      10.134351       7.181856       3.056492       1.000000     541.499386       0.000000            0
       335       167.5000       1       1       4.905246       5.232288      10.137534       7.181855       3.350140       1.000000     541.499386       0.000000            0
# Jump frustrated.
       336       168.0000       1       1       4.677989       5.458994      10.136983       7.181855       3.480832       1.000000     541.499386       0.000000            0
       337       168.5000       1       1       4.607948       5.525428      10.133376       7.181855       3.442977       1.000000     541.499386       0.000000            1
       338       169.0000       1       1       4.644022       5.485153      10.129175       7.181855       3.327055       1.000000     541.499386       0.000000            0
# Jump frustrated.
       339       169.5000       1       1       4.720050       5.404809      10.124859       7.181854       3.216914       1.000000     541.499386       0.000000            0
# Jump frustrated.
       340       170.0000       1       1       4.768987       5.350831      10.119818       7.181854       3.162163       1.000000     541.499386       0.000000            0
       341       170.5000       1       1       4.715965       5.397958      10.113923       7.181854       3.168614       1.000000     541.499386       0.000000            0
       342       171.0000       1       1       4.477511       5.630270      10.107781       7.181854       3.254968       1.000000     541.499386       0.000000            0
       343       171.5000       1       1       3.980037       6.125411      10.105448       7.181854       3.551560       1.000000     541.499386       0.000000            0
       344       172.0000       1       1       3.232051       6.884005      10.116056       7.181855       4.180399       1.000000     541.499386       0.000000            0
# Jump frustrated.
       345       172.5000       1       1       2.431065       7.709863      10.140928       7.181855       5.047203       1.000000     541.499386       0.000000            1
       346       173.0000       1       1       1.947774       8.213724      10.161498       7.181856       5.621930       1.000000     541.499386       0.000000            0
# Jump frustrated.
       347       173.5000       1       1       2.064458       8.090406      10.154864       7.181857       5.407658       1.000000     541.499386       0.000000            0
# Jump frustrated.
       348       174.0000       1       1       2.685523       7.440598      10.126121       7.181857       4.453820       1.000000     541.499386       0.000000            0
       349       174.5000       1       1       3.410114       6.693630      10.103743       7.181858       3.324489       1.000000     541.499386       0.000000            0
# Jump frustrated.
       350       175.0000       1       1       3.885029       6.216135      10.101164       7.181859       2.626783       1.000000     541.499386       0.000000            0
# Jump frustrated.
       351       175.5000       1       1       4.014244       6.096761      10.111005       7.181859       2.552795       1.000000     541.499386       0.000000            0
       352       176.0000       1       1       3.887472       6.232328      10.119800       7.181860       2.758902       1.000000     541.499386       0.000000            1
# Jump frustrated.
       353       176.5000       1       1       3.621798       6.503047      10.124845       7.181861       3.054599       1.000000     541.499386       0.000000            0
# Jump frustrated.
       354       177.0000       1       1       3.300140       6.828159      10.128299       7.181861       3.416665       1.000000     541.499386       0.000000            0
# Jump frustrated.
       355       177.5000       1       1       2.987480       7.145589      10.133068       7.181861       3.872036       1.000000     541.499386       0.000000            0
# Jump frustrated.
       356       178.0000       1       1       2.765478       7.374579      10.140057       7.181862       4.342648       1.000000     541.499386       0.000000            0
# Jump frustrated.
       357       178.5000       1       1       2.739224       7.406758      10.145982       7.181863       4.668657       1.000000     541.499386       0.000000            0
       358       179.0000       1       1       2.991512       7.154308      10.145820       7.181863       4.650673       1.000000     541.499386       0.000000            0
# Jump frustrated.
       359       179.5000       1       1       3.518355       6.620967      10.139323       7.181863       4.262921       1.000000     541.499386       0.000000            1
       360       180.0000       1       1       4.225295       5.906594      10.131889       7.181863       3.652091       1.000000     541.499386       0.000000            0
# Jump frustrated.
       361       180.5000       1       1       4.996306       5.130353      10.126659       7.181863       3.089663       1.000000     541.499386       0.000000            0
# Jump frustrated.
       362       181.0000       1       1       5.745053       4.377780      10.122833       7.181863       2.666933       1.000000     541.499386       0.000000            0
# Jump frustrated.
       363       181.5000       1       1       6.406990       3.714685      10.121676       7.181862       2.370225       1.000000     541.499386       0.000000            0
# Jump frustrated.
       364       182.0000       1       1       6.935812       3.181967      10.117779       7.181861       2.275918       1.000000     541.499386       0.000000            0
# Jump frustrated.
       365       182.5000       1       1       7.297957       2.818656      10.116613       7.181862       2.414825       1.000000     541.499386       0.000000            1
# Jump frustrated.
       366       183.0000       1       1       7.492322       2.628074      10.120396       7.181862       2.784563       1.000000     541.499386       0.000000            0
# Jump frustrated.
       367       183.5000       1       1       7.581731       2.542955      10.124686       7.181862       3.143286       1.000000     541.499386       0.000000            0
# Jump frustrated.
       368       184.0000       1       1       7.642302       2.483372      10.125674       7.181863       3.328754       1.000000     541.499386       0.000000            0
# Jump frustrated.
       369       184.5000       1       1       7.703758       2.419014      10.122772       7.181864       3.487184       1.000000     541.499386       0.000000            0
# Jump frustrated.
       370       185.0000       1       1       7.726224       2.382060      10.108283       7.181865       3.856872       1.000000     541.499386       0.000000            0
# Jump frustrated.
       371       185.5000       1       1       7.653642       2.468424      10.122066       7.181865       4.347176       1.000000     541.499386       0.000000            0
       372       186.0000       1       1       7.500247       2.615410      10.115657       7.181864       4.574433       1.000000     541.499386       0.000000            1
# Jump frustrated.
       373       186.5000       1       1       7.211834       2.895886      10.107719       7.181863       5.181178       1.000000     541.499386       0.000000            0
       374       187.0000       1       1       6.691721       3.417808      10.109529       7.181864       6.256202       1.000000     541.499386       0.000000            0
       375       187.5000       1       1       5.968780       4.149206      10.117985       7.181864       7.392315       1.000000     541.499386       0.000000            0
       376       188.0000       1       1       5.172114       4.957002      10.129116       7.181863       8.112862       1.000000     541.499386       0.000000            0
# Jump frustrated.
       377       188.5000       1       1       4.451442       5.686116      10.137557       7.181865       8.338309       1.000000     541.499386       0.000000            0
# Jump frustrated.
       378       189.0000       1       1       3.926839       6.214682      10.141520       7.181866       7.997514       1.000000     541.499386       0.000000            1
# Jump frustrated.
       379       189.5000       1       1       3.660465       6.481456      10.141921       7.181868       7.260559       1.000000     541.499386       0.000000            0
       380       190.0000       1       1       3.650603       6.488099      10.138703       7.181867       6.296715       1.000000     541.499386       0.000000            0
       381       190.5000       1       1       3.844765       6.289212      10.133977       7.181865       5.230496       1.000000     541.499386       0.000000            0
       382       191.0000       1       1       4.166930       5.963478      10.130408       7.181864       4.177246       1.000000     541.499386       0.000000            0
# Jump frustrated.
       383       191.5000       1       1       4.549409       5.577745      10.127154       7.181866       3.304866       1.000000     541.499386       0.000000            0
       384       192.0000       1       1       4.933259       5.190352      10.123611       7.181866       2.680532       1.000000     541.499386       0.000000            0
       385       192.5000       1       1       5.256022       4.863164      10.119186       7.181865       2.437326       1.000000     541.499386       0.000000            1
# Jump frustrated.
       386       193.0000       1       1       5.461072       4.655765      10.116837       7.181865       2.652490       1.000000     541.499386       0.000000            0
       387       193.5000       1       1       5.520726       4.597013      10.117739       7.181865       3.234966       1.000000     541.499386       0.000000            0
       388       194.0000       1       1       5.468206       4.657011      10.125217       7.181865       3.963470       1.000000     541.499386       0.000000            0
       389       194.5000       1       1       5.415453       4.719500      10.134954       7.181865       4.601728       1.000000     541.499386       0.000000            0
# Jump frustrated.
       390       195.0000       1       1       5.506903       4.634174      10.141078       7.181865       4.885817       1.000000     541.499386       0.000000            0
       391       195.5000       1       1       5.811123       4.325463      10.136587       7.181865       4.710475       1.000000     541.499386       0.000000            1
# Jump frustrated.
       392       196.0000       1       1       6.250179       3.873297      10.123476       7.181865       4.176768       1.000000     541.499386       0.000000            0
# Jump frustrated.
       393       196.5000       1       1       6.642841       3.469502      10.112343       7.181865       3.585195       1.000000     541.499386       0.000000            0
# Jump frustrated.
       394       197.0000       1       1       6.842751       3.269785      10.112536       7.181865       3.133680       1.000000     541.499386       0.000000            0
# Jump frustrated.
       395       197.5000       1       1       6.813519       3.301341      10.114860       7.181865       2.918923       1.000000     541.499386       0.000000            0
       396       198.0000       1       1       6.577929       3.539050      10.116979       7.181865       2.925343       1.000000     541.499386       0.000000            0
# Jump frustrated.
       397       198.5000       1       1       6.173447       3.947827      10.121275       7.181865       3.040311       1.000000     541.499386       0.000000            0
# Jump frustrated.
       398       199.0000       1       1       5.664259       4.463729      10.127989       7.181865       3.163513       1.000000     541.499386       0.000000            1
# Jump frustrated.
       399       199.5000       1       1       5.137410       4.995617      10.133027       7.181864       3.207765       1.000000     541.499386       0.000000            0
# Jump frustrated.
       400       200.0000       1       1       4.662832       5.473527      10.136359       7.181864       3.229896       1.000000     541.499386       0.000000            0
