#===============================================================================================================================================================================
#     Step |         Time |         State |                                     Energy |      Angular |     Gradient |      Density |           Expectation Value |    Runtime |
#          |              |  diag |   MCH |          kin |          pot |          tot |     Momentum |          RMS |        Total |           DM |            S |            |
#          |         [fs] |       |       |         [eV] |         [eV] |         [eV] |       [hbar] |     [eV/Ang] |              |      [Debye] |              |      [sec] |
#===============================================================================================================================================================================
         0         0.0000       2       2       0.050109      10.372623      10.422731       0.000227       3.337706       1.000000     541.499386       0.000000            4
# Jump frustrated.
         1         0.5000       2       2       0.109065      10.313040      10.422105       0.000227       3.237935       1.000000     541.499386       0.000000            2
         2         1.0000       2       2       0.236957      10.183078      10.420035       0.000227       3.002856       1.000000     541.499386       0.000000            1
# Surface Hop/Pointer State Switch: new state=      1 old state=      2 randnum=  0.712799855 gap= -9.895767 eV
         3         1.5000       1       1      10.301715       0.118320      10.420035       5.697357       0.958450       1.000000     541.499386       0.000000            0
# Jump frustrated.
         4         2.0000       1       1      10.188063       0.235617      10.423681       5.697357       1.378852       1.000000     541.499386       0.000000            0
# Jump frustrated.
         5         2.5000       1       1       9.370970       1.076631      10.447601       5.697357       3.326557       1.000000     541.499386       0.000000            0
         6         3.0000       1       1       8.212261       2.274312      10.486573       5.697357       5.101739       1.000000     541.499386       0.000000            0
# Jump frustrated.
         7         3.5000       1       1       7.256538       3.251723      10.508261       5.697358       5.809038       1.000000     541.499386       0.000000            0
# Jump frustrated.
         8         4.0000       1       1       6.774851       3.711987      10.486838       5.697358       5.068867       1.000000     541.499386       0.000000            1
# Jump frustrated.
         9         4.5000       1       1       6.519390       3.947827      10.467217       5.697359       3.869711       1.000000     541.499386       0.000000            0
# Jump frustrated.
        10         5.0000       1       1       6.177077       4.291624      10.468700       5.697359       3.205526       1.000000     541.499386       0.000000            0
# Jump frustrated.
        11         5.5000       1       1       5.697104       4.781160      10.478264       5.697359       3.136177       1.000000     541.499386       0.000000            0
# Jump frustrated.
        12         6.0000       1       1       5.170729       5.314916      10.485645       5.697359       3.320681       1.000000     541.499386       0.000000            0
# Jump frustrated.
        13         6.5000       1       1       4.698984       5.790542      10.489526       5.697359       3.474339       1.000000     541.499386       0.000000            1
# Jump frustrated.
        14         7.0000       1       1       4.364028       6.131432      10.495460       5.697359       3.480313       1.000000     541.499386       0.000000            0
# Jump frustrated.
        15         7.5000       1       1       4.215708       6.278832      10.494540       5.697359       3.343941       1.000000     541.499386       0.000000            0
        16         8.0000       1       1       4.231664       6.256203      10.487867       5.697359       3.142756       1.000000     541.499386       0.000000            0
# Jump frustrated.
        17         8.5000       1       1       4.328782       6.154268      10.483050       5.697359       3.002591       1.000000     541.499386       0.000000            0
# Jump frustrated.
        18         9.0000       1       1       4.441140       6.040915      10.482055       5.697359       3.027776       1.000000     541.499386       0.000000            0
# Jump frustrated.
        19         9.5000       1       1       4.546547       5.932960      10.479506       5.697359       3.212614       1.000000     541.499386       0.000000            0
        20        10.0000       1       1       4.627179       5.848256      10.475436       5.697359       3.564806       1.000000     541.499386       0.000000            1
# Jump frustrated.
        21        10.5000       1       1       4.689506       5.792203      10.481709       5.697360       4.200927       1.000000     541.499386       0.000000            0
# Jump frustrated.
        22        11.0000       1       1       4.864572       5.633799      10.498371       5.697360       4.965518       1.000000     541.499386       0.000000            0
# Jump frustrated.
        23        11.5000       1       1       5.398969       5.108970      10.507939       5.697360       5.291471       1.000000     541.499386       0.000000            0
        24        12.0000       1       1       6.382639       4.097512      10.480151       5.697360       4.631082       1.000000     541.499386       0.000000            0
        25        12.5000       1       1       7.467869       2.977060      10.444929       5.697360       3.163226       1.000000     541.499386       0.000000            0
# Jump frustrated.
        26        13.0000       1       1       8.145269       2.288429      10.433698       5.697359       2.036397       1.000000     541.499386       0.000000            0
# Jump frustrated.
        27        13.5000       1       1       8.183537       2.252306      10.435842       5.697359       2.115708       1.000000     541.499386       0.000000            1
        28        14.0000       1       1       7.638089       2.815335      10.453424       5.697359       3.391101       1.000000     541.499386       0.000000            0
# Jump frustrated.
        29        14.5000       1       1       6.839828       3.652819      10.492647       5.697360       4.931334       1.000000     541.499386       0.000000            0
# Jump frustrated.
        30        15.0000       1       1       6.345726       4.167890      10.513616       5.697360       5.385434       1.000000     541.499386       0.000000            0
# Jump frustrated.
        31        15.5000       1       1       6.411230       4.076751      10.487981       5.697360       4.599445       1.000000     541.499386       0.000000            0
# Jump frustrated.
        32        16.0000       1       1       6.722651       3.737937      10.460588       5.697359       3.460050       1.000000     541.499386       0.000000            0
# Jump frustrated.
        33        16.5000       1       1       6.889928       3.572683      10.462611       5.697360       3.286377       1.000000     541.499386       0.000000            0
# Jump frustrated.
        34        17.0000       1       1       6.842198       3.629774      10.471972       5.697360       3.746226       1.000000     541.499386       0.000000            1
# Jump frustrated.
        35        17.5000       1       1       6.678022       3.802503      10.480525       5.697360       4.265502       1.000000     541.499386       0.000000            0
# Jump frustrated.
        36        18.0000       1       1       6.512915       3.973986      10.486901       5.697360       4.622169       1.000000     541.499386       0.000000            0
# Jump frustrated.
        37        18.5000       1       1       6.423985       4.064295      10.488280       5.697360       4.793627       1.000000     541.499386       0.000000            0
# Jump frustrated.
        38        19.0000       1       1       6.436758       4.053291      10.490050       5.697360       4.829811       1.000000     541.499386       0.000000            0
# Jump frustrated.
        39        19.5000       1       1       6.542179       3.942014      10.484193       5.697360       4.618700       1.000000     541.499386       0.000000            0
# Jump frustrated.
        40        20.0000       1       1       6.687833       3.792123      10.479956       5.697360       4.266811       1.000000     541.499386       0.000000            0
        41        20.5000       1       1       6.793148       3.676486      10.469634       5.697360       3.739324       1.000000     541.499386       0.000000            0
        42        21.0000       1       1       6.734339       3.729010      10.463349       5.697360       3.217495       1.000000     541.499386       0.000000            1
        43        21.5000       1       1       6.435318       4.036475      10.471794       5.697360       3.490422       1.000000     541.499386       0.000000            0
# Jump frustrated.
        44        22.0000       1       1       6.043466       4.452934      10.496400       5.697359       4.439713       1.000000     541.499386       0.000000            0
        45        22.5000       1       1       5.891966       4.620265      10.512230       5.697359       5.027683       1.000000     541.499386       0.000000            0
        46        23.0000       1       1       6.183095       4.315083      10.498178       5.697359       4.676058       1.000000     541.499386       0.000000            0
        47        23.5000       1       1       6.741256       3.733370      10.474626       5.697359       3.687445       1.000000     541.499386       0.000000            0
# Jump frustrated.
        48        24.0000       1       1       7.227947       3.234492      10.462438       5.697360       2.841447       1.000000     541.499386       0.000000            0
        49        24.5000       1       1       7.445057       3.018789      10.463846       5.697360       2.427552       1.000000     541.499386       0.000000            0
        50        25.0000       1       1       7.355366       3.110758      10.466125       5.697359       2.361520       1.000000     541.499386       0.000000            1
# Jump frustrated.
        51        25.5000       1       1       6.984585       3.485696      10.470281       5.697359       2.598304       1.000000     541.499386       0.000000            0
        52        26.0000       1       1       6.404546       4.076751      10.481297       5.697359       3.156795       1.000000     541.499386       0.000000            0
# Jump frustrated.
        53        26.5000       1       1       5.774188       4.720954      10.495142       5.697359       3.761113       1.000000     541.499386       0.000000            0
        54        27.0000       1       1       5.296782       5.205299      10.502081       5.697359       3.896527       1.000000     541.499386       0.000000            0
# Jump frustrated.
        55        27.5000       1       1       5.048897       5.443216      10.492113       5.697358       3.571227       1.000000     541.499386       0.000000            0
# Jump frustrated.
        56        28.0000       1       1       4.934288       5.550756      10.485044       5.697358       3.265970       1.000000     541.499386       0.000000            1
# Jump frustrated.
        57        28.5000       1       1       4.856580       5.629439      10.486019       5.697358       3.262628       1.000000     541.499386       0.000000            0
        58        29.0000       1       1       4.810319       5.679680      10.489999       5.697358       3.420184       1.000000     541.499386       0.000000            0
        59        29.5000       1       1       4.834316       5.658297      10.492612       5.697358       3.584269       1.000000     541.499386       0.000000            0
        60        30.0000       1       1       4.961420       5.532279      10.493700       5.697358       3.702744       1.000000     541.499386       0.000000            0
        61        30.5000       1       1       5.203924       5.288965      10.492888       5.697359       3.745034       1.000000     541.499386       0.000000            0
        62        31.0000       1       1       5.539945       4.947245      10.487190       5.697359       3.714457       1.000000     541.499386       0.000000            0
# Jump frustrated.
        63        31.5000       1       1       5.896619       4.583518      10.480137       5.697359       3.673411       1.000000     541.499386       0.000000            1
# Jump frustrated.
        64        32.0000       1       1       6.190481       4.287264      10.477745       5.697359       3.793328       1.000000     541.499386       0.000000            0
# Jump frustrated.
        65        32.5000       1       1       6.383680       4.093360      10.477039       5.697358       4.106758       1.000000     541.499386       0.000000            0
        66        33.0000       1       1       6.511213       3.975231      10.486445       5.697358       4.608233       1.000000     541.499386       0.000000            0
# Jump frustrated.
        67        33.5000       1       1       6.732468       3.768871      10.501339       5.697358       4.987636       1.000000     541.499386       0.000000            0
# Jump frustrated.
        68        34.0000       1       1       7.230138       3.267086      10.497225       5.697358       4.712448       1.000000     541.499386       0.000000            0
# Jump frustrated.
        69        34.5000       1       1       7.956202       2.520533      10.476736       5.697358       3.720420       1.000000     541.499386       0.000000            1
# Jump frustrated.
        70        35.0000       1       1       8.628959       1.834394      10.463353       5.697358       2.496789       1.000000     541.499386       0.000000            0
# Jump frustrated.
        71        35.5000       1       1       9.005965       1.455928      10.461893       5.697358       1.878292       1.000000     541.499386       0.000000            0
# Jump frustrated.
        72        36.0000       1       1       9.028269       1.438489      10.466758       5.697358       2.161682       1.000000     541.499386       0.000000            0
# Jump frustrated.
        73        36.5000       1       1       8.747029       1.725401      10.472429       5.697359       2.811394       1.000000     541.499386       0.000000            0
# Jump frustrated.
        74        37.0000       1       1       8.247003       2.231130      10.478133       5.697360       3.465985       1.000000     541.499386       0.000000            0
# Jump frustrated.
        75        37.5000       1       1       7.613302       2.873049      10.486351       5.697360       4.037203       1.000000     541.499386       0.000000            0
# Jump frustrated.
        76        38.0000       1       1       6.938950       3.555244      10.494194       5.697361       4.264831       1.000000     541.499386       0.000000            0
# Jump frustrated.
        77        38.5000       1       1       6.308043       4.188028      10.496071       5.697361       4.292163       1.000000     541.499386       0.000000            1
# Jump frustrated.
        78        39.0000       1       1       5.762572       4.734033      10.496605       5.697361       4.333817       1.000000     541.499386       0.000000            0
# Jump frustrated.
        79        39.5000       1       1       5.320403       5.178518      10.498921       5.697360       4.346988       1.000000     541.499386       0.000000            0
# Jump frustrated.
        80        40.0000       1       1       5.004725       5.494495      10.499220       5.697360       4.289862       1.000000     541.499386       0.000000            0
        81        40.5000       1       1       4.832580       5.667016      10.499596       5.697360       4.189056       1.000000     541.499386       0.000000            0
# Jump frustrated.
        82        41.0000       1       1       4.813693       5.686531      10.500224       5.697360       4.011437       1.000000     541.499386       0.000000            0
# Jump frustrated.
        83        41.5000       1       1       4.953069       5.546397      10.499466       5.697360       3.769958       1.000000     541.499386       0.000000            1
# Jump frustrated.
        84        42.0000       1       1       5.233369       5.263014      10.496383       5.697360       3.461964       1.000000     541.499386       0.000000            0
# Jump frustrated.
        85        42.5000       1       1       5.607240       4.884340      10.491579       5.697360       3.070214       1.000000     541.499386       0.000000            0
# Jump frustrated.
        86        43.0000       1       1       6.001034       4.483244      10.484279       5.697360       2.605581       1.000000     541.499386       0.000000            0
        87        43.5000       1       1       6.308715       4.165191      10.473907       5.697360       2.159355       1.000000     541.499386       0.000000            0
        88        44.0000       1       1       6.403934       4.064710      10.468643       5.697360       2.115212       1.000000     541.499386       0.000000            0
# Jump frustrated.
        89        44.5000       1       1       6.221743       4.249480      10.471223       5.697360       2.840333       1.000000     541.499386       0.000000            1
# Jump frustrated.
        90        45.0000       1       1       5.820926       4.662616      10.483542       5.697360       4.151692       1.000000     541.499386       0.000000            0
# Jump frustrated.
        91        45.5000       1       1       5.426824       5.080320      10.507145       5.697360       5.388256       1.000000     541.499386       0.000000            0
# Jump frustrated.
        92        46.0000       1       1       5.351828       5.163155      10.514983       5.697360       5.879368       1.000000     541.499386       0.000000            0
# Jump frustrated.
        93        46.5000       1       1       5.699076       4.797976      10.497052       5.697360       5.390914       1.000000     541.499386       0.000000            0
# Jump frustrated.
        94        47.0000       1       1       6.233895       4.240760      10.474655       5.697361       4.243114       1.000000     541.499386       0.000000            0
        95        47.5000       1       1       6.634372       3.833021      10.467393       5.697361       3.154138       1.000000     541.499386       0.000000            0
# Jump frustrated.
        96        48.0000       1       1       6.761997       3.711987      10.473983       5.697361       2.502483       1.000000     541.499386       0.000000            1
        97        48.5000       1       1       6.669310       3.814337      10.483647       5.697361       2.275616       1.000000     541.499386       0.000000            0
# Jump frustrated.
        98        49.0000       1       1       6.472987       4.016960      10.489948       5.697361       2.265958       1.000000     541.499386       0.000000            0
        99        49.5000       1       1       6.265845       4.227681      10.493526       5.697361       2.342976       1.000000     541.499386       0.000000            0
       100        50.0000       1       1       6.101657       4.393143      10.494800       5.697362       2.454080       1.000000     541.499386       0.000000            0
# Jump frustrated.
       101        50.5000       1       1       6.002372       4.492171      10.494543       5.697363       2.593568       1.000000     541.499386       0.000000            0
# Jump frustrated.
       102        51.0000       1       1       5.970845       4.524558      10.495403       5.697363       2.781057       1.000000     541.499386       0.000000            0
# Jump frustrated.
       103        51.5000       1       1       6.016305       4.481583      10.497889       5.697363       3.015367       1.000000     541.499386       0.000000            0
# Jump frustrated.
       104        52.0000       1       1       6.158385       4.339373      10.497758       5.697363       3.220034       1.000000     541.499386       0.000000            0
       105        52.5000       1       1       6.402312       4.094605      10.496917       5.697363       3.312925       1.000000     541.499386       0.000000            1
       106        53.0000       1       1       6.733519       3.760982      10.494501       5.697363       3.275307       1.000000     541.499386       0.000000            0
       107        53.5000       1       1       7.112257       3.376495      10.488751       5.697363       3.105327       1.000000     541.499386       0.000000            0
       108        54.0000       1       1       7.462404       3.019619      10.482024       5.697363       2.867161       1.000000     541.499386       0.000000            0
# Jump frustrated.
       109        54.5000       1       1       7.692299       2.783778      10.476077       5.697364       2.602818       1.000000     541.499386       0.000000            0
# Jump frustrated.
       110        55.0000       1       1       7.717669       2.752222      10.469891       5.697363       2.396794       1.000000     541.499386       0.000000            0
       111        55.5000       1       1       7.464802       3.000104      10.464906       5.697363       2.568082       1.000000     541.499386       0.000000            1
# Jump frustrated.
       112        56.0000       1       1       6.880829       3.582648      10.463477       5.697363       3.567931       1.000000     541.499386       0.000000            0
# Jump frustrated.
       113        56.5000       1       1       6.189806       4.324218      10.514024       5.697364       4.888214       1.000000     541.499386       0.000000            0
# Jump frustrated.
       114        57.0000       1       1       5.941172       4.592653      10.533824       5.697364       5.277078       1.000000     541.499386       0.000000            0
# Jump frustrated.
       115        57.5000       1       1       6.390927       4.113082      10.504009       5.697364       4.437928       1.000000     541.499386       0.000000            0
       116        58.0000       1       1       7.178765       3.289300      10.468065       5.697364       2.897893       1.000000     541.499386       0.000000            0
# Jump frustrated.
       117        58.5000       1       1       7.780944       2.677484      10.458428       5.697364       2.006213       1.000000     541.499386       0.000000            1
# Jump frustrated.
       118        59.0000       1       1       7.988491       2.479012      10.467504       5.697364       2.124110       1.000000     541.499386       0.000000            0
# Jump frustrated.
       119        59.5000       1       1       7.857575       2.620392      10.477967       5.697364       2.459240       1.000000     541.499386       0.000000            0
# Jump frustrated.
       120        60.0000       1       1       7.509416       2.974361      10.483777       5.697363       2.675118       1.000000     541.499386       0.000000            0
# Jump frustrated.
       121        60.5000       1       1       7.026581       3.459537      10.486118       5.697363       2.736844       1.000000     541.499386       0.000000            0
       122        61.0000       1       1       6.451310       4.035645      10.486955       5.697363       2.714022       1.000000     541.499386       0.000000            0
# Jump frustrated.
       123        61.5000       1       1       5.805145       4.684000      10.489145       5.697363       2.799299       1.000000     541.499386       0.000000            1
       124        62.0000       1       1       5.127828       5.367648      10.495476       5.697362       3.082391       1.000000     541.499386       0.000000            0
# Jump frustrated.
       125        62.5000       1       1       4.509758       5.993996      10.503755       5.697361       3.487334       1.000000     541.499386       0.000000            0
# Jump frustrated.
       126        63.0000       1       1       4.082457       6.428724      10.511181       5.697361       3.742983       1.000000     541.499386       0.000000            0
# Jump frustrated.
       127        63.5000       1       1       3.950175       6.560554      10.510729       5.697360       3.642072       1.000000     541.499386       0.000000            0
# Jump frustrated.
       128        64.0000       1       1       4.108849       6.395092      10.503941       5.697360       3.263481       1.000000     541.499386       0.000000            1
       129        64.5000       1       1       4.460973       6.036140      10.497113       5.697359       2.899625       1.000000     541.499386       0.000000            0
# Jump frustrated.
       130        65.0000       1       1       4.899315       5.593731      10.493046       5.697359       2.772531       1.000000     541.499386       0.000000            0
# Jump frustrated.
       131        65.5000       1       1       5.347262       5.141979      10.489242       5.697358       2.857149       1.000000     541.499386       0.000000            0
       132        66.0000       1       1       5.744957       4.740053      10.485010       5.697359       3.019506       1.000000     541.499386       0.000000            0
       133        66.5000       1       1       6.034645       4.445668      10.480313       5.697359       3.179491       1.000000     541.499386       0.000000            0
# Jump frustrated.
       134        67.0000       1       1       6.166302       4.311761      10.478063       5.697358       3.448425       1.000000     541.499386       0.000000            1
       135        67.5000       1       1       6.142335       4.341034      10.483369       5.697357       3.888848       1.000000     541.499386       0.000000            0
# Jump frustrated.
       136        68.0000       1       1       6.061650       4.427813      10.489463       5.697356       4.276103       1.000000     541.499386       0.000000            0
# Jump frustrated.
       137        68.5000       1       1       6.032806       4.452934      10.485740       5.697356       4.395638       1.000000     541.499386       0.000000            0
       138        69.0000       1       1       6.069230       4.413489      10.482719       5.697356       4.528191       1.000000     541.499386       0.000000            0
       139        69.5000       1       1       6.209790       4.287679      10.497469       5.697356       4.958669       1.000000     541.499386       0.000000            0
       140        70.0000       1       1       6.590503       3.903192      10.493695       5.697356       5.002815       1.000000     541.499386       0.000000            1
# Jump frustrated.
       141        70.5000       1       1       7.182091       3.293867      10.475959       5.697356       4.483938       1.000000     541.499386       0.000000            0
# Jump frustrated.
       142        71.0000       1       1       7.720208       2.740804      10.461012       5.697356       3.831353       1.000000     541.499386       0.000000            0
       143        71.5000       1       1       7.960890       2.501226      10.462116       5.697357       3.554768       1.000000     541.499386       0.000000            0
# Jump frustrated.
       144        72.0000       1       1       7.871152       2.602330      10.473482       5.697357       3.384484       1.000000     541.499386       0.000000            0
       145        72.5000       1       1       7.555754       2.926612      10.482365       5.697357       3.304243       1.000000     541.499386       0.000000            0
       146        73.0000       1       1       7.138678       3.352412      10.491090       5.697357       3.297237       1.000000     541.499386       0.000000            1
# Jump frustrated.
       147        73.5000       1       1       6.724666       3.771154      10.495821       5.697356       3.277337       1.000000     541.499386       0.000000            0
       148        74.0000       1       1       6.384269       4.113913      10.498182       5.697356       3.228563       1.000000     541.499386       0.000000            0
       149        74.5000       1       1       6.156634       4.342902      10.499537       5.697356       3.156942       1.000000     541.499386       0.000000            0
       150        75.0000       1       1       6.062995       4.436533      10.499528       5.697356       3.073286       1.000000     541.499386       0.000000            0
# Jump frustrated.
       151        75.5000       1       1       6.106089       4.392313      10.498402       5.697356       2.996059       1.000000     541.499386       0.000000            0
# Jump frustrated.
       152        76.0000       1       1       6.272562       4.224359      10.496921       5.697356       2.948594       1.000000     541.499386       0.000000            1
# Jump frustrated.
       153        76.5000       1       1       6.538609       3.955094      10.493702       5.697356       2.906802       1.000000     541.499386       0.000000            0
       154        77.0000       1       1       6.866660       3.624999      10.491659       5.697356       2.902055       1.000000     541.499386       0.000000            0
       155        77.5000       1       1       7.214858       3.274560      10.489418       5.697356       2.990939       1.000000     541.499386       0.000000            0
       156        78.0000       1       1       7.537489       2.946334      10.483823       5.697356       3.143514       1.000000     541.499386       0.000000            0
       157        78.5000       1       1       7.754372       2.719836      10.474208       5.697356       3.359234       1.000000     541.499386       0.000000            0
# Jump frustrated.
       158        79.0000       1       1       7.751809       2.714438      10.466247       5.697356       3.750936       1.000000     541.499386       0.000000            0
       159        79.5000       1       1       7.463610       3.008824      10.472434       5.697355       4.584006       1.000000     541.499386       0.000000            1
# Jump frustrated.
       160        80.0000       1       1       7.044859       3.456631      10.501489       5.697354       5.546095       1.000000     541.499386       0.000000            0
       161        80.5000       1       1       6.838167       3.669012      10.507179       5.697353       5.580073       1.000000     541.499386       0.000000            0
       162        81.0000       1       1       6.927507       3.556905      10.484412       5.697353       4.468780       1.000000     541.499386       0.000000            0
       163        81.5000       1       1       7.039123       3.432964      10.472087       5.697354       3.206628       1.000000     541.499386       0.000000            0
       164        82.0000       1       1       6.950238       3.525971      10.476210       5.697353       2.614496       1.000000     541.499386       0.000000            0
       165        82.5000       1       1       6.657757       3.825340      10.483097       5.697353       2.401813       1.000000     541.499386       0.000000            1
       166        83.0000       1       1       6.232515       4.254877      10.487393       5.697353       2.351408       1.000000     541.499386       0.000000            0
# Jump frustrated.
       167        83.5000       1       1       5.735787       4.756870      10.492657       5.697352       2.438347       1.000000     541.499386       0.000000            0
# Jump frustrated.
       168        84.0000       1       1       5.225659       5.270488      10.496147       5.697351       2.608914       1.000000     541.499386       0.000000            0
# Jump frustrated.
       169        84.5000       1       1       4.750646       5.747567      10.498213       5.697351       2.820968       1.000000     541.499386       0.000000            0
# Jump frustrated.
       170        85.0000       1       1       4.339002       6.160081      10.499083       5.697352       3.067107       1.000000     541.499386       0.000000            0
       171        85.5000       1       1       4.004895       6.494120      10.499015       5.697353       3.301001       1.000000     541.499386       0.000000            0
       172        86.0000       1       1       3.755947       6.743248      10.499195       5.697353       3.507777       1.000000     541.499386       0.000000            1
       173        86.5000       1       1       3.593555       6.905181      10.498736       5.697353       3.646820       1.000000     541.499386       0.000000            0
       174        87.0000       1       1       3.512049       6.985939      10.497989       5.697353       3.716552       1.000000     541.499386       0.000000            0
# Jump frustrated.
       175        87.5000       1       1       3.504530       6.993413      10.497944       5.697353       3.745668       1.000000     541.499386       0.000000            0
# Jump frustrated.
       176        88.0000       1       1       3.576110       6.923658      10.499767       5.697353       3.777078       1.000000     541.499386       0.000000            0
# Jump frustrated.
       177        88.5000       1       1       3.757306       6.745946      10.503253       5.697353       3.813316       1.000000     541.499386       0.000000            1
# Jump frustrated.
       178        89.0000       1       1       4.094602       6.410039      10.504641       5.697353       3.760306       1.000000     541.499386       0.000000            0
       179        89.5000       1       1       4.598738       5.899743      10.498481       5.697352       3.483906       1.000000     541.499386       0.000000            0
# Jump frustrated.
       180        90.0000       1       1       5.194838       5.293947      10.488785       5.697352       2.974052       1.000000     541.499386       0.000000            0
# Jump frustrated.
       181        90.5000       1       1       5.747945       4.731957      10.479902       5.697352       2.451336       1.000000     541.499386       0.000000            0
# Jump frustrated.
       182        91.0000       1       1       6.139383       4.336882      10.476265       5.697353       2.206088       1.000000     541.499386       0.000000            0
       183        91.5000       1       1       6.325164       4.153150      10.478315       5.697353       2.441607       1.000000     541.499386       0.000000            0
# Jump frustrated.
       184        92.0000       1       1       6.347738       4.136334      10.484072       5.697353       2.920666       1.000000     541.499386       0.000000            0
       185        92.5000       1       1       6.312627       4.180554      10.493181       5.697353       3.370790       1.000000     541.499386       0.000000            1
# Jump frustrated.
       186        93.0000       1       1       6.349262       4.147960      10.497222       5.697353       3.599266       1.000000     541.499386       0.000000            0
       187        93.5000       1       1       6.503024       3.985404      10.488428       5.697353       3.470086       1.000000     541.499386       0.000000            0
# Jump frustrated.
       188        94.0000       1       1       6.687768       3.794199      10.481966       5.697353       3.151064       1.000000     541.499386       0.000000            0
# Jump frustrated.
       189        94.5000       1       1       6.800592       3.681261      10.481853       5.697352       2.916522       1.000000     541.499386       0.000000            0
# Jump frustrated.
       190        95.0000       1       1       6.818412       3.668804      10.487217       5.697353       2.877091       1.000000     541.499386       0.000000            1
# Jump frustrated.
       191        95.5000       1       1       6.794392       3.697662      10.492053       5.697353       2.921677       1.000000     541.499386       0.000000            0
# Jump frustrated.
       192        96.0000       1       1       6.788909       3.704098      10.493006       5.697354       2.940514       1.000000     541.499386       0.000000            0
# Jump frustrated.
       193        96.5000       1       1       6.829300       3.663199      10.492499       5.697355       2.875039       1.000000     541.499386       0.000000            0
# Jump frustrated.
       194        97.0000       1       1       6.917523       3.574136      10.491659       5.697354       2.751449       1.000000     541.499386       0.000000            0
       195        97.5000       1       1       7.043365       3.446458      10.489823       5.697355       2.643805       1.000000     541.499386       0.000000            0
# Jump frustrated.
       196        98.0000       1       1       7.186481       3.300926      10.487407       5.697355       2.660651       1.000000     541.499386       0.000000            0
       197        98.5000       1       1       7.327464       3.159546      10.487010       5.697356       2.868566       1.000000     541.499386       0.000000            0
# Jump frustrated.
       198        99.0000       1       1       7.472936       3.016505      10.489441       5.697356       3.094733       1.000000     541.499386       0.000000            1
# Jump frustrated.
       199        99.5000       1       1       7.647494       2.841701      10.489195       5.697356       3.140527       1.000000     541.499386       0.000000            0
# Jump frustrated.
       200       100.0000       1       1       7.820742       2.656308      10.477050       5.697356       2.941922       1.000000     541.499386       0.000000            0
# Jump frustrated.
       201       100.5000       1       1       7.865926       2.602330      10.468257       5.697356       2.798467       1.000000     541.499386       0.000000            0
# Jump frustrated.
       202       101.0000       1       1       7.658690       2.806200      10.464890       5.697356       3.010211       1.000000     541.499386       0.000000            0
       203       101.5000       1       1       7.184547       3.290338      10.474885       5.697357       3.432710       1.000000     541.499386       0.000000            0
# Jump frustrated.
       204       102.0000       1       1       6.590317       3.905061      10.495377       5.697357       3.916970       1.000000     541.499386       0.000000            0
# Jump frustrated.
       205       102.5000       1       1       6.121788       4.383801      10.505589       5.697357       4.221993       1.000000     541.499386       0.000000            1
       206       103.0000       1       1       5.925846       4.575006      10.500853       5.697358       4.050233       1.000000     541.499386       0.000000            0
       207       103.5000       1       1       5.936226       4.551132      10.487357       5.697359       3.603538       1.000000     541.499386       0.000000            0
# Jump frustrated.
       208       104.0000       1       1       5.980418       4.500060      10.480478       5.697359       3.285571       1.000000     541.499386       0.000000            0
# Jump frustrated.
       209       104.5000       1       1       5.945948       4.534938      10.480886       5.697359       3.221799       1.000000     541.499386       0.000000            0
       210       105.0000       1       1       5.815842       4.666976      10.482818       5.697360       3.255589       1.000000     541.499386       0.000000            0
       211       105.5000       1       1       5.615018       4.870845      10.485863       5.697361       3.290532       1.000000     541.499386       0.000000            1
# Jump frustrated.
       212       106.0000       1       1       5.375697       5.111669      10.487366       5.697360       3.350761       1.000000     541.499386       0.000000            0
# Jump frustrated.
       213       106.5000       1       1       5.132663       5.358305      10.490968       5.697360       3.586768       1.000000     541.499386       0.000000            0
# Jump frustrated.
       214       107.0000       1       1       4.966021       5.535186      10.501207       5.697361       3.995964       1.000000     541.499386       0.000000            0
# Jump frustrated.
       215       107.5000       1       1       5.016820       5.490758      10.507578       5.697361       4.223576       1.000000     541.499386       0.000000            0
# Jump frustrated.
       216       108.0000       1       1       5.357793       5.141979      10.499772       5.697362       3.983763       1.000000     541.499386       0.000000            0
       217       108.5000       1       1       5.886327       4.598881      10.485208       5.697362       3.452603       1.000000     541.499386       0.000000            0
# Jump frustrated.
       218       109.0000       1       1       6.409245       4.065333      10.474578       5.697362       2.937644       1.000000     541.499386       0.000000            1
# Jump frustrated.
       219       109.5000       1       1       6.783263       3.691641      10.474904       5.697363       2.638761       1.000000     541.499386       0.000000            0
       220       110.0000       1       1       6.980513       3.498775      10.479288       5.697362       2.592011       1.000000     541.499386       0.000000            0
# Jump frustrated.
       221       110.5000       1       1       7.042776       3.438569      10.481345       5.697362       2.611321       1.000000     541.499386       0.000000            0
# Jump frustrated.
       222       111.0000       1       1       6.994034       3.485280      10.479314       5.697362       2.641011       1.000000     541.499386       0.000000            0
       223       111.5000       1       1       6.818831       3.658216      10.477047       5.697363       2.847981       1.000000     541.499386       0.000000            0
# Jump frustrated.
       224       112.0000       1       1       6.512231       3.968380      10.480611       5.697363       3.249247       1.000000     541.499386       0.000000            0
# Jump frustrated.
       225       112.5000       1       1       6.131924       4.358058      10.489981       5.697363       3.712869       1.000000     541.499386       0.000000            1
       226       113.0000       1       1       5.798944       4.698947      10.497892       5.697363       4.069601       1.000000     541.499386       0.000000            0
# Jump frustrated.
       227       113.5000       1       1       5.632504       4.868977      10.501481       5.697363       4.257631       1.000000     541.499386       0.000000            0
# Jump frustrated.
       228       114.0000       1       1       5.684217       4.813754      10.497971       5.697363       4.182349       1.000000     541.499386       0.000000            0
       229       114.5000       1       1       5.917217       4.575006      10.492223       5.697364       3.894460       1.000000     541.499386       0.000000            0
# Jump frustrated.
       230       115.0000       1       1       6.246606       4.240552      10.487158       5.697364       3.524706       1.000000     541.499386       0.000000            1
       231       115.5000       1       1       6.593905       3.890528      10.484433       5.697364       3.174710       1.000000     541.499386       0.000000            0
# Jump frustrated.
       232       116.0000       1       1       6.907641       3.574551      10.482192       5.697364       2.847817       1.000000     541.499386       0.000000            0
# Jump frustrated.
       233       116.5000       1       1       7.149589       3.329991      10.479580       5.697365       2.606449       1.000000     541.499386       0.000000            0
       234       117.0000       1       1       7.284335       3.193593      10.477928       5.697365       2.589274       1.000000     541.499386       0.000000            0
       235       117.5000       1       1       7.309042       3.174078      10.483120       5.697365       2.846842       1.000000     541.499386       0.000000            1
# Jump frustrated.
       236       118.0000       1       1       7.294374       3.194839      10.489213       5.697365       3.097035       1.000000     541.499386       0.000000            0
       237       118.5000       1       1       7.324016       3.165151      10.489167       5.697365       3.008904       1.000000     541.499386       0.000000            0
       238       119.0000       1       1       7.346359       3.121139      10.467497       5.697365       3.199947       1.000000     541.499386       0.000000            0
# Jump frustrated.
       239       119.5000       1       1       7.176112       3.302379      10.478491       5.697364       3.920267       1.000000     541.499386       0.000000            0
# Jump frustrated.
       240       120.0000       1       1       6.821293       3.667974      10.489267       5.697365       4.085681       1.000000     541.499386       0.000000            0
       241       120.5000       1       1       6.415695       4.072184      10.487879       5.697366       4.417149       1.000000     541.499386       0.000000            0
# Jump frustrated.
       242       121.0000       1       1       6.013811       4.478885      10.492696       5.697367       4.741094       1.000000     541.499386       0.000000            1
# Jump frustrated.
       243       121.5000       1       1       5.684483       4.814792      10.499274       5.697366       4.788520       1.000000     541.499386       0.000000            0
       244       122.0000       1       1       5.484109       5.015132      10.499241       5.697365       4.621746       1.000000     541.499386       0.000000            0
       245       122.5000       1       1       5.421934       5.076168      10.498102       5.697365       4.345445       1.000000     541.499386       0.000000            0
# Jump frustrated.
       246       123.0000       1       1       5.485649       5.010980      10.496629       5.697367       4.029742       1.000000     541.499386       0.000000            0
# Jump frustrated.
       247       123.5000       1       1       5.659645       4.834930      10.494575       5.697367       3.729114       1.000000     541.499386       0.000000            0
# Jump frustrated.
       248       124.0000       1       1       5.912961       4.577705      10.490666       5.697366       3.422801       1.000000     541.499386       0.000000            0
# Jump frustrated.
       249       124.5000       1       1       6.193601       4.293700      10.487301       5.697366       3.098688       1.000000     541.499386       0.000000            0
# Jump frustrated.
       250       125.0000       1       1       6.441989       4.040835      10.482824       5.697366       2.798297       1.000000     541.499386       0.000000            0
# Jump frustrated.
       251       125.5000       1       1       6.605368       3.877034      10.482401       5.697365       2.572694       1.000000     541.499386       0.000000            1
# Jump frustrated.
       252       126.0000       1       1       6.669609       3.815790      10.485398       5.697365       2.437881       1.000000     541.499386       0.000000            0
# Jump frustrated.
       253       126.5000       1       1       6.667085       3.821395      10.488480       5.697364       2.369990       1.000000     541.499386       0.000000            0
# Jump frustrated.
       254       127.0000       1       1       6.643315       3.847761      10.491077       5.697364       2.351988       1.000000     541.499386       0.000000            0
       255       127.5000       1       1       6.639265       3.852951      10.492216       5.697364       2.347647       1.000000     541.499386       0.000000            0
# Jump frustrated.
       256       128.0000       1       1       6.675073       3.814959      10.490032       5.697364       2.304484       1.000000     541.499386       0.000000            0
# Jump frustrated.
       257       128.5000       1       1       6.729660       3.755169      10.484828       5.697364       2.275953       1.000000     541.499386       0.000000            1
# Jump frustrated.
       258       129.0000       1       1       6.736096       3.741259      10.477356       5.697364       2.418949       1.000000     541.499386       0.000000            0
# Jump frustrated.
       259       129.5000       1       1       6.596702       3.872882      10.469584       5.697365       2.996886       1.000000     541.499386       0.000000            0
# Jump frustrated.
       260       130.0000       1       1       6.250289       4.224152      10.474441       5.697366       4.162670       1.000000     541.499386       0.000000            0
       261       130.5000       1       1       5.819793       4.679432      10.499225       5.697366       5.480606       1.000000     541.499386       0.000000            0
       262       131.0000       1       1       5.627400       4.885170      10.512570       5.697366       6.123968       1.000000     541.499386       0.000000            0
# Jump frustrated.
       263       131.5000       1       1       5.839354       4.653482      10.492836       5.697365       5.810482       1.000000     541.499386       0.000000            0
       264       132.0000       1       1       6.220763       4.246365      10.467128       5.697364       5.057732       1.000000     541.499386       0.000000            1
# Jump frustrated.
       265       132.5000       1       1       6.412224       4.047271      10.459495       5.697363       4.548545       1.000000     541.499386       0.000000            0
       266       133.0000       1       1       6.234340       4.226850      10.461190       5.697364       4.627735       1.000000     541.499386       0.000000            0
# Jump frustrated.
       267       133.5000       1       1       5.717324       4.757700      10.475024       5.697366       5.170761       1.000000     541.499386       0.000000            0
# Jump frustrated.
       268       134.0000       1       1       5.053626       5.440517      10.494143       5.697368       5.909108       1.000000     541.499386       0.000000            0
# Jump frustrated.
       269       134.5000       1       1       4.550276       5.962440      10.512716       5.697369       6.439924       1.000000     541.499386       0.000000            0
       270       135.0000       1       1       4.474860       6.040500      10.515360       5.697368       6.515609       1.000000     541.499386       0.000000            0
# Jump frustrated.
       271       135.5000       1       1       4.869334       5.631100      10.500434       5.697367       6.045074       1.000000     541.499386       0.000000            1
# Jump frustrated.
       272       136.0000       1       1       5.529418       4.953265      10.482683       5.697367       5.253723       1.000000     541.499386       0.000000            0
# Jump frustrated.
       273       136.5000       1       1       6.196720       4.277506      10.474226       5.697367       4.521592       1.000000     541.499386       0.000000            0
       274       137.0000       1       1       6.724547       3.749356      10.473903       5.697367       3.885019       1.000000     541.499386       0.000000            0
# Jump frustrated.
       275       137.5000       1       1       7.089378       3.388743      10.478121       5.697368       3.435716       1.000000     541.499386       0.000000            0
# Jump frustrated.
       276       138.0000       1       1       7.338602       3.143768      10.482370       5.697367       3.119663       1.000000     541.499386       0.000000            0
       277       138.5000       1       1       7.515205       2.967095      10.482299       5.697366       2.943029       1.000000     541.499386       0.000000            1
# Jump frustrated.
       278       139.0000       1       1       7.624471       2.855818      10.480288       5.697366       2.940585       1.000000     541.499386       0.000000            0
       279       139.5000       1       1       7.641157       2.836510      10.477668       5.697366       3.123249       1.000000     541.499386       0.000000            0
       280       140.0000       1       1       7.532909       2.944466      10.477374       5.697365       3.417884       1.000000     541.499386       0.000000            0
       281       140.5000       1       1       7.275530       3.200652      10.476182       5.697366       3.747922       1.000000     541.499386       0.000000            0
       282       141.0000       1       1       6.872809       3.609014      10.481823       5.697365       4.280271       1.000000     541.499386       0.000000            0
# Jump frustrated.
       283       141.5000       1       1       6.409748       4.081526      10.491274       5.697366       4.884673       1.000000     541.499386       0.000000            1
# Jump frustrated.
       284       142.0000       1       1       6.025704       4.471203      10.496907       5.697367       5.423140       1.000000     541.499386       0.000000            0
# Jump frustrated.
       285       142.5000       1       1       5.805114       4.688775      10.493889       5.697367       5.936317       1.000000     541.499386       0.000000            0
# Jump frustrated.
       286       143.0000       1       1       5.725333       4.762683      10.488016       5.697367       6.434489       1.000000     541.499386       0.000000            0
# Jump frustrated.
       287       143.5000       1       1       5.708776       4.775554      10.484330       5.697367       6.788267       1.000000     541.499386       0.000000            0
# Jump frustrated.
       288       144.0000       1       1       5.701199       4.783236      10.484435       5.697368       6.849344       1.000000     541.499386       0.000000            0
       289       144.5000       1       1       5.714161       4.776177      10.490338       5.697366       6.643827       1.000000     541.499386       0.000000            0
       290       145.0000       1       1       5.829116       4.666768      10.495885       5.697366       6.258308       1.000000     541.499386       0.000000            0
# Jump frustrated.
       291       145.5000       1       1       6.107715       4.382348      10.490062       5.697368       5.587845       1.000000     541.499386       0.000000            0
       292       146.0000       1       1       6.485724       3.995577      10.481301       5.697368       4.680585       1.000000     541.499386       0.000000            1
# Jump frustrated.
       293       146.5000       1       1       6.851598       3.630190      10.481788       5.697367       4.020126       1.000000     541.499386       0.000000            0
# Jump frustrated.
       294       147.0000       1       1       7.191532       3.295528      10.487060       5.697367       3.665993       1.000000     541.499386       0.000000            0
       295       147.5000       1       1       7.533693       2.948618      10.482311       5.697366       3.221585       1.000000     541.499386       0.000000            0
# Jump frustrated.
       296       148.0000       1       1       7.807172       2.666065      10.473237       5.697366       2.585219       1.000000     541.499386       0.000000            0
       297       148.5000       1       1       7.885480       2.585514      10.470994       5.697364       2.163022       1.000000     541.499386       0.000000            0
       298       149.0000       1       1       7.723029       2.753468      10.476497       5.697363       2.154567       1.000000     541.499386       0.000000            1
# Jump frustrated.
       299       149.5000       1       1       7.369284       3.113873      10.483156       5.697362       2.423979       1.000000     541.499386       0.000000            0
# Jump frustrated.
       300       150.0000       1       1       6.920476       3.570191      10.490668       5.697362       2.722431       1.000000     541.499386       0.000000            0
       301       150.5000       1       1       6.469102       4.025680      10.494782       5.697360       2.983679       1.000000     541.499386       0.000000            0
       302       151.0000       1       1       6.073713       4.419509      10.493222       5.697360       3.223158       1.000000     541.499386       0.000000            0
# Jump frustrated.
       303       151.5000       1       1       5.723417       4.764966      10.488383       5.697360       3.739247       1.000000     541.499386       0.000000            0
       304       152.0000       1       1       5.389486       5.101081      10.490567       5.697359       4.316654       1.000000     541.499386       0.000000            0
# Jump frustrated.
       305       152.5000       1       1       5.093176       5.401280      10.494456       5.697359       4.580664       1.000000     541.499386       0.000000            1
# Jump frustrated.
       306       153.0000       1       1       4.860283       5.633799      10.494082       5.697359       4.659150       1.000000     541.499386       0.000000            0
# Jump frustrated.
       307       153.5000       1       1       4.692962       5.799677      10.492639       5.697358       4.547087       1.000000     541.499386       0.000000            0
# Jump frustrated.
       308       154.0000       1       1       4.571736       5.919050      10.490786       5.697357       4.505820       1.000000     541.499386       0.000000            0
       309       154.5000       1       1       4.481510       6.011020      10.492530       5.697355       4.614100       1.000000     541.499386       0.000000            0
# Jump frustrated.
       310       155.0000       1       1       4.457356       6.041123      10.498478       5.697353       4.861595       1.000000     541.499386       0.000000            0
# Jump frustrated.
       311       155.5000       1       1       4.583643       5.918843      10.502486       5.697352       5.062141       1.000000     541.499386       0.000000            1
# Jump frustrated.
       312       156.0000       1       1       4.912169       5.584596      10.496766       5.697352       5.005884       1.000000     541.499386       0.000000            0
       313       156.5000       1       1       5.360130       5.119558      10.479688       5.697353       4.747565       1.000000     541.499386       0.000000            0
# Jump frustrated.
       314       157.0000       1       1       5.713251       4.751472      10.464722       5.697355       4.668227       1.000000     541.499386       0.000000            0
       315       157.5000       1       1       5.824151       4.649952      10.474103       5.697356       5.352619       1.000000     541.499386       0.000000            0
# Jump frustrated.
       316       158.0000       1       1       5.839227       4.659502      10.498729       5.697355       6.250655       1.000000     541.499386       0.000000            0
# Jump frustrated.
       317       158.5000       1       1       6.088835       4.419717      10.508552       5.697354       6.426682       1.000000     541.499386       0.000000            1
# Jump frustrated.
       318       159.0000       1       1       6.672989       3.812468      10.485457       5.697354       5.496862       1.000000     541.499386       0.000000            0
# Jump frustrated.
       319       159.5000       1       1       7.298934       3.168058      10.466992       5.697353       4.105219       1.000000     541.499386       0.000000            0
# Jump frustrated.
       320       160.0000       1       1       7.665314       2.802878      10.468192       5.697353       3.109913       1.000000     541.499386       0.000000            0
# Jump frustrated.
       321       160.5000       1       1       7.729435       2.748070      10.477505       5.697352       2.668495       1.000000     541.499386       0.000000            0
       322       161.0000       1       1       7.590252       2.895055      10.485307       5.697353       2.539257       1.000000     541.499386       0.000000            0
       323       161.5000       1       1       7.354229       3.136086      10.490316       5.697353       2.564985       1.000000     541.499386       0.000000            0
# Jump frustrated.
       324       162.0000       1       1       7.097669       3.395802      10.493471       5.697353       2.688123       1.000000     541.499386       0.000000            1
# Jump frustrated.
       325       162.5000       1       1       6.858399       3.635172      10.493571       5.697354       2.953090       1.000000     541.499386       0.000000            0
# Jump frustrated.
       326       163.0000       1       1       6.642125       3.850252      10.492378       5.697354       3.440886       1.000000     541.499386       0.000000            0
# Jump frustrated.
       327       163.5000       1       1       6.442733       4.049347      10.492080       5.697353       4.158458       1.000000     541.499386       0.000000            0
       328       164.0000       1       1       6.254824       4.235155      10.489979       5.697353       4.980204       1.000000     541.499386       0.000000            0
       329       164.5000       1       1       6.055813       4.429059      10.484872       5.697353       5.749001       1.000000     541.499386       0.000000            0
       330       165.0000       1       1       5.796003       4.684415      10.480418       5.697352       6.425218       1.000000     541.499386       0.000000            0
# Jump frustrated.
       331       165.5000       1       1       5.440816       5.040875      10.481691       5.697351       6.964197       1.000000     541.499386       0.000000            1
# Jump frustrated.
       332       166.0000       1       1       5.041121       5.450898      10.492019       5.697352       7.375944       1.000000     541.499386       0.000000            0
       333       166.5000       1       1       4.796607       5.716426      10.513033       5.697354       7.596190       1.000000     541.499386       0.000000            0
# Jump frustrated.
       334       167.0000       1       1       4.992444       5.526466      10.518910       5.697357       7.349601       1.000000     541.499386       0.000000            0
# Jump frustrated.
       335       167.5000       1       1       5.695160       4.800882      10.496043       5.697358       6.435391       1.000000     541.499386       0.000000            0
# Jump frustrated.
       336       168.0000       1       1       6.611767       3.859179      10.470946       5.697358       5.200137       1.000000     541.499386       0.000000            1
       337       168.5000       1       1       7.395511       3.067161      10.462672       5.697359       4.108896       1.000000     541.499386       0.000000            0
# Jump frustrated.
       338       169.0000       1       1       7.868677       2.591535      10.460212       5.697359       3.242614       1.000000     541.499386       0.000000            0
# Jump frustrated.
       339       169.5000       1       1       7.962332       2.495621      10.457953       5.697358       2.557239       1.000000     541.499386       0.000000            0
# Jump frustrated.
       340       170.0000       1       1       7.677330       2.787723      10.465053       5.697358       2.480656       1.000000     541.499386       0.000000            0
# Jump frustrated.
       341       170.5000       1       1       7.145052       3.340163      10.485215       5.697357       3.236021       1.000000     541.499386       0.000000            0
# Jump frustrated.
       342       171.0000       1       1       6.647617       3.854612      10.502229       5.697356       3.948121       1.000000     541.499386       0.000000            1
       343       171.5000       1       1       6.405630       4.089830      10.495461       5.697357       3.895520       1.000000     541.499386       0.000000            0
       344       172.0000       1       1       6.330469       4.147130      10.477598       5.697356       3.476739       1.000000     541.499386       0.000000            0
       345       172.5000       1       1       6.200567       4.277506      10.478074       5.697355       3.459490       1.000000     541.499386       0.000000            0
# Jump frustrated.
       346       173.0000       1       1       5.975181       4.513347      10.488529       5.697355       3.692960       1.000000     541.499386       0.000000            1
# Jump frustrated.
       347       173.5000       1       1       5.748083       4.745036      10.493119       5.697354       3.872767       1.000000     541.499386       0.000000            0
# Jump frustrated.
       348       174.0000       1       1       5.592412       4.902402      10.494814       5.697353       3.984507       1.000000     541.499386       0.000000            0
# Jump frustrated.
       349       174.5000       1       1       5.538567       4.956587      10.495154       5.697353       4.013385       1.000000     541.499386       0.000000            0
# Jump frustrated.
       350       175.0000       1       1       5.588552       4.904685      10.493238       5.697353       3.965640       1.000000     541.499386       0.000000            0
       351       175.5000       1       1       5.713368       4.775969      10.489337       5.697354       3.899369       1.000000     541.499386       0.000000            0
       352       176.0000       1       1       5.860320       4.625040      10.485359       5.697354       3.926428       1.000000     541.499386       0.000000            1
# Jump frustrated.
       353       176.5000       1       1       5.975733       4.506081      10.481814       5.697355       4.179713       1.000000     541.499386       0.000000            0
# Jump frustrated.
       354       177.0000       1       1       6.046865       4.440062      10.486927       5.697355       4.727162       1.000000     541.499386       0.000000            0
# Jump frustrated.
       355       177.5000       1       1       6.157859       4.337712      10.495572       5.697356       5.221434       1.000000     541.499386       0.000000            0
# Jump frustrated.
       356       178.0000       1       1       6.426820       4.066786      10.493606       5.697356       5.224286       1.000000     541.499386       0.000000            0
# Jump frustrated.
       357       178.5000       1       1       6.833469       3.646591      10.480059       5.697358       4.578889       1.000000     541.499386       0.000000            0
# Jump frustrated.
       358       179.0000       1       1       7.202905       3.269370      10.472274       5.697361       3.871672       1.000000     541.499386       0.000000            0
       359       179.5000       1       1       7.406340       3.068614      10.474955       5.697360       3.549346       1.000000     541.499386       0.000000            1
# Jump frustrated.
       360       180.0000       1       1       7.444774       3.034567      10.479341       5.697360       3.429013       1.000000     541.499386       0.000000            0
# Jump frustrated.
       361       180.5000       1       1       7.366687       3.116571      10.483259       5.697359       3.367539       1.000000     541.499386       0.000000            0
# Jump frustrated.
       362       181.0000       1       1       7.225382       3.263972      10.489353       5.697357       3.430732       1.000000     541.499386       0.000000            0
       363       181.5000       1       1       7.081523       3.410750      10.492272       5.697357       3.433190       1.000000     541.499386       0.000000            0
       364       182.0000       1       1       6.953991       3.534068      10.488059       5.697357       3.224247       1.000000     541.499386       0.000000            0
# Jump frustrated.
       365       182.5000       1       1       6.786971       3.695170      10.482141       5.697356       2.964345       1.000000     541.499386       0.000000            0
       366       183.0000       1       1       6.510389       3.971079      10.481468       5.697356       2.921277       1.000000     541.499386       0.000000            1
# Jump frustrated.
       367       183.5000       1       1       6.114947       4.370722      10.485668       5.697355       3.210327       1.000000     541.499386       0.000000            0
# Jump frustrated.
       368       184.0000       1       1       5.664663       4.828494      10.493157       5.697356       3.693249       1.000000     541.499386       0.000000            0
# Jump frustrated.
       369       184.5000       1       1       5.268522       5.231458      10.499980       5.697356       4.153937       1.000000     541.499386       0.000000            0
# Jump frustrated.
       370       185.0000       1       1       5.023805       5.478925      10.502730       5.697356       4.554198       1.000000     541.499386       0.000000            1
       371       185.5000       1       1       4.968078       5.531241      10.499320       5.697355       4.894106       1.000000     541.499386       0.000000            0
       372       186.0000       1       1       5.067783       5.426193      10.493976       5.697354       5.255684       1.000000     541.499386       0.000000            0
       373       186.5000       1       1       5.256196       5.234364      10.490560       5.697354       5.634452       1.000000     541.499386       0.000000            0
# Jump frustrated.
       374       187.0000       1       1       5.491418       4.999769      10.491187       5.697353       5.894357       1.000000     541.499386       0.000000            0
# Jump frustrated.
       375       187.5000       1       1       5.765750       4.723653      10.489402       5.697353       5.882373       1.000000     541.499386       0.000000            0
# Jump frustrated.
       376       188.0000       1       1       6.051183       4.430720      10.481902       5.697355       5.552781       1.000000     541.499386       0.000000            0
# Jump frustrated.
       377       188.5000       1       1       6.271474       4.203599      10.475073       5.697357       5.023097       1.000000     541.499386       0.000000            1
# Jump frustrated.
       378       189.0000       1       1       6.374739       4.105193      10.479932       5.697358       4.664792       1.000000     541.499386       0.000000            0
# Jump frustrated.
       379       189.5000       1       1       6.418946       4.065540      10.484486       5.697360       4.421562       1.000000     541.499386       0.000000            0
# Jump frustrated.
       380       190.0000       1       1       6.482364       3.999314      10.481678       5.697359       4.081933       1.000000     541.499386       0.000000            0
       381       190.5000       1       1       6.580904       3.901531      10.482436       5.697359       4.043022       1.000000     541.499386       0.000000            0
       382       191.0000       1       1       6.785447       3.708250      10.493697       5.697358       4.298488       1.000000     541.499386       0.000000            0
# Jump frustrated.
       383       191.5000       1       1       7.190842       3.294282      10.485125       5.697357       4.025957       1.000000     541.499386       0.000000            1
       384       192.0000       1       1       7.674720       2.785647      10.460367       5.697357       3.292339       1.000000     541.499386       0.000000            0
       385       192.5000       1       1       7.924669       2.522194      10.446863       5.697357       2.856262       1.000000     541.499386       0.000000            0
# Jump frustrated.
       386       193.0000       1       1       7.757143       2.698244      10.455388       5.697356       2.974888       1.000000     541.499386       0.000000            0
       387       193.5000       1       1       7.233982       3.233869      10.467851       5.697356       3.361829       1.000000     541.499386       0.000000            0
# Jump frustrated.
       388       194.0000       1       1       6.498888       3.975231      10.474120       5.697356       3.838143       1.000000     541.499386       0.000000            1
       389       194.5000       1       1       5.677562       4.806280      10.483842       5.697356       4.514472       1.000000     541.499386       0.000000            0
# Jump frustrated.
       390       195.0000       1       1       4.963897       5.540999      10.504896       5.697355       5.044840       1.000000     541.499386       0.000000            0
       391       195.5000       1       1       4.607051       5.904310      10.511362       5.697354       5.072411       1.000000     541.499386       0.000000            0
       392       196.0000       1       1       4.699282       5.803206      10.502487       5.697355       4.539700       1.000000     541.499386       0.000000            0
       393       196.5000       1       1       5.124786       5.366610      10.491395       5.697355       3.821667       1.000000     541.499386       0.000000            0
# Jump frustrated.
       394       197.0000       1       1       5.704361       4.777630      10.481991       5.697354       3.274309       1.000000     541.499386       0.000000            1
# Jump frustrated.
       395       197.5000       1       1       6.301456       4.177232      10.478689       5.697354       3.118929       1.000000     541.499386       0.000000            0
# Jump frustrated.
       396       198.0000       1       1       6.841413       3.636833      10.478246       5.697352       3.314511       1.000000     541.499386       0.000000            0
       397       198.5000       1       1       7.288781       3.184251      10.473032       5.697350       3.682215       1.000000     541.499386       0.000000            0
# Jump frustrated.
       398       199.0000       1       1       7.620736       2.856233      10.476969       5.697350       3.852923       1.000000     541.499386       0.000000            0
       399       199.5000       1       1       7.845297       2.633471      10.478769       5.697349       3.843167       1.000000     541.499386       0.000000            0
       400       200.0000       1       1       7.947864       2.521364      10.469228       5.697349       3.559707       1.000000     541.499386       0.000000            0
