#===============================================================================================================================================================================
#     Step |         Time |         State |                                     Energy |      Angular |     Gradient |      Density |           Expectation Value |    Runtime |
#          |              |  diag |   MCH |          kin |          pot |          tot |     Momentum |          RMS |        Total |           DM |            S |            |
#          |         [fs] |       |       |         [eV] |         [eV] |         [eV] |       [hbar] |     [eV/Ang] |              |      [Debye] |              |      [sec] |
#===============================================================================================================================================================================
         0         0.0000       2       2       0.154406       9.933328      10.087734       0.000129       2.169755       1.000000     541.499386       0.000000            4
         1         0.5000       2       2       0.183628       9.903847      10.087475       0.000129       2.141665       1.000000     541.499386       0.000000            2
         2         1.0000       2       2       0.205729       9.881634      10.087363       0.000129       2.073476       1.000000     541.499386       0.000000            0
         3         1.5000       2       2       0.221975       9.866063      10.088039       0.000129       1.973254       1.000000     541.499386       0.000000            1
         4         2.0000       2       2       0.241235       9.847794      10.089029       0.000129       1.854058       1.000000     541.499386       0.000000            0
         5         2.5000       2       2       0.276958       9.812708      10.089666       0.000129       1.716948       1.000000     541.499386       0.000000            0
         6         3.0000       2       2       0.340716       9.749388      10.090104       0.000129       1.549562       1.000000     541.499386       0.000000            0
# Jump frustrated.
         7         3.5000       2       2       0.435597       9.653889      10.089486       0.000129       1.341437       1.000000     541.499386       0.000000            0
         8         4.0000       2       2       0.553427       9.534931      10.088358       0.000128       1.095025       1.000000     541.499386       0.000000            0
# Surface Hop/Pointer State Switch: new state=      1 old state=      2 randnum=  0.218600940 gap= -9.051016 eV
         9         4.5000       1       1       9.729630       0.358728      10.088358       6.195513       1.604478       1.000000     541.499386       0.000000            0
        10         5.0000       1       1       9.469555       0.622803      10.092358       6.195513       2.120030       1.000000     541.499386       0.000000            1
# Jump frustrated.
        11         5.5000       1       1       8.683878       1.425202      10.109080       6.195514       3.434439       1.000000     541.499386       0.000000            0
# Jump frustrated.
        12         6.0000       1       1       7.641662       2.489600      10.131262       6.195513       4.668479       1.000000     541.499386       0.000000            0
# Jump frustrated.
        13         6.5000       1       1       6.706318       3.442513      10.148832       6.195513       5.230442       1.000000     541.499386       0.000000            0
        14         7.0000       1       1       6.087791       4.051631      10.139421       6.195513       4.842040       1.000000     541.499386       0.000000            0
# Jump frustrated.
        15         7.5000       1       1       5.694468       4.430928      10.125396       6.195514       4.007765       1.000000     541.499386       0.000000            0
# Jump frustrated.
        16         8.0000       1       1       5.332316       4.790917      10.123233       6.195513       3.375093       1.000000     541.499386       0.000000            1
# Jump frustrated.
        17         8.5000       1       1       4.924487       5.203431      10.127918       6.195513       3.185257       1.000000     541.499386       0.000000            0
# Jump frustrated.
        18         9.0000       1       1       4.505286       5.627363      10.132649       6.195513       3.262954       1.000000     541.499386       0.000000            0
# Jump frustrated.
        19         9.5000       1       1       4.144396       5.993996      10.138392       6.195513       3.436242       1.000000     541.499386       0.000000            0
# Jump frustrated.
        20        10.0000       1       1       3.918477       6.223194      10.141671       6.195513       3.520120       1.000000     541.499386       0.000000            0
# Jump frustrated.
        21        10.5000       1       1       3.871701       6.268452      10.140153       6.195513       3.473035       1.000000     541.499386       0.000000            0
        22        11.0000       1       1       3.983211       6.151985      10.135195       6.195513       3.309944       1.000000     541.499386       0.000000            1
# Jump frustrated.
        23        11.5000       1       1       4.183955       5.945831      10.129787       6.195513       3.162729       1.000000     541.499386       0.000000            0
# Jump frustrated.
        24        12.0000       1       1       4.401442       5.724731      10.126173       6.195514       3.179400       1.000000     541.499386       0.000000            0
# Jump frustrated.
        25        12.5000       1       1       4.597055       5.528958      10.126013       6.195514       3.418793       1.000000     541.499386       0.000000            0
# Jump frustrated.
        26        13.0000       1       1       4.781830       5.345849      10.127679       6.195515       3.820251       1.000000     541.499386       0.000000            0
# Jump frustrated.
        27        13.5000       1       1       5.016999       5.116029      10.133028       6.195515       4.276040       1.000000     541.499386       0.000000            0
        28        14.0000       1       1       5.410523       4.730296      10.140818       6.195516       4.610677       1.000000     541.499386       0.000000            1
# Jump frustrated.
        29        14.5000       1       1       6.070391       4.066993      10.137385       6.195516       4.503492       1.000000     541.499386       0.000000            0
# Jump frustrated.
        30        15.0000       1       1       6.941727       3.176154      10.117881       6.195516       3.666330       1.000000     541.499386       0.000000            0
# Jump frustrated.
        31        15.5000       1       1       7.715156       2.374379      10.089534       6.195516       2.448919       1.000000     541.499386       0.000000            0
# Jump frustrated.
        32        16.0000       1       1       8.018749       2.062761      10.081510       6.195516       1.885322       1.000000     541.499386       0.000000            0
# Jump frustrated.
        33        16.5000       1       1       7.732096       2.367735      10.099831       6.195516       2.876033       1.000000     541.499386       0.000000            0
# Jump frustrated.
        34        17.0000       1       1       7.120839       3.011938      10.132776       6.195516       4.131418       1.000000     541.499386       0.000000            0
        35        17.5000       1       1       6.625404       3.522857      10.148261       6.195516       4.589658       1.000000     541.499386       0.000000            0
        36        18.0000       1       1       6.441849       3.689357      10.131206       6.195516       4.141844       1.000000     541.499386       0.000000            1
        37        18.5000       1       1       6.381595       3.735446      10.117041       6.195516       3.838178       1.000000     541.499386       0.000000            0
# Jump frustrated.
        38        19.0000       1       1       6.235064       3.885753      10.120817       6.195516       4.251592       1.000000     541.499386       0.000000            0
# Jump frustrated.
        39        19.5000       1       1       6.000534       4.129483      10.130017       6.195516       4.962210       1.000000     541.499386       0.000000            0
# Jump frustrated.
        40        20.0000       1       1       5.787732       4.349338      10.137070       6.195516       5.532719       1.000000     541.499386       0.000000            0
        41        20.5000       1       1       5.698456       4.441931      10.140386       6.195516       5.823759       1.000000     541.499386       0.000000            0
# Jump frustrated.
        42        21.0000       1       1       5.784001       4.356812      10.140813       6.195516       5.748300       1.000000     541.499386       0.000000            0
# Jump frustrated.
        43        21.5000       1       1       6.048435       4.092114      10.140548       6.195515       5.462509       1.000000     541.499386       0.000000            0
        44        22.0000       1       1       6.475419       3.660708      10.136127       6.195515       5.092149       1.000000     541.499386       0.000000            1
        45        22.5000       1       1       6.964054       3.155601      10.119656       6.195515       4.688205       1.000000     541.499386       0.000000            0
# Jump frustrated.
        46        23.0000       1       1       7.326326       2.778173      10.104499       6.195515       3.807881       1.000000     541.499386       0.000000            0
# Jump frustrated.
        47        23.5000       1       1       7.460877       2.645720      10.106597       6.195515       2.910801       1.000000     541.499386       0.000000            0
        48        24.0000       1       1       7.343073       2.763433      10.106506       6.195515       2.809085       1.000000     541.499386       0.000000            0
# Jump frustrated.
        49        24.5000       1       1       7.009888       3.107644      10.117533       6.195514       3.499096       1.000000     541.499386       0.000000            0
# Jump frustrated.
        50        25.0000       1       1       6.666020       3.472409      10.138429       6.195514       4.363827       1.000000     541.499386       0.000000            1
        51        25.5000       1       1       6.568828       3.571645      10.140472       6.195513       4.668494       1.000000     541.499386       0.000000            0
# Jump frustrated.
        52        26.0000       1       1       6.731817       3.385629      10.117446       6.195514       4.199100       1.000000     541.499386       0.000000            0
# Jump frustrated.
        53        26.5000       1       1       6.864718       3.233661      10.098379       6.195513       3.568268       1.000000     541.499386       0.000000            0
        54        27.0000       1       1       6.706209       3.396840      10.103049       6.195513       3.503458       1.000000     541.499386       0.000000            0
# Jump frustrated.
        55        27.5000       1       1       6.285194       3.836758      10.121952       6.195513       3.855127       1.000000     541.499386       0.000000            0
        56        28.0000       1       1       5.813155       4.319443      10.132598       6.195513       3.996015       1.000000     541.499386       0.000000            1
# Jump frustrated.
        57        28.5000       1       1       5.437934       4.692927      10.130861       6.195513       3.740748       1.000000     541.499386       0.000000            0
        58        29.0000       1       1       5.142967       4.981084      10.124052       6.195512       3.335848       1.000000     541.499386       0.000000            0
        59        29.5000       1       1       4.846440       5.276716      10.123156       6.195513       3.124947       1.000000     541.499386       0.000000            0
# Jump frustrated.
        60        30.0000       1       1       4.526579       5.600582      10.127161       6.195513       3.162652       1.000000     541.499386       0.000000            0
        61        30.5000       1       1       4.227023       5.904103      10.131126       6.195513       3.318771       1.000000     541.499386       0.000000            0
# Jump frustrated.
        62        31.0000       1       1       4.007489       6.127487      10.134976       6.195513       3.495754       1.000000     541.499386       0.000000            1
# Jump frustrated.
        63        31.5000       1       1       3.922501       6.214682      10.137183       6.195513       3.606263       1.000000     541.499386       0.000000            0
        64        32.0000       1       1       4.002771       6.134338      10.137110       6.195514       3.649287       1.000000     541.499386       0.000000            0
# Jump frustrated.
        65        32.5000       1       1       4.247347       5.887909      10.135256       6.195514       3.664349       1.000000     541.499386       0.000000            0
# Jump frustrated.
        66        33.0000       1       1       4.635089       5.498855      10.133944       6.195514       3.710518       1.000000     541.499386       0.000000            0
# Jump frustrated.
        67        33.5000       1       1       5.144706       4.988351      10.133057       6.195514       3.824057       1.000000     541.499386       0.000000            0
        68        34.0000       1       1       5.760934       4.369476      10.130410       6.195514       3.901417       1.000000     541.499386       0.000000            0
# Jump frustrated.
        69        34.5000       1       1       6.452857       3.672957      10.125813       6.195514       3.799902       1.000000     541.499386       0.000000            0
# Jump frustrated.
        70        35.0000       1       1       7.146365       2.971039      10.117404       6.195514       3.433250       1.000000     541.499386       0.000000            1
        71        35.5000       1       1       7.720840       2.386835      10.107675       6.195514       2.880002       1.000000     541.499386       0.000000            0
# Jump frustrated.
        72        36.0000       1       1       8.047359       2.054665      10.102023       6.195514       2.583857       1.000000     541.499386       0.000000            0
        73        36.5000       1       1       8.087434       2.024769      10.112203       6.195514       3.052149       1.000000     541.499386       0.000000            0
# Jump frustrated.
        74        37.0000       1       1       7.990145       2.140614      10.130759       6.195513       3.799867       1.000000     541.499386       0.000000            0
# Jump frustrated.
        75        37.5000       1       1       7.998959       2.137292      10.136251       6.195513       3.950777       1.000000     541.499386       0.000000            0
# Jump frustrated.
        76        38.0000       1       1       8.176950       1.942142      10.119092       6.195513       3.279237       1.000000     541.499386       0.000000            0
        77        38.5000       1       1       8.314638       1.786437      10.101076       6.195512       2.438484       1.000000     541.499386       0.000000            0
# Jump frustrated.
        78        39.0000       1       1       8.167911       1.930724      10.098635       6.195512       2.474625       1.000000     541.499386       0.000000            1
# Jump frustrated.
        79        39.5000       1       1       7.688460       2.420882      10.109342       6.195512       3.183496       1.000000     541.499386       0.000000            0
# Jump frustrated.
        80        40.0000       1       1       6.993707       3.129651      10.123358       6.195512       3.903900       1.000000     541.499386       0.000000            0
        81        40.5000       1       1       6.239221       3.891981      10.131202       6.195511       4.426103       1.000000     541.499386       0.000000            0
# Jump frustrated.
        82        41.0000       1       1       5.552753       4.586009      10.138763       6.195511       4.788878       1.000000     541.499386       0.000000            0
# Jump frustrated.
        83        41.5000       1       1       5.014155       5.126617      10.140772       6.195510       5.002676       1.000000     541.499386       0.000000            0
        84        42.0000       1       1       4.658524       5.482246      10.140770       6.195510       5.100583       1.000000     541.499386       0.000000            1
        85        42.5000       1       1       4.490403       5.649162      10.139565       6.195510       5.033670       1.000000     541.499386       0.000000            0
# Jump frustrated.
        86        43.0000       1       1       4.489437       5.646878      10.136315       6.195510       4.760998       1.000000     541.499386       0.000000            0
# Jump frustrated.
        87        43.5000       1       1       4.609207       5.522937      10.132144       6.195510       4.354228       1.000000     541.499386       0.000000            0
# Jump frustrated.
        88        44.0000       1       1       4.794321       5.335053      10.129375       6.195510       3.939453       1.000000     541.499386       0.000000            0
# Jump frustrated.
        89        44.5000       1       1       5.009085       5.120596      10.129681       6.195510       3.639583       1.000000     541.499386       0.000000            0
        90        45.0000       1       1       5.257332       4.874167      10.131499       6.195510       3.565762       1.000000     541.499386       0.000000            0
        91        45.5000       1       1       5.567372       4.562342      10.129714       6.195511       3.546629       1.000000     541.499386       0.000000            0
# Jump frustrated.
        92        46.0000       1       1       5.929539       4.192595      10.122134       6.195511       3.296689       1.000000     541.499386       0.000000            0
# Jump frustrated.
        93        46.5000       1       1       6.245295       3.864577      10.109873       6.195510       2.933902       1.000000     541.499386       0.000000            1
# Jump frustrated.
        94        47.0000       1       1       6.367832       3.735446      10.103278       6.195510       3.087364       1.000000     541.499386       0.000000            0
# Jump frustrated.
        95        47.5000       1       1       6.234918       3.875788      10.110706       6.195510       4.095658       1.000000     541.499386       0.000000            0
# Jump frustrated.
        96        48.0000       1       1       5.971646       4.153565      10.125212       6.195510       5.253864       1.000000     541.499386       0.000000            0
        97        48.5000       1       1       5.807235       4.328993      10.136228       6.195510       5.979486       1.000000     541.499386       0.000000            0
        98        49.0000       1       1       5.912279       4.224982      10.137261       6.195509       6.024546       1.000000     541.499386       0.000000            0
# Jump frustrated.
        99        49.5000       1       1       6.274695       3.845685      10.120380       6.195509       5.174696       1.000000     541.499386       0.000000            1
# Jump frustrated.
       100        50.0000       1       1       6.651580       3.451233      10.102813       6.195509       3.852548       1.000000     541.499386       0.000000            0
# Jump frustrated.
       101        50.5000       1       1       6.784429       3.317950      10.102379       6.195508       2.829392       1.000000     541.499386       0.000000            0
# Jump frustrated.
       102        51.0000       1       1       6.629717       3.486111      10.115828       6.195508       2.459355       1.000000     541.499386       0.000000            0
       103        51.5000       1       1       6.314227       3.810600      10.124827       6.195508       2.499966       1.000000     541.499386       0.000000            0
       104        52.0000       1       1       5.969154       4.161454      10.130609       6.195508       2.683270       1.000000     541.499386       0.000000            0
       105        52.5000       1       1       5.682988       4.452726      10.135714       6.195508       2.886693       1.000000     541.499386       0.000000            0
# Jump frustrated.
       106        53.0000       1       1       5.521465       4.616320      10.137785       6.195508       3.015892       1.000000     541.499386       0.000000            1
# Jump frustrated.
       107        53.5000       1       1       5.511565       4.625247      10.136812       6.195509       3.069363       1.000000     541.499386       0.000000            0
       108        54.0000       1       1       5.642949       4.492171      10.135120       6.195509       3.069942       1.000000     541.499386       0.000000            0
# Jump frustrated.
       109        54.5000       1       1       5.886162       4.246573      10.132735       6.195509       3.011818       1.000000     541.499386       0.000000            0
       110        55.0000       1       1       6.200430       3.929558      10.129988       6.195509       2.881482       1.000000     541.499386       0.000000            0
       111        55.5000       1       1       6.532514       3.592198      10.124711       6.195509       2.702383       1.000000     541.499386       0.000000            0
# Jump frustrated.
       112        56.0000       1       1       6.806945       3.310061      10.117005       6.195509       2.512572       1.000000     541.499386       0.000000            0
# Jump frustrated.
       113        56.5000       1       1       6.928451       3.181967      10.110418       6.195509       2.446761       1.000000     541.499386       0.000000            1
       114        57.0000       1       1       6.809823       3.295321      10.105143       6.195509       2.718624       1.000000     541.499386       0.000000            0
       115        57.5000       1       1       6.427021       3.686036      10.113056       6.195509       3.593060       1.000000     541.499386       0.000000            0
       116        58.0000       1       1       5.956458       4.180969      10.137427       6.195510       4.691301       1.000000     541.499386       0.000000            0
       117        58.5000       1       1       5.755168       4.390652      10.145820       6.195510       5.196219       1.000000     541.499386       0.000000            0
# Jump frustrated.
       118        59.0000       1       1       5.990212       4.138410      10.128622       6.195509       4.723675       1.000000     541.499386       0.000000            0
# Jump frustrated.
       119        59.5000       1       1       6.442696       3.663407      10.106102       6.195508       3.515070       1.000000     541.499386       0.000000            0
# Jump frustrated.
       120        60.0000       1       1       6.736860       3.355526      10.092386       6.195508       2.675009       1.000000     541.499386       0.000000            0
# Jump frustrated.
       121        60.5000       1       1       6.679582       3.426528      10.106110       6.195508       3.244212       1.000000     541.499386       0.000000            1
# Jump frustrated.
       122        61.0000       1       1       6.440899       3.693925      10.134824       6.195508       4.273785       1.000000     541.499386       0.000000            0
# Jump frustrated.
       123        61.5000       1       1       6.368062       3.774891      10.142954       6.195508       4.578233       1.000000     541.499386       0.000000            0
# Jump frustrated.
       124        62.0000       1       1       6.554256       3.568738      10.122994       6.195508       3.958493       1.000000     541.499386       0.000000            0
       125        62.5000       1       1       6.733598       3.369436      10.103034       6.195508       3.097917       1.000000     541.499386       0.000000            0
       126        63.0000       1       1       6.638550       3.467841      10.106391       6.195507       2.694094       1.000000     541.499386       0.000000            0
# Jump frustrated.
       127        63.5000       1       1       6.246822       3.869352      10.116174       6.195506       2.749117       1.000000     541.499386       0.000000            0
       128        64.0000       1       1       5.685602       4.442138      10.127740       6.195506       3.055728       1.000000     541.499386       0.000000            1
# Jump frustrated.
       129        64.5000       1       1       5.129150       5.009527      10.138676       6.195505       3.304427       1.000000     541.499386       0.000000            0
# Jump frustrated.
       130        65.0000       1       1       4.726018       5.417266      10.143284       6.195505       3.396263       1.000000     541.499386       0.000000            0
# Jump frustrated.
       131        65.5000       1       1       4.542338       5.599336      10.141674       6.195505       3.260240       1.000000     541.499386       0.000000            0
       132        66.0000       1       1       4.556253       5.580652      10.136905       6.195504       2.975668       1.000000     541.499386       0.000000            0
# Jump frustrated.
       133        66.5000       1       1       4.696436       5.436365      10.132801       6.195504       2.710754       1.000000     541.499386       0.000000            0
       134        67.0000       1       1       4.894079       5.235818      10.129896       6.195504       2.569475       1.000000     541.499386       0.000000            1
# Jump frustrated.
       135        67.5000       1       1       5.108649       5.021360      10.130009       6.195504       2.572538       1.000000     541.499386       0.000000            0
       136        68.0000       1       1       5.334724       4.796315      10.131039       6.195504       2.670248       1.000000     541.499386       0.000000            0
       137        68.5000       1       1       5.574572       4.552792      10.127364       6.195504       2.809509       1.000000     541.499386       0.000000            0
# Jump frustrated.
       138        69.0000       1       1       5.791537       4.328785      10.120322       6.195504       3.054118       1.000000     541.499386       0.000000            0
       139        69.5000       1       1       5.923456       4.193841      10.117297       6.195503       3.645831       1.000000     541.499386       0.000000            1
       140        70.0000       1       1       5.982326       4.143808      10.126134       6.195503       4.703573       1.000000     541.499386       0.000000            0
# Jump frustrated.
       141        70.5000       1       1       6.145094       3.994539      10.139633       6.195504       5.589537       1.000000     541.499386       0.000000            0
# Jump frustrated.
       142        71.0000       1       1       6.576944       3.541542      10.118486       6.195503       5.470279       1.000000     541.499386       0.000000            0
       143        71.5000       1       1       7.023945       3.050760      10.074706       6.195503       4.707477       1.000000     541.499386       0.000000            0
       144        72.0000       1       1       7.023232       3.054912      10.078144       6.195504       5.257761       1.000000     541.499386       0.000000            0
# Jump frustrated.
       145        72.5000       1       1       6.720038       3.416563      10.136601       6.195503       6.531179       1.000000     541.499386       0.000000            1
       146        73.0000       1       1       6.756523       3.387705      10.144229       6.195502       6.406801       1.000000     541.499386       0.000000            0
# Jump frustrated.
       147        73.5000       1       1       7.215164       2.881561      10.096725       6.195501       4.864563       1.000000     541.499386       0.000000            0
# Jump frustrated.
       148        74.0000       1       1       7.534403       2.547937      10.082341       6.195502       3.439219       1.000000     541.499386       0.000000            0
# Jump frustrated.
       149        74.5000       1       1       7.363118       2.729593      10.092711       6.195502       3.338139       1.000000     541.499386       0.000000            0
# Jump frustrated.
       150        75.0000       1       1       6.795578       3.320856      10.116434       6.195502       3.921776       1.000000     541.499386       0.000000            0
# Jump frustrated.
       151        75.5000       1       1       6.129510       4.008656      10.138166       6.195501       4.224575       1.000000     541.499386       0.000000            0
# Jump frustrated.
       152        76.0000       1       1       5.614321       4.526634      10.140955       6.195501       4.171583       1.000000     541.499386       0.000000            1
# Jump frustrated.
       153        76.5000       1       1       5.317392       4.821020      10.138412       6.195501       3.925727       1.000000     541.499386       0.000000            0
       154        77.0000       1       1       5.204202       4.931882      10.136084       6.195502       3.651799       1.000000     541.499386       0.000000            0
# Jump frustrated.
       155        77.5000       1       1       5.230589       4.903855      10.134443       6.195503       3.412659       1.000000     541.499386       0.000000            0
       156        78.0000       1       1       5.361241       4.770572      10.131813       6.195503       3.166980       1.000000     541.499386       0.000000            0
# Jump frustrated.
       157        78.5000       1       1       5.548256       4.578536      10.126791       6.195503       2.867804       1.000000     541.499386       0.000000            0
# Jump frustrated.
       158        79.0000       1       1       5.713596       4.405807      10.119404       6.195503       2.557871       1.000000     541.499386       0.000000            1
# Jump frustrated.
       159        79.5000       1       1       5.757904       4.354528      10.112433       6.195503       2.492646       1.000000     541.499386       0.000000            0
# Jump frustrated.
       160        80.0000       1       1       5.611458       4.502759      10.114217       6.195503       3.040872       1.000000     541.499386       0.000000            0
# Jump frustrated.
       161        80.5000       1       1       5.338444       4.792163      10.130606       6.195503       4.029717       1.000000     541.499386       0.000000            0
       162        81.0000       1       1       5.185081       4.965929      10.151010       6.195503       4.847649       1.000000     541.499386       0.000000            0
       163        81.5000       1       1       5.421177       4.731542      10.152719       6.195503       4.936163       1.000000     541.499386       0.000000            0
       164        82.0000       1       1       6.062257       4.066786      10.129043       6.195503       4.142959       1.000000     541.499386       0.000000            0
# Jump frustrated.
       165        82.5000       1       1       6.824278       3.283279      10.107557       6.195502       2.993965       1.000000     541.499386       0.000000            0
       166        83.0000       1       1       7.390292       2.709040      10.099332       6.195502       2.145771       1.000000     541.499386       0.000000            1
       167        83.5000       1       1       7.611304       2.489808      10.101112       6.195502       2.002483       1.000000     541.499386       0.000000            0
# Jump frustrated.
       168        84.0000       1       1       7.496728       2.610219      10.106947       6.195502       2.304921       1.000000     541.499386       0.000000            0
# Jump frustrated.
       169        84.5000       1       1       7.127712       2.985364      10.113076       6.195502       2.734833       1.000000     541.499386       0.000000            0
       170        85.0000       1       1       6.609253       3.510816      10.120069       6.195503       3.123939       1.000000     541.499386       0.000000            0
# Jump frustrated.
       171        85.5000       1       1       6.051832       4.074467      10.126300       6.195503       3.367623       1.000000     541.499386       0.000000            0
       172        86.0000       1       1       5.549144       4.582895      10.132039       6.195502       3.493299       1.000000     541.499386       0.000000            0
# Jump frustrated.
       173        86.5000       1       1       5.181003       4.955341      10.136344       6.195502       3.420180       1.000000     541.499386       0.000000            0
       174        87.0000       1       1       4.985320       5.148830      10.134151       6.195502       3.186955       1.000000     541.499386       0.000000            0
# Jump frustrated.
       175        87.5000       1       1       4.930436       5.199694      10.130130       6.195502       2.902778       1.000000     541.499386       0.000000            1
# Jump frustrated.
       176        88.0000       1       1       4.965227       5.163571      10.128797       6.195502       2.663876       1.000000     541.499386       0.000000            0
# Jump frustrated.
       177        88.5000       1       1       5.062574       5.067034      10.129607       6.195502       2.456542       1.000000     541.499386       0.000000            0
# Jump frustrated.
       178        89.0000       1       1       5.206873       4.920463      10.127337       6.195502       2.232848       1.000000     541.499386       0.000000            0
# Jump frustrated.
       179        89.5000       1       1       5.356626       4.764759      10.121384       6.195502       1.987334       1.000000     541.499386       0.000000            0
# Jump frustrated.
       180        90.0000       1       1       5.428223       4.686283      10.114507       6.195502       1.911976       1.000000     541.499386       0.000000            0
# Jump frustrated.
       181        90.5000       1       1       5.336417       4.775139      10.111556       6.195501       2.305036       1.000000     541.499386       0.000000            0
# Jump frustrated.
       182        91.0000       1       1       5.058974       5.058522      10.117496       6.195501       3.170289       1.000000     541.499386       0.000000            0
       183        91.5000       1       1       4.698675       5.433459      10.132134       6.195500       4.123066       1.000000     541.499386       0.000000            1
       184        92.0000       1       1       4.467810       5.676566      10.144376       6.195500       4.645003       1.000000     541.499386       0.000000            0
# Jump frustrated.
       185        92.5000       1       1       4.526602       5.613869      10.140471       6.195501       4.417256       1.000000     541.499386       0.000000            0
# Jump frustrated.
       186        93.0000       1       1       4.817774       5.305988      10.123763       6.195500       3.544974       1.000000     541.499386       0.000000            0
       187        93.5000       1       1       5.115273       4.994994      10.110267       6.195499       2.456062       1.000000     541.499386       0.000000            0
# Jump frustrated.
       188        94.0000       1       1       5.221153       4.886624      10.107777       6.195499       1.679860       1.000000     541.499386       0.000000            0
# Jump frustrated.
       189        94.5000       1       1       5.072713       5.038799      10.111513       6.195499       1.682261       1.000000     541.499386       0.000000            0
       190        95.0000       1       1       4.720081       5.400034      10.120115       6.195500       2.316192       1.000000     541.499386       0.000000            1
# Jump frustrated.
       191        95.5000       1       1       4.289329       5.841821      10.131149       6.195501       3.089498       1.000000     541.499386       0.000000            0
       192        96.0000       1       1       3.949138       6.191222      10.140360       6.195502       3.617864       1.000000     541.499386       0.000000            0
       193        96.5000       1       1       3.827237       6.312257      10.139494       6.195502       3.633381       1.000000     541.499386       0.000000            0
       194        97.0000       1       1       3.918291       6.213021      10.131312       6.195502       3.260522       1.000000     541.499386       0.000000            0
# Jump frustrated.
       195        97.5000       1       1       4.105831       6.016833      10.122664       6.195502       2.877898       1.000000     541.499386       0.000000            0
# Jump frustrated.
       196        98.0000       1       1       4.288312       5.837461      10.125773       6.195503       2.805177       1.000000     541.499386       0.000000            1
       197        98.5000       1       1       4.478106       5.654560      10.132665       6.195503       2.976418       1.000000     541.499386       0.000000            0
       198        99.0000       1       1       4.752265       5.383426      10.135690       6.195504       3.166934       1.000000     541.499386       0.000000            0
       199        99.5000       1       1       5.156852       4.978386      10.135238       6.195504       3.278472       1.000000     541.499386       0.000000            0
# Jump frustrated.
       200       100.0000       1       1       5.681515       4.448159      10.129674       6.195505       3.232637       1.000000     541.499386       0.000000            0
# Jump frustrated.
       201       100.5000       1       1       6.262561       3.860010      10.122571       6.195505       3.097682       1.000000     541.499386       0.000000            0
# Jump frustrated.
       202       101.0000       1       1       6.793255       3.319403      10.112658       6.195505       3.047813       1.000000     541.499386       0.000000            0
# Jump frustrated.
       203       101.5000       1       1       7.147363       2.956299      10.103662       6.195505       3.285511       1.000000     541.499386       0.000000            0
       204       102.0000       1       1       7.278476       2.835265      10.113740       6.195504       3.960627       1.000000     541.499386       0.000000            1
# Jump frustrated.
       205       102.5000       1       1       7.352532       2.781287      10.133819       6.195504       4.729564       1.000000     541.499386       0.000000            0
# Jump frustrated.
       206       103.0000       1       1       7.631218       2.503302      10.134520       6.195503       4.749824       1.000000     541.499386       0.000000            0
       207       103.5000       1       1       8.129011       1.985947      10.114958       6.195502       3.946425       1.000000     541.499386       0.000000            0
# Jump frustrated.
       208       104.0000       1       1       8.586106       1.512189      10.098295       6.195501       3.039886       1.000000     541.499386       0.000000            0
# Jump frustrated.
       209       104.5000       1       1       8.742883       1.349218      10.092101       6.195500       2.678631       1.000000     541.499386       0.000000            0
# Jump frustrated.
       210       105.0000       1       1       8.465621       1.619522      10.085142       6.195499       3.089759       1.000000     541.499386       0.000000            0
# Jump frustrated.
       211       105.5000       1       1       7.806952       2.302754      10.109706       6.195500       4.055738       1.000000     541.499386       0.000000            0
       212       106.0000       1       1       7.053207       3.078787      10.131994       6.195500       4.881619       1.000000     541.499386       0.000000            1
# Jump frustrated.
       213       106.5000       1       1       6.521945       3.614827      10.136772       6.195501       4.915041       1.000000     541.499386       0.000000            0
# Jump frustrated.
       214       107.0000       1       1       6.266273       3.857311      10.123584       6.195502       4.281936       1.000000     541.499386       0.000000            0
# Jump frustrated.
       215       107.5000       1       1       6.120112       3.996615      10.116727       6.195502       3.600903       1.000000     541.499386       0.000000            0
# Jump frustrated.
       216       108.0000       1       1       5.962807       4.157302      10.120109       6.195503       3.203746       1.000000     541.499386       0.000000            0
       217       108.5000       1       1       5.797145       4.327540      10.124685       6.195502       3.051009       1.000000     541.499386       0.000000            0
# Jump frustrated.
       218       109.0000       1       1       5.669947       4.456671      10.126617       6.195502       2.973269       1.000000     541.499386       0.000000            0
       219       109.5000       1       1       5.605001       4.520406      10.125407       6.195501       2.871409       1.000000     541.499386       0.000000            0
# Jump frustrated.
       220       110.0000       1       1       5.582615       4.538883      10.121498       6.195502       2.773841       1.000000     541.499386       0.000000            0
# Jump frustrated.
       221       110.5000       1       1       5.553045       4.565041      10.118086       6.195503       2.819613       1.000000     541.499386       0.000000            1
       222       111.0000       1       1       5.468019       4.648291      10.116310       6.195503       3.103358       1.000000     541.499386       0.000000            0
       223       111.5000       1       1       5.315477       4.803581      10.119058       6.195503       3.620088       1.000000     541.499386       0.000000            0
# Jump frustrated.
       224       112.0000       1       1       5.131712       4.989389      10.121101       6.195503       4.246198       1.000000     541.499386       0.000000            0
# Jump frustrated.
       225       112.5000       1       1       4.969527       5.153605      10.123132       6.195503       4.949567       1.000000     541.499386       0.000000            0
       226       113.0000       1       1       4.901959       5.228136      10.130095       6.195504       5.658024       1.000000     541.499386       0.000000            0
# Jump frustrated.
       227       113.5000       1       1       5.054210       5.083227      10.137436       6.195505       6.081676       1.000000     541.499386       0.000000            1
       228       114.0000       1       1       5.509057       4.619019      10.128076       6.195504       5.814449       1.000000     541.499386       0.000000            0
       229       114.5000       1       1       6.129388       3.978346      10.107734       6.195505       4.953252       1.000000     541.499386       0.000000            0
# Jump frustrated.
       230       115.0000       1       1       6.619144       3.474485      10.093629       6.195506       4.083638       1.000000     541.499386       0.000000            0
# Jump frustrated.
       231       115.5000       1       1       6.744445       3.343070      10.087515       6.195508       3.646453       1.000000     541.499386       0.000000            0
       232       116.0000       1       1       6.433336       3.662161      10.095497       6.195509       4.002353       1.000000     541.499386       0.000000            0
# Jump frustrated.
       233       116.5000       1       1       5.830019       4.287887      10.117906       6.195510       4.942424       1.000000     541.499386       0.000000            0
       234       117.0000       1       1       5.296088       4.846971      10.143058       6.195511       5.564187       1.000000     541.499386       0.000000            1
# Jump frustrated.
       235       117.5000       1       1       5.145332       4.994164      10.139495       6.195512       5.261349       1.000000     541.499386       0.000000            0
# Jump frustrated.
       236       118.0000       1       1       5.348068       4.772232      10.120301       6.195511       4.181617       1.000000     541.499386       0.000000            0
       237       118.5000       1       1       5.653180       4.460615      10.113795       6.195511       3.188447       1.000000     541.499386       0.000000            0
# Jump frustrated.
       238       119.0000       1       1       5.908905       4.208166      10.117071       6.195511       2.808519       1.000000     541.499386       0.000000            0
# Jump frustrated.
       239       119.5000       1       1       6.117105       4.004504      10.121609       6.195510       2.928667       1.000000     541.499386       0.000000            0
# Jump frustrated.
       240       120.0000       1       1       6.324240       3.798558      10.122798       6.195510       3.290615       1.000000     541.499386       0.000000            0
       241       120.5000       1       1       6.548399       3.572060      10.120459       6.195511       3.787227       1.000000     541.499386       0.000000            1
# Jump frustrated.
       242       121.0000       1       1       6.768001       3.349713      10.117714       6.195511       4.345895       1.000000     541.499386       0.000000            0
# Jump frustrated.
       243       121.5000       1       1       6.944123       3.170964      10.115087       6.195510       4.883192       1.000000     541.499386       0.000000            0
# Jump frustrated.
       244       122.0000       1       1       7.036601       3.074843      10.111444       6.195510       5.328207       1.000000     541.499386       0.000000            0
       245       122.5000       1       1       7.003965       3.103907      10.107873       6.195510       5.699755       1.000000     541.499386       0.000000            0
# Jump frustrated.
       246       123.0000       1       1       6.830815       3.279335      10.110150       6.195510       6.028620       1.000000     541.499386       0.000000            0
# Jump frustrated.
       247       123.5000       1       1       6.587743       3.533860      10.121603       6.195511       6.546901       1.000000     541.499386       0.000000            0
# Jump frustrated.
       248       124.0000       1       1       6.522111       3.620225      10.142336       6.195510       6.991989       1.000000     541.499386       0.000000            1
       249       124.5000       1       1       6.875333       3.252761      10.128095       6.195510       6.630320       1.000000     541.499386       0.000000            0
# Jump frustrated.
       250       125.0000       1       1       7.471315       2.623506      10.094821       6.195509       5.515347       1.000000     541.499386       0.000000            0
       251       125.5000       1       1       7.853532       2.223656      10.077189       6.195509       4.320087       1.000000     541.499386       0.000000            0
       252       126.0000       1       1       7.709930       2.361922      10.071853       6.195509       3.737250       1.000000     541.499386       0.000000            0
       253       126.5000       1       1       6.985458       3.099755      10.085213       6.195509       4.362183       1.000000     541.499386       0.000000            0
       254       127.0000       1       1       5.962511       4.159171      10.121681       6.195509       5.921391       1.000000     541.499386       0.000000            0
       255       127.5000       1       1       5.239198       4.907799      10.146997       6.195509       6.659851       1.000000     541.499386       0.000000            1
# Jump frustrated.
       256       128.0000       1       1       5.155027       4.970081      10.125108       6.195510       6.043785       1.000000     541.499386       0.000000            0
# Jump frustrated.
       257       128.5000       1       1       5.444312       4.651613      10.095925       6.195511       4.676687       1.000000     541.499386       0.000000            0
# Jump frustrated.
       258       129.0000       1       1       5.689519       4.404354      10.093873       6.195512       3.621304       1.000000     541.499386       0.000000            0
# Jump frustrated.
       259       129.5000       1       1       5.763362       4.340826      10.104188       6.195512       3.124747       1.000000     541.499386       0.000000            0
# Jump frustrated.
       260       130.0000       1       1       5.744733       4.366777      10.111510       6.195511       2.940064       1.000000     541.499386       0.000000            0
# Jump frustrated.
       261       130.5000       1       1       5.728835       4.386500      10.115335       6.195511       2.854807       1.000000     541.499386       0.000000            0
# Jump frustrated.
       262       131.0000       1       1       5.761127       4.354321      10.115448       6.195511       2.810866       1.000000     541.499386       0.000000            1
       263       131.5000       1       1       5.839471       4.272731      10.112203       6.195511       2.803641       1.000000     541.499386       0.000000            0
       264       132.0000       1       1       5.914506       4.191142      10.105648       6.195511       2.919743       1.000000     541.499386       0.000000            0
# Jump frustrated.
       265       132.5000       1       1       5.907486       4.193218      10.100705       6.195510       3.363015       1.000000     541.499386       0.000000            0
# Jump frustrated.
       266       133.0000       1       1       5.776291       4.327747      10.104038       6.195510       4.154877       1.000000     541.499386       0.000000            0
       267       133.5000       1       1       5.582437       4.527672      10.110109       6.195510       5.072783       1.000000     541.499386       0.000000            0
       268       134.0000       1       1       5.476564       4.644139      10.120703       6.195512       5.874915       1.000000     541.499386       0.000000            0
# Jump frustrated.
       269       134.5000       1       1       5.623543       4.501721      10.125264       6.195514       6.234761       1.000000     541.499386       0.000000            0
# Jump frustrated.
       270       135.0000       1       1       6.085070       4.030247      10.115317       6.195515       5.888213       1.000000     541.499386       0.000000            0
# Jump frustrated.
       271       135.5000       1       1       6.707503       3.387083      10.094585       6.195515       4.869043       1.000000     541.499386       0.000000            1
# Jump frustrated.
       272       136.0000       1       1       7.209187       2.875540      10.084728       6.195516       3.790072       1.000000     541.499386       0.000000            0
# Jump frustrated.
       273       136.5000       1       1       7.398055       2.684542      10.082597       6.195517       3.153492       1.000000     541.499386       0.000000            0
# Jump frustrated.
       274       137.0000       1       1       7.219971       2.863292      10.083262       6.195517       3.036126       1.000000     541.499386       0.000000            0
# Jump frustrated.
       275       137.5000       1       1       6.681213       3.403068      10.084281       6.195518       3.497047       1.000000     541.499386       0.000000            0
# Jump frustrated.
       276       138.0000       1       1       5.858699       4.240552      10.099251       6.195518       4.536570       1.000000     541.499386       0.000000            0
# Jump frustrated.
       277       138.5000       1       1       5.026223       5.104403      10.130626       6.195519       5.733277       1.000000     541.499386       0.000000            1
# Jump frustrated.
       278       139.0000       1       1       4.649399       5.500516      10.149914       6.195520       6.141478       1.000000     541.499386       0.000000            0
# Jump frustrated.
       279       139.5000       1       1       4.964627       5.161494      10.126122       6.195519       5.250517       1.000000     541.499386       0.000000            0
# Jump frustrated.
       280       140.0000       1       1       5.668442       4.422208      10.090650       6.195518       3.669607       1.000000     541.499386       0.000000            0
# Jump frustrated.
       281       140.5000       1       1       6.278007       3.801880      10.079888       6.195517       2.639787       1.000000     541.499386       0.000000            0
# Jump frustrated.
       282       141.0000       1       1       6.570053       3.517667      10.087720       6.195516       2.786390       1.000000     541.499386       0.000000            0
       283       141.5000       1       1       6.594532       3.509570      10.104103       6.195517       3.369030       1.000000     541.499386       0.000000            1
# Jump frustrated.
       284       142.0000       1       1       6.497081       3.607768      10.104849       6.195517       3.751686       1.000000     541.499386       0.000000            0
# Jump frustrated.
       285       142.5000       1       1       6.329515       3.771154      10.100669       6.195517       4.204129       1.000000     541.499386       0.000000            0
# Jump frustrated.
       286       143.0000       1       1       6.075643       4.028379      10.104022       6.195516       4.750557       1.000000     541.499386       0.000000            0
# Jump frustrated.
       287       143.5000       1       1       5.792556       4.318197      10.110754       6.195516       5.285610       1.000000     541.499386       0.000000            0
# Jump frustrated.
       288       144.0000       1       1       5.586267       4.526842      10.113109       6.195516       5.685535       1.000000     541.499386       0.000000            0
       289       144.5000       1       1       5.502286       4.600127      10.102413       6.195515       5.802196       1.000000     541.499386       0.000000            1
# Jump frustrated.
       290       145.0000       1       1       5.437386       4.651613      10.088999       6.195514       5.909151       1.000000     541.499386       0.000000            0
# Jump frustrated.
       291       145.5000       1       1       5.307531       4.799221      10.106752       6.195514       6.552613       1.000000     541.499386       0.000000            0
       292       146.0000       1       1       5.352677       4.781782      10.134459       6.195515       7.251560       1.000000     541.499386       0.000000            0
# Jump frustrated.
       293       146.5000       1       1       5.891097       4.229965      10.121062       6.195515       7.002931       1.000000     541.499386       0.000000            0
       294       147.0000       1       1       6.736784       3.341824      10.078608       6.195514       5.610820       1.000000     541.499386       0.000000            0
       295       147.5000       1       1       7.347316       2.716929      10.064245       6.195514       4.314471       1.000000     541.499386       0.000000            0
# Jump frustrated.
       296       148.0000       1       1       7.433325       2.635963      10.069288       6.195514       3.670358       1.000000     541.499386       0.000000            0
# Jump frustrated.
       297       148.5000       1       1       7.028596       3.056158      10.084754       6.195514       3.921029       1.000000     541.499386       0.000000            1
# Jump frustrated.
       298       149.0000       1       1       6.372710       3.736069      10.108779       6.195514       4.776698       1.000000     541.499386       0.000000            0
       299       149.5000       1       1       5.819169       4.306986      10.126156       6.195513       5.314193       1.000000     541.499386       0.000000            0
# Jump frustrated.
       300       150.0000       1       1       5.590540       4.527464      10.118005       6.195514       5.016095       1.000000     541.499386       0.000000            0
       301       150.5000       1       1       5.607098       4.497569      10.104668       6.195515       4.309442       1.000000     541.499386       0.000000            0
# Jump frustrated.
       302       151.0000       1       1       5.683067       4.419717      10.102784       6.195516       3.805379       1.000000     541.499386       0.000000            0
# Jump frustrated.
       303       151.5000       1       1       5.758240       4.351207      10.109447       6.195516       3.643279       1.000000     541.499386       0.000000            1
       304       152.0000       1       1       5.889402       4.224359      10.113762       6.195516       3.603109       1.000000     541.499386       0.000000            0
       305       152.5000       1       1       6.130290       3.982290      10.112580       6.195516       3.513292       1.000000     541.499386       0.000000            0
# Jump frustrated.
       306       153.0000       1       1       6.464102       3.639532      10.103634       6.195515       3.414372       1.000000     541.499386       0.000000            0
# Jump frustrated.
       307       153.5000       1       1       6.802336       3.294698      10.097033       6.195515       3.448619       1.000000     541.499386       0.000000            0
# Jump frustrated.
       308       154.0000       1       1       7.045000       3.049099      10.094099       6.195516       3.746817       1.000000     541.499386       0.000000            1
# Jump frustrated.
       309       154.5000       1       1       7.140656       2.954016      10.094672       6.195517       4.234350       1.000000     541.499386       0.000000            0
# Jump frustrated.
       310       155.0000       1       1       7.112549       2.993046      10.105594       6.195519       4.865566       1.000000     541.499386       0.000000            0
# Jump frustrated.
       311       155.5000       1       1       7.105300       3.015467      10.120767       6.195519       5.364927       1.000000     541.499386       0.000000            0
# Jump frustrated.
       312       156.0000       1       1       7.286333       2.830905      10.117238       6.195519       5.164802       1.000000     541.499386       0.000000            0
# Jump frustrated.
       313       156.5000       1       1       7.597558       2.495621      10.093179       6.195518       4.157716       1.000000     541.499386       0.000000            0
# Jump frustrated.
       314       157.0000       1       1       7.761947       2.318740      10.080687       6.195516       3.036718       1.000000     541.499386       0.000000            0
# Jump frustrated.
       315       157.5000       1       1       7.578747       2.501434      10.080181       6.195517       2.376486       1.000000     541.499386       0.000000            0
       316       158.0000       1       1       7.028593       3.060102      10.088695       6.195518       2.397843       1.000000     541.499386       0.000000            0
# Jump frustrated.
       317       158.5000       1       1       6.222195       3.880355      10.102550       6.195518       2.802497       1.000000     541.499386       0.000000            1
       318       159.0000       1       1       5.344792       4.773893      10.118685       6.195519       3.206851       1.000000     541.499386       0.000000            0
       319       159.5000       1       1       4.577745       5.550549      10.128294       6.195519       3.381936       1.000000     541.499386       0.000000            0
       320       160.0000       1       1       4.044083       6.086173      10.130256       6.195518       3.320093       1.000000     541.499386       0.000000            0
       321       160.5000       1       1       3.771272       6.355854      10.127126       6.195518       3.138540       1.000000     541.499386       0.000000            0
       322       161.0000       1       1       3.712699       6.410247      10.122946       6.195518       2.937909       1.000000     541.499386       0.000000            0
# Jump frustrated.
       323       161.5000       1       1       3.804973       6.314748      10.119721       6.195518       2.788633       1.000000     541.499386       0.000000            0
# Jump frustrated.
       324       162.0000       1       1       3.995380       6.121882      10.117261       6.195518       2.720174       1.000000     541.499386       0.000000            1
       325       162.5000       1       1       4.243663       5.871093      10.114756       6.195519       2.745533       1.000000     541.499386       0.000000            0
# Jump frustrated.
       326       163.0000       1       1       4.513415       5.598506      10.111921       6.195519       2.873420       1.000000     541.499386       0.000000            0
# Jump frustrated.
       327       163.5000       1       1       4.768400       5.340866      10.109267       6.195519       3.109550       1.000000     541.499386       0.000000            0
# Jump frustrated.
       328       164.0000       1       1       4.986835       5.123295      10.110130       6.195520       3.511039       1.000000     541.499386       0.000000            0
       329       164.5000       1       1       5.200731       4.916104      10.116835       6.195521       4.019317       1.000000     541.499386       0.000000            0
# Jump frustrated.
       330       165.0000       1       1       5.510532       4.613829      10.124361       6.195521       4.452803       1.000000     541.499386       0.000000            0
# Jump frustrated.
       331       165.5000       1       1       6.018526       4.105193      10.123719       6.195521       4.574072       1.000000     541.499386       0.000000            0
# Jump frustrated.
       332       166.0000       1       1       6.731917       3.386252      10.118169       6.195519       4.356385       1.000000     541.499386       0.000000            0
       333       166.5000       1       1       7.543666       2.557695      10.101361       6.195517       3.916822       1.000000     541.499386       0.000000            1
       334       167.0000       1       1       8.287214       1.803253      10.090467       6.195517       3.300894       1.000000     541.499386       0.000000            0
# Jump frustrated.
       335       167.5000       1       1       8.807688       1.275933      10.083621       6.195517       2.667790       1.000000     541.499386       0.000000            0
# Jump frustrated.
       336       168.0000       1       1       9.007658       1.073724      10.081382       6.195516       2.052222       1.000000     541.499386       0.000000            0
       337       168.5000       1       1       8.844490       1.238564      10.083054       6.195516       1.794488       1.000000     541.499386       0.000000            0
       338       169.0000       1       1       8.342539       1.747822      10.090362       6.195515       2.218219       1.000000     541.499386       0.000000            0
       339       169.5000       1       1       7.617296       2.489185      10.106481       6.195514       2.958713       1.000000     541.499386       0.000000            0
# Jump frustrated.
       340       170.0000       1       1       6.882960       3.235322      10.118282       6.195513       3.334641       1.000000     541.499386       0.000000            1
       341       170.5000       1       1       6.281413       3.833852      10.115264       6.195513       3.299644       1.000000     541.499386       0.000000            0
# Jump frustrated.
       342       171.0000       1       1       5.798755       4.313007      10.111763       6.195513       3.115749       1.000000     541.499386       0.000000            0
       343       171.5000       1       1       5.382636       4.728427      10.111063       6.195513       3.023071       1.000000     541.499386       0.000000            0
# Jump frustrated.
       344       172.0000       1       1       5.015226       5.097136      10.112362       6.195514       2.975773       1.000000     541.499386       0.000000            0
# Jump frustrated.
       345       172.5000       1       1       4.705442       5.407508      10.112951       6.195514       2.887412       1.000000     541.499386       0.000000            1
# Jump frustrated.
       346       173.0000       1       1       4.449625       5.662033      10.111658       6.195514       2.775709       1.000000     541.499386       0.000000            0
# Jump frustrated.
       347       173.5000       1       1       4.228632       5.881889      10.110521       6.195513       2.731294       1.000000     541.499386       0.000000            0
       348       174.0000       1       1       4.024313       6.085343      10.109656       6.195513       2.776649       1.000000     541.499386       0.000000            0
# Jump frustrated.
       349       174.5000       1       1       3.834702       6.277171      10.111873       6.195513       2.943562       1.000000     541.499386       0.000000            0
# Jump frustrated.
       350       175.0000       1       1       3.694541       6.421458      10.115998       6.195513       3.167310       1.000000     541.499386       0.000000            0
# Jump frustrated.
       351       175.5000       1       1       3.665277       6.454467      10.119744       6.195513       3.330527       1.000000     541.499386       0.000000            1
# Jump frustrated.
       352       176.0000       1       1       3.799803       6.320561      10.120364       6.195512       3.328179       1.000000     541.499386       0.000000            0
# Jump frustrated.
       353       176.5000       1       1       4.113849       6.004999      10.118848       6.195511       3.164485       1.000000     541.499386       0.000000            0
       354       177.0000       1       1       4.585307       5.530619      10.115926       6.195512       2.950909       1.000000     541.499386       0.000000            0
       355       177.5000       1       1       5.173247       4.939356      10.112602       6.195511       2.762403       1.000000     541.499386       0.000000            0
       356       178.0000       1       1       5.825590       4.280828      10.106418       6.195510       2.623563       1.000000     541.499386       0.000000            0
# Jump frustrated.
       357       178.5000       1       1       6.464278       3.633304      10.097581       6.195510       2.483885       1.000000     541.499386       0.000000            0
       358       179.0000       1       1       7.008824       3.089375      10.098199       6.195509       2.434156       1.000000     541.499386       0.000000            1
# Jump frustrated.
       359       179.5000       1       1       7.445953       2.655893      10.101846       6.195508       2.522895       1.000000     541.499386       0.000000            0
# Jump frustrated.
       360       180.0000       1       1       7.808145       2.293620      10.101765       6.195507       2.604271       1.000000     541.499386       0.000000            0
# Jump frustrated.
       361       180.5000       1       1       8.097361       2.001102      10.098463       6.195508       2.518935       1.000000     541.499386       0.000000            0
# Jump frustrated.
       362       181.0000       1       1       8.273680       1.821315      10.094995       6.195507       2.384814       1.000000     541.499386       0.000000            0
       363       181.5000       1       1       8.289468       1.803253      10.092721       6.195507       2.373254       1.000000     541.499386       0.000000            0
# Jump frustrated.
       364       182.0000       1       1       8.120451       1.973906      10.094357       6.195508       2.507376       1.000000     541.499386       0.000000            0
       365       182.5000       1       1       7.788199       2.310643      10.098842       6.195509       2.659656       1.000000     541.499386       0.000000            0
# Jump frustrated.
       366       183.0000       1       1       7.344192       2.758035      10.102227       6.195510       2.770553       1.000000     541.499386       0.000000            1
       367       183.5000       1       1       6.837682       3.267916      10.105598       6.195511       2.834729       1.000000     541.499386       0.000000            0
# Jump frustrated.
       368       184.0000       1       1       6.312108       3.797520      10.109629       6.195511       2.859384       1.000000     541.499386       0.000000            0
       369       184.5000       1       1       5.816541       4.297229      10.113770       6.195511       2.825993       1.000000     541.499386       0.000000            0
       370       185.0000       1       1       5.398935       4.717424      10.116359       6.195512       2.764410       1.000000     541.499386       0.000000            0
       371       185.5000       1       1       5.092625       5.024682      10.117307       6.195513       2.666045       1.000000     541.499386       0.000000            0
       372       186.0000       1       1       4.909158       5.207583      10.116742       6.195514       2.553449       1.000000     541.499386       0.000000            0
       373       186.5000       1       1       4.842087       5.273810      10.115896       6.195514       2.471508       1.000000     541.499386       0.000000            0
       374       187.0000       1       1       4.879218       5.235818      10.115035       6.195514       2.451195       1.000000     541.499386       0.000000            1
       375       187.5000       1       1       5.009652       5.104610      10.114262       6.195514       2.497834       1.000000     541.499386       0.000000            0
# Jump frustrated.
       376       188.0000       1       1       5.222879       4.890360      10.113239       6.195514       2.587522       1.000000     541.499386       0.000000            0
       377       188.5000       1       1       5.505818       4.606355      10.112173       6.195514       2.697036       1.000000     541.499386       0.000000            0
# Jump frustrated.
       378       189.0000       1       1       5.840649       4.269202      10.109851       6.195514       2.797878       1.000000     541.499386       0.000000            0
# Jump frustrated.
       379       189.5000       1       1       6.199134       3.906514      10.105647       6.195514       2.856951       1.000000     541.499386       0.000000            1
# Jump frustrated.
       380       190.0000       1       1       6.539640       3.562095      10.101735       6.195514       2.875223       1.000000     541.499386       0.000000            0
# Jump frustrated.
       381       190.5000       1       1       6.813596       3.284317      10.097913       6.195516       2.880055       1.000000     541.499386       0.000000            0
# Jump frustrated.
       382       191.0000       1       1       6.976160       3.119478      10.095638       6.195517       2.913809       1.000000     541.499386       0.000000            0
       383       191.5000       1       1       6.991406       3.102454      10.093860       6.195518       3.024023       1.000000     541.499386       0.000000            0
# Jump frustrated.
       384       192.0000       1       1       6.839248       3.255875      10.095124       6.195518       3.284599       1.000000     541.499386       0.000000            0
# Jump frustrated.
       385       192.5000       1       1       6.548567       3.553998      10.102565       6.195518       3.655745       1.000000     541.499386       0.000000            1
       386       193.0000       1       1       6.212939       3.897794      10.110733       6.195517       3.908228       1.000000     541.499386       0.000000            0
       387       193.5000       1       1       5.931510       4.181177      10.112687       6.195515       3.858405       1.000000     541.499386       0.000000            0
# Jump frustrated.
       388       194.0000       1       1       5.729632       4.379026      10.108658       6.195515       3.582762       1.000000     541.499386       0.000000            0
# Jump frustrated.
       389       194.5000       1       1       5.572307       4.535146      10.107453       6.195514       3.341667       1.000000     541.499386       0.000000            0
# Jump frustrated.
       390       195.0000       1       1       5.447518       4.662824      10.110342       6.195513       3.243862       1.000000     541.499386       0.000000            0
# Jump frustrated.
       391       195.5000       1       1       5.385949       4.726351      10.112301       6.195513       3.172491       1.000000     541.499386       0.000000            0
# Jump frustrated.
       392       196.0000       1       1       5.403367       4.706214      10.109581       6.195510       3.025462       1.000000     541.499386       0.000000            1
# Jump frustrated.
       393       196.5000       1       1       5.462818       4.641856      10.104674       6.195508       2.865918       1.000000     541.499386       0.000000            0
# Jump frustrated.
       394       197.0000       1       1       5.503325       4.598673      10.101999       6.195508       2.852186       1.000000     541.499386       0.000000            0
# Jump frustrated.
       395       197.5000       1       1       5.489385       4.613414      10.102799       6.195509       3.084479       1.000000     541.499386       0.000000            0
# Jump frustrated.
       396       198.0000       1       1       5.439344       4.668222      10.107566       6.195507       3.475738       1.000000     541.499386       0.000000            0
       397       198.5000       1       1       5.426533       4.688152      10.114685       6.195506       3.823207       1.000000     541.499386       0.000000            0
# Jump frustrated.
       398       199.0000       1       1       5.538550       4.578743      10.117293       6.195506       3.959155       1.000000     541.499386       0.000000            1
# Jump frustrated.
       399       199.5000       1       1       5.807817       4.305948      10.113766       6.195507       3.880320       1.000000     541.499386       0.000000            0
       400       200.0000       1       1       6.185876       3.921046      10.106922       6.195508       3.734046       1.000000     541.499386       0.000000            0
