#===============================================================================================================================================================================
#     Step |         Time |         State |                                     Energy |      Angular |     Gradient |      Density |           Expectation Value |    Runtime |
#          |              |  diag |   MCH |          kin |          pot |          tot |     Momentum |          RMS |        Total |           DM |            S |            |
#          |         [fs] |       |       |         [eV] |         [eV] |         [eV] |       [hbar] |     [eV/Ang] |              |      [Debye] |              |      [sec] |
#===============================================================================================================================================================================
         0         0.0000       2       2       0.126069      10.429092      10.555161       0.000107       3.639814       1.000000     541.499386       0.000000            4
# Jump frustrated.
         1         0.5000       2       2       0.199128      10.354561      10.553689       0.000107       3.516560       1.000000     541.499386       0.000000            2
         2         1.0000       2       2       0.297909      10.254702      10.552611       0.000107       3.292485       1.000000     541.499386       0.000000            0
         3         1.5000       2       2       0.403312      10.148408      10.551720       0.000107       2.975460       1.000000     541.499386       0.000000            0
# Jump frustrated.
         4         2.0000       2       2       0.503928      10.047719      10.551647       0.000107       2.587895       1.000000     541.499386       0.000000            0
         5         2.5000       2       2       0.598869       9.953258      10.552127       0.000108       2.180574       1.000000     541.499386       0.000000            1
# Surface Hop/Pointer State Switch: new state=      1 old state=      2 randnum=  0.131947694 gap= -9.591831 eV
         6         3.0000       1       1      10.288898       0.263229      10.552127       2.858180       1.124717       1.000000     541.499386       0.000000            0
# Jump frustrated.
         7         3.5000       1       1       9.826055       0.731797      10.557852       2.858180       2.659381       1.000000     541.499386       0.000000            0
         8         4.0000       1       1       8.879952       1.716059      10.596010       2.858180       4.739137       1.000000     541.499386       0.000000            0
# Jump frustrated.
         9         4.5000       1       1       7.961610       2.665443      10.627053       2.858180       5.948080       1.000000     541.499386       0.000000            0
# Jump frustrated.
        10         5.0000       1       1       7.470601       3.142315      10.612915       2.858179       5.607947       1.000000     541.499386       0.000000            0
        11         5.5000       1       1       7.250021       3.336219      10.586240       2.858179       4.318363       1.000000     541.499386       0.000000            0
        12         6.0000       1       1       6.929070       3.655310      10.584380       2.858179       3.359397       1.000000     541.499386       0.000000            0
# Jump frustrated.
        13         6.5000       1       1       6.401947       4.194464      10.596411       2.858179       3.063158       1.000000     541.499386       0.000000            1
# Jump frustrated.
        14         7.0000       1       1       5.768297       4.836590      10.604887       2.858178       3.076212       1.000000     541.499386       0.000000            0
# Jump frustrated.
        15         7.5000       1       1       5.141213       5.469998      10.611210       2.858178       3.235626       1.000000     541.499386       0.000000            0
# Jump frustrated.
        16         8.0000       1       1       4.614141       6.002508      10.616649       2.858179       3.389880       1.000000     541.499386       0.000000            0
# Jump frustrated.
        17         8.5000       1       1       4.257680       6.360214      10.617893       2.858178       3.408671       1.000000     541.499386       0.000000            1
        18         9.0000       1       1       4.088711       6.528167      10.616878       2.858177       3.346932       1.000000     541.499386       0.000000            0
# Jump frustrated.
        19         9.5000       1       1       4.084590       6.529205      10.613796       2.858177       3.245660       1.000000     541.499386       0.000000            0
        20        10.0000       1       1       4.199290       6.409832      10.609122       2.858176       3.154701       1.000000     541.499386       0.000000            0
# Jump frustrated.
        21        10.5000       1       1       4.370021       6.233159      10.603180       2.858177       3.144810       1.000000     541.499386       0.000000            0
        22        11.0000       1       1       4.525921       6.071849      10.597770       2.858177       3.360726       1.000000     541.499386       0.000000            1
# Jump frustrated.
        23        11.5000       1       1       4.634315       5.967630      10.601946       2.858177       3.976664       1.000000     541.499386       0.000000            0
        24        12.0000       1       1       4.790020       5.825835      10.615855       2.858178       4.794461       1.000000     541.499386       0.000000            0
# Jump frustrated.
        25        12.5000       1       1       5.206457       5.420380      10.626836       2.858178       5.346812       1.000000     541.499386       0.000000            0
# Jump frustrated.
        26        13.0000       1       1       6.038763       4.581027      10.619790       2.858178       5.239041       1.000000     541.499386       0.000000            0
# Jump frustrated.
        27        13.5000       1       1       7.130637       3.452479      10.583116       2.858178       4.177817       1.000000     541.499386       0.000000            0
# Jump frustrated.
        28        14.0000       1       1       8.008973       2.543370      10.552343       2.858178       2.845420       1.000000     541.499386       0.000000            0
# Jump frustrated.
        29        14.5000       1       1       8.243489       2.298395      10.541884       2.858178       2.598082       1.000000     541.499386       0.000000            0
# Jump frustrated.
        30        15.0000       1       1       7.743569       2.823846      10.567415       2.858177       4.295043       1.000000     541.499386       0.000000            0
# Jump frustrated.
        31        15.5000       1       1       6.981368       3.643061      10.624429       2.858177       6.037651       1.000000     541.499386       0.000000            1
        32        16.0000       1       1       6.698742       3.933087      10.631829       2.858176       6.141140       1.000000     541.499386       0.000000            0
        33        16.5000       1       1       7.003004       3.578703      10.581708       2.858175       4.697026       1.000000     541.499386       0.000000            0
# Jump frustrated.
        34        17.0000       1       1       7.307424       3.256083      10.563507       2.858176       3.499818       1.000000     541.499386       0.000000            0
        35        17.5000       1       1       7.236503       3.344108      10.580611       2.858175       3.896161       1.000000     541.499386       0.000000            0
# Jump frustrated.
        36        18.0000       1       1       6.898820       3.698285      10.597104       2.858175       4.825743       1.000000     541.499386       0.000000            0
# Jump frustrated.
        37        18.5000       1       1       6.505398       4.103117      10.608515       2.858175       5.687430       1.000000     541.499386       0.000000            0
# Jump frustrated.
        38        19.0000       1       1       6.211340       4.403731      10.615071       2.858175       6.210757       1.000000     541.499386       0.000000            0
# Jump frustrated.
        39        19.5000       1       1       6.099343       4.516254      10.615596       2.858175       6.312368       1.000000     541.499386       0.000000            1
        40        20.0000       1       1       6.171642       4.440477      10.612119       2.858175       6.069162       1.000000     541.499386       0.000000            0
        41        20.5000       1       1       6.375997       4.232456      10.608453       2.858175       5.636016       1.000000     541.499386       0.000000            0
# Jump frustrated.
        42        21.0000       1       1       6.645871       3.957377      10.603248       2.858175       5.087744       1.000000     541.499386       0.000000            0
# Jump frustrated.
        43        21.5000       1       1       6.900208       3.695586      10.595794       2.858175       4.436777       1.000000     541.499386       0.000000            0
        44        22.0000       1       1       7.055455       3.539466      10.594920       2.858176       3.879704       1.000000     541.499386       0.000000            0
        45        22.5000       1       1       7.102606       3.496699      10.599305       2.858176       3.737934       1.000000     541.499386       0.000000            0
        46        23.0000       1       1       7.117968       3.486734      10.604702       2.858176       3.681809       1.000000     541.499386       0.000000            1
        47        23.5000       1       1       7.164359       3.437738      10.602098       2.858177       3.534989       1.000000     541.499386       0.000000            0
        48        24.0000       1       1       7.233298       3.367983      10.601280       2.858177       3.481583       1.000000     541.499386       0.000000            0
# Jump frustrated.
        49        24.5000       1       1       7.304059       3.297604      10.601663       2.858178       3.535250       1.000000     541.499386       0.000000            0
# Jump frustrated.
        50        25.0000       1       1       7.367102       3.230547      10.597649       2.858177       3.406769       1.000000     541.499386       0.000000            0
# Jump frustrated.
        51        25.5000       1       1       7.342111       3.242588      10.584700       2.858176       3.033723       1.000000     541.499386       0.000000            0
        52        26.0000       1       1       7.062900       3.513722      10.576622       2.858176       2.960933       1.000000     541.499386       0.000000            1
        53        26.5000       1       1       6.450829       4.138202      10.589031       2.858176       3.681057       1.000000     541.499386       0.000000            0
# Jump frustrated.
        54        27.0000       1       1       5.699023       4.917972      10.616995       2.858177       4.635329       1.000000     541.499386       0.000000            0
# Jump frustrated.
        55        27.5000       1       1       5.162724       5.466053      10.628777       2.858177       4.964076       1.000000     541.499386       0.000000            0
        56        28.0000       1       1       4.994763       5.617813      10.612576       2.858177       4.381398       1.000000     541.499386       0.000000            0
# Jump frustrated.
        57        28.5000       1       1       5.008872       5.587918      10.596790       2.858177       3.530438       1.000000     541.499386       0.000000            0
# Jump frustrated.
        58        29.0000       1       1       4.982700       5.615114      10.597815       2.858177       3.129683       1.000000     541.499386       0.000000            1
# Jump frustrated.
        59        29.5000       1       1       4.878190       5.726391      10.604581       2.858177       3.182100       1.000000     541.499386       0.000000            0
# Jump frustrated.
        60        30.0000       1       1       4.770002       5.841198      10.611200       2.858177       3.402436       1.000000     541.499386       0.000000            0
        61        30.5000       1       1       4.749875       5.866318      10.616194       2.858177       3.577147       1.000000     541.499386       0.000000            0
        62        31.0000       1       1       4.877641       5.737810      10.615451       2.858176       3.623723       1.000000     541.499386       0.000000            0
# Jump frustrated.
        63        31.5000       1       1       5.143710       5.466053      10.609763       2.858176       3.588003       1.000000     541.499386       0.000000            0
# Jump frustrated.
        64        32.0000       1       1       5.476192       5.127239      10.603431       2.858176       3.577689       1.000000     541.499386       0.000000            1
        65        32.5000       1       1       5.790167       4.810224      10.600392       2.858176       3.701834       1.000000     541.499386       0.000000            0
        66        33.0000       1       1       6.044170       4.558398      10.602567       2.858176       4.051457       1.000000     541.499386       0.000000            0
# Jump frustrated.
        67        33.5000       1       1       6.278720       4.332107      10.610827       2.858176       4.567797       1.000000     541.499386       0.000000            0
        68        34.0000       1       1       6.609649       4.007826      10.617475       2.858176       4.940248       1.000000     541.499386       0.000000            0
# Jump frustrated.
        69        34.5000       1       1       7.140787       3.475938      10.616725       2.858176       4.918651       1.000000     541.499386       0.000000            0
# Jump frustrated.
        70        35.0000       1       1       7.840383       2.763433      10.603815       2.858176       4.313650       1.000000     541.499386       0.000000            1
        71        35.5000       1       1       8.514741       2.073142      10.587882       2.858176       3.277171       1.000000     541.499386       0.000000            0
        72        36.0000       1       1       8.942181       1.639037      10.581218       2.858177       2.325370       1.000000     541.499386       0.000000            0
# Jump frustrated.
        73        36.5000       1       1       9.025428       1.562845      10.588273       2.858176       2.090475       1.000000     541.499386       0.000000            0
# Jump frustrated.
        74        37.0000       1       1       8.837843       1.762978      10.600821       2.858176       2.490727       1.000000     541.499386       0.000000            0
# Jump frustrated.
        75        37.5000       1       1       8.527256       2.077709      10.604965       2.858176       2.840122       1.000000     541.499386       0.000000            0
# Jump frustrated.
        76        38.0000       1       1       8.165487       2.436453      10.601940       2.858176       3.060115       1.000000     541.499386       0.000000            1
        77        38.5000       1       1       7.727364       2.872426      10.599790       2.858176       3.475459       1.000000     541.499386       0.000000            0
# Jump frustrated.
        78        39.0000       1       1       7.197412       3.404106      10.601518       2.858177       3.949797       1.000000     541.499386       0.000000            0
# Jump frustrated.
        79        39.5000       1       1       6.608854       3.997861      10.606714       2.858176       4.480614       1.000000     541.499386       0.000000            0
        80        40.0000       1       1       6.026275       4.584556      10.610832       2.858176       4.925699       1.000000     541.499386       0.000000            0
# Jump frustrated.
        81        40.5000       1       1       5.517807       5.097136      10.614944       2.858176       5.295175       1.000000     541.499386       0.000000            0
# Jump frustrated.
        82        41.0000       1       1       5.141187       5.476849      10.618036       2.858175       5.539503       1.000000     541.499386       0.000000            0
# Jump frustrated.
        83        41.5000       1       1       4.940859       5.678019      10.618878       2.858175       5.640646       1.000000     541.499386       0.000000            1
        84        42.0000       1       1       4.936861       5.681133      10.617994       2.858175       5.528073       1.000000     541.499386       0.000000            0
# Jump frustrated.
        85        42.5000       1       1       5.119486       5.494910      10.614396       2.858174       5.223852       1.000000     541.499386       0.000000            0
# Jump frustrated.
        86        43.0000       1       1       5.430128       5.175196      10.605325       2.858173       4.744953       1.000000     541.499386       0.000000            0
        87        43.5000       1       1       5.763954       4.836175      10.600129       2.858173       4.094333       1.000000     541.499386       0.000000            0
# Jump frustrated.
        88        44.0000       1       1       6.041853       4.557983      10.599835       2.858173       3.487283       1.000000     541.499386       0.000000            0
        89        44.5000       1       1       6.233281       4.364286      10.597567       2.858173       3.022432       1.000000     541.499386       0.000000            1
# Jump frustrated.
        90        45.0000       1       1       6.313879       4.282489      10.596368       2.858173       2.796854       1.000000     541.499386       0.000000            0
# Jump frustrated.
        91        45.5000       1       1       6.270382       4.324841      10.595223       2.858173       2.921990       1.000000     541.499386       0.000000            0
        92        46.0000       1       1       6.109223       4.487812      10.597034       2.858173       3.522042       1.000000     541.499386       0.000000            0
# Jump frustrated.
        93        46.5000       1       1       5.906272       4.704968      10.611240       2.858173       4.580993       1.000000     541.499386       0.000000            0
# Jump frustrated.
        94        47.0000       1       1       5.880663       4.746489      10.627153       2.858173       5.454550       1.000000     541.499386       0.000000            1
# Jump frustrated.
        95        47.5000       1       1       6.218275       4.396465      10.614740       2.858174       5.317291       1.000000     541.499386       0.000000            0
# Jump frustrated.
        96        48.0000       1       1       6.759638       3.827416      10.587054       2.858174       4.231704       1.000000     541.499386       0.000000            0
# Jump frustrated.
        97        48.5000       1       1       7.147851       3.432341      10.580192       2.858174       3.167217       1.000000     541.499386       0.000000            0
# Jump frustrated.
        98        49.0000       1       1       7.231049       3.358018      10.589067       2.858174       2.701931       1.000000     541.499386       0.000000            0
        99        49.5000       1       1       7.082454       3.516214      10.598668       2.858174       2.607894       1.000000     541.499386       0.000000            0
# Jump frustrated.
       100        50.0000       1       1       6.823646       3.781119      10.604765       2.858173       2.609616       1.000000     541.499386       0.000000            0
# Jump frustrated.
       101        50.5000       1       1       6.544897       4.062011      10.606907       2.858173       2.650810       1.000000     541.499386       0.000000            0
       102        51.0000       1       1       6.296686       4.312384      10.609070       2.858174       2.732356       1.000000     541.499386       0.000000            1
# Jump frustrated.
       103        51.5000       1       1       6.117843       4.494663      10.612506       2.858175       2.825600       1.000000     541.499386       0.000000            0
# Jump frustrated.
       104        52.0000       1       1       6.039236       4.573346      10.612582       2.858175       2.887381       1.000000     541.499386       0.000000            0
       105        52.5000       1       1       6.061912       4.548848      10.610760       2.858174       2.935710       1.000000     541.499386       0.000000            0
       106        53.0000       1       1       6.168306       4.442969      10.611275       2.858174       2.985696       1.000000     541.499386       0.000000            0
# Jump frustrated.
       107        53.5000       1       1       6.348748       4.261105      10.609854       2.858174       3.017914       1.000000     541.499386       0.000000            0
# Jump frustrated.
       108        54.0000       1       1       6.585343       4.021735      10.607078       2.858174       3.000274       1.000000     541.499386       0.000000            1
       109        54.5000       1       1       6.845211       3.759736      10.604947       2.858174       2.936308       1.000000     541.499386       0.000000            0
       110        55.0000       1       1       7.093831       3.507494      10.601326       2.858174       2.813675       1.000000     541.499386       0.000000            0
# Jump frustrated.
       111        55.5000       1       1       7.285043       3.312137      10.597179       2.858174       2.651650       1.000000     541.499386       0.000000            0
       112        56.0000       1       1       7.364520       3.226810      10.591330       2.858173       2.547298       1.000000     541.499386       0.000000            0
# Jump frustrated.
       113        56.5000       1       1       7.259625       3.319403      10.579028       2.858172       2.673936       1.000000     541.499386       0.000000            0
# Jump frustrated.
       114        57.0000       1       1       6.890343       3.686659      10.577001       2.858173       3.478163       1.000000     541.499386       0.000000            1
# Jump frustrated.
       115        57.5000       1       1       6.342904       4.260898      10.603802       2.858173       4.859626       1.000000     541.499386       0.000000            0
# Jump frustrated.
       116        58.0000       1       1       6.028194       4.607808      10.636002       2.858173       5.856403       1.000000     541.499386       0.000000            0
# Jump frustrated.
       117        58.5000       1       1       6.361391       4.266711      10.628102       2.858174       5.626742       1.000000     541.499386       0.000000            0
# Jump frustrated.
       118        59.0000       1       1       7.216900       3.363208      10.580107       2.858175       4.062682       1.000000     541.499386       0.000000            0
       119        59.5000       1       1       7.988929       2.569944      10.558873       2.858176       2.290674       1.000000     541.499386       0.000000            0
       120        60.0000       1       1       8.257420       2.310436      10.567856       2.858176       1.964223       1.000000     541.499386       0.000000            1
# Jump frustrated.
       121        60.5000       1       1       8.053270       2.532990      10.586260       2.858176       2.449895       1.000000     541.499386       0.000000            0
# Jump frustrated.
       122        61.0000       1       1       7.569044       3.026885      10.595929       2.858176       2.835221       1.000000     541.499386       0.000000            0
# Jump frustrated.
       123        61.5000       1       1       6.961197       3.641400      10.602598       2.858176       2.964182       1.000000     541.499386       0.000000            0
       124        62.0000       1       1       6.322787       4.284773      10.607559       2.858176       2.948282       1.000000     541.499386       0.000000            0
# Jump frustrated.
       125        62.5000       1       1       5.712384       4.898457      10.610841       2.858176       2.817808       1.000000     541.499386       0.000000            0
# Jump frustrated.
       126        63.0000       1       1       5.167110       5.446330      10.613440       2.858175       2.747277       1.000000     541.499386       0.000000            0
# Jump frustrated.
       127        63.5000       1       1       4.720600       5.895175      10.615775       2.858175       2.767500       1.000000     541.499386       0.000000            1
       128        64.0000       1       1       4.408772       6.208038      10.616810       2.858175       2.841521       1.000000     541.499386       0.000000            0
# Jump frustrated.
       129        64.5000       1       1       4.259218       6.358138      10.617355       2.858175       2.855334       1.000000     541.499386       0.000000            0
       130        65.0000       1       1       4.277930       6.337169      10.615100       2.858175       2.754715       1.000000     541.499386       0.000000            0
# Jump frustrated.
       131        65.5000       1       1       4.424189       6.184579      10.608767       2.858176       2.589570       1.000000     541.499386       0.000000            0
# Jump frustrated.
       132        66.0000       1       1       4.611514       5.991505      10.603019       2.858176       2.523975       1.000000     541.499386       0.000000            0
# Jump frustrated.
       133        66.5000       1       1       4.759088       5.842443      10.601532       2.858176       2.714934       1.000000     541.499386       0.000000            0
# Jump frustrated.
       134        67.0000       1       1       4.844546       5.759816      10.604363       2.858176       3.076186       1.000000     541.499386       0.000000            1
# Jump frustrated.
       135        67.5000       1       1       4.914243       5.696704      10.610946       2.858176       3.422198       1.000000     541.499386       0.000000            0
# Jump frustrated.
       136        68.0000       1       1       5.066973       5.551587      10.618560       2.858176       3.689842       1.000000     541.499386       0.000000            0
# Jump frustrated.
       137        68.5000       1       1       5.409388       5.212773      10.622161       2.858176       3.881121       1.000000     541.499386       0.000000            0
       138        69.0000       1       1       6.004594       4.614659      10.619254       2.858176       3.968464       1.000000     541.499386       0.000000            0
# Jump frustrated.
       139        69.5000       1       1       6.807805       3.792953      10.600758       2.858176       3.696438       1.000000     541.499386       0.000000            0
# Jump frustrated.
       140        70.0000       1       1       7.597888       2.974776      10.572664       2.858176       3.068850       1.000000     541.499386       0.000000            0
# Jump frustrated.
       141        70.5000       1       1       8.035598       2.517835      10.553432       2.858176       2.529079       1.000000     541.499386       0.000000            0
# Jump frustrated.
       142        71.0000       1       1       7.862499       2.688487      10.550986       2.858176       3.454453       1.000000     541.499386       0.000000            1
# Jump frustrated.
       143        71.5000       1       1       7.193735       3.403691      10.597426       2.858175       5.587558       1.000000     541.499386       0.000000            0
       144        72.0000       1       1       6.701591       3.941184      10.642775       2.858175       6.820620       1.000000     541.499386       0.000000            0
# Jump frustrated.
       145        72.5000       1       1       6.933896       3.680638      10.614534       2.858176       6.141454       1.000000     541.499386       0.000000            0
# Jump frustrated.
       146        73.0000       1       1       7.562587       3.006955      10.569543       2.858177       4.324857       1.000000     541.499386       0.000000            0
# Jump frustrated.
       147        73.5000       1       1       7.958418       2.606690      10.565108       2.858177       3.051907       1.000000     541.499386       0.000000            0
# Jump frustrated.
       148        74.0000       1       1       7.926044       2.656308      10.582352       2.858176       2.804219       1.000000     541.499386       0.000000            1
# Jump frustrated.
       149        74.5000       1       1       7.609237       2.987440      10.596677       2.858176       2.949274       1.000000     541.499386       0.000000            0
# Jump frustrated.
       150        75.0000       1       1       7.201241       3.404937      10.606178       2.858176       3.060179       1.000000     541.499386       0.000000            0
# Jump frustrated.
       151        75.5000       1       1       6.829524       3.780497      10.610021       2.858177       3.046476       1.000000     541.499386       0.000000            0
# Jump frustrated.
       152        76.0000       1       1       6.554251       4.056613      10.610864       2.858177       2.948309       1.000000     541.499386       0.000000            0
       153        76.5000       1       1       6.385314       4.223736      10.609051       2.858178       2.778854       1.000000     541.499386       0.000000            0
       154        77.0000       1       1       6.294755       4.311346      10.606101       2.858178       2.610683       1.000000     541.499386       0.000000            0
# Jump frustrated.
       155        77.5000       1       1       6.241911       4.362417      10.604329       2.858177       2.522619       1.000000     541.499386       0.000000            0
       156        78.0000       1       1       6.203350       4.402070      10.605420       2.858177       2.614322       1.000000     541.499386       0.000000            1
       157        78.5000       1       1       6.197070       4.412243      10.609313       2.858177       2.906146       1.000000     541.499386       0.000000            0
       158        79.0000       1       1       6.282602       4.329408      10.612010       2.858176       3.264143       1.000000     541.499386       0.000000            0
# Jump frustrated.
       159        79.5000       1       1       6.495799       4.111421      10.607220       2.858177       3.428844       1.000000     541.499386       0.000000            0
# Jump frustrated.
       160        80.0000       1       1       6.814761       3.791292      10.606053       2.858176       3.335255       1.000000     541.499386       0.000000            0
# Jump frustrated.
       161        80.5000       1       1       7.181858       3.415317      10.597175       2.858175       3.002448       1.000000     541.499386       0.000000            0
       162        81.0000       1       1       7.440714       3.135671      10.576385       2.858176       2.705756       1.000000     541.499386       0.000000            0
       163        81.5000       1       1       7.334324       3.222658      10.556982       2.858176       3.058390       1.000000     541.499386       0.000000            1
# Jump frustrated.
       164        82.0000       1       1       6.683281       3.881809      10.565090       2.858177       4.618151       1.000000     541.499386       0.000000            0
# Jump frustrated.
       165        82.5000       1       1       5.763124       4.856936      10.620060       2.858177       6.295186       1.000000     541.499386       0.000000            0
# Jump frustrated.
       166        83.0000       1       1       5.242301       5.397958      10.640259       2.858176       6.664419       1.000000     541.499386       0.000000            0
       167        83.5000       1       1       5.396711       5.211528      10.608239       2.858176       5.584988       1.000000     541.499386       0.000000            0
# Jump frustrated.
       168        84.0000       1       1       5.829433       4.747527      10.576960       2.858176       3.908646       1.000000     541.499386       0.000000            0
# Jump frustrated.
       169        84.5000       1       1       6.080129       4.501306      10.581435       2.858176       2.969631       1.000000     541.499386       0.000000            0
       170        85.0000       1       1       6.075720       4.518537      10.594257       2.858176       2.805352       1.000000     541.499386       0.000000            0
# Jump frustrated.
       171        85.5000       1       1       5.934037       4.667806      10.601844       2.858177       2.863825       1.000000     541.499386       0.000000            0
       172        86.0000       1       1       5.748146       4.856313      10.604459       2.858178       2.972435       1.000000     541.499386       0.000000            1
# Jump frustrated.
       173        86.5000       1       1       5.561444       5.044820      10.606264       2.858178       3.117456       1.000000     541.499386       0.000000            0
       174        87.0000       1       1       5.396094       5.210697      10.606792       2.858177       3.254643       1.000000     541.499386       0.000000            0
       175        87.5000       1       1       5.260115       5.346679      10.606795       2.858177       3.405634       1.000000     541.499386       0.000000            0
# Jump frustrated.
       176        88.0000       1       1       5.156989       5.450690      10.607679       2.858176       3.619677       1.000000     541.499386       0.000000            0
# Jump frustrated.
       177        88.5000       1       1       5.106361       5.503422      10.609783       2.858175       3.857002       1.000000     541.499386       0.000000            0
       178        89.0000       1       1       5.145090       5.467091      10.612181       2.858176       4.028894       1.000000     541.499386       0.000000            0
# Jump frustrated.
       179        89.5000       1       1       5.308294       5.304120      10.612415       2.858175       4.035875       1.000000     541.499386       0.000000            1
# Jump frustrated.
       180        90.0000       1       1       5.591976       5.015755      10.607730       2.858174       3.866544       1.000000     541.499386       0.000000            0
# Jump frustrated.
       181        90.5000       1       1       5.949928       4.655142      10.605071       2.858174       3.791194       1.000000     541.499386       0.000000            0
# Jump frustrated.
       182        91.0000       1       1       6.364806       4.244289      10.609095       2.858175       3.864272       1.000000     541.499386       0.000000            0
# Jump frustrated.
       183        91.5000       1       1       6.880272       3.732747      10.613019       2.858175       3.866691       1.000000     541.499386       0.000000            0
       184        92.0000       1       1       7.507349       3.090828      10.598177       2.858174       3.505660       1.000000     541.499386       0.000000            0
# Jump frustrated.
       185        92.5000       1       1       8.093501       2.487524      10.581025       2.858173       2.758144       1.000000     541.499386       0.000000            0
# Jump frustrated.
       186        93.0000       1       1       8.422361       2.153693      10.576054       2.858174       2.120618       1.000000     541.499386       0.000000            1
# Jump frustrated.
       187        93.5000       1       1       8.400831       2.176114      10.576946       2.858175       1.995005       1.000000     541.499386       0.000000            0
       188        94.0000       1       1       8.066763       2.522194      10.588957       2.858174       2.490828       1.000000     541.499386       0.000000            0
# Jump frustrated.
       189        94.5000       1       1       7.597041       3.012768      10.609809       2.858174       3.199168       1.000000     541.499386       0.000000            0
       190        95.0000       1       1       7.235038       3.383138      10.618176       2.858174       3.601999       1.000000     541.499386       0.000000            0
# Jump frustrated.
       191        95.5000       1       1       7.099831       3.509363      10.609193       2.858174       3.400258       1.000000     541.499386       0.000000            0
# Jump frustrated.
       192        96.0000       1       1       7.089393       3.502927      10.592320       2.858175       2.858027       1.000000     541.499386       0.000000            0
# Jump frustrated.
       193        96.5000       1       1       7.023512       3.570607      10.594119       2.858175       2.607702       1.000000     541.499386       0.000000            0
# Jump frustrated.
       194        97.0000       1       1       6.861004       3.739183      10.600187       2.858175       2.615733       1.000000     541.499386       0.000000            1
# Jump frustrated.
       195        97.5000       1       1       6.650644       3.951980      10.602624       2.858175       2.708141       1.000000     541.499386       0.000000            0
# Jump frustrated.
       196        98.0000       1       1       6.425225       4.179309      10.604534       2.858175       2.781622       1.000000     541.499386       0.000000            0
# Jump frustrated.
       197        98.5000       1       1       6.208458       4.397503      10.605961       2.858175       2.807203       1.000000     541.499386       0.000000            0
       198        99.0000       1       1       5.994582       4.606770      10.601352       2.858175       2.807420       1.000000     541.499386       0.000000            0
# Jump frustrated.
       199        99.5000       1       1       5.751439       4.849047      10.600486       2.858176       2.822394       1.000000     541.499386       0.000000            0
       200       100.0000       1       1       5.459955       5.140111      10.600065       2.858176       2.884072       1.000000     541.499386       0.000000            0
# Jump frustrated.
       201       100.5000       1       1       5.143945       5.464392      10.608337       2.858175       3.021900       1.000000     541.499386       0.000000            0
       202       101.0000       1       1       4.888038       5.725146      10.613184       2.858175       3.146610       1.000000     541.499386       0.000000            1
# Jump frustrated.
       203       101.5000       1       1       4.764012       5.848879      10.612891       2.858176       3.235150       1.000000     541.499386       0.000000            0
       204       102.0000       1       1       4.791631       5.821060      10.612691       2.858176       3.304568       1.000000     541.499386       0.000000            0
# Jump frustrated.
       205       102.5000       1       1       4.985114       5.628816      10.613930       2.858175       3.319796       1.000000     541.499386       0.000000            0
# Jump frustrated.
       206       103.0000       1       1       5.354026       5.256993      10.611019       2.858175       3.206050       1.000000     541.499386       0.000000            0
       207       103.5000       1       1       5.851360       4.751057      10.602417       2.858175       2.934174       1.000000     541.499386       0.000000            0
# Jump frustrated.
       208       104.0000       1       1       6.380483       4.220207      10.600690       2.858175       2.652418       1.000000     541.499386       0.000000            0
# Jump frustrated.
       209       104.5000       1       1       6.878404       3.722990      10.601394       2.858175       2.544789       1.000000     541.499386       0.000000            0
# Jump frustrated.
       210       105.0000       1       1       7.333294       3.267916      10.601210       2.858175       2.448740       1.000000     541.499386       0.000000            1
       211       105.5000       1       1       7.729387       2.867651      10.597038       2.858176       2.338695       1.000000     541.499386       0.000000            0
# Jump frustrated.
       212       106.0000       1       1       8.023356       2.569736      10.593092       2.858177       2.217893       1.000000     541.499386       0.000000            0
# Jump frustrated.
       213       106.5000       1       1       8.152814       2.437491      10.590305       2.858177       2.202181       1.000000     541.499386       0.000000            0
       214       107.0000       1       1       8.094170       2.499565      10.593735       2.858177       2.314368       1.000000     541.499386       0.000000            0
       215       107.5000       1       1       7.882730       2.714645      10.597376       2.858177       2.494863       1.000000     541.499386       0.000000            0
# Jump frustrated.
       216       108.0000       1       1       7.571165       3.028546      10.599711       2.858177       2.683418       1.000000     541.499386       0.000000            1
       217       108.5000       1       1       7.206542       3.396217      10.602759       2.858177       2.840624       1.000000     541.499386       0.000000            0
# Jump frustrated.
       218       109.0000       1       1       6.834236       3.771362      10.605598       2.858177       2.968771       1.000000     541.499386       0.000000            0
# Jump frustrated.
       219       109.5000       1       1       6.497263       4.110591      10.607854       2.858177       3.082832       1.000000     541.499386       0.000000            0
# Jump frustrated.
       220       110.0000       1       1       6.230139       4.378818      10.608958       2.858177       3.207016       1.000000     541.499386       0.000000            0
# Jump frustrated.
       221       110.5000       1       1       6.051479       4.557152      10.608631       2.858176       3.389313       1.000000     541.499386       0.000000            0
# Jump frustrated.
       222       111.0000       1       1       5.972104       4.637288      10.609393       2.858176       3.597799       1.000000     541.499386       0.000000            1
# Jump frustrated.
       223       111.5000       1       1       6.010155       4.599919      10.610074       2.858175       3.733735       1.000000     541.499386       0.000000            0
# Jump frustrated.
       224       112.0000       1       1       6.174107       4.433211      10.607318       2.858175       3.809757       1.000000     541.499386       0.000000            0
       225       112.5000       1       1       6.420885       4.178478      10.599363       2.858176       3.713553       1.000000     541.499386       0.000000            0
# Jump frustrated.
       226       113.0000       1       1       6.643800       3.945336      10.589136       2.858176       3.656493       1.000000     541.499386       0.000000            0
       227       113.5000       1       1       6.716100       3.867899      10.583999       2.858176       3.911951       1.000000     541.499386       0.000000            0
# Jump frustrated.
       228       114.0000       1       1       6.613248       3.986442      10.599691       2.858177       4.628130       1.000000     541.499386       0.000000            0
       229       114.5000       1       1       6.484006       4.122217      10.606223       2.858176       5.270643       1.000000     541.499386       0.000000            1
       230       115.0000       1       1       6.453100       4.148998      10.602098       2.858175       5.305376       1.000000     541.499386       0.000000            0
# Jump frustrated.
       231       115.5000       1       1       6.529492       4.081111      10.610602       2.858174       4.635243       1.000000     541.499386       0.000000            0
# Jump frustrated.
       232       116.0000       1       1       6.687506       3.912742      10.600248       2.858174       3.905150       1.000000     541.499386       0.000000            0
# Jump frustrated.
       233       116.5000       1       1       6.833695       3.760774      10.594469       2.858173       3.506535       1.000000     541.499386       0.000000            1
# Jump frustrated.
       234       117.0000       1       1       6.881027       3.713855      10.594882       2.858173       3.306075       1.000000     541.499386       0.000000            0
# Jump frustrated.
       235       117.5000       1       1       6.804131       3.788801      10.592931       2.858173       3.192971       1.000000     541.499386       0.000000            0
# Jump frustrated.
       236       118.0000       1       1       6.584623       4.011563      10.596185       2.858173       3.170937       1.000000     541.499386       0.000000            0
       237       118.5000       1       1       6.246397       4.355774      10.602171       2.858174       3.240024       1.000000     541.499386       0.000000            0
       238       119.0000       1       1       5.857126       4.751264      10.608390       2.858175       3.411992       1.000000     541.499386       0.000000            0
# Jump frustrated.
       239       119.5000       1       1       5.489345       5.123087      10.612432       2.858175       3.624884       1.000000     541.499386       0.000000            0
       240       120.0000       1       1       5.202911       5.412491      10.615402       2.858174       3.794422       1.000000     541.499386       0.000000            1
       241       120.5000       1       1       5.040650       5.576292      10.616942       2.858173       3.887491       1.000000     541.499386       0.000000            0
# Jump frustrated.
       242       121.0000       1       1       5.025839       5.591655      10.617494       2.858172       3.919539       1.000000     541.499386       0.000000            0
       243       121.5000       1       1       5.164954       5.451936      10.616889       2.858172       3.882667       1.000000     541.499386       0.000000            0
# Jump frustrated.
       244       122.0000       1       1       5.449716       5.165854      10.615570       2.858172       3.788248       1.000000     541.499386       0.000000            0
# Jump frustrated.
       245       122.5000       1       1       5.855808       4.756454      10.612262       2.858173       3.624672       1.000000     541.499386       0.000000            0
       246       123.0000       1       1       6.330918       4.274808      10.605725       2.858172       3.362773       1.000000     541.499386       0.000000            1
# Jump frustrated.
       247       123.5000       1       1       6.786218       3.811638      10.597855       2.858172       3.038475       1.000000     541.499386       0.000000            0
# Jump frustrated.
       248       124.0000       1       1       7.123387       3.469295      10.592681       2.858172       2.835571       1.000000     541.499386       0.000000            0
# Jump frustrated.
       249       124.5000       1       1       7.280387       3.311929      10.592316       2.858173       3.035885       1.000000     541.499386       0.000000            0
# Jump frustrated.
       250       125.0000       1       1       7.283345       3.318365      10.601710       2.858173       3.729142       1.000000     541.499386       0.000000            0
# Jump frustrated.
       251       125.5000       1       1       7.308832       3.310061      10.618892       2.858173       4.436501       1.000000     541.499386       0.000000            1
# Jump frustrated.
       252       126.0000       1       1       7.582701       3.034567      10.617268       2.858174       4.379297       1.000000     541.499386       0.000000            0
# Jump frustrated.
       253       126.5000       1       1       8.087046       2.508700      10.595746       2.858174       3.420488       1.000000     541.499386       0.000000            0
# Jump frustrated.
       254       127.0000       1       1       8.534697       2.045945      10.580642       2.858173       2.333927       1.000000     541.499386       0.000000            0
       255       127.5000       1       1       8.686962       1.895431      10.582392       2.858174       2.000570       1.000000     541.499386       0.000000            0
# Jump frustrated.
       256       128.0000       1       1       8.514209       2.076671      10.590880       2.858174       2.332355       1.000000     541.499386       0.000000            0
       257       128.5000       1       1       8.109827       2.489185      10.599012       2.858174       2.757153       1.000000     541.499386       0.000000            0
# Jump frustrated.
       258       129.0000       1       1       7.585194       3.018789      10.603983       2.858174       3.055108       1.000000     541.499386       0.000000            1
       259       129.5000       1       1       7.010657       3.592820      10.603477       2.858174       3.313150       1.000000     541.499386       0.000000            0
# Jump frustrated.
       260       130.0000       1       1       6.410917       4.196332      10.607249       2.858174       3.609135       1.000000     541.499386       0.000000            0
# Jump frustrated.
       261       130.5000       1       1       5.837722       4.774309      10.612031       2.858173       3.694323       1.000000     541.499386       0.000000            0
       262       131.0000       1       1       5.356012       5.258654      10.614666       2.858174       3.747747       1.000000     541.499386       0.000000            0
# Jump frustrated.
       263       131.5000       1       1       5.005058       5.611585      10.616643       2.858174       3.783017       1.000000     541.499386       0.000000            0
# Jump frustrated.
       264       132.0000       1       1       4.808704       5.807150      10.615855       2.858174       3.789993       1.000000     541.499386       0.000000            0
       265       132.5000       1       1       4.763464       5.850955      10.614419       2.858173       3.767407       1.000000     541.499386       0.000000            0
       266       133.0000       1       1       4.849414       5.763968      10.613382       2.858172       3.762787       1.000000     541.499386       0.000000            1
# Jump frustrated.
       267       133.5000       1       1       5.054121       5.559061      10.613182       2.858171       3.771672       1.000000     541.499386       0.000000            0
# Jump frustrated.
       268       134.0000       1       1       5.368302       5.242253      10.610556       2.858170       3.757019       1.000000     541.499386       0.000000            0
# Jump frustrated.
       269       134.5000       1       1       5.752506       4.851538      10.604045       2.858170       3.620123       1.000000     541.499386       0.000000            0
# Jump frustrated.
       270       135.0000       1       1       6.126738       4.471411      10.598149       2.858168       3.455417       1.000000     541.499386       0.000000            0
       271       135.5000       1       1       6.408323       4.185537      10.593859       2.858168       3.384017       1.000000     541.499386       0.000000            1
       272       136.0000       1       1       6.539111       4.053291      10.592403       2.858168       3.450278       1.000000     541.499386       0.000000            0
       273       136.5000       1       1       6.521631       4.078412      10.600043       2.858168       3.729780       1.000000     541.499386       0.000000            0
# Jump frustrated.
       274       137.0000       1       1       6.472867       4.141732      10.614599       2.858169       4.053446       1.000000     541.499386       0.000000            0
# Jump frustrated.
       275       137.5000       1       1       6.564577       4.054330      10.618906       2.858169       4.014253       1.000000     541.499386       0.000000            0
# Jump frustrated.
       276       138.0000       1       1       6.845904       3.763473      10.609377       2.858169       3.633726       1.000000     541.499386       0.000000            0
# Jump frustrated.
       277       138.5000       1       1       7.207168       3.392896      10.600063       2.858169       3.350518       1.000000     541.499386       0.000000            0
       278       139.0000       1       1       7.506698       3.087506      10.594205       2.858170       3.145267       1.000000     541.499386       0.000000            1
# Jump frustrated.
       279       139.5000       1       1       7.652697       2.940729      10.593426       2.858170       2.927651       1.000000     541.499386       0.000000            0
# Jump frustrated.
       280       140.0000       1       1       7.618373       2.976437      10.594811       2.858170       2.612497       1.000000     541.499386       0.000000            0
# Jump frustrated.
       281       140.5000       1       1       7.412389       3.183421      10.595810       2.858170       2.310917       1.000000     541.499386       0.000000            0
       282       141.0000       1       1       7.054198       3.544033      10.598231       2.858170       2.254888       1.000000     541.499386       0.000000            0
# Jump frustrated.
       283       141.5000       1       1       6.591016       4.013639      10.604655       2.858170       2.427753       1.000000     541.499386       0.000000            0
# Jump frustrated.
       284       142.0000       1       1       6.094793       4.513762      10.608556       2.858170       2.736160       1.000000     541.499386       0.000000            0
# Jump frustrated.
       285       142.5000       1       1       5.631623       4.981084      10.612707       2.858170       3.091674       1.000000     541.499386       0.000000            1
# Jump frustrated.
       286       143.0000       1       1       5.250751       5.363495      10.614247       2.858170       3.425445       1.000000     541.499386       0.000000            0
# Jump frustrated.
       287       143.5000       1       1       4.979743       5.635252      10.614996       2.858169       3.751436       1.000000     541.499386       0.000000            0
       288       144.0000       1       1       4.829123       5.785974      10.615097       2.858170       4.069910       1.000000     541.499386       0.000000            0
# Jump frustrated.
       289       144.5000       1       1       4.801402       5.813586      10.614988       2.858170       4.360934       1.000000     541.499386       0.000000            0
       290       145.0000       1       1       4.893916       5.720371      10.614287       2.858171       4.592072       1.000000     541.499386       0.000000            0
# Jump frustrated.
       291       145.5000       1       1       5.099512       5.513803      10.613314       2.858171       4.719093       1.000000     541.499386       0.000000            0
       292       146.0000       1       1       5.403057       5.207791      10.610848       2.858172       4.714029       1.000000     541.499386       0.000000            1
# Jump frustrated.
       293       146.5000       1       1       5.778380       4.830155      10.608535       2.858173       4.539719       1.000000     541.499386       0.000000            0
# Jump frustrated.
       294       147.0000       1       1       6.193952       4.410790      10.604741       2.858174       4.226206       1.000000     541.499386       0.000000            0
# Jump frustrated.
       295       147.5000       1       1       6.596098       4.000352      10.596450       2.858175       3.809614       1.000000     541.499386       0.000000            0
# Jump frustrated.
       296       148.0000       1       1       6.901060       3.688735      10.589795       2.858176       3.361086       1.000000     541.499386       0.000000            0
# Jump frustrated.
       297       148.5000       1       1       7.045432       3.546939      10.592371       2.858177       3.210010       1.000000     541.499386       0.000000            0
# Jump frustrated.
       298       149.0000       1       1       7.025614       3.557735      10.583349       2.858177       3.959229       1.000000     541.499386       0.000000            0
       299       149.5000       1       1       6.897735       3.701191      10.598926       2.858175       4.977658       1.000000     541.499386       0.000000            1
# Jump frustrated.
       300       150.0000       1       1       6.956173       3.668182      10.624355       2.858173       5.446980       1.000000     541.499386       0.000000            0
       301       150.5000       1       1       7.438553       3.154771      10.593324       2.858172       4.829078       1.000000     541.499386       0.000000            0
# Jump frustrated.
       302       151.0000       1       1       8.026318       2.532575      10.558893       2.858171       3.443546       1.000000     541.499386       0.000000            0
# Jump frustrated.
       303       151.5000       1       1       8.262185       2.296941      10.559126       2.858170       2.536491       1.000000     541.499386       0.000000            0
       304       152.0000       1       1       8.039700       2.532367      10.572067       2.858170       2.309808       1.000000     541.499386       0.000000            0
# Jump frustrated.
       305       152.5000       1       1       7.481247       3.105153      10.586400       2.858170       2.387200       1.000000     541.499386       0.000000            0
# Jump frustrated.
       306       153.0000       1       1       6.767609       3.827208      10.594817       2.858170       2.484051       1.000000     541.499386       0.000000            0
# Jump frustrated.
       307       153.5000       1       1       6.047755       4.555699      10.603454       2.858170       2.563697       1.000000     541.499386       0.000000            1
       308       154.0000       1       1       5.426793       5.182878      10.609671       2.858171       2.605678       1.000000     541.499386       0.000000            0
# Jump frustrated.
       309       154.5000       1       1       4.979504       5.632138      10.611642       2.858171       2.614708       1.000000     541.499386       0.000000            0
# Jump frustrated.
       310       155.0000       1       1       4.740058       5.871924      10.611982       2.858171       2.609436       1.000000     541.499386       0.000000            0
# Jump frustrated.
       311       155.5000       1       1       4.713188       5.898082      10.611270       2.858172       2.580769       1.000000     541.499386       0.000000            0
       312       156.0000       1       1       4.884281       5.724938      10.609219       2.858171       2.524327       1.000000     541.499386       0.000000            0
# Jump frustrated.
       313       156.5000       1       1       5.220957       5.385087      10.606043       2.858171       2.451330       1.000000     541.499386       0.000000            0
# Jump frustrated.
       314       157.0000       1       1       5.673413       4.927522      10.600935       2.858172       2.374329       1.000000     541.499386       0.000000            1
# Jump frustrated.
       315       157.5000       1       1       6.170920       4.424907      10.595826       2.858172       2.333685       1.000000     541.499386       0.000000            0
# Jump frustrated.
       316       158.0000       1       1       6.623603       3.964021      10.587624       2.858172       2.431544       1.000000     541.499386       0.000000            0
# Jump frustrated.
       317       158.5000       1       1       6.956583       3.632058      10.588641       2.858172       2.765624       1.000000     541.499386       0.000000            0
# Jump frustrated.
       318       159.0000       1       1       7.162537       3.428396      10.590933       2.858173       3.231795       1.000000     541.499386       0.000000            0
# Jump frustrated.
       319       159.5000       1       1       7.288001       3.303625      10.591625       2.858172       3.604215       1.000000     541.499386       0.000000            0
# Jump frustrated.
       320       160.0000       1       1       7.343673       3.237191      10.580863       2.858172       3.649341       1.000000     541.499386       0.000000            0
       321       160.5000       1       1       7.196305       3.360924      10.557229       2.858172       3.510420       1.000000     541.499386       0.000000            0
       322       161.0000       1       1       6.628435       3.922707      10.551142       2.858172       4.189587       1.000000     541.499386       0.000000            0
# Jump frustrated.
       323       161.5000       1       1       5.758322       4.848424      10.606746       2.858172       5.819338       1.000000     541.499386       0.000000            1
       324       162.0000       1       1       5.260768       5.380519      10.641287       2.858172       6.486101       1.000000     541.499386       0.000000            0
# Jump frustrated.
       325       162.5000       1       1       5.566329       5.042744      10.609073       2.858173       5.627659       1.000000     541.499386       0.000000            0
# Jump frustrated.
       326       163.0000       1       1       6.272906       4.285188      10.558094       2.858174       4.035099       1.000000     541.499386       0.000000            0
# Jump frustrated.
       327       163.5000       1       1       6.727486       3.829077      10.556562       2.858175       3.304076       1.000000     541.499386       0.000000            0
# Jump frustrated.
       328       164.0000       1       1       6.731199       3.846931      10.578130       2.858175       3.415536       1.000000     541.499386       0.000000            0
# Jump frustrated.
       329       164.5000       1       1       6.452099       4.139241      10.591339       2.858175       3.658722       1.000000     541.499386       0.000000            1
# Jump frustrated.
       330       165.0000       1       1       6.078229       4.522067      10.600295       2.858175       3.892219       1.000000     541.499386       0.000000            0
# Jump frustrated.
       331       165.5000       1       1       5.735558       4.871261      10.606819       2.858175       4.012672       1.000000     541.499386       0.000000            0
       332       166.0000       1       1       5.511763       5.098797      10.610560       2.858176       4.021033       1.000000     541.499386       0.000000            0
# Jump frustrated.
       333       166.5000       1       1       5.444944       5.164401      10.609344       2.858176       3.958492       1.000000     541.499386       0.000000            0
# Jump frustrated.
       334       167.0000       1       1       5.522397       5.083642      10.606039       2.858176       3.854399       1.000000     541.499386       0.000000            0
# Jump frustrated.
       335       167.5000       1       1       5.702696       4.899080      10.601776       2.858177       3.696823       1.000000     541.499386       0.000000            1
# Jump frustrated.
       336       168.0000       1       1       5.936448       4.662409      10.598856       2.858177       3.483801       1.000000     541.499386       0.000000            0
       337       168.5000       1       1       6.173422       4.422831      10.596253       2.858175       3.228698       1.000000     541.499386       0.000000            0
       338       169.0000       1       1       6.373895       4.221453      10.595348       2.858175       3.022618       1.000000     541.499386       0.000000            0
# Jump frustrated.
       339       169.5000       1       1       6.521786       4.074675      10.596461       2.858174       2.901266       1.000000     541.499386       0.000000            0
# Jump frustrated.
       340       170.0000       1       1       6.632287       3.967758      10.600045       2.858174       2.907042       1.000000     541.499386       0.000000            0
# Jump frustrated.
       341       170.5000       1       1       6.753739       3.850668      10.604406       2.858174       2.979614       1.000000     541.499386       0.000000            0
       342       171.0000       1       1       6.943377       3.663407      10.606783       2.858174       3.011701       1.000000     541.499386       0.000000            1
# Jump frustrated.
       343       171.5000       1       1       7.232031       3.372135      10.604166       2.858174       2.905395       1.000000     541.499386       0.000000            0
# Jump frustrated.
       344       172.0000       1       1       7.595453       3.002803      10.598256       2.858175       2.608739       1.000000     541.499386       0.000000            0
# Jump frustrated.
       345       172.5000       1       1       7.951843       2.638661      10.590504       2.858175       2.146873       1.000000     541.499386       0.000000            0
# Jump frustrated.
       346       173.0000       1       1       8.187923       2.395139      10.583062       2.858175       1.668073       1.000000     541.499386       0.000000            0
       347       173.5000       1       1       8.165413       2.401160      10.566573       2.858176       1.419058       1.000000     541.499386       0.000000            0
# Jump frustrated.
       348       174.0000       1       1       7.701491       2.852081      10.553572       2.858176       2.319620       1.000000     541.499386       0.000000            0
# Jump frustrated.
       349       174.5000       1       1       6.710447       3.855443      10.565889       2.858178       4.452888       1.000000     541.499386       0.000000            1
# Jump frustrated.
       350       175.0000       1       1       5.541692       5.084265      10.625957       2.858179       6.690219       1.000000     541.499386       0.000000            0
       351       175.5000       1       1       4.948626       5.696081      10.644707       2.858177       7.198029       1.000000     541.499386       0.000000            0
       352       176.0000       1       1       5.160677       5.433459      10.594136       2.858176       5.829770       1.000000     541.499386       0.000000            0
# Jump frustrated.
       353       176.5000       1       1       5.592125       4.974856      10.566981       2.858176       3.944823       1.000000     541.499386       0.000000            0
# Jump frustrated.
       354       177.0000       1       1       5.740335       4.834307      10.574641       2.858177       3.051870       1.000000     541.499386       0.000000            0
# Jump frustrated.
       355       177.5000       1       1       5.588916       4.999561      10.588477       2.858178       2.963884       1.000000     541.499386       0.000000            0
       356       178.0000       1       1       5.286543       5.312424      10.598968       2.858179       3.093510       1.000000     541.499386       0.000000            1
# Jump frustrated.
       357       178.5000       1       1       4.962081       5.642311      10.604392       2.858180       3.194329       1.000000     541.499386       0.000000            0
       358       179.0000       1       1       4.697446       5.909708      10.607154       2.858180       3.202385       1.000000     541.499386       0.000000            0
# Jump frustrated.
       359       179.5000       1       1       4.527333       6.079322      10.606655       2.858181       3.179464       1.000000     541.499386       0.000000            0
# Jump frustrated.
       360       180.0000       1       1       4.451871       6.154061      10.605932       2.858181       3.210478       1.000000     541.499386       0.000000            0
# Jump frustrated.
       361       180.5000       1       1       4.473780       6.133923      10.607702       2.858181       3.347214       1.000000     541.499386       0.000000            0
       362       181.0000       1       1       4.621299       5.988391      10.609690       2.858181       3.503617       1.000000     541.499386       0.000000            0
       363       181.5000       1       1       4.931430       5.679680      10.611110       2.858181       3.595637       1.000000     541.499386       0.000000            1
# Jump frustrated.
       364       182.0000       1       1       5.421806       5.187238      10.609044       2.858181       3.530749       1.000000     541.499386       0.000000            0
# Jump frustrated.
       365       182.5000       1       1       6.046690       4.552585      10.599275       2.858181       3.259395       1.000000     541.499386       0.000000            0
       366       183.0000       1       1       6.688947       3.900493      10.589440       2.858180       2.913704       1.000000     541.499386       0.000000            0
       367       183.5000       1       1       7.235089       3.354904      10.589992       2.858181       2.709624       1.000000     541.499386       0.000000            0
# Jump frustrated.
       368       184.0000       1       1       7.663753       2.930556      10.594309       2.858182       2.741131       1.000000     541.499386       0.000000            1
       369       184.5000       1       1       8.013954       2.580947      10.594901       2.858183       2.793763       1.000000     541.499386       0.000000            0
# Jump frustrated.
       370       185.0000       1       1       8.299975       2.292582      10.592556       2.858183       2.800940       1.000000     541.499386       0.000000            0
# Jump frustrated.
       371       185.5000       1       1       8.499579       2.086221      10.585800       2.858184       2.705802       1.000000     541.499386       0.000000            0
# Jump frustrated.
       372       186.0000       1       1       8.527147       2.041170      10.568317       2.858184       2.499029       1.000000     541.499386       0.000000            0
       373       186.5000       1       1       8.222644       2.341161      10.563806       2.858184       2.722974       1.000000     541.499386       0.000000            1
# Jump frustrated.
       374       187.0000       1       1       7.591141       2.997613      10.588754       2.858183       4.011810       1.000000     541.499386       0.000000            0
# Jump frustrated.
       375       187.5000       1       1       7.050412       3.584724      10.635136       2.858183       5.362274       1.000000     541.499386       0.000000            0
       376       188.0000       1       1       7.125095       3.503965      10.629060       2.858182       5.247884       1.000000     541.499386       0.000000            0
# Jump frustrated.
       377       188.5000       1       1       7.737678       2.841908      10.579586       2.858183       3.721698       1.000000     541.499386       0.000000            0
# Jump frustrated.
       378       189.0000       1       1       8.286190       2.272236      10.558426       2.858183       2.197216       1.000000     541.499386       0.000000            0
# Jump frustrated.
       379       189.5000       1       1       8.386538       2.179436      10.565974       2.858184       1.984328       1.000000     541.499386       0.000000            0
# Jump frustrated.
       380       190.0000       1       1       8.056080       2.522817      10.578898       2.858184       2.501496       1.000000     541.499386       0.000000            0
# Jump frustrated.
       381       190.5000       1       1       7.456628       3.134633      10.591261       2.858184       3.073068       1.000000     541.499386       0.000000            1
# Jump frustrated.
       382       191.0000       1       1       6.757131       3.842571      10.599702       2.858184       3.470719       1.000000     541.499386       0.000000            0
# Jump frustrated.
       383       191.5000       1       1       6.088543       4.516877      10.605420       2.858184       3.644512       1.000000     541.499386       0.000000            0
# Jump frustrated.
       384       192.0000       1       1       5.527705       5.077621      10.605327       2.858184       3.495411       1.000000     541.499386       0.000000            0
       385       192.5000       1       1       5.073117       5.527712      10.600829       2.858185       3.199754       1.000000     541.499386       0.000000            0
       386       193.0000       1       1       4.663076       5.933583      10.596658       2.858186       2.964681       1.000000     541.499386       0.000000            0
       387       193.5000       1       1       4.262011       6.338208      10.600219       2.858186       2.914506       1.000000     541.499386       0.000000            1
# Jump frustrated.
       388       194.0000       1       1       3.902618       6.702557      10.605174       2.858186       3.051216       1.000000     541.499386       0.000000            0
# Jump frustrated.
       389       194.5000       1       1       3.653251       6.956044      10.609295       2.858186       3.247521       1.000000     541.499386       0.000000            0
       390       195.0000       1       1       3.575114       7.036180      10.611294       2.858187       3.389599       1.000000     541.499386       0.000000            0
# Jump frustrated.
       391       195.5000       1       1       3.695710       6.914938      10.610648       2.858187       3.450886       1.000000     541.499386       0.000000            0
# Jump frustrated.
       392       196.0000       1       1       4.000469       6.607058      10.607527       2.858188       3.455028       1.000000     541.499386       0.000000            0
# Jump frustrated.
       393       196.5000       1       1       4.444339       6.159458      10.603797       2.858189       3.446719       1.000000     541.499386       0.000000            1
# Jump frustrated.
       394       197.0000       1       1       4.977441       5.624042      10.601482       2.858189       3.433097       1.000000     541.499386       0.000000            0
# Jump frustrated.
       395       197.5000       1       1       5.554905       5.042951      10.597857       2.858189       3.333384       1.000000     541.499386       0.000000            0
       396       198.0000       1       1       6.119041       4.471826      10.590867       2.858188       3.193279       1.000000     541.499386       0.000000            0
# Jump frustrated.
       397       198.5000       1       1       6.574159       4.005542      10.579701       2.858189       3.037923       1.000000     541.499386       0.000000            0
# Jump frustrated.
       398       199.0000       1       1       6.755080       3.803749      10.558829       2.858190       3.208773       1.000000     541.499386       0.000000            0
       399       199.5000       1       1       6.495998       4.064295      10.560292       2.858191       4.459834       1.000000     541.499386       0.000000            1
       400       200.0000       1       1       6.003617       4.614036      10.617653       2.858189       6.376592       1.000000     541.499386       0.000000            0
