#===============================================================================================================================================================================
#     Step |         Time |         State |                                     Energy |      Angular |     Gradient |      Density |           Expectation Value |    Runtime |
#          |              |  diag |   MCH |          kin |          pot |          tot |     Momentum |          RMS |        Total |           DM |            S |            |
#          |         [fs] |       |       |         [eV] |         [eV] |         [eV] |       [hbar] |     [eV/Ang] |              |      [Debye] |              |      [sec] |
#===============================================================================================================================================================================
         0         0.0000       2       2       0.069701      10.241208      10.310909       0.000165       2.899693       1.000000     541.499386       0.000000            4
         1         0.5000       2       2       0.128628      10.180794      10.309422       0.000165       2.858394       1.000000     541.499386       0.000000            2
         2         1.0000       2       2       0.231070      10.076576      10.307646       0.000165       2.735592       1.000000     541.499386       0.000000            1
         3         1.5000       2       2       0.348501       9.957618      10.306118       0.000165       2.538857       1.000000     541.499386       0.000000            0
         4         2.0000       2       2       0.454613       9.850077      10.304691       0.000165       2.285295       1.000000     541.499386       0.000000            0
         5         2.5000       2       2       0.531454       9.773055      10.304509       0.000165       2.002672       1.000000     541.499386       0.000000            0
         6         3.0000       2       2       0.574058       9.731119      10.305177       0.000166       1.757068       1.000000     541.499386       0.000000            0
# Jump frustrated.
         7         3.5000       2       2       0.595185       9.711812      10.306997       0.000166       1.620826       1.000000     541.499386       0.000000            0
# Surface Hop/Pointer State Switch: new state=      1 old state=      2 randnum=  0.502287811 gap= -9.300767 eV
         8         4.0000       1       1       9.920865       0.386132      10.306997       5.339490       1.746015       1.000000     541.499386       0.000000            1
# Jump frustrated.
         9         4.5000       1       1       9.251231       1.061683      10.312915       5.339490       2.992848       1.000000     541.499386       0.000000            0
# Jump frustrated.
        10         5.0000       1       1       8.172298       2.170094      10.342392       5.339491       4.768267       1.000000     541.499386       0.000000            0
# Jump frustrated.
        11         5.5000       1       1       7.123739       3.250062      10.373801       5.339491       5.984066       1.000000     541.499386       0.000000            0
# Jump frustrated.
        12         6.0000       1       1       6.503979       3.863124      10.367103       5.339491       5.776612       1.000000     541.499386       0.000000            0
# Jump frustrated.
        13         6.5000       1       1       6.238889       4.102079      10.340968       5.339492       4.612167       1.000000     541.499386       0.000000            0
        14         7.0000       1       1       5.983908       4.351414      10.335322       5.339492       3.577153       1.000000     541.499386       0.000000            0
# Jump frustrated.
        15         7.5000       1       1       5.585171       4.758530      10.343702       5.339491       3.132998       1.000000     541.499386       0.000000            0
        16         8.0000       1       1       5.100721       5.250765      10.351486       5.339491       3.100012       1.000000     541.499386       0.000000            1
# Jump frustrated.
        17         8.5000       1       1       4.639916       5.718502      10.358418       5.339491       3.237833       1.000000     541.499386       0.000000            0
# Jump frustrated.
        18         9.0000       1       1       4.295439       6.066451      10.361890       5.339491       3.364410       1.000000     541.499386       0.000000            0
# Jump frustrated.
        19         9.5000       1       1       4.124188       6.238556      10.362745       5.339490       3.407350       1.000000     541.499386       0.000000            0
        20        10.0000       1       1       4.137988       6.223194      10.361181       5.339490       3.355524       1.000000     541.499386       0.000000            0
        21        10.5000       1       1       4.308023       6.049219      10.357242       5.339489       3.254379       1.000000     541.499386       0.000000            0
# Jump frustrated.
        22        11.0000       1       1       4.577426       5.775179      10.352605       5.339489       3.194754       1.000000     541.499386       0.000000            0
        23        11.5000       1       1       4.885895       5.463147      10.349042       5.339489       3.275029       1.000000     541.499386       0.000000            1
        24        12.0000       1       1       5.184812       5.160249      10.345061       5.339489       3.566759       1.000000     541.499386       0.000000            0
# Jump frustrated.
        25        12.5000       1       1       5.451239       4.895343      10.346582       5.339490       4.068971       1.000000     541.499386       0.000000            0
# Jump frustrated.
        26        13.0000       1       1       5.745996       4.611337      10.357333       5.339491       4.627838       1.000000     541.499386       0.000000            0
        27        13.5000       1       1       6.225892       4.139033      10.364925       5.339492       4.827110       1.000000     541.499386       0.000000            0
# Jump frustrated.
        28        14.0000       1       1       6.950621       3.394764      10.345385       5.339491       4.210073       1.000000     541.499386       0.000000            0
# Jump frustrated.
        29        14.5000       1       1       7.673544       2.640738      10.314281       5.339491       3.044291       1.000000     541.499386       0.000000            1
# Jump frustrated.
        30        15.0000       1       1       7.999572       2.299640      10.299212       5.339490       2.125991       1.000000     541.499386       0.000000            0
        31        15.5000       1       1       7.724270       2.583853      10.308124       5.339490       2.737561       1.000000     541.499386       0.000000            0
# Jump frustrated.
        32        16.0000       1       1       7.028466       3.316912      10.345378       5.339490       4.252655       1.000000     541.499386       0.000000            0
# Jump frustrated.
        33        16.5000       1       1       6.434018       3.941392      10.375410       5.339490       5.010986       1.000000     541.499386       0.000000            0
        34        17.0000       1       1       6.305802       4.053291      10.359093       5.339490       4.509882       1.000000     541.499386       0.000000            1
# Jump frustrated.
        35        17.5000       1       1       6.452719       3.879317      10.332037       5.339490       3.656885       1.000000     541.499386       0.000000            0
# Jump frustrated.
        36        18.0000       1       1       6.505558       3.826170      10.331728       5.339489       3.748963       1.000000     541.499386       0.000000            0
# Jump frustrated.
        37        18.5000       1       1       6.362056       3.979176      10.341232       5.339490       4.488132       1.000000     541.499386       0.000000            0
# Jump frustrated.
        38        19.0000       1       1       6.120152       4.231418      10.351570       5.339489       5.268928       1.000000     541.499386       0.000000            0
        39        19.5000       1       1       5.911261       4.447121      10.358382       5.339489       5.849029       1.000000     541.499386       0.000000            0
        40        20.0000       1       1       5.834316       4.526634      10.360950       5.339489       6.141887       1.000000     541.499386       0.000000            1
# Jump frustrated.
        41        20.5000       1       1       5.936808       4.424907      10.361715       5.339489       6.064390       1.000000     541.499386       0.000000            0
        42        21.0000       1       1       6.221167       4.139033      10.360200       5.339489       5.787276       1.000000     541.499386       0.000000            0
        43        21.5000       1       1       6.636989       3.716139      10.353127       5.339488       5.428085       1.000000     541.499386       0.000000            0
# Jump frustrated.
        44        22.0000       1       1       7.098462       3.249855      10.348317       5.339488       4.824518       1.000000     541.499386       0.000000            0
        45        22.5000       1       1       7.486964       2.843154      10.330118       5.339487       3.716187       1.000000     541.499386       0.000000            0
        46        23.0000       1       1       7.686955       2.639284      10.326239       5.339487       2.898357       1.000000     541.499386       0.000000            1
# Jump frustrated.
        47        23.5000       1       1       7.668548       2.663574      10.332122       5.339486       2.775193       1.000000     541.499386       0.000000            0
# Jump frustrated.
        48        24.0000       1       1       7.500832       2.841908      10.342741       5.339486       3.235649       1.000000     541.499386       0.000000            0
# Jump frustrated.
        49        24.5000       1       1       7.333842       3.018166      10.352008       5.339486       3.647907       1.000000     541.499386       0.000000            0
# Jump frustrated.
        50        25.0000       1       1       7.270651       3.077541      10.348192       5.339485       3.650109       1.000000     541.499386       0.000000            0
# Jump frustrated.
        51        25.5000       1       1       7.254759       3.079617      10.334376       5.339485       3.328652       1.000000     541.499386       0.000000            0
# Jump frustrated.
        52        26.0000       1       1       7.115358       3.210825      10.326182       5.339485       3.095995       1.000000     541.499386       0.000000            1
        53        26.5000       1       1       6.741451       3.591367      10.332819       5.339486       3.365583       1.000000     541.499386       0.000000            0
        54        27.0000       1       1       6.205920       4.141732      10.347652       5.339485       3.869490       1.000000     541.499386       0.000000            0
# Jump frustrated.
        55        27.5000       1       1       5.693098       4.663862      10.356960       5.339485       4.144098       1.000000     541.499386       0.000000            0
        56        28.0000       1       1       5.322050       5.030910      10.352960       5.339485       3.887763       1.000000     541.499386       0.000000            0
# Jump frustrated.
        57        28.5000       1       1       5.054961       5.290626      10.345586       5.339485       3.444130       1.000000     541.499386       0.000000            0
        58        29.0000       1       1       4.801506       5.542867      10.344373       5.339485       3.190312       1.000000     541.499386       0.000000            0
        59        29.5000       1       1       4.537728       5.809642      10.347370       5.339485       3.211892       1.000000     541.499386       0.000000            1
# Jump frustrated.
        60        30.0000       1       1       4.308522       6.043614      10.352136       5.339485       3.337544       1.000000     541.499386       0.000000            0
# Jump frustrated.
        61        30.5000       1       1       4.179403       6.176275      10.355678       5.339485       3.460532       1.000000     541.499386       0.000000            0
# Jump frustrated.
        62        31.0000       1       1       4.199522       6.157382      10.356904       5.339485       3.532207       1.000000     541.499386       0.000000            0
# Jump frustrated.
        63        31.5000       1       1       4.385124       5.970537      10.355660       5.339486       3.573713       1.000000     541.499386       0.000000            0
# Jump frustrated.
        64        32.0000       1       1       4.721068       5.632138      10.353206       5.339485       3.618401       1.000000     541.499386       0.000000            0
# Jump frustrated.
        65        32.5000       1       1       5.168034       5.181425      10.349459       5.339485       3.645620       1.000000     541.499386       0.000000            1
# Jump frustrated.
        66        33.0000       1       1       5.674210       4.672166      10.346376       5.339484       3.725201       1.000000     541.499386       0.000000            0
# Jump frustrated.
        67        33.5000       1       1       6.202231       4.144015      10.346246       5.339484       3.867449       1.000000     541.499386       0.000000            0
# Jump frustrated.
        68        34.0000       1       1       6.730908       3.613581      10.344489       5.339484       3.877303       1.000000     541.499386       0.000000            0
# Jump frustrated.
        69        34.5000       1       1       7.232405       3.108267      10.340672       5.339484       3.709789       1.000000     541.499386       0.000000            0
# Jump frustrated.
        70        35.0000       1       1       7.663315       2.675408      10.338722       5.339485       3.287127       1.000000     541.499386       0.000000            0
# Jump frustrated.
        71        35.5000       1       1       7.987963       2.351127      10.339089       5.339485       2.854314       1.000000     541.499386       0.000000            1
        72        36.0000       1       1       8.206189       2.134178      10.340367       5.339484       2.556184       1.000000     541.499386       0.000000            0
# Jump frustrated.
        73        36.5000       1       1       8.335825       2.005047      10.340872       5.339485       2.348899       1.000000     541.499386       0.000000            0
# Jump frustrated.
        74        37.0000       1       1       8.378613       1.958543      10.337156       5.339485       2.086342       1.000000     541.499386       0.000000            0
        75        37.5000       1       1       8.288835       2.043454      10.332289       5.339484       1.966985       1.000000     541.499386       0.000000            0
# Jump frustrated.
        76        38.0000       1       1       8.013593       2.319986      10.333578       5.339485       2.280436       1.000000     541.499386       0.000000            0
# Jump frustrated.
        77        38.5000       1       1       7.561418       2.776512      10.337930       5.339484       2.821952       1.000000     541.499386       0.000000            0
# Jump frustrated.
        78        39.0000       1       1       6.999833       3.344731      10.344563       5.339484       3.344247       1.000000     541.499386       0.000000            0
# Jump frustrated.
        79        39.5000       1       1       6.413054       3.935371      10.348425       5.339483       3.788739       1.000000     541.499386       0.000000            1
        80        40.0000       1       1       5.867826       4.484698      10.352523       5.339483       4.182127       1.000000     541.499386       0.000000            0
# Jump frustrated.
        81        40.5000       1       1       5.419192       4.936864      10.356056       5.339484       4.434616       1.000000     541.499386       0.000000            0
        82        41.0000       1       1       5.105349       5.251596      10.356945       5.339483       4.651895       1.000000     541.499386       0.000000            0
# Jump frustrated.
        83        41.5000       1       1       4.946139       5.411868      10.358006       5.339483       4.820768       1.000000     541.499386       0.000000            0
# Jump frustrated.
        84        42.0000       1       1       4.955988       5.401903      10.357891       5.339483       4.915543       1.000000     541.499386       0.000000            0
# Jump frustrated.
        85        42.5000       1       1       5.136409       5.219624      10.356033       5.339483       4.913748       1.000000     541.499386       0.000000            1
        86        43.0000       1       1       5.470806       4.883925      10.354731       5.339482       4.746277       1.000000     541.499386       0.000000            0
# Jump frustrated.
        87        43.5000       1       1       5.921502       4.426568      10.348069       5.339481       4.384491       1.000000     541.499386       0.000000            0
# Jump frustrated.
        88        44.0000       1       1       6.413988       3.926029      10.340017       5.339481       3.840263       1.000000     541.499386       0.000000            0
        89        44.5000       1       1       6.846356       3.486941      10.333297       5.339480       3.165759       1.000000     541.499386       0.000000            0
        90        45.0000       1       1       7.105606       3.217260      10.322866       5.339480       2.408700       1.000000     541.499386       0.000000            0
# Jump frustrated.
        91        45.5000       1       1       7.067319       3.247571      10.314890       5.339481       2.223522       1.000000     541.499386       0.000000            0
        92        46.0000       1       1       6.669390       3.651988      10.321379       5.339481       3.341086       1.000000     541.499386       0.000000            0
# Jump frustrated.
        93        46.5000       1       1       6.075924       4.276676      10.352600       5.339482       5.049562       1.000000     541.499386       0.000000            1
# Jump frustrated.
        94        47.0000       1       1       5.737118       4.641856      10.378974       5.339484       6.055554       1.000000     541.499386       0.000000            0
# Jump frustrated.
        95        47.5000       1       1       5.973262       4.384839      10.358100       5.339484       5.614144       1.000000     541.499386       0.000000            0
# Jump frustrated.
        96        48.0000       1       1       6.527033       3.792745      10.319778       5.339483       4.046439       1.000000     541.499386       0.000000            0
        97        48.5000       1       1       6.894923       3.417808      10.312732       5.339482       2.657351       1.000000     541.499386       0.000000            0
        98        49.0000       1       1       6.877445       3.444590      10.322035       5.339482       2.103219       1.000000     541.499386       0.000000            0
# Jump frustrated.
        99        49.5000       1       1       6.551216       3.781535      10.332751       5.339482       2.169583       1.000000     541.499386       0.000000            0
# Jump frustrated.
       100        50.0000       1       1       6.064005       4.279582      10.343588       5.339482       2.423955       1.000000     541.499386       0.000000            1
       101        50.5000       1       1       5.556368       4.794654      10.351022       5.339481       2.650521       1.000000     541.499386       0.000000            0
# Jump frustrated.
       102        51.0000       1       1       5.133989       5.220455      10.354443       5.339481       2.784994       1.000000     541.499386       0.000000            0
# Jump frustrated.
       103        51.5000       1       1       4.852345       5.503215      10.355559       5.339480       2.856132       1.000000     541.499386       0.000000            0
       104        52.0000       1       1       4.729891       5.626325      10.356216       5.339480       2.915236       1.000000     541.499386       0.000000            0
       105        52.5000       1       1       4.771911       5.583973      10.355884       5.339481       2.975838       1.000000     541.499386       0.000000            0
# Jump frustrated.
       106        53.0000       1       1       4.973261       5.380934      10.354195       5.339481       3.026967       1.000000     541.499386       0.000000            0
       107        53.5000       1       1       5.313489       5.038591      10.352080       5.339482       3.059732       1.000000     541.499386       0.000000            1
# Jump frustrated.
       108        54.0000       1       1       5.769505       4.580819      10.350324       5.339483       3.093901       1.000000     541.499386       0.000000            0
# Jump frustrated.
       109        54.5000       1       1       6.304577       4.038551      10.343129       5.339483       3.028822       1.000000     541.499386       0.000000            0
# Jump frustrated.
       110        55.0000       1       1       6.849549       3.489640      10.339189       5.339483       2.873396       1.000000     541.499386       0.000000            0
       111        55.5000       1       1       7.326813       3.004879      10.331692       5.339483       2.655630       1.000000     541.499386       0.000000            0
# Jump frustrated.
       112        56.0000       1       1       7.630765       2.688072      10.318836       5.339483       2.403743       1.000000     541.499386       0.000000            0
# Jump frustrated.
       113        56.5000       1       1       7.596666       2.707172      10.303837       5.339482       2.553304       1.000000     541.499386       0.000000            0
       114        57.0000       1       1       7.110991       3.198784      10.309774       5.339482       3.747694       1.000000     541.499386       0.000000            0
# Jump frustrated.
       115        57.5000       1       1       6.373485       3.970041      10.343526       5.339482       5.489667       1.000000     541.499386       0.000000            1
# Jump frustrated.
       116        58.0000       1       1       5.956265       4.419509      10.375774       5.339481       6.437508       1.000000     541.499386       0.000000            0
       117        58.5000       1       1       6.289221       4.068032      10.357253       5.339480       5.939498       1.000000     541.499386       0.000000            0
       118        59.0000       1       1       7.124414       3.182175      10.306589       5.339481       4.251983       1.000000     541.499386       0.000000            0
# Jump frustrated.
       119        59.5000       1       1       7.811133       2.483372      10.294504       5.339481       2.760268       1.000000     541.499386       0.000000            0
       120        60.0000       1       1       8.035076       2.263101      10.298178       5.339481       2.503384       1.000000     541.499386       0.000000            0
       121        60.5000       1       1       7.845936       2.463649      10.309586       5.339481       2.849584       1.000000     541.499386       0.000000            0
       122        61.0000       1       1       7.381423       2.940729      10.322152       5.339481       3.182921       1.000000     541.499386       0.000000            1
# Jump frustrated.
       123        61.5000       1       1       6.806419       3.524933      10.331352       5.339481       3.337010       1.000000     541.499386       0.000000            0
       124        62.0000       1       1       6.243064       4.092944      10.336008       5.339481       3.329907       1.000000     541.499386       0.000000            0
# Jump frustrated.
       125        62.5000       1       1       5.759821       4.577913      10.337734       5.339482       3.190142       1.000000     541.499386       0.000000            0
       126        63.0000       1       1       5.373908       4.961985      10.335893       5.339481       2.964815       1.000000     541.499386       0.000000            0
       127        63.5000       1       1       5.063945       5.269865      10.333810       5.339481       2.790236       1.000000     541.499386       0.000000            0
# Jump frustrated.
       128        64.0000       1       1       4.804763       5.529165      10.333928       5.339482       2.732655       1.000000     541.499386       0.000000            1
# Jump frustrated.
       129        64.5000       1       1       4.602816       5.734488      10.337304       5.339482       2.841376       1.000000     541.499386       0.000000            0
# Jump frustrated.
       130        65.0000       1       1       4.507746       5.834347      10.342092       5.339481       3.048250       1.000000     541.499386       0.000000            0
       131        65.5000       1       1       4.584835       5.759193      10.344028       5.339481       3.160329       1.000000     541.499386       0.000000            0
       132        66.0000       1       1       4.860454       5.480793      10.341247       5.339481       3.069489       1.000000     541.499386       0.000000            0
# Jump frustrated.
       133        66.5000       1       1       5.290719       5.044197      10.334916       5.339481       2.857365       1.000000     541.499386       0.000000            1
# Jump frustrated.
       134        67.0000       1       1       5.777389       4.548640      10.326030       5.339480       2.695211       1.000000     541.499386       0.000000            0
# Jump frustrated.
       135        67.5000       1       1       6.194602       4.122217      10.316819       5.339479       2.616513       1.000000     541.499386       0.000000            0
       136        68.0000       1       1       6.423510       3.887206      10.310717       5.339479       2.724203       1.000000     541.499386       0.000000            0
# Jump frustrated.
       137        68.5000       1       1       6.404941       3.906514      10.311455       5.339479       3.200107       1.000000     541.499386       0.000000            0
       138        69.0000       1       1       6.195148       4.126992      10.322140       5.339479       4.066645       1.000000     541.499386       0.000000            1
# Jump frustrated.
       139        69.5000       1       1       5.975861       4.354113      10.329974       5.339478       4.779770       1.000000     541.499386       0.000000            0
       140        70.0000       1       1       5.884687       4.437986      10.322673       5.339477       5.111040       1.000000     541.499386       0.000000            0
# Jump frustrated.
       141        70.5000       1       1       5.922693       4.403108      10.325801       5.339477       5.494856       1.000000     541.499386       0.000000            0
       142        71.0000       1       1       6.146580       4.186575      10.333155       5.339478       5.647345       1.000000     541.499386       0.000000            0
# Jump frustrated.
       143        71.5000       1       1       6.584902       3.730048      10.314951       5.339478       4.882476       1.000000     541.499386       0.000000            0
# Jump frustrated.
       144        72.0000       1       1       6.985312       3.314836      10.300147       5.339478       3.772011       1.000000     541.499386       0.000000            0
       145        72.5000       1       1       7.096264       3.211032      10.307297       5.339478       3.279122       1.000000     541.499386       0.000000            0
       146        73.0000       1       1       6.920171       3.397048      10.317219       5.339477       3.280466       1.000000     541.499386       0.000000            1
# Jump frustrated.
       147        73.5000       1       1       6.573722       3.752262      10.325985       5.339476       3.419146       1.000000     541.499386       0.000000            0
# Jump frustrated.
       148        74.0000       1       1       6.172393       4.158963      10.331356       5.339476       3.525028       1.000000     541.499386       0.000000            0
# Jump frustrated.
       149        74.5000       1       1       5.797846       4.536599      10.334445       5.339477       3.600657       1.000000     541.499386       0.000000            0
# Jump frustrated.
       150        75.0000       1       1       5.495436       4.840743      10.336179       5.339479       3.718326       1.000000     541.499386       0.000000            0
       151        75.5000       1       1       5.303009       5.037138      10.340147       5.339480       3.954541       1.000000     541.499386       0.000000            0
       152        76.0000       1       1       5.281861       5.064542      10.346404       5.339481       4.223129       1.000000     541.499386       0.000000            0
# Jump frustrated.
       153        76.5000       1       1       5.517792       4.834722      10.352514       5.339480       4.392401       1.000000     541.499386       0.000000            0
# Jump frustrated.
       154        77.0000       1       1       6.075127       4.273354      10.348482       5.339480       4.390223       1.000000     541.499386       0.000000            1
# Jump frustrated.
       155        77.5000       1       1       6.859767       3.464520      10.324287       5.339480       3.720295       1.000000     541.499386       0.000000            0
# Jump frustrated.
       156        78.0000       1       1       7.620711       2.704680      10.325392       5.339480       2.721175       1.000000     541.499386       0.000000            0
       157        78.5000       1       1       8.168408       2.144558      10.312966       5.339480       2.035006       1.000000     541.499386       0.000000            0
       158        79.0000       1       1       8.388919       1.920136      10.309054       5.339480       2.080971       1.000000     541.499386       0.000000            0
# Jump frustrated.
       159        79.5000       1       1       8.246173       2.070443      10.316615       5.339479       3.051681       1.000000     541.499386       0.000000            1
       160        80.0000       1       1       7.869683       2.462196      10.331879       5.339478       4.207130       1.000000     541.499386       0.000000            0
       161        80.5000       1       1       7.496959       2.846683      10.343642       5.339477       4.915862       1.000000     541.499386       0.000000            0
# Jump frustrated.
       162        81.0000       1       1       7.303932       3.040587      10.344519       5.339476       5.088209       1.000000     541.499386       0.000000            0
# Jump frustrated.
       163        81.5000       1       1       7.309684       3.026885      10.336569       5.339476       4.718117       1.000000     541.499386       0.000000            0
# Jump frustrated.
       164        82.0000       1       1       7.372743       2.947165      10.319908       5.339477       3.797076       1.000000     541.499386       0.000000            0
# Jump frustrated.
       165        82.5000       1       1       7.258314       3.054912      10.313226       5.339476       2.867131       1.000000     541.499386       0.000000            0
# Jump frustrated.
       166        83.0000       1       1       6.846494       3.476146      10.322640       5.339476       2.541961       1.000000     541.499386       0.000000            1
# Jump frustrated.
       167        83.5000       1       1       6.215707       4.119933      10.335641       5.339476       2.650896       1.000000     541.499386       0.000000            0
# Jump frustrated.
       168        84.0000       1       1       5.514753       4.830155      10.344907       5.339477       2.812936       1.000000     541.499386       0.000000            0
       169        84.5000       1       1       4.860788       5.488682      10.349470       5.339477       2.860306       1.000000     541.499386       0.000000            0
# Jump frustrated.
       170        85.0000       1       1       4.310568       6.039047      10.349614       5.339477       2.862019       1.000000     541.499386       0.000000            0
       171        85.5000       1       1       3.878014       6.472529      10.350543       5.339476       2.843441       1.000000     541.499386       0.000000            0
# Jump frustrated.
       172        86.0000       1       1       3.569106       6.782485      10.351592       5.339477       2.914841       1.000000     541.499386       0.000000            0
       173        86.5000       1       1       3.412247       6.943380      10.355627       5.339478       3.140317       1.000000     541.499386       0.000000            0
# Jump frustrated.
       174        87.0000       1       1       3.472994       6.887534      10.360528       5.339477       3.384105       1.000000     541.499386       0.000000            1
# Jump frustrated.
       175        87.5000       1       1       3.815997       6.544361      10.360357       5.339477       3.441747       1.000000     541.499386       0.000000            0
       176        88.0000       1       1       4.433908       5.918843      10.352751       5.339477       3.255992       1.000000     541.499386       0.000000            0
       177        88.5000       1       1       5.227352       5.115406      10.342758       5.339476       2.999156       1.000000     541.499386       0.000000            0
# Jump frustrated.
       178        89.0000       1       1       6.053837       4.280620      10.334458       5.339476       2.784924       1.000000     541.499386       0.000000            0
       179        89.5000       1       1       6.772107       3.552337      10.324444       5.339477       2.645970       1.000000     541.499386       0.000000            0
# Jump frustrated.
       180        90.0000       1       1       7.242098       3.067784      10.309882       5.339477       2.583387       1.000000     541.499386       0.000000            0
# Jump frustrated.
       181        90.5000       1       1       7.322986       2.982458      10.305444       5.339477       2.878988       1.000000     541.499386       0.000000            1
# Jump frustrated.
       182        91.0000       1       1       7.033585       3.291168      10.324754       5.339476       3.754443       1.000000     541.499386       0.000000            0
# Jump frustrated.
       183        91.5000       1       1       6.676135       3.675033      10.351168       5.339475       4.693441       1.000000     541.499386       0.000000            0
# Jump frustrated.
       184        92.0000       1       1       6.630847       3.725896      10.356744       5.339476       5.064800       1.000000     541.499386       0.000000            0
# Jump frustrated.
       185        92.5000       1       1       6.983830       3.354488      10.338318       5.339477       4.959461       1.000000     541.499386       0.000000            0
# Jump frustrated.
       186        93.0000       1       1       7.512311       2.812013      10.324324       5.339477       4.637546       1.000000     541.499386       0.000000            1
       187        93.5000       1       1       7.960730       2.352580      10.313310       5.339476       4.131002       1.000000     541.499386       0.000000            0
# Jump frustrated.
       188        94.0000       1       1       8.157809       2.154939      10.312747       5.339476       3.508437       1.000000     541.499386       0.000000            0
       189        94.5000       1       1       8.038782       2.278464      10.317247       5.339476       3.160685       1.000000     541.499386       0.000000            0
# Jump frustrated.
       190        95.0000       1       1       7.648581       2.677899      10.326480       5.339477       3.226740       1.000000     541.499386       0.000000            0
# Jump frustrated.
       191        95.5000       1       1       7.101702       3.233869      10.335571       5.339478       3.441406       1.000000     541.499386       0.000000            0
# Jump frustrated.
       192        96.0000       1       1       6.519700       3.819734      10.339435       5.339477       3.444104       1.000000     541.499386       0.000000            0
       193        96.5000       1       1       5.960104       4.379234      10.339337       5.339477       3.451152       1.000000     541.499386       0.000000            0
       194        97.0000       1       1       5.440998       4.901364      10.342362       5.339477       3.656937       1.000000     541.499386       0.000000            0
       195        97.5000       1       1       5.017558       5.333600      10.351158       5.339478       4.090388       1.000000     541.499386       0.000000            1
       196        98.0000       1       1       4.818028       5.543283      10.361311       5.339478       4.475032       1.000000     541.499386       0.000000            0
# Jump frustrated.
       197        98.5000       1       1       4.967453       5.392560      10.360014       5.339479       4.442359       1.000000     541.499386       0.000000            0
# Jump frustrated.
       198        99.0000       1       1       5.449138       4.899495      10.348633       5.339478       4.006533       1.000000     541.499386       0.000000            0
       199        99.5000       1       1       6.104258       4.231210      10.335468       5.339477       3.501071       1.000000     541.499386       0.000000            0
# Jump frustrated.
       200       100.0000       1       1       6.751277       3.578288      10.329565       5.339478       3.119943       1.000000     541.499386       0.000000            0
# Jump frustrated.
       201       100.5000       1       1       7.263409       3.058442      10.321851       5.339478       2.914503       1.000000     541.499386       0.000000            0
       202       101.0000       1       1       7.532733       2.777758      10.310491       5.339479       2.798058       1.000000     541.499386       0.000000            1
       203       101.5000       1       1       7.436424       2.867444      10.303868       5.339478       3.038543       1.000000     541.499386       0.000000            0
       204       102.0000       1       1       6.936292       3.372965      10.309257       5.339477       3.709157       1.000000     541.499386       0.000000            0
       205       102.5000       1       1       6.146027       4.176402      10.322429       5.339478       4.582077       1.000000     541.499386       0.000000            0
       206       103.0000       1       1       5.344126       5.002053      10.346179       5.339478       5.371867       1.000000     541.499386       0.000000            0
# Jump frustrated.
       207       103.5000       1       1       4.909466       5.457126      10.366592       5.339478       5.862960       1.000000     541.499386       0.000000            0
# Jump frustrated.
       208       104.0000       1       1       5.087076       5.267789      10.354865       5.339478       5.522988       1.000000     541.499386       0.000000            1
# Jump frustrated.
       209       104.5000       1       1       5.699701       4.622548      10.322249       5.339479       4.441606       1.000000     541.499386       0.000000            0
       210       105.0000       1       1       6.282438       4.021735      10.304174       5.339480       3.326206       1.000000     541.499386       0.000000            0
       211       105.5000       1       1       6.511358       3.797105      10.308463       5.339480       2.932369       1.000000     541.499386       0.000000            0
# Jump frustrated.
       212       106.0000       1       1       6.378096       3.945336      10.323432       5.339480       3.057515       1.000000     541.499386       0.000000            0
# Jump frustrated.
       213       106.5000       1       1       6.035265       4.298475      10.333739       5.339480       3.211203       1.000000     541.499386       0.000000            0
# Jump frustrated.
       214       107.0000       1       1       5.616642       4.721576      10.338219       5.339481       3.319983       1.000000     541.499386       0.000000            1
# Jump frustrated.
       215       107.5000       1       1       5.195427       5.146132      10.341558       5.339481       3.426804       1.000000     541.499386       0.000000            0
# Jump frustrated.
       216       108.0000       1       1       4.826265       5.520238      10.346504       5.339481       3.642317       1.000000     541.499386       0.000000            0
       217       108.5000       1       1       4.588048       5.766459      10.354508       5.339480       3.953174       1.000000     541.499386       0.000000            0
# Jump frustrated.
       218       109.0000       1       1       4.589930       5.769989      10.359919       5.339480       4.135160       1.000000     541.499386       0.000000            0
# Jump frustrated.
       219       109.5000       1       1       4.899738       5.456711      10.356448       5.339481       3.987205       1.000000     541.499386       0.000000            0
# Jump frustrated.
       220       110.0000       1       1       5.464859       4.880188      10.345047       5.339481       3.555516       1.000000     541.499386       0.000000            1
# Jump frustrated.
       221       110.5000       1       1       6.138630       4.194256      10.332886       5.339480       3.099907       1.000000     541.499386       0.000000            0
       222       111.0000       1       1       6.764230       3.562302      10.326532       5.339481       2.774863       1.000000     541.499386       0.000000            0
# Jump frustrated.
       223       111.5000       1       1       7.232545       3.090621      10.323165       5.339481       2.825959       1.000000     541.499386       0.000000            0
       224       112.0000       1       1       7.512797       2.813051      10.325848       5.339481       3.294183       1.000000     541.499386       0.000000            0
# Jump frustrated.
       225       112.5000       1       1       7.657476       2.673955      10.331431       5.339481       3.894655       1.000000     541.499386       0.000000            0
# Jump frustrated.
       226       113.0000       1       1       7.757140       2.573058      10.330198       5.339482       4.176875       1.000000     541.499386       0.000000            0
       227       113.5000       1       1       7.790853       2.519703      10.310556       5.339482       3.972233       1.000000     541.499386       0.000000            1
# Jump frustrated.
       228       114.0000       1       1       7.562011       2.737690      10.299701       5.339480       4.259065       1.000000     541.499386       0.000000            0
       229       114.5000       1       1       7.040362       3.294075      10.334437       5.339480       5.755008       1.000000     541.499386       0.000000            0
# Jump frustrated.
       230       115.0000       1       1       6.704407       3.668804      10.373211       5.339480       6.786661       1.000000     541.499386       0.000000            0
# Jump frustrated.
       231       115.5000       1       1       6.999139       3.349921      10.349060       5.339480       6.167089       1.000000     541.499386       0.000000            0
       232       116.0000       1       1       7.637577       2.666481      10.304058       5.339480       4.422121       1.000000     541.499386       0.000000            0
# Jump frustrated.
       233       116.5000       1       1       8.012500       2.284070      10.296570       5.339481       3.211783       1.000000     541.499386       0.000000            0
# Jump frustrated.
       234       117.0000       1       1       7.903317       2.408426      10.311743       5.339482       3.155294       1.000000     541.499386       0.000000            1
       235       117.5000       1       1       7.431308       2.893602      10.324910       5.339482       3.541524       1.000000     541.499386       0.000000            0
# Jump frustrated.
       236       118.0000       1       1       6.763832       3.566247      10.330079       5.339482       3.809867       1.000000     541.499386       0.000000            0
# Jump frustrated.
       237       118.5000       1       1       5.984919       4.346224      10.331143       5.339481       4.125644       1.000000     541.499386       0.000000            0
# Jump frustrated.
       238       119.0000       1       1       5.141440       5.194919      10.336359       5.339481       4.522508       1.000000     541.499386       0.000000            0
       239       119.5000       1       1       4.346017       6.005207      10.351224       5.339481       5.142768       1.000000     541.499386       0.000000            0
       240       120.0000       1       1       3.834964       6.534188      10.369152       5.339482       5.702953       1.000000     541.499386       0.000000            0
       241       120.5000       1       1       3.840944       6.526091      10.367035       5.339483       5.627426       1.000000     541.499386       0.000000            1
# Jump frustrated.
       242       121.0000       1       1       4.333798       6.012058      10.345856       5.339483       4.880262       1.000000     541.499386       0.000000            0
       243       121.5000       1       1       5.031458       5.298099      10.329557       5.339484       3.995652       1.000000     541.499386       0.000000            0
       244       122.0000       1       1       5.662145       4.657218      10.319364       5.339485       3.353759       1.000000     541.499386       0.000000            0
# Jump frustrated.
       245       122.5000       1       1       6.063181       4.250310      10.313491       5.339485       3.123491       1.000000     541.499386       0.000000            0
       246       123.0000       1       1       6.190463       4.129898      10.320362       5.339486       3.574104       1.000000     541.499386       0.000000            0
# Jump frustrated.
       247       123.5000       1       1       6.167888       4.165399      10.333287       5.339485       4.409052       1.000000     541.499386       0.000000            0
       248       124.0000       1       1       6.186090       4.144015      10.330106       5.339485       4.855031       1.000000     541.499386       0.000000            0
# Jump frustrated.
       249       124.5000       1       1       6.230923       4.076543      10.307466       5.339484       4.839077       1.000000     541.499386       0.000000            1
# Jump frustrated.
       250       125.0000       1       1       6.096765       4.209204      10.305969       5.339484       5.246080       1.000000     541.499386       0.000000            0
# Jump frustrated.
       251       125.5000       1       1       5.814854       4.518953      10.333806       5.339483       6.138303       1.000000     541.499386       0.000000            0
# Jump frustrated.
       252       126.0000       1       1       5.761802       4.595559      10.357362       5.339483       6.600157       1.000000     541.499386       0.000000            0
# Jump frustrated.
       253       126.5000       1       1       6.231283       4.114120      10.345403       5.339483       5.991290       1.000000     541.499386       0.000000            1
# Jump frustrated.
       254       127.0000       1       1       7.029526       3.279335      10.308861       5.339482       4.368718       1.000000     541.499386       0.000000            0
       255       127.5000       1       1       7.650038       2.646343      10.296381       5.339482       2.832139       1.000000     541.499386       0.000000            0
# Jump frustrated.
       256       128.0000       1       1       7.814522       2.492714      10.307236       5.339482       2.283040       1.000000     541.499386       0.000000            0
# Jump frustrated.
       257       128.5000       1       1       7.583310       2.739351      10.322661       5.339482       2.451314       1.000000     541.499386       0.000000            0
# Jump frustrated.
       258       129.0000       1       1       7.140253       3.194631      10.334884       5.339483       2.733444       1.000000     541.499386       0.000000            0
# Jump frustrated.
       259       129.5000       1       1       6.646063       3.694548      10.340610       5.339484       2.887631       1.000000     541.499386       0.000000            0
       260       130.0000       1       1       6.193101       4.151282      10.344382       5.339485       2.962497       1.000000     541.499386       0.000000            0
       261       130.5000       1       1       5.832434       4.516461      10.348895       5.339486       3.036619       1.000000     541.499386       0.000000            1
# Jump frustrated.
       262       131.0000       1       1       5.595922       4.752510      10.348432       5.339485       3.197564       1.000000     541.499386       0.000000            0
# Jump frustrated.
       263       131.5000       1       1       5.504309       4.846556      10.350865       5.339485       3.371976       1.000000     541.499386       0.000000            0
# Jump frustrated.
       264       132.0000       1       1       5.555030       4.791332      10.346362       5.339485       3.449201       1.000000     541.499386       0.000000            0
       265       132.5000       1       1       5.703811       4.637703      10.341515       5.339484       3.527879       1.000000     541.499386       0.000000            0
       266       133.0000       1       1       5.891903       4.446706      10.338609       5.339484       3.732664       1.000000     541.499386       0.000000            0
       267       133.5000       1       1       6.089420       4.250518      10.339937       5.339484       4.109158       1.000000     541.499386       0.000000            0
       268       134.0000       1       1       6.316622       4.027963      10.344585       5.339484       4.379052       1.000000     541.499386       0.000000            1
       269       134.5000       1       1       6.648022       3.704513      10.352535       5.339483       4.417404       1.000000     541.499386       0.000000            0
# Jump frustrated.
       270       135.0000       1       1       7.137454       3.208126      10.345580       5.339482       4.008558       1.000000     541.499386       0.000000            0
       271       135.5000       1       1       7.681089       2.648004      10.329093       5.339483       3.274327       1.000000     541.499386       0.000000            0
       272       136.0000       1       1       8.082284       2.239227      10.321511       5.339483       2.790313       1.000000     541.499386       0.000000            0
# Jump frustrated.
       273       136.5000       1       1       8.224252       2.098677      10.322930       5.339482       2.834151       1.000000     541.499386       0.000000            0
# Jump frustrated.
       274       137.0000       1       1       8.087964       2.232583      10.320547       5.339483       3.083557       1.000000     541.499386       0.000000            0
# Jump frustrated.
       275       137.5000       1       1       7.668677       2.656100      10.324778       5.339483       3.605174       1.000000     541.499386       0.000000            0
# Jump frustrated.
       276       138.0000       1       1       7.057871       3.283072      10.340942       5.339484       4.192523       1.000000     541.499386       0.000000            1
# Jump frustrated.
       277       138.5000       1       1       6.462954       3.888452      10.351406       5.339485       4.395136       1.000000     541.499386       0.000000            0
# Jump frustrated.
       278       139.0000       1       1       6.012638       4.335013      10.347651       5.339485       4.017284       1.000000     541.499386       0.000000            0
# Jump frustrated.
       279       139.5000       1       1       5.658353       4.683585      10.341938       5.339485       3.523054       1.000000     541.499386       0.000000            0
       280       140.0000       1       1       5.314682       5.028419      10.343101       5.339485       3.286112       1.000000     541.499386       0.000000            0
# Jump frustrated.
       281       140.5000       1       1       4.974329       5.373668      10.347997       5.339485       3.283543       1.000000     541.499386       0.000000            0
# Jump frustrated.
       282       141.0000       1       1       4.684471       5.667224      10.351694       5.339486       3.352554       1.000000     541.499386       0.000000            0
       283       141.5000       1       1       4.496438       5.858014      10.354452       5.339487       3.417906       1.000000     541.499386       0.000000            1
       284       142.0000       1       1       4.443018       5.911992      10.355010       5.339488       3.420199       1.000000     541.499386       0.000000            0
       285       142.5000       1       1       4.530252       5.823136      10.353388       5.339489       3.349978       1.000000     541.499386       0.000000            0
# Jump frustrated.
       286       143.0000       1       1       4.738841       5.611793      10.350634       5.339488       3.226883       1.000000     541.499386       0.000000            0
       287       143.5000       1       1       5.026192       5.319691      10.345882       5.339488       3.027947       1.000000     541.499386       0.000000            0
       288       144.0000       1       1       5.326948       5.013056      10.340004       5.339489       2.850511       1.000000     541.499386       0.000000            0
       289       144.5000       1       1       5.582176       4.756662      10.338838       5.339490       2.871428       1.000000     541.499386       0.000000            0
       290       145.0000       1       1       5.798771       4.546772      10.345543       5.339491       3.217582       1.000000     541.499386       0.000000            1
# Jump frustrated.
       291       145.5000       1       1       6.071813       4.279998      10.351811       5.339494       3.617319       1.000000     541.499386       0.000000            0
       292       146.0000       1       1       6.487198       3.861878      10.349077       5.339494       3.768491       1.000000     541.499386       0.000000            0
# Jump frustrated.
       293       146.5000       1       1       7.009815       3.330406      10.340221       5.339492       3.699114       1.000000     541.499386       0.000000            0
# Jump frustrated.
       294       147.0000       1       1       7.521263       2.814089      10.335352       5.339491       3.612752       1.000000     541.499386       0.000000            0
# Jump frustrated.
       295       147.5000       1       1       7.929395       2.404274      10.333669       5.339490       3.505453       1.000000     541.499386       0.000000            0
       296       148.0000       1       1       8.182650       2.150371      10.333021       5.339490       3.424077       1.000000     541.499386       0.000000            1
# Jump frustrated.
       297       148.5000       1       1       8.268916       2.067951      10.336868       5.339491       3.444706       1.000000     541.499386       0.000000            0
# Jump frustrated.
       298       149.0000       1       1       8.228100       2.112794      10.340895       5.339491       3.505229       1.000000     541.499386       0.000000            0
       299       149.5000       1       1       8.104368       2.235490      10.339857       5.339491       3.523191       1.000000     541.499386       0.000000            0
       300       150.0000       1       1       7.896880       2.438944      10.335824       5.339491       3.452399       1.000000     541.499386       0.000000            0
# Jump frustrated.
       301       150.5000       1       1       7.580405       2.754921      10.335326       5.339491       3.335661       1.000000     541.499386       0.000000            0
       302       151.0000       1       1       7.166890       3.173663      10.340553       5.339491       3.249816       1.000000     541.499386       0.000000            0
# Jump frustrated.
       303       151.5000       1       1       6.723238       3.622923      10.346162       5.339491       3.177364       1.000000     541.499386       0.000000            1
# Jump frustrated.
       304       152.0000       1       1       6.325242       4.025472      10.350714       5.339490       3.175072       1.000000     541.499386       0.000000            0
       305       152.5000       1       1       6.028757       4.324010      10.352767       5.339490       3.202117       1.000000     541.499386       0.000000            0
# Jump frustrated.
       306       153.0000       1       1       5.853671       4.497362      10.351033       5.339491       3.208150       1.000000     541.499386       0.000000            0
# Jump frustrated.
       307       153.5000       1       1       5.768636       4.577290      10.345926       5.339491       3.210052       1.000000     541.499386       0.000000            0
# Jump frustrated.
       308       154.0000       1       1       5.697956       4.641440      10.339396       5.339492       3.327579       1.000000     541.499386       0.000000            0
# Jump frustrated.
       309       154.5000       1       1       5.558454       4.777630      10.336084       5.339493       3.716205       1.000000     541.499386       0.000000            0
# Jump frustrated.
       310       155.0000       1       1       5.324461       5.017000      10.341461       5.339493       4.379821       1.000000     541.499386       0.000000            1
       311       155.5000       1       1       5.081828       5.271111      10.352938       5.339493       5.051551       1.000000     541.499386       0.000000            0
# Jump frustrated.
       312       156.0000       1       1       4.987064       5.372630      10.359694       5.339496       5.348354       1.000000     541.499386       0.000000            0
# Jump frustrated.
       313       156.5000       1       1       5.134689       5.222531      10.357220       5.339498       5.170792       1.000000     541.499386       0.000000            0
       314       157.0000       1       1       5.496183       4.854860      10.351043       5.339498       4.673134       1.000000     541.499386       0.000000            0
       315       157.5000       1       1       5.971402       4.371137      10.342539       5.339497       4.038264       1.000000     541.499386       0.000000            0
       316       158.0000       1       1       6.437658       3.895511      10.333168       5.339497       3.370132       1.000000     541.499386       0.000000            0
# Jump frustrated.
       317       158.5000       1       1       6.759510       3.560849      10.320359       5.339497       2.727684       1.000000     541.499386       0.000000            1
# Jump frustrated.
       318       159.0000       1       1       6.764575       3.540504      10.305078       5.339497       2.496501       1.000000     541.499386       0.000000            0
# Jump frustrated.
       319       159.5000       1       1       6.350590       3.967758      10.318347       5.339497       3.874777       1.000000     541.499386       0.000000            0
# Jump frustrated.
       320       160.0000       1       1       5.883821       4.501514      10.385335       5.339497       5.758544       1.000000     541.499386       0.000000            0
# Jump frustrated.
       321       160.5000       1       1       6.079143       4.294530      10.373673       5.339497       5.651848       1.000000     541.499386       0.000000            0
       322       161.0000       1       1       6.817810       3.487564      10.305374       5.339497       3.659297       1.000000     541.499386       0.000000            0
       323       161.5000       1       1       7.316987       2.983080      10.300068       5.339497       2.494966       1.000000     541.499386       0.000000            1
       324       162.0000       1       1       7.326315       2.997198      10.323513       5.339497       2.815974       1.000000     541.499386       0.000000            0
# Jump frustrated.
       325       162.5000       1       1       7.047428       3.293867      10.341295       5.339496       3.291822       1.000000     541.499386       0.000000            0
       326       163.0000       1       1       6.722318       3.629567      10.351885       5.339496       3.452393       1.000000     541.499386       0.000000            0
       327       163.5000       1       1       6.478289       3.871843      10.350132       5.339496       3.200815       1.000000     541.499386       0.000000            0
       328       164.0000       1       1       6.291954       4.047894      10.339848       5.339495       2.729073       1.000000     541.499386       0.000000            1
       329       164.5000       1       1       6.037850       4.293700      10.331550       5.339495       2.359343       1.000000     541.499386       0.000000            0
# Jump frustrated.
       330       165.0000       1       1       5.627533       4.707874      10.335407       5.339494       2.445559       1.000000     541.499386       0.000000            0
# Jump frustrated.
       331       165.5000       1       1       5.121469       5.228759      10.350228       5.339494       3.036691       1.000000     541.499386       0.000000            0
# Jump frustrated.
       332       166.0000       1       1       4.715976       5.647501      10.363477       5.339495       3.573700       1.000000     541.499386       0.000000            0
       333       166.5000       1       1       4.578330       5.781615      10.359945       5.339494       3.600883       1.000000     541.499386       0.000000            0
       334       167.0000       1       1       4.669882       5.676774      10.346656       5.339494       3.374452       1.000000     541.499386       0.000000            0
# Jump frustrated.
       335       167.5000       1       1       4.817987       5.521484      10.339471       5.339495       3.279852       1.000000     541.499386       0.000000            0
       336       168.0000       1       1       4.895733       5.442594      10.338326       5.339495       3.310599       1.000000     541.499386       0.000000            1
# Jump frustrated.
       337       168.5000       1       1       4.864276       5.476849      10.341125       5.339495       3.389230       1.000000     541.499386       0.000000            0
# Jump frustrated.
       338       169.0000       1       1       4.751670       5.594977      10.346646       5.339496       3.411666       1.000000     541.499386       0.000000            0
# Jump frustrated.
       339       169.5000       1       1       4.612638       5.736357      10.348994       5.339496       3.325985       1.000000     541.499386       0.000000            0
       340       170.0000       1       1       4.482515       5.867356      10.349871       5.339495       3.139316       1.000000     541.499386       0.000000            0
# Jump frustrated.
       341       170.5000       1       1       4.374195       5.975934      10.350129       5.339493       2.885196       1.000000     541.499386       0.000000            0
       342       171.0000       1       1       4.291947       6.058354      10.350301       5.339494       2.618310       1.000000     541.499386       0.000000            1
# Jump frustrated.
       343       171.5000       1       1       4.236133       6.113993      10.350126       5.339494       2.415821       1.000000     541.499386       0.000000            0
       344       172.0000       1       1       4.206889       6.143473      10.350362       5.339494       2.322254       1.000000     541.499386       0.000000            0
       345       172.5000       1       1       4.211007       6.140151      10.351158       5.339494       2.337563       1.000000     541.499386       0.000000            0
# Jump frustrated.
       346       173.0000       1       1       4.265697       6.087211      10.352908       5.339495       2.412690       1.000000     541.499386       0.000000            0
# Jump frustrated.
       347       173.5000       1       1       4.394266       5.959949      10.354215       5.339496       2.466945       1.000000     541.499386       0.000000            1
# Jump frustrated.
       348       174.0000       1       1       4.612894       5.741132      10.354026       5.339497       2.433349       1.000000     541.499386       0.000000            0
# Jump frustrated.
       349       174.5000       1       1       4.913981       5.437403      10.351385       5.339497       2.279302       1.000000     541.499386       0.000000            0
       350       175.0000       1       1       5.257057       5.089247      10.346305       5.339496       2.014867       1.000000     541.499386       0.000000            0
       351       175.5000       1       1       5.567843       4.770572      10.338415       5.339496       1.639833       1.000000     541.499386       0.000000            0
# Jump frustrated.
       352       176.0000       1       1       5.749138       4.583311      10.332449       5.339496       1.302334       1.000000     541.499386       0.000000            0
# Jump frustrated.
       353       176.5000       1       1       5.728643       4.603241      10.331884       5.339496       1.457093       1.000000     541.499386       0.000000            1
# Jump frustrated.
       354       177.0000       1       1       5.496819       4.836590      10.333409       5.339496       2.148185       1.000000     541.499386       0.000000            0
# Jump frustrated.
       355       177.5000       1       1       5.103198       5.236856      10.340053       5.339495       3.197790       1.000000     541.499386       0.000000            0
# Jump frustrated.
       356       178.0000       1       1       4.698109       5.659957      10.358066       5.339495       4.367086       1.000000     541.499386       0.000000            0
# Jump frustrated.
       357       178.5000       1       1       4.551347       5.818361      10.369708       5.339493       4.910683       1.000000     541.499386       0.000000            0
       358       179.0000       1       1       4.806141       5.547850      10.353991       5.339493       4.378599       1.000000     541.499386       0.000000            0
# Jump frustrated.
       359       179.5000       1       1       5.264757       5.068694      10.333451       5.339493       3.188536       1.000000     541.499386       0.000000            0
# Jump frustrated.
       360       180.0000       1       1       5.614869       4.711819      10.326688       5.339492       2.169383       1.000000     541.499386       0.000000            1
       361       180.5000       1       1       5.710832       4.620472      10.331304       5.339492       1.786888       1.000000     541.499386       0.000000            0
# Jump frustrated.
       362       181.0000       1       1       5.580750       4.758946      10.339695       5.339493       1.927504       1.000000     541.499386       0.000000            0
# Jump frustrated.
       363       181.5000       1       1       5.324396       5.022606      10.347001       5.339493       2.203979       1.000000     541.499386       0.000000            0
# Jump frustrated.
       364       182.0000       1       1       5.036042       5.315538      10.351580       5.339492       2.484385       1.000000     541.499386       0.000000            0
# Jump frustrated.
       365       182.5000       1       1       4.782438       5.572348      10.354785       5.339492       2.760859       1.000000     541.499386       0.000000            0
# Jump frustrated.
       366       183.0000       1       1       4.612336       5.744868      10.357205       5.339492       2.971956       1.000000     541.499386       0.000000            1
# Jump frustrated.
       367       183.5000       1       1       4.561412       5.796770      10.358182       5.339492       3.019586       1.000000     541.499386       0.000000            0
       368       184.0000       1       1       4.638133       5.717880      10.356013       5.339492       2.839247       1.000000     541.499386       0.000000            0
# Jump frustrated.
       369       184.5000       1       1       4.811759       5.539961      10.351720       5.339493       2.452395       1.000000     541.499386       0.000000            1
# Jump frustrated.
       370       185.0000       1       1       5.022674       5.324673      10.347347       5.339493       1.966275       1.000000     541.499386       0.000000            0
# Jump frustrated.
       371       185.5000       1       1       5.209674       5.135128      10.344803       5.339492       1.557082       1.000000     541.499386       0.000000            0
# Jump frustrated.
       372       186.0000       1       1       5.333792       5.010565      10.344357       5.339492       1.449175       1.000000     541.499386       0.000000            0
       373       186.5000       1       1       5.391277       4.955341      10.346618       5.339492       1.731022       1.000000     541.499386       0.000000            0
       374       187.0000       1       1       5.417550       4.933127      10.350677       5.339493       2.193781       1.000000     541.499386       0.000000            0
# Jump frustrated.
       375       187.5000       1       1       5.474175       4.880188      10.354363       5.339494       2.592475       1.000000     541.499386       0.000000            2
# Jump frustrated.
       376       188.0000       1       1       5.611599       4.742337      10.353936       5.339494       2.774936       1.000000     541.499386       0.000000            1
       377       188.5000       1       1       5.822878       4.524766      10.347644       5.339495       2.698273       1.000000     541.499386       0.000000            0
       378       189.0000       1       1       6.023705       4.313838      10.337543       5.339496       2.435756       1.000000     541.499386       0.000000            0
# Jump frustrated.
       379       189.5000       1       1       6.083322       4.245120      10.328441       5.339497       2.220613       1.000000     541.499386       0.000000            0
# Jump frustrated.
       380       190.0000       1       1       5.899226       4.429267      10.328493       5.339499       2.494931       1.000000     541.499386       0.000000            0
# Jump frustrated.
       381       190.5000       1       1       5.509036       4.834930      10.343965       5.339498       3.346332       1.000000     541.499386       0.000000            0
       382       191.0000       1       1       5.158672       5.205715      10.364387       5.339497       4.025584       1.000000     541.499386       0.000000            0
# Jump frustrated.
       383       191.5000       1       1       5.106115       5.254295      10.360410       5.339496       3.862814       1.000000     541.499386       0.000000            1
# Jump frustrated.
       384       192.0000       1       1       5.314239       5.026965      10.341205       5.339496       3.091572       1.000000     541.499386       0.000000            0
       385       192.5000       1       1       5.536104       4.796938      10.333041       5.339497       2.604419       1.000000     541.499386       0.000000            0
# Jump frustrated.
       386       193.0000       1       1       5.621278       4.715348      10.336626       5.339497       2.691604       1.000000     541.499386       0.000000            0
# Jump frustrated.
       387       193.5000       1       1       5.587734       4.756870      10.344603       5.339496       2.919462       1.000000     541.499386       0.000000            0
# Jump frustrated.
       388       194.0000       1       1       5.522289       4.827248      10.349537       5.339496       2.943237       1.000000     541.499386       0.000000            0
       389       194.5000       1       1       5.482806       4.866693      10.349499       5.339495       2.709205       1.000000     541.499386       0.000000            0
# Jump frustrated.
       390       195.0000       1       1       5.466745       4.880395      10.347141       5.339495       2.322226       1.000000     541.499386       0.000000            1
# Jump frustrated.
       391       195.5000       1       1       5.436870       4.908007      10.344877       5.339495       1.936390       1.000000     541.499386       0.000000            0
# Jump frustrated.
       392       196.0000       1       1       5.357824       4.986482      10.344306       5.339494       1.752814       1.000000     541.499386       0.000000            0
# Jump frustrated.
       393       196.5000       1       1       5.215397       5.129731      10.345128       5.339494       1.918508       1.000000     541.499386       0.000000            0
# Jump frustrated.
       394       197.0000       1       1       5.026603       5.321767      10.348370       5.339493       2.357411       1.000000     541.499386       0.000000            0
# Jump frustrated.
       395       197.5000       1       1       4.845136       5.508405      10.353540       5.339494       2.840288       1.000000     541.499386       0.000000            0
# Jump frustrated.
       396       198.0000       1       1       4.746550       5.610962      10.357513       5.339494       3.137733       1.000000     541.499386       0.000000            1
       397       198.5000       1       1       4.785884       5.571102      10.356986       5.339495       3.131648       1.000000     541.499386       0.000000            0
# Jump frustrated.
       398       199.0000       1       1       4.960376       5.392976      10.353352       5.339495       2.852573       1.000000     541.499386       0.000000            0
# Jump frustrated.
       399       199.5000       1       1       5.215375       5.133468      10.348842       5.339494       2.442949       1.000000     541.499386       0.000000            0
# Jump frustrated.
       400       200.0000       1       1       5.482429       4.862956      10.345386       5.339495       2.051712       1.000000     541.499386       0.000000            1
