#===============================================================================================================================================================================
#     Step |         Time |         State |                                     Energy |      Angular |     Gradient |      Density |           Expectation Value |    Runtime |
#          |              |  diag |   MCH |          kin |          pot |          tot |     Momentum |          RMS |        Total |           DM |            S |            |
#          |         [fs] |       |       |         [eV] |         [eV] |         [eV] |       [hbar] |     [eV/Ang] |              |      [Debye] |              |      [sec] |
#===============================================================================================================================================================================
         0         0.0000       2       2       0.086267      10.037338      10.123605       0.000077       2.593599       1.000000     541.499386       0.000000            5
# Jump frustrated.
         1         0.5000       2       2       0.069805      10.054777      10.124582       0.000077       2.572263       1.000000     541.499386       0.000000            2
         2         1.0000       2       2       0.111207      10.012841      10.124048       0.000077       2.442798       1.000000     541.499386       0.000000            1
         3         1.5000       2       2       0.202329       9.920041      10.122370       0.000077       2.215235       1.000000     541.499386       0.000000            0
         4         2.0000       2       2       0.318686       9.801498      10.120184       0.000077       1.918755       1.000000     541.499386       0.000000            0
         5         2.5000       2       2       0.429060       9.689598      10.118658       0.000077       1.585085       1.000000     541.499386       0.000000            0
# Jump frustrated.
         6         3.0000       2       2       0.506452       9.611122      10.117574       0.000077       1.267053       1.000000     541.499386       0.000000            0
# Surface Hop/Pointer State Switch: new state=      1 old state=      2 randnum=  0.310132922 gap= -9.475571 eV
         7         3.5000       1       1      10.011711       0.105863      10.117574       3.476573       1.212393       1.000000     541.499386       0.000000            0
         8         4.0000       1       1       9.581454       0.541006      10.122460       3.476573       2.325601       1.000000     541.499386       0.000000            1
         9         4.5000       1       1       8.583150       1.568035      10.151186       3.476573       4.255826       1.000000     541.499386       0.000000            0
# Jump frustrated.
        10         5.0000       1       1       7.446851       2.742672      10.189524       3.476573       5.793405       1.000000     541.499386       0.000000            0
# Jump frustrated.
        11         5.5000       1       1       6.699015       3.495038      10.194053       3.476573       5.957714       1.000000     541.499386       0.000000            0
# Jump frustrated.
        12         6.0000       1       1       6.410321       3.752677      10.162998       3.476574       4.870094       1.000000     541.499386       0.000000            0
# Jump frustrated.
        13         6.5000       1       1       6.218609       3.932257      10.150866       3.476574       3.702368       1.000000     541.499386       0.000000            0
        14         7.0000       1       1       5.876701       4.279790      10.156491       3.476573       3.178620       1.000000     541.499386       0.000000            0
# Jump frustrated.
        15         7.5000       1       1       5.403682       4.760399      10.164081       3.476573       3.155221       1.000000     541.499386       0.000000            1
# Jump frustrated.
        16         8.0000       1       1       4.895179       5.274017      10.169196       3.476573       3.351031       1.000000     541.499386       0.000000            0
# Jump frustrated.
        17         8.5000       1       1       4.443684       5.732204      10.175889       3.476574       3.489684       1.000000     541.499386       0.000000            0
        18         9.0000       1       1       4.142943       6.039462      10.182405       3.476574       3.440278       1.000000     541.499386       0.000000            0
        19         9.5000       1       1       4.039667       6.139321      10.178988       3.476573       3.264222       1.000000     541.499386       0.000000            0
# Jump frustrated.
        20        10.0000       1       1       4.098395       6.074963      10.173357       3.476572       3.091222       1.000000     541.499386       0.000000            0
        21        10.5000       1       1       4.245263       5.923618      10.168880       3.476572       2.993189       1.000000     541.499386       0.000000            1
# Jump frustrated.
        22        11.0000       1       1       4.420992       5.745491      10.166483       3.476571       3.017385       1.000000     541.499386       0.000000            0
        23        11.5000       1       1       4.588921       5.574631      10.163552       3.476571       3.179638       1.000000     541.499386       0.000000            0
# Jump frustrated.
        24        12.0000       1       1       4.735409       5.429099      10.164508       3.476571       3.572742       1.000000     541.499386       0.000000            0
        25        12.5000       1       1       4.912520       5.260730      10.173250       3.476570       4.156216       1.000000     541.499386       0.000000            0
# Jump frustrated.
        26        13.0000       1       1       5.273352       4.912367      10.185719       3.476571       4.627788       1.000000     541.499386       0.000000            0
        27        13.5000       1       1       5.973616       4.206297      10.179913       3.476571       4.491104       1.000000     541.499386       0.000000            0
# Jump frustrated.
        28        14.0000       1       1       6.911865       3.240720      10.152585       3.476571       3.483195       1.000000     541.499386       0.000000            0
        29        14.5000       1       1       7.694040       2.436660      10.130701       3.476571       2.289253       1.000000     541.499386       0.000000            1
        30        15.0000       1       1       7.989055       2.133555      10.122610       3.476571       1.724646       1.000000     541.499386       0.000000            0
        31        15.5000       1       1       7.681370       2.445172      10.126542       3.476571       2.408469       1.000000     541.499386       0.000000            0
# Jump frustrated.
        32        16.0000       1       1       6.892215       3.265010      10.157225       3.476571       4.070409       1.000000     541.499386       0.000000            0
# Jump frustrated.
        33        16.5000       1       1       6.114026       4.086924      10.200950       3.476570       5.352693       1.000000     541.499386       0.000000            0
# Jump frustrated.
        34        17.0000       1       1       5.909800       4.288925      10.198725       3.476570       5.261408       1.000000     541.499386       0.000000            0
        35        17.5000       1       1       6.237294       3.915648      10.152943       3.476570       4.225660       1.000000     541.499386       0.000000            0
        36        18.0000       1       1       6.578531       3.565001      10.143532       3.476570       3.855258       1.000000     541.499386       0.000000            1
# Jump frustrated.
        37        18.5000       1       1       6.674525       3.479260      10.153785       3.476569       4.283242       1.000000     541.499386       0.000000            0
# Jump frustrated.
        38        19.0000       1       1       6.597419       3.566870      10.164289       3.476569       4.775058       1.000000     541.499386       0.000000            0
# Jump frustrated.
        39        19.5000       1       1       6.479753       3.692056      10.171809       3.476569       5.043477       1.000000     541.499386       0.000000            0
# Jump frustrated.
        40        20.0000       1       1       6.417579       3.757660      10.175239       3.476570       5.050508       1.000000     541.499386       0.000000            0
# Jump frustrated.
        41        20.5000       1       1       6.449775       3.724443      10.174218       3.476570       4.863684       1.000000     541.499386       0.000000            0
# Jump frustrated.
        42        21.0000       1       1       6.561170       3.609429      10.170599       3.476571       4.444133       1.000000     541.499386       0.000000            1
        43        21.5000       1       1       6.695065       3.469295      10.164360       3.476570       3.808156       1.000000     541.499386       0.000000            0
# Jump frustrated.
        44        22.0000       1       1       6.760812       3.397048      10.157859       3.476570       3.125098       1.000000     541.499386       0.000000            0
# Jump frustrated.
        45        22.5000       1       1       6.676605       3.480298      10.156903       3.476570       2.874648       1.000000     541.499386       0.000000            0
# Jump frustrated.
        46        23.0000       1       1       6.445844       3.719253      10.165097       3.476570       3.262373       1.000000     541.499386       0.000000            0
        47        23.5000       1       1       6.193202       3.986235      10.179436       3.476571       3.899067       1.000000     541.499386       0.000000            0
# Jump frustrated.
        48        24.0000       1       1       6.099346       4.084848      10.184193       3.476572       4.169338       1.000000     541.499386       0.000000            0
        49        24.5000       1       1       6.233499       3.942845      10.176344       3.476572       3.958820       1.000000     541.499386       0.000000            0
# Jump frustrated.
        50        25.0000       1       1       6.503072       3.663407      10.166478       3.476572       3.519858       1.000000     541.499386       0.000000            1
        51        25.5000       1       1       6.758578       3.401615      10.160193       3.476573       3.072545       1.000000     541.499386       0.000000            0
# Jump frustrated.
        52        26.0000       1       1       6.889396       3.267916      10.157312       3.476573       2.755774       1.000000     541.499386       0.000000            0
        53        26.5000       1       1       6.830240       3.323555      10.153795       3.476574       2.647300       1.000000     541.499386       0.000000            0
# Jump frustrated.
        54        27.0000       1       1       6.541143       3.613581      10.154724       3.476574       2.803642       1.000000     541.499386       0.000000            0
# Jump frustrated.
        55        27.5000       1       1       6.041933       4.121179      10.163112       3.476573       3.248983       1.000000     541.499386       0.000000            0
# Jump frustrated.
        56        28.0000       1       1       5.454478       4.721576      10.176054       3.476573       3.872942       1.000000     541.499386       0.000000            1
        57        28.5000       1       1       4.986313       5.199694      10.186007       3.476573       4.173494       1.000000     541.499386       0.000000            0
# Jump frustrated.
        58        29.0000       1       1       4.773049       5.406262      10.179312       3.476573       3.912584       1.000000     541.499386       0.000000            0
        59        29.5000       1       1       4.745060       5.421210      10.166270       3.476573       3.395099       1.000000     541.499386       0.000000            0
# Jump frustrated.
        60        30.0000       1       1       4.750860       5.413321      10.164181       3.476573       3.194239       1.000000     541.499386       0.000000            0
# Jump frustrated.
        61        30.5000       1       1       4.742714       5.426608      10.169322       3.476573       3.315316       1.000000     541.499386       0.000000            0
# Jump frustrated.
        62        31.0000       1       1       4.765629       5.407716      10.173345       3.476573       3.490531       1.000000     541.499386       0.000000            0
# Jump frustrated.
        63        31.5000       1       1       4.865638       5.308272      10.173910       3.476574       3.598848       1.000000     541.499386       0.000000            0
# Jump frustrated.
        64        32.0000       1       1       5.046669       5.124125      10.170795       3.476574       3.639451       1.000000     541.499386       0.000000            1
        65        32.5000       1       1       5.269450       4.897004      10.166454       3.476575       3.647940       1.000000     541.499386       0.000000            0
# Jump frustrated.
        66        33.0000       1       1       5.482349       4.683377      10.165726       3.476574       3.760092       1.000000     541.499386       0.000000            0
# Jump frustrated.
        67        33.5000       1       1       5.673782       4.495286      10.169068       3.476574       4.026297       1.000000     541.499386       0.000000            0
# Jump frustrated.
        68        34.0000       1       1       5.892423       4.282281      10.174704       3.476573       4.344924       1.000000     541.499386       0.000000            0
        69        34.5000       1       1       6.232007       3.948658      10.180665       3.476572       4.495687       1.000000     541.499386       0.000000            0
# Jump frustrated.
        70        35.0000       1       1       6.772973       3.405975      10.178948       3.476572       4.289738       1.000000     541.499386       0.000000            1
# Jump frustrated.
        71        35.5000       1       1       7.475522       2.688279      10.163801       3.476572       3.578702       1.000000     541.499386       0.000000            0
# Jump frustrated.
        72        36.0000       1       1       8.156617       1.993006      10.149622       3.476572       2.663684       1.000000     541.499386       0.000000            0
# Jump frustrated.
        73        36.5000       1       1       8.625614       1.519455      10.145069       3.476572       1.996187       1.000000     541.499386       0.000000            0
# Jump frustrated.
        74        37.0000       1       1       8.795708       1.351917      10.147625       3.476572       1.949698       1.000000     541.499386       0.000000            0
# Jump frustrated.
        75        37.5000       1       1       8.684355       1.468177      10.152531       3.476573       2.400588       1.000000     541.499386       0.000000            0
        76        38.0000       1       1       8.353001       1.803876      10.156877       3.476573       3.010444       1.000000     541.499386       0.000000            0
# Jump frustrated.
        77        38.5000       1       1       7.868011       2.292997      10.161008       3.476573       3.631963       1.000000     541.499386       0.000000            1
# Jump frustrated.
        78        39.0000       1       1       7.299553       2.867444      10.166997       3.476574       4.150496       1.000000     541.499386       0.000000            0
# Jump frustrated.
        79        39.5000       1       1       6.710862       3.459330      10.170192       3.476574       4.510824       1.000000     541.499386       0.000000            0
        80        40.0000       1       1       6.153997       4.021112      10.175109       3.476574       4.721965       1.000000     541.499386       0.000000            0
# Jump frustrated.
        81        40.5000       1       1       5.672489       4.504420      10.176909       3.476573       4.851953       1.000000     541.499386       0.000000            0
# Jump frustrated.
        82        41.0000       1       1       5.301391       4.877696      10.179087       3.476573       4.912373       1.000000     541.499386       0.000000            0
        83        41.5000       1       1       5.073987       5.107102      10.181089       3.476572       4.861583       1.000000     541.499386       0.000000            1
        84        42.0000       1       1       5.014384       5.166269      10.180653       3.476572       4.668518       1.000000     541.499386       0.000000            0
# Jump frustrated.
        85        42.5000       1       1       5.117594       5.059560      10.177154       3.476571       4.309962       1.000000     541.499386       0.000000            0
# Jump frustrated.
        86        43.0000       1       1       5.342541       4.830362      10.172903       3.476571       3.831399       1.000000     541.499386       0.000000            0
# Jump frustrated.
        87        43.5000       1       1       5.614875       4.549886      10.164761       3.476571       3.309685       1.000000     541.499386       0.000000            0
# Jump frustrated.
        88        44.0000       1       1       5.834407       4.325463      10.159870       3.476570       2.820952       1.000000     541.499386       0.000000            0
# Jump frustrated.
        89        44.5000       1       1       5.931283       4.228304      10.159587       3.476570       2.548835       1.000000     541.499386       0.000000            0
        90        45.0000       1       1       5.886048       4.272939      10.158987       3.476570       2.691575       1.000000     541.499386       0.000000            1
# Jump frustrated.
        91        45.5000       1       1       5.702992       4.458124      10.161116       3.476569       3.318281       1.000000     541.499386       0.000000            0
        92        46.0000       1       1       5.437120       4.731542      10.168661       3.476569       4.208423       1.000000     541.499386       0.000000            0
# Jump frustrated.
        93        46.5000       1       1       5.218137       4.960531      10.178668       3.476570       5.022808       1.000000     541.499386       0.000000            0
        94        47.0000       1       1       5.200260       4.983368      10.183628       3.476570       5.465785       1.000000     541.499386       0.000000            0
        95        47.5000       1       1       5.449648       4.725936      10.175584       3.476570       5.265853       1.000000     541.499386       0.000000            0
# Jump frustrated.
        96        48.0000       1       1       5.850971       4.309685      10.160656       3.476570       4.471114       1.000000     541.499386       0.000000            0
# Jump frustrated.
        97        48.5000       1       1       6.190754       3.962567      10.153321       3.476570       3.584536       1.000000     541.499386       0.000000            1
# Jump frustrated.
        98        49.0000       1       1       6.343155       3.812468      10.155623       3.476569       2.956235       1.000000     541.499386       0.000000            0
        99        49.5000       1       1       6.318548       3.844232      10.162780       3.476568       2.635794       1.000000     541.499386       0.000000            0
       100        50.0000       1       1       6.196381       3.971079      10.167461       3.476568       2.450444       1.000000     541.499386       0.000000            0
       101        50.5000       1       1       6.044584       4.124293      10.168877       3.476569       2.338179       1.000000     541.499386       0.000000            0
# Jump frustrated.
       102        51.0000       1       1       5.897003       4.272939      10.169942       3.476568       2.332940       1.000000     541.499386       0.000000            0
# Jump frustrated.
       103        51.5000       1       1       5.779632       4.393143      10.172775       3.476568       2.447701       1.000000     541.499386       0.000000            0
# Jump frustrated.
       104        52.0000       1       1       5.726587       4.448574      10.175161       3.476567       2.634016       1.000000     541.499386       0.000000            1
       105        52.5000       1       1       5.766096       4.409336      10.175432       3.476566       2.802002       1.000000     541.499386       0.000000            0
       106        53.0000       1       1       5.908957       4.267334      10.176291       3.476565       2.904233       1.000000     541.499386       0.000000            0
# Jump frustrated.
       107        53.5000       1       1       6.157948       4.017583      10.175531       3.476565       2.905481       1.000000     541.499386       0.000000            0
       108        54.0000       1       1       6.494505       3.677109      10.171614       3.476565       2.781977       1.000000     541.499386       0.000000            0
# Jump frustrated.
       109        54.5000       1       1       6.865570       3.300926      10.166496       3.476565       2.600048       1.000000     541.499386       0.000000            0
       110        55.0000       1       1       7.200713       2.960244      10.160957       3.476564       2.400783       1.000000     541.499386       0.000000            0
       111        55.5000       1       1       7.426721       2.728763      10.155484       3.476564       2.212092       1.000000     541.499386       0.000000            1
       112        56.0000       1       1       7.465521       2.682259      10.147780       3.476564       2.120636       1.000000     541.499386       0.000000            0
# Jump frustrated.
       113        56.5000       1       1       7.236256       2.907097      10.143353       3.476563       2.509770       1.000000     541.499386       0.000000            0
# Jump frustrated.
       114        57.0000       1       1       6.743857       3.413449      10.157305       3.476562       3.523286       1.000000     541.499386       0.000000            0
       115        57.5000       1       1       6.228144       3.956547      10.184691       3.476561       4.486635       1.000000     541.499386       0.000000            0
       116        58.0000       1       1       6.061501       4.134881      10.196382       3.476561       4.736069       1.000000     541.499386       0.000000            0
# Jump frustrated.
       117        58.5000       1       1       6.394691       3.784026      10.178717       3.476560       4.087099       1.000000     541.499386       0.000000            0
# Jump frustrated.
       118        59.0000       1       1       6.991670       3.160792      10.152462       3.476561       2.912744       1.000000     541.499386       0.000000            1
# Jump frustrated.
       119        59.5000       1       1       7.472245       2.668764      10.141010       3.476561       2.174834       1.000000     541.499386       0.000000            0
# Jump frustrated.
       120        60.0000       1       1       7.637532       2.508285      10.145816       3.476561       2.249536       1.000000     541.499386       0.000000            0
# Jump frustrated.
       121        60.5000       1       1       7.492417       2.660460      10.152877       3.476561       2.589438       1.000000     541.499386       0.000000            0
# Jump frustrated.
       122        61.0000       1       1       7.119426       3.039134      10.158560       3.476561       2.850667       1.000000     541.499386       0.000000            0
# Jump frustrated.
       123        61.5000       1       1       6.589371       3.571437      10.160809       3.476562       2.978089       1.000000     541.499386       0.000000            0
# Jump frustrated.
       124        62.0000       1       1       5.944957       4.217508      10.162465       3.476561       3.140812       1.000000     541.499386       0.000000            1
       125        62.5000       1       1       5.244764       4.925654      10.170418       3.476561       3.391798       1.000000     541.499386       0.000000            0
# Jump frustrated.
       126        63.0000       1       1       4.591877       5.587503      10.179380       3.476561       3.719547       1.000000     541.499386       0.000000            0
# Jump frustrated.
       127        63.5000       1       1       4.124646       6.062714      10.187359       3.476561       3.923550       1.000000     541.499386       0.000000            0
# Jump frustrated.
       128        64.0000       1       1       3.956755       6.230875      10.187630       3.476561       3.800001       1.000000     541.499386       0.000000            0
# Jump frustrated.
       129        64.5000       1       1       4.085726       6.093855      10.179580       3.476561       3.441934       1.000000     541.499386       0.000000            0
# Jump frustrated.
       130        65.0000       1       1       4.400049       5.771857      10.171906       3.476561       3.220238       1.000000     541.499386       0.000000            0
# Jump frustrated.
       131        65.5000       1       1       4.779741       5.387993      10.167734       3.476561       3.321299       1.000000     541.499386       0.000000            0
# Jump frustrated.
       132        66.0000       1       1       5.150764       5.013886      10.164650       3.476561       3.608471       1.000000     541.499386       0.000000            0
# Jump frustrated.
       133        66.5000       1       1       5.470481       4.692304      10.162785       3.476561       3.867761       1.000000     541.499386       0.000000            0
# Jump frustrated.
       134        67.0000       1       1       5.710724       4.450443      10.161166       3.476561       4.051342       1.000000     541.499386       0.000000            1
# Jump frustrated.
       135        67.5000       1       1       5.853286       4.305533      10.158819       3.476561       4.116578       1.000000     541.499386       0.000000            0
# Jump frustrated.
       136        68.0000       1       1       5.899276       4.262351      10.161627       3.476561       4.168489       1.000000     541.499386       0.000000            0
       137        68.5000       1       1       5.920439       4.251348      10.171787       3.476561       4.403762       1.000000     541.499386       0.000000            0
       138        69.0000       1       1       6.079928       4.098965      10.178893       3.476562       4.536567       1.000000     541.499386       0.000000            0
       139        69.5000       1       1       6.476551       3.694132      10.170683       3.476562       4.211466       1.000000     541.499386       0.000000            0
# Jump frustrated.
       140        70.0000       1       1       7.016401       3.142315      10.158716       3.476562       3.634667       1.000000     541.499386       0.000000            1
# Jump frustrated.
       141        70.5000       1       1       7.518944       2.634509      10.153454       3.476563       3.133068       1.000000     541.499386       0.000000            0
# Jump frustrated.
       142        71.0000       1       1       7.858635       2.294242      10.152877       3.476563       2.900207       1.000000     541.499386       0.000000            0
# Jump frustrated.
       143        71.5000       1       1       7.991796       2.161997      10.153794       3.476562       2.815366       1.000000     541.499386       0.000000            0
       144        72.0000       1       1       7.914084       2.241510      10.155595       3.476563       2.803407       1.000000     541.499386       0.000000            0
# Jump frustrated.
       145        72.5000       1       1       7.646511       2.512437      10.158948       3.476562       2.871679       1.000000     541.499386       0.000000            0
# Jump frustrated.
       146        73.0000       1       1       7.238833       2.926196      10.165030       3.476561       3.028375       1.000000     541.499386       0.000000            0
# Jump frustrated.
       147        73.5000       1       1       6.775052       3.395594      10.170647       3.476561       3.127655       1.000000     541.499386       0.000000            0
       148        74.0000       1       1       6.336622       3.837381      10.174003       3.476560       3.212981       1.000000     541.499386       0.000000            1
# Jump frustrated.
       149        74.5000       1       1       5.977487       4.198616      10.176103       3.476560       3.272523       1.000000     541.499386       0.000000            0
# Jump frustrated.
       150        75.0000       1       1       5.729414       4.447744      10.177158       3.476559       3.318581       1.000000     541.499386       0.000000            0
# Jump frustrated.
       151        75.5000       1       1       5.610180       4.567948      10.178127       3.476558       3.370206       1.000000     541.499386       0.000000            0
# Jump frustrated.
       152        76.0000       1       1       5.627618       4.549886      10.177504       3.476558       3.408837       1.000000     541.499386       0.000000            0
# Jump frustrated.
       153        76.5000       1       1       5.770560       4.404354      10.174913       3.476558       3.444300       1.000000     541.499386       0.000000            0
       154        77.0000       1       1       5.999585       4.170797      10.170382       3.476558       3.509631       1.000000     541.499386       0.000000            0
# Jump frustrated.
       155        77.5000       1       1       6.252015       3.913572      10.165588       3.476559       3.666536       1.000000     541.499386       0.000000            0
# Jump frustrated.
       156        78.0000       1       1       6.472659       3.691434      10.164092       3.476559       3.938348       1.000000     541.499386       0.000000            1
       157        78.5000       1       1       6.641631       3.523272      10.164903       3.476559       4.280853       1.000000     541.499386       0.000000            0
# Jump frustrated.
       158        79.0000       1       1       6.772096       3.394141      10.166238       3.476558       4.627848       1.000000     541.499386       0.000000            0
# Jump frustrated.
       159        79.5000       1       1       6.877243       3.285978      10.163221       3.476558       4.752074       1.000000     541.499386       0.000000            0
# Jump frustrated.
       160        80.0000       1       1       6.928174       3.230755      10.158929       3.476559       4.636840       1.000000     541.499386       0.000000            0
       161        80.5000       1       1       6.877108       3.283695      10.160802       3.476559       4.566727       1.000000     541.499386       0.000000            0
       162        81.0000       1       1       6.757183       3.413449      10.170631       3.476560       4.586673       1.000000     541.499386       0.000000            0
       163        81.5000       1       1       6.682345       3.492754      10.175099       3.476560       4.456678       1.000000     541.499386       0.000000            0
# Jump frustrated.
       164        82.0000       1       1       6.700907       3.466596      10.167503       3.476561       3.995611       1.000000     541.499386       0.000000            1
       165        82.5000       1       1       6.720261       3.437116      10.157377       3.476561       3.312847       1.000000     541.499386       0.000000            0
       166        83.0000       1       1       6.608366       3.546524      10.154890       3.476560       2.777331       1.000000     541.499386       0.000000            0
       167        83.5000       1       1       6.332503       3.829907      10.162410       3.476560       2.572274       1.000000     541.499386       0.000000            0
# Jump frustrated.
       168        84.0000       1       1       5.962682       4.206713      10.169395       3.476560       2.626185       1.000000     541.499386       0.000000            0
# Jump frustrated.
       169        84.5000       1       1       5.584230       4.588501      10.172731       3.476559       2.816896       1.000000     541.499386       0.000000            0
# Jump frustrated.
       170        85.0000       1       1       5.246771       4.926484      10.173255       3.476559       3.105322       1.000000     541.499386       0.000000            1
# Jump frustrated.
       171        85.5000       1       1       4.968009       5.205299      10.173308       3.476560       3.491811       1.000000     541.499386       0.000000            0
       172        86.0000       1       1       4.753816       5.419757      10.173572       3.476560       3.983439       1.000000     541.499386       0.000000            0
# Jump frustrated.
       173        86.5000       1       1       4.609834       5.563628      10.173463       3.476561       4.551094       1.000000     541.499386       0.000000            0
# Jump frustrated.
       174        87.0000       1       1       4.542629       5.630685      10.173314       3.476561       5.123147       1.000000     541.499386       0.000000            0
# Jump frustrated.
       175        87.5000       1       1       4.564088       5.610755      10.174843       3.476562       5.584885       1.000000     541.499386       0.000000            0
# Jump frustrated.
       176        88.0000       1       1       4.700410       5.476849      10.177258       3.476562       5.827645       1.000000     541.499386       0.000000            1
# Jump frustrated.
       177        88.5000       1       1       4.986713       5.192013      10.178726       3.476563       5.799962       1.000000     541.499386       0.000000            0
       178        89.0000       1       1       5.440380       4.734656      10.175036       3.476563       5.481326       1.000000     541.499386       0.000000            0
       179        89.5000       1       1       6.025038       4.144431      10.169469       3.476562       4.961036       1.000000     541.499386       0.000000            0
# Jump frustrated.
       180        90.0000       1       1       6.680013       3.488602      10.168615       3.476563       4.458318       1.000000     541.499386       0.000000            0
# Jump frustrated.
       181        90.5000       1       1       7.366855       2.796442      10.163297       3.476563       4.033803       1.000000     541.499386       0.000000            0
# Jump frustrated.
       182        91.0000       1       1       7.991337       2.157222      10.148560       3.476563       3.308840       1.000000     541.499386       0.000000            0
       183        91.5000       1       1       8.347660       1.781247      10.128907       3.476563       2.634780       1.000000     541.499386       0.000000            1
       184        92.0000       1       1       8.248876       1.881521      10.130397       3.476564       3.201765       1.000000     541.499386       0.000000            0
       185        92.5000       1       1       7.803323       2.360676      10.163999       3.476564       4.753974       1.000000     541.499386       0.000000            0
# Jump frustrated.
       186        93.0000       1       1       7.439957       2.739973      10.179930       3.476565       5.406390       1.000000     541.499386       0.000000            0
       187        93.5000       1       1       7.376622       2.783986      10.160608       3.476564       4.733405       1.000000     541.499386       0.000000            0
       188        94.0000       1       1       7.369197       2.774644      10.143841       3.476564       3.623402       1.000000     541.499386       0.000000            0
# Jump frustrated.
       189        94.5000       1       1       7.175036       2.979136      10.154172       3.476564       3.040432       1.000000     541.499386       0.000000            0
# Jump frustrated.
       190        95.0000       1       1       6.831324       3.333520      10.164844       3.476564       2.904607       1.000000     541.499386       0.000000            0
# Jump frustrated.
       191        95.5000       1       1       6.465422       3.706796      10.172219       3.476564       2.973876       1.000000     541.499386       0.000000            1
# Jump frustrated.
       192        96.0000       1       1       6.177662       3.997445      10.175107       3.476565       3.055184       1.000000     541.499386       0.000000            0
       193        96.5000       1       1       6.005998       4.167060      10.173057       3.476564       3.087171       1.000000     541.499386       0.000000            0
# Jump frustrated.
       194        97.0000       1       1       5.935607       4.235985      10.171593       3.476564       3.104475       1.000000     541.499386       0.000000            0
# Jump frustrated.
       195        97.5000       1       1       5.929720       4.237646      10.167366       3.476564       3.169417       1.000000     541.499386       0.000000            0
# Jump frustrated.
       196        98.0000       1       1       5.924407       4.238061      10.162468       3.476565       3.280483       1.000000     541.499386       0.000000            0
# Jump frustrated.
       197        98.5000       1       1       5.864072       4.299097      10.163169       3.476564       3.538007       1.000000     541.499386       0.000000            0
# Jump frustrated.
       198        99.0000       1       1       5.746138       4.418471      10.164609       3.476564       3.983014       1.000000     541.499386       0.000000            0
# Jump frustrated.
       199        99.5000       1       1       5.615421       4.555076      10.170497       3.476563       4.520370       1.000000     541.499386       0.000000            1
# Jump frustrated.
       200       100.0000       1       1       5.571474       4.606355      10.177829       3.476563       4.928127       1.000000     541.499386       0.000000            0
       201       100.5000       1       1       5.713577       4.463937      10.177514       3.476563       4.952163       1.000000     541.499386       0.000000            0
# Jump frustrated.
       202       101.0000       1       1       6.031512       4.133428      10.164940       3.476563       4.413614       1.000000     541.499386       0.000000            0
       203       101.5000       1       1       6.326618       3.814752      10.141370       3.476562       3.570975       1.000000     541.499386       0.000000            0
       204       102.0000       1       1       6.319851       3.815167      10.135018       3.476562       3.369921       1.000000     541.499386       0.000000            0
       205       102.5000       1       1       5.942372       4.211903      10.154275       3.476561       4.280036       1.000000     541.499386       0.000000            1
# Jump frustrated.
       206       103.0000       1       1       5.471668       4.713272      10.184940       3.476560       5.307875       1.000000     541.499386       0.000000            0
# Jump frustrated.
       207       103.5000       1       1       5.300948       4.889945      10.190893       3.476560       5.372187       1.000000     541.499386       0.000000            0
       208       104.0000       1       1       5.513366       4.655350      10.168717       3.476559       4.473387       1.000000     541.499386       0.000000            0
# Jump frustrated.
       209       104.5000       1       1       5.832890       4.319235      10.152125       3.476559       3.317563       1.000000     541.499386       0.000000            0
# Jump frustrated.
       210       105.0000       1       1       5.993322       4.160209      10.153530       3.476558       2.781956       1.000000     541.499386       0.000000            0
# Jump frustrated.
       211       105.5000       1       1       5.959445       4.203391      10.162836       3.476557       2.880623       1.000000     541.499386       0.000000            0
# Jump frustrated.
       212       106.0000       1       1       5.833012       4.338958      10.171969       3.476557       3.166028       1.000000     541.499386       0.000000            0
# Jump frustrated.
       213       106.5000       1       1       5.729686       4.447328      10.177015       3.476557       3.384859       1.000000     541.499386       0.000000            1
# Jump frustrated.
       214       107.0000       1       1       5.721992       4.456463      10.178455       3.476557       3.514949       1.000000     541.499386       0.000000            0
       215       107.5000       1       1       5.830559       4.346432      10.176990       3.476556       3.580024       1.000000     541.499386       0.000000            0
# Jump frustrated.
       216       108.0000       1       1       6.036928       4.136749      10.173678       3.476555       3.588021       1.000000     541.499386       0.000000            0
# Jump frustrated.
       217       108.5000       1       1       6.290834       3.877241      10.168075       3.476556       3.550511       1.000000     541.499386       0.000000            0
# Jump frustrated.
       218       109.0000       1       1       6.521061       3.642438      10.163499       3.476557       3.551469       1.000000     541.499386       0.000000            0
# Jump frustrated.
       219       109.5000       1       1       6.672995       3.490263      10.163258       3.476557       3.681307       1.000000     541.499386       0.000000            0
       220       110.0000       1       1       6.746256       3.419677      10.165933       3.476557       3.909446       1.000000     541.499386       0.000000            1
# Jump frustrated.
       221       110.5000       1       1       6.791774       3.378571      10.170344       3.476557       4.126857       1.000000     541.499386       0.000000            0
# Jump frustrated.
       222       111.0000       1       1       6.893312       3.282034      10.175346       3.476558       4.291585       1.000000     541.499386       0.000000            0
# Jump frustrated.
       223       111.5000       1       1       7.151858       3.026678      10.178536       3.476559       4.245587       1.000000     541.499386       0.000000            0
       224       112.0000       1       1       7.593654       2.572020      10.165674       3.476558       3.668185       1.000000     541.499386       0.000000            0
# Jump frustrated.
       225       112.5000       1       1       8.047849       2.098262      10.146111       3.476557       2.658725       1.000000     541.499386       0.000000            0
# Jump frustrated.
       226       113.0000       1       1       8.241532       1.894393      10.135925       3.476557       1.835554       1.000000     541.499386       0.000000            0
       227       113.5000       1       1       8.020430       2.121722      10.142152       3.476558       2.174844       1.000000     541.499386       0.000000            0
# Jump frustrated.
       228       114.0000       1       1       7.453044       2.706549      10.159593       3.476558       3.170099       1.000000     541.499386       0.000000            1
# Jump frustrated.
       229       114.5000       1       1       6.775098       3.400992      10.176090       3.476558       3.891101       1.000000     541.499386       0.000000            0
# Jump frustrated.
       230       115.0000       1       1       6.203360       3.973986      10.177346       3.476558       3.939762       1.000000     541.499386       0.000000            0
# Jump frustrated.
       231       115.5000       1       1       5.774983       4.395842      10.170825       3.476557       3.536970       1.000000     541.499386       0.000000            0
# Jump frustrated.
       232       116.0000       1       1       5.413558       4.755416      10.168974       3.476558       3.220232       1.000000     541.499386       0.000000            0
# Jump frustrated.
       233       116.5000       1       1       5.077726       5.092777      10.170503       3.476559       3.134297       1.000000     541.499386       0.000000            0
       234       117.0000       1       1       4.780587       5.392560      10.173148       3.476559       3.154324       1.000000     541.499386       0.000000            0
# Jump frustrated.
       235       117.5000       1       1       4.553524       5.621965      10.175489       3.476559       3.161878       1.000000     541.499386       0.000000            0
       236       118.0000       1       1       4.423684       5.752757      10.176441       3.476560       3.162040       1.000000     541.499386       0.000000            1
# Jump frustrated.
       237       118.5000       1       1       4.406432       5.769781      10.176213       3.476560       3.157263       1.000000     541.499386       0.000000            0
# Jump frustrated.
       238       119.0000       1       1       4.503802       5.671168      10.174970       3.476561       3.148524       1.000000     541.499386       0.000000            0
# Jump frustrated.
       239       119.5000       1       1       4.703122       5.469998      10.173119       3.476561       3.192988       1.000000     541.499386       0.000000            0
# Jump frustrated.
       240       120.0000       1       1       4.987052       5.184331      10.171383       3.476561       3.360276       1.000000     541.499386       0.000000            0
# Jump frustrated.
       241       120.5000       1       1       5.338446       4.830570      10.169016       3.476560       3.654327       1.000000     541.499386       0.000000            0
# Jump frustrated.
       242       121.0000       1       1       5.736785       4.430928      10.167713       3.476559       4.066345       1.000000     541.499386       0.000000            1
# Jump frustrated.
       243       121.5000       1       1       6.194647       3.977308      10.171954       3.476558       4.545265       1.000000     541.499386       0.000000            0
# Jump frustrated.
       244       122.0000       1       1       6.777270       3.397255      10.174525       3.476557       4.684052       1.000000     541.499386       0.000000            0
# Jump frustrated.
       245       122.5000       1       1       7.478028       2.682466      10.160495       3.476556       4.037743       1.000000     541.499386       0.000000            0
       246       123.0000       1       1       8.124585       2.021240      10.145825       3.476556       2.990195       1.000000     541.499386       0.000000            0
# Jump frustrated.
       247       123.5000       1       1       8.502662       1.637999      10.140661       3.476556       2.053989       1.000000     541.499386       0.000000            0
       248       124.0000       1       1       8.518734       1.629279      10.148013       3.476555       1.884642       1.000000     541.499386       0.000000            0
# Jump frustrated.
       249       124.5000       1       1       8.244637       1.914115      10.158752       3.476555       2.227901       1.000000     541.499386       0.000000            1
# Jump frustrated.
       250       125.0000       1       1       7.824846       2.341161      10.166007       3.476554       2.412024       1.000000     541.499386       0.000000            0
       251       125.5000       1       1       7.360803       2.806200      10.167003       3.476555       2.421042       1.000000     541.499386       0.000000            0
# Jump frustrated.
       252       126.0000       1       1       6.878512       3.287639      10.166151       3.476555       2.443265       1.000000     541.499386       0.000000            0
# Jump frustrated.
       253       126.5000       1       1       6.385893       3.781119      10.167013       3.476554       2.569264       1.000000     541.499386       0.000000            0
       254       127.0000       1       1       5.910220       4.260483      10.170702       3.476554       2.794366       1.000000     541.499386       0.000000            0
# Jump frustrated.
       255       127.5000       1       1       5.503392       4.671128      10.174520       3.476554       3.009684       1.000000     541.499386       0.000000            0
       256       128.0000       1       1       5.213604       4.962400      10.176004       3.476555       3.256900       1.000000     541.499386       0.000000            1
# Jump frustrated.
       257       128.5000       1       1       5.072690       5.101911      10.174601       3.476555       3.367316       1.000000     541.499386       0.000000            0
# Jump frustrated.
       258       129.0000       1       1       5.068279       5.103987      10.172266       3.476554       3.407037       1.000000     541.499386       0.000000            0
# Jump frustrated.
       259       129.5000       1       1       5.162050       5.010357      10.172407       3.476553       3.450027       1.000000     541.499386       0.000000            0
       260       130.0000       1       1       5.331726       4.835552      10.167278       3.476553       3.550064       1.000000     541.499386       0.000000            0
       261       130.5000       1       1       5.554270       4.610922      10.165192       3.476553       3.708419       1.000000     541.499386       0.000000            1
# Jump frustrated.
       262       131.0000       1       1       5.808703       4.356189      10.164892       3.476553       3.922046       1.000000     541.499386       0.000000            0
       263       131.5000       1       1       6.101117       4.064710      10.165827       3.476553       4.087584       1.000000     541.499386       0.000000            0
       264       132.0000       1       1       6.440545       3.722159      10.162704       3.476553       3.997168       1.000000     541.499386       0.000000            0
# Jump frustrated.
       265       132.5000       1       1       6.768759       3.384384      10.153143       3.476553       3.571608       1.000000     541.499386       0.000000            0
       266       133.0000       1       1       6.948185       3.197330      10.145516       3.476552       3.108984       1.000000     541.499386       0.000000            0
# Jump frustrated.
       267       133.5000       1       1       6.876687       3.271238      10.147925       3.476551       2.917957       1.000000     541.499386       0.000000            1
# Jump frustrated.
       268       134.0000       1       1       6.575198       3.581402      10.156600       3.476551       2.935434       1.000000     541.499386       0.000000            0
# Jump frustrated.
       269       134.5000       1       1       6.147522       4.016960      10.164482       3.476550       3.085789       1.000000     541.499386       0.000000            0
       270       135.0000       1       1       5.703037       4.466428      10.169466       3.476549       3.335997       1.000000     541.499386       0.000000            0
# Jump frustrated.
       271       135.5000       1       1       5.328928       4.844895      10.173822       3.476548       3.526768       1.000000     541.499386       0.000000            0
       272       136.0000       1       1       5.083726       5.089663      10.173389       3.476546       3.450110       1.000000     541.499386       0.000000            0
# Jump frustrated.
       273       136.5000       1       1       4.962588       5.206545      10.169133       3.476544       3.140271       1.000000     541.499386       0.000000            0
       274       137.0000       1       1       4.907481       5.258654      10.166135       3.476544       2.806324       1.000000     541.499386       0.000000            1
# Jump frustrated.
       275       137.5000       1       1       4.870569       5.296231      10.166800       3.476544       2.626942       1.000000     541.499386       0.000000            0
       276       138.0000       1       1       4.853154       5.316784      10.169938       3.476544       2.611909       1.000000     541.499386       0.000000            0
# Jump frustrated.
       277       138.5000       1       1       4.890379       5.281906      10.172285       3.476543       2.663464       1.000000     541.499386       0.000000            0
       278       139.0000       1       1       5.013792       5.158588      10.172380       3.476543       2.706794       1.000000     541.499386       0.000000            0
       279       139.5000       1       1       5.227857       4.942470      10.170326       3.476543       2.724986       1.000000     541.499386       0.000000            0
# Jump frustrated.
       280       140.0000       1       1       5.512405       4.655765      10.168170       3.476543       2.766787       1.000000     541.499386       0.000000            0
# Jump frustrated.
       281       140.5000       1       1       5.836335       4.329200      10.165535       3.476543       2.821785       1.000000     541.499386       0.000000            0
# Jump frustrated.
       282       141.0000       1       1       6.166853       3.997861      10.164713       3.476543       2.856619       1.000000     541.499386       0.000000            1
       283       141.5000       1       1       6.480009       3.683960      10.163969       3.476543       2.856305       1.000000     541.499386       0.000000            0
# Jump frustrated.
       284       142.0000       1       1       6.764071       3.400162      10.164233       3.476542       2.843546       1.000000     541.499386       0.000000            0
# Jump frustrated.
       285       142.5000       1       1       7.012844       3.149788      10.162632       3.476542       2.835938       1.000000     541.499386       0.000000            0
       286       143.0000       1       1       7.204805       2.954846      10.159651       3.476541       2.923545       1.000000     541.499386       0.000000            0
# Jump frustrated.
       287       143.5000       1       1       7.327929       2.835472      10.163402       3.476539       3.215746       1.000000     541.499386       0.000000            1
# Jump frustrated.
       288       144.0000       1       1       7.436888       2.732292      10.169180       3.476538       3.510169       1.000000     541.499386       0.000000            0
       289       144.5000       1       1       7.606065       2.562055      10.168119       3.476539       3.500710       1.000000     541.499386       0.000000            0
       290       145.0000       1       1       7.815612       2.343030      10.158642       3.476539       3.194476       1.000000     541.499386       0.000000            0
       291       145.5000       1       1       7.939069       2.209539      10.148608       3.476539       2.963893       1.000000     541.499386       0.000000            0
       292       146.0000       1       1       7.858302       2.292374      10.150676       3.476539       3.129213       1.000000     541.499386       0.000000            0
       293       146.5000       1       1       7.573273       2.591120      10.164392       3.476538       3.402436       1.000000     541.499386       0.000000            0
       294       147.0000       1       1       7.207237       2.960036      10.167273       3.476538       3.212454       1.000000     541.499386       0.000000            0
# Jump frustrated.
       295       147.5000       1       1       6.838605       3.328745      10.167350       3.476538       3.081105       1.000000     541.499386       0.000000            1
# Jump frustrated.
       296       148.0000       1       1       6.483768       3.684375      10.168143       3.476538       2.973221       1.000000     541.499386       0.000000            0
       297       148.5000       1       1       6.161125       4.007618      10.168743       3.476538       2.890069       1.000000     541.499386       0.000000            0
       298       149.0000       1       1       5.877876       4.290793      10.168669       3.476539       2.835880       1.000000     541.499386       0.000000            0
       299       149.5000       1       1       5.640502       4.528710      10.169212       3.476539       2.822607       1.000000     541.499386       0.000000            0
       300       150.0000       1       1       5.453038       4.716386      10.169425       3.476539       2.850711       1.000000     541.499386       0.000000            0
       301       150.5000       1       1       5.318428       4.851330      10.169758       3.476538       2.925580       1.000000     541.499386       0.000000            0
       302       151.0000       1       1       5.238415       4.931674      10.170089       3.476538       3.053650       1.000000     541.499386       0.000000            1
       303       151.5000       1       1       5.215160       4.955341      10.170501       3.476538       3.227669       1.000000     541.499386       0.000000            0
# Jump frustrated.
       304       152.0000       1       1       5.252813       4.917765      10.170578       3.476538       3.389209       1.000000     541.499386       0.000000            0
# Jump frustrated.
       305       152.5000       1       1       5.350158       4.819151      10.169309       3.476538       3.458120       1.000000     541.499386       0.000000            0
# Jump frustrated.
       306       153.0000       1       1       5.481937       4.682754      10.164691       3.476538       3.393845       1.000000     541.499386       0.000000            0
# Jump frustrated.
       307       153.5000       1       1       5.581309       4.576044      10.157353       3.476538       3.298511       1.000000     541.499386       0.000000            0
# Jump frustrated.
       308       154.0000       1       1       5.560267       4.592861      10.153127       3.476539       3.431441       1.000000     541.499386       0.000000            0
# Jump frustrated.
       309       154.5000       1       1       5.385664       4.772025      10.157688       3.476539       3.948936       1.000000     541.499386       0.000000            0
       310       155.0000       1       1       5.138834       5.028626      10.167460       3.476539       4.600880       1.000000     541.499386       0.000000            1
       311       155.5000       1       1       4.960826       5.210490      10.171315       3.476540       4.944342       1.000000     541.499386       0.000000            0
# Jump frustrated.
       312       156.0000       1       1       4.913475       5.252426      10.165901       3.476541       4.831790       1.000000     541.499386       0.000000            0
       313       156.5000       1       1       4.943856       5.219624      10.163481       3.476541       4.614553       1.000000     541.499386       0.000000            0
# Jump frustrated.
       314       157.0000       1       1       5.013515       5.154436      10.167951       3.476539       4.471506       1.000000     541.499386       0.000000            0
# Jump frustrated.
       315       157.5000       1       1       5.151419       5.018661      10.170081       3.476538       4.226716       1.000000     541.499386       0.000000            0
# Jump frustrated.
       316       158.0000       1       1       5.371525       4.796315      10.167840       3.476536       3.823770       1.000000     541.499386       0.000000            1
       317       158.5000       1       1       5.636967       4.528087      10.165054       3.476535       3.377892       1.000000     541.499386       0.000000            0
       318       159.0000       1       1       5.897772       4.264427      10.162199       3.476535       3.012461       1.000000     541.499386       0.000000            0
# Jump frustrated.
       319       159.5000       1       1       6.111996       4.047478      10.159474       3.476535       2.763140       1.000000     541.499386       0.000000            0
       320       160.0000       1       1       6.252552       3.907137      10.159688       3.476535       2.678252       1.000000     541.499386       0.000000            0
       321       160.5000       1       1       6.325056       3.836966      10.162021       3.476534       2.750380       1.000000     541.499386       0.000000            0
# Jump frustrated.
       322       161.0000       1       1       6.359139       3.804579      10.163718       3.476534       2.937910       1.000000     541.499386       0.000000            0
# Jump frustrated.
       323       161.5000       1       1       6.389672       3.776137      10.165809       3.476533       3.193692       1.000000     541.499386       0.000000            1
# Jump frustrated.
       324       162.0000       1       1       6.458140       3.710533      10.168673       3.476532       3.444625       1.000000     541.499386       0.000000            0
# Jump frustrated.
       325       162.5000       1       1       6.601648       3.566662      10.168310       3.476532       3.640018       1.000000     541.499386       0.000000            0
       326       163.0000       1       1       6.809426       3.352412      10.161838       3.476531       3.816974       1.000000     541.499386       0.000000            0
# Jump frustrated.
       327       163.5000       1       1       6.998767       3.154148      10.152916       3.476533       4.209522       1.000000     541.499386       0.000000            0
# Jump frustrated.
       328       164.0000       1       1       7.054428       3.091659      10.146087       3.476534       4.935253       1.000000     541.499386       0.000000            0
# Jump frustrated.
       329       164.5000       1       1       6.896189       3.249855      10.146043       3.476535       5.950353       1.000000     541.499386       0.000000            0
# Jump frustrated.
       330       165.0000       1       1       6.554310       3.602786      10.157096       3.476534       7.150636       1.000000     541.499386       0.000000            0
# Jump frustrated.
       331       165.5000       1       1       6.283952       3.902362      10.186314       3.476533       7.842764       1.000000     541.499386       0.000000            0
# Jump frustrated.
       332       166.0000       1       1       6.359734       3.831568      10.191302       3.476530       7.919286       1.000000     541.499386       0.000000            1
# Jump frustrated.
       333       166.5000       1       1       6.856579       3.314005      10.170584       3.476529       7.293111       1.000000     541.499386       0.000000            0
# Jump frustrated.
       334       167.0000       1       1       7.485318       2.664197      10.149515       3.476529       5.834631       1.000000     541.499386       0.000000            0
# Jump frustrated.
       335       167.5000       1       1       7.853744       2.290506      10.144249       3.476530       4.704605       1.000000     541.499386       0.000000            0
# Jump frustrated.
       336       168.0000       1       1       7.854461       2.293204      10.147665       3.476530       3.733221       1.000000     541.499386       0.000000            0
# Jump frustrated.
       337       168.5000       1       1       7.518939       2.642398      10.161337       3.476530       3.366259       1.000000     541.499386       0.000000            1
       338       169.0000       1       1       7.038233       3.139823      10.178056       3.476531       3.534280       1.000000     541.499386       0.000000            0
# Jump frustrated.
       339       169.5000       1       1       6.654380       3.531784      10.186164       3.476532       3.625661       1.000000     541.499386       0.000000            0
# Jump frustrated.
       340       170.0000       1       1       6.477435       3.702021      10.179457       3.476531       3.231856       1.000000     541.499386       0.000000            0
       341       170.5000       1       1       6.418160       3.749979      10.168138       3.476528       2.589746       1.000000     541.499386       0.000000            0
# Jump frustrated.
       342       171.0000       1       1       6.323201       3.842156      10.165356       3.476528       2.175367       1.000000     541.499386       0.000000            0
       343       171.5000       1       1       6.128569       4.041043      10.169612       3.476528       2.179735       1.000000     541.499386       0.000000            1
       344       172.0000       1       1       5.866366       4.307194      10.173560       3.476527       2.357891       1.000000     541.499386       0.000000            0
# Jump frustrated.
       345       172.5000       1       1       5.589615       4.586425      10.176040       3.476527       2.519625       1.000000     541.499386       0.000000            0
       346       173.0000       1       1       5.330765       4.845933      10.176697       3.476527       2.639215       1.000000     541.499386       0.000000            0
# Jump frustrated.
       347       173.5000       1       1       5.099046       5.076999      10.176044       3.476528       2.735829       1.000000     541.499386       0.000000            0
       348       174.0000       1       1       4.881720       5.291664      10.173383       3.476528       2.840787       1.000000     541.499386       0.000000            1
# Jump frustrated.
       349       174.5000       1       1       4.646686       5.523560      10.170246       3.476528       3.028400       1.000000     541.499386       0.000000            0
# Jump frustrated.
       350       175.0000       1       1       4.362641       5.806943      10.169584       3.476529       3.415058       1.000000     541.499386       0.000000            0
       351       175.5000       1       1       4.043382       6.132470      10.175852       3.476529       4.030233       1.000000     541.499386       0.000000            0
# Jump frustrated.
       352       176.0000       1       1       3.785669       6.399451      10.185120       3.476529       4.614521       1.000000     541.499386       0.000000            0
# Jump frustrated.
       353       176.5000       1       1       3.722364       6.466923      10.189287       3.476529       4.907696       1.000000     541.499386       0.000000            0
# Jump frustrated.
       354       177.0000       1       1       3.909369       6.274265      10.183634       3.476529       4.791172       1.000000     541.499386       0.000000            0
# Jump frustrated.
       355       177.5000       1       1       4.266212       5.905763      10.171975       3.476530       4.434890       1.000000     541.499386       0.000000            1
       356       178.0000       1       1       4.634338       5.528958      10.163296       3.476531       4.111350       1.000000     541.499386       0.000000            0
# Jump frustrated.
       357       178.5000       1       1       4.878370       5.281283      10.159654       3.476532       4.012172       1.000000     541.499386       0.000000            0
# Jump frustrated.
       358       179.0000       1       1       4.943473       5.218379      10.161851       3.476531       4.225047       1.000000     541.499386       0.000000            0
# Jump frustrated.
       359       179.5000       1       1       4.878388       5.293740      10.172128       3.476531       4.636012       1.000000     541.499386       0.000000            0
       360       180.0000       1       1       4.840673       5.345849      10.186522       3.476531       4.966556       1.000000     541.499386       0.000000            0
       361       180.5000       1       1       5.012587       5.176027      10.188614       3.476530       4.779096       1.000000     541.499386       0.000000            0
# Jump frustrated.
       362       181.0000       1       1       5.416753       4.758946      10.175699       3.476528       3.942601       1.000000     541.499386       0.000000            1
       363       181.5000       1       1       5.882251       4.281243      10.163494       3.476527       2.986477       1.000000     541.499386       0.000000            0
# Jump frustrated.
       364       182.0000       1       1       6.242205       3.920423      10.162628       3.476526       2.456002       1.000000     541.499386       0.000000            0
       365       182.5000       1       1       6.454489       3.713025      10.167513       3.476526       2.293264       1.000000     541.499386       0.000000            0
       366       183.0000       1       1       6.558641       3.612335      10.170976       3.476526       2.254281       1.000000     541.499386       0.000000            0
# Jump frustrated.
       367       183.5000       1       1       6.604427       3.568738      10.173165       3.476526       2.203439       1.000000     541.499386       0.000000            0
# Jump frustrated.
       368       184.0000       1       1       6.619341       3.554206      10.173547       3.476527       2.128607       1.000000     541.499386       0.000000            1
       369       184.5000       1       1       6.603528       3.567700      10.171228       3.476526       2.065738       1.000000     541.499386       0.000000            0
# Jump frustrated.
       370       185.0000       1       1       6.532551       3.636210      10.168761       3.476526       2.138480       1.000000     541.499386       0.000000            0
       371       185.5000       1       1       6.384658       3.784649      10.169307       3.476527       2.485278       1.000000     541.499386       0.000000            0
# Jump frustrated.
       372       186.0000       1       1       6.182827       3.991840      10.174667       3.476527       3.035291       1.000000     541.499386       0.000000            0
# Jump frustrated.
       373       186.5000       1       1       6.009916       4.172250      10.182166       3.476526       3.527224       1.000000     541.499386       0.000000            0
       374       187.0000       1       1       5.952607       4.228304      10.180911       3.476525       3.797213       1.000000     541.499386       0.000000            1
# Jump frustrated.
       375       187.5000       1       1       6.012533       4.162077      10.174611       3.476525       4.039468       1.000000     541.499386       0.000000            0
# Jump frustrated.
       376       188.0000       1       1       6.103108       4.063879      10.166988       3.476523       4.552814       1.000000     541.499386       0.000000            0
# Jump frustrated.
       377       188.5000       1       1       6.137814       4.028586      10.166400       3.476522       5.355563       1.000000     541.499386       0.000000            0
       378       189.0000       1       1       6.105635       4.069070      10.174705       3.476522       6.221642       1.000000     541.499386       0.000000            0
       379       189.5000       1       1       6.080523       4.099380      10.179903       3.476523       7.029527       1.000000     541.499386       0.000000            0
       380       190.0000       1       1       6.147631       4.031493      10.179124       3.476524       7.440087       1.000000     541.499386       0.000000            0
       381       190.5000       1       1       6.354669       3.828661      10.183330       3.476525       7.267182       1.000000     541.499386       0.000000            0
# Jump frustrated.
       382       191.0000       1       1       6.713785       3.464520      10.178305       3.476527       6.680357       1.000000     541.499386       0.000000            1
# Jump frustrated.
       383       191.5000       1       1       7.158778       3.008201      10.166979       3.476527       5.841333       1.000000     541.499386       0.000000            0
       384       192.0000       1       1       7.530393       2.620392      10.150785       3.476527       4.723316       1.000000     541.499386       0.000000            0
# Jump frustrated.
       385       192.5000       1       1       7.637887       2.506001      10.143888       3.476528       3.643205       1.000000     541.499386       0.000000            0
       386       193.0000       1       1       7.403080       2.751599      10.154680       3.476530       3.371483       1.000000     541.499386       0.000000            0
       387       193.5000       1       1       6.982057       3.193386      10.175443       3.476531       3.859332       1.000000     541.499386       0.000000            0
# Jump frustrated.
       388       194.0000       1       1       6.646038       3.535936      10.181974       3.476532       4.009285       1.000000     541.499386       0.000000            0
# Jump frustrated.
       389       194.5000       1       1       6.475103       3.693717      10.168821       3.476533       3.457384       1.000000     541.499386       0.000000            0
       390       195.0000       1       1       6.305694       3.852536      10.158230       3.476534       2.859745       1.000000     541.499386       0.000000            0
# Jump frustrated.
       391       195.5000       1       1       5.981760       4.179101      10.160861       3.476533       2.872830       1.000000     541.499386       0.000000            1
# Jump frustrated.
       392       196.0000       1       1       5.503058       4.666146      10.169203       3.476532       3.415739       1.000000     541.499386       0.000000            0
# Jump frustrated.
       393       196.5000       1       1       4.990971       5.189521      10.180492       3.476532       4.002999       1.000000     541.499386       0.000000            0
# Jump frustrated.
       394       197.0000       1       1       4.596525       5.590617      10.187142       3.476531       4.344665       1.000000     541.499386       0.000000            0
       395       197.5000       1       1       4.415919       5.770612      10.186531       3.476531       4.351018       1.000000     541.499386       0.000000            0
# Jump frustrated.
       396       198.0000       1       1       4.440304       5.739886      10.180190       3.476530       4.139796       1.000000     541.499386       0.000000            0
# Jump frustrated.
       397       198.5000       1       1       4.584481       5.590409      10.174891       3.476531       3.948736       1.000000     541.499386       0.000000            0
# Jump frustrated.
       398       199.0000       1       1       4.765084       5.407300      10.172385       3.476533       3.915954       1.000000     541.499386       0.000000            0
# Jump frustrated.
       399       199.5000       1       1       4.934237       5.236440      10.170677       3.476533       4.030021       1.000000     541.499386       0.000000            0
# Jump frustrated.
       400       200.0000       1       1       5.066143       5.103157      10.169300       3.476532       4.228634       1.000000     541.499386       0.000000            1
