#===============================================================================================================================================================================
#     Step |         Time |         State |                                     Energy |      Angular |     Gradient |      Density |           Expectation Value |    Runtime |
#          |              |  diag |   MCH |          kin |          pot |          tot |     Momentum |          RMS |        Total |           DM |            S |            |
#          |         [fs] |       |       |         [eV] |         [eV] |         [eV] |       [hbar] |     [eV/Ang] |              |      [Debye] |              |      [sec] |
#===============================================================================================================================================================================
         0         0.0000       2       2       0.161390      10.201140      10.362530       0.000087       3.248321       1.000000     541.499386       0.000000            4
         1         0.5000       2       2       0.215483      10.146539      10.362022       0.000087       3.107224       1.000000     541.499386       0.000000            2
         2         1.0000       2       2       0.294125      10.066818      10.360943       0.000087       2.836855       1.000000     541.499386       0.000000            1
         3         1.5000       2       2       0.381243       9.978378      10.359621       0.000087       2.468600       1.000000     541.499386       0.000000            0
# Surface Hop/Pointer State Switch: new state=      1 old state=      2 randnum=  0.237901966 gap= -9.763729 eV
         4         2.0000       1       1      10.224693       0.134928      10.359621       2.145135       0.761809       1.000000     541.499386       0.000000            0
         5         2.5000       1       1       9.758419       0.599967      10.358386       2.145135       2.731299       1.000000     541.499386       0.000000            1
# Jump frustrated.
         6         3.0000       1       1       8.642370       1.768791      10.411161       2.145135       5.516222       1.000000     541.499386       0.000000            0
# Jump frustrated.
         7         3.5000       1       1       7.622881       2.842531      10.465412       2.145135       7.128462       1.000000     541.499386       0.000000            0
# Jump frustrated.
         8         4.0000       1       1       7.372600       3.067369      10.439968       2.145136       6.588470       1.000000     541.499386       0.000000            0
# Jump frustrated.
         9         4.5000       1       1       7.602423       2.784816      10.387239       2.145136       4.578344       1.000000     541.499386       0.000000            0
        10         5.0000       1       1       7.629206       2.756374      10.385581       2.145136       3.123004       1.000000     541.499386       0.000000            0
        11         5.5000       1       1       7.254412       3.147920      10.402332       2.145135       2.726908       1.000000     541.499386       0.000000            0
# Jump frustrated.
        12         6.0000       1       1       6.626588       3.790047      10.416635       2.145135       2.851557       1.000000     541.499386       0.000000            0
        13         6.5000       1       1       5.934789       4.492171      10.426961       2.145135       3.038025       1.000000     541.499386       0.000000            1
        14         7.0000       1       1       5.324372       5.110423      10.434796       2.145135       3.127112       1.000000     541.499386       0.000000            0
# Jump frustrated.
        15         7.5000       1       1       4.879166       5.554909      10.434075       2.145135       3.075662       1.000000     541.499386       0.000000            0
        16         8.0000       1       1       4.600442       5.830817      10.431260       2.145135       2.954673       1.000000     541.499386       0.000000            0
# Jump frustrated.
        17         8.5000       1       1       4.441045       5.986107      10.427152       2.145135       2.808130       1.000000     541.499386       0.000000            0
# Jump frustrated.
        18         9.0000       1       1       4.340686       6.082021      10.422707       2.145134       2.711814       1.000000     541.499386       0.000000            0
# Jump frustrated.
        19         9.5000       1       1       4.240208       6.178973      10.419181       2.145134       2.799860       1.000000     541.499386       0.000000            0
# Jump frustrated.
        20        10.0000       1       1       4.113735       6.308105      10.421839       2.145134       3.227253       1.000000     541.499386       0.000000            1
# Jump frustrated.
        21        10.5000       1       1       4.030426       6.402981      10.433406       2.145135       3.897274       1.000000     541.499386       0.000000            0
# Jump frustrated.
        22        11.0000       1       1       4.162205       6.281739      10.443943       2.145135       4.404348       1.000000     541.499386       0.000000            0
# Jump frustrated.
        23        11.5000       1       1       4.658355       5.784314      10.442668       2.145135       4.403228       1.000000     541.499386       0.000000            0
# Jump frustrated.
        24        12.0000       1       1       5.501446       4.928352      10.429799       2.145135       3.948523       1.000000     541.499386       0.000000            0
# Jump frustrated.
        25        12.5000       1       1       6.496321       3.910251      10.406572       2.145136       3.241945       1.000000     541.499386       0.000000            1
        26        13.0000       1       1       7.372674       3.021903      10.394577       2.145136       2.587298       1.000000     541.499386       0.000000            0
# Jump frustrated.
        27        13.5000       1       1       7.923658       2.464272      10.387931       2.145137       2.254916       1.000000     541.499386       0.000000            0
# Jump frustrated.
        28        14.0000       1       1       8.028911       2.348220      10.377131       2.145137       2.261947       1.000000     541.499386       0.000000            0
        29        14.5000       1       1       7.584149       2.786892      10.371041       2.145137       3.222812       1.000000     541.499386       0.000000            0
        30        15.0000       1       1       6.670600       3.738768      10.409368       2.145137       5.316938       1.000000     541.499386       0.000000            0
# Jump frustrated.
        31        15.5000       1       1       5.948414       4.515631      10.464045       2.145137       6.543760       1.000000     541.499386       0.000000            1
# Jump frustrated.
        32        16.0000       1       1       6.078753       4.368023      10.446776       2.145137       6.068239       1.000000     541.499386       0.000000            0
# Jump frustrated.
        33        16.5000       1       1       6.832786       3.548393      10.381179       2.145137       4.258234       1.000000     541.499386       0.000000            0
# Jump frustrated.
        34        17.0000       1       1       7.460468       2.912702      10.373170       2.145137       3.287869       1.000000     541.499386       0.000000            0
# Jump frustrated.
        35        17.5000       1       1       7.650061       2.739973      10.390034       2.145137       3.797467       1.000000     541.499386       0.000000            0
        36        18.0000       1       1       7.537840       2.865990      10.403831       2.145136       4.552198       1.000000     541.499386       0.000000            0
        37        18.5000       1       1       7.302756       3.109305      10.412061       2.145136       5.126809       1.000000     541.499386       0.000000            0
# Jump frustrated.
        38        19.0000       1       1       7.058213       3.357810      10.416023       2.145136       5.405098       1.000000     541.499386       0.000000            0
# Jump frustrated.
        39        19.5000       1       1       6.869145       3.544656      10.413801       2.145136       5.075902       1.000000     541.499386       0.000000            1
        40        20.0000       1       1       6.722774       3.687074      10.409848       2.145137       4.662188       1.000000     541.499386       0.000000            0
# Jump frustrated.
        41        20.5000       1       1       6.576830       3.833852      10.410682       2.145137       4.352709       1.000000     541.499386       0.000000            0
# Jump frustrated.
        42        21.0000       1       1       6.449113       3.965889      10.415002       2.145137       4.104796       1.000000     541.499386       0.000000            0
        43        21.5000       1       1       6.400575       4.015507      10.416082       2.145137       3.765262       1.000000     541.499386       0.000000            0
# Jump frustrated.
        44        22.0000       1       1       6.442873       3.968588      10.411461       2.145137       3.215595       1.000000     541.499386       0.000000            0
        45        22.5000       1       1       6.516006       3.892397      10.408403       2.145137       2.695940       1.000000     541.499386       0.000000            0
# Jump frustrated.
        46        23.0000       1       1       6.569271       3.840495      10.409766       2.145137       2.445565       1.000000     541.499386       0.000000            1
# Jump frustrated.
        47        23.5000       1       1       6.605771       3.806655      10.412427       2.145138       2.442128       1.000000     541.499386       0.000000            0
# Jump frustrated.
        48        24.0000       1       1       6.657807       3.755999      10.413806       2.145137       2.504085       1.000000     541.499386       0.000000            0
# Jump frustrated.
        49        24.5000       1       1       6.738253       3.673164      10.411417       2.145138       2.488859       1.000000     541.499386       0.000000            0
# Jump frustrated.
        50        25.0000       1       1       6.819751       3.588668      10.408419       2.145138       2.445935       1.000000     541.499386       0.000000            0
# Jump frustrated.
        51        25.5000       1       1       6.854859       3.549223      10.404082       2.145138       2.424274       1.000000     541.499386       0.000000            1
        52        26.0000       1       1       6.782606       3.616280      10.398886       2.145139       2.446886       1.000000     541.499386       0.000000            0
        53        26.5000       1       1       6.543181       3.854820      10.398001       2.145139       2.651855       1.000000     541.499386       0.000000            0
# Jump frustrated.
        54        27.0000       1       1       6.143083       4.263804      10.406888       2.145139       3.180612       1.000000     541.499386       0.000000            0
# Jump frustrated.
        55        27.5000       1       1       5.708362       4.714518      10.422879       2.145139       3.816342       1.000000     541.499386       0.000000            0
# Jump frustrated.
        56        28.0000       1       1       5.448152       4.982538      10.430689       2.145140       3.995297       1.000000     541.499386       0.000000            0
        57        28.5000       1       1       5.441988       4.974026      10.416013       2.145140       3.556438       1.000000     541.499386       0.000000            0
        58        29.0000       1       1       5.537835       4.865863      10.403698       2.145140       3.116953       1.000000     541.499386       0.000000            1
# Jump frustrated.
        59        29.5000       1       1       5.564030       4.837421      10.401450       2.145141       3.075015       1.000000     541.499386       0.000000            0
        60        30.0000       1       1       5.464408       4.939356      10.403764       2.145141       3.350582       1.000000     541.499386       0.000000            0
# Jump frustrated.
        61        30.5000       1       1       5.264480       5.144056      10.408535       2.145140       3.790868       1.000000     541.499386       0.000000            0
        62        31.0000       1       1       5.039152       5.377820      10.416972       2.145140       4.282837       1.000000     541.499386       0.000000            0
# Jump frustrated.
        63        31.5000       1       1       4.903324       5.522107      10.425431       2.145140       4.690442       1.000000     541.499386       0.000000            0
# Jump frustrated.
        64        32.0000       1       1       4.974314       5.455050      10.429364       2.145140       4.867419       1.000000     541.499386       0.000000            1
# Jump frustrated.
        65        32.5000       1       1       5.303283       5.121842      10.425124       2.145141       4.703225       1.000000     541.499386       0.000000            0
        66        33.0000       1       1       5.832582       4.583518      10.416100       2.145141       4.299176       1.000000     541.499386       0.000000            0
# Jump frustrated.
        67        33.5000       1       1       6.442559       3.967550      10.410109       2.145141       3.866460       1.000000     541.499386       0.000000            0
# Jump frustrated.
        68        34.0000       1       1       7.032853       3.371512      10.404365       2.145142       3.500071       1.000000     541.499386       0.000000            0
# Jump frustrated.
        69        34.5000       1       1       7.549096       2.854572      10.403668       2.145142       3.096176       1.000000     541.499386       0.000000            0
# Jump frustrated.
        70        35.0000       1       1       7.966979       2.435207      10.402186       2.145143       2.719917       1.000000     541.499386       0.000000            0
# Jump frustrated.
        71        35.5000       1       1       8.265228       2.135008      10.400236       2.145143       2.373630       1.000000     541.499386       0.000000            1
        72        36.0000       1       1       8.423948       1.977435      10.401384       2.145143       2.224022       1.000000     541.499386       0.000000            0
        73        36.5000       1       1       8.450653       1.952522      10.403176       2.145143       2.331748       1.000000     541.499386       0.000000            0
        74        37.0000       1       1       8.367063       2.037018      10.404081       2.145144       2.657069       1.000000     541.499386       0.000000            0
# Jump frustrated.
        75        37.5000       1       1       8.191292       2.213691      10.404983       2.145144       3.110662       1.000000     541.499386       0.000000            0
# Jump frustrated.
        76        38.0000       1       1       7.937669       2.467594      10.405263       2.145144       3.669319       1.000000     541.499386       0.000000            0
        77        38.5000       1       1       7.632926       2.775889      10.408816       2.145145       4.178350       1.000000     541.499386       0.000000            0
# Jump frustrated.
        78        39.0000       1       1       7.311583       3.101209      10.412792       2.145144       4.509931       1.000000     541.499386       0.000000            1
# Jump frustrated.
        79        39.5000       1       1       7.015434       3.397463      10.412897       2.145144       4.453364       1.000000     541.499386       0.000000            0
# Jump frustrated.
        80        40.0000       1       1       6.753587       3.656763      10.410350       2.145144       4.345293       1.000000     541.499386       0.000000            0
        81        40.5000       1       1       6.502168       3.907759      10.409927       2.145144       4.167844       1.000000     541.499386       0.000000            0
# Jump frustrated.
        82        41.0000       1       1       6.242074       4.167890      10.409964       2.145144       3.990331       1.000000     541.499386       0.000000            0
# Jump frustrated.
        83        41.5000       1       1       5.987039       4.427813      10.414852       2.145144       3.857904       1.000000     541.499386       0.000000            0
        84        42.0000       1       1       5.796648       4.621510      10.418158       2.145144       3.747565       1.000000     541.499386       0.000000            0
# Jump frustrated.
        85        42.5000       1       1       5.720706       4.697079      10.417785       2.145144       3.578208       1.000000     541.499386       0.000000            1
# Jump frustrated.
        86        43.0000       1       1       5.762922       4.652444      10.415366       2.145143       3.264058       1.000000     541.499386       0.000000            0
        87        43.5000       1       1       5.877481       4.531824      10.409305       2.145143       2.845542       1.000000     541.499386       0.000000            0
        88        44.0000       1       1       5.980737       4.422831      10.403568       2.145143       2.452085       1.000000     541.499386       0.000000            0
# Jump frustrated.
        89        44.5000       1       1       5.985802       4.412866      10.398667       2.145143       2.274008       1.000000     541.499386       0.000000            0
# Jump frustrated.
        90        45.0000       1       1       5.833414       4.564834      10.398247       2.145144       2.598087       1.000000     541.499386       0.000000            0
# Jump frustrated.
        91        45.5000       1       1       5.536786       4.868562      10.405348       2.145143       3.453835       1.000000     541.499386       0.000000            0
# Jump frustrated.
        92        46.0000       1       1       5.225520       5.194089      10.419608       2.145143       4.384103       1.000000     541.499386       0.000000            0
# Jump frustrated.
        93        46.5000       1       1       5.097392       5.329240      10.426632       2.145143       4.799902       1.000000     541.499386       0.000000            0
        94        47.0000       1       1       5.241606       5.176650      10.418256       2.145144       4.488979       1.000000     541.499386       0.000000            0
# Jump frustrated.
        95        47.5000       1       1       5.551746       4.854860      10.406606       2.145144       3.760396       1.000000     541.499386       0.000000            1
# Jump frustrated.
        96        48.0000       1       1       5.859609       4.542205      10.401814       2.145144       3.064710       1.000000     541.499386       0.000000            0
# Jump frustrated.
        97        48.5000       1       1       6.084680       4.320066      10.404746       2.145143       2.655674       1.000000     541.499386       0.000000            0
        98        49.0000       1       1       6.243366       4.164776      10.408142       2.145143       2.452838       1.000000     541.499386       0.000000            0
# Jump frustrated.
        99        49.5000       1       1       6.376947       4.032738      10.409685       2.145142       2.321369       1.000000     541.499386       0.000000            0
# Jump frustrated.
       100        50.0000       1       1       6.503419       3.904645      10.408065       2.145142       2.215840       1.000000     541.499386       0.000000            0
# Jump frustrated.
       101        50.5000       1       1       6.609824       3.796482      10.406306       2.145142       2.170937       1.000000     541.499386       0.000000            0
# Jump frustrated.
       102        51.0000       1       1       6.673661       3.732332      10.405993       2.145143       2.303899       1.000000     541.499386       0.000000            1
# Jump frustrated.
       103        51.5000       1       1       6.696283       3.713025      10.409308       2.145143       2.622847       1.000000     541.499386       0.000000            0
       104        52.0000       1       1       6.721463       3.692056      10.413519       2.145143       2.936449       1.000000     541.499386       0.000000            0
# Jump frustrated.
       105        52.5000       1       1       6.802113       3.612128      10.414241       2.145143       3.037906       1.000000     541.499386       0.000000            0
# Jump frustrated.
       106        53.0000       1       1       6.951732       3.460783      10.412515       2.145143       2.912800       1.000000     541.499386       0.000000            0
# Jump frustrated.
       107        53.5000       1       1       7.150207       3.261065      10.411272       2.145143       2.714441       1.000000     541.499386       0.000000            0
# Jump frustrated.
       108        54.0000       1       1       7.378564       3.032283      10.410847       2.145143       2.541995       1.000000     541.499386       0.000000            0
# Jump frustrated.
       109        54.5000       1       1       7.627306       2.782740      10.410046       2.145143       2.389678       1.000000     541.499386       0.000000            0
# Jump frustrated.
       110        55.0000       1       1       7.871682       2.534235      10.405917       2.145143       2.231580       1.000000     541.499386       0.000000            1
# Jump frustrated.
       111        55.5000       1       1       8.033041       2.359846      10.392887       2.145142       2.120202       1.000000     541.499386       0.000000            0
       112        56.0000       1       1       7.997396       2.394932      10.392328       2.145142       2.166141       1.000000     541.499386       0.000000            0
# Jump frustrated.
       113        56.5000       1       1       7.746281       2.655062      10.401343       2.145142       2.621890       1.000000     541.499386       0.000000            0
       114        57.0000       1       1       7.385719       3.025017      10.410736       2.145142       3.275969       1.000000     541.499386       0.000000            0
# Jump frustrated.
       115        57.5000       1       1       7.073630       3.346599      10.420229       2.145142       3.666148       1.000000     541.499386       0.000000            0
       116        58.0000       1       1       6.929541       3.487149      10.416690       2.145141       3.461198       1.000000     541.499386       0.000000            1
       117        58.5000       1       1       6.912674       3.493377      10.406051       2.145141       2.941123       1.000000     541.499386       0.000000            0
# Jump frustrated.
       118        59.0000       1       1       6.892983       3.509570      10.402554       2.145141       2.585708       1.000000     541.499386       0.000000            0
# Jump frustrated.
       119        59.5000       1       1       6.797469       3.606315      10.403784       2.145141       2.519837       1.000000     541.499386       0.000000            0
# Jump frustrated.
       120        60.0000       1       1       6.627405       3.778421      10.405825       2.145141       2.577188       1.000000     541.499386       0.000000            0
# Jump frustrated.
       121        60.5000       1       1       6.396446       4.008033      10.404480       2.145141       2.685844       1.000000     541.499386       0.000000            0
# Jump frustrated.
       122        61.0000       1       1       6.092765       4.309893      10.402658       2.145140       2.910939       1.000000     541.499386       0.000000            1
# Jump frustrated.
       123        61.5000       1       1       5.700613       4.703100      10.403712       2.145140       3.384234       1.000000     541.499386       0.000000            0
# Jump frustrated.
       124        62.0000       1       1       5.263604       5.149453      10.413057       2.145140       4.027744       1.000000     541.499386       0.000000            0
# Jump frustrated.
       125        62.5000       1       1       4.915371       5.508405      10.423775       2.145140       4.537600       1.000000     541.499386       0.000000            0
# Jump frustrated.
       126        63.0000       1       1       4.809937       5.617190      10.427127       2.145139       4.608081       1.000000     541.499386       0.000000            0
# Jump frustrated.
       127        63.5000       1       1       4.987435       5.430345      10.417780       2.145138       4.109788       1.000000     541.499386       0.000000            0
       128        64.0000       1       1       5.318251       5.086964      10.405215       2.145138       3.344870       1.000000     541.499386       0.000000            0
# Jump frustrated.
       129        64.5000       1       1       5.617813       4.780744      10.398557       2.145139       2.796298       1.000000     541.499386       0.000000            0
       130        65.0000       1       1       5.779274       4.620887      10.400162       2.145139       2.788832       1.000000     541.499386       0.000000            0
# Jump frustrated.
       131        65.5000       1       1       5.805808       4.600334      10.406142       2.145139       3.242787       1.000000     541.499386       0.000000            1
# Jump frustrated.
       132        66.0000       1       1       5.778663       4.635420      10.414083       2.145139       3.845138       1.000000     541.499386       0.000000            0
# Jump frustrated.
       133        66.5000       1       1       5.812161       4.608016      10.420176       2.145139       4.277864       1.000000     541.499386       0.000000            0
# Jump frustrated.
       134        67.0000       1       1       5.980828       4.434872      10.415700       2.145140       4.307616       1.000000     541.499386       0.000000            0
# Jump frustrated.
       135        67.5000       1       1       6.240480       4.168098      10.408578       2.145140       4.060781       1.000000     541.499386       0.000000            0
# Jump frustrated.
       136        68.0000       1       1       6.495671       3.911289      10.406960       2.145140       3.867135       1.000000     541.499386       0.000000            0
# Jump frustrated.
       137        68.5000       1       1       6.695499       3.710741      10.406240       2.145140       3.785397       1.000000     541.499386       0.000000            1
# Jump frustrated.
       138        69.0000       1       1       6.840020       3.570399      10.410419       2.145140       3.749247       1.000000     541.499386       0.000000            0
# Jump frustrated.
       139        69.5000       1       1       6.970188       3.443136      10.413324       2.145140       3.667697       1.000000     541.499386       0.000000            0
# Jump frustrated.
       140        70.0000       1       1       7.120780       3.293037      10.413816       2.145139       3.525222       1.000000     541.499386       0.000000            0
# Jump frustrated.
       141        70.5000       1       1       7.295426       3.116987      10.412412       2.145139       3.357185       1.000000     541.499386       0.000000            0
# Jump frustrated.
       142        71.0000       1       1       7.472009       2.937822      10.409831       2.145139       3.165948       1.000000     541.499386       0.000000            0
# Jump frustrated.
       143        71.5000       1       1       7.617680       2.790629      10.408309       2.145139       3.000698       1.000000     541.499386       0.000000            0
# Jump frustrated.
       144        72.0000       1       1       7.710722       2.696999      10.407721       2.145138       2.894388       1.000000     541.499386       0.000000            1
# Jump frustrated.
       145        72.5000       1       1       7.745107       2.663159      10.408266       2.145138       2.860075       1.000000     541.499386       0.000000            0
# Jump frustrated.
       146        73.0000       1       1       7.719651       2.685788      10.405439       2.145138       2.943653       1.000000     541.499386       0.000000            0
# Jump frustrated.
       147        73.5000       1       1       7.617315       2.786477      10.403792       2.145139       3.185040       1.000000     541.499386       0.000000            0
# Jump frustrated.
       148        74.0000       1       1       7.441169       2.968756      10.409925       2.145139       3.530502       1.000000     541.499386       0.000000            0
       149        74.5000       1       1       7.252770       3.159754      10.412523       2.145140       3.690048       1.000000     541.499386       0.000000            0
# Jump frustrated.
       150        75.0000       1       1       7.092899       3.317534      10.410434       2.145139       3.643541       1.000000     541.499386       0.000000            1
# Jump frustrated.
       151        75.5000       1       1       6.937393       3.468257      10.405650       2.145139       3.480094       1.000000     541.499386       0.000000            0
       152        76.0000       1       1       6.718645       3.679808      10.398453       2.145138       3.366325       1.000000     541.499386       0.000000            0
# Jump frustrated.
       153        76.5000       1       1       6.363527       4.033569      10.397096       2.145139       3.635472       1.000000     541.499386       0.000000            0
# Jump frustrated.
       154        77.0000       1       1       5.890105       4.518537      10.408642       2.145140       4.357111       1.000000     541.499386       0.000000            0
# Jump frustrated.
       155        77.5000       1       1       5.474568       4.950774      10.425342       2.145141       5.084522       1.000000     541.499386       0.000000            0
# Jump frustrated.
       156        78.0000       1       1       5.332722       5.095476      10.428197       2.145140       5.332106       1.000000     541.499386       0.000000            0
       157        78.5000       1       1       5.505889       4.908837      10.414726       2.145139       4.963965       1.000000     541.499386       0.000000            0
# Jump frustrated.
       158        79.0000       1       1       5.813446       4.585594      10.399040       2.145140       4.280095       1.000000     541.499386       0.000000            1
# Jump frustrated.
       159        79.5000       1       1       6.031043       4.362210      10.393253       2.145140       3.742083       1.000000     541.499386       0.000000            0
       160        80.0000       1       1       6.068252       4.330861      10.399113       2.145139       3.578520       1.000000     541.499386       0.000000            0
# Jump frustrated.
       161        80.5000       1       1       5.998852       4.414319      10.413171       2.145139       3.755222       1.000000     541.499386       0.000000            0
# Jump frustrated.
       162        81.0000       1       1       5.985265       4.435702      10.420967       2.145139       3.837567       1.000000     541.499386       0.000000            0
# Jump frustrated.
       163        81.5000       1       1       6.114471       4.300758      10.415230       2.145139       3.537654       1.000000     541.499386       0.000000            0
# Jump frustrated.
       164        82.0000       1       1       6.323543       4.082979      10.406522       2.145139       3.037445       1.000000     541.499386       0.000000            0
# Jump frustrated.
       165        82.5000       1       1       6.496421       3.905061      10.401482       2.145139       2.594100       1.000000     541.499386       0.000000            1
       166        83.0000       1       1       6.564835       3.837796      10.402631       2.145139       2.319463       1.000000     541.499386       0.000000            0
       167        83.5000       1       1       6.526279       3.877656      10.403935       2.145139       2.171601       1.000000     541.499386       0.000000            0
# Jump frustrated.
       168        84.0000       1       1       6.401352       4.004296      10.405648       2.145138       2.138820       1.000000     541.499386       0.000000            0
# Jump frustrated.
       169        84.5000       1       1       6.210730       4.195709      10.406440       2.145139       2.284077       1.000000     541.499386       0.000000            0
# Jump frustrated.
       170        85.0000       1       1       5.973182       4.433834      10.407016       2.145139       2.716365       1.000000     541.499386       0.000000            0
       171        85.5000       1       1       5.734621       4.679432      10.414054       2.145139       3.413703       1.000000     541.499386       0.000000            0
# Jump frustrated.
       172        86.0000       1       1       5.607793       4.813131      10.420924       2.145138       3.966737       1.000000     541.499386       0.000000            1
# Jump frustrated.
       173        86.5000       1       1       5.685427       4.730296      10.415723       2.145138       4.052447       1.000000     541.499386       0.000000            0
       174        87.0000       1       1       5.907147       4.495493      10.402640       2.145139       3.814152       1.000000     541.499386       0.000000            0
# Jump frustrated.
       175        87.5000       1       1       6.109158       4.287679      10.396837       2.145140       3.772300       1.000000     541.499386       0.000000            0
# Jump frustrated.
       176        88.0000       1       1       6.205788       4.196747      10.402536       2.145140       4.138040       1.000000     541.499386       0.000000            0
       177        88.5000       1       1       6.267368       4.146714      10.414082       2.145139       4.589230       1.000000     541.499386       0.000000            0
# Jump frustrated.
       178        89.0000       1       1       6.428176       3.988311      10.416487       2.145140       4.713584       1.000000     541.499386       0.000000            0
# Jump frustrated.
       179        89.5000       1       1       6.714569       3.693717      10.408286       2.145141       4.460873       1.000000     541.499386       0.000000            1
# Jump frustrated.
       180        90.0000       1       1       7.022524       3.378986      10.401510       2.145141       4.125663       1.000000     541.499386       0.000000            0
# Jump frustrated.
       181        90.5000       1       1       7.240118       3.154563      10.394681       2.145142       3.766772       1.000000     541.499386       0.000000            0
# Jump frustrated.
       182        91.0000       1       1       7.273593       3.112627      10.386220       2.145142       3.252532       1.000000     541.499386       0.000000            0
# Jump frustrated.
       183        91.5000       1       1       7.014344       3.361962      10.376306       2.145143       2.892071       1.000000     541.499386       0.000000            0
       184        92.0000       1       1       6.411451       3.975647      10.387097       2.145144       3.788283       1.000000     541.499386       0.000000            0
# Jump frustrated.
       185        92.5000       1       1       5.752405       4.682754      10.435159       2.145145       5.370928       1.000000     541.499386       0.000000            1
       186        93.0000       1       1       5.627034       4.823511      10.450545       2.145146       5.938766       1.000000     541.499386       0.000000            0
# Jump frustrated.
       187        93.5000       1       1       6.240485       4.170381      10.410866       2.145146       5.070542       1.000000     541.499386       0.000000            0
# Jump frustrated.
       188        94.0000       1       1       7.105779       3.268124      10.373903       2.145146       3.374197       1.000000     541.499386       0.000000            0
       189        94.5000       1       1       7.698346       2.682466      10.380813       2.145147       2.511691       1.000000     541.499386       0.000000            0
# Jump frustrated.
       190        95.0000       1       1       7.961136       2.431055      10.392191       2.145148       2.551451       1.000000     541.499386       0.000000            0
# Jump frustrated.
       191        95.5000       1       1       8.000300       2.394932      10.395231       2.145148       2.759441       1.000000     541.499386       0.000000            1
# Jump frustrated.
       192        96.0000       1       1       7.878328       2.518457      10.396785       2.145148       2.871180       1.000000     541.499386       0.000000            0
# Jump frustrated.
       193        96.5000       1       1       7.625259       2.774436      10.399695       2.145149       2.931352       1.000000     541.499386       0.000000            0
       194        97.0000       1       1       7.242816       3.150619      10.393434       2.145149       2.911156       1.000000     541.499386       0.000000            0
# Jump frustrated.
       195        97.5000       1       1       6.718036       3.679600      10.397636       2.145149       3.044084       1.000000     541.499386       0.000000            0
# Jump frustrated.
       196        98.0000       1       1       6.105424       4.303250      10.408673       2.145150       3.625193       1.000000     541.499386       0.000000            1
       197        98.5000       1       1       5.588583       4.836590      10.425174       2.145152       4.206397       1.000000     541.499386       0.000000            0
       198        99.0000       1       1       5.372210       5.053124      10.425334       2.145153       4.231043       1.000000     541.499386       0.000000            0
# Jump frustrated.
       199        99.5000       1       1       5.458129       4.952020      10.410148       2.145152       3.787071       1.000000     541.499386       0.000000            0
# Jump frustrated.
       200       100.0000       1       1       5.654437       4.744621      10.399058       2.145152       3.395383       1.000000     541.499386       0.000000            0
       201       100.5000       1       1       5.800844       4.599712      10.400555       2.145152       3.281746       1.000000     541.499386       0.000000            0
       202       101.0000       1       1       5.878298       4.527257      10.405555       2.145151       3.253565       1.000000     541.499386       0.000000            1
       203       101.5000       1       1       5.916235       4.485943      10.402178       2.145151       3.149749       1.000000     541.499386       0.000000            0
       204       102.0000       1       1       5.849481       4.535976      10.385457       2.145150       3.099713       1.000000     541.499386       0.000000            0
       205       102.5000       1       1       5.518459       4.859427      10.377886       2.145150       3.824247       1.000000     541.499386       0.000000            0
# Jump frustrated.
       206       103.0000       1       1       4.926316       5.477679      10.403995       2.145151       5.475426       1.000000     541.499386       0.000000            0
       207       103.5000       1       1       4.511497       5.935451      10.446949       2.145151       6.814891       1.000000     541.499386       0.000000            0
# Jump frustrated.
       208       104.0000       1       1       4.820771       5.621343      10.442113       2.145151       6.667960       1.000000     541.499386       0.000000            1
# Jump frustrated.
       209       104.5000       1       1       5.791173       4.601165      10.392337       2.145150       5.060505       1.000000     541.499386       0.000000            0
# Jump frustrated.
       210       105.0000       1       1       6.803579       3.567908      10.371486       2.145150       3.115555       1.000000     541.499386       0.000000            0
       211       105.5000       1       1       7.438182       2.941559      10.379741       2.145150       2.179320       1.000000     541.499386       0.000000            0
       212       106.0000       1       1       7.713395       2.681428      10.394824       2.145150       2.189876       1.000000     541.499386       0.000000            0
# Jump frustrated.
       213       106.5000       1       1       7.793529       2.611880      10.405409       2.145150       2.448568       1.000000     541.499386       0.000000            0
# Jump frustrated.
       214       107.0000       1       1       7.816996       2.592365      10.409361       2.145150       2.571977       1.000000     541.499386       0.000000            0
# Jump frustrated.
       215       107.5000       1       1       7.827894       2.575549      10.403443       2.145149       2.452109       1.000000     541.499386       0.000000            1
       216       108.0000       1       1       7.758806       2.634302      10.393108       2.145149       2.273619       1.000000     541.499386       0.000000            0
# Jump frustrated.
       217       108.5000       1       1       7.487607       2.897962      10.385569       2.145150       2.554445       1.000000     541.499386       0.000000            0
# Jump frustrated.
       218       109.0000       1       1       6.955857       3.434624      10.390481       2.145150       3.549438       1.000000     541.499386       0.000000            0
# Jump frustrated.
       219       109.5000       1       1       6.284148       4.129898      10.414046       2.145150       4.830635       1.000000     541.499386       0.000000            0
# Jump frustrated.
       220       110.0000       1       1       5.785373       4.646008      10.431381       2.145150       5.547120       1.000000     541.499386       0.000000            0
# Jump frustrated.
       221       110.5000       1       1       5.701484       4.723237      10.424722       2.145149       5.316514       1.000000     541.499386       0.000000            0
# Jump frustrated.
       222       111.0000       1       1       5.958915       4.450443      10.409357       2.145148       4.469764       1.000000     541.499386       0.000000            1
# Jump frustrated.
       223       111.5000       1       1       6.339416       4.065333      10.404749       2.145149       3.767094       1.000000     541.499386       0.000000            0
# Jump frustrated.
       224       112.0000       1       1       6.721118       3.681053      10.402171       2.145150       3.360095       1.000000     541.499386       0.000000            0
# Jump frustrated.
       225       112.5000       1       1       7.052369       3.345561      10.397930       2.145150       2.984656       1.000000     541.499386       0.000000            0
# Jump frustrated.
       226       113.0000       1       1       7.268307       3.123422      10.391730       2.145150       2.576554       1.000000     541.499386       0.000000            0
# Jump frustrated.
       227       113.5000       1       1       7.279480       3.104530      10.384011       2.145149       2.368984       1.000000     541.499386       0.000000            0
# Jump frustrated.
       228       114.0000       1       1       6.988781       3.388328      10.377109       2.145149       2.839089       1.000000     541.499386       0.000000            0
# Jump frustrated.
       229       114.5000       1       1       6.404944       3.994746      10.399691       2.145149       4.404307       1.000000     541.499386       0.000000            0
# Jump frustrated.
       230       115.0000       1       1       5.927182       4.515008      10.442190       2.145150       5.724692       1.000000     541.499386       0.000000            0
# Jump frustrated.
       231       115.5000       1       1       6.048435       4.380479      10.428914       2.145151       5.527578       1.000000     541.499386       0.000000            1
# Jump frustrated.
       232       116.0000       1       1       6.609262       3.773230      10.382493       2.145150       4.079848       1.000000     541.499386       0.000000            0
       233       116.5000       1       1       7.047950       3.330198      10.378148       2.145149       3.129192       1.000000     541.499386       0.000000            0
# Jump frustrated.
       234       117.0000       1       1       7.155380       3.235322      10.390703       2.145149       2.972396       1.000000     541.499386       0.000000            0
# Jump frustrated.
       235       117.5000       1       1       7.022704       3.375041      10.397745       2.145150       3.004788       1.000000     541.499386       0.000000            0
# Jump frustrated.
       236       118.0000       1       1       6.739020       3.658839      10.397859       2.145150       2.961070       1.000000     541.499386       0.000000            1
# Jump frustrated.
       237       118.5000       1       1       6.319108       4.077997      10.397104       2.145150       2.923194       1.000000     541.499386       0.000000            0
# Jump frustrated.
       238       119.0000       1       1       5.772145       4.627531      10.399675       2.145151       2.975315       1.000000     541.499386       0.000000            0
       239       119.5000       1       1       5.152573       5.254917      10.407490       2.145151       3.337236       1.000000     541.499386       0.000000            0
       240       120.0000       1       1       4.597303       5.824382      10.421685       2.145151       3.938425       1.000000     541.499386       0.000000            0
# Jump frustrated.
       241       120.5000       1       1       4.317733       6.114408      10.432140       2.145151       4.327829       1.000000     541.499386       0.000000            0
       242       121.0000       1       1       4.451566       5.974689      10.426255       2.145150       4.169572       1.000000     541.499386       0.000000            0
       243       121.5000       1       1       4.924382       5.488267      10.412649       2.145150       3.689479       1.000000     541.499386       0.000000            1
       244       122.0000       1       1       5.543352       4.861088      10.404440       2.145149       3.275080       1.000000     541.499386       0.000000            0
       245       122.5000       1       1       6.163314       4.239307      10.402621       2.145148       3.035739       1.000000     541.499386       0.000000            0
       246       123.0000       1       1       6.730540       3.672957      10.403497       2.145148       2.893301       1.000000     541.499386       0.000000            0
       247       123.5000       1       1       7.236546       3.165359      10.401905       2.145149       2.749409       1.000000     541.499386       0.000000            0
# Jump frustrated.
       248       124.0000       1       1       7.657249       2.739351      10.396599       2.145149       2.533310       1.000000     541.499386       0.000000            0
       249       124.5000       1       1       7.921614       2.466348      10.387962       2.145149       2.428494       1.000000     541.499386       0.000000            0
       250       125.0000       1       1       7.935939       2.448494      10.384433       2.145148       2.835196       1.000000     541.499386       0.000000            1
       251       125.5000       1       1       7.699503       2.698867      10.398371       2.145148       3.879109       1.000000     541.499386       0.000000            0
# Jump frustrated.
       252       126.0000       1       1       7.442686       2.982042      10.424728       2.145149       4.801854       1.000000     541.499386       0.000000            0
# Jump frustrated.
       253       126.5000       1       1       7.477002       2.947580      10.424582       2.145149       4.748325       1.000000     541.499386       0.000000            0
       254       127.0000       1       1       7.802728       2.597763      10.400491       2.145149       3.828199       1.000000     541.499386       0.000000            0
# Jump frustrated.
       255       127.5000       1       1       8.126811       2.258949      10.385761       2.145150       2.890082       1.000000     541.499386       0.000000            0
       256       128.0000       1       1       8.214280       2.171132      10.385412       2.145151       2.304354       1.000000     541.499386       0.000000            1
       257       128.5000       1       1       8.035547       2.359431      10.394978       2.145151       2.109100       1.000000     541.499386       0.000000            0
# Jump frustrated.
       258       129.0000       1       1       7.658501       2.736859      10.395360       2.145152       2.185683       1.000000     541.499386       0.000000            0
       259       129.5000       1       1       7.114512       3.282034      10.396546       2.145152       2.479151       1.000000     541.499386       0.000000            0
# Jump frustrated.
       260       130.0000       1       1       6.422328       3.976892      10.399220       2.145152       3.038652       1.000000     541.499386       0.000000            0
       261       130.5000       1       1       5.656218       4.754794      10.411012       2.145152       3.757400       1.000000     541.499386       0.000000            0
# Jump frustrated.
       262       131.0000       1       1       4.969593       5.453181      10.422774       2.145154       4.413607       1.000000     541.499386       0.000000            0
       263       131.5000       1       1       4.544776       5.884795      10.429572       2.145153       4.671347       1.000000     541.499386       0.000000            1
       264       132.0000       1       1       4.470539       5.952060      10.422598       2.145151       4.310737       1.000000     541.499386       0.000000            0
       265       132.5000       1       1       4.657494       5.753588      10.411082       2.145150       3.589612       1.000000     541.499386       0.000000            0
# Jump frustrated.
       266       133.0000       1       1       4.938781       5.466468      10.405250       2.145149       2.955288       1.000000     541.499386       0.000000            0
# Jump frustrated.
       267       133.5000       1       1       5.208514       5.196372      10.404886       2.145148       2.623125       1.000000     541.499386       0.000000            0
# Jump frustrated.
       268       134.0000       1       1       5.440657       4.965099      10.405756       2.145148       2.511360       1.000000     541.499386       0.000000            0
# Jump frustrated.
       269       134.5000       1       1       5.640954       4.765381      10.406336       2.145149       2.490502       1.000000     541.499386       0.000000            1
# Jump frustrated.
       270       135.0000       1       1       5.812774       4.592653      10.405427       2.145149       2.496849       1.000000     541.499386       0.000000            0
# Jump frustrated.
       271       135.5000       1       1       5.939993       4.462068      10.402061       2.145149       2.499222       1.000000     541.499386       0.000000            0
       272       136.0000       1       1       5.985108       4.414527      10.399634       2.145149       2.599165       1.000000     541.499386       0.000000            0
# Jump frustrated.
       273       136.5000       1       1       5.928792       4.473694      10.402486       2.145150       2.903547       1.000000     541.499386       0.000000            0
       274       137.0000       1       1       5.818188       4.592653      10.410841       2.145150       3.329115       1.000000     541.499386       0.000000            0
       275       137.5000       1       1       5.769135       4.650160      10.419295       2.145151       3.608258       1.000000     541.499386       0.000000            0
# Jump frustrated.
       276       138.0000       1       1       5.883418       4.534316      10.417733       2.145152       3.516306       1.000000     541.499386       0.000000            1
# Jump frustrated.
       277       138.5000       1       1       6.146845       4.261936      10.408781       2.145151       3.113791       1.000000     541.499386       0.000000            0
       278       139.0000       1       1       6.442622       3.957377      10.399999       2.145151       2.680438       1.000000     541.499386       0.000000            0
# Jump frustrated.
       279       139.5000       1       1       6.644335       3.751224      10.395559       2.145151       2.466162       1.000000     541.499386       0.000000            0
# Jump frustrated.
       280       140.0000       1       1       6.683951       3.712402      10.396353       2.145151       2.561840       1.000000     541.499386       0.000000            0
       281       140.5000       1       1       6.564768       3.835305      10.400072       2.145150       2.841999       1.000000     541.499386       0.000000            0
# Jump frustrated.
       282       141.0000       1       1       6.342335       4.064295      10.406629       2.145150       3.193671       1.000000     541.499386       0.000000            0
# Jump frustrated.
       283       141.5000       1       1       6.111430       4.302834      10.414265       2.145150       3.468858       1.000000     541.499386       0.000000            1
       284       142.0000       1       1       5.971028       4.446706      10.417734       2.145149       3.589367       1.000000     541.499386       0.000000            0
# Jump frustrated.
       285       142.5000       1       1       5.966298       4.448989      10.415287       2.145149       3.598795       1.000000     541.499386       0.000000            0
# Jump frustrated.
       286       143.0000       1       1       6.072792       4.338543      10.411334       2.145149       3.612625       1.000000     541.499386       0.000000            0
       287       143.5000       1       1       6.241958       4.167267      10.409225       2.145148       3.695609       1.000000     541.499386       0.000000            0
# Jump frustrated.
       288       144.0000       1       1       6.443997       3.965059      10.409055       2.145148       3.800059       1.000000     541.499386       0.000000            0
# Jump frustrated.
       289       144.5000       1       1       6.674754       3.735238      10.409992       2.145148       3.880473       1.000000     541.499386       0.000000            0
# Jump frustrated.
       290       145.0000       1       1       6.938117       3.470956      10.409073       2.145148       3.864338       1.000000     541.499386       0.000000            1
# Jump frustrated.
       291       145.5000       1       1       7.222598       3.184251      10.406849       2.145147       3.762443       1.000000     541.499386       0.000000            0
# Jump frustrated.
       292       146.0000       1       1       7.499820       2.903360      10.403179       2.145146       3.619221       1.000000     541.499386       0.000000            0
# Jump frustrated.
       293       146.5000       1       1       7.743151       2.663159      10.406310       2.145147       3.617969       1.000000     541.499386       0.000000            0
       294       147.0000       1       1       7.932681       2.459290      10.391970       2.145146       3.599659       1.000000     541.499386       0.000000            0
       295       147.5000       1       1       8.025231       2.379569      10.404800       2.145146       3.395741       1.000000     541.499386       0.000000            0
# Jump frustrated.
       296       148.0000       1       1       8.066179       2.340746      10.406925       2.145145       3.192471       1.000000     541.499386       0.000000            0
# Jump frustrated.
       297       148.5000       1       1       8.130736       2.273274      10.404010       2.145146       2.881769       1.000000     541.499386       0.000000            0
# Jump frustrated.
       298       149.0000       1       1       8.165658       2.230300      10.395957       2.145147       2.414586       1.000000     541.499386       0.000000            0
       299       149.5000       1       1       8.060337       2.330781      10.391118       2.145147       2.093535       1.000000     541.499386       0.000000            1
# Jump frustrated.
       300       150.0000       1       1       7.740848       2.651948      10.392796       2.145147       2.258228       1.000000     541.499386       0.000000            0
       301       150.5000       1       1       7.225686       3.175532      10.401218       2.145147       2.768370       1.000000     541.499386       0.000000            0
# Jump frustrated.
       302       151.0000       1       1       6.615937       3.793783      10.409721       2.145148       3.250672       1.000000     541.499386       0.000000            0
# Jump frustrated.
       303       151.5000       1       1       6.037014       4.379856      10.416871       2.145148       3.545549       1.000000     541.499386       0.000000            0
       304       152.0000       1       1       5.578993       4.839497      10.418490       2.145148       3.593072       1.000000     541.499386       0.000000            0
# Jump frustrated.
       305       152.5000       1       1       5.270433       5.146339      10.416772       2.145149       3.394296       1.000000     541.499386       0.000000            0
# Jump frustrated.
       306       153.0000       1       1       5.078605       5.333808      10.412413       2.145149       3.089424       1.000000     541.499386       0.000000            0
# Jump frustrated.
       307       153.5000       1       1       4.943286       5.466468      10.409754       2.145148       2.834643       1.000000     541.499386       0.000000            1
# Jump frustrated.
       308       154.0000       1       1       4.821328       5.587710      10.409038       2.145149       2.690418       1.000000     541.499386       0.000000            0
# Jump frustrated.
       309       154.5000       1       1       4.702366       5.707914      10.410280       2.145149       2.672955       1.000000     541.499386       0.000000            0
# Jump frustrated.
       310       155.0000       1       1       4.600706       5.811095      10.411801       2.145148       2.726843       1.000000     541.499386       0.000000            0
# Jump frustrated.
       311       155.5000       1       1       4.539352       5.873584      10.412936       2.145148       2.801901       1.000000     541.499386       0.000000            0
# Jump frustrated.
       312       156.0000       1       1       4.535773       5.877321      10.413094       2.145149       2.872795       1.000000     541.499386       0.000000            0
# Jump frustrated.
       313       156.5000       1       1       4.593163       5.818776      10.411939       2.145149       2.939381       1.000000     541.499386       0.000000            0
# Jump frustrated.
       314       157.0000       1       1       4.697496       5.712482      10.409977       2.145149       3.021117       1.000000     541.499386       0.000000            1
# Jump frustrated.
       315       157.5000       1       1       4.822511       5.584804      10.407315       2.145150       3.144307       1.000000     541.499386       0.000000            0
       316       158.0000       1       1       4.938612       5.466468      10.405080       2.145150       3.374921       1.000000     541.499386       0.000000            0
# Jump frustrated.
       317       158.5000       1       1       5.031948       5.373876      10.405824       2.145149       3.779039       1.000000     541.499386       0.000000            0
# Jump frustrated.
       318       159.0000       1       1       5.141401       5.270488      10.411889       2.145148       4.220935       1.000000     541.499386       0.000000            0
# Jump frustrated.
       319       159.5000       1       1       5.366018       5.050840      10.416858       2.145148       4.410578       1.000000     541.499386       0.000000            0
# Jump frustrated.
       320       160.0000       1       1       5.766582       4.642478      10.409061       2.145146       4.076793       1.000000     541.499386       0.000000            1
       321       160.5000       1       1       6.242256       4.153150      10.395406       2.145146       3.389721       1.000000     541.499386       0.000000            0
# Jump frustrated.
       322       161.0000       1       1       6.604821       3.783818      10.388639       2.145146       3.094286       1.000000     541.499386       0.000000            0
# Jump frustrated.
       323       161.5000       1       1       6.780318       3.617526      10.397844       2.145147       3.564697       1.000000     541.499386       0.000000            0
# Jump frustrated.
       324       162.0000       1       1       6.897415       3.516214      10.413628       2.145148       4.147355       1.000000     541.499386       0.000000            0
       325       162.5000       1       1       7.144962       3.268124      10.413086       2.145149       4.099531       1.000000     541.499386       0.000000            0
# Jump frustrated.
       326       163.0000       1       1       7.518352       2.879692      10.398045       2.145149       3.438491       1.000000     541.499386       0.000000            1
# Jump frustrated.
       327       163.5000       1       1       7.829975       2.558318      10.388293       2.145149       2.887176       1.000000     541.499386       0.000000            0
# Jump frustrated.
       328       164.0000       1       1       7.931631       2.457421      10.389052       2.145150       2.981054       1.000000     541.499386       0.000000            0
# Jump frustrated.
       329       164.5000       1       1       7.803191       2.590704      10.393895       2.145151       3.602971       1.000000     541.499386       0.000000            0
# Jump frustrated.
       330       165.0000       1       1       7.499825       2.898169      10.397995       2.145152       4.490480       1.000000     541.499386       0.000000            0
# Jump frustrated.
       331       165.5000       1       1       7.108667       3.298435      10.407102       2.145152       5.380765       1.000000     541.499386       0.000000            0
       332       166.0000       1       1       6.741498       3.672126      10.413624       2.145152       6.073174       1.000000     541.499386       0.000000            1
# Jump frustrated.
       333       166.5000       1       1       6.491028       3.922292      10.413320       2.145152       6.463880       1.000000     541.499386       0.000000            0
       334       167.0000       1       1       6.389336       4.033361      10.422697       2.145151       6.544411       1.000000     541.499386       0.000000            0
# Jump frustrated.
       335       167.5000       1       1       6.453021       3.964851      10.417872       2.145149       6.104546       1.000000     541.499386       0.000000            0
# Jump frustrated.
       336       168.0000       1       1       6.653886       3.757245      10.411131       2.145150       5.502804       1.000000     541.499386       0.000000            0
# Jump frustrated.
       337       168.5000       1       1       6.870526       3.533237      10.403763       2.145149       4.725473       1.000000     541.499386       0.000000            0
# Jump frustrated.
       338       169.0000       1       1       7.039423       3.368190      10.407613       2.145148       4.314598       1.000000     541.499386       0.000000            0
# Jump frustrated.
       339       169.5000       1       1       7.224553       3.189026      10.413579       2.145148       4.123737       1.000000     541.499386       0.000000            1
# Jump frustrated.
       340       170.0000       1       1       7.490462       2.921214      10.411676       2.145149       3.724319       1.000000     541.499386       0.000000            0
# Jump frustrated.
       341       170.5000       1       1       7.797329       2.602123      10.399452       2.145149       2.967562       1.000000     541.499386       0.000000            0
       342       171.0000       1       1       7.983694       2.403443      10.387137       2.145150       2.147593       1.000000     541.499386       0.000000            0
       343       171.5000       1       1       7.880462       2.501849      10.382311       2.145150       2.044953       1.000000     541.499386       0.000000            0
# Jump frustrated.
       344       172.0000       1       1       7.436095       2.953600      10.389695       2.145151       3.022930       1.000000     541.499386       0.000000            0
# Jump frustrated.
       345       172.5000       1       1       6.795276       3.616488      10.411764       2.145152       4.335150       1.000000     541.499386       0.000000            0
# Jump frustrated.
       346       173.0000       1       1       6.276982       4.153358      10.430340       2.145153       5.114237       1.000000     541.499386       0.000000            1
# Jump frustrated.
       347       173.5000       1       1       6.116248       4.304910      10.421158       2.145153       4.899340       1.000000     541.499386       0.000000            0
# Jump frustrated.
       348       174.0000       1       1       6.200939       4.197163      10.398102       2.145151       3.943302       1.000000     541.499386       0.000000            0
# Jump frustrated.
       349       174.5000       1       1       6.224113       4.165399      10.389512       2.145150       3.018143       1.000000     541.499386       0.000000            0
       350       175.0000       1       1       6.023644       4.371967      10.395611       2.145149       2.592444       1.000000     541.499386       0.000000            0
# Jump frustrated.
       351       175.5000       1       1       5.636960       4.766627      10.403587       2.145150       2.583823       1.000000     541.499386       0.000000            0
# Jump frustrated.
       352       176.0000       1       1       5.169455       5.241838      10.411293       2.145150       2.745243       1.000000     541.499386       0.000000            1
       353       176.5000       1       1       4.724269       5.691929      10.416198       2.145149       2.891300       1.000000     541.499386       0.000000            0
       354       177.0000       1       1       4.372329       6.045690      10.418019       2.145149       2.997546       1.000000     541.499386       0.000000            0
       355       177.5000       1       1       4.143935       6.273850      10.417784       2.145148       3.062879       1.000000     541.499386       0.000000            0
       356       178.0000       1       1       4.039089       6.377238      10.416326       2.145147       3.144328       1.000000     541.499386       0.000000            0
# Jump frustrated.
       357       178.5000       1       1       4.042823       6.372463      10.415285       2.145147       3.312562       1.000000     541.499386       0.000000            0
       358       179.0000       1       1       4.152535       6.264507      10.417042       2.145147       3.619485       1.000000     541.499386       0.000000            1
# Jump frustrated.
       359       179.5000       1       1       4.407202       6.014549      10.421751       2.145147       3.963457       1.000000     541.499386       0.000000            0
# Jump frustrated.
       360       180.0000       1       1       4.876313       5.547850      10.424163       2.145147       4.127351       1.000000     541.499386       0.000000            0
       361       180.5000       1       1       5.584880       4.831608      10.416488       2.145146       3.942691       1.000000     541.499386       0.000000            0
# Jump frustrated.
       362       181.0000       1       1       6.427163       3.971495      10.398658       2.145146       3.445208       1.000000     541.499386       0.000000            0
# Jump frustrated.
       363       181.5000       1       1       7.169116       3.212070      10.381186       2.145146       2.999172       1.000000     541.499386       0.000000            0
       364       182.0000       1       1       7.561468       2.810560      10.372028       2.145145       3.241474       1.000000     541.499386       0.000000            0
# Jump frustrated.
       365       182.5000       1       1       7.511409       2.871803      10.383212       2.145145       4.415239       1.000000     541.499386       0.000000            1
       366       183.0000       1       1       7.234802       3.180929      10.415731       2.145143       5.745430       1.000000     541.499386       0.000000            0
# Jump frustrated.
       367       183.5000       1       1       7.166273       3.265010      10.431283       2.145142       6.158076       1.000000     541.499386       0.000000            0
# Jump frustrated.
       368       184.0000       1       1       7.505308       2.903982      10.409290       2.145144       5.292372       1.000000     541.499386       0.000000            0
       369       184.5000       1       1       7.984828       2.399084      10.383912       2.145147       3.836816       1.000000     541.499386       0.000000            0
# Jump frustrated.
       370       185.0000       1       1       8.249072       2.131894      10.380966       2.145148       2.799001       1.000000     541.499386       0.000000            0
       371       185.5000       1       1       8.189447       2.199366      10.388813       2.145148       2.655291       1.000000     541.499386       0.000000            0
# Jump frustrated.
       372       186.0000       1       1       7.841220       2.548975      10.390195       2.145148       3.109913       1.000000     541.499386       0.000000            0
# Jump frustrated.
       373       186.5000       1       1       7.324054       3.097887      10.421941       2.145149       3.632389       1.000000     541.499386       0.000000            1
# Jump frustrated.
       374       187.0000       1       1       6.837759       3.580364      10.418123       2.145150       3.855166       1.000000     541.499386       0.000000            0
# Jump frustrated.
       375       187.5000       1       1       6.474197       3.942222      10.416419       2.145151       4.210945       1.000000     541.499386       0.000000            0
# Jump frustrated.
       376       188.0000       1       1       6.229526       4.186990      10.416516       2.145153       4.596892       1.000000     541.499386       0.000000            0
# Jump frustrated.
       377       188.5000       1       1       6.093948       4.320066      10.414014       2.145153       4.951447       1.000000     541.499386       0.000000            0
# Jump frustrated.
       378       189.0000       1       1       6.040473       4.371552      10.412025       2.145152       5.218944       1.000000     541.499386       0.000000            0
# Jump frustrated.
       379       189.5000       1       1       6.038588       4.372590      10.411178       2.145153       5.337263       1.000000     541.499386       0.000000            0
# Jump frustrated.
       380       190.0000       1       1       6.072165       4.338750      10.410915       2.145154       5.293978       1.000000     541.499386       0.000000            1
# Jump frustrated.
       381       190.5000       1       1       6.133627       4.275430      10.409058       2.145154       5.065142       1.000000     541.499386       0.000000            0
# Jump frustrated.
       382       191.0000       1       1       6.208654       4.199031      10.407685       2.145156       4.661684       1.000000     541.499386       0.000000            0
       383       191.5000       1       1       6.290552       4.118687      10.409239       2.145158       4.193132       1.000000     541.499386       0.000000            0
# Jump frustrated.
       384       192.0000       1       1       6.402527       4.009071      10.411599       2.145157       3.810842       1.000000     541.499386       0.000000            0
       385       192.5000       1       1       6.572797       3.836758      10.409555       2.145156       3.487590       1.000000     541.499386       0.000000            0
       386       193.0000       1       1       6.774095       3.627491      10.401585       2.145156       3.117298       1.000000     541.499386       0.000000            0
       387       193.5000       1       1       6.913660       3.481128      10.394788       2.145156       2.753506       1.000000     541.499386       0.000000            1
# Jump frustrated.
       388       194.0000       1       1       6.890786       3.501474      10.392259       2.145157       2.753814       1.000000     541.499386       0.000000            0
# Jump frustrated.
       389       194.5000       1       1       6.691488       3.710949      10.402437       2.145157       3.247397       1.000000     541.499386       0.000000            0
# Jump frustrated.
       390       195.0000       1       1       6.425272       3.985197      10.410469       2.145158       3.589005       1.000000     541.499386       0.000000            0
       391       195.5000       1       1       6.180635       4.226850      10.407486       2.145158       3.466508       1.000000     541.499386       0.000000            0
# Jump frustrated.
       392       196.0000       1       1       5.930558       4.473694      10.404252       2.145158       3.173939       1.000000     541.499386       0.000000            0
       393       196.5000       1       1       5.630596       4.776592      10.407188       2.145158       3.057019       1.000000     541.499386       0.000000            0
# Jump frustrated.
       394       197.0000       1       1       5.304885       5.107932      10.412817       2.145158       3.118474       1.000000     541.499386       0.000000            0
# Jump frustrated.
       395       197.5000       1       1       5.021968       5.395052      10.417020       2.145159       3.217851       1.000000     541.499386       0.000000            1
       396       198.0000       1       1       4.838484       5.580444      10.418928       2.145160       3.310700       1.000000     541.499386       0.000000            0
# Jump frustrated.
       397       198.5000       1       1       4.785342       5.634629      10.419972       2.145160       3.388403       1.000000     541.499386       0.000000            0
# Jump frustrated.
       398       199.0000       1       1       4.879544       5.541414      10.420959       2.145159       3.458008       1.000000     541.499386       0.000000            0
# Jump frustrated.
       399       199.5000       1       1       5.130223       5.290833      10.421056       2.145159       3.529341       1.000000     541.499386       0.000000            0
# Jump frustrated.
       400       200.0000       1       1       5.535150       4.883717      10.418867       2.145159       3.619937       1.000000     541.499386       0.000000            0
