#===============================================================================================================================================================================
#     Step |         Time |         State |                                     Energy |      Angular |     Gradient |      Density |           Expectation Value |    Runtime |
#          |              |  diag |   MCH |          kin |          pot |          tot |     Momentum |          RMS |        Total |           DM |            S |            |
#          |         [fs] |       |       |         [eV] |         [eV] |         [eV] |       [hbar] |     [eV/Ang] |              |      [Debye] |              |      [sec] |
#===============================================================================================================================================================================
         0         0.0000       2       2       0.119604      10.468744      10.588349       0.000179       3.643202       1.000000     541.499386       0.000000            3
         1         0.5000       2       2       0.167861      10.420580      10.588441       0.000179       3.473665       1.000000     541.499386       0.000000            2
# Jump frustrated.
         2         1.0000       2       2       0.255993      10.332139      10.588133       0.000179       3.184817       1.000000     541.499386       0.000000            0
# Jump frustrated.
         3         1.5000       2       2       0.380599      10.207160      10.587760       0.000179       2.800783       1.000000     541.499386       0.000000            0
         4         2.0000       2       2       0.537511      10.049795      10.587305       0.000179       2.364630       1.000000     541.499386       0.000000            0
         5         2.5000       2       2       0.721529       9.865233      10.586762       0.000179       1.925283       1.000000     541.499386       0.000000            1
         6         3.0000       2       2       0.924253       9.661778      10.586031       0.000179       1.520226       1.000000     541.499386       0.000000            0
         7         3.5000       2       2       1.131580       9.453134      10.584714       0.000179       1.171275       1.000000     541.499386       0.000000            0
         8         4.0000       2       2       1.323982       9.259437      10.583419       0.000179       0.915691       1.000000     541.499386       0.000000            0
# Jump frustrated.
         9         4.5000       2       2       1.481418       9.101241      10.582659       0.000179       0.848399       1.000000     541.499386       0.000000            0
# Surface Hop/Pointer State Switch: new state=      1 old state=      2 randnum=  0.029468544 gap= -8.362386 eV
        10         5.0000       1       1       9.954458       0.628201      10.582659       1.215243       1.574518       1.000000     541.499386       0.000000            0
        11         5.5000       1       1       9.509160       1.083067      10.592226       1.215243       2.389606       1.000000     541.499386       0.000000            0
# Jump frustrated.
        12         6.0000       1       1       8.706478       1.900621      10.607099       1.215243       3.443216       1.000000     541.499386       0.000000            1
# Jump frustrated.
        13         6.5000       1       1       7.770228       2.851043      10.621271       1.215243       4.228164       1.000000     541.499386       0.000000            0
        14         7.0000       1       1       6.913515       3.716554      10.630068       1.215242       4.576376       1.000000     541.499386       0.000000            0
# Jump frustrated.
        15         7.5000       1       1       6.237551       4.388991      10.626542       1.215242       4.414802       1.000000     541.499386       0.000000            0
# Jump frustrated.
        16         8.0000       1       1       5.711810       4.909460      10.621270       1.215242       3.976657       1.000000     541.499386       0.000000            0
# Jump frustrated.
        17         8.5000       1       1       5.255594       5.363288      10.618881       1.215242       3.562243       1.000000     541.499386       0.000000            1
# Jump frustrated.
        18         9.0000       1       1       4.829621       5.792203      10.621824       1.215242       3.355693       1.000000     541.499386       0.000000            0
# Jump frustrated.
        19         9.5000       1       1       4.454345       6.171500      10.625844       1.215242       3.319919       1.000000     541.499386       0.000000            0
# Jump frustrated.
        20        10.0000       1       1       4.181448       6.447824      10.629271       1.215242       3.343063       1.000000     541.499386       0.000000            0
# Jump frustrated.
        21        10.5000       1       1       4.056835       6.573841      10.630676       1.215243       3.374476       1.000000     541.499386       0.000000            0
# Jump frustrated.
        22        11.0000       1       1       4.099191       6.529828      10.629019       1.215243       3.363066       1.000000     541.499386       0.000000            0
# Jump frustrated.
        23        11.5000       1       1       4.285820       6.338208      10.624028       1.215242       3.284681       1.000000     541.499386       0.000000            0
# Jump frustrated.
        24        12.0000       1       1       4.548429       6.068112      10.616541       1.215242       3.178233       1.000000     541.499386       0.000000            1
        25        12.5000       1       1       4.790615       5.818984      10.609599       1.215242       3.174072       1.000000     541.499386       0.000000            0
        26        13.0000       1       1       4.925643       5.680926      10.606569       1.215242       3.483141       1.000000     541.499386       0.000000            0
        27        13.5000       1       1       4.949191       5.665770      10.614961       1.215242       4.168769       1.000000     541.499386       0.000000            0
# Jump frustrated.
        28        14.0000       1       1       5.007326       5.622381      10.629707       1.215243       4.849969       1.000000     541.499386       0.000000            0
# Jump frustrated.
        29        14.5000       1       1       5.307472       5.324465      10.631938       1.215243       5.018007       1.000000     541.499386       0.000000            0
# Jump frustrated.
        30        15.0000       1       1       5.877788       4.734240      10.612029       1.215242       4.456373       1.000000     541.499386       0.000000            1
# Jump frustrated.
        31        15.5000       1       1       6.476014       4.116611      10.592625       1.215243       3.662013       1.000000     541.499386       0.000000            0
# Jump frustrated.
        32        16.0000       1       1       6.841105       3.752470      10.593575       1.215244       3.483018       1.000000     541.499386       0.000000            0
# Jump frustrated.
        33        16.5000       1       1       6.943426       3.661953      10.605379       1.215244       3.792642       1.000000     541.499386       0.000000            0
        34        17.0000       1       1       6.931341       3.684790      10.616132       1.215243       3.894821       1.000000     541.499386       0.000000            0
# Jump frustrated.
        35        17.5000       1       1       6.922908       3.690603      10.613511       1.215243       3.534055       1.000000     541.499386       0.000000            0
# Jump frustrated.
        36        18.0000       1       1       6.885701       3.719253      10.604954       1.215243       3.015683       1.000000     541.499386       0.000000            0
# Jump frustrated.
        37        18.5000       1       1       6.714728       3.887829      10.602557       1.215243       2.915711       1.000000     541.499386       0.000000            1
# Jump frustrated.
        38        19.0000       1       1       6.365175       4.241383      10.606558       1.215243       3.470110       1.000000     541.499386       0.000000            0
        39        19.5000       1       1       5.888512       4.725936      10.614448       1.215243       4.422776       1.000000     541.499386       0.000000            0
        40        20.0000       1       1       5.397876       5.225022      10.622898       1.215242       5.461106       1.000000     541.499386       0.000000            0
# Jump frustrated.
        41        20.5000       1       1       5.019524       5.610132      10.629656       1.215242       6.453384       1.000000     541.499386       0.000000            0
        42        21.0000       1       1       4.865893       5.769158      10.635051       1.215241       7.225212       1.000000     541.499386       0.000000            1
        43        21.5000       1       1       5.016672       5.619682      10.636354       1.215241       7.526905       1.000000     541.499386       0.000000            0
        44        22.0000       1       1       5.486758       5.144263      10.631022       1.215242       7.322117       1.000000     541.499386       0.000000            0
        45        22.5000       1       1       6.209280       4.410790      10.620070       1.215242       6.706087       1.000000     541.499386       0.000000            0
# Jump frustrated.
        46        23.0000       1       1       7.052687       3.559396      10.612083       1.215243       5.891141       1.000000     541.499386       0.000000            0
        47        23.5000       1       1       7.892853       2.718175      10.611028       1.215243       5.216953       1.000000     541.499386       0.000000            0
# Jump frustrated.
        48        24.0000       1       1       8.604832       1.979511      10.584344       1.215243       4.427954       1.000000     541.499386       0.000000            0
# Jump frustrated.
        49        24.5000       1       1       9.056712       1.539801      10.596512       1.215242       3.941812       1.000000     541.499386       0.000000            1
# Jump frustrated.
        50        25.0000       1       1       9.260901       1.338630      10.599531       1.215242       3.636376       1.000000     541.499386       0.000000            0
# Jump frustrated.
        51        25.5000       1       1       9.269351       1.328873      10.598224       1.215243       3.247906       1.000000     541.499386       0.000000            0
        52        26.0000       1       1       9.059119       1.541877      10.600996       1.215243       3.063428       1.000000     541.499386       0.000000            0
# Jump frustrated.
        53        26.5000       1       1       8.651434       1.957297      10.608731       1.215242       3.283863       1.000000     541.499386       0.000000            0
# Jump frustrated.
        54        27.0000       1       1       8.152559       2.466971      10.619530       1.215242       3.574496       1.000000     541.499386       0.000000            0
# Jump frustrated.
        55        27.5000       1       1       7.673192       2.945919      10.619111       1.215241       3.569709       1.000000     541.499386       0.000000            1
# Jump frustrated.
        56        28.0000       1       1       7.218598       3.394349      10.612946       1.215241       3.220948       1.000000     541.499386       0.000000            0
# Jump frustrated.
        57        28.5000       1       1       6.708402       3.900908      10.609311       1.215241       2.897705       1.000000     541.499386       0.000000            0
        58        29.0000       1       1       6.093399       4.517084      10.610483       1.215241       2.819610       1.000000     541.499386       0.000000            0
# Jump frustrated.
        59        29.5000       1       1       5.397959       5.219209      10.617168       1.215241       3.025672       1.000000     541.499386       0.000000            0
# Jump frustrated.
        60        30.0000       1       1       4.699253       5.923410      10.622663       1.215241       3.298302       1.000000     541.499386       0.000000            0
# Jump frustrated.
        61        30.5000       1       1       4.090988       6.538340      10.629328       1.215241       3.523230       1.000000     541.499386       0.000000            0
# Jump frustrated.
        62        31.0000       1       1       3.650115       6.981995      10.632110       1.215241       3.652778       1.000000     541.499386       0.000000            0
        63        31.5000       1       1       3.424004       7.209324      10.633328       1.215241       3.717334       1.000000     541.499386       0.000000            0
# Jump frustrated.
        64        32.0000       1       1       3.431728       7.201435      10.633163       1.215241       3.736976       1.000000     541.499386       0.000000            0
        65        32.5000       1       1       3.669144       6.962065      10.631209       1.215242       3.698779       1.000000     541.499386       0.000000            1
# Jump frustrated.
        66        33.0000       1       1       4.103337       6.522977      10.626314       1.215242       3.596084       1.000000     541.499386       0.000000            0
# Jump frustrated.
        67        33.5000       1       1       4.658333       5.959326      10.617659       1.215242       3.404326       1.000000     541.499386       0.000000            0
# Jump frustrated.
        68        34.0000       1       1       5.211634       5.396297      10.607932       1.215242       3.207337       1.000000     541.499386       0.000000            0
# Jump frustrated.
        69        34.5000       1       1       5.625235       4.974233      10.599469       1.215241       3.137467       1.000000     541.499386       0.000000            0
# Jump frustrated.
        70        35.0000       1       1       5.804484       4.795069      10.599553       1.215241       3.376700       1.000000     541.499386       0.000000            0
# Jump frustrated.
        71        35.5000       1       1       5.769813       4.839497      10.609310       1.215241       3.917992       1.000000     541.499386       0.000000            0
        72        36.0000       1       1       5.680080       4.942470      10.622550       1.215241       4.447953       1.000000     541.499386       0.000000            0
# Jump frustrated.
        73        36.5000       1       1       5.762740       4.870845      10.633586       1.215241       4.697558       1.000000     541.499386       0.000000            0
# Jump frustrated.
        74        37.0000       1       1       6.163543       4.464145      10.627688       1.215241       4.532722       1.000000     541.499386       0.000000            1
# Jump frustrated.
        75        37.5000       1       1       6.803679       3.806863      10.610542       1.215241       4.002598       1.000000     541.499386       0.000000            0
# Jump frustrated.
        76        38.0000       1       1       7.438693       3.159754      10.598447       1.215241       3.424085       1.000000     541.499386       0.000000            0
# Jump frustrated.
        77        38.5000       1       1       7.857926       2.735821      10.593747       1.215241       2.886998       1.000000     541.499386       0.000000            0
# Jump frustrated.
        78        39.0000       1       1       7.968750       2.627451      10.596201       1.215242       2.499911       1.000000     541.499386       0.000000            0
        79        39.5000       1       1       7.788700       2.814504      10.603204       1.215241       2.365327       1.000000     541.499386       0.000000            0
        80        40.0000       1       1       7.399957       3.210825      10.610782       1.215241       2.511856       1.000000     541.499386       0.000000            0
# Jump frustrated.
        81        40.5000       1       1       6.903510       3.714270      10.617780       1.215241       2.826012       1.000000     541.499386       0.000000            0
# Jump frustrated.
        82        41.0000       1       1       6.389636       4.231418      10.621054       1.215241       3.215253       1.000000     541.499386       0.000000            0
        83        41.5000       1       1       5.930665       4.694795      10.625460       1.215240       3.625479       1.000000     541.499386       0.000000            0
# Jump frustrated.
        84        42.0000       1       1       5.583993       5.043989      10.627983       1.215240       4.028879       1.000000     541.499386       0.000000            1
        85        42.5000       1       1       5.391209       5.238932      10.630141       1.215239       4.440395       1.000000     541.499386       0.000000            0
# Jump frustrated.
        86        43.0000       1       1       5.378691       5.251388      10.630079       1.215239       4.816687       1.000000     541.499386       0.000000            0
# Jump frustrated.
        87        43.5000       1       1       5.546858       5.079905      10.626763       1.215239       5.122107       1.000000     541.499386       0.000000            0
# Jump frustrated.
        88        44.0000       1       1       5.863498       4.759984      10.623482       1.215239       5.352757       1.000000     541.499386       0.000000            0
        89        44.5000       1       1       6.283688       4.337712      10.621400       1.215240       5.464780       1.000000     541.499386       0.000000            0
        90        45.0000       1       1       6.766048       3.850875      10.616923       1.215240       5.365962       1.000000     541.499386       0.000000            0
# Jump frustrated.
        91        45.5000       1       1       7.254935       3.355111      10.610046       1.215240       4.957587       1.000000     541.499386       0.000000            0
        92        46.0000       1       1       7.663760       2.938030      10.601789       1.215240       4.337558       1.000000     541.499386       0.000000            0
        93        46.5000       1       1       7.884663       2.704888      10.589551       1.215240       3.550602       1.000000     541.499386       0.000000            0
# Jump frustrated.
        94        47.0000       1       1       7.763228       2.812013      10.575240       1.215240       2.844565       1.000000     541.499386       0.000000            1
# Jump frustrated.
        95        47.5000       1       1       7.181127       3.402653      10.583780       1.215239       3.480565       1.000000     541.499386       0.000000            0
        96        48.0000       1       1       6.354618       4.271486      10.626104       1.215239       5.138866       1.000000     541.499386       0.000000            0
# Jump frustrated.
        97        48.5000       1       1       5.874612       4.777007      10.651619       1.215240       5.872856       1.000000     541.499386       0.000000            0
# Jump frustrated.
        98        49.0000       1       1       6.064796       4.561512      10.626308       1.215241       5.240454       1.000000     541.499386       0.000000            0
# Jump frustrated.
        99        49.5000       1       1       6.593301       3.991217      10.584518       1.215240       3.647722       1.000000     541.499386       0.000000            0
# Jump frustrated.
       100        50.0000       1       1       6.901749       3.674617      10.576367       1.215240       2.242820       1.000000     541.499386       0.000000            0
# Jump frustrated.
       101        50.5000       1       1       6.773324       3.817243      10.590567       1.215240       1.771338       1.000000     541.499386       0.000000            0
       102        51.0000       1       1       6.315161       4.288302      10.603463       1.215240       1.922479       1.000000     541.499386       0.000000            0
# Jump frustrated.
       103        51.5000       1       1       5.699800       4.915066      10.614866       1.215241       2.195818       1.000000     541.499386       0.000000            0
# Jump frustrated.
       104        52.0000       1       1       5.081065       5.542867      10.623933       1.215241       2.388735       1.000000     541.499386       0.000000            1
       105        52.5000       1       1       4.577133       6.051088      10.628221       1.215241       2.479473       1.000000     541.499386       0.000000            0
# Jump frustrated.
       106        53.0000       1       1       4.251543       6.377653      10.629196       1.215240       2.503883       1.000000     541.499386       0.000000            0
# Jump frustrated.
       107        53.5000       1       1       4.118668       6.509690      10.628359       1.215240       2.494728       1.000000     541.499386       0.000000            0
       108        54.0000       1       1       4.167410       6.460072      10.627482       1.215240       2.487918       1.000000     541.499386       0.000000            0
       109        54.5000       1       1       4.383402       6.243539      10.626941       1.215239       2.482773       1.000000     541.499386       0.000000            0
# Jump frustrated.
       110        55.0000       1       1       4.754779       5.871093      10.625872       1.215239       2.487279       1.000000     541.499386       0.000000            0
# Jump frustrated.
       111        55.5000       1       1       5.263074       5.359136      10.622210       1.215239       2.493558       1.000000     541.499386       0.000000            0
       112        56.0000       1       1       5.863791       4.752302      10.616093       1.215239       2.473611       1.000000     541.499386       0.000000            0
# Jump frustrated.
       113        56.5000       1       1       6.485880       4.125746      10.611626       1.215239       2.464633       1.000000     541.499386       0.000000            0
       114        57.0000       1       1       7.051399       3.555244      10.606643       1.215239       2.472949       1.000000     541.499386       0.000000            1
       115        57.5000       1       1       7.485649       3.113873      10.599522       1.215240       2.514296       1.000000     541.499386       0.000000            0
# Jump frustrated.
       116        58.0000       1       1       7.690390       2.896509      10.586899       1.215240       2.603636       1.000000     541.499386       0.000000            0
# Jump frustrated.
       117        58.5000       1       1       7.531911       3.047438      10.579349       1.215240       3.261573       1.000000     541.499386       0.000000            0
# Jump frustrated.
       118        59.0000       1       1       6.997301       3.602163      10.599463       1.215242       4.774617       1.000000     541.499386       0.000000            0
# Jump frustrated.
       119        59.5000       1       1       6.448236       4.193218      10.641454       1.215243       6.095757       1.000000     541.499386       0.000000            0
# Jump frustrated.
       120        60.0000       1       1       6.411646       4.234532      10.646177       1.215243       6.137750       1.000000     541.499386       0.000000            0
# Jump frustrated.
       121        60.5000       1       1       6.953596       3.657386      10.610982       1.215243       4.874994       1.000000     541.499386       0.000000            0
       122        61.0000       1       1       7.618530       2.966887      10.585417       1.215243       3.259433       1.000000     541.499386       0.000000            0
       123        61.5000       1       1       7.979482       2.603576      10.583058       1.215244       2.462726       1.000000     541.499386       0.000000            0
# Jump frustrated.
       124        62.0000       1       1       7.933131       2.658592      10.591723       1.215243       2.603291       1.000000     541.499386       0.000000            0
       125        62.5000       1       1       7.574498       3.028546      10.603044       1.215243       2.983864       1.000000     541.499386       0.000000            1
       126        63.0000       1       1       7.060476       3.553375      10.613852       1.215243       3.281749       1.000000     541.499386       0.000000            0
# Jump frustrated.
       127        63.5000       1       1       6.534053       4.085470      10.619523       1.215244       3.426668       1.000000     541.499386       0.000000            0
       128        64.0000       1       1       6.092204       4.530786      10.622990       1.215244       3.463149       1.000000     541.499386       0.000000            0
# Jump frustrated.
       129        64.5000       1       1       5.786285       4.838251      10.624536       1.215245       3.424824       1.000000     541.499386       0.000000            0
# Jump frustrated.
       130        65.0000       1       1       5.632503       4.991672      10.624175       1.215245       3.359533       1.000000     541.499386       0.000000            0
# Jump frustrated.
       131        65.5000       1       1       5.621085       5.000599      10.621684       1.215245       3.263919       1.000000     541.499386       0.000000            0
# Jump frustrated.
       132        66.0000       1       1       5.714301       4.903232      10.617533       1.215245       3.134753       1.000000     541.499386       0.000000            0
# Jump frustrated.
       133        66.5000       1       1       5.854216       4.758946      10.613162       1.215245       2.998645       1.000000     541.499386       0.000000            0
       134        67.0000       1       1       5.977525       4.631891      10.609416       1.215245       2.895562       1.000000     541.499386       0.000000            1
# Jump frustrated.
       135        67.5000       1       1       6.035554       4.573553      10.609107       1.215246       2.926330       1.000000     541.499386       0.000000            0
# Jump frustrated.
       136        68.0000       1       1       6.031887       4.582688      10.614575       1.215246       3.177879       1.000000     541.499386       0.000000            0
       137        68.5000       1       1       6.036139       4.583518      10.619658       1.215245       3.495252       1.000000     541.499386       0.000000            0
# Jump frustrated.
       138        69.0000       1       1       6.126560       4.492587      10.619147       1.215244       3.511847       1.000000     541.499386       0.000000            0
# Jump frustrated.
       139        69.5000       1       1       6.287198       4.318405      10.605603       1.215244       2.996944       1.000000     541.499386       0.000000            0
# Jump frustrated.
       140        70.0000       1       1       6.333037       4.248649      10.581686       1.215244       2.197837       1.000000     541.499386       0.000000            0
       141        70.5000       1       1       5.994150       4.576875      10.571024       1.215244       2.507091       1.000000     541.499386       0.000000            0
# Jump frustrated.
       142        71.0000       1       1       5.211350       5.382180      10.593530       1.215244       4.350296       1.000000     541.499386       0.000000            0
       143        71.5000       1       1       4.389059       6.254127      10.643185       1.215245       6.265287       1.000000     541.499386       0.000000            0
# Jump frustrated.
       144        72.0000       1       1       4.210184       6.451561      10.661745       1.215247       6.893905       1.000000     541.499386       0.000000            0
# Jump frustrated.
       145        72.5000       1       1       4.905631       5.713935      10.619566       1.215247       5.843320       1.000000     541.499386       0.000000            1
# Jump frustrated.
       146        73.0000       1       1       5.949375       4.628776      10.578151       1.215247       4.012140       1.000000     541.499386       0.000000            0
       147        73.5000       1       1       6.712713       3.863747      10.576460       1.215247       2.673742       1.000000     541.499386       0.000000            0
# Jump frustrated.
       148        74.0000       1       1       7.002874       3.588876      10.591750       1.215247       2.436057       1.000000     541.499386       0.000000            0
# Jump frustrated.
       149        74.5000       1       1       6.951575       3.653649      10.605224       1.215247       2.614580       1.000000     541.499386       0.000000            0
       150        75.0000       1       1       6.728509       3.883469      10.611979       1.215246       2.774721       1.000000     541.499386       0.000000            0
# Jump frustrated.
       151        75.5000       1       1       6.439351       4.178271      10.617622       1.215247       2.863444       1.000000     541.499386       0.000000            0
# Jump frustrated.
       152        76.0000       1       1       6.159431       4.462691      10.622122       1.215247       2.843528       1.000000     541.499386       0.000000            0
       153        76.5000       1       1       5.938589       4.684207      10.622797       1.215247       2.774530       1.000000     541.499386       0.000000            1
# Jump frustrated.
       154        77.0000       1       1       5.784889       4.837213      10.622102       1.215247       2.715904       1.000000     541.499386       0.000000            0
# Jump frustrated.
       155        77.5000       1       1       5.687773       4.934165      10.621938       1.215247       2.722817       1.000000     541.499386       0.000000            0
       156        78.0000       1       1       5.645348       4.978178      10.623526       1.215246       2.811393       1.000000     541.499386       0.000000            0
# Jump frustrated.
       157        78.5000       1       1       5.675921       4.949944      10.625864       1.215246       2.944723       1.000000     541.499386       0.000000            0
# Jump frustrated.
       158        79.0000       1       1       5.812434       4.815830      10.628264       1.215246       3.055294       1.000000     541.499386       0.000000            0
# Jump frustrated.
       159        79.5000       1       1       6.089402       4.540751      10.630154       1.215246       3.080259       1.000000     541.499386       0.000000            0
       160        80.0000       1       1       6.528664       4.099380      10.628044       1.215245       3.027458       1.000000     541.499386       0.000000            0
       161        80.5000       1       1       7.080813       3.528670      10.609483       1.215244       2.870128       1.000000     541.499386       0.000000            0
       162        81.0000       1       1       7.563137       3.035397      10.598534       1.215244       2.492707       1.000000     541.499386       0.000000            1
       163        81.5000       1       1       7.835016       2.771114      10.606130       1.215245       2.287154       1.000000     541.499386       0.000000            0
# Jump frustrated.
       164        82.0000       1       1       7.845490       2.748278      10.593768       1.215245       2.551480       1.000000     541.499386       0.000000            0
# Jump frustrated.
       165        82.5000       1       1       7.531925       3.065293      10.597218       1.215245       3.478762       1.000000     541.499386       0.000000            0
       166        83.0000       1       1       6.981621       3.633719      10.615340       1.215245       4.656398       1.000000     541.499386       0.000000            0
# Jump frustrated.
       167        83.5000       1       1       6.458676       4.165814      10.624490       1.215244       5.294611       1.000000     541.499386       0.000000            0
       168        84.0000       1       1       6.109074       4.501098      10.610172       1.215243       5.226298       1.000000     541.499386       0.000000            0
# Jump frustrated.
       169        84.5000       1       1       5.832937       4.774516      10.607453       1.215243       5.349564       1.000000     541.499386       0.000000            0
# Jump frustrated.
       170        85.0000       1       1       5.640621       4.986897      10.627518       1.215243       5.835859       1.000000     541.499386       0.000000            0
       171        85.5000       1       1       5.733650       4.894305      10.627955       1.215244       5.670411       1.000000     541.499386       0.000000            0
# Jump frustrated.
       172        86.0000       1       1       6.087237       4.518537      10.605775       1.215244       4.536573       1.000000     541.499386       0.000000            1
       173        86.5000       1       1       6.402038       4.194464      10.596502       1.215244       3.274260       1.000000     541.499386       0.000000            0
       174        87.0000       1       1       6.467632       4.132182      10.599814       1.215244       2.504373       1.000000     541.499386       0.000000            0
# Jump frustrated.
       175        87.5000       1       1       6.277893       4.330654      10.608546       1.215244       2.261825       1.000000     541.499386       0.000000            0
       176        88.0000       1       1       5.920399       4.694380      10.614779       1.215244       2.304182       1.000000     541.499386       0.000000            0
# Jump frustrated.
       177        88.5000       1       1       5.485173       5.134921      10.620094       1.215244       2.518717       1.000000     541.499386       0.000000            0
       178        89.0000       1       1       5.056749       5.569233      10.625983       1.215244       2.826728       1.000000     541.499386       0.000000            0
# Jump frustrated.
       179        89.5000       1       1       4.727576       5.904103      10.631679       1.215244       3.087140       1.000000     541.499386       0.000000            0
# Jump frustrated.
       180        90.0000       1       1       4.567436       6.063337      10.630773       1.215244       3.195106       1.000000     541.499386       0.000000            0
# Jump frustrated.
       181        90.5000       1       1       4.588983       6.042161      10.631143       1.215244       3.167557       1.000000     541.499386       0.000000            0
# Jump frustrated.
       182        91.0000       1       1       4.780527       5.848256      10.628784       1.215245       2.993121       1.000000     541.499386       0.000000            1
# Jump frustrated.
       183        91.5000       1       1       5.093896       5.527505      10.621401       1.215244       2.809805       1.000000     541.499386       0.000000            0
       184        92.0000       1       1       5.448768       5.169176      10.617944       1.215243       2.760882       1.000000     541.499386       0.000000            0
# Jump frustrated.
       185        92.5000       1       1       5.800195       4.817283      10.617478       1.215244       2.810918       1.000000     541.499386       0.000000            0
# Jump frustrated.
       186        93.0000       1       1       6.136286       4.479300      10.615585       1.215245       2.791512       1.000000     541.499386       0.000000            0
# Jump frustrated.
       187        93.5000       1       1       6.427832       4.180554      10.608386       1.215245       2.674707       1.000000     541.499386       0.000000            0
# Jump frustrated.
       188        94.0000       1       1       6.581386       4.014261      10.595648       1.215244       2.765900       1.000000     541.499386       0.000000            0
       189        94.5000       1       1       6.500363       4.098757      10.599120       1.215244       3.609802       1.000000     541.499386       0.000000            0
       190        95.0000       1       1       6.266818       4.348508      10.615326       1.215244       4.773255       1.000000     541.499386       0.000000            1
       191        95.5000       1       1       6.148730       4.484698      10.633427       1.215245       5.640360       1.000000     541.499386       0.000000            0
       192        96.0000       1       1       6.418228       4.218754      10.636982       1.215246       5.875816       1.000000     541.499386       0.000000            0
# Jump frustrated.
       193        96.5000       1       1       7.109054       3.503342      10.612396       1.215246       5.073698       1.000000     541.499386       0.000000            0
# Jump frustrated.
       194        97.0000       1       1       7.878042       2.709248      10.587290       1.215246       3.459149       1.000000     541.499386       0.000000            0
# Jump frustrated.
       195        97.5000       1       1       8.335091       2.252929      10.588020       1.215245       2.376970       1.000000     541.499386       0.000000            0
       196        98.0000       1       1       8.371015       2.219504      10.590519       1.215245       2.341563       1.000000     541.499386       0.000000            0
       197        98.5000       1       1       8.004920       2.592158      10.597078       1.215245       2.873222       1.000000     541.499386       0.000000            0
       198        99.0000       1       1       7.387632       3.237606      10.625238       1.215245       3.604393       1.000000     541.499386       0.000000            0
# Jump frustrated.
       199        99.5000       1       1       6.784477       3.849007      10.633484       1.215245       3.892158       1.000000     541.499386       0.000000            1
# Jump frustrated.
       200       100.0000       1       1       6.348452       4.287264      10.635716       1.215245       4.020524       1.000000     541.499386       0.000000            0
# Jump frustrated.
       201       100.5000       1       1       6.125395       4.509610      10.635005       1.215245       3.988811       1.000000     541.499386       0.000000            0
       202       101.0000       1       1       6.103006       4.528087      10.631093       1.215245       3.859136       1.000000     541.499386       0.000000            0
# Jump frustrated.
       203       101.5000       1       1       6.229036       4.397918      10.626954       1.215244       3.683515       1.000000     541.499386       0.000000            0
# Jump frustrated.
       204       102.0000       1       1       6.444075       4.179724      10.623799       1.215245       3.482445       1.000000     541.499386       0.000000            0
# Jump frustrated.
       205       102.5000       1       1       6.697673       3.923122      10.620795       1.215244       3.227674       1.000000     541.499386       0.000000            0
# Jump frustrated.
       206       103.0000       1       1       6.940414       3.676486      10.616900       1.215244       2.930615       1.000000     541.499386       0.000000            1
# Jump frustrated.
       207       103.5000       1       1       7.106653       3.503550      10.610203       1.215244       2.630777       1.000000     541.499386       0.000000            0
# Jump frustrated.
       208       104.0000       1       1       7.111386       3.493792      10.605178       1.215244       2.538153       1.000000     541.499386       0.000000            0
# Jump frustrated.
       209       104.5000       1       1       6.900199       3.705551      10.605750       1.215243       2.988094       1.000000     541.499386       0.000000            0
# Jump frustrated.
       210       105.0000       1       1       6.518286       4.096266      10.614552       1.215242       3.823656       1.000000     541.499386       0.000000            0
       211       105.5000       1       1       6.123339       4.498607      10.621946       1.215242       4.296157       1.000000     541.499386       0.000000            0
# Jump frustrated.
       212       106.0000       1       1       5.824444       4.790502      10.614945       1.215243       4.190614       1.000000     541.499386       0.000000            0
# Jump frustrated.
       213       106.5000       1       1       5.587789       5.027588      10.615378       1.215244       4.155522       1.000000     541.499386       0.000000            0
# Jump frustrated.
       214       107.0000       1       1       5.449077       5.180387      10.629464       1.215245       4.398132       1.000000     541.499386       0.000000            1
       215       107.5000       1       1       5.538812       5.086341      10.625153       1.215245       4.051018       1.000000     541.499386       0.000000            0
# Jump frustrated.
       216       108.0000       1       1       5.770279       4.834722      10.605001       1.215244       3.059861       1.000000     541.499386       0.000000            0
# Jump frustrated.
       217       108.5000       1       1       5.865235       4.733202      10.598438       1.215245       2.406202       1.000000     541.499386       0.000000            0
# Jump frustrated.
       218       109.0000       1       1       5.675052       4.931051      10.606103       1.215244       2.677155       1.000000     541.499386       0.000000            0
# Jump frustrated.
       219       109.5000       1       1       5.264188       5.354153      10.618341       1.215244       3.294882       1.000000     541.499386       0.000000            0
# Jump frustrated.
       220       110.0000       1       1       4.790956       5.838291      10.629247       1.215243       3.776400       1.000000     541.499386       0.000000            0
# Jump frustrated.
       221       110.5000       1       1       4.405557       6.229837      10.635394       1.215243       3.945437       1.000000     541.499386       0.000000            0
# Jump frustrated.
       222       111.0000       1       1       4.185949       6.447824      10.633773       1.215242       3.807094       1.000000     541.499386       0.000000            0
# Jump frustrated.
       223       111.5000       1       1       4.119906       6.510521      10.630427       1.215243       3.537018       1.000000     541.499386       0.000000            1
       224       112.0000       1       1       4.162827       6.466301      10.629128       1.215244       3.295503       1.000000     541.499386       0.000000            0
       225       112.5000       1       1       4.292116       6.337792      10.629908       1.215244       3.157716       1.000000     541.499386       0.000000            0
       226       113.0000       1       1       4.511857       6.118560      10.630417       1.215245       3.084248       1.000000     541.499386       0.000000            0
# Jump frustrated.
       227       113.5000       1       1       4.829422       5.799884      10.629306       1.215245       3.001173       1.000000     541.499386       0.000000            0
# Jump frustrated.
       228       114.0000       1       1       5.234551       5.392353      10.626904       1.215245       2.909664       1.000000     541.499386       0.000000            0
       229       114.5000       1       1       5.690570       4.931051      10.621622       1.215244       2.836918       1.000000     541.499386       0.000000            0
       230       115.0000       1       1       6.122353       4.489888      10.612241       1.215244       2.877472       1.000000     541.499386       0.000000            0
# Jump frustrated.
       231       115.5000       1       1       6.438767       4.170174      10.608941       1.215243       3.323616       1.000000     541.499386       0.000000            0
       232       116.0000       1       1       6.636178       3.982498      10.618676       1.215243       4.219350       1.000000     541.499386       0.000000            0
# Jump frustrated.
       233       116.5000       1       1       6.885228       3.749563      10.634791       1.215242       4.979977       1.000000     541.499386       0.000000            0
# Jump frustrated.
       234       117.0000       1       1       7.365426       3.257121      10.622547       1.215241       4.902781       1.000000     541.499386       0.000000            1
# Jump frustrated.
       235       117.5000       1       1       7.944950       2.649665      10.594614       1.215241       4.348243       1.000000     541.499386       0.000000            0
       236       118.0000       1       1       8.310606       2.282824      10.593430       1.215240       4.573402       1.000000     541.499386       0.000000            0
       237       118.5000       1       1       8.462673       2.158468      10.621141       1.215239       5.413980       1.000000     541.499386       0.000000            0
       238       119.0000       1       1       8.694081       1.928232      10.622314       1.215238       5.341408       1.000000     541.499386       0.000000            0
       239       119.5000       1       1       9.016342       1.578416      10.594757       1.215237       4.197838       1.000000     541.499386       0.000000            0
       240       120.0000       1       1       9.082810       1.494958      10.577768       1.215238       3.204538       1.000000     541.499386       0.000000            0
# Jump frustrated.
       241       120.5000       1       1       8.655906       1.931762      10.587668       1.215238       3.462658       1.000000     541.499386       0.000000            1
       242       121.0000       1       1       7.881503       2.728555      10.610058       1.215238       4.210886       1.000000     541.499386       0.000000            0
# Jump frustrated.
       243       121.5000       1       1       7.064880       3.551299      10.616180       1.215239       4.771324       1.000000     541.499386       0.000000            0
       244       122.0000       1       1       6.365749       4.252801      10.618550       1.215239       5.332543       1.000000     541.499386       0.000000            0
# Jump frustrated.
       245       122.5000       1       1       5.830248       4.789671      10.619919       1.215240       5.926080       1.000000     541.499386       0.000000            0
       246       123.0000       1       1       5.479791       5.141772      10.621563       1.215240       6.383580       1.000000     541.499386       0.000000            0
# Jump frustrated.
       247       123.5000       1       1       5.334891       5.288342      10.623233       1.215238       6.546633       1.000000     541.499386       0.000000            0
# Jump frustrated.
       248       124.0000       1       1       5.401754       5.219832      10.621586       1.215237       6.375478       1.000000     541.499386       0.000000            0
# Jump frustrated.
       249       124.5000       1       1       5.643499       4.971327      10.614826       1.215236       5.893907       1.000000     541.499386       0.000000            1
       250       125.0000       1       1       5.962941       4.641233      10.604173       1.215237       5.202818       1.000000     541.499386       0.000000            0
       251       125.5000       1       1       6.211417       4.380272      10.591689       1.215238       4.478189       1.000000     541.499386       0.000000            0
# Jump frustrated.
       252       126.0000       1       1       6.231435       4.353490      10.584925       1.215239       4.243223       1.000000     541.499386       0.000000            0
       253       126.5000       1       1       5.982755       4.614659      10.597414       1.215239       4.939220       1.000000     541.499386       0.000000            0
# Jump frustrated.
       254       127.0000       1       1       5.691733       4.931882      10.623614       1.215240       5.860934       1.000000     541.499386       0.000000            0
# Jump frustrated.
       255       127.5000       1       1       5.682669       4.935619      10.618287       1.215240       5.781391       1.000000     541.499386       0.000000            0
       256       128.0000       1       1       5.890498       4.692304      10.582802       1.215240       4.691321       1.000000     541.499386       0.000000            0
       257       128.5000       1       1       5.929252       4.648084      10.577336       1.215240       4.119591       1.000000     541.499386       0.000000            0
# Jump frustrated.
       258       129.0000       1       1       5.738601       4.871676      10.610277       1.215239       4.731557       1.000000     541.499386       0.000000            0
       259       129.5000       1       1       5.688121       4.936864      10.624985       1.215240       4.860629       1.000000     541.499386       0.000000            1
       260       130.0000       1       1       5.933749       4.668222      10.601970       1.215241       3.910189       1.000000     541.499386       0.000000            0
       261       130.5000       1       1       6.198767       4.390859      10.589627       1.215243       2.886444       1.000000     541.499386       0.000000            0
# Jump frustrated.
       262       131.0000       1       1       6.237757       4.355359      10.593116       1.215244       2.566989       1.000000     541.499386       0.000000            0
# Jump frustrated.
       263       131.5000       1       1       6.038599       4.564003      10.602602       1.215245       2.691866       1.000000     541.499386       0.000000            0
# Jump frustrated.
       264       132.0000       1       1       5.707057       4.904270      10.611328       1.215245       2.815482       1.000000     541.499386       0.000000            0
       265       132.5000       1       1       5.349387       5.265713      10.615100       1.215245       2.793619       1.000000     541.499386       0.000000            0
# Jump frustrated.
       266       133.0000       1       1       5.019350       5.597053      10.616403       1.215246       2.739119       1.000000     541.499386       0.000000            0
       267       133.5000       1       1       4.743292       5.875660      10.618952       1.215246       2.751339       1.000000     541.499386       0.000000            1
       268       134.0000       1       1       4.559901       6.062714      10.622615       1.215246       2.812291       1.000000     541.499386       0.000000            0
# Jump frustrated.
       269       134.5000       1       1       4.519925       6.105481      10.625405       1.215247       2.862720       1.000000     541.499386       0.000000            0
# Jump frustrated.
       270       135.0000       1       1       4.662204       5.963893      10.626097       1.215247       2.868738       1.000000     541.499386       0.000000            0
# Jump frustrated.
       271       135.5000       1       1       4.997840       5.626740      10.624580       1.215247       2.815256       1.000000     541.499386       0.000000            0
       272       136.0000       1       1       5.507624       5.113537      10.621161       1.215247       2.708541       1.000000     541.499386       0.000000            0
# Jump frustrated.
       273       136.5000       1       1       6.145096       4.470788      10.615884       1.215248       2.568989       1.000000     541.499386       0.000000            0
# Jump frustrated.
       274       137.0000       1       1       6.835915       3.771985      10.607900       1.215249       2.442099       1.000000     541.499386       0.000000            0
       275       137.5000       1       1       7.480520       3.121554      10.602074       1.215249       2.508959       1.000000     541.499386       0.000000            0
       276       138.0000       1       1       8.007528       2.596310      10.603838       1.215249       2.882704       1.000000     541.499386       0.000000            0
# Jump frustrated.
       277       138.5000       1       1       8.409545       2.191892      10.601438       1.215249       3.273023       1.000000     541.499386       0.000000            0
       278       139.0000       1       1       8.627674       1.953145      10.580819       1.215250       3.590000       1.000000     541.499386       0.000000            1
# Jump frustrated.
       279       139.5000       1       1       8.462671       2.103867      10.566539       1.215250       4.544609       1.000000     541.499386       0.000000            0
# Jump frustrated.
       280       140.0000       1       1       7.858512       2.733538      10.592049       1.215249       6.223233       1.000000     541.499386       0.000000            0
# Jump frustrated.
       281       140.5000       1       1       7.239023       3.397463      10.636486       1.215249       7.384795       1.000000     541.499386       0.000000            0
# Jump frustrated.
       282       141.0000       1       1       7.084561       3.538220      10.622781       1.215250       7.025190       1.000000     541.499386       0.000000            0
       283       141.5000       1       1       7.270769       3.323555      10.594324       1.215249       5.811497       1.000000     541.499386       0.000000            0
# Jump frustrated.
       284       142.0000       1       1       7.395289       3.195462      10.590751       1.215250       4.741883       1.000000     541.499386       0.000000            0
       285       142.5000       1       1       7.297470       3.299057      10.596527       1.215251       3.960456       1.000000     541.499386       0.000000            0
       286       143.0000       1       1       7.006365       3.596765      10.603130       1.215250       3.371695       1.000000     541.499386       0.000000            1
       287       143.5000       1       1       6.587805       4.020282      10.608087       1.215251       3.063353       1.000000     541.499386       0.000000            0
       288       144.0000       1       1       6.102142       4.509195      10.611337       1.215252       3.130712       1.000000     541.499386       0.000000            0
       289       144.5000       1       1       5.596090       5.018038      10.614129       1.215252       3.631003       1.000000     541.499386       0.000000            0
       290       145.0000       1       1       5.118612       5.499270      10.617882       1.215252       4.366456       1.000000     541.499386       0.000000            0
# Jump frustrated.
       291       145.5000       1       1       4.725548       5.896006      10.621554       1.215253       5.177823       1.000000     541.499386       0.000000            0
# Jump frustrated.
       292       146.0000       1       1       4.471225       6.152607      10.623832       1.215255       5.889088       1.000000     541.499386       0.000000            0
# Jump frustrated.
       293       146.5000       1       1       4.387632       6.234612      10.622244       1.215255       6.369567       1.000000     541.499386       0.000000            0
# Jump frustrated.
       294       147.0000       1       1       4.460634       6.157382      10.618016       1.215253       6.555996       1.000000     541.499386       0.000000            1
       295       147.5000       1       1       4.636293       5.977180      10.613473       1.215252       6.418536       1.000000     541.499386       0.000000            0
       296       148.0000       1       1       4.856506       5.755249      10.611755       1.215251       6.048185       1.000000     541.499386       0.000000            0
# Jump frustrated.
       297       148.5000       1       1       5.106772       5.508612      10.615385       1.215252       5.611725       1.000000     541.499386       0.000000            0
       298       149.0000       1       1       5.443752       5.177895      10.621647       1.215253       5.209280       1.000000     541.499386       0.000000            0
# Jump frustrated.
       299       149.5000       1       1       5.940317       4.678810      10.619127       1.215253       4.703936       1.000000     541.499386       0.000000            0
# Jump frustrated.
       300       150.0000       1       1       6.555671       4.049970      10.605641       1.215253       3.917918       1.000000     541.499386       0.000000            0
       301       150.5000       1       1       7.103361       3.484865      10.588226       1.215253       3.050349       1.000000     541.499386       0.000000            0
# Jump frustrated.
       302       151.0000       1       1       7.362649       3.215600      10.578248       1.215254       2.339679       1.000000     541.499386       0.000000            0
       303       151.5000       1       1       7.218114       3.364661      10.582775       1.215254       2.527430       1.000000     541.499386       0.000000            1
       304       152.0000       1       1       6.776414       3.829907      10.606321       1.215254       3.744370       1.000000     541.499386       0.000000            0
       305       152.5000       1       1       6.387552       4.245535      10.633087       1.215254       4.822489       1.000000     541.499386       0.000000            0
# Jump frustrated.
       306       153.0000       1       1       6.388921       4.238684      10.627605       1.215253       4.769629       1.000000     541.499386       0.000000            0
# Jump frustrated.
       307       153.5000       1       1       6.703094       3.894680      10.597774       1.215254       3.689550       1.000000     541.499386       0.000000            0
# Jump frustrated.
       308       154.0000       1       1       6.955669       3.633096      10.588765       1.215254       2.709823       1.000000     541.499386       0.000000            0
       309       154.5000       1       1       6.942730       3.653442      10.596171       1.215254       2.470661       1.000000     541.499386       0.000000            0
       310       155.0000       1       1       6.717921       3.890736      10.608657       1.215254       2.651138       1.000000     541.499386       0.000000            0
# Jump frustrated.
       311       155.5000       1       1       6.425463       4.191142      10.616605       1.215254       2.847032       1.000000     541.499386       0.000000            0
# Jump frustrated.
       312       156.0000       1       1       6.178966       4.441308      10.620274       1.215255       2.957644       1.000000     541.499386       0.000000            1
       313       156.5000       1       1       6.023624       4.594521      10.618145       1.215256       3.040504       1.000000     541.499386       0.000000            0
# Jump frustrated.
       314       157.0000       1       1       5.953311       4.665108      10.618418       1.215257       3.203665       1.000000     541.499386       0.000000            0
       315       157.5000       1       1       5.965090       4.655142      10.620233       1.215258       3.356022       1.000000     541.499386       0.000000            0
# Jump frustrated.
       316       158.0000       1       1       6.067122       4.552792      10.619914       1.215258       3.491393       1.000000     541.499386       0.000000            0
# Jump frustrated.
       317       158.5000       1       1       6.244080       4.373213      10.617293       1.215258       3.665691       1.000000     541.499386       0.000000            0
# Jump frustrated.
       318       159.0000       1       1       6.459980       4.154811      10.614791       1.215258       3.871409       1.000000     541.499386       0.000000            0
       319       159.5000       1       1       6.682654       3.931427      10.614080       1.215259       4.003348       1.000000     541.499386       0.000000            0
# Jump frustrated.
       320       160.0000       1       1       6.892260       3.720498      10.612758       1.215260       4.010571       1.000000     541.499386       0.000000            0
# Jump frustrated.
       321       160.5000       1       1       7.063785       3.545694      10.609479       1.215260       3.908405       1.000000     541.499386       0.000000            0
# Jump frustrated.
       322       161.0000       1       1       7.156404       3.450818      10.607221       1.215260       3.837891       1.000000     541.499386       0.000000            0
       323       161.5000       1       1       7.144489       3.462859      10.607348       1.215260       3.895937       1.000000     541.499386       0.000000            1
       324       162.0000       1       1       7.025241       3.580156      10.605398       1.215260       4.009167       1.000000     541.499386       0.000000            0
# Jump frustrated.
       325       162.5000       1       1       6.778798       3.822433      10.601231       1.215261       4.142694       1.000000     541.499386       0.000000            0
       326       163.0000       1       1       6.377274       4.226228      10.603501       1.215262       4.489666       1.000000     541.499386       0.000000            0
# Jump frustrated.
       327       163.5000       1       1       5.891361       4.728427      10.619788       1.215263       5.104827       1.000000     541.499386       0.000000            0
# Jump frustrated.
       328       164.0000       1       1       5.548040       5.086341      10.634381       1.215264       5.386625       1.000000     541.499386       0.000000            0
       329       164.5000       1       1       5.512789       5.110631      10.623420       1.215265       4.753351       1.000000     541.499386       0.000000            0
# Jump frustrated.
       330       165.0000       1       1       5.652445       4.952435      10.604880       1.215266       3.568300       1.000000     541.499386       0.000000            0
# Jump frustrated.
       331       165.5000       1       1       5.712464       4.887454      10.599918       1.215267       2.653534       1.000000     541.499386       0.000000            0
       332       166.0000       1       1       5.582682       5.022813      10.605496       1.215267       2.518588       1.000000     541.499386       0.000000            1
       333       166.5000       1       1       5.309924       5.303082      10.613006       1.215266       2.898456       1.000000     541.499386       0.000000            0
# Jump frustrated.
       334       167.0000       1       1       4.987752       5.629647      10.617399       1.215266       3.381043       1.000000     541.499386       0.000000            0
# Jump frustrated.
       335       167.5000       1       1       4.681054       5.937527      10.618581       1.215266       3.848039       1.000000     541.499386       0.000000            0
# Jump frustrated.
       336       168.0000       1       1       4.419917       6.199734      10.619651       1.215265       4.324134       1.000000     541.499386       0.000000            0
# Jump frustrated.
       337       168.5000       1       1       4.229273       6.392808      10.622081       1.215264       4.808342       1.000000     541.499386       0.000000            0
       338       169.0000       1       1       4.149234       6.475643      10.624877       1.215263       5.206652       1.000000     541.499386       0.000000            0
       339       169.5000       1       1       4.224867       6.401527      10.626394       1.215263       5.402095       1.000000     541.499386       0.000000            0
# Jump frustrated.
       340       170.0000       1       1       4.475522       6.147625      10.623147       1.215263       5.312025       1.000000     541.499386       0.000000            0
       341       170.5000       1       1       4.865300       5.751304      10.616604       1.215262       4.973667       1.000000     541.499386       0.000000            0
# Jump frustrated.
       342       171.0000       1       1       5.322959       5.291871      10.614831       1.215261       4.614106       1.000000     541.499386       0.000000            1
# Jump frustrated.
       343       171.5000       1       1       5.831171       4.788218      10.619389       1.215260       4.483247       1.000000     541.499386       0.000000            0
# Jump frustrated.
       344       172.0000       1       1       6.457370       4.166645      10.624014       1.215260       4.385711       1.000000     541.499386       0.000000            0
# Jump frustrated.
       345       172.5000       1       1       7.228016       3.383761      10.611777       1.215261       3.924260       1.000000     541.499386       0.000000            0
       346       173.0000       1       1       8.010426       2.589459      10.599885       1.215261       3.040017       1.000000     541.499386       0.000000            0
# Jump frustrated.
       347       173.5000       1       1       8.586278       2.004009      10.590287       1.215260       2.132526       1.000000     541.499386       0.000000            0
# Jump frustrated.
       348       174.0000       1       1       8.811003       1.779794      10.590797       1.215260       1.672304       1.000000     541.499386       0.000000            0
       349       174.5000       1       1       8.681380       1.919720      10.601100       1.215260       1.870594       1.000000     541.499386       0.000000            0
# Jump frustrated.
       350       175.0000       1       1       8.310375       2.299433      10.609808       1.215260       2.258228       1.000000     541.499386       0.000000            0
# Jump frustrated.
       351       175.5000       1       1       7.828271       2.786270      10.614541       1.215259       2.568041       1.000000     541.499386       0.000000            1
       352       176.0000       1       1       7.312096       3.304455      10.616551       1.215259       2.791764       1.000000     541.499386       0.000000            0
# Jump frustrated.
       353       176.5000       1       1       6.800583       3.818489      10.619072       1.215259       2.976137       1.000000     541.499386       0.000000            0
# Jump frustrated.
       354       177.0000       1       1       6.321158       4.300343      10.621501       1.215259       3.211383       1.000000     541.499386       0.000000            0
       355       177.5000       1       1       5.912715       4.713480      10.626195       1.215257       3.446880       1.000000     541.499386       0.000000            0
# Jump frustrated.
       356       178.0000       1       1       5.622185       5.005374      10.627559       1.215256       3.585543       1.000000     541.499386       0.000000            0
# Jump frustrated.
       357       178.5000       1       1       5.470797       5.156512      10.627309       1.215256       3.750913       1.000000     541.499386       0.000000            0
# Jump frustrated.
       358       179.0000       1       1       5.458431       5.168761      10.627192       1.215256       3.938133       1.000000     541.499386       0.000000            0
       359       179.5000       1       1       5.580942       5.045235      10.626176       1.215258       4.094070       1.000000     541.499386       0.000000            1
       360       180.0000       1       1       5.823907       4.800259      10.624166       1.215257       4.155763       1.000000     541.499386       0.000000            0
# Jump frustrated.
       361       180.5000       1       1       6.150754       4.468297      10.619051       1.215256       4.136244       1.000000     541.499386       0.000000            0
# Jump frustrated.
       362       181.0000       1       1       6.484653       4.126784      10.611438       1.215255       3.894419       1.000000     541.499386       0.000000            0
       363       181.5000       1       1       6.717606       3.886791      10.604397       1.215256       3.640953       1.000000     541.499386       0.000000            0
       364       182.0000       1       1       6.774477       3.831568      10.606044       1.215258       3.642019       1.000000     541.499386       0.000000            0
       365       182.5000       1       1       6.692446       3.926029      10.618475       1.215258       4.043095       1.000000     541.499386       0.000000            0
       366       183.0000       1       1       6.636187       3.992670      10.628857       1.215255       4.313277       1.000000     541.499386       0.000000            0
# Jump frustrated.
       367       183.5000       1       1       6.730668       3.893642      10.624310       1.215254       3.933002       1.000000     541.499386       0.000000            0
# Jump frustrated.
       368       184.0000       1       1       6.909116       3.704098      10.613213       1.215253       3.067230       1.000000     541.499386       0.000000            1
# Jump frustrated.
       369       184.5000       1       1       7.009956       3.599879      10.609835       1.215252       2.106274       1.000000     541.499386       0.000000            0
# Jump frustrated.
       370       185.0000       1       1       6.946036       3.666521      10.612557       1.215253       1.443329       1.000000     541.499386       0.000000            0
# Jump frustrated.
       371       185.5000       1       1       6.740211       3.878902      10.619113       1.215253       1.238892       1.000000     541.499386       0.000000            0
# Jump frustrated.
       372       186.0000       1       1       6.461513       4.163115      10.624628       1.215254       1.429043       1.000000     541.499386       0.000000            0
# Jump frustrated.
       373       186.5000       1       1       6.183294       4.445668      10.628962       1.215254       1.738988       1.000000     541.499386       0.000000            0
# Jump frustrated.
       374       187.0000       1       1       5.964560       4.666146      10.630705       1.215254       2.038353       1.000000     541.499386       0.000000            0
# Jump frustrated.
       375       187.5000       1       1       5.839280       4.790502      10.629782       1.215254       2.271663       1.000000     541.499386       0.000000            0
       376       188.0000       1       1       5.823095       4.806487      10.629582       1.215254       2.457127       1.000000     541.499386       0.000000            1
       377       188.5000       1       1       5.921336       4.706836      10.628172       1.215254       2.587004       1.000000     541.499386       0.000000            0
# Jump frustrated.
       378       189.0000       1       1       6.130041       4.497154      10.627195       1.215255       2.656025       1.000000     541.499386       0.000000            0
# Jump frustrated.
       379       189.5000       1       1       6.436400       4.188443      10.624843       1.215256       2.696759       1.000000     541.499386       0.000000            0
# Jump frustrated.
       380       190.0000       1       1       6.824381       3.799389      10.623770       1.215258       2.707530       1.000000     541.499386       0.000000            0
       381       190.5000       1       1       7.270435       3.351167      10.621601       1.215258       2.650742       1.000000     541.499386       0.000000            0
# Jump frustrated.
       382       191.0000       1       1       7.734728       2.883637      10.618365       1.215258       2.510167       1.000000     541.499386       0.000000            0
# Jump frustrated.
       383       191.5000       1       1       8.164129       2.448286      10.612416       1.215257       2.340227       1.000000     541.499386       0.000000            0
# Jump frustrated.
       384       192.0000       1       1       8.499025       2.110718      10.609744       1.215256       2.211492       1.000000     541.499386       0.000000            1
       385       192.5000       1       1       8.679491       1.922004      10.601495       1.215256       2.277475       1.000000     541.499386       0.000000            0
# Jump frustrated.
       386       193.0000       1       1       8.667633       1.941934      10.609567       1.215255       2.623484       1.000000     541.499386       0.000000            0
# Jump frustrated.
       387       193.5000       1       1       8.540825       2.080615      10.621440       1.215256       2.912165       1.000000     541.499386       0.000000            0
# Jump frustrated.
       388       194.0000       1       1       8.428000       2.194176      10.622176       1.215258       2.862412       1.000000     541.499386       0.000000            0
       389       194.5000       1       1       8.343662       2.271821      10.615483       1.215258       2.485401       1.000000     541.499386       0.000000            0
       390       195.0000       1       1       8.206598       2.403859      10.610457       1.215257       2.061002       1.000000     541.499386       0.000000            0
# Jump frustrated.
       391       195.5000       1       1       7.941813       2.667311      10.609124       1.215257       1.844432       1.000000     541.499386       0.000000            1
# Jump frustrated.
       392       196.0000       1       1       7.530563       3.082316      10.612879       1.215257       1.855920       1.000000     541.499386       0.000000            0
       393       196.5000       1       1       7.010742       3.606730      10.617473       1.215257       1.906574       1.000000     541.499386       0.000000            0
# Jump frustrated.
       394       197.0000       1       1       6.428953       4.189274      10.618226       1.215256       2.028042       1.000000     541.499386       0.000000            0
       395       197.5000       1       1       5.815842       4.806903      10.622745       1.215255       2.224939       1.000000     541.499386       0.000000            0
# Jump frustrated.
       396       198.0000       1       1       5.222424       5.404602      10.627026       1.215253       2.404583       1.000000     541.499386       0.000000            0
# Jump frustrated.
       397       198.5000       1       1       4.707254       5.922580      10.629834       1.215253       2.583855       1.000000     541.499386       0.000000            0
# Jump frustrated.
       398       199.0000       1       1       4.320718       6.311634      10.632352       1.215252       2.659824       1.000000     541.499386       0.000000            0
# Jump frustrated.
       399       199.5000       1       1       4.087805       6.543945      10.631751       1.215250       2.633164       1.000000     541.499386       0.000000            1
# Jump frustrated.
       400       200.0000       1       1       3.998491       6.631140      10.629631       1.215250       2.523061       1.000000     541.499386       0.000000            0
