#===============================================================================================================================================================================
#     Step |         Time |         State |                                     Energy |      Angular |     Gradient |      Density |           Expectation Value |    Runtime |
#          |              |  diag |   MCH |          kin |          pot |          tot |     Momentum |          RMS |        Total |           DM |            S |            |
#          |         [fs] |       |       |         [eV] |         [eV] |         [eV] |       [hbar] |     [eV/Ang] |              |      [Debye] |              |      [sec] |
#===============================================================================================================================================================================
         0         0.0000       2       2       0.134146       9.719285       9.853431       0.000092       1.718169       1.000000     541.499386       0.000000            4
# Jump frustrated.
         1         0.5000       2       2       0.143594       9.709943       9.853537       0.000092       1.728409       1.000000     541.499386       0.000000            2
         2         1.0000       2       2       0.158335       9.695411       9.853746       0.000091       1.690107       1.000000     541.499386       0.000000            0
# Jump frustrated.
         3         1.5000       2       2       0.181641       9.672159       9.853800       0.000091       1.600364       1.000000     541.499386       0.000000            0
         4         2.0000       2       2       0.214716       9.638942       9.853658       0.000091       1.459759       1.000000     541.499386       0.000000            0
# Jump frustrated.
         5         2.5000       2       2       0.255524       9.598043       9.853568       0.000091       1.270779       1.000000     541.499386       0.000000            0
# Surface Hop/Pointer State Switch: new state=      1 old state=      2 randnum=  0.111373869 gap= -9.395228 eV
         6         3.0000       1       1       9.694765       0.158803       9.853568       2.619780       1.303914       1.000000     541.499386       0.000000            1
         7         3.5000       1       1       9.332199       0.521491       9.853690       2.619780       2.067104       1.000000     541.499386       0.000000            0
         8         4.0000       1       1       8.513806       1.352540       9.866346       2.619780       3.437463       1.000000     541.499386       0.000000            0
# Jump frustrated.
         9         4.5000       1       1       7.468073       2.422128       9.890201       2.619780       4.756585       1.000000     541.499386       0.000000            0
# Jump frustrated.
        10         5.0000       1       1       6.561476       3.344938       9.906415       2.619780       5.381322       1.000000     541.499386       0.000000            0
        11         5.5000       1       1       6.009711       3.885130       9.894841       2.619780       4.958798       1.000000     541.499386       0.000000            0
# Jump frustrated.
        12         6.0000       1       1       5.695028       4.184914       9.879942       2.619780       4.096038       1.000000     541.499386       0.000000            1
        13         6.5000       1       1       5.399585       4.477224       9.876809       2.619780       3.484739       1.000000     541.499386       0.000000            0
# Jump frustrated.
        14         7.0000       1       1       5.039194       4.843026       9.882220       2.619780       3.340314       1.000000     541.499386       0.000000            0
# Jump frustrated.
        15         7.5000       1       1       4.655802       5.232703       9.888505       2.619780       3.445153       1.000000     541.499386       0.000000            0
# Jump frustrated.
        16         8.0000       1       1       4.338059       5.555947       9.894005       2.619779       3.507541       1.000000     541.499386       0.000000            0
        17         8.5000       1       1       4.162759       5.734488       9.897247       2.619779       3.465443       1.000000     541.499386       0.000000            0
# Jump frustrated.
        18         9.0000       1       1       4.159571       5.734903       9.894475       2.619779       3.282335       1.000000     541.499386       0.000000            0
# Jump frustrated.
        19         9.5000       1       1       4.291687       5.597053       9.888739       2.619779       3.034693       1.000000     541.499386       0.000000            0
# Jump frustrated.
        20        10.0000       1       1       4.481536       5.401487       9.883023       2.619780       2.846214       1.000000     541.499386       0.000000            1
# Jump frustrated.
        21        10.5000       1       1       4.656052       5.223776       9.879828       2.619780       2.885964       1.000000     541.499386       0.000000            0
# Jump frustrated.
        22        11.0000       1       1       4.792550       5.091116       9.883666       2.619780       3.306309       1.000000     541.499386       0.000000            0
        23        11.5000       1       1       4.968280       4.926276       9.894557       2.619781       3.923504       1.000000     541.499386       0.000000            0
        24        12.0000       1       1       5.343699       4.559643       9.903343       2.619781       4.317002       1.000000     541.499386       0.000000            0
        25        12.5000       1       1       6.023793       3.871013       9.894806       2.619781       4.082598       1.000000     541.499386       0.000000            1
# Jump frustrated.
        26        13.0000       1       1       6.892630       2.980797       9.873427       2.619781       3.280427       1.000000     541.499386       0.000000            0
        27        13.5000       1       1       7.644344       2.211200       9.855544       2.619782       2.331283       1.000000     541.499386       0.000000            0
# Jump frustrated.
        28        14.0000       1       1       8.012243       1.836263       9.848506       2.619781       1.746676       1.000000     541.499386       0.000000            0
        29        14.5000       1       1       7.883596       1.965809       9.849405       2.619781       1.918382       1.000000     541.499386       0.000000            0
# Jump frustrated.
        30        15.0000       1       1       7.303689       2.559979       9.863667       2.619781       2.951276       1.000000     541.499386       0.000000            0
# Jump frustrated.
        31        15.5000       1       1       6.517705       3.372965       9.890671       2.619781       4.280018       1.000000     541.499386       0.000000            0
        32        16.0000       1       1       5.951055       3.963190       9.914246       2.619781       4.869170       1.000000     541.499386       0.000000            1
        33        16.5000       1       1       5.863378       4.032323       9.895702       2.619781       4.398071       1.000000     541.499386       0.000000            0
        34        17.0000       1       1       6.049231       3.824094       9.873325       2.619781       3.798108       1.000000     541.499386       0.000000            0
# Jump frustrated.
        35        17.5000       1       1       6.198406       3.675033       9.873439       2.619781       3.878679       1.000000     541.499386       0.000000            0
        36        18.0000       1       1       6.240190       3.640362       9.880552       2.619781       4.264411       1.000000     541.499386       0.000000            0
# Jump frustrated.
        37        18.5000       1       1       6.242296       3.644099       9.886395       2.619781       4.581546       1.000000     541.499386       0.000000            0
# Jump frustrated.
        38        19.0000       1       1       6.281072       3.608391       9.889463       2.619781       4.723694       1.000000     541.499386       0.000000            0
# Jump frustrated.
        39        19.5000       1       1       6.395716       3.492754       9.888470       2.619782       4.740385       1.000000     541.499386       0.000000            1
        40        20.0000       1       1       6.569683       3.312552       9.882235       2.619782       4.611700       1.000000     541.499386       0.000000            0
        41        20.5000       1       1       6.732435       3.142937       9.875373       2.619782       4.113768       1.000000     541.499386       0.000000            0
# Jump frustrated.
        42        21.0000       1       1       6.785493       3.085223       9.870716       2.619782       3.415762       1.000000     541.499386       0.000000            0
        43        21.5000       1       1       6.662618       3.208333       9.870951       2.619782       3.132811       1.000000     541.499386       0.000000            0
# Jump frustrated.
        44        22.0000       1       1       6.396986       3.486941       9.883927       2.619782       3.330090       1.000000     541.499386       0.000000            0
# Jump frustrated.
        45        22.5000       1       1       6.138832       3.756414       9.895247       2.619782       3.651342       1.000000     541.499386       0.000000            0
        46        23.0000       1       1       6.049454       3.847761       9.897215       2.619783       3.731162       1.000000     541.499386       0.000000            0
# Jump frustrated.
        47        23.5000       1       1       6.167892       3.723613       9.891504       2.619783       3.559335       1.000000     541.499386       0.000000            1
# Jump frustrated.
        48        24.0000       1       1       6.413502       3.468879       9.882381       2.619783       3.234565       1.000000     541.499386       0.000000            0
# Jump frustrated.
        49        24.5000       1       1       6.652481       3.222451       9.874932       2.619782       2.879957       1.000000     541.499386       0.000000            0
        50        25.0000       1       1       6.757543       3.112419       9.869962       2.619782       2.626688       1.000000     541.499386       0.000000            0
# Jump frustrated.
        51        25.5000       1       1       6.641184       3.227226       9.868410       2.619783       2.618989       1.000000     541.499386       0.000000            0
# Jump frustrated.
        52        26.0000       1       1       6.284658       3.589499       9.874156       2.619782       2.899699       1.000000     541.499386       0.000000            0
        53        26.5000       1       1       5.764509       4.121594       9.886103       2.619782       3.377965       1.000000     541.499386       0.000000            0
# Jump frustrated.
        54        27.0000       1       1       5.234914       4.661163       9.896077       2.619782       3.825320       1.000000     541.499386       0.000000            1
        55        27.5000       1       1       4.857327       5.043574       9.900901       2.619781       3.910413       1.000000     541.499386       0.000000            0
# Jump frustrated.
        56        28.0000       1       1       4.690825       5.203639       9.894464       2.619781       3.638816       1.000000     541.499386       0.000000            0
        57        28.5000       1       1       4.670814       5.217756       9.888569       2.619780       3.325732       1.000000     541.499386       0.000000            0
# Jump frustrated.
        58        29.0000       1       1       4.718677       5.168968       9.887645       2.619780       3.198716       1.000000     541.499386       0.000000            0
# Jump frustrated.
        59        29.5000       1       1       4.809172       5.079490       9.888662       2.619780       3.225866       1.000000     541.499386       0.000000            0
        60        30.0000       1       1       4.947944       4.941224       9.889168       2.619780       3.298969       1.000000     541.499386       0.000000            0
# Jump frustrated.
        61        30.5000       1       1       5.136425       4.751264       9.887689       2.619780       3.355609       1.000000     541.499386       0.000000            1
# Jump frustrated.
        62        31.0000       1       1       5.354619       4.530786       9.885405       2.619780       3.401536       1.000000     541.499386       0.000000            0
        63        31.5000       1       1       5.570399       4.314253       9.884652       2.619780       3.521608       1.000000     541.499386       0.000000            0
        64        32.0000       1       1       5.771722       4.115366       9.887088       2.619780       3.750013       1.000000     541.499386       0.000000            0
# Jump frustrated.
        65        32.5000       1       1       5.984420       3.906099       9.890519       2.619780       4.029447       1.000000     541.499386       0.000000            0
# Jump frustrated.
        66        33.0000       1       1       6.260815       3.633719       9.894534       2.619780       4.210406       1.000000     541.499386       0.000000            0
        67        33.5000       1       1       6.651573       3.242796       9.894369       2.619780       4.160785       1.000000     541.499386       0.000000            1
# Jump frustrated.
        68        34.0000       1       1       7.160619       2.727517       9.888136       2.619780       3.742234       1.000000     541.499386       0.000000            0
        69        34.5000       1       1       7.709742       2.169056       9.878797       2.619780       3.037654       1.000000     541.499386       0.000000            0
# Jump frustrated.
        70        35.0000       1       1       8.166130       1.705678       9.871808       2.619780       2.267406       1.000000     541.499386       0.000000            0
        71        35.5000       1       1       8.415145       1.453437       9.868582       2.619780       1.807797       1.000000     541.499386       0.000000            0
# Jump frustrated.
        72        36.0000       1       1       8.408533       1.460910       9.869443       2.619780       1.957633       1.000000     541.499386       0.000000            1
        73        36.5000       1       1       8.157110       1.715436       9.872545       2.619780       2.554392       1.000000     541.499386       0.000000            0
# Jump frustrated.
        74        37.0000       1       1       7.712032       2.165111       9.877143       2.619781       3.251689       1.000000     541.499386       0.000000            0
# Jump frustrated.
        75        37.5000       1       1       7.147826       2.738105       9.885931       2.619781       3.861135       1.000000     541.499386       0.000000            0
# Jump frustrated.
        76        38.0000       1       1       6.545334       3.345354       9.890688       2.619780       4.313049       1.000000     541.499386       0.000000            0
        77        38.5000       1       1       5.978449       3.915648       9.894098       2.619779       4.608875       1.000000     541.499386       0.000000            0
# Jump frustrated.
        78        39.0000       1       1       5.496738       4.398749       9.895486       2.619779       4.860472       1.000000     541.499386       0.000000            0
# Jump frustrated.
        79        39.5000       1       1       5.131663       4.765797       9.897460       2.619779       5.028270       1.000000     541.499386       0.000000            0
        80        40.0000       1       1       4.911989       4.986897       9.898887       2.619779       5.052132       1.000000     541.499386       0.000000            0
# Jump frustrated.
        81        40.5000       1       1       4.855383       5.042744       9.898127       2.619779       4.891168       1.000000     541.499386       0.000000            1
# Jump frustrated.
        82        41.0000       1       1       4.948528       4.946414       9.894942       2.619779       4.559378       1.000000     541.499386       0.000000            0
# Jump frustrated.
        83        41.5000       1       1       5.144182       4.746697       9.890879       2.619778       4.066529       1.000000     541.499386       0.000000            0
        84        42.0000       1       1       5.385284       4.502759       9.888044       2.619778       3.536827       1.000000     541.499386       0.000000            0
# Jump frustrated.
        85        42.5000       1       1       5.620863       4.262974       9.883837       2.619779       3.049210       1.000000     541.499386       0.000000            0
# Jump frustrated.
        86        43.0000       1       1       5.801970       4.079865       9.881835       2.619779       2.665152       1.000000     541.499386       0.000000            0
# Jump frustrated.
        87        43.5000       1       1       5.904560       3.978346       9.882905       2.619779       2.473466       1.000000     541.499386       0.000000            1
# Jump frustrated.
        88        44.0000       1       1       5.930167       3.951772       9.881939       2.619779       2.576678       1.000000     541.499386       0.000000            0
# Jump frustrated.
        89        44.5000       1       1       5.877365       4.004296       9.881661       2.619778       3.122326       1.000000     541.499386       0.000000            0
# Jump frustrated.
        90        45.0000       1       1       5.772691       4.115366       9.888057       2.619779       4.058002       1.000000     541.499386       0.000000            0
# Jump frustrated.
        91        45.5000       1       1       5.729969       4.168513       9.898482       2.619779       4.919202       1.000000     541.499386       0.000000            0
        92        46.0000       1       1       5.884111       4.011770       9.895882       2.619779       5.094474       1.000000     541.499386       0.000000            1
# Jump frustrated.
        93        46.5000       1       1       6.201496       3.679185       9.880681       2.619779       4.509493       1.000000     541.499386       0.000000            0
        94        47.0000       1       1       6.479373       3.390612       9.869985       2.619779       3.650488       1.000000     541.499386       0.000000            0
# Jump frustrated.
        95        47.5000       1       1       6.559550       3.312552       9.872102       2.619779       3.016167       1.000000     541.499386       0.000000            0
# Jump frustrated.
        96        48.0000       1       1       6.438703       3.440645       9.879348       2.619779       2.714327       1.000000     541.499386       0.000000            0
# Jump frustrated.
        97        48.5000       1       1       6.206009       3.680430       9.886439       2.619779       2.591161       1.000000     541.499386       0.000000            0
        98        49.0000       1       1       5.949873       3.939316       9.889189       2.619779       2.561719       1.000000     541.499386       0.000000            1
# Jump frustrated.
        99        49.5000       1       1       5.725032       4.166229       9.891261       2.619779       2.612332       1.000000     541.499386       0.000000            0
# Jump frustrated.
       100        50.0000       1       1       5.567095       4.326709       9.893805       2.619779       2.728945       1.000000     541.499386       0.000000            0
# Jump frustrated.
       101        50.5000       1       1       5.511782       4.384631       9.896413       2.619779       2.873416       1.000000     541.499386       0.000000            0
# Jump frustrated.
       102        51.0000       1       1       5.585118       4.310101       9.895218       2.619779       2.987327       1.000000     541.499386       0.000000            0
# Jump frustrated.
       103        51.5000       1       1       5.778291       4.115158       9.893449       2.619779       3.048864       1.000000     541.499386       0.000000            1
# Jump frustrated.
       104        52.0000       1       1       6.071551       3.822433       9.893984       2.619779       3.043532       1.000000     541.499386       0.000000            0
# Jump frustrated.
       105        52.5000       1       1       6.439004       3.448949       9.887953       2.619779       2.914278       1.000000     541.499386       0.000000            0
# Jump frustrated.
       106        53.0000       1       1       6.812246       3.069445       9.881690       2.619779       2.681638       1.000000     541.499386       0.000000            0
       107        53.5000       1       1       7.096955       2.777965       9.874920       2.619779       2.433403       1.000000     541.499386       0.000000            0
# Jump frustrated.
       108        54.0000       1       1       7.206285       2.664197       9.870482       2.619779       2.310057       1.000000     541.499386       0.000000            0
       109        54.5000       1       1       7.091898       2.778173       9.870071       2.619779       2.507578       1.000000     541.499386       0.000000            0
       110        55.0000       1       1       6.766629       3.106606       9.873236       2.619779       3.143929       1.000000     541.499386       0.000000            1
# Jump frustrated.
       111        55.5000       1       1       6.306382       3.574136       9.880518       2.619779       4.114496       1.000000     541.499386       0.000000            0
# Jump frustrated.
       112        56.0000       1       1       5.901259       3.998276       9.899535       2.619780       5.003457       1.000000     541.499386       0.000000            0
# Jump frustrated.
       113        56.5000       1       1       5.850532       4.060558       9.911089       2.619780       5.299540       1.000000     541.499386       0.000000            0
# Jump frustrated.
       114        57.0000       1       1       6.281116       3.608391       9.889507       2.619780       4.549384       1.000000     541.499386       0.000000            0
# Jump frustrated.
       115        57.5000       1       1       6.916377       2.944881       9.861258       2.619781       3.151742       1.000000     541.499386       0.000000            0
       116        58.0000       1       1       7.347315       2.506416       9.853731       2.619781       2.306853       1.000000     541.499386       0.000000            0
# Jump frustrated.
       117        58.5000       1       1       7.396301       2.465933       9.862234       2.619781       2.447892       1.000000     541.499386       0.000000            0
# Jump frustrated.
       118        59.0000       1       1       7.126050       2.748070       9.874120       2.619781       2.865274       1.000000     541.499386       0.000000            0
# Jump frustrated.
       119        59.5000       1       1       6.680390       3.203351       9.883740       2.619781       3.162779       1.000000     541.499386       0.000000            1
# Jump frustrated.
       120        60.0000       1       1       6.180423       3.706796       9.887219       2.619781       3.263435       1.000000     541.499386       0.000000            0
# Jump frustrated.
       121        60.5000       1       1       5.684288       4.203183       9.887471       2.619781       3.266413       1.000000     541.499386       0.000000            0
       122        61.0000       1       1       5.205439       4.682962       9.888401       2.619781       3.232294       1.000000     541.499386       0.000000            0
# Jump frustrated.
       123        61.5000       1       1       4.755089       5.135128       9.890218       2.619781       3.293406       1.000000     541.499386       0.000000            0
# Jump frustrated.
       124        62.0000       1       1       4.378150       5.518370       9.896520       2.619782       3.501660       1.000000     541.499386       0.000000            0
       125        62.5000       1       1       4.168574       5.734696       9.903270       2.619782       3.677204       1.000000     541.499386       0.000000            1
# Jump frustrated.
       126        63.0000       1       1       4.217780       5.685701       9.903481       2.619782       3.613242       1.000000     541.499386       0.000000            0
       127        63.5000       1       1       4.525465       5.370139       9.895604       2.619782       3.310315       1.000000     541.499386       0.000000            0
       128        64.0000       1       1       4.981627       4.903855       9.885482       2.619783       3.003722       1.000000     541.499386       0.000000            0
# Jump frustrated.
       129        64.5000       1       1       5.432665       4.444422       9.877087       2.619783       2.873280       1.000000     541.499386       0.000000            0
# Jump frustrated.
       130        65.0000       1       1       5.751401       4.121802       9.873202       2.619783       2.982764       1.000000     541.499386       0.000000            0
       131        65.5000       1       1       5.883265       3.991840       9.875105       2.619783       3.281866       1.000000     541.499386       0.000000            1
# Jump frustrated.
       132        66.0000       1       1       5.862438       4.019867       9.882305       2.619783       3.628831       1.000000     541.499386       0.000000            0
       133        66.5000       1       1       5.798437       4.090868       9.889306       2.619783       3.888698       1.000000     541.499386       0.000000            0
# Jump frustrated.
       134        67.0000       1       1       5.819581       4.073222       9.892802       2.619783       3.952874       1.000000     541.499386       0.000000            0
       135        67.5000       1       1       5.975862       3.908175       9.884037       2.619783       3.763849       1.000000     541.499386       0.000000            0
# Jump frustrated.
       136        68.0000       1       1       6.185009       3.689565       9.874574       2.619783       3.693652       1.000000     541.499386       0.000000            1
       137        68.5000       1       1       6.360198       3.519120       9.879318       2.619783       4.073894       1.000000     541.499386       0.000000            0
       138        69.0000       1       1       6.546952       3.338295       9.885247       2.619783       4.376982       1.000000     541.499386       0.000000            0
       139        69.5000       1       1       6.802805       3.077957       9.880762       2.619783       4.174701       1.000000     541.499386       0.000000            0
# Jump frustrated.
       140        70.0000       1       1       7.044225       2.826545       9.870770       2.619783       3.666856       1.000000     541.499386       0.000000            0
# Jump frustrated.
       141        70.5000       1       1       7.124706       2.744748       9.869454       2.619783       3.322864       1.000000     541.499386       0.000000            0
       142        71.0000       1       1       6.992058       2.883222       9.875280       2.619784       3.249655       1.000000     541.499386       0.000000            1
       143        71.5000       1       1       6.702632       3.179684       9.882315       2.619784       3.280392       1.000000     541.499386       0.000000            0
# Jump frustrated.
       144        72.0000       1       1       6.350575       3.538428       9.889002       2.619783       3.315061       1.000000     541.499386       0.000000            0
       145        72.5000       1       1       6.025110       3.868522       9.893632       2.619784       3.314787       1.000000     541.499386       0.000000            0
       146        73.0000       1       1       5.787209       4.107892       9.895101       2.619783       3.292798       1.000000     541.499386       0.000000            0
       147        73.5000       1       1       5.666358       4.229757       9.896115       2.619783       3.276898       1.000000     541.499386       0.000000            0
# Jump frustrated.
       148        74.0000       1       1       5.676203       4.220622       9.896825       2.619784       3.271355       1.000000     541.499386       0.000000            0
# Jump frustrated.
       149        74.5000       1       1       5.818158       4.077374       9.895531       2.619784       3.258158       1.000000     541.499386       0.000000            0
       150        75.0000       1       1       6.071059       3.821395       9.892454       2.619784       3.216812       1.000000     541.499386       0.000000            1
# Jump frustrated.
       151        75.5000       1       1       6.387583       3.500643       9.888227       2.619784       3.173314       1.000000     541.499386       0.000000            0
# Jump frustrated.
       152        76.0000       1       1       6.705865       3.178230       9.884096       2.619783       3.150281       1.000000     541.499386       0.000000            0
       153        76.5000       1       1       6.962461       2.918100       9.880560       2.619783       3.204038       1.000000     541.499386       0.000000            0
# Jump frustrated.
       154        77.0000       1       1       7.109591       2.769869       9.879460       2.619783       3.460591       1.000000     541.499386       0.000000            0
       155        77.5000       1       1       7.139124       2.741427       9.880550       2.619782       3.946281       1.000000     541.499386       0.000000            0
       156        78.0000       1       1       7.080497       2.798726       9.879223       2.619782       4.481611       1.000000     541.499386       0.000000            0
       157        78.5000       1       1       6.963365       2.916024       9.879388       2.619782       4.974038       1.000000     541.499386       0.000000            1
# Jump frustrated.
       158        79.0000       1       1       6.841234       3.045155       9.886389       2.619783       5.283343       1.000000     541.499386       0.000000            0
       159        79.5000       1       1       6.802932       3.083977       9.886909       2.619783       5.039215       1.000000     541.499386       0.000000            0
       160        80.0000       1       1       6.841847       3.036643       9.878490       2.619784       4.230159       1.000000     541.499386       0.000000            0
       161        80.5000       1       1       6.824866       3.047646       9.872512       2.619783       3.348470       1.000000     541.499386       0.000000            0
       162        81.0000       1       1       6.643579       3.231793       9.875372       2.619783       2.892802       1.000000     541.499386       0.000000            0
       163        81.5000       1       1       6.306095       3.576627       9.882722       2.619783       2.816955       1.000000     541.499386       0.000000            1
       164        82.0000       1       1       5.886183       4.003051       9.889234       2.619782       2.881482       1.000000     541.499386       0.000000            0
       165        82.5000       1       1       5.458091       4.434457       9.892548       2.619782       2.975399       1.000000     541.499386       0.000000            0
# Jump frustrated.
       166        83.0000       1       1       5.070405       4.823511       9.893916       2.619783       3.136325       1.000000     541.499386       0.000000            0
# Jump frustrated.
       167        83.5000       1       1       4.749861       5.145301       9.895162       2.619783       3.378111       1.000000     541.499386       0.000000            0
# Jump frustrated.
       168        84.0000       1       1       4.514397       5.381142       9.895539       2.619783       3.644794       1.000000     541.499386       0.000000            1
       169        84.5000       1       1       4.371174       5.523352       9.894526       2.619783       3.946099       1.000000     541.499386       0.000000            0
       170        85.0000       1       1       4.314643       5.578991       9.893634       2.619782       4.283613       1.000000     541.499386       0.000000            0
# Jump frustrated.
       171        85.5000       1       1       4.339073       5.554286       9.893359       2.619782       4.617975       1.000000     541.499386       0.000000            0
       172        86.0000       1       1       4.445251       5.447368       9.892619       2.619782       4.851703       1.000000     541.499386       0.000000            0
       173        86.5000       1       1       4.636974       5.255540       9.892514       2.619782       4.921297       1.000000     541.499386       0.000000            1
# Jump frustrated.
       174        87.0000       1       1       4.917897       4.972573       9.890469       2.619782       4.782790       1.000000     541.499386       0.000000            0
# Jump frustrated.
       175        87.5000       1       1       5.270273       4.616528       9.886801       2.619782       4.424129       1.000000     541.499386       0.000000            0
# Jump frustrated.
       176        88.0000       1       1       5.653920       4.228926       9.882846       2.619782       3.983859       1.000000     541.499386       0.000000            0
# Jump frustrated.
       177        88.5000       1       1       6.029331       3.849837       9.879169       2.619782       3.758888       1.000000     541.499386       0.000000            0
# Jump frustrated.
       178        89.0000       1       1       6.398436       3.486111       9.884546       2.619782       3.874751       1.000000     541.499386       0.000000            0
# Jump frustrated.
       179        89.5000       1       1       6.826750       3.056366       9.883116       2.619783       3.952772       1.000000     541.499386       0.000000            0
       180        90.0000       1       1       7.321563       2.560394       9.881957       2.619783       3.622252       1.000000     541.499386       0.000000            1
# Jump frustrated.
       181        90.5000       1       1       7.794359       2.075218       9.869576       2.619782       3.147187       1.000000     541.499386       0.000000            0
       182        91.0000       1       1       8.109889       1.751975       9.861864       2.619782       2.709778       1.000000     541.499386       0.000000            0
# Jump frustrated.
       183        91.5000       1       1       8.141464       1.721664       9.863128       2.619782       2.506953       1.000000     541.499386       0.000000            0
# Jump frustrated.
       184        92.0000       1       1       7.881547       1.989891       9.871438       2.619782       2.502511       1.000000     541.499386       0.000000            0
       185        92.5000       1       1       7.405253       2.472992       9.878245       2.619781       2.589500       1.000000     541.499386       0.000000            0
       186        93.0000       1       1       6.807539       3.076088       9.883627       2.619781       2.766168       1.000000     541.499386       0.000000            1
# Jump frustrated.
       187        93.5000       1       1       6.198144       3.692887       9.891031       2.619782       2.878366       1.000000     541.499386       0.000000            0
       188        94.0000       1       1       5.681999       4.215224       9.897224       2.619782       2.994547       1.000000     541.499386       0.000000            0
       189        94.5000       1       1       5.342843       4.558190       9.901033       2.619782       3.094843       1.000000     541.499386       0.000000            0
# Jump frustrated.
       190        95.0000       1       1       5.234867       4.666561       9.901428       2.619782       3.115461       1.000000     541.499386       0.000000            0
# Jump frustrated.
       191        95.5000       1       1       5.363722       4.535561       9.899283       2.619782       3.087290       1.000000     541.499386       0.000000            1
# Jump frustrated.
       192        96.0000       1       1       5.696256       4.200277       9.896532       2.619782       3.057274       1.000000     541.499386       0.000000            0
       193        96.5000       1       1       6.175443       3.714270       9.889714       2.619783       2.998353       1.000000     541.499386       0.000000            0
       194        97.0000       1       1       6.705294       3.177608       9.882902       2.619783       2.853109       1.000000     541.499386       0.000000            0
       195        97.5000       1       1       7.153060       2.715061       9.868120       2.619783       2.694476       1.000000     541.499386       0.000000            0
# Jump frustrated.
       196        98.0000       1       1       7.348179       2.510776       9.858955       2.619783       2.639253       1.000000     541.499386       0.000000            0
# Jump frustrated.
       197        98.5000       1       1       7.135137       2.719628       9.854765       2.619783       2.977080       1.000000     541.499386       0.000000            1
# Jump frustrated.
       198        99.0000       1       1       6.492568       3.370474       9.863042       2.619783       3.900254       1.000000     541.499386       0.000000            0
# Jump frustrated.
       199        99.5000       1       1       5.652906       4.243667       9.896572       2.619783       4.920883       1.000000     541.499386       0.000000            0
       200       100.0000       1       1       5.042503       4.869185       9.911688       2.619783       5.202587       1.000000     541.499386       0.000000            0
# Jump frustrated.
       201       100.5000       1       1       4.890778       5.008696       9.899474       2.619783       4.709449       1.000000     541.499386       0.000000            0
# Jump frustrated.
       202       101.0000       1       1       5.076636       4.810847       9.887483       2.619783       4.039976       1.000000     541.499386       0.000000            0
# Jump frustrated.
       203       101.5000       1       1       5.376730       4.501306       9.878036       2.619782       3.426715       1.000000     541.499386       0.000000            1
# Jump frustrated.
       204       102.0000       1       1       5.622446       4.251971       9.874417       2.619782       2.948766       1.000000     541.499386       0.000000            0
# Jump frustrated.
       205       102.5000       1       1       5.713319       4.160624       9.873943       2.619782       2.714397       1.000000     541.499386       0.000000            0
# Jump frustrated.
       206       103.0000       1       1       5.627194       4.254047       9.881241       2.619782       2.802041       1.000000     541.499386       0.000000            0
       207       103.5000       1       1       5.425654       4.462068       9.887722       2.619782       3.036527       1.000000     541.499386       0.000000            0
       208       104.0000       1       1       5.192476       4.698740       9.891216       2.619782       3.277212       1.000000     541.499386       0.000000            0
       209       104.5000       1       1       4.989861       4.905101       9.894962       2.619782       3.481932       1.000000     541.499386       0.000000            0
       210       105.0000       1       1       4.868328       5.028834       9.897162       2.619782       3.606476       1.000000     541.499386       0.000000            1
# Jump frustrated.
       211       105.5000       1       1       4.865907       5.032986       9.898893       2.619781       3.658493       1.000000     541.499386       0.000000            0
# Jump frustrated.
       212       106.0000       1       1       5.003380       4.895343       9.898723       2.619781       3.662051       1.000000     541.499386       0.000000            0
# Jump frustrated.
       213       106.5000       1       1       5.287153       4.611545       9.898698       2.619781       3.647849       1.000000     541.499386       0.000000            0
# Jump frustrated.
       214       107.0000       1       1       5.720550       4.178063       9.898613       2.619781       3.622166       1.000000     541.499386       0.000000            0
# Jump frustrated.
       215       107.5000       1       1       6.297600       3.598011       9.895610       2.619781       3.502681       1.000000     541.499386       0.000000            0
       216       108.0000       1       1       6.975278       2.911871       9.887149       2.619781       3.234280       1.000000     541.499386       0.000000            0
# Jump frustrated.
       217       108.5000       1       1       7.650760       2.226148       9.876908       2.619781       2.707570       1.000000     541.499386       0.000000            1
       218       109.0000       1       1       8.166087       1.698412       9.864499       2.619781       2.101871       1.000000     541.499386       0.000000            0
# Jump frustrated.
       219       109.5000       1       1       8.337543       1.511982       9.849525       2.619782       1.851476       1.000000     541.499386       0.000000            0
       220       110.0000       1       1       8.025568       1.827128       9.852696       2.619781       2.909427       1.000000     541.499386       0.000000            0
# Jump frustrated.
       221       110.5000       1       1       7.349592       2.536104       9.885696       2.619781       4.585783       1.000000     541.499386       0.000000            0
# Jump frustrated.
       222       111.0000       1       1       6.797390       3.126329       9.923719       2.619780       5.640230       1.000000     541.499386       0.000000            0
       223       111.5000       1       1       6.822903       3.090828       9.913731       2.619779       5.429013       1.000000     541.499386       0.000000            1
# Jump frustrated.
       224       112.0000       1       1       7.307159       2.566207       9.873366       2.619778       4.233537       1.000000     541.499386       0.000000            0
# Jump frustrated.
       225       112.5000       1       1       7.726428       2.126496       9.852924       2.619778       3.135002       1.000000     541.499386       0.000000            0
# Jump frustrated.
       226       113.0000       1       1       7.735956       2.121929       9.857885       2.619778       2.697728       1.000000     541.499386       0.000000            0
# Jump frustrated.
       227       113.5000       1       1       7.360926       2.520118       9.881044       2.619778       2.601491       1.000000     541.499386       0.000000            0
# Jump frustrated.
       228       114.0000       1       1       6.771236       3.113250       9.884485       2.619778       2.688229       1.000000     541.499386       0.000000            0
# Jump frustrated.
       229       114.5000       1       1       6.081118       3.809146       9.890264       2.619777       2.892770       1.000000     541.499386       0.000000            1
# Jump frustrated.
       230       115.0000       1       1       5.371315       4.526219       9.897534       2.619777       3.123675       1.000000     541.499386       0.000000            0
       231       115.5000       1       1       4.736025       5.167100       9.903125       2.619777       3.190143       1.000000     541.499386       0.000000            0
       232       116.0000       1       1       4.237726       5.666601       9.904326       2.619777       3.245520       1.000000     541.499386       0.000000            0
# Jump frustrated.
       233       116.5000       1       1       3.892120       6.012473       9.904593       2.619778       3.320620       1.000000     541.499386       0.000000            0
# Jump frustrated.
       234       117.0000       1       1       3.702349       6.202433       9.904782       2.619778       3.418545       1.000000     541.499386       0.000000            0
# Jump frustrated.
       235       117.5000       1       1       3.674590       6.231290       9.905880       2.619779       3.544511       1.000000     541.499386       0.000000            1
       236       118.0000       1       1       3.818865       6.087211       9.906076       2.619778       3.659372       1.000000     541.499386       0.000000            0
# Jump frustrated.
       237       118.5000       1       1       4.139710       5.765837       9.905546       2.619778       3.754800       1.000000     541.499386       0.000000            0
# Jump frustrated.
       238       119.0000       1       1       4.626207       5.276093       9.902300       2.619778       3.800826       1.000000     541.499386       0.000000            0
       239       119.5000       1       1       5.235125       4.660540       9.895665       2.619779       3.719839       1.000000     541.499386       0.000000            0
# Jump frustrated.
       240       120.0000       1       1       5.872192       4.011355       9.883547       2.619779       3.415973       1.000000     541.499386       0.000000            0
# Jump frustrated.
       241       120.5000       1       1       6.398631       3.473447       9.872078       2.619778       3.022770       1.000000     541.499386       0.000000            0
       242       121.0000       1       1       6.686383       3.180929       9.867312       2.619778       2.833324       1.000000     541.499386       0.000000            1
# Jump frustrated.
       243       121.5000       1       1       6.725645       3.153733       9.879378       2.619777       3.212819       1.000000     541.499386       0.000000            0
       244       122.0000       1       1       6.713557       3.186742       9.900299       2.619776       3.836259       1.000000     541.499386       0.000000            0
# Jump frustrated.
       245       122.5000       1       1       6.931077       2.976852       9.907929       2.619774       4.028393       1.000000     541.499386       0.000000            0
# Jump frustrated.
       246       123.0000       1       1       7.467550       2.425865       9.893415       2.619774       3.519352       1.000000     541.499386       0.000000            0
# Jump frustrated.
       247       123.5000       1       1       8.118945       1.753013       9.871958       2.619773       2.496123       1.000000     541.499386       0.000000            0
       248       124.0000       1       1       8.554537       1.303752       9.858289       2.619773       1.457285       1.000000     541.499386       0.000000            0
# Jump frustrated.
       249       124.5000       1       1       8.571692       1.291088       9.862780       2.619773       1.331054       1.000000     541.499386       0.000000            1
       250       125.0000       1       1       8.190455       1.683464       9.873919       2.619773       1.879473       1.000000     541.499386       0.000000            0
# Jump frustrated.
       251       125.5000       1       1       7.551703       2.331819       9.883522       2.619773       2.388613       1.000000     541.499386       0.000000            0
# Jump frustrated.
       252       126.0000       1       1       6.808051       3.084392       9.892444       2.619773       2.766861       1.000000     541.499386       0.000000            0
       253       126.5000       1       1       6.084480       3.813298       9.897779       2.619772       3.018770       1.000000     541.499386       0.000000            0
       254       127.0000       1       1       5.470208       4.431966       9.902174       2.619771       3.207996       1.000000     541.499386       0.000000            0
# Jump frustrated.
       255       127.5000       1       1       5.028894       4.875620       9.904515       2.619772       3.271206       1.000000     541.499386       0.000000            0
       256       128.0000       1       1       4.792209       5.112292       9.904500       2.619773       3.316463       1.000000     541.499386       0.000000            1
       257       128.5000       1       1       4.763630       5.140111       9.903741       2.619773       3.354040       1.000000     541.499386       0.000000            0
       258       129.0000       1       1       4.930181       4.971535       9.901716       2.619773       3.376011       1.000000     541.499386       0.000000            0
       259       129.5000       1       1       5.260579       4.637288       9.897867       2.619773       3.387544       1.000000     541.499386       0.000000            0
       260       130.0000       1       1       5.699959       4.193011       9.892969       2.619774       3.389470       1.000000     541.499386       0.000000            0
# Jump frustrated.
       261       130.5000       1       1       6.157407       3.721536       9.878944       2.619775       3.498904       1.000000     541.499386       0.000000            0
# Jump frustrated.
       262       131.0000       1       1       6.501773       3.369436       9.871209       2.619775       3.691698       1.000000     541.499386       0.000000            1
# Jump frustrated.
       263       131.5000       1       1       6.592281       3.268954       9.861235       2.619775       4.104066       1.000000     541.499386       0.000000            0
       264       132.0000       1       1       6.390571       3.483620       9.874190       2.619775       4.509437       1.000000     541.499386       0.000000            0
       265       132.5000       1       1       5.981671       3.893435       9.875105       2.619775       4.871770       1.000000     541.499386       0.000000            0
# Jump frustrated.
       266       133.0000       1       1       5.448108       4.427398       9.875506       2.619774       5.297996       1.000000     541.499386       0.000000            0
# Jump frustrated.
       267       133.5000       1       1       4.897742       4.995825       9.893566       2.619773       6.002581       1.000000     541.499386       0.000000            0
       268       134.0000       1       1       4.658904       5.261976       9.920880       2.619772       6.550087       1.000000     541.499386       0.000000            1
# Jump frustrated.
       269       134.5000       1       1       5.046626       4.858389       9.905015       2.619772       6.022656       1.000000     541.499386       0.000000            0
# Jump frustrated.
       270       135.0000       1       1       5.837607       4.027133       9.864741       2.619773       4.490929       1.000000     541.499386       0.000000            0
# Jump frustrated.
       271       135.5000       1       1       6.480555       3.373796       9.854351       2.619773       3.135870       1.000000     541.499386       0.000000            0
# Jump frustrated.
       272       136.0000       1       1       6.717474       3.146051       9.863525       2.619773       2.535617       1.000000     541.499386       0.000000            0
# Jump frustrated.
       273       136.5000       1       1       6.598687       3.276428       9.875116       2.619773       2.455449       1.000000     541.499386       0.000000            0
# Jump frustrated.
       274       137.0000       1       1       6.273288       3.613374       9.886661       2.619774       2.570831       1.000000     541.499386       0.000000            1
       275       137.5000       1       1       5.885813       4.006580       9.892393       2.619774       2.751194       1.000000     541.499386       0.000000            0
       276       138.0000       1       1       5.531572       4.365739       9.897311       2.619775       2.989143       1.000000     541.499386       0.000000            0
       277       138.5000       1       1       5.269571       4.629192       9.898763       2.619775       3.274484       1.000000     541.499386       0.000000            0
# Jump frustrated.
       278       139.0000       1       1       5.125431       4.773478       9.898909       2.619775       3.656512       1.000000     541.499386       0.000000            0
# Jump frustrated.
       279       139.5000       1       1       5.104674       4.794031       9.898705       2.619776       4.108169       1.000000     541.499386       0.000000            0
       280       140.0000       1       1       5.205966       4.691889       9.897855       2.619776       4.536411       1.000000     541.499386       0.000000            0
# Jump frustrated.
       281       140.5000       1       1       5.415908       4.479300       9.895208       2.619774       4.849359       1.000000     541.499386       0.000000            0
       282       141.0000       1       1       5.697845       4.192388       9.890233       2.619774       4.970815       1.000000     541.499386       0.000000            1
       283       141.5000       1       1       5.985296       3.898832       9.884128       2.619774       4.862683       1.000000     541.499386       0.000000            0
# Jump frustrated.
       284       142.0000       1       1       6.200373       3.679808       9.880180       2.619775       4.669557       1.000000     541.499386       0.000000            0
# Jump frustrated.
       285       142.5000       1       1       6.351053       3.540296       9.891349       2.619775       4.546421       1.000000     541.499386       0.000000            0
# Jump frustrated.
       286       143.0000       1       1       6.575717       3.325216       9.900933       2.619775       4.429256       1.000000     541.499386       0.000000            0
# Jump frustrated.
       287       143.5000       1       1       7.014882       2.884883       9.899765       2.619775       4.113634       1.000000     541.499386       0.000000            0
# Jump frustrated.
       288       144.0000       1       1       7.647772       2.234452       9.882224       2.619775       3.428444       1.000000     541.499386       0.000000            1
# Jump frustrated.
       289       144.5000       1       1       8.236025       1.623466       9.859491       2.619775       2.500733       1.000000     541.499386       0.000000            0
# Jump frustrated.
       290       145.0000       1       1       8.443019       1.397383       9.840402       2.619775       1.840220       1.000000     541.499386       0.000000            0
# Jump frustrated.
       291       145.5000       1       1       8.044218       1.799932       9.844150       2.619775       2.627594       1.000000     541.499386       0.000000            0
       292       146.0000       1       1       7.130796       2.743295       9.874091       2.619775       4.434390       1.000000     541.499386       0.000000            0
       293       146.5000       1       1       6.208693       3.713025       9.921717       2.619775       5.879946       1.000000     541.499386       0.000000            0
       294       147.0000       1       1       5.860567       4.054952       9.915519       2.619775       5.693753       1.000000     541.499386       0.000000            1
# Jump frustrated.
       295       147.5000       1       1       6.023097       3.850460       9.873557       2.619774       4.340500       1.000000     541.499386       0.000000            0
       296       148.0000       1       1       6.174735       3.691434       9.866169       2.619774       3.349860       1.000000     541.499386       0.000000            0
       297       148.5000       1       1       6.073098       3.804787       9.877884       2.619772       3.203466       1.000000     541.499386       0.000000            0
       298       149.0000       1       1       5.792341       4.095436       9.887776       2.619772       3.333250       1.000000     541.499386       0.000000            0
# Jump frustrated.
       299       149.5000       1       1       5.454574       4.440062       9.894636       2.619772       3.471789       1.000000     541.499386       0.000000            0
       300       150.0000       1       1       5.145190       4.752717       9.897907       2.619772       3.586149       1.000000     541.499386       0.000000            1
# Jump frustrated.
       301       150.5000       1       1       4.915573       4.984406       9.899979       2.619772       3.641646       1.000000     541.499386       0.000000            0
# Jump frustrated.
       302       151.0000       1       1       4.783223       5.114783       9.898006       2.619772       3.606750       1.000000     541.499386       0.000000            0
# Jump frustrated.
       303       151.5000       1       1       4.719155       5.174574       9.893729       2.619772       3.552926       1.000000     541.499386       0.000000            0
       304       152.0000       1       1       4.666020       5.224192       9.890212       2.619771       3.604573       1.000000     541.499386       0.000000            0
# Jump frustrated.
       305       152.5000       1       1       4.580707       5.309933       9.890640       2.619770       3.832261       1.000000     541.499386       0.000000            0
       306       153.0000       1       1       4.474132       5.421418       9.895549       2.619771       4.200092       1.000000     541.499386       0.000000            0
# Jump frustrated.
       307       153.5000       1       1       4.421542       5.480793       9.902335       2.619772       4.559606       1.000000     541.499386       0.000000            1
# Jump frustrated.
       308       154.0000       1       1       4.520015       5.386125       9.906139       2.619772       4.780384       1.000000     541.499386       0.000000            0
       309       154.5000       1       1       4.825299       5.079905       9.905204       2.619772       4.851335       1.000000     541.499386       0.000000            0
# Jump frustrated.
       310       155.0000       1       1       5.324508       4.573968       9.898476       2.619771       4.735687       1.000000     541.499386       0.000000            0
# Jump frustrated.
       311       155.5000       1       1       5.952170       3.942845       9.895015       2.619771       4.459888       1.000000     541.499386       0.000000            0
       312       156.0000       1       1       6.622179       3.265425       9.887605       2.619771       3.988078       1.000000     541.499386       0.000000            0
       313       156.5000       1       1       7.230763       2.647589       9.878352       2.619772       3.311795       1.000000     541.499386       0.000000            1
# Jump frustrated.
       314       157.0000       1       1       7.656332       2.214522       9.870854       2.619772       2.674518       1.000000     541.499386       0.000000            0
       315       157.5000       1       1       7.800207       2.069197       9.869404       2.619772       2.498323       1.000000     541.499386       0.000000            0
# Jump frustrated.
       316       158.0000       1       1       7.658451       2.220957       9.879408       2.619771       3.012397       1.000000     541.499386       0.000000            0
# Jump frustrated.
       317       158.5000       1       1       7.379302       2.517212       9.896514       2.619771       3.632023       1.000000     541.499386       0.000000            0
       318       159.0000       1       1       7.175500       2.726687       9.902186       2.619771       3.755872       1.000000     541.499386       0.000000            0
# Jump frustrated.
       319       159.5000       1       1       7.121876       2.769453       9.891330       2.619772       3.276503       1.000000     541.499386       0.000000            0
       320       160.0000       1       1       7.097080       2.782740       9.879820       2.619772       2.821761       1.000000     541.499386       0.000000            1
# Jump frustrated.
       321       160.5000       1       1       6.953228       2.925158       9.878387       2.619772       2.976709       1.000000     541.499386       0.000000            0
# Jump frustrated.
       322       161.0000       1       1       6.649662       3.232831       9.882493       2.619772       3.551860       1.000000     541.499386       0.000000            0
# Jump frustrated.
       323       161.5000       1       1       6.223635       3.661746       9.885381       2.619771       4.228188       1.000000     541.499386       0.000000            0
# Jump frustrated.
       324       162.0000       1       1       5.729988       4.157717       9.887705       2.619771       4.794948       1.000000     541.499386       0.000000            0
# Jump frustrated.
       325       162.5000       1       1       5.217441       4.672581       9.890022       2.619771       5.272031       1.000000     541.499386       0.000000            0
       326       163.0000       1       1       4.742690       5.152567       9.895258       2.619771       5.641101       1.000000     541.499386       0.000000            1
# Jump frustrated.
       327       163.5000       1       1       4.394621       5.508197       9.902818       2.619770       5.870237       1.000000     541.499386       0.000000            0
# Jump frustrated.
       328       164.0000       1       1       4.278181       5.628816       9.906997       2.619770       5.895211       1.000000     541.499386       0.000000            0
# Jump frustrated.
       329       164.5000       1       1       4.453719       5.449860       9.903578       2.619768       5.683715       1.000000     541.499386       0.000000            0
# Jump frustrated.
       330       165.0000       1       1       4.876513       5.016378       9.892890       2.619766       5.213329       1.000000     541.499386       0.000000            0
# Jump frustrated.
       331       165.5000       1       1       5.402458       4.480130       9.882588       2.619765       4.627677       1.000000     541.499386       0.000000            1
# Jump frustrated.
       332       166.0000       1       1       5.864771       4.009694       9.874465       2.619766       4.084604       1.000000     541.499386       0.000000            0
       333       166.5000       1       1       6.153506       3.721329       9.874835       2.619767       3.788871       1.000000     541.499386       0.000000            0
# Jump frustrated.
       334       167.0000       1       1       6.295452       3.591575       9.887026       2.619766       3.922152       1.000000     541.499386       0.000000            0
# Jump frustrated.
       335       167.5000       1       1       6.462342       3.435662       9.898005       2.619766       4.083975       1.000000     541.499386       0.000000            0
# Jump frustrated.
       336       168.0000       1       1       6.784636       3.104530       9.889166       2.619767       3.748265       1.000000     541.499386       0.000000            0
# Jump frustrated.
       337       168.5000       1       1       7.161141       2.713607       9.874748       2.619768       2.928437       1.000000     541.499386       0.000000            0
       338       169.0000       1       1       7.394328       2.478597       9.872925       2.619769       2.514120       1.000000     541.499386       0.000000            1
       339       169.5000       1       1       7.417575       2.462196       9.879771       2.619770       2.696432       1.000000     541.499386       0.000000            0
       340       170.0000       1       1       7.302386       2.584061       9.886447       2.619771       2.925841       1.000000     541.499386       0.000000            0
# Jump frustrated.
       341       170.5000       1       1       7.118045       2.766339       9.884385       2.619772       2.949048       1.000000     541.499386       0.000000            0
# Jump frustrated.
       342       171.0000       1       1       6.854616       3.029169       9.883785       2.619773       2.928650       1.000000     541.499386       0.000000            0
# Jump frustrated.
       343       171.5000       1       1       6.510077       3.376702       9.886779       2.619773       3.030312       1.000000     541.499386       0.000000            0
# Jump frustrated.
       344       172.0000       1       1       6.124859       3.766172       9.891031       2.619773       3.229005       1.000000     541.499386       0.000000            0
# Jump frustrated.
       345       172.5000       1       1       5.765876       4.129483       9.895359       2.619772       3.403333       1.000000     541.499386       0.000000            0
       346       173.0000       1       1       5.485203       4.411205       9.896408       2.619771       3.581431       1.000000     541.499386       0.000000            1
       347       173.5000       1       1       5.305758       4.590369       9.896127       2.619772       3.765945       1.000000     541.499386       0.000000            0
       348       174.0000       1       1       5.239824       4.658257       9.898080       2.619773       3.958568       1.000000     541.499386       0.000000            0
       349       174.5000       1       1       5.316908       4.583518       9.900426       2.619775       4.079470       1.000000     541.499386       0.000000            0
       350       175.0000       1       1       5.566006       4.333145       9.899151       2.619775       4.002353       1.000000     541.499386       0.000000            0
# Jump frustrated.
       351       175.5000       1       1       5.966719       3.926859       9.893579       2.619776       3.710288       1.000000     541.499386       0.000000            0
# Jump frustrated.
       352       176.0000       1       1       6.437012       3.449364       9.886377       2.619776       3.307905       1.000000     541.499386       0.000000            0
# Jump frustrated.
       353       176.5000       1       1       6.859521       3.020865       9.880386       2.619775       2.895716       1.000000     541.499386       0.000000            1
       354       177.0000       1       1       7.130870       2.745164       9.876034       2.619775       2.648795       1.000000     541.499386       0.000000            0
# Jump frustrated.
       355       177.5000       1       1       7.186682       2.688279       9.874962       2.619775       2.576481       1.000000     541.499386       0.000000            0
       356       178.0000       1       1       7.024684       2.855818       9.880502       2.619774       2.593803       1.000000     541.499386       0.000000            0
       357       178.5000       1       1       6.692950       3.189026       9.881976       2.619773       2.547900       1.000000     541.499386       0.000000            0
# Jump frustrated.
       358       179.0000       1       1       6.225788       3.656971       9.882758       2.619773       2.558000       1.000000     541.499386       0.000000            0
# Jump frustrated.
       359       179.5000       1       1       5.668356       4.219584       9.887940       2.619773       2.677661       1.000000     541.499386       0.000000            0
       360       180.0000       1       1       5.101059       4.794031       9.895090       2.619773       2.856897       1.000000     541.499386       0.000000            1
# Jump frustrated.
       361       180.5000       1       1       4.622525       5.280661       9.903185       2.619774       3.034816       1.000000     541.499386       0.000000            0
# Jump frustrated.
       362       181.0000       1       1       4.332722       5.574839       9.907560       2.619774       3.094573       1.000000     541.499386       0.000000            0
       363       181.5000       1       1       4.293461       5.614076       9.907537       2.619773       3.063375       1.000000     541.499386       0.000000            0
       364       182.0000       1       1       4.498294       5.404394       9.902687       2.619773       2.949154       1.000000     541.499386       0.000000            0
# Jump frustrated.
       365       182.5000       1       1       4.874606       5.021153       9.895759       2.619772       2.837636       1.000000     541.499386       0.000000            0
       366       183.0000       1       1       5.320026       4.569401       9.889427       2.619772       2.838762       1.000000     541.499386       0.000000            1
       367       183.5000       1       1       5.747389       4.138825       9.886215       2.619773       3.003945       1.000000     541.499386       0.000000            0
       368       184.0000       1       1       6.109190       3.778213       9.887403       2.619774       3.266061       1.000000     541.499386       0.000000            0
       369       184.5000       1       1       6.419455       3.472409       9.891864       2.619774       3.636264       1.000000     541.499386       0.000000            0
       370       185.0000       1       1       6.734040       3.160376       9.894416       2.619772       4.020507       1.000000     541.499386       0.000000            0
       371       185.5000       1       1       7.084679       2.808691       9.893370       2.619768       4.104496       1.000000     541.499386       0.000000            0
# Jump frustrated.
       372       186.0000       1       1       7.455909       2.432924       9.888832       2.619765       4.099777       1.000000     541.499386       0.000000            0
# Jump frustrated.
       373       186.5000       1       1       7.796357       2.088504       9.884862       2.619765       3.821297       1.000000     541.499386       0.000000            0
# Jump frustrated.
       374       187.0000       1       1       8.031859       1.849965       9.881824       2.619766       3.480600       1.000000     541.499386       0.000000            1
       375       187.5000       1       1       8.110757       1.769413       9.880171       2.619764       3.131185       1.000000     541.499386       0.000000            0
       376       188.0000       1       1       8.007221       1.872801       9.880022       2.619763       2.806303       1.000000     541.499386       0.000000            0
# Jump frustrated.
       377       188.5000       1       1       7.725124       2.157845       9.882969       2.619763       2.548472       1.000000     541.499386       0.000000            0
# Jump frustrated.
       378       189.0000       1       1       7.295363       2.590704       9.886068       2.619763       2.491312       1.000000     541.499386       0.000000            0
# Jump frustrated.
       379       189.5000       1       1       6.779730       3.113665       9.893395       2.619763       2.625850       1.000000     541.499386       0.000000            0
# Jump frustrated.
       380       190.0000       1       1       6.263445       3.634549       9.897994       2.619763       2.859912       1.000000     541.499386       0.000000            1
# Jump frustrated.
       381       190.5000       1       1       5.813186       4.086924       9.900110       2.619763       3.129432       1.000000     541.499386       0.000000            0
       382       191.0000       1       1       5.466216       4.435910       9.902126       2.619763       3.310170       1.000000     541.499386       0.000000            0
# Jump frustrated.
       383       191.5000       1       1       5.236209       4.664900       9.901109       2.619764       3.408852       1.000000     541.499386       0.000000            0
       384       192.0000       1       1       5.120040       4.782613       9.902653       2.619765       3.457928       1.000000     541.499386       0.000000            0
# Jump frustrated.
       385       192.5000       1       1       5.112683       4.789049       9.901732       2.619765       3.433864       1.000000     541.499386       0.000000            0
       386       193.0000       1       1       5.193790       4.703722       9.897512       2.619767       3.415584       1.000000     541.499386       0.000000            0
# Jump frustrated.
       387       193.5000       1       1       5.292246       4.594521       9.886767       2.619767       3.412653       1.000000     541.499386       0.000000            0
# Jump frustrated.
       388       194.0000       1       1       5.303685       4.579366       9.883051       2.619766       3.445457       1.000000     541.499386       0.000000            1
       389       194.5000       1       1       5.201843       4.690643       9.892486       2.619766       3.489044       1.000000     541.499386       0.000000            0
# Jump frustrated.
       390       195.0000       1       1       5.059044       4.836798       9.895842       2.619766       3.607081       1.000000     541.499386       0.000000            0
# Jump frustrated.
       391       195.5000       1       1       4.954296       4.945791       9.900087       2.619766       3.731776       1.000000     541.499386       0.000000            0
# Jump frustrated.
       392       196.0000       1       1       4.953803       4.949736       9.903538       2.619766       3.736677       1.000000     541.499386       0.000000            0
# Jump frustrated.
       393       196.5000       1       1       5.093150       4.808148       9.901298       2.619766       3.551275       1.000000     541.499386       0.000000            0
# Jump frustrated.
       394       197.0000       1       1       5.335210       4.559851       9.895061       2.619765       3.241347       1.000000     541.499386       0.000000            0
# Jump frustrated.
       395       197.5000       1       1       5.589532       4.299097       9.888630       2.619766       2.916419       1.000000     541.499386       0.000000            1
# Jump frustrated.
       396       198.0000       1       1       5.765118       4.120348       9.885467       2.619767       2.717930       1.000000     541.499386       0.000000            0
# Jump frustrated.
       397       198.5000       1       1       5.821769       4.066786       9.888554       2.619767       2.721398       1.000000     541.499386       0.000000            0
# Jump frustrated.
       398       199.0000       1       1       5.789563       4.104155       9.893718       2.619767       2.885731       1.000000     541.499386       0.000000            0
# Jump frustrated.
       399       199.5000       1       1       5.736924       4.161039       9.897963       2.619766       3.066600       1.000000     541.499386       0.000000            0
       400       200.0000       1       1       5.725527       4.174534       9.900061       2.619766       3.186931       1.000000     541.499386       0.000000            0
