#===============================================================================================================================================================================
#     Step |         Time |         State |                                     Energy |      Angular |     Gradient |      Density |           Expectation Value |    Runtime |
#          |              |  diag |   MCH |          kin |          pot |          tot |     Momentum |          RMS |        Total |           DM |            S |            |
#          |         [fs] |       |       |         [eV] |         [eV] |         [eV] |       [hbar] |     [eV/Ang] |              |      [Debye] |              |      [sec] |
#===============================================================================================================================================================================
         0         0.0000       2       2       0.176403      10.103772      10.280175       0.000267       3.068545       1.000000     541.499386       0.000000            4
         1         0.5000       2       2       0.172431      10.107509      10.279941       0.000267       3.036738       1.000000     541.499386       0.000000            2
         2         1.0000       2       2       0.192202      10.087164      10.279366       0.000267       2.898549       1.000000     541.499386       0.000000            0
         3         1.5000       2       2       0.230623      10.048549      10.279172       0.000267       2.691546       1.000000     541.499386       0.000000            0
# Surface Hop/Pointer State Switch: new state=      1 old state=      2 randnum=  0.137332802 gap= -9.796116 eV
         4         2.0000       1       1      10.083623       0.195549      10.279172       4.882614       1.248579       1.000000     541.499386       0.000000            1
# Jump frustrated.
         5         2.5000       1       1       9.367004       0.931306      10.298310       4.882614       3.385280       1.000000     541.499386       0.000000            0
         6         3.0000       1       1       8.194759       2.158675      10.353435       4.882614       5.625066       1.000000     541.499386       0.000000            0
         7         3.5000       1       1       7.295027       3.089998      10.385025       4.882613       6.501856       1.000000     541.499386       0.000000            0
# Jump frustrated.
         8         4.0000       1       1       7.036386       3.311306      10.347693       4.882613       5.487942       1.000000     541.499386       0.000000            0
         9         4.5000       1       1       7.020214       3.300095      10.320309       4.882613       3.819793       1.000000     541.499386       0.000000            0
# Jump frustrated.
        10         5.0000       1       1       6.793781       3.530331      10.324112       4.882613       2.921998       1.000000     541.499386       0.000000            0
        11         5.5000       1       1       6.314537       4.022358      10.336895       4.882613       2.761886       1.000000     541.499386       0.000000            1
# Jump frustrated.
        12         6.0000       1       1       5.721937       4.625247      10.347184       4.882613       2.885318       1.000000     541.499386       0.000000            0
        13         6.5000       1       1       5.153256       5.201147      10.354403       4.882613       3.067744       1.000000     541.499386       0.000000            0
# Jump frustrated.
        14         7.0000       1       1       4.715085       5.644802      10.359887       4.882613       3.151270       1.000000     541.499386       0.000000            0
# Jump frustrated.
        15         7.5000       1       1       4.468407       5.891231      10.359638       4.882613       3.107308       1.000000     541.499386       0.000000            0
# Jump frustrated.
        16         8.0000       1       1       4.409223       5.947285      10.356508       4.882613       3.009065       1.000000     541.499386       0.000000            0
# Jump frustrated.
        17         8.5000       1       1       4.490896       5.861128      10.352024       4.882613       2.885451       1.000000     541.499386       0.000000            0
# Jump frustrated.
        18         9.0000       1       1       4.650270       5.697534      10.347804       4.882613       2.793691       1.000000     541.499386       0.000000            0
        19         9.5000       1       1       4.824337       5.518785      10.343122       4.882613       2.828188       1.000000     541.499386       0.000000            0
        20        10.0000       1       1       4.959442       5.380727      10.340168       4.882613       3.093409       1.000000     541.499386       0.000000            1
# Jump frustrated.
        21        10.5000       1       1       5.051000       5.295401      10.346401       4.882612       3.651208       1.000000     541.499386       0.000000            0
# Jump frustrated.
        22        11.0000       1       1       5.207921       5.151737      10.359658       4.882613       4.253857       1.000000     541.499386       0.000000            0
        23        11.5000       1       1       5.611158       4.754794      10.365951       4.882614       4.511074       1.000000     541.499386       0.000000            0
# Jump frustrated.
        24        12.0000       1       1       6.323862       4.024642      10.348503       4.882614       4.101949       1.000000     541.499386       0.000000            0
        25        12.5000       1       1       7.132662       3.193386      10.326048       4.882613       3.184948       1.000000     541.499386       0.000000            0
# Jump frustrated.
        26        13.0000       1       1       7.708734       2.607313      10.316047       4.882613       2.448748       1.000000     541.499386       0.000000            0
# Jump frustrated.
        27        13.5000       1       1       7.848936       2.459705      10.308641       4.882613       2.222312       1.000000     541.499386       0.000000            1
# Jump frustrated.
        28        14.0000       1       1       7.472930       2.836718      10.309648       4.882614       2.957691       1.000000     541.499386       0.000000            0
# Jump frustrated.
        29        14.5000       1       1       6.708051       3.635587      10.343638       4.882614       4.648282       1.000000     541.499386       0.000000            0
        30        15.0000       1       1       6.096768       4.289548      10.386316       4.882615       5.698508       1.000000     541.499386       0.000000            0
        31        15.5000       1       1       6.150348       4.223529      10.373877       4.882615       5.285345       1.000000     541.499386       0.000000            0
# Jump frustrated.
        32        16.0000       1       1       6.692104       3.631643      10.323747       4.882615       3.790668       1.000000     541.499386       0.000000            0
        33        16.5000       1       1       7.151881       3.164321      10.316202       4.882615       3.003574       1.000000     541.499386       0.000000            1
# Jump frustrated.
        34        17.0000       1       1       7.284643       3.042871      10.327514       4.882615       3.344446       1.000000     541.499386       0.000000            0
# Jump frustrated.
        35        17.5000       1       1       7.178750       3.161207      10.339957       4.882615       3.930464       1.000000     541.499386       0.000000            0
        36        18.0000       1       1       6.989864       3.359056      10.348920       4.882616       4.368507       1.000000     541.499386       0.000000            0
# Jump frustrated.
        37        18.5000       1       1       6.834667       3.518082      10.352749       4.882615       4.601802       1.000000     541.499386       0.000000            0
# Jump frustrated.
        38        19.0000       1       1       6.759959       3.592405      10.352365       4.882615       4.609937       1.000000     541.499386       0.000000            0
        39        19.5000       1       1       6.751146       3.598218      10.349364       4.882615       4.453821       1.000000     541.499386       0.000000            0
        40        20.0000       1       1       6.761480       3.583063      10.344543       4.882616       4.090472       1.000000     541.499386       0.000000            1
# Jump frustrated.
        41        20.5000       1       1       6.725777       3.614619      10.340396       4.882616       3.584285       1.000000     541.499386       0.000000            0
# Jump frustrated.
        42        21.0000       1       1       6.598092       3.743543      10.341635       4.882617       3.253803       1.000000     541.499386       0.000000            0
# Jump frustrated.
        43        21.5000       1       1       6.404248       3.945336      10.349584       4.882617       3.210946       1.000000     541.499386       0.000000            0
# Jump frustrated.
        44        22.0000       1       1       6.243250       4.113497      10.356747       4.882617       3.263886       1.000000     541.499386       0.000000            1
        45        22.5000       1       1       6.212807       4.145261      10.358068       4.882617       3.159899       1.000000     541.499386       0.000000            0
        46        23.0000       1       1       6.332187       4.022358      10.354545       4.882618       2.894692       1.000000     541.499386       0.000000            0
# Jump frustrated.
        47        23.5000       1       1       6.551129       3.798351      10.349480       4.882618       2.623622       1.000000     541.499386       0.000000            0
# Jump frustrated.
        48        24.0000       1       1       6.794873       3.548600      10.343473       4.882619       2.426877       1.000000     541.499386       0.000000            0
# Jump frustrated.
        49        24.5000       1       1       6.992900       3.348053      10.340953       4.882618       2.310406       1.000000     541.499386       0.000000            0
# Jump frustrated.
        50        25.0000       1       1       7.097127       3.241343      10.338470       4.882618       2.284017       1.000000     541.499386       0.000000            0
        51        25.5000       1       1       7.067420       3.266671      10.334090       4.882619       2.314786       1.000000     541.499386       0.000000            0
        52        26.0000       1       1       6.859775       3.473447      10.333221       4.882619       2.478691       1.000000     541.499386       0.000000            1
        53        26.5000       1       1       6.474072       3.865408      10.339479       4.882619       2.913834       1.000000     541.499386       0.000000            0
# Jump frustrated.
        54        27.0000       1       1       5.998750       4.352660      10.351410       4.882620       3.547321       1.000000     541.499386       0.000000            0
        55        27.5000       1       1       5.610619       4.751264      10.361883       4.882620       3.862942       1.000000     541.499386       0.000000            0
# Jump frustrated.
        56        28.0000       1       1       5.430568       4.924616      10.355183       4.882620       3.630065       1.000000     541.499386       0.000000            0
# Jump frustrated.
        57        28.5000       1       1       5.396621       4.948698      10.345319       4.882620       3.258404       1.000000     541.499386       0.000000            0
        58        29.0000       1       1       5.385739       4.959078      10.344817       4.882621       3.154223       1.000000     541.499386       0.000000            0
# Jump frustrated.
        59        29.5000       1       1       5.350366       4.995825      10.346190       4.882621       3.210339       1.000000     541.499386       0.000000            1
# Jump frustrated.
        60        30.0000       1       1       5.291477       5.055823      10.347299       4.882620       3.346994       1.000000     541.499386       0.000000            0
# Jump frustrated.
        61        30.5000       1       1       5.215905       5.132637      10.348542       4.882620       3.546850       1.000000     541.499386       0.000000            0
        62        31.0000       1       1       5.141743       5.209452      10.351194       4.882620       3.800727       1.000000     541.499386       0.000000            0
# Jump frustrated.
        63        31.5000       1       1       5.107802       5.247651      10.355453       4.882619       4.084207       1.000000     541.499386       0.000000            0
# Jump frustrated.
        64        32.0000       1       1       5.171513       5.188276      10.359788       4.882618       4.332181       1.000000     541.499386       0.000000            0
        65        32.5000       1       1       5.391079       4.970497      10.361576       4.882618       4.454136       1.000000     541.499386       0.000000            0
# Jump frustrated.
        66        33.0000       1       1       5.786756       4.570854      10.357610       4.882618       4.353951       1.000000     541.499386       0.000000            1
        67        33.5000       1       1       6.316311       4.036268      10.352578       4.882618       4.061894       1.000000     541.499386       0.000000            0
# Jump frustrated.
        68        34.0000       1       1       6.906417       3.441683      10.348100       4.882618       3.727173       1.000000     541.499386       0.000000            0
# Jump frustrated.
        69        34.5000       1       1       7.489906       2.851666      10.341572       4.882617       3.337786       1.000000     541.499386       0.000000            0
# Jump frustrated.
        70        35.0000       1       1       7.997831       2.338463      10.336293       4.882617       2.882745       1.000000     541.499386       0.000000            0
# Jump frustrated.
        71        35.5000       1       1       8.364110       1.970376      10.334486       4.882617       2.496751       1.000000     541.499386       0.000000            0
# Jump frustrated.
        72        36.0000       1       1       8.558403       1.776680      10.335083       4.882617       2.334417       1.000000     541.499386       0.000000            0
        73        36.5000       1       1       8.585978       1.750521      10.336499       4.882618       2.417320       1.000000     541.499386       0.000000            1
        74        37.0000       1       1       8.465362       1.872386      10.337748       4.882618       2.701680       1.000000     541.499386       0.000000            0
# Jump frustrated.
        75        37.5000       1       1       8.221135       2.118815      10.339950       4.882617       3.111261       1.000000     541.499386       0.000000            0
# Jump frustrated.
        76        38.0000       1       1       7.878191       2.461988      10.340180       4.882617       3.663894       1.000000     541.499386       0.000000            0
# Jump frustrated.
        77        38.5000       1       1       7.476435       2.867651      10.344086       4.882617       4.074232       1.000000     541.499386       0.000000            0
# Jump frustrated.
        78        39.0000       1       1       7.071427       3.279335      10.350762       4.882618       4.262647       1.000000     541.499386       0.000000            0
        79        39.5000       1       1       6.714597       3.637248      10.351845       4.882618       4.294621       1.000000     541.499386       0.000000            0
        80        40.0000       1       1       6.429597       3.921669      10.351266       4.882618       4.302630       1.000000     541.499386       0.000000            0
        81        40.5000       1       1       6.213087       4.137372      10.350459       4.882617       4.205730       1.000000     541.499386       0.000000            1
# Jump frustrated.
        82        41.0000       1       1       6.051470       4.298890      10.350359       4.882617       4.024771       1.000000     541.499386       0.000000            0
# Jump frustrated.
        83        41.5000       1       1       5.939694       4.411620      10.351315       4.882618       3.814951       1.000000     541.499386       0.000000            0
# Jump frustrated.
        84        42.0000       1       1       5.892314       4.460823      10.353137       4.882617       3.612535       1.000000     541.499386       0.000000            0
# Jump frustrated.
        85        42.5000       1       1       5.927003       4.425530      10.352533       4.882616       3.391955       1.000000     541.499386       0.000000            0
# Jump frustrated.
        86        43.0000       1       1       6.040379       4.310308      10.350687       4.882616       3.079355       1.000000     541.499386       0.000000            0
# Jump frustrated.
        87        43.5000       1       1       6.191516       4.152735      10.344251       4.882617       2.626622       1.000000     541.499386       0.000000            0
        88        44.0000       1       1       6.291789       4.044572      10.336361       4.882617       2.140378       1.000000     541.499386       0.000000            1
# Jump frustrated.
        89        44.5000       1       1       6.233429       4.097512      10.330940       4.882618       2.027129       1.000000     541.499386       0.000000            0
# Jump frustrated.
        90        45.0000       1       1       5.955128       4.377365      10.332494       4.882618       2.701089       1.000000     541.499386       0.000000            0
# Jump frustrated.
        91        45.5000       1       1       5.512869       4.831608      10.344476       4.882617       3.839157       1.000000     541.499386       0.000000            0
# Jump frustrated.
        92        46.0000       1       1       5.104584       5.255748      10.360332       4.882617       4.733935       1.000000     541.499386       0.000000            0
# Jump frustrated.
        93        46.5000       1       1       4.934203       5.426193      10.360396       4.882617       4.837972       1.000000     541.499386       0.000000            0
        94        47.0000       1       1       5.003846       5.343565      10.347411       4.882617       4.253029       1.000000     541.499386       0.000000            0
        95        47.5000       1       1       5.139802       5.198864      10.338666       4.882616       3.481360       1.000000     541.499386       0.000000            0
# Jump frustrated.
        96        48.0000       1       1       5.199124       5.140526      10.339650       4.882616       2.946222       1.000000     541.499386       0.000000            1
# Jump frustrated.
        97        48.5000       1       1       5.165360       5.179349      10.344708       4.882616       2.731943       1.000000     541.499386       0.000000            0
# Jump frustrated.
        98        49.0000       1       1       5.097285       5.252841      10.350127       4.882616       2.682144       1.000000     541.499386       0.000000            0
# Jump frustrated.
        99        49.5000       1       1       5.064907       5.288550      10.353456       4.882615       2.671479       1.000000     541.499386       0.000000            0
# Jump frustrated.
       100        50.0000       1       1       5.114918       5.239139      10.354057       4.882615       2.630730       1.000000     541.499386       0.000000            0
       101        50.5000       1       1       5.255382       5.095683      10.351065       4.882615       2.537944       1.000000     541.499386       0.000000            0
       102        51.0000       1       1       5.460561       4.888077      10.348637       4.882616       2.414758       1.000000     541.499386       0.000000            0
       103        51.5000       1       1       5.700027       4.648291      10.348319       4.882616       2.418478       1.000000     541.499386       0.000000            1
# Jump frustrated.
       104        52.0000       1       1       5.975486       4.374666      10.350153       4.882615       2.565229       1.000000     541.499386       0.000000            0
       105        52.5000       1       1       6.318407       4.032738      10.351146       4.882615       2.707199       1.000000     541.499386       0.000000            0
# Jump frustrated.
       106        53.0000       1       1       6.741065       3.605692      10.346758       4.882616       2.679791       1.000000     541.499386       0.000000            0
# Jump frustrated.
       107        53.5000       1       1       7.212257       3.134841      10.347097       4.882617       2.579101       1.000000     541.499386       0.000000            0
# Jump frustrated.
       108        54.0000       1       1       7.710298       2.635755      10.346053       4.882617       2.471731       1.000000     541.499386       0.000000            0
# Jump frustrated.
       109        54.5000       1       1       8.204634       2.134801      10.339435       4.882616       2.275453       1.000000     541.499386       0.000000            0
       110        55.0000       1       1       8.613427       1.718965      10.332392       4.882616       2.036577       1.000000     541.499386       0.000000            0
# Jump frustrated.
       111        55.5000       1       1       8.837190       1.489560      10.326750       4.882616       1.866115       1.000000     541.499386       0.000000            1
       112        56.0000       1       1       8.805861       1.522569      10.328431       4.882616       1.974396       1.000000     541.499386       0.000000            0
       113        56.5000       1       1       8.539709       1.797440      10.337150       4.882617       2.348951       1.000000     541.499386       0.000000            0
# Jump frustrated.
       114        57.0000       1       1       8.152233       2.195214      10.347447       4.882617       2.697220       1.000000     541.499386       0.000000            0
       115        57.5000       1       1       7.766045       2.582608      10.348653       4.882617       2.822102       1.000000     541.499386       0.000000            0
       116        58.0000       1       1       7.415877       2.928272      10.344149       4.882618       2.875472       1.000000     541.499386       0.000000            0
       117        58.5000       1       1       7.076852       3.265633      10.342485       4.882617       2.977413       1.000000     541.499386       0.000000            0
       118        59.0000       1       1       6.742393       3.602786      10.345178       4.882617       3.097014       1.000000     541.499386       0.000000            1
# Jump frustrated.
       119        59.5000       1       1       6.442665       3.906306      10.348971       4.882617       3.162812       1.000000     541.499386       0.000000            0
# Jump frustrated.
       120        60.0000       1       1       6.212151       4.136334      10.348485       4.882617       3.176186       1.000000     541.499386       0.000000            0
       121        60.5000       1       1       6.050057       4.296606      10.346663       4.882618       3.169281       1.000000     541.499386       0.000000            0
       122        61.0000       1       1       5.926991       4.416395      10.343386       4.882618       3.145031       1.000000     541.499386       0.000000            0
# Jump frustrated.
       123        61.5000       1       1       5.797002       4.542827      10.339830       4.882618       3.198609       1.000000     541.499386       0.000000            0
       124        62.0000       1       1       5.615695       4.723030      10.338725       4.882619       3.462822       1.000000     541.499386       0.000000            1
# Jump frustrated.
       125        62.5000       1       1       5.390295       4.954926      10.345221       4.882619       3.968515       1.000000     541.499386       0.000000            0
# Jump frustrated.
       126        63.0000       1       1       5.227165       5.129315      10.356480       4.882619       4.435872       1.000000     541.499386       0.000000            0
# Jump frustrated.
       127        63.5000       1       1       5.282756       5.078037      10.360792       4.882619       4.450912       1.000000     541.499386       0.000000            0
# Jump frustrated.
       128        64.0000       1       1       5.605421       4.744413      10.349834       4.882619       3.813675       1.000000     541.499386       0.000000            0
       129        64.5000       1       1       6.048322       4.287471      10.335794       4.882619       2.880704       1.000000     541.499386       0.000000            0
# Jump frustrated.
       130        65.0000       1       1       6.404382       3.925821      10.330203       4.882619       2.411072       1.000000     541.499386       0.000000            0
# Jump frustrated.
       131        65.5000       1       1       6.562918       3.767625      10.330543       4.882619       2.640997       1.000000     541.499386       0.000000            0
# Jump frustrated.
       132        66.0000       1       1       6.514343       3.820357      10.334700       4.882619       3.167459       1.000000     541.499386       0.000000            1
# Jump frustrated.
       133        66.5000       1       1       6.304009       4.034399      10.338408       4.882619       3.637246       1.000000     541.499386       0.000000            0
       134        67.0000       1       1       5.998459       4.346432      10.344890       4.882620       3.926573       1.000000     541.499386       0.000000            0
       135        67.5000       1       1       5.673484       4.675695      10.349180       4.882620       4.045771       1.000000     541.499386       0.000000            0
# Jump frustrated.
       136        68.0000       1       1       5.396830       4.955549      10.352379       4.882621       4.046785       1.000000     541.499386       0.000000            0
       137        68.5000       1       1       5.219759       5.135336      10.355095       4.882622       3.971938       1.000000     541.499386       0.000000            0
# Jump frustrated.
       138        69.0000       1       1       5.178012       5.178103      10.356115       4.882622       3.838568       1.000000     541.499386       0.000000            0
# Jump frustrated.
       139        69.5000       1       1       5.284719       5.070563      10.355282       4.882621       3.647422       1.000000     541.499386       0.000000            1
# Jump frustrated.
       140        70.0000       1       1       5.530461       4.823096      10.353558       4.882621       3.408762       1.000000     541.499386       0.000000            0
# Jump frustrated.
       141        70.5000       1       1       5.887873       4.463107      10.350979       4.882621       3.124199       1.000000     541.499386       0.000000            0
       142        71.0000       1       1       6.319264       4.029417      10.348681       4.882621       2.855402       1.000000     541.499386       0.000000            0
# Jump frustrated.
       143        71.5000       1       1       6.785672       3.559811      10.345483       4.882620       2.626318       1.000000     541.499386       0.000000            0
       144        72.0000       1       1       7.244534       3.098717      10.343252       4.882620       2.459254       1.000000     541.499386       0.000000            0
# Jump frustrated.
       145        72.5000       1       1       7.650505       2.690563      10.341068       4.882620       2.373997       1.000000     541.499386       0.000000            1
# Jump frustrated.
       146        73.0000       1       1       7.964081       2.374586      10.338667       4.882620       2.428393       1.000000     541.499386       0.000000            0
# Jump frustrated.
       147        73.5000       1       1       8.158305       2.179851      10.338156       4.882620       2.627396       1.000000     541.499386       0.000000            0
# Jump frustrated.
       148        74.0000       1       1       8.220868       2.116531      10.337399       4.882621       2.936333       1.000000     541.499386       0.000000            0
# Jump frustrated.
       149        74.5000       1       1       8.147419       2.189609      10.337027       4.882621       3.286104       1.000000     541.499386       0.000000            0
# Jump frustrated.
       150        75.0000       1       1       7.937860       2.398668      10.336528       4.882621       3.677778       1.000000     541.499386       0.000000            1
       151        75.5000       1       1       7.601874       2.734991      10.336865       4.882621       4.092432       1.000000     541.499386       0.000000            0
# Jump frustrated.
       152        76.0000       1       1       7.161690       3.177400      10.339090       4.882622       4.503179       1.000000     541.499386       0.000000            0
# Jump frustrated.
       153        76.5000       1       1       6.667026       3.678147      10.345173       4.882622       4.834168       1.000000     541.499386       0.000000            0
# Jump frustrated.
       154        77.0000       1       1       6.204331       4.147752      10.352084       4.882622       5.000689       1.000000     541.499386       0.000000            0
       155        77.5000       1       1       5.860500       4.495286      10.355785       4.882622       5.056257       1.000000     541.499386       0.000000            0
# Jump frustrated.
       156        78.0000       1       1       5.685006       4.671751      10.356757       4.882623       5.024952       1.000000     541.499386       0.000000            0
       157        78.5000       1       1       5.688438       4.667391      10.355830       4.882624       4.920436       1.000000     541.499386       0.000000            0
# Jump frustrated.
       158        79.0000       1       1       5.852132       4.500060      10.352192       4.882624       4.706578       1.000000     541.499386       0.000000            0
# Jump frustrated.
       159        79.5000       1       1       6.114871       4.226643      10.341514       4.882624       4.298373       1.000000     541.499386       0.000000            1
# Jump frustrated.
       160        80.0000       1       1       6.344972       3.986235      10.331206       4.882623       3.732617       1.000000     541.499386       0.000000            0
       161        80.5000       1       1       6.435135       3.900701      10.335836       4.882623       3.784945       1.000000     541.499386       0.000000            0
# Jump frustrated.
       162        81.0000       1       1       6.467675       3.888244      10.355919       4.882624       4.415736       1.000000     541.499386       0.000000            0
# Jump frustrated.
       163        81.5000       1       1       6.680042       3.683960      10.364002       4.882624       4.616158       1.000000     541.499386       0.000000            1
# Jump frustrated.
       164        82.0000       1       1       7.148971       3.194631      10.343603       4.882624       3.869585       1.000000     541.499386       0.000000            0
# Jump frustrated.
       165        82.5000       1       1       7.651141       2.675408      10.326549       4.882624       2.808734       1.000000     541.499386       0.000000            0
       166        83.0000       1       1       7.930861       2.388081      10.318941       4.882624       2.067769       1.000000     541.499386       0.000000            0
# Jump frustrated.
       167        83.5000       1       1       7.875286       2.447871      10.323157       4.882625       2.012532       1.000000     541.499386       0.000000            0
       168        84.0000       1       1       7.502523       2.823016      10.325539       4.882626       2.476318       1.000000     541.499386       0.000000            0
# Jump frustrated.
       169        84.5000       1       1       6.858963       3.467634      10.326597       4.882626       3.262566       1.000000     541.499386       0.000000            0
       170        85.0000       1       1       6.018298       4.318612      10.336911       4.882625       4.252863       1.000000     541.499386       0.000000            1
# Jump frustrated.
       171        85.5000       1       1       5.158756       5.196165      10.354921       4.882625       5.196761       1.000000     541.499386       0.000000            0
       172        86.0000       1       1       4.503371       5.857391      10.360762       4.882624       5.652942       1.000000     541.499386       0.000000            0
# Jump frustrated.
       173        86.5000       1       1       4.143619       6.211983      10.355601       4.882624       5.670631       1.000000     541.499386       0.000000            0
# Jump frustrated.
       174        87.0000       1       1       4.026283       6.325959      10.352242       4.882623       5.561737       1.000000     541.499386       0.000000            0
       175        87.5000       1       1       4.098959       6.255995      10.354954       4.882623       5.503249       1.000000     541.499386       0.000000            0
# Jump frustrated.
       176        88.0000       1       1       4.363516       5.991090      10.354605       4.882621       5.366487       1.000000     541.499386       0.000000            1
       177        88.5000       1       1       4.778055       5.565081      10.343137       4.882621       4.976839       1.000000     541.499386       0.000000            0
       178        89.0000       1       1       5.219882       5.119973      10.339855       4.882621       4.507252       1.000000     541.499386       0.000000            0
# Jump frustrated.
       179        89.5000       1       1       5.614429       4.728635      10.343064       4.882621       4.113567       1.000000     541.499386       0.000000            0
       180        90.0000       1       1       5.973499       4.371967      10.345466       4.882621       3.750129       1.000000     541.499386       0.000000            0
# Jump frustrated.
       181        90.5000       1       1       6.327599       4.019867      10.347466       4.882621       3.407973       1.000000     541.499386       0.000000            0
# Jump frustrated.
       182        91.0000       1       1       6.697811       3.649289      10.347100       4.882621       3.086234       1.000000     541.499386       0.000000            0
# Jump frustrated.
       183        91.5000       1       1       7.075301       3.266256      10.341556       4.882621       2.749627       1.000000     541.499386       0.000000            0
# Jump frustrated.
       184        92.0000       1       1       7.396284       2.936161      10.332445       4.882622       2.444680       1.000000     541.499386       0.000000            1
# Jump frustrated.
       185        92.5000       1       1       7.563271       2.763641      10.326912       4.882622       2.591274       1.000000     541.499386       0.000000            0
       186        93.0000       1       1       7.552979       2.783571      10.336550       4.882622       3.476757       1.000000     541.499386       0.000000            0
       187        93.5000       1       1       7.497719       2.852704      10.350422       4.882622       4.614799       1.000000     541.499386       0.000000            0
# Jump frustrated.
       188        94.0000       1       1       7.652500       2.708625      10.361125       4.882623       5.001487       1.000000     541.499386       0.000000            0
# Jump frustrated.
       189        94.5000       1       1       8.097497       2.241095      10.338593       4.882623       4.168486       1.000000     541.499386       0.000000            0
# Jump frustrated.
       190        95.0000       1       1       8.548257       1.768583      10.316841       4.882624       3.033294       1.000000     541.499386       0.000000            0
# Jump frustrated.
       191        95.5000       1       1       8.686809       1.625957      10.312766       4.882624       2.506624       1.000000     541.499386       0.000000            0
# Jump frustrated.
       192        96.0000       1       1       8.402097       1.915568      10.317665       4.882624       2.933897       1.000000     541.499386       0.000000            0
# Jump frustrated.
       193        96.5000       1       1       7.758644       2.573888      10.332533       4.882626       3.809958       1.000000     541.499386       0.000000            0
       194        97.0000       1       1       6.926273       3.422583      10.348856       4.882627       4.712774       1.000000     541.499386       0.000000            1
# Jump frustrated.
       195        97.5000       1       1       6.114045       4.245535      10.359580       4.882627       5.298012       1.000000     541.499386       0.000000            0
       196        98.0000       1       1       5.480640       4.877904      10.358544       4.882627       5.339897       1.000000     541.499386       0.000000            0
       197        98.5000       1       1       5.065969       5.290626      10.356594       4.882627       5.198359       1.000000     541.499386       0.000000            0
# Jump frustrated.
       198        99.0000       1       1       4.837528       5.516917      10.354445       4.882628       4.997554       1.000000     541.499386       0.000000            0
       199        99.5000       1       1       4.762003       5.591655      10.353658       4.882628       4.797953       1.000000     541.499386       0.000000            0
# Jump frustrated.
       200       100.0000       1       1       4.821235       5.531864      10.353099       4.882628       4.596645       1.000000     541.499386       0.000000            0
       201       100.5000       1       1       5.001401       5.350624      10.352025       4.882628       4.368251       1.000000     541.499386       0.000000            1
       202       101.0000       1       1       5.283544       5.067034      10.350578       4.882627       4.067527       1.000000     541.499386       0.000000            0
# Jump frustrated.
       203       101.5000       1       1       5.643784       4.705591      10.349375       4.882628       3.739325       1.000000     541.499386       0.000000            0
# Jump frustrated.
       204       102.0000       1       1       6.049825       4.294945      10.344771       4.882628       3.381965       1.000000     541.499386       0.000000            0
# Jump frustrated.
       205       102.5000       1       1       6.434879       3.902154      10.337033       4.882629       2.952321       1.000000     541.499386       0.000000            0
# Jump frustrated.
       206       103.0000       1       1       6.707449       3.626245      10.333694       4.882629       2.684654       1.000000     541.499386       0.000000            0
# Jump frustrated.
       207       103.5000       1       1       6.829681       3.509778      10.339459       4.882629       2.876603       1.000000     541.499386       0.000000            0
       208       104.0000       1       1       6.885441       3.466803      10.352245       4.882629       3.304368       1.000000     541.499386       0.000000            1
# Jump frustrated.
       209       104.5000       1       1       7.029865       3.326461      10.356326       4.882628       3.322837       1.000000     541.499386       0.000000            0
       210       105.0000       1       1       7.293444       3.047646      10.341090       4.882628       2.698382       1.000000     541.499386       0.000000            0
       211       105.5000       1       1       7.494611       2.830697      10.325309       4.882628       2.064302       1.000000     541.499386       0.000000            0
       212       106.0000       1       1       7.425890       2.895263      10.321153       4.882628       2.244388       1.000000     541.499386       0.000000            0
# Jump frustrated.
       213       106.5000       1       1       7.026098       3.301133      10.327231       4.882629       3.097751       1.000000     541.499386       0.000000            0
# Jump frustrated.
       214       107.0000       1       1       6.394685       3.947620      10.342305       4.882628       4.142062       1.000000     541.499386       0.000000            0
# Jump frustrated.
       215       107.5000       1       1       5.756947       4.601372      10.358320       4.882626       5.005047       1.000000     541.499386       0.000000            1
# Jump frustrated.
       216       108.0000       1       1       5.342520       5.019076      10.361596       4.882625       5.534235       1.000000     541.499386       0.000000            0
# Jump frustrated.
       217       108.5000       1       1       5.218022       5.136582      10.354604       4.882625       5.941280       1.000000     541.499386       0.000000            0
# Jump frustrated.
       218       109.0000       1       1       5.300100       5.046896      10.346996       4.882625       6.285063       1.000000     541.499386       0.000000            0
       219       109.5000       1       1       5.484290       4.859842      10.344132       4.882626       6.437871       1.000000     541.499386       0.000000            0
# Jump frustrated.
       220       110.0000       1       1       5.719035       4.626078      10.345112       4.882628       6.270347       1.000000     541.499386       0.000000            0
# Jump frustrated.
       221       110.5000       1       1       5.994922       4.349961      10.344884       4.882628       5.803294       1.000000     541.499386       0.000000            0
# Jump frustrated.
       222       111.0000       1       1       6.297578       4.049555      10.347132       4.882628       5.187475       1.000000     541.499386       0.000000            0
# Jump frustrated.
       223       111.5000       1       1       6.622233       3.725481      10.347714       4.882628       4.568048       1.000000     541.499386       0.000000            1
# Jump frustrated.
       224       112.0000       1       1       6.958460       3.383346      10.341805       4.882628       4.010567       1.000000     541.499386       0.000000            0
# Jump frustrated.
       225       112.5000       1       1       7.216904       3.110343      10.327247       4.882627       3.326382       1.000000     541.499386       0.000000            0
# Jump frustrated.
       226       113.0000       1       1       7.289300       3.036435      10.325735       4.882627       3.143201       1.000000     541.499386       0.000000            0
# Jump frustrated.
       227       113.5000       1       1       7.158441       3.175532      10.333973       4.882626       3.774458       1.000000     541.499386       0.000000            0
       228       114.0000       1       1       6.958735       3.395802      10.354537       4.882625       4.779941       1.000000     541.499386       0.000000            1
# Jump frustrated.
       229       114.5000       1       1       6.948742       3.415317      10.364059       4.882625       5.196882       1.000000     541.499386       0.000000            0
       230       115.0000       1       1       7.226045       3.119478      10.345523       4.882625       4.676330       1.000000     541.499386       0.000000            0
       231       115.5000       1       1       7.584613       2.743295      10.327908       4.882625       3.785136       1.000000     541.499386       0.000000            0
# Jump frustrated.
       232       116.0000       1       1       7.784672       2.539426      10.324098       4.882625       3.181508       1.000000     541.499386       0.000000            0
       233       116.5000       1       1       7.738102       2.586345      10.324446       4.882625       2.974032       1.000000     541.499386       0.000000            0
# Jump frustrated.
       234       117.0000       1       1       7.432295       2.890903      10.323198       4.882624       3.137935       1.000000     541.499386       0.000000            0
# Jump frustrated.
       235       117.5000       1       1       6.869409       3.454970      10.324379       4.882624       3.680086       1.000000     541.499386       0.000000            0
       236       118.0000       1       1       6.113981       4.224982      10.338963       4.882624       4.608537       1.000000     541.499386       0.000000            1
       237       118.5000       1       1       5.389690       4.968628      10.358318       4.882624       5.439942       1.000000     541.499386       0.000000            0
# Jump frustrated.
       238       119.0000       1       1       4.986765       5.379896      10.366661       4.882623       5.762026       1.000000     541.499386       0.000000            0
# Jump frustrated.
       239       119.5000       1       1       5.018170       5.336299      10.354469       4.882622       5.335856       1.000000     541.499386       0.000000            0
       240       120.0000       1       1       5.326504       5.012433      10.338937       4.882621       4.565732       1.000000     541.499386       0.000000            0
# Jump frustrated.
       241       120.5000       1       1       5.673403       4.657841      10.331245       4.882622       3.897693       1.000000     541.499386       0.000000            0
# Jump frustrated.
       242       121.0000       1       1       5.922556       4.410374      10.332930       4.882623       3.444500       1.000000     541.499386       0.000000            0
# Jump frustrated.
       243       121.5000       1       1       6.067119       4.272109      10.339228       4.882624       3.189756       1.000000     541.499386       0.000000            1
       244       122.0000       1       1       6.170149       4.172458      10.342607       4.882624       3.017427       1.000000     541.499386       0.000000            0
# Jump frustrated.
       245       122.5000       1       1       6.281058       4.062011      10.343069       4.882624       2.857647       1.000000     541.499386       0.000000            0
# Jump frustrated.
       246       123.0000       1       1       6.415442       3.927897      10.343340       4.882623       2.702943       1.000000     541.499386       0.000000            0
       247       123.5000       1       1       6.562794       3.775514      10.338308       4.882622       2.499562       1.000000     541.499386       0.000000            0
# Jump frustrated.
       248       124.0000       1       1       6.646048       3.677109      10.323157       4.882622       2.224150       1.000000     541.499386       0.000000            1
# Jump frustrated.
       249       124.5000       1       1       6.486679       3.818904      10.305583       4.882622       2.417555       1.000000     541.499386       0.000000            0
       250       125.0000       1       1       5.971778       4.347470      10.319247       4.882621       3.927844       1.000000     541.499386       0.000000            0
       251       125.5000       1       1       5.442338       4.933750      10.376088       4.882622       5.711855       1.000000     541.499386       0.000000            0
# Jump frustrated.
       252       126.0000       1       1       5.600951       4.785519      10.386470       4.882620       5.958602       1.000000     541.499386       0.000000            0
# Jump frustrated.
       253       126.5000       1       1       6.569614       3.758283      10.327896       4.882618       4.399563       1.000000     541.499386       0.000000            0
# Jump frustrated.
       254       127.0000       1       1       7.636830       2.655685      10.292515       4.882618       2.410064       1.000000     541.499386       0.000000            0
# Jump frustrated.
       255       127.5000       1       1       8.170896       2.124836      10.295731       4.882618       2.038177       1.000000     541.499386       0.000000            1
# Jump frustrated.
       256       128.0000       1       1       8.066012       2.244417      10.310429       4.882618       2.644638       1.000000     541.499386       0.000000            0
# Jump frustrated.
       257       128.5000       1       1       7.527232       2.804539      10.331771       4.882617       2.826846       1.000000     541.499386       0.000000            0
# Jump frustrated.
       258       129.0000       1       1       6.797372       3.542995      10.340367       4.882617       3.366111       1.000000     541.499386       0.000000            0
       259       129.5000       1       1       6.088433       4.271071      10.359504       4.882616       3.869858       1.000000     541.499386       0.000000            0
       260       130.0000       1       1       5.636885       4.726974      10.363860       4.882617       3.936598       1.000000     541.499386       0.000000            0
       261       130.5000       1       1       5.516485       4.834514      10.350999       4.882617       3.732804       1.000000     541.499386       0.000000            1
       262       131.0000       1       1       5.576830       4.761645      10.338474       4.882615       3.704594       1.000000     541.499386       0.000000            0
# Jump frustrated.
       263       131.5000       1       1       5.619364       4.710989      10.330352       4.882615       4.044313       1.000000     541.499386       0.000000            0
       264       132.0000       1       1       5.530290       4.803581      10.333871       4.882615       4.546624       1.000000     541.499386       0.000000            0
# Jump frustrated.
       265       132.5000       1       1       5.334484       5.008904      10.343388       4.882614       4.891463       1.000000     541.499386       0.000000            0
# Jump frustrated.
       266       133.0000       1       1       5.133391       5.214849      10.348240       4.882614       4.960167       1.000000     541.499386       0.000000            0
# Jump frustrated.
       267       133.5000       1       1       5.002908       5.347510      10.350418       4.882613       4.789364       1.000000     541.499386       0.000000            1
# Jump frustrated.
       268       134.0000       1       1       4.981986       5.369516      10.351502       4.882610       4.451891       1.000000     541.499386       0.000000            0
       269       134.5000       1       1       5.092008       5.260523      10.352531       4.882609       4.024770       1.000000     541.499386       0.000000            0
# Jump frustrated.
       270       135.0000       1       1       5.350051       5.003921      10.353972       4.882610       3.595017       1.000000     541.499386       0.000000            0
# Jump frustrated.
       271       135.5000       1       1       5.772059       4.581442      10.353502       4.882610       3.211665       1.000000     541.499386       0.000000            0
# Jump frustrated.
       272       136.0000       1       1       6.342402       4.003674      10.346076       4.882609       2.794738       1.000000     541.499386       0.000000            0
       273       136.5000       1       1       6.984964       3.353035      10.337999       4.882608       2.361386       1.000000     541.499386       0.000000            1
# Jump frustrated.
       274       137.0000       1       1       7.560289       2.761149      10.321438       4.882608       2.040491       1.000000     541.499386       0.000000            0
       275       137.5000       1       1       7.840491       2.456383      10.296874       4.882608       2.441922       1.000000     541.499386       0.000000            0
       276       138.0000       1       1       7.547000       2.731669      10.278669       4.882608       4.267754       1.000000     541.499386       0.000000            0
       277       138.5000       1       1       6.667583       3.663822      10.331405       4.882608       7.181467       1.000000     541.499386       0.000000            0
# Jump frustrated.
       278       139.0000       1       1       5.965497       4.426153      10.391650       4.882608       8.736036       1.000000     541.499386       0.000000            0
# Jump frustrated.
       279       139.5000       1       1       6.163978       4.189066      10.353044       4.882609       7.910456       1.000000     541.499386       0.000000            0
# Jump frustrated.
       280       140.0000       1       1       6.839601       3.455385      10.294986       4.882609       5.849794       1.000000     541.499386       0.000000            0
# Jump frustrated.
       281       140.5000       1       1       7.266912       3.045155      10.312066       4.882610       4.881993       1.000000     541.499386       0.000000            1
# Jump frustrated.
       282       141.0000       1       1       7.406464       2.926404      10.332868       4.882611       4.718259       1.000000     541.499386       0.000000            0
# Jump frustrated.
       283       141.5000       1       1       7.451362       2.882184      10.333546       4.882611       4.347095       1.000000     541.499386       0.000000            0
       284       142.0000       1       1       7.403398       2.924120      10.327518       4.882611       3.786242       1.000000     541.499386       0.000000            0
       285       142.5000       1       1       7.184065       3.145013      10.329078       4.882611       3.324989       1.000000     541.499386       0.000000            0
# Jump frustrated.
       286       143.0000       1       1       6.787481       3.547355      10.334835       4.882611       3.017246       1.000000     541.499386       0.000000            1
# Jump frustrated.
       287       143.5000       1       1       6.274814       4.067616      10.342431       4.882611       2.882918       1.000000     541.499386       0.000000            0
       288       144.0000       1       1       5.738781       4.612168      10.350948       4.882611       2.843317       1.000000     541.499386       0.000000            0
# Jump frustrated.
       289       144.5000       1       1       5.274460       5.080736      10.355195       4.882612       2.814838       1.000000     541.499386       0.000000            0
# Jump frustrated.
       290       145.0000       1       1       4.947586       5.410207      10.357793       4.882613       2.811990       1.000000     541.499386       0.000000            0
# Jump frustrated.
       291       145.5000       1       1       4.799350       5.559891      10.359241       4.882613       2.808410       1.000000     541.499386       0.000000            0
# Jump frustrated.
       292       146.0000       1       1       4.850020       5.509443      10.359462       4.882612       2.798151       1.000000     541.499386       0.000000            1
# Jump frustrated.
       293       146.5000       1       1       5.099691       5.258862      10.358553       4.882612       2.804979       1.000000     541.499386       0.000000            0
       294       147.0000       1       1       5.535310       4.821435      10.356745       4.882611       2.829115       1.000000     541.499386       0.000000            0
# Jump frustrated.
       295       147.5000       1       1       6.125370       4.226435      10.351806       4.882610       2.820493       1.000000     541.499386       0.000000            0
# Jump frustrated.
       296       148.0000       1       1       6.794853       3.548600      10.343453       4.882610       2.659200       1.000000     541.499386       0.000000            0
       297       148.5000       1       1       7.404528       2.922667      10.327195       4.882610       2.378982       1.000000     541.499386       0.000000            0
# Jump frustrated.
       298       149.0000       1       1       7.749871       2.559356      10.309227       4.882610       2.226406       1.000000     541.499386       0.000000            0
       299       149.5000       1       1       7.630130       2.673332      10.303461       4.882610       2.999010       1.000000     541.499386       0.000000            0
# Jump frustrated.
       300       150.0000       1       1       7.085734       3.247571      10.333305       4.882611       4.547824       1.000000     541.499386       0.000000            0
# Jump frustrated.
       301       150.5000       1       1       6.544487       3.811638      10.356125       4.882611       5.263391       1.000000     541.499386       0.000000            1
# Jump frustrated.
       302       151.0000       1       1       6.317667       4.015715      10.333382       4.882611       4.760262       1.000000     541.499386       0.000000            0
# Jump frustrated.
       303       151.5000       1       1       6.210282       4.105816      10.316098       4.882612       4.371572       1.000000     541.499386       0.000000            0
# Jump frustrated.
       304       152.0000       1       1       6.076922       4.266918      10.343841       4.882612       5.042639       1.000000     541.499386       0.000000            0
# Jump frustrated.
       305       152.5000       1       1       6.170388       4.184706      10.355094       4.882611       5.212009       1.000000     541.499386       0.000000            0
# Jump frustrated.
       306       153.0000       1       1       6.560795       3.768040      10.328836       4.882609       4.494035       1.000000     541.499386       0.000000            0
       307       153.5000       1       1       6.900395       3.412826      10.313221       4.882610       3.972986       1.000000     541.499386       0.000000            1
       308       154.0000       1       1       6.893066       3.426113      10.319178       4.882611       4.250998       1.000000     541.499386       0.000000            0
# Jump frustrated.
       309       154.5000       1       1       6.547050       3.787970      10.335020       4.882611       4.776681       1.000000     541.499386       0.000000            0
       310       155.0000       1       1       6.033877       4.313630      10.347507       4.882611       5.056598       1.000000     541.499386       0.000000            0
# Jump frustrated.
       311       155.5000       1       1       5.519291       4.834930      10.354220       4.882614       5.064585       1.000000     541.499386       0.000000            0
       312       156.0000       1       1       5.101528       5.255748      10.357276       4.882616       4.810712       1.000000     541.499386       0.000000            1
       313       156.5000       1       1       4.824456       5.533318      10.357774       4.882617       4.383405       1.000000     541.499386       0.000000            0
       314       157.0000       1       1       4.696334       5.660788      10.357122       4.882616       3.869904       1.000000     541.499386       0.000000            0
       315       157.5000       1       1       4.710623       5.646255      10.356878       4.882617       3.382485       1.000000     541.499386       0.000000            0
       316       158.0000       1       1       4.862004       5.494910      10.356915       4.882618       3.014900       1.000000     541.499386       0.000000            0
# Jump frustrated.
       317       158.5000       1       1       5.150345       5.206545      10.356890       4.882617       2.799642       1.000000     541.499386       0.000000            0
# Jump frustrated.
       318       159.0000       1       1       5.573739       4.782613      10.356352       4.882618       2.722067       1.000000     541.499386       0.000000            1
       319       159.5000       1       1       6.121017       4.233079      10.354096       4.882618       2.756632       1.000000     541.499386       0.000000            0
       320       160.0000       1       1       6.755001       3.594274      10.349275       4.882618       2.821761       1.000000     541.499386       0.000000            0
# Jump frustrated.
       321       160.5000       1       1       7.405757       2.936369      10.342126       4.882619       3.013624       1.000000     541.499386       0.000000            0
# Jump frustrated.
       322       161.0000       1       1       7.980005       2.351957      10.331962       4.882618       3.320009       1.000000     541.499386       0.000000            0
       323       161.5000       1       1       8.338134       1.975982      10.314116       4.882618       3.783320       1.000000     541.499386       0.000000            0
       324       162.0000       1       1       8.282922       2.013351      10.296273       4.882618       4.306618       1.000000     541.499386       0.000000            0
# Jump frustrated.
       325       162.5000       1       1       7.620209       2.671048      10.291257       4.882620       5.187127       1.000000     541.499386       0.000000            1
# Jump frustrated.
       326       163.0000       1       1       6.441396       3.896341      10.337737       4.882619       7.016656       1.000000     541.499386       0.000000            0
       327       163.5000       1       1       5.531918       4.878527      10.410445       4.882618       8.435616       1.000000     541.499386       0.000000            0
       328       164.0000       1       1       5.785654       4.609884      10.395539       4.882616       8.107879       1.000000     541.499386       0.000000            0
# Jump frustrated.
       329       164.5000       1       1       6.974441       3.320233      10.294674       4.882615       5.819848       1.000000     541.499386       0.000000            0
# Jump frustrated.
       330       165.0000       1       1       7.964793       2.307529      10.272322       4.882615       3.329867       1.000000     541.499386       0.000000            0
       331       165.5000       1       1       8.174169       2.126289      10.300457       4.882615       2.311731       1.000000     541.499386       0.000000            1
       332       166.0000       1       1       7.784916       2.537350      10.322266       4.882616       2.215661       1.000000     541.499386       0.000000            0
# Jump frustrated.
       333       166.5000       1       1       7.086527       3.251100      10.337627       4.882616       2.411553       1.000000     541.499386       0.000000            0
       334       167.0000       1       1       6.302785       4.046856      10.349641       4.882616       2.569766       1.000000     541.499386       0.000000            0
# Jump frustrated.
       335       167.5000       1       1       5.608080       4.748565      10.356645       4.882616       2.585464       1.000000     541.499386       0.000000            0
# Jump frustrated.
       336       168.0000       1       1       5.095479       5.261561      10.357039       4.882616       2.496958       1.000000     541.499386       0.000000            0
       337       168.5000       1       1       4.770405       5.583766      10.354171       4.882617       2.418706       1.000000     541.499386       0.000000            0
# Jump frustrated.
       338       169.0000       1       1       4.599177       5.752965      10.352142       4.882618       2.394851       1.000000     541.499386       0.000000            1
       339       169.5000       1       1       4.549791       5.800922      10.350713       4.882619       2.417678       1.000000     541.499386       0.000000            0
# Jump frustrated.
       340       170.0000       1       1       4.598047       5.751304      10.349351       4.882619       2.479783       1.000000     541.499386       0.000000            0
# Jump frustrated.
       341       170.5000       1       1       4.721522       5.626118      10.347640       4.882620       2.584356       1.000000     541.499386       0.000000            0
# Jump frustrated.
       342       171.0000       1       1       4.895396       5.449860      10.345256       4.882621       2.742562       1.000000     541.499386       0.000000            0
       343       171.5000       1       1       5.095629       5.248689      10.344318       4.882622       2.970448       1.000000     541.499386       0.000000            0
# Jump frustrated.
       344       172.0000       1       1       5.318400       5.027381      10.345781       4.882622       3.242506       1.000000     541.499386       0.000000            1
       345       172.5000       1       1       5.588594       4.758530      10.347125       4.882623       3.458315       1.000000     541.499386       0.000000            0
# Jump frustrated.
       346       173.0000       1       1       5.920103       4.422208      10.342311       4.882623       3.491530       1.000000     541.499386       0.000000            0
       347       173.5000       1       1       6.257098       4.075921      10.333019       4.882622       3.384145       1.000000     541.499386       0.000000            0
       348       174.0000       1       1       6.501785       3.827416      10.329201       4.882621       3.429253       1.000000     541.499386       0.000000            0
# Jump frustrated.
       349       174.5000       1       1       6.613973       3.716969      10.330943       4.882621       3.858771       1.000000     541.499386       0.000000            0
# Jump frustrated.
       350       175.0000       1       1       6.675140       3.665275      10.340415       4.882621       4.434800       1.000000     541.499386       0.000000            1
# Jump frustrated.
       351       175.5000       1       1       6.807899       3.524310      10.332209       4.882620       4.506482       1.000000     541.499386       0.000000            0
       352       176.0000       1       1       6.920833       3.382930      10.303764       4.882618       4.135004       1.000000     541.499386       0.000000            0
       353       176.5000       1       1       6.759366       3.546732      10.306097       4.882615       4.654699       1.000000     541.499386       0.000000            0
# Jump frustrated.
       354       177.0000       1       1       6.500002       3.858557      10.358559       4.882614       5.916328       1.000000     541.499386       0.000000            0
# Jump frustrated.
       355       177.5000       1       1       6.749003       3.620225      10.369228       4.882613       6.058294       1.000000     541.499386       0.000000            0
       356       178.0000       1       1       7.579640       2.732915      10.312555       4.882612       4.626853       1.000000     541.499386       0.000000            1
# Jump frustrated.
       357       178.5000       1       1       8.267941       2.017918      10.285860       4.882611       3.160721       1.000000     541.499386       0.000000            0
# Jump frustrated.
       358       179.0000       1       1       8.365087       1.949201      10.314288       4.882612       2.730251       1.000000     541.499386       0.000000            0
# Jump frustrated.
       359       179.5000       1       1       8.028575       2.305038      10.333613       4.882613       2.729314       1.000000     541.499386       0.000000            0
# Jump frustrated.
       360       180.0000       1       1       7.499055       2.846268      10.345323       4.882613       2.773927       1.000000     541.499386       0.000000            0
       361       180.5000       1       1       6.935297       3.416147      10.351445       4.882615       2.854431       1.000000     541.499386       0.000000            0
       362       181.0000       1       1       6.425712       3.930388      10.356101       4.882615       2.951194       1.000000     541.499386       0.000000            0
       363       181.5000       1       1       6.025226       4.333353      10.358578       4.882615       3.038797       1.000000     541.499386       0.000000            1
       364       182.0000       1       1       5.758393       4.599919      10.358312       4.882614       3.112229       1.000000     541.499386       0.000000            0
       365       182.5000       1       1       5.620961       4.736732      10.357693       4.882615       3.192004       1.000000     541.499386       0.000000            0
# Jump frustrated.
       366       183.0000       1       1       5.594542       4.760606      10.355149       4.882617       3.264478       1.000000     541.499386       0.000000            0
       367       183.5000       1       1       5.638563       4.709951      10.348514       4.882617       3.272242       1.000000     541.499386       0.000000            0
# Jump frustrated.
       368       184.0000       1       1       5.671316       4.669052      10.340368       4.882616       3.304196       1.000000     541.499386       0.000000            0
# Jump frustrated.
       369       184.5000       1       1       5.586851       4.745451      10.332302       4.882614       3.712478       1.000000     541.499386       0.000000            0
       370       185.0000       1       1       5.344501       4.996655      10.341156       4.882611       4.909663       1.000000     541.499386       0.000000            0
# Jump frustrated.
       371       185.5000       1       1       5.164246       5.209452      10.373697       4.882608       6.274053       1.000000     541.499386       0.000000            1
       372       186.0000       1       1       5.451533       4.928560      10.380093       4.882608       6.483074       1.000000     541.499386       0.000000            0
# Jump frustrated.
       373       186.5000       1       1       6.273612       4.077166      10.350778       4.882610       5.508029       1.000000     541.499386       0.000000            0
       374       187.0000       1       1       7.201640       3.108475      10.310115       4.882611       4.001591       1.000000     541.499386       0.000000            0
       375       187.5000       1       1       7.676996       2.609389      10.286385       4.882613       2.943109       1.000000     541.499386       0.000000            0
# Jump frustrated.
       376       188.0000       1       1       7.373581       2.913948      10.287529       4.882616       3.885834       1.000000     541.499386       0.000000            0
       377       188.5000       1       1       6.479552       3.875373      10.354925       4.882618       6.283025       1.000000     541.499386       0.000000            1
# Jump frustrated.
       378       189.0000       1       1       5.868990       4.537430      10.406419       4.882618       7.405927       1.000000     541.499386       0.000000            0
# Jump frustrated.
       379       189.5000       1       1       6.156077       4.204844      10.360921       4.882617       6.198411       1.000000     541.499386       0.000000            0
# Jump frustrated.
       380       190.0000       1       1       6.825718       3.481543      10.307261       4.882616       3.671164       1.000000     541.499386       0.000000            0
# Jump frustrated.
       381       190.5000       1       1       7.129776       3.181552      10.311329       4.882615       2.066791       1.000000     541.499386       0.000000            0
# Jump frustrated.
       382       191.0000       1       1       6.945394       3.387498      10.332891       4.882616       2.091729       1.000000     541.499386       0.000000            0
# Jump frustrated.
       383       191.5000       1       1       6.488147       3.861878      10.350025       4.882616       2.599733       1.000000     541.499386       0.000000            0
# Jump frustrated.
       384       192.0000       1       1       5.967090       4.390652      10.357742       4.882617       3.079235       1.000000     541.499386       0.000000            0
# Jump frustrated.
       385       192.5000       1       1       5.500604       4.861088      10.361691       4.882619       3.512688       1.000000     541.499386       0.000000            1
# Jump frustrated.
       386       193.0000       1       1       5.146293       5.216718      10.363011       4.882620       3.899268       1.000000     541.499386       0.000000            0
# Jump frustrated.
       387       193.5000       1       1       4.929093       5.435327      10.364420       4.882619       4.222658       1.000000     541.499386       0.000000            0
# Jump frustrated.
       388       194.0000       1       1       4.866023       5.499270      10.365293       4.882617       4.395116       1.000000     541.499386       0.000000            0
       389       194.5000       1       1       4.958823       5.403356      10.362179       4.882618       4.364269       1.000000     541.499386       0.000000            0
       390       195.0000       1       1       5.159498       5.193881      10.353379       4.882617       4.092829       1.000000     541.499386       0.000000            0
       391       195.5000       1       1       5.354841       4.986897      10.341738       4.882617       3.609348       1.000000     541.499386       0.000000            0
# Jump frustrated.
       392       196.0000       1       1       5.403212       4.931467      10.334678       4.882618       3.192403       1.000000     541.499386       0.000000            0
# Jump frustrated.
       393       196.5000       1       1       5.253516       5.091946      10.345463       4.882618       3.408520       1.000000     541.499386       0.000000            1
# Jump frustrated.
       394       197.0000       1       1       5.083107       5.287512      10.370618       4.882619       4.109370       1.000000     541.499386       0.000000            0
# Jump frustrated.
       395       197.5000       1       1       5.212268       5.166892      10.379160       4.882621       4.327395       1.000000     541.499386       0.000000            0
       396       198.0000       1       1       5.741173       4.616943      10.358116       4.882621       3.661055       1.000000     541.499386       0.000000            0
# Jump frustrated.
       397       198.5000       1       1       6.431834       3.909005      10.340839       4.882620       2.823538       1.000000     541.499386       0.000000            1
       398       199.0000       1       1       7.042333       3.298850      10.341183       4.882621       2.566104       1.000000     541.499386       0.000000            0
# Jump frustrated.
       399       199.5000       1       1       7.522892       2.820940      10.343832       4.882622       2.657813       1.000000     541.499386       0.000000            0
# Jump frustrated.
       400       200.0000       1       1       7.895491       2.449324      10.344815       4.882624       2.546673       1.000000     541.499386       0.000000            0
