#===============================================================================================================================================================================
#     Step |         Time |         State |                                     Energy |      Angular |     Gradient |      Density |           Expectation Value |    Runtime |
#          |              |  diag |   MCH |          kin |          pot |          tot |     Momentum |          RMS |        Total |           DM |            S |            |
#          |         [fs] |       |       |         [eV] |         [eV] |         [eV] |       [hbar] |     [eV/Ang] |              |      [Debye] |              |      [sec] |
#===============================================================================================================================================================================
         0         0.0000       2       2       0.088621      10.252834      10.341455       0.000168       2.885475       1.000000     541.499386       0.000000            5
         1         0.5000       2       2       0.131132      10.210482      10.341615       0.000168       2.794522       1.000000     541.499386       0.000000            1
         2         1.0000       2       2       0.231035      10.109378      10.340413       0.000167       2.607185       1.000000     541.499386       0.000000            1
         3         1.5000       2       2       0.372924       9.965714      10.338638       0.000167       2.315974       1.000000     541.499386       0.000000            0
# Surface Hop/Pointer State Switch: new state=      1 old state=      2 randnum=  0.061515106 gap= -9.736533 eV
         4         2.0000       1       1      10.264746       0.073892      10.338638       0.718055       0.879894       1.000000     541.499386       0.000000            0
         5         2.5000       1       1      10.017226       0.330909      10.348134       0.718054       1.782494       1.000000     541.499386       0.000000            0
         6         3.0000       1       1       9.142477       1.235242      10.377719       0.718054       3.637785       1.000000     541.499386       0.000000            0
# Jump frustrated.
         7         3.5000       1       1       8.063767       2.346974      10.410742       0.718053       5.011935       1.000000     541.499386       0.000000            1
# Jump frustrated.
         8         4.0000       1       1       7.231350       3.187988      10.419338       0.718053       5.300541       1.000000     541.499386       0.000000            0
# Jump frustrated.
         9         4.5000       1       1       6.761086       3.639324      10.400410       0.718053       4.516260       1.000000     541.499386       0.000000            0
# Jump frustrated.
        10         5.0000       1       1       6.420355       3.967550      10.387905       0.718054       3.524713       1.000000     541.499386       0.000000            0
        11         5.5000       1       1       6.000796       4.390444      10.391240       0.718055       3.062894       1.000000     541.499386       0.000000            0
# Jump frustrated.
        12         6.0000       1       1       5.494085       4.903647      10.397732       0.718055       3.077760       1.000000     541.499386       0.000000            0
# Jump frustrated.
        13         6.5000       1       1       4.976187       5.426608      10.402795       0.718055       3.278375       1.000000     541.499386       0.000000            0
        14         7.0000       1       1       4.530654       5.877737      10.408391       0.718055       3.450877       1.000000     541.499386       0.000000            1
# Jump frustrated.
        15         7.5000       1       1       4.236190       6.175859      10.412050       0.718056       3.510597       1.000000     541.499386       0.000000            0
# Jump frustrated.
        16         8.0000       1       1       4.134840       6.276964      10.411804       0.718055       3.450254       1.000000     541.499386       0.000000            0
        17         8.5000       1       1       4.214914       6.193506      10.408420       0.718055       3.340103       1.000000     541.499386       0.000000            0
# Jump frustrated.
        18         9.0000       1       1       4.422535       5.980709      10.403245       0.718056       3.264928       1.000000     541.499386       0.000000            0
# Jump frustrated.
        19         9.5000       1       1       4.697311       5.703762      10.401073       0.718056       3.308257       1.000000     541.499386       0.000000            0
# Jump frustrated.
        20        10.0000       1       1       5.007802       5.392145      10.399947       0.718056       3.457281       1.000000     541.499386       0.000000            0
# Jump frustrated.
        21        10.5000       1       1       5.325549       5.064335      10.389883       0.718057       3.620328       1.000000     541.499386       0.000000            1
        22        11.0000       1       1       5.561522       4.819151      10.380673       0.718056       3.928234       1.000000     541.499386       0.000000            0
        23        11.5000       1       1       5.670592       4.719293      10.389885       0.718056       4.744038       1.000000     541.499386       0.000000            0
        24        12.0000       1       1       5.866870       4.551339      10.418209       0.718055       5.723846       1.000000     541.499386       0.000000            0
        25        12.5000       1       1       6.505545       3.905683      10.411228       0.718055       5.606770       1.000000     541.499386       0.000000            0
        26        13.0000       1       1       7.490258       2.875333      10.365590       0.718056       4.094076       1.000000     541.499386       0.000000            0
# Jump frustrated.
        27        13.5000       1       1       8.194987       2.141237      10.336224       0.718056       2.499906       1.000000     541.499386       0.000000            0
        28        14.0000       1       1       8.193205       2.155354      10.348559       0.718056       2.920889       1.000000     541.499386       0.000000            1
# Jump frustrated.
        29        14.5000       1       1       7.664484       2.727932      10.392416       0.718055       4.454591       1.000000     541.499386       0.000000            0
        30        15.0000       1       1       7.170313       3.250270      10.420583       0.718055       5.244097       1.000000     541.499386       0.000000            0
        31        15.5000       1       1       7.097308       3.309230      10.406539       0.718054       4.693772       1.000000     541.499386       0.000000            0
# Jump frustrated.
        32        16.0000       1       1       7.263872       3.114080      10.377952       0.718054       3.591449       1.000000     541.499386       0.000000            0
# Jump frustrated.
        33        16.5000       1       1       7.296543       3.081694      10.378237       0.718054       3.382588       1.000000     541.499386       0.000000            1
        34        17.0000       1       1       7.107375       3.282034      10.389409       0.718055       3.879580       1.000000     541.499386       0.000000            0
        35        17.5000       1       1       6.803446       3.594066      10.397512       0.718055       4.503191       1.000000     541.499386       0.000000            0
# Jump frustrated.
        36        18.0000       1       1       6.506512       3.898002      10.404514       0.718055       4.991663       1.000000     541.499386       0.000000            0
        37        18.5000       1       1       6.310299       4.098965      10.409264       0.718054       5.151708       1.000000     541.499386       0.000000            0
        38        19.0000       1       1       6.269612       4.140486      10.410099       0.718054       5.006574       1.000000     541.499386       0.000000            0
        39        19.5000       1       1       6.383193       4.022773      10.405966       0.718054       4.720544       1.000000     541.499386       0.000000            0
        40        20.0000       1       1       6.596921       3.803126      10.400047       0.718055       4.356156       1.000000     541.499386       0.000000            1
        41        20.5000       1       1       6.824068       3.568738      10.392806       0.718055       3.763953       1.000000     541.499386       0.000000            0
        42        21.0000       1       1       6.987068       3.403691      10.390759       0.718055       3.234646       1.000000     541.499386       0.000000            0
        43        21.5000       1       1       7.031402       3.353035      10.384437       0.718056       2.854042       1.000000     541.499386       0.000000            0
# Jump frustrated.
        44        22.0000       1       1       6.889241       3.489017      10.378258       0.718055       2.928925       1.000000     541.499386       0.000000            0
        45        22.5000       1       1       6.553779       3.838211      10.391991       0.718055       3.875855       1.000000     541.499386       0.000000            0
# Jump frustrated.
        46        23.0000       1       1       6.244515       4.174118      10.418633       0.718055       5.057405       1.000000     541.499386       0.000000            0
# Jump frustrated.
        47        23.5000       1       1       6.299682       4.119726      10.419407       0.718055       5.276744       1.000000     541.499386       0.000000            1
# Jump frustrated.
        48        24.0000       1       1       6.730140       3.660293      10.390433       0.718055       4.409530       1.000000     541.499386       0.000000            0
        49        24.5000       1       1       7.155210       3.209787      10.364997       0.718056       3.263969       1.000000     541.499386       0.000000            0
# Jump frustrated.
        50        25.0000       1       1       7.204113       3.155186      10.359299       0.718056       2.720725       1.000000     541.499386       0.000000            0
# Jump frustrated.
        51        25.5000       1       1       6.769521       3.601540      10.371061       0.718056       3.247139       1.000000     541.499386       0.000000            0
# Jump frustrated.
        52        26.0000       1       1       6.026221       4.373421      10.399642       0.718056       4.358841       1.000000     541.499386       0.000000            0
# Jump frustrated.
        53        26.5000       1       1       5.374502       5.052293      10.426795       0.718055       4.994729       1.000000     541.499386       0.000000            0
        54        27.0000       1       1       5.118022       5.296439      10.414460       0.718055       4.538818       1.000000     541.499386       0.000000            1
        55        27.5000       1       1       5.139439       5.254295      10.393733       0.718054       3.565150       1.000000     541.499386       0.000000            0
        56        28.0000       1       1       5.161171       5.228551      10.389722       0.718054       2.928983       1.000000     541.499386       0.000000            0
# Jump frustrated.
        57        28.5000       1       1       5.075405       5.319483      10.394888       0.718053       2.842640       1.000000     541.499386       0.000000            0
# Jump frustrated.
        58        29.0000       1       1       4.918794       5.482039      10.400833       0.718053       3.063091       1.000000     541.499386       0.000000            0
        59        29.5000       1       1       4.773390       5.634007      10.407397       0.718052       3.336160       1.000000     541.499386       0.000000            0
        60        30.0000       1       1       4.721697       5.689438      10.411135       0.718052       3.571439       1.000000     541.499386       0.000000            1
# Jump frustrated.
        61        30.5000       1       1       4.817635       5.595184      10.412820       0.718053       3.808350       1.000000     541.499386       0.000000            0
# Jump frustrated.
        62        31.0000       1       1       5.091367       5.323220      10.414587       0.718054       4.024291       1.000000     541.499386       0.000000            0
# Jump frustrated.
        63        31.5000       1       1       5.562996       4.851538      10.414534       0.718054       4.140539       1.000000     541.499386       0.000000            0
# Jump frustrated.
        64        32.0000       1       1       6.224895       4.183668      10.408564       0.718053       4.076468       1.000000     541.499386       0.000000            0
# Jump frustrated.
        65        32.5000       1       1       7.013068       3.385422      10.398490       0.718053       3.837066       1.000000     541.499386       0.000000            0
# Jump frustrated.
        66        33.0000       1       1       7.795019       2.589459      10.384477       0.718054       3.408615       1.000000     541.499386       0.000000            0
# Jump frustrated.
        67        33.5000       1       1       8.393063       1.979719      10.372781       0.718053       2.947194       1.000000     541.499386       0.000000            0
        68        34.0000       1       1       8.682381       1.693222      10.375603       0.718053       2.996994       1.000000     541.499386       0.000000            1
        69        34.5000       1       1       8.708056       1.682842      10.390897       0.718052       3.611337       1.000000     541.499386       0.000000            0
        70        35.0000       1       1       8.683648       1.722079      10.405727       0.718053       3.990735       1.000000     541.499386       0.000000            0
# Jump frustrated.
        71        35.5000       1       1       8.779892       1.618899      10.398791       0.718053       3.574583       1.000000     541.499386       0.000000            0
# Jump frustrated.
        72        36.0000       1       1       8.916865       1.467346      10.384211       0.718053       2.728167       1.000000     541.499386       0.000000            0
# Jump frustrated.
        73        36.5000       1       1       8.890020       1.486238      10.376259       0.718053       2.300725       1.000000     541.499386       0.000000            0
        74        37.0000       1       1       8.580767       1.797233      10.377999       0.718053       2.702856       1.000000     541.499386       0.000000            0
        75        37.5000       1       1       8.009346       2.375832      10.385178       0.718053       3.390252       1.000000     541.499386       0.000000            1
# Jump frustrated.
        76        38.0000       1       1       7.301043       3.098925      10.399968       0.718053       3.748395       1.000000     541.499386       0.000000            0
# Jump frustrated.
        77        38.5000       1       1       6.583805       3.818281      10.402086       0.718053       3.885402       1.000000     541.499386       0.000000            0
# Jump frustrated.
        78        39.0000       1       1       5.915068       4.488019      10.403088       0.718054       4.016773       1.000000     541.499386       0.000000            0
        79        39.5000       1       1       5.321509       5.085095      10.406604       0.718054       4.087924       1.000000     541.499386       0.000000            0
        80        40.0000       1       1       4.831724       5.575669      10.407393       0.718054       4.072489       1.000000     541.499386       0.000000            0
# Jump frustrated.
        81        40.5000       1       1       4.468829       5.940226      10.409055       0.718055       4.013333       1.000000     541.499386       0.000000            1
# Jump frustrated.
        82        41.0000       1       1       4.258618       6.152815      10.411433       0.718055       3.933436       1.000000     541.499386       0.000000            0
# Jump frustrated.
        83        41.5000       1       1       4.232905       6.179804      10.412709       0.718056       3.809657       1.000000     541.499386       0.000000            0
# Jump frustrated.
        84        42.0000       1       1       4.405578       6.005207      10.410785       0.718056       3.627399       1.000000     541.499386       0.000000            0
# Jump frustrated.
        85        42.5000       1       1       4.754293       5.653106      10.407399       0.718055       3.401999       1.000000     541.499386       0.000000            0
        86        43.0000       1       1       5.230733       5.172498      10.403231       0.718055       3.150926       1.000000     541.499386       0.000000            0
# Jump frustrated.
        87        43.5000       1       1       5.771114       4.626285      10.397399       0.718055       2.834085       1.000000     541.499386       0.000000            0
# Jump frustrated.
        88        44.0000       1       1       6.295379       4.093775      10.389154       0.718056       2.465212       1.000000     541.499386       0.000000            1
        89        44.5000       1       1       6.693477       3.685621      10.379098       0.718056       2.221220       1.000000     541.499386       0.000000            0
        90        45.0000       1       1       6.835307       3.534275      10.369582       0.718056       2.556728       1.000000     541.499386       0.000000            0
# Jump frustrated.
        91        45.5000       1       1       6.626356       3.741467      10.367823       0.718056       3.743095       1.000000     541.499386       0.000000            0
# Jump frustrated.
        92        46.0000       1       1       6.119490       4.268579      10.388069       0.718057       5.567585       1.000000     541.499386       0.000000            0
# Jump frustrated.
        93        46.5000       1       1       5.702028       4.729258      10.431286       0.718058       7.102942       1.000000     541.499386       0.000000            0
# Jump frustrated.
        94        47.0000       1       1       5.918045       4.517084      10.435129       0.718058       7.261943       1.000000     541.499386       0.000000            0
        95        47.5000       1       1       6.794818       3.592405      10.387223       0.718058       5.712899       1.000000     541.499386       0.000000            0
# Jump frustrated.
        96        48.0000       1       1       7.732467       2.624544      10.357011       0.718058       3.632403       1.000000     541.499386       0.000000            1
# Jump frustrated.
        97        48.5000       1       1       8.234135       2.123798      10.357933       0.718059       2.255157       1.000000     541.499386       0.000000            0
# Jump frustrated.
        98        49.0000       1       1       8.256293       2.120683      10.376977       0.718059       1.922707       1.000000     541.499386       0.000000            0
        99        49.5000       1       1       7.974163       2.412993      10.387156       0.718060       2.132261       1.000000     541.499386       0.000000            0
# Jump frustrated.
       100        50.0000       1       1       7.546546       2.849590      10.396135       0.718060       2.516898       1.000000     541.499386       0.000000            0
       101        50.5000       1       1       7.090611       3.312759      10.403371       0.718061       2.901613       1.000000     541.499386       0.000000            0
       102        51.0000       1       1       6.705873       3.702437      10.408309       0.718060       3.158636       1.000000     541.499386       0.000000            1
# Jump frustrated.
       103        51.5000       1       1       6.455033       3.954471      10.409503       0.718060       3.265716       1.000000     541.499386       0.000000            0
# Jump frustrated.
       104        52.0000       1       1       6.351357       4.055783      10.407140       0.718060       3.199707       1.000000     541.499386       0.000000            0
       105        52.5000       1       1       6.361534       4.041250      10.402784       0.718060       3.052827       1.000000     541.499386       0.000000            0
       106        53.0000       1       1       6.433188       3.966720      10.399908       0.718061       2.938125       1.000000     541.499386       0.000000            0
       107        53.5000       1       1       6.527721       3.871013      10.398735       0.718062       2.883088       1.000000     541.499386       0.000000            0
# Jump frustrated.
       108        54.0000       1       1       6.624200       3.773023      10.397223       0.718062       2.856886       1.000000     541.499386       0.000000            0
# Jump frustrated.
       109        54.5000       1       1       6.706386       3.689357      10.395743       0.718063       2.857834       1.000000     541.499386       0.000000            1
# Jump frustrated.
       110        55.0000       1       1       6.747594       3.643061      10.390655       0.718064       2.921384       1.000000     541.499386       0.000000            0
       111        55.5000       1       1       6.707537       3.680015      10.387552       0.718064       3.187198       1.000000     541.499386       0.000000            0
# Jump frustrated.
       112        56.0000       1       1       6.587460       3.804579      10.392039       0.718065       3.730215       1.000000     541.499386       0.000000            0
       113        56.5000       1       1       6.489035       3.910666      10.399701       0.718065       4.187946       1.000000     541.499386       0.000000            0
       114        57.0000       1       1       6.518278       3.869352      10.387630       0.718063       4.014001       1.000000     541.499386       0.000000            0
       115        57.5000       1       1       6.528150       3.829492      10.357642       0.718063       3.595492       1.000000     541.499386       0.000000            0
       116        58.0000       1       1       6.263775       4.107477      10.371252       0.718065       4.616445       1.000000     541.499386       0.000000            0
       117        58.5000       1       1       5.968641       4.451065      10.419706       0.718065       6.019347       1.000000     541.499386       0.000000            1
# Jump frustrated.
       118        59.0000       1       1       6.190770       4.227888      10.418659       0.718065       6.001877       1.000000     541.499386       0.000000            0
       119        59.5000       1       1       6.872886       3.488394      10.361281       0.718065       4.378915       1.000000     541.499386       0.000000            0
# Jump frustrated.
       120        60.0000       1       1       7.329515       3.013599      10.343114       0.718066       2.722493       1.000000     541.499386       0.000000            0
# Jump frustrated.
       121        60.5000       1       1       7.172798       3.188403      10.361201       0.718067       2.590995       1.000000     541.499386       0.000000            0
# Jump frustrated.
       122        61.0000       1       1       6.559212       3.827416      10.386628       0.718067       3.217171       1.000000     541.499386       0.000000            0
       123        61.5000       1       1       5.822946       4.586217      10.409164       0.718067       3.691010       1.000000     541.499386       0.000000            0
# Jump frustrated.
       124        62.0000       1       1       5.237715       5.174781      10.412496       0.718066       3.687108       1.000000     541.499386       0.000000            1
# Jump frustrated.
       125        62.5000       1       1       4.878542       5.529581      10.408123       0.718066       3.395708       1.000000     541.499386       0.000000            0
       126        63.0000       1       1       4.684914       5.718502      10.403417       0.718066       3.101770       1.000000     541.499386       0.000000            0
       127        63.5000       1       1       4.581328       5.821060      10.402388       0.718067       3.051925       1.000000     541.499386       0.000000            0
# Jump frustrated.
       128        64.0000       1       1       4.539831       5.864865      10.404696       0.718066       3.233108       1.000000     541.499386       0.000000            0
# Jump frustrated.
       129        64.5000       1       1       4.583543       5.824797      10.408340       0.718066       3.509784       1.000000     541.499386       0.000000            0
       130        65.0000       1       1       4.760647       5.650615      10.411262       0.718065       3.784356       1.000000     541.499386       0.000000            1
       131        65.5000       1       1       5.116367       5.296023      10.412390       0.718065       3.961540       1.000000     541.499386       0.000000            0
       132        66.0000       1       1       5.671471       4.739638      10.411109       0.718066       4.015890       1.000000     541.499386       0.000000            0
# Jump frustrated.
       133        66.5000       1       1       6.412218       3.994954      10.407172       0.718065       3.955723       1.000000     541.499386       0.000000            0
# Jump frustrated.
       134        67.0000       1       1       7.275815       3.119893      10.395708       0.718065       3.753773       1.000000     541.499386       0.000000            0
       135        67.5000       1       1       8.090408       2.281786      10.372195       0.718064       3.196408       1.000000     541.499386       0.000000            0
# Jump frustrated.
       136        68.0000       1       1       8.581680       1.771074      10.352755       0.718064       2.841704       1.000000     541.499386       0.000000            1
# Jump frustrated.
       137        68.5000       1       1       8.502781       1.833771      10.336553       0.718065       3.562739       1.000000     541.499386       0.000000            0
       138        69.0000       1       1       7.762475       2.586345      10.348820       0.718066       5.611663       1.000000     541.499386       0.000000            0
# Jump frustrated.
       139        69.5000       1       1       6.772149       3.650950      10.423099       0.718066       7.907676       1.000000     541.499386       0.000000            0
       140        70.0000       1       1       6.465230       3.985819      10.451050       0.718065       8.544122       1.000000     541.499386       0.000000            0
# Jump frustrated.
       141        70.5000       1       1       7.242072       3.157470      10.399542       0.718065       7.276964       1.000000     541.499386       0.000000            0
# Jump frustrated.
       142        71.0000       1       1       8.397750       1.929478      10.327228       0.718066       4.506280       1.000000     541.499386       0.000000            0
# Jump frustrated.
       143        71.5000       1       1       8.962549       1.369979      10.332528       0.718067       2.472116       1.000000     541.499386       0.000000            1
# Jump frustrated.
       144        72.0000       1       1       8.738931       1.625957      10.364889       0.718067       2.387755       1.000000     541.499386       0.000000            0
# Jump frustrated.
       145        72.5000       1       1       8.040545       2.343238      10.383783       0.718067       2.910666       1.000000     541.499386       0.000000            0
# Jump frustrated.
       146        73.0000       1       1       7.175780       3.218299      10.394079       0.718067       3.275547       1.000000     541.499386       0.000000            0
       147        73.5000       1       1       6.343937       4.064087      10.408024       0.718066       3.339714       1.000000     541.499386       0.000000            0
# Jump frustrated.
       148        74.0000       1       1       5.653230       4.758530      10.411760       0.718065       3.214943       1.000000     541.499386       0.000000            0
# Jump frustrated.
       149        74.5000       1       1       5.150305       5.263014      10.413319       0.718066       3.037604       1.000000     541.499386       0.000000            0
# Jump frustrated.
       150        75.0000       1       1       4.840932       5.571102      10.412034       0.718066       2.943296       1.000000     541.499386       0.000000            1
# Jump frustrated.
       151        75.5000       1       1       4.711169       5.700025      10.411194       0.718067       2.909140       1.000000     541.499386       0.000000            0
# Jump frustrated.
       152        76.0000       1       1       4.745533       5.664525      10.410058       0.718067       2.885923       1.000000     541.499386       0.000000            0
# Jump frustrated.
       153        76.5000       1       1       4.921998       5.486191      10.408189       0.718067       2.857608       1.000000     541.499386       0.000000            0
# Jump frustrated.
       154        77.0000       1       1       5.206640       5.198864      10.405504       0.718067       2.831724       1.000000     541.499386       0.000000            0
# Jump frustrated.
       155        77.5000       1       1       5.554061       4.847178      10.401239       0.718068       2.851099       1.000000     541.499386       0.000000            0
# Jump frustrated.
       156        78.0000       1       1       5.899843       4.494870      10.394713       0.718068       2.979678       1.000000     541.499386       0.000000            1
# Jump frustrated.
       157        78.5000       1       1       6.169836       4.222491      10.392326       0.718068       3.307450       1.000000     541.499386       0.000000            0
# Jump frustrated.
       158        79.0000       1       1       6.354821       4.045402      10.400224       0.718068       3.891886       1.000000     541.499386       0.000000            0
# Jump frustrated.
       159        79.5000       1       1       6.565913       3.842571      10.408484       0.718068       4.343466       1.000000     541.499386       0.000000            0
# Jump frustrated.
       160        80.0000       1       1       6.935517       3.470748      10.406265       0.718067       4.176258       1.000000     541.499386       0.000000            0
# Jump frustrated.
       161        80.5000       1       1       7.431848       2.958583      10.390431       0.718067       3.371658       1.000000     541.499386       0.000000            0
# Jump frustrated.
       162        81.0000       1       1       7.838353       2.533820      10.372173       0.718066       2.442914       1.000000     541.499386       0.000000            1
       163        81.5000       1       1       7.876457       2.475068      10.351525       0.718066       2.047771       1.000000     541.499386       0.000000            0
# Jump frustrated.
       164        82.0000       1       1       7.349332       3.004879      10.354211       0.718066       3.139745       1.000000     541.499386       0.000000            0
# Jump frustrated.
       165        82.5000       1       1       6.363021       4.031493      10.394514       0.718067       5.356178       1.000000     541.499386       0.000000            0
# Jump frustrated.
       166        83.0000       1       1       5.546295       4.895758      10.442054       0.718067       6.805095       1.000000     541.499386       0.000000            0
       167        83.5000       1       1       5.509982       4.914650      10.424633       0.718067       6.439136       1.000000     541.499386       0.000000            0
       168        84.0000       1       1       6.024242       4.348923      10.373165       0.718069       4.968724       1.000000     541.499386       0.000000            0
# Jump frustrated.
       169        84.5000       1       1       6.462510       3.913988      10.376498       0.718070       4.132697       1.000000     541.499386       0.000000            1
       170        85.0000       1       1       6.625798       3.761397      10.387195       0.718071       3.944282       1.000000     541.499386       0.000000            0
# Jump frustrated.
       171        85.5000       1       1       6.608510       3.787970      10.396481       0.718071       3.859451       1.000000     541.499386       0.000000            0
       172        86.0000       1       1       6.532252       3.874127      10.406380       0.718071       3.741597       1.000000     541.499386       0.000000            0
# Jump frustrated.
       173        86.5000       1       1       6.476795       3.925198      10.401994       0.718071       3.491364       1.000000     541.499386       0.000000            0
# Jump frustrated.
       174        87.0000       1       1       6.430756       3.970041      10.400797       0.718071       3.216712       1.000000     541.499386       0.000000            0
# Jump frustrated.
       175        87.5000       1       1       6.372289       4.029624      10.401914       0.718070       2.962183       1.000000     541.499386       0.000000            1
# Jump frustrated.
       176        88.0000       1       1       6.305992       4.095851      10.401843       0.718069       2.756753       1.000000     541.499386       0.000000            0
# Jump frustrated.
       177        88.5000       1       1       6.229151       4.172873      10.402023       0.718069       2.667397       1.000000     541.499386       0.000000            0
# Jump frustrated.
       178        89.0000       1       1       6.144974       4.258614      10.403588       0.718070       2.733919       1.000000     541.499386       0.000000            0
# Jump frustrated.
       179        89.5000       1       1       6.072142       4.333145      10.405287       0.718070       2.869239       1.000000     541.499386       0.000000            0
       180        90.0000       1       1       6.037884       4.369476      10.407360       0.718070       2.959719       1.000000     541.499386       0.000000            1
# Jump frustrated.
       181        90.5000       1       1       6.069356       4.338750      10.408107       0.718069       2.991445       1.000000     541.499386       0.000000            0
# Jump frustrated.
       182        91.0000       1       1       6.176581       4.230795      10.407376       0.718069       3.115765       1.000000     541.499386       0.000000            0
       183        91.5000       1       1       6.363234       4.044780      10.408013       0.718069       3.338520       1.000000     541.499386       0.000000            0
# Jump frustrated.
       184        92.0000       1       1       6.640322       3.767002      10.407324       0.718068       3.459801       1.000000     541.499386       0.000000            0
       185        92.5000       1       1       6.998333       3.405352      10.403685       0.718068       3.381166       1.000000     541.499386       0.000000            0
# Jump frustrated.
       186        93.0000       1       1       7.376883       3.017336      10.394218       0.718069       3.130138       1.000000     541.499386       0.000000            0
       187        93.5000       1       1       7.660446       2.725026      10.385472       0.718069       2.792849       1.000000     541.499386       0.000000            0
# Jump frustrated.
       188        94.0000       1       1       7.735865       2.649042      10.384907       0.718070       2.717821       1.000000     541.499386       0.000000            1
       189        94.5000       1       1       7.605649       2.792290      10.397939       0.718070       3.038420       1.000000     541.499386       0.000000            0
# Jump frustrated.
       190        95.0000       1       1       7.421680       2.988063      10.409743       0.718070       3.235178       1.000000     541.499386       0.000000            0
# Jump frustrated.
       191        95.5000       1       1       7.311494       3.090828      10.402322       0.718069       2.883331       1.000000     541.499386       0.000000            0
       192        96.0000       1       1       7.208312       3.180929      10.389242       0.718069       2.326666       1.000000     541.499386       0.000000            0
# Jump frustrated.
       193        96.5000       1       1       6.972323       3.416978      10.389300       0.718068       2.171060       1.000000     541.499386       0.000000            0
# Jump frustrated.
       194        97.0000       1       1       6.577131       3.819734      10.396865       0.718068       2.445499       1.000000     541.499386       0.000000            1
# Jump frustrated.
       195        97.5000       1       1       6.094072       4.307609      10.401681       0.718068       2.831287       1.000000     541.499386       0.000000            0
       196        98.0000       1       1       5.614595       4.793824      10.408418       0.718068       3.142352       1.000000     541.499386       0.000000            0
# Jump frustrated.
       197        98.5000       1       1       5.227336       5.185784      10.413120       0.718067       3.280254       1.000000     541.499386       0.000000            0
       198        99.0000       1       1       4.991320       5.422248      10.413568       0.718067       3.180602       1.000000     541.499386       0.000000            0
       199        99.5000       1       1       4.907838       5.503007      10.410845       0.718067       2.998581       1.000000     541.499386       0.000000            0
# Jump frustrated.
       200       100.0000       1       1       4.937547       5.470205      10.407752       0.718066       2.863551       1.000000     541.499386       0.000000            0
# Jump frustrated.
       201       100.5000       1       1       5.039148       5.367440      10.406588       0.718065       2.858116       1.000000     541.499386       0.000000            1
       202       101.0000       1       1       5.196145       5.211320      10.407465       0.718065       2.951128       1.000000     541.499386       0.000000            0
# Jump frustrated.
       203       101.5000       1       1       5.416651       4.991050      10.407701       0.718065       3.026780       1.000000     541.499386       0.000000            0
# Jump frustrated.
       204       102.0000       1       1       5.705198       4.700816      10.406014       0.718065       2.958937       1.000000     541.499386       0.000000            0
       205       102.5000       1       1       6.039783       4.364078      10.403861       0.718065       2.794615       1.000000     541.499386       0.000000            0
# Jump frustrated.
       206       103.0000       1       1       6.386182       4.015922      10.402104       0.718066       2.642532       1.000000     541.499386       0.000000            0
# Jump frustrated.
       207       103.5000       1       1       6.717819       3.684167      10.401986       0.718067       2.570038       1.000000     541.499386       0.000000            0
       208       104.0000       1       1       7.028092       3.374834      10.402926       0.718067       2.593588       1.000000     541.499386       0.000000            1
# Jump frustrated.
       209       104.5000       1       1       7.326465       3.076088      10.402553       0.718066       2.647991       1.000000     541.499386       0.000000            0
       210       105.0000       1       1       7.615282       2.786062      10.401344       0.718066       2.643117       1.000000     541.499386       0.000000            0
# Jump frustrated.
       211       105.5000       1       1       7.877661       2.520741      10.398402       0.718066       2.572309       1.000000     541.499386       0.000000            0
# Jump frustrated.
       212       106.0000       1       1       8.077257       2.317494      10.394752       0.718066       2.422672       1.000000     541.499386       0.000000            0
# Jump frustrated.
       213       106.5000       1       1       8.163115       2.228431      10.391547       0.718066       2.310242       1.000000     541.499386       0.000000            0
# Jump frustrated.
       214       107.0000       1       1       8.091728       2.299225      10.390953       0.718066       2.365156       1.000000     541.499386       0.000000            0
# Jump frustrated.
       215       107.5000       1       1       7.850877       2.542332      10.393209       0.718066       2.639843       1.000000     541.499386       0.000000            1
       216       108.0000       1       1       7.479790       2.921421      10.401211       0.718065       3.024780       1.000000     541.499386       0.000000            0
       217       108.5000       1       1       7.060153       3.344316      10.404468       0.718064       3.383021       1.000000     541.499386       0.000000            0
# Jump frustrated.
       218       109.0000       1       1       6.651758       3.754546      10.406304       0.718063       3.683336       1.000000     541.499386       0.000000            0
       219       109.5000       1       1       6.334703       4.081526      10.416229       0.718061       3.730842       1.000000     541.499386       0.000000            0
# Jump frustrated.
       220       110.0000       1       1       6.187958       4.224152      10.412110       0.718061       3.497634       1.000000     541.499386       0.000000            0
       221       110.5000       1       1       6.175635       4.227058      10.402693       0.718061       3.148472       1.000000     541.499386       0.000000            0
       222       111.0000       1       1       6.185463       4.210450      10.395913       0.718061       2.895827       1.000000     541.499386       0.000000            1
# Jump frustrated.
       223       111.5000       1       1       6.129831       4.265673      10.395504       0.718061       2.913657       1.000000     541.499386       0.000000            0
       224       112.0000       1       1       6.001424       4.398541      10.399965       0.718060       3.149056       1.000000     541.499386       0.000000            0
# Jump frustrated.
       225       112.5000       1       1       5.858373       4.546772      10.405144       0.718060       3.404350       1.000000     541.499386       0.000000            0
       226       113.0000       1       1       5.773379       4.634382      10.407761       0.718060       3.523918       1.000000     541.499386       0.000000            0
# Jump frustrated.
       227       113.5000       1       1       5.782482       4.623586      10.406068       0.718060       3.452122       1.000000     541.499386       0.000000            0
       228       114.0000       1       1       5.867240       4.535561      10.402801       0.718060       3.231458       1.000000     541.499386       0.000000            0
# Jump frustrated.
       229       114.5000       1       1       5.982702       4.418056      10.400758       0.718059       2.969095       1.000000     541.499386       0.000000            0
# Jump frustrated.
       230       115.0000       1       1       6.094431       4.305741      10.400172       0.718060       2.775507       1.000000     541.499386       0.000000            1
       231       115.5000       1       1       6.166106       4.228304      10.394410       0.718060       2.728352       1.000000     541.499386       0.000000            0
# Jump frustrated.
       232       116.0000       1       1       6.165923       4.231833      10.397756       0.718060       2.900572       1.000000     541.499386       0.000000            0
       233       116.5000       1       1       6.109321       4.290793      10.400114       0.718061       3.227733       1.000000     541.499386       0.000000            0
# Jump frustrated.
       234       117.0000       1       1       6.037102       4.365947      10.403049       0.718062       3.589098       1.000000     541.499386       0.000000            0
# Jump frustrated.
       235       117.5000       1       1       5.985012       4.419302      10.404314       0.718062       3.906747       1.000000     541.499386       0.000000            0
       236       118.0000       1       1       5.975302       4.429474      10.404776       0.718062       4.163920       1.000000     541.499386       0.000000            0
# Jump frustrated.
       237       118.5000       1       1       6.028702       4.378403      10.407105       0.718063       4.351951       1.000000     541.499386       0.000000            0
# Jump frustrated.
       238       119.0000       1       1       6.182967       4.226850      10.409817       0.718063       4.411288       1.000000     541.499386       0.000000            1
       239       119.5000       1       1       6.472397       3.937239      10.409637       0.718063       4.277485       1.000000     541.499386       0.000000            0
# Jump frustrated.
       240       120.0000       1       1       6.891771       3.513930      10.405701       0.718062       3.963903       1.000000     541.499386       0.000000            0
# Jump frustrated.
       241       120.5000       1       1       7.385836       3.015052      10.400888       0.718062       3.510334       1.000000     541.499386       0.000000            0
       242       121.0000       1       1       7.869335       2.524893      10.394228       0.718061       2.999688       1.000000     541.499386       0.000000            0
       243       121.5000       1       1       8.258769       2.131894      10.390663       0.718061       2.527379       1.000000     541.499386       0.000000            0
# Jump frustrated.
       244       122.0000       1       1       8.494529       1.894600      10.389129       0.718060       2.178474       1.000000     541.499386       0.000000            0
# Jump frustrated.
       245       122.5000       1       1       8.553040       1.836886      10.389925       0.718060       2.042603       1.000000     541.499386       0.000000            0
# Jump frustrated.
       246       123.0000       1       1       8.448013       1.945671      10.393684       0.718060       2.112499       1.000000     541.499386       0.000000            1
# Jump frustrated.
       247       123.5000       1       1       8.223730       2.173623      10.397353       0.718060       2.272680       1.000000     541.499386       0.000000            0
       248       124.0000       1       1       7.930009       2.469047      10.399056       0.718060       2.425867       1.000000     541.499386       0.000000            0
# Jump frustrated.
       249       124.5000       1       1       7.599093       2.800802      10.399895       0.718060       2.539889       1.000000     541.499386       0.000000            0
# Jump frustrated.
       250       125.0000       1       1       7.245641       3.154563      10.400204       0.718060       2.652004       1.000000     541.499386       0.000000            0
# Jump frustrated.
       251       125.5000       1       1       6.878852       3.522027      10.400878       0.718060       2.771508       1.000000     541.499386       0.000000            0
# Jump frustrated.
       252       126.0000       1       1       6.509454       3.891981      10.401435       0.718060       2.920767       1.000000     541.499386       0.000000            0
# Jump frustrated.
       253       126.5000       1       1       6.153912       4.249480      10.403391       0.718060       3.076942       1.000000     541.499386       0.000000            1
# Jump frustrated.
       254       127.0000       1       1       5.834618       4.570231      10.404850       0.718060       3.210444       1.000000     541.499386       0.000000            0
       255       127.5000       1       1       5.569542       4.835760      10.405302       0.718059       3.327541       1.000000     541.499386       0.000000            0
       256       128.0000       1       1       5.364944       5.039837      10.404782       0.718059       3.380149       1.000000     541.499386       0.000000            0
# Jump frustrated.
       257       128.5000       1       1       5.212799       5.191182      10.403981       0.718058       3.375742       1.000000     541.499386       0.000000            0
# Jump frustrated.
       258       129.0000       1       1       5.099375       5.303705      10.403080       0.718059       3.371655       1.000000     541.499386       0.000000            0
# Jump frustrated.
       259       129.5000       1       1       5.012535       5.390484      10.403020       0.718060       3.384195       1.000000     541.499386       0.000000            0
# Jump frustrated.
       260       130.0000       1       1       4.947531       5.455880      10.403411       0.718061       3.424056       1.000000     541.499386       0.000000            1
       261       130.5000       1       1       4.912543       5.491796      10.404340       0.718060       3.487855       1.000000     541.499386       0.000000            0
       262       131.0000       1       1       4.923391       5.481416      10.404807       0.718059       3.531972       1.000000     541.499386       0.000000            0
# Jump frustrated.
       263       131.5000       1       1       4.994228       5.410622      10.404850       0.718059       3.518131       1.000000     541.499386       0.000000            0
# Jump frustrated.
       264       132.0000       1       1       5.122281       5.279830      10.402111       0.718059       3.419006       1.000000     541.499386       0.000000            0
# Jump frustrated.
       265       132.5000       1       1       5.266907       5.130146      10.397053       0.718058       3.296683       1.000000     541.499386       0.000000            1
       266       133.0000       1       1       5.362060       5.032363      10.394423       0.718058       3.363346       1.000000     541.499386       0.000000            0
# Jump frustrated.
       267       133.5000       1       1       5.383491       5.015755      10.399246       0.718058       3.695676       1.000000     541.499386       0.000000            0
       268       134.0000       1       1       5.403404       5.004129      10.407533       0.718058       4.033006       1.000000     541.499386       0.000000            0
       269       134.5000       1       1       5.531954       4.877696      10.409650       0.718059       4.067600       1.000000     541.499386       0.000000            0
# Jump frustrated.
       270       135.0000       1       1       5.797450       4.605940      10.403390       0.718059       3.738059       1.000000     541.499386       0.000000            0
# Jump frustrated.
       271       135.5000       1       1       6.123132       4.274185      10.397316       0.718059       3.239504       1.000000     541.499386       0.000000            0
# Jump frustrated.
       272       136.0000       1       1       6.420026       3.975647      10.395673       0.718059       2.784046       1.000000     541.499386       0.000000            0
# Jump frustrated.
       273       136.5000       1       1       6.645381       3.749356      10.394737       0.718060       2.467430       1.000000     541.499386       0.000000            0
       274       137.0000       1       1       6.784295       3.610675      10.394970       0.718060       2.357520       1.000000     541.499386       0.000000            1
       275       137.5000       1       1       6.840271       3.556282      10.396553       0.718060       2.560312       1.000000     541.499386       0.000000            0
       276       138.0000       1       1       6.830241       3.567285      10.397526       0.718060       3.068222       1.000000     541.499386       0.000000            0
# Jump frustrated.
       277       138.5000       1       1       6.772817       3.625830      10.398647       0.718061       3.779482       1.000000     541.499386       0.000000            0
# Jump frustrated.
       278       139.0000       1       1       6.691470       3.709288      10.400758       0.718061       4.582924       1.000000     541.499386       0.000000            0
# Jump frustrated.
       279       139.5000       1       1       6.622160       3.781535      10.403694       0.718062       5.357135       1.000000     541.499386       0.000000            0
# Jump frustrated.
       280       140.0000       1       1       6.607043       3.798974      10.406016       0.718063       5.980779       1.000000     541.499386       0.000000            0
# Jump frustrated.
       281       140.5000       1       1       6.678223       3.728180      10.406403       0.718062       6.330945       1.000000     541.499386       0.000000            1
# Jump frustrated.
       282       141.0000       1       1       6.840219       3.563756      10.403975       0.718061       6.327157       1.000000     541.499386       0.000000            0
       283       141.5000       1       1       7.060850       3.338295      10.399145       0.718061       5.962842       1.000000     541.499386       0.000000            0
# Jump frustrated.
       284       142.0000       1       1       7.267679       3.124253      10.391931       0.718061       5.241049       1.000000     541.499386       0.000000            0
       285       142.5000       1       1       7.375117       3.014429      10.389546       0.718062       4.360396       1.000000     541.499386       0.000000            0
# Jump frustrated.
       286       143.0000       1       1       7.339258       3.052629      10.391887       0.718062       3.540934       1.000000     541.499386       0.000000            0
# Jump frustrated.
       287       143.5000       1       1       7.185797       3.210825      10.396622       0.718063       2.987906       1.000000     541.499386       0.000000            0
# Jump frustrated.
       288       144.0000       1       1       6.990124       3.411995      10.402119       0.718063       2.736129       1.000000     541.499386       0.000000            1
       289       144.5000       1       1       6.824627       3.578496      10.403123       0.718063       2.571460       1.000000     541.499386       0.000000            0
       290       145.0000       1       1       6.704996       3.695378      10.400374       0.718063       2.394046       1.000000     541.499386       0.000000            0
# Jump frustrated.
       291       145.5000       1       1       6.594715       3.804579      10.399294       0.718063       2.343580       1.000000     541.499386       0.000000            0
# Jump frustrated.
       292       146.0000       1       1       6.468006       3.932880      10.400885       0.718063       2.501409       1.000000     541.499386       0.000000            0
       293       146.5000       1       1       6.335883       4.067409      10.403292       0.718063       2.761250       1.000000     541.499386       0.000000            0
# Jump frustrated.
       294       147.0000       1       1       6.221590       4.182215      10.403805       0.718062       2.982857       1.000000     541.499386       0.000000            1
# Jump frustrated.
       295       147.5000       1       1       6.131516       4.270863      10.402379       0.718061       3.084399       1.000000     541.499386       0.000000            0
# Jump frustrated.
       296       148.0000       1       1       6.047728       4.353075      10.400803       0.718061       3.119746       1.000000     541.499386       0.000000            0
# Jump frustrated.
       297       148.5000       1       1       5.950248       4.451273      10.401521       0.718061       3.170426       1.000000     541.499386       0.000000            0
# Jump frustrated.
       298       149.0000       1       1       5.839462       4.562758      10.402220       0.718062       3.236584       1.000000     541.499386       0.000000            0
# Jump frustrated.
       299       149.5000       1       1       5.724364       4.679017      10.403381       0.718063       3.284559       1.000000     541.499386       0.000000            0
       300       150.0000       1       1       5.622540       4.783443      10.405983       0.718063       3.309779       1.000000     541.499386       0.000000            0
# Jump frustrated.
       301       150.5000       1       1       5.560380       4.846556      10.406935       0.718063       3.312109       1.000000     541.499386       0.000000            1
       302       151.0000       1       1       5.552454       4.854860      10.407313       0.718063       3.315621       1.000000     541.499386       0.000000            0
# Jump frustrated.
       303       151.5000       1       1       5.604180       4.803373      10.407554       0.718063       3.318870       1.000000     541.499386       0.000000            0
# Jump frustrated.
       304       152.0000       1       1       5.713980       4.692512      10.406492       0.718063       3.309864       1.000000     541.499386       0.000000            0
       305       152.5000       1       1       5.868086       4.536184      10.404270       0.718062       3.300529       1.000000     541.499386       0.000000            0
       306       153.0000       1       1       6.041743       4.361172      10.402914       0.718061       3.274352       1.000000     541.499386       0.000000            0
       307       153.5000       1       1       6.208900       4.193011      10.401910       0.718061       3.288771       1.000000     541.499386       0.000000            1
# Jump frustrated.
       308       154.0000       1       1       6.350669       4.049970      10.400638       0.718062       3.346514       1.000000     541.499386       0.000000            0
# Jump frustrated.
       309       154.5000       1       1       6.446970       3.951149      10.398119       0.718063       3.429356       1.000000     541.499386       0.000000            0
# Jump frustrated.
       310       155.0000       1       1       6.473524       3.924160      10.397684       0.718063       3.500787       1.000000     541.499386       0.000000            0
# Jump frustrated.
       311       155.5000       1       1       6.432536       3.969834      10.402369       0.718064       3.608213       1.000000     541.499386       0.000000            0
# Jump frustrated.
       312       156.0000       1       1       6.379805       4.029209      10.409014       0.718063       3.723786       1.000000     541.499386       0.000000            0
# Jump frustrated.
       313       156.5000       1       1       6.401136       4.013223      10.414359       0.718063       3.770179       1.000000     541.499386       0.000000            0
# Jump frustrated.
       314       157.0000       1       1       6.566289       3.849214      10.415504       0.718063       3.695018       1.000000     541.499386       0.000000            1
# Jump frustrated.
       315       157.5000       1       1       6.886841       3.523688      10.410528       0.718062       3.445452       1.000000     541.499386       0.000000            0
# Jump frustrated.
       316       158.0000       1       1       7.297392       3.104323      10.401715       0.718062       3.012513       1.000000     541.499386       0.000000            0
       317       158.5000       1       1       7.682330       2.711947      10.394277       0.718064       2.436023       1.000000     541.499386       0.000000            0
# Jump frustrated.
       318       159.0000       1       1       7.941770       2.449740      10.391510       0.718065       1.926446       1.000000     541.499386       0.000000            0
# Jump frustrated.
       319       159.5000       1       1       8.028642       2.361922      10.390564       0.718065       1.630752       1.000000     541.499386       0.000000            0
# Jump frustrated.
       320       160.0000       1       1       7.928494       2.461158      10.389652       0.718065       1.758195       1.000000     541.499386       0.000000            1
       321       160.5000       1       1       7.644007       2.747240      10.391246       0.718065       2.350279       1.000000     541.499386       0.000000            0
# Jump frustrated.
       322       161.0000       1       1       7.205296       3.190479      10.395775       0.718066       3.204484       1.000000     541.499386       0.000000            0
# Jump frustrated.
       323       161.5000       1       1       6.677303       3.723197      10.400501       0.718066       4.166164       1.000000     541.499386       0.000000            0
# Jump frustrated.
       324       162.0000       1       1       6.153020       4.252801      10.405821       0.718067       5.037122       1.000000     541.499386       0.000000            0
# Jump frustrated.
       325       162.5000       1       1       5.717072       4.691889      10.408961       0.718067       5.876892       1.000000     541.499386       0.000000            0
       326       163.0000       1       1       5.427741       4.983368      10.411109       0.718065       6.646300       1.000000     541.499386       0.000000            0
# Jump frustrated.
       327       163.5000       1       1       5.324695       5.086964      10.411659       0.718066       7.193457       1.000000     541.499386       0.000000            0
# Jump frustrated.
       328       164.0000       1       1       5.419486       4.989804      10.409290       0.718069       7.324945       1.000000     541.499386       0.000000            1
# Jump frustrated.
       329       164.5000       1       1       5.669017       4.732580      10.401596       0.718071       6.928739       1.000000     541.499386       0.000000            0
# Jump frustrated.
       330       165.0000       1       1       5.989333       4.409336      10.398669       0.718072       6.137237       1.000000     541.499386       0.000000            0
# Jump frustrated.
       331       165.5000       1       1       6.305627       4.088169      10.393796       0.718072       5.199471       1.000000     541.499386       0.000000            0
# Jump frustrated.
       332       166.0000       1       1       6.549185       3.839872      10.389057       0.718071       4.195213       1.000000     541.499386       0.000000            0
       333       166.5000       1       1       6.662824       3.724028      10.386851       0.718068       3.282262       1.000000     541.499386       0.000000            1
# Jump frustrated.
       334       167.0000       1       1       6.629631       3.758283      10.387914       0.718067       2.886406       1.000000     541.499386       0.000000            0
# Jump frustrated.
       335       167.5000       1       1       6.511218       3.887206      10.398424       0.718068       3.402546       1.000000     541.499386       0.000000            0
# Jump frustrated.
       336       168.0000       1       1       6.496773       3.914195      10.410968       0.718070       4.225970       1.000000     541.499386       0.000000            0
# Jump frustrated.
       337       168.5000       1       1       6.791267       3.621678      10.412945       0.718070       4.551689       1.000000     541.499386       0.000000            0
# Jump frustrated.
       338       169.0000       1       1       7.376054       3.014429      10.390483       0.718069       4.010368       1.000000     541.499386       0.000000            0
# Jump frustrated.
       339       169.5000       1       1       7.954459       2.418806      10.373265       0.718068       3.083900       1.000000     541.499386       0.000000            1
       340       170.0000       1       1       8.235117       2.134801      10.369918       0.718068       2.488899       1.000000     541.499386       0.000000            0
# Jump frustrated.
       341       170.5000       1       1       8.138711       2.239850      10.378561       0.718069       2.357372       1.000000     541.499386       0.000000            0
# Jump frustrated.
       342       171.0000       1       1       7.746657       2.645097      10.391754       0.718070       2.433095       1.000000     541.499386       0.000000            0
# Jump frustrated.
       343       171.5000       1       1       7.196618       3.200237      10.396855       0.718070       2.546626       1.000000     541.499386       0.000000            0
       344       172.0000       1       1       6.589517       3.812883      10.402400       0.718068       2.687696       1.000000     541.499386       0.000000            0
# Jump frustrated.
       345       172.5000       1       1       6.000764       4.406638      10.407401       0.718068       2.806480       1.000000     541.499386       0.000000            1
       346       173.0000       1       1       5.498505       4.911536      10.410041       0.718069       2.866430       1.000000     541.499386       0.000000            0
# Jump frustrated.
       347       173.5000       1       1       5.118683       5.291664      10.410347       0.718070       2.908881       1.000000     541.499386       0.000000            0
# Jump frustrated.
       348       174.0000       1       1       4.867654       5.542452      10.410106       0.718070       2.934462       1.000000     541.499386       0.000000            0
       349       174.5000       1       1       4.737476       5.671376      10.408852       0.718071       2.927854       1.000000     541.499386       0.000000            0
       350       175.0000       1       1       4.710072       5.697327      10.407398       0.718072       2.931950       1.000000     541.499386       0.000000            0
# Jump frustrated.
       351       175.5000       1       1       4.761793       5.644179      10.405973       0.718071       2.987864       1.000000     541.499386       0.000000            1
       352       176.0000       1       1       4.869285       5.535186      10.404471       0.718070       3.141794       1.000000     541.499386       0.000000            0
       353       176.5000       1       1       5.017021       5.386955      10.403976       0.718071       3.414947       1.000000     541.499386       0.000000            0
# Jump frustrated.
       354       177.0000       1       1       5.213187       5.193466      10.406653       0.718070       3.792420       1.000000     541.499386       0.000000            0
       355       177.5000       1       1       5.498414       4.910914      10.409328       0.718070       4.152388       1.000000     541.499386       0.000000            0
       356       178.0000       1       1       5.914954       4.493417      10.408371       0.718070       4.308026       1.000000     541.499386       0.000000            0
# Jump frustrated.
       357       178.5000       1       1       6.448580       3.952395      10.400975       0.718070       4.136975       1.000000     541.499386       0.000000            0
# Jump frustrated.
       358       179.0000       1       1       6.997567       3.392065      10.389632       0.718070       3.695478       1.000000     541.499386       0.000000            1
       359       179.5000       1       1       7.398290       2.979551      10.377841       0.718070       3.195651       1.000000     541.499386       0.000000            0
# Jump frustrated.
       360       180.0000       1       1       7.507840       2.869520      10.377360       0.718070       3.036810       1.000000     541.499386       0.000000            0
       361       180.5000       1       1       7.312682       3.072144      10.384825       0.718070       3.534815       1.000000     541.499386       0.000000            0
# Jump frustrated.
       362       181.0000       1       1       6.964550       3.438569      10.403119       0.718072       4.297861       1.000000     541.499386       0.000000            0
       363       181.5000       1       1       6.744446       3.669012      10.413458       0.718072       4.427097       1.000000     541.499386       0.000000            0
       364       182.0000       1       1       6.763058       3.630605      10.393663       0.718071       3.577920       1.000000     541.499386       0.000000            0
# Jump frustrated.
       365       182.5000       1       1       6.820869       3.567492      10.388362       0.718071       2.749951       1.000000     541.499386       0.000000            1
       366       183.0000       1       1       6.755158       3.638079      10.393237       0.718071       2.571124       1.000000     541.499386       0.000000            0
       367       183.5000       1       1       6.583047       3.823264      10.406311       0.718071       2.690005       1.000000     541.499386       0.000000            0
       368       184.0000       1       1       6.386068       4.022358      10.408426       0.718070       2.791610       1.000000     541.499386       0.000000            0
# Jump frustrated.
       369       184.5000       1       1       6.215813       4.194671      10.410484       0.718069       2.948764       1.000000     541.499386       0.000000            0
# Jump frustrated.
       370       185.0000       1       1       6.083645       4.326086      10.409731       0.718068       3.205631       1.000000     541.499386       0.000000            0
       371       185.5000       1       1       5.979622       4.427813      10.407435       0.718068       3.617720       1.000000     541.499386       0.000000            1
# Jump frustrated.
       372       186.0000       1       1       5.882162       4.524143      10.406305       0.718069       4.112906       1.000000     541.499386       0.000000            0
       373       186.5000       1       1       5.770998       4.634382      10.405380       0.718071       4.667938       1.000000     541.499386       0.000000            0
# Jump frustrated.
       374       187.0000       1       1       5.644738       4.762267      10.407006       0.718072       5.179904       1.000000     541.499386       0.000000            0
# Jump frustrated.
       375       187.5000       1       1       5.534208       4.877904      10.412112       0.718072       5.563419       1.000000     541.499386       0.000000            0
       376       188.0000       1       1       5.507210       4.910706      10.417915       0.718073       5.783298       1.000000     541.499386       0.000000            0
# Jump frustrated.
       377       188.5000       1       1       5.635404       4.784066      10.419470       0.718075       5.823116       1.000000     541.499386       0.000000            1
# Jump frustrated.
       378       189.0000       1       1       5.938422       4.477639      10.416061       0.718075       5.711820       1.000000     541.499386       0.000000            0
# Jump frustrated.
       379       189.5000       1       1       6.370295       4.040212      10.410508       0.718073       5.438390       1.000000     541.499386       0.000000            0
       380       190.0000       1       1       6.854630       3.552130      10.406759       0.718071       5.057148       1.000000     541.499386       0.000000            0
       381       190.5000       1       1       7.327026       3.076296      10.403321       0.718070       4.616988       1.000000     541.499386       0.000000            0
# Jump frustrated.
       382       191.0000       1       1       7.735305       2.663574      10.398880       0.718070       4.011069       1.000000     541.499386       0.000000            0
# Jump frustrated.
       383       191.5000       1       1       8.033096       2.363791      10.396887       0.718069       3.365975       1.000000     541.499386       0.000000            0
       384       192.0000       1       1       8.191394       2.204972      10.396365       0.718069       2.799418       1.000000     541.499386       0.000000            0
# Jump frustrated.
       385       192.5000       1       1       8.196609       2.199782      10.396390       0.718069       2.398822       1.000000     541.499386       0.000000            1
# Jump frustrated.
       386       193.0000       1       1       8.051100       2.347390      10.398490       0.718070       2.311904       1.000000     541.499386       0.000000            0
# Jump frustrated.
       387       193.5000       1       1       7.787231       2.616863      10.404094       0.718070       2.601374       1.000000     541.499386       0.000000            0
# Jump frustrated.
       388       194.0000       1       1       7.473001       2.936784      10.409785       0.718070       3.070465       1.000000     541.499386       0.000000            0
# Jump frustrated.
       389       194.5000       1       1       7.185808       3.226810      10.412618       0.718071       3.423913       1.000000     541.499386       0.000000            0
# Jump frustrated.
       390       195.0000       1       1       6.961725       3.448534      10.410259       0.718073       3.539948       1.000000     541.499386       0.000000            1
       391       195.5000       1       1       6.774980       3.631850      10.406830       0.718075       3.555748       1.000000     541.499386       0.000000            0
# Jump frustrated.
       392       196.0000       1       1       6.583076       3.823264      10.406340       0.718075       3.609720       1.000000     541.499386       0.000000            0
       393       196.5000       1       1       6.374108       4.033776      10.407885       0.718075       3.724845       1.000000     541.499386       0.000000            0
       394       197.0000       1       1       6.164615       4.244497      10.409112       0.718074       3.832465       1.000000     541.499386       0.000000            0
       395       197.5000       1       1       5.970420       4.438401      10.408822       0.718074       3.884525       1.000000     541.499386       0.000000            0
# Jump frustrated.
       396       198.0000       1       1       5.793265       4.615074      10.408339       0.718075       3.875277       1.000000     541.499386       0.000000            0
# Jump frustrated.
       397       198.5000       1       1       5.632484       4.776177      10.408661       0.718074       3.771414       1.000000     541.499386       0.000000            1
# Jump frustrated.
       398       199.0000       1       1       5.488544       4.920256      10.408800       0.718072       3.644407       1.000000     541.499386       0.000000            0
# Jump frustrated.
       399       199.5000       1       1       5.365796       5.044197      10.409993       0.718074       3.545275       1.000000     541.499386       0.000000            0
# Jump frustrated.
       400       200.0000       1       1       5.278272       5.133052      10.411325       0.718076       3.483894       1.000000     541.499386       0.000000            0
