#===============================================================================================================================================================================
#     Step |         Time |         State |                                     Energy |      Angular |     Gradient |      Density |           Expectation Value |    Runtime |
#          |              |  diag |   MCH |          kin |          pot |          tot |     Momentum |          RMS |        Total |           DM |            S |            |
#          |         [fs] |       |       |         [eV] |         [eV] |         [eV] |       [hbar] |     [eV/Ang] |              |      [Debye] |              |      [sec] |
#===============================================================================================================================================================================
         0         0.0000       2       2       0.097669       9.923362      10.021031       0.000085       2.035175       1.000000     541.499386       0.000000            4
# Jump frustrated.
         1         0.5000       2       2       0.083385       9.938310      10.021695       0.000085       2.039288       1.000000     541.499386       0.000000            2
         2         1.0000       2       2       0.088892       9.932912      10.021804       0.000084       1.995470       1.000000     541.499386       0.000000            1
# Jump frustrated.
         3         1.5000       2       2       0.119731       9.902394      10.022125       0.000084       1.906017       1.000000     541.499386       0.000000            0
         4         2.0000       2       2       0.178135       9.843849      10.021984       0.000084       1.766376       1.000000     541.499386       0.000000            0
         5         2.5000       2       2       0.260225       9.761014      10.021239       0.000084       1.570183       1.000000     541.499386       0.000000            0
         6         3.0000       2       2       0.355036       9.665100      10.020136       0.000084       1.321454       1.000000     541.499386       0.000000            0
         7         3.5000       2       2       0.447315       9.571885      10.019199       0.000084       1.052467       1.000000     541.499386       0.000000            0
# Surface Hop/Pointer State Switch: new state=      1 old state=      2 randnum=  0.645959234 gap= -9.341665 eV
         8         4.0000       1       1       9.865379       0.153820      10.019199       3.261160       1.209672       1.000000     541.499386       0.000000            0
         9         4.5000       1       1       9.525172       0.503430      10.028602       3.261160       2.064133       1.000000     541.499386       0.000000            0
        10         5.0000       1       1       8.691643       1.355861      10.047504       3.261160       3.480838       1.000000     541.499386       0.000000            0
# Jump frustrated.
        11         5.5000       1       1       7.675381       2.393478      10.068859       3.261160       4.599515       1.000000     541.499386       0.000000            1
# Jump frustrated.
        12         6.0000       1       1       6.805471       3.272484      10.077955       3.261160       4.971775       1.000000     541.499386       0.000000            0
        13         6.5000       1       1       6.210253       3.856273      10.066526       3.261160       4.462786       1.000000     541.499386       0.000000            0
# Jump frustrated.
        14         7.0000       1       1       5.761624       4.294323      10.055946       3.261160       3.729383       1.000000     541.499386       0.000000            0
# Jump frustrated.
        15         7.5000       1       1       5.305278       4.750641      10.055919       3.261160       3.248400       1.000000     541.499386       0.000000            0
        16         8.0000       1       1       4.811279       5.249520      10.060799       3.261160       3.192583       1.000000     541.499386       0.000000            0
        17         8.5000       1       1       4.335026       5.731582      10.066607       3.261160       3.378138       1.000000     541.499386       0.000000            1
# Jump frustrated.
        18         9.0000       1       1       3.966026       6.105273      10.071299       3.261160       3.520819       1.000000     541.499386       0.000000            0
# Jump frustrated.
        19         9.5000       1       1       3.775840       6.296479      10.072318       3.261160       3.553813       1.000000     541.499386       0.000000            0
# Jump frustrated.
        20        10.0000       1       1       3.780410       6.289420      10.069830       3.261160       3.438529       1.000000     541.499386       0.000000            0
# Jump frustrated.
        21        10.5000       1       1       3.944800       6.121259      10.066059       3.261160       3.246761       1.000000     541.499386       0.000000            0
# Jump frustrated.
        22        11.0000       1       1       4.210950       5.851786      10.062736       3.261160       3.142051       1.000000     541.499386       0.000000            0
        23        11.5000       1       1       4.534871       5.526259      10.061130       3.261160       3.228904       1.000000     541.499386       0.000000            0
# Jump frustrated.
        24        12.0000       1       1       4.906736       5.155681      10.062417       3.261160       3.457323       1.000000     541.499386       0.000000            1
        25        12.5000       1       1       5.337248       4.721576      10.058825       3.261160       3.711384       1.000000     541.499386       0.000000            0
        26        13.0000       1       1       5.802625       4.249895      10.052520       3.261160       3.887902       1.000000     541.499386       0.000000            0
# Jump frustrated.
        27        13.5000       1       1       6.267544       3.787140      10.054684       3.261159       4.026274       1.000000     541.499386       0.000000            0
# Jump frustrated.
        28        14.0000       1       1       6.757089       3.299473      10.056561       3.261159       4.005275       1.000000     541.499386       0.000000            0
        29        14.5000       1       1       7.267934       2.775266      10.043200       3.261159       3.569034       1.000000     541.499386       0.000000            0
        30        15.0000       1       1       7.620459       2.400745      10.021204       3.261159       2.776900       1.000000     541.499386       0.000000            0
# Jump frustrated.
        31        15.5000       1       1       7.576763       2.446210      10.022973       3.261159       2.727228       1.000000     541.499386       0.000000            1
# Jump frustrated.
        32        16.0000       1       1       7.168899       2.880108      10.049007       3.261159       3.606336       1.000000     541.499386       0.000000            0
# Jump frustrated.
        33        16.5000       1       1       6.719119       3.348675      10.067794       3.261159       4.159208       1.000000     541.499386       0.000000            0
        34        17.0000       1       1       6.474384       3.587215      10.061599       3.261159       3.870130       1.000000     541.499386       0.000000            0
# Jump frustrated.
        35        17.5000       1       1       6.360159       3.688942      10.049101       3.261158       3.405937       1.000000     541.499386       0.000000            0
# Jump frustrated.
        36        18.0000       1       1       6.198329       3.851913      10.050243       3.261158       3.509731       1.000000     541.499386       0.000000            0
# Jump frustrated.
        37        18.5000       1       1       5.947886       4.108930      10.056816       3.261158       3.994647       1.000000     541.499386       0.000000            0
# Jump frustrated.
        38        19.0000       1       1       5.679762       4.384008      10.063770       3.261158       4.488985       1.000000     541.499386       0.000000            0
# Jump frustrated.
        39        19.5000       1       1       5.482884       4.585179      10.068063       3.261158       4.827371       1.000000     541.499386       0.000000            0
# Jump frustrated.
        40        20.0000       1       1       5.420475       4.649745      10.070220       3.261158       4.973654       1.000000     541.499386       0.000000            0
# Jump frustrated.
        41        20.5000       1       1       5.519655       4.550301      10.069956       3.261158       4.923048       1.000000     541.499386       0.000000            1
# Jump frustrated.
        42        21.0000       1       1       5.775480       4.293492      10.068973       3.261158       4.766621       1.000000     541.499386       0.000000            0
# Jump frustrated.
        43        21.5000       1       1       6.167760       3.896341      10.064101       3.261158       4.622513       1.000000     541.499386       0.000000            0
        44        22.0000       1       1       6.617124       3.437531      10.054655       3.261158       4.436267       1.000000     541.499386       0.000000            0
# Jump frustrated.
        45        22.5000       1       1       7.001827       3.039965      10.041791       3.261158       3.865318       1.000000     541.499386       0.000000            0
        46        23.0000       1       1       7.264702       2.780872      10.045574       3.261158       3.110035       1.000000     541.499386       0.000000            0
# Jump frustrated.
        47        23.5000       1       1       7.376039       2.664820      10.040859       3.261157       2.686962       1.000000     541.499386       0.000000            0
# Jump frustrated.
        48        24.0000       1       1       7.305033       2.735406      10.040439       3.261157       2.760285       1.000000     541.499386       0.000000            0
        49        24.5000       1       1       7.086352       2.966057      10.052409       3.261157       3.403844       1.000000     541.499386       0.000000            1
# Jump frustrated.
        50        25.0000       1       1       6.866426       3.196915      10.063341       3.261157       4.039850       1.000000     541.499386       0.000000            0
# Jump frustrated.
        51        25.5000       1       1       6.772664       3.285563      10.058227       3.261157       4.151480       1.000000     541.499386       0.000000            0
# Jump frustrated.
        52        26.0000       1       1       6.742844       3.301549      10.044393       3.261157       3.825835       1.000000     541.499386       0.000000            0
        53        26.5000       1       1       6.613280       3.429849      10.043129       3.261156       3.592295       1.000000     541.499386       0.000000            0
# Jump frustrated.
        54        27.0000       1       1       6.337409       3.714270      10.051680       3.261156       3.620666       1.000000     541.499386       0.000000            0
        55        27.5000       1       1       5.993482       4.062634      10.056115       3.261157       3.599904       1.000000     541.499386       0.000000            0
# Jump frustrated.
        56        28.0000       1       1       5.639038       4.415565      10.054603       3.261157       3.368320       1.000000     541.499386       0.000000            1
# Jump frustrated.
        57        28.5000       1       1       5.264174       4.789671      10.053845       3.261157       3.127344       1.000000     541.499386       0.000000            0
# Jump frustrated.
        58        29.0000       1       1       4.864090       5.192635      10.056725       3.261157       3.030472       1.000000     541.499386       0.000000            0
        59        29.5000       1       1       4.474476       5.586257      10.060733       3.261157       3.089154       1.000000     541.499386       0.000000            0
# Jump frustrated.
        60        30.0000       1       1       4.151902       5.912614      10.064517       3.261157       3.220419       1.000000     541.499386       0.000000            0
# Jump frustrated.
        61        30.5000       1       1       3.953186       6.113993      10.067178       3.261157       3.320707       1.000000     541.499386       0.000000            0
# Jump frustrated.
        62        31.0000       1       1       3.916422       6.151154      10.067576       3.261157       3.347399       1.000000     541.499386       0.000000            0
        63        31.5000       1       1       4.048488       6.018078      10.066566       3.261157       3.355457       1.000000     541.499386       0.000000            0
        64        32.0000       1       1       4.334500       5.730544      10.065043       3.261157       3.382799       1.000000     541.499386       0.000000            0
        65        32.5000       1       1       4.753851       5.310348      10.064199       3.261156       3.453603       1.000000     541.499386       0.000000            0
# Jump frustrated.
        66        33.0000       1       1       5.287434       4.774931      10.062365       3.261157       3.539280       1.000000     541.499386       0.000000            1
# Jump frustrated.
        67        33.5000       1       1       5.911475       4.148168      10.059642       3.261157       3.583514       1.000000     541.499386       0.000000            0
# Jump frustrated.
        68        34.0000       1       1       6.578866       3.475108      10.053973       3.261157       3.434667       1.000000     541.499386       0.000000            0
        69        34.5000       1       1       7.206621       2.841701      10.048321       3.261157       3.081200       1.000000     541.499386       0.000000            0
# Jump frustrated.
        70        35.0000       1       1       7.702494       2.340331      10.042825       3.261157       2.670117       1.000000     541.499386       0.000000            0
# Jump frustrated.
        71        35.5000       1       1       8.004327       2.039925      10.044251       3.261157       2.458746       1.000000     541.499386       0.000000            0
# Jump frustrated.
        72        36.0000       1       1       8.130261       1.921797      10.052058       3.261157       2.622761       1.000000     541.499386       0.000000            0
# Jump frustrated.
        73        36.5000       1       1       8.172882       1.883389      10.056272       3.261157       2.808736       1.000000     541.499386       0.000000            0
# Jump frustrated.
        74        37.0000       1       1       8.200413       1.854117      10.054530       3.261157       2.729008       1.000000     541.499386       0.000000            0
# Jump frustrated.
        75        37.5000       1       1       8.190540       1.856193      10.046733       3.261157       2.449014       1.000000     541.499386       0.000000            1
# Jump frustrated.
        76        38.0000       1       1       8.048444       1.991552      10.039996       3.261157       2.360658       1.000000     541.499386       0.000000            0
        77        38.5000       1       1       7.699310       2.342822      10.042132       3.261157       2.681177       1.000000     541.499386       0.000000            0
        78        39.0000       1       1       7.159900       2.890903      10.050803       3.261157       3.192670       1.000000     541.499386       0.000000            0
# Jump frustrated.
        79        39.5000       1       1       6.520694       3.535936      10.056630       3.261157       3.604942       1.000000     541.499386       0.000000            0
        80        40.0000       1       1       5.884887       4.182838      10.067725       3.261157       3.899394       1.000000     541.499386       0.000000            0
# Jump frustrated.
        81        40.5000       1       1       5.336511       4.732787      10.069298       3.261156       4.030401       1.000000     541.499386       0.000000            0
# Jump frustrated.
        82        41.0000       1       1       4.914171       5.155059      10.069230       3.261156       4.109733       1.000000     541.499386       0.000000            0
# Jump frustrated.
        83        41.5000       1       1       4.622142       5.447161      10.069303       3.261157       4.147615       1.000000     541.499386       0.000000            0
# Jump frustrated.
        84        42.0000       1       1       4.465728       5.604734      10.070462       3.261157       4.156841       1.000000     541.499386       0.000000            1
# Jump frustrated.
        85        42.5000       1       1       4.455537       5.615114      10.070651       3.261156       4.104254       1.000000     541.499386       0.000000            0
        86        43.0000       1       1       4.585557       5.480585      10.066142       3.261156       3.915235       1.000000     541.499386       0.000000            0
# Jump frustrated.
        87        43.5000       1       1       4.815365       5.247443      10.062808       3.261156       3.724128       1.000000     541.499386       0.000000            0
# Jump frustrated.
        88        44.0000       1       1       5.109115       4.953680      10.062795       3.261156       3.554059       1.000000     541.499386       0.000000            0
        89        44.5000       1       1       5.449184       4.609677      10.058861       3.261156       3.313325       1.000000     541.499386       0.000000            0
        90        45.0000       1       1       5.785278       4.265465      10.050743       3.261156       2.954912       1.000000     541.499386       0.000000            0
        91        45.5000       1       1       6.015796       4.025680      10.041476       3.261156       2.738791       1.000000     541.499386       0.000000            0
# Jump frustrated.
        92        46.0000       1       1       6.052848       3.988103      10.040951       3.261156       3.237410       1.000000     541.499386       0.000000            0
# Jump frustrated.
        93        46.5000       1       1       5.949821       4.107269      10.057090       3.261156       4.362853       1.000000     541.499386       0.000000            0
# Jump frustrated.
        94        47.0000       1       1       5.935234       4.131559      10.066793       3.261156       5.077676       1.000000     541.499386       0.000000            1
        95        47.5000       1       1       6.134533       3.918555      10.053088       3.261155       5.008008       1.000000     541.499386       0.000000            0
# Jump frustrated.
        96        48.0000       1       1       6.413785       3.633927      10.047712       3.261155       4.801391       1.000000     541.499386       0.000000            0
# Jump frustrated.
        97        48.5000       1       1       6.668776       3.385629      10.054405       3.261154       4.618094       1.000000     541.499386       0.000000            0
# Jump frustrated.
        98        49.0000       1       1       6.905225       3.142937      10.048162       3.261154       3.904608       1.000000     541.499386       0.000000            0
        99        49.5000       1       1       7.022612       3.013599      10.036211       3.261154       2.927560       1.000000     541.499386       0.000000            0
       100        50.0000       1       1       6.886037       3.155186      10.041224       3.261154       2.396724       1.000000     541.499386       0.000000            0
# Jump frustrated.
       101        50.5000       1       1       6.523401       3.530123      10.053524       3.261154       2.447490       1.000000     541.499386       0.000000            0
# Jump frustrated.
       102        51.0000       1       1       6.074974       3.987065      10.062039       3.261154       2.648945       1.000000     541.499386       0.000000            0
# Jump frustrated.
       103        51.5000       1       1       5.663083       4.404562      10.067644       3.261154       2.790654       1.000000     541.499386       0.000000            0
# Jump frustrated.
       104        52.0000       1       1       5.362064       4.707874      10.069939       3.261154       2.838471       1.000000     541.499386       0.000000            1
       105        52.5000       1       1       5.204860       4.865863      10.070723       3.261155       2.836803       1.000000     541.499386       0.000000            0
# Jump frustrated.
       106        53.0000       1       1       5.196661       4.872714      10.069375       3.261155       2.791786       1.000000     541.499386       0.000000            0
# Jump frustrated.
       107        53.5000       1       1       5.317933       4.748773      10.066706       3.261154       2.721269       1.000000     541.499386       0.000000            0
# Jump frustrated.
       108        54.0000       1       1       5.534386       4.529956      10.064342       3.261153       2.653068       1.000000     541.499386       0.000000            0
       109        54.5000       1       1       5.809480       4.252178      10.061659       3.261153       2.588606       1.000000     541.499386       0.000000            0
# Jump frustrated.
       110        55.0000       1       1       6.106520       3.952810      10.059330       3.261153       2.531701       1.000000     541.499386       0.000000            0
       111        55.5000       1       1       6.380339       3.673579      10.053918       3.261153       2.507927       1.000000     541.499386       0.000000            0
# Jump frustrated.
       112        56.0000       1       1       6.560085       3.485696      10.045781       3.261153       2.626534       1.000000     541.499386       0.000000            0
# Jump frustrated.
       113        56.5000       1       1       6.571934       3.471786      10.043720       3.261153       3.198382       1.000000     541.499386       0.000000            0
       114        57.0000       1       1       6.418793       3.624584      10.043377       3.261153       4.353070       1.000000     541.499386       0.000000            1
       115        57.5000       1       1       6.289253       3.781327      10.070580       3.261152       5.507719       1.000000     541.499386       0.000000            0
       116        58.0000       1       1       6.511198       3.560226      10.071424       3.261152       5.555825       1.000000     541.499386       0.000000            0
       117        58.5000       1       1       7.094919       2.938860      10.033779       3.261152       4.262131       1.000000     541.499386       0.000000            0
       118        59.0000       1       1       7.554702       2.447664      10.002366       3.261151       2.638531       1.000000     541.499386       0.000000            0
# Jump frustrated.
       119        59.5000       1       1       7.440602       2.567868      10.008470       3.261151       2.911173       1.000000     541.499386       0.000000            0
# Jump frustrated.
       120        60.0000       1       1       6.843684       3.208749      10.052432       3.261151       4.571991       1.000000     541.499386       0.000000            0
# Jump frustrated.
       121        60.5000       1       1       6.310703       3.769909      10.080611       3.261151       5.428383       1.000000     541.499386       0.000000            0
# Jump frustrated.
       122        61.0000       1       1       6.184143       3.874542      10.058686       3.261152       4.878716       1.000000     541.499386       0.000000            1
# Jump frustrated.
       123        61.5000       1       1       6.232993       3.804579      10.037572       3.261152       3.762122       1.000000     541.499386       0.000000            0
# Jump frustrated.
       124        62.0000       1       1       6.129630       3.908797      10.038427       3.261152       3.113627       1.000000     541.499386       0.000000            0
# Jump frustrated.
       125        62.5000       1       1       5.800045       4.245120      10.045165       3.261152       2.969608       1.000000     541.499386       0.000000            0
# Jump frustrated.
       126        63.0000       1       1       5.320256       4.735901      10.056157       3.261152       3.043967       1.000000     541.499386       0.000000            0
# Jump frustrated.
       127        63.5000       1       1       4.811064       5.252011      10.063074       3.261152       3.143844       1.000000     541.499386       0.000000            0
# Jump frustrated.
       128        64.0000       1       1       4.366516       5.699818      10.066334       3.261153       3.273856       1.000000     541.499386       0.000000            0
# Jump frustrated.
       129        64.5000       1       1       4.043993       6.025137      10.069130       3.261153       3.411491       1.000000     541.499386       0.000000            0
       130        65.0000       1       1       3.884678       6.185617      10.070295       3.261152       3.479616       1.000000     541.499386       0.000000            0
# Jump frustrated.
       131        65.5000       1       1       3.906762       6.162365      10.069127       3.261152       3.462288       1.000000     541.499386       0.000000            1
# Jump frustrated.
       132        66.0000       1       1       4.098612       5.968876      10.067488       3.261152       3.430996       1.000000     541.499386       0.000000            0
# Jump frustrated.
       133        66.5000       1       1       4.434125       5.631931      10.066055       3.261152       3.468739       1.000000     541.499386       0.000000            0
# Jump frustrated.
       134        67.0000       1       1       4.894086       5.171460      10.065545       3.261152       3.596311       1.000000     541.499386       0.000000            0
# Jump frustrated.
       135        67.5000       1       1       5.473836       4.590992      10.064828       3.261152       3.733137       1.000000     541.499386       0.000000            0
       136        68.0000       1       1       6.146258       3.910873      10.057132       3.261153       3.667070       1.000000     541.499386       0.000000            0
# Jump frustrated.
       137        68.5000       1       1       6.810995       3.233039      10.044034       3.261154       3.458917       1.000000     541.499386       0.000000            0
# Jump frustrated.
       138        69.0000       1       1       7.305442       2.725233      10.030676       3.261154       3.314440       1.000000     541.499386       0.000000            0
# Jump frustrated.
       139        69.5000       1       1       7.484771       2.540879      10.025649       3.261154       3.684557       1.000000     541.499386       0.000000            0
# Jump frustrated.
       140        70.0000       1       1       7.350025       2.684542      10.034567       3.261154       4.513957       1.000000     541.499386       0.000000            1
       141        70.5000       1       1       7.048845       2.989101      10.037946       3.261153       5.145855       1.000000     541.499386       0.000000            0
# Jump frustrated.
       142        71.0000       1       1       6.701744       3.343070      10.044814       3.261153       5.653074       1.000000     541.499386       0.000000            0
# Jump frustrated.
       143        71.5000       1       1       6.494563       3.575589      10.070152       3.261153       6.013995       1.000000     541.499386       0.000000            0
       144        72.0000       1       1       6.658890       3.400162      10.059052       3.261152       5.491953       1.000000     541.499386       0.000000            0
       145        72.5000       1       1       7.033906       2.994914      10.028820       3.261152       4.256918       1.000000     541.499386       0.000000            0
# Jump frustrated.
       146        73.0000       1       1       7.208469       2.816788      10.025257       3.261152       3.549359       1.000000     541.499386       0.000000            0
# Jump frustrated.
       147        73.5000       1       1       7.031176       3.005917      10.037093       3.261152       3.567714       1.000000     541.499386       0.000000            0
# Jump frustrated.
       148        74.0000       1       1       6.611097       3.439192      10.050289       3.261152       3.658143       1.000000     541.499386       0.000000            0
# Jump frustrated.
       149        74.5000       1       1       6.114625       3.945959      10.060584       3.261152       3.637728       1.000000     541.499386       0.000000            1
# Jump frustrated.
       150        75.0000       1       1       5.667931       4.397088      10.065019       3.261152       3.546527       1.000000     541.499386       0.000000            0
# Jump frustrated.
       151        75.5000       1       1       5.338470       4.727805      10.066275       3.261152       3.395443       1.000000     541.499386       0.000000            0
       152        76.0000       1       1       5.146831       4.919010      10.065841       3.261151       3.171976       1.000000     541.499386       0.000000            0
# Jump frustrated.
       153        76.5000       1       1       5.075358       4.987105      10.062463       3.261151       2.910929       1.000000     541.499386       0.000000            0
# Jump frustrated.
       154        77.0000       1       1       5.077761       4.980877      10.058638       3.261151       2.697813       1.000000     541.499386       0.000000            0
       155        77.5000       1       1       5.103386       4.952850      10.056236       3.261151       2.710779       1.000000     541.499386       0.000000            0
       156        78.0000       1       1       5.134583       4.923993      10.058576       3.261150       3.082724       1.000000     541.499386       0.000000            0
# Jump frustrated.
       157        78.5000       1       1       5.213236       4.849047      10.062283       3.261150       3.631150       1.000000     541.499386       0.000000            0
       158        79.0000       1       1       5.390722       4.667599      10.058321       3.261149       4.041286       1.000000     541.499386       0.000000            1
       159        79.5000       1       1       5.637246       4.413904      10.051150       3.261149       4.366557       1.000000     541.499386       0.000000            0
# Jump frustrated.
       160        80.0000       1       1       5.891021       4.162700      10.053721       3.261150       4.863081       1.000000     541.499386       0.000000            0
# Jump frustrated.
       161        80.5000       1       1       6.194872       3.867069      10.061940       3.261150       5.201088       1.000000     541.499386       0.000000            0
# Jump frustrated.
       162        81.0000       1       1       6.632620       3.425282      10.057902       3.261150       4.888069       1.000000     541.499386       0.000000            0
       163        81.5000       1       1       7.138559       2.905436      10.043994       3.261150       3.955359       1.000000     541.499386       0.000000            0
       164        82.0000       1       1       7.513694       2.522817      10.036511       3.261150       2.894617       1.000000     541.499386       0.000000            0
# Jump frustrated.
       165        82.5000       1       1       7.609326       2.427733      10.037059       3.261150       2.267554       1.000000     541.499386       0.000000            0
# Jump frustrated.
       166        83.0000       1       1       7.414589       2.629942      10.044531       3.261150       2.183488       1.000000     541.499386       0.000000            1
# Jump frustrated.
       167        83.5000       1       1       7.002669       3.047646      10.050315       3.261150       2.420666       1.000000     541.499386       0.000000            0
       168        84.0000       1       1       6.466328       3.590952      10.057280       3.261149       2.740549       1.000000     541.499386       0.000000            0
# Jump frustrated.
       169        84.5000       1       1       5.911036       4.154396      10.065432       3.261150       3.008012       1.000000     541.499386       0.000000            0
       170        85.0000       1       1       5.435292       4.633759      10.069051       3.261150       3.156423       1.000000     541.499386       0.000000            0
       171        85.5000       1       1       5.100493       4.969251      10.069744       3.261151       3.171625       1.000000     541.499386       0.000000            0
       172        86.0000       1       1       4.919968       5.148000      10.067969       3.261150       3.178314       1.000000     541.499386       0.000000            0
# Jump frustrated.
       173        86.5000       1       1       4.875103       5.191182      10.066285       3.261150       3.139508       1.000000     541.499386       0.000000            0
# Jump frustrated.
       174        87.0000       1       1       4.932832       5.130146      10.062978       3.261151       3.049951       1.000000     541.499386       0.000000            0
# Jump frustrated.
       175        87.5000       1       1       5.043345       5.015755      10.059100       3.261151       2.992714       1.000000     541.499386       0.000000            1
# Jump frustrated.
       176        88.0000       1       1       5.150076       4.905931      10.056007       3.261151       3.064146       1.000000     541.499386       0.000000            0
# Jump frustrated.
       177        88.5000       1       1       5.215923       4.840327      10.056250       3.261151       3.315232       1.000000     541.499386       0.000000            0
# Jump frustrated.
       178        89.0000       1       1       5.254797       4.805449      10.060246       3.261150       3.639501       1.000000     541.499386       0.000000            0
# Jump frustrated.
       179        89.5000       1       1       5.324784       4.737562      10.062346       3.261150       3.765637       1.000000     541.499386       0.000000            0
       180        90.0000       1       1       5.455324       4.601788      10.057111       3.261150       3.499571       1.000000     541.499386       0.000000            0
       181        90.5000       1       1       5.595570       4.456463      10.052033       3.261150       3.037303       1.000000     541.499386       0.000000            0
# Jump frustrated.
       182        91.0000       1       1       5.688187       4.365947      10.054134       3.261150       2.844139       1.000000     541.499386       0.000000            0
# Jump frustrated.
       183        91.5000       1       1       5.760670       4.300135      10.060806       3.261151       2.995298       1.000000     541.499386       0.000000            1
# Jump frustrated.
       184        92.0000       1       1       5.889629       4.172665      10.062294       3.261151       3.183125       1.000000     541.499386       0.000000            0
# Jump frustrated.
       185        92.5000       1       1       6.091589       3.964851      10.056440       3.261150       3.325119       1.000000     541.499386       0.000000            0
       186        93.0000       1       1       6.288637       3.760566      10.049203       3.261150       3.518478       1.000000     541.499386       0.000000            0
# Jump frustrated.
       187        93.5000       1       1       6.391750       3.658009      10.049759       3.261150       3.832038       1.000000     541.499386       0.000000            0
       188        94.0000       1       1       6.396240       3.660293      10.056533       3.261150       4.185151       1.000000     541.499386       0.000000            0
       189        94.5000       1       1       6.366281       3.693717      10.059998       3.261150       4.408473       1.000000     541.499386       0.000000            0
# Jump frustrated.
       190        95.0000       1       1       6.347090       3.711156      10.058246       3.261151       4.377840       1.000000     541.499386       0.000000            0
# Jump frustrated.
       191        95.5000       1       1       6.341471       3.718007      10.059479       3.261151       4.060662       1.000000     541.499386       0.000000            1
       192        96.0000       1       1       6.353543       3.706796      10.060339       3.261151       3.666319       1.000000     541.499386       0.000000            0
       193        96.5000       1       1       6.390908       3.668597      10.059505       3.261151       3.272759       1.000000     541.499386       0.000000            0
       194        97.0000       1       1       6.442994       3.615242      10.058236       3.261152       2.910158       1.000000     541.499386       0.000000            0
# Jump frustrated.
       195        97.5000       1       1       6.490820       3.565832      10.056651       3.261152       2.594236       1.000000     541.499386       0.000000            0
       196        98.0000       1       1       6.512399       3.542580      10.054979       3.261152       2.343613       1.000000     541.499386       0.000000            0
       197        98.5000       1       1       6.487658       3.566662      10.054320       3.261152       2.249402       1.000000     541.499386       0.000000            0
# Jump frustrated.
       198        99.0000       1       1       6.413101       3.642854      10.055954       3.261152       2.393922       1.000000     541.499386       0.000000            0
# Jump frustrated.
       199        99.5000       1       1       6.311840       3.746657      10.058497       3.261152       2.684735       1.000000     541.499386       0.000000            1
# Jump frustrated.
       200       100.0000       1       1       6.215087       3.843401      10.058488       3.261151       2.992758       1.000000     541.499386       0.000000            0
       201       100.5000       1       1       6.128240       3.927897      10.056137       3.261151       3.336852       1.000000     541.499386       0.000000            0
# Jump frustrated.
       202       101.0000       1       1       6.032509       4.022358      10.054867       3.261151       3.856528       1.000000     541.499386       0.000000            0
       203       101.5000       1       1       5.939518       4.120348      10.059866       3.261151       4.491067       1.000000     541.499386       0.000000            0
# Jump frustrated.
       204       102.0000       1       1       5.934981       4.132182      10.067163       3.261151       4.862908       1.000000     541.499386       0.000000            0
       205       102.5000       1       1       6.104769       3.960076      10.064845       3.261153       4.737534       1.000000     541.499386       0.000000            0
# Jump frustrated.
       206       103.0000       1       1       6.408616       3.645345      10.053961       3.261153       4.241011       1.000000     541.499386       0.000000            0
# Jump frustrated.
       207       103.5000       1       1       6.697106       3.348468      10.045573       3.261153       3.736361       1.000000     541.499386       0.000000            0
       208       104.0000       1       1       6.841704       3.201898      10.043602       3.261152       3.372857       1.000000     541.499386       0.000000            1
       209       104.5000       1       1       6.794325       3.251100      10.045426       3.261152       3.155661       1.000000     541.499386       0.000000            0
       210       105.0000       1       1       6.572732       3.477391      10.050123       3.261151       3.074080       1.000000     541.499386       0.000000            0
       211       105.5000       1       1       6.239592       3.815997      10.055590       3.261150       3.043300       1.000000     541.499386       0.000000            0
# Jump frustrated.
       212       106.0000       1       1       5.870880       4.189066      10.059946       3.261150       3.060553       1.000000     541.499386       0.000000            0
# Jump frustrated.
       213       106.5000       1       1       5.534740       4.528295      10.063035       3.261149       3.056179       1.000000     541.499386       0.000000            0
# Jump frustrated.
       214       107.0000       1       1       5.280095       4.784481      10.064576       3.261149       3.027877       1.000000     541.499386       0.000000            0
# Jump frustrated.
       215       107.5000       1       1       5.127231       4.936449      10.063680       3.261150       2.976654       1.000000     541.499386       0.000000            0
# Jump frustrated.
       216       108.0000       1       1       5.064659       4.996240      10.060899       3.261150       2.944168       1.000000     541.499386       0.000000            0
       217       108.5000       1       1       5.055956       5.001638      10.057593       3.261151       3.000831       1.000000     541.499386       0.000000            1
# Jump frustrated.
       218       109.0000       1       1       5.061770       4.994787      10.056557       3.261151       3.236177       1.000000     541.499386       0.000000            0
# Jump frustrated.
       219       109.5000       1       1       5.079299       4.980877      10.060176       3.261152       3.637379       1.000000     541.499386       0.000000            0
# Jump frustrated.
       220       110.0000       1       1       5.153437       4.908837      10.062274       3.261152       4.008050       1.000000     541.499386       0.000000            0
       221       110.5000       1       1       5.320092       4.739846      10.059938       3.261151       4.143174       1.000000     541.499386       0.000000            0
# Jump frustrated.
       222       111.0000       1       1       5.556686       4.497569      10.054256       3.261152       3.975625       1.000000     541.499386       0.000000            0
# Jump frustrated.
       223       111.5000       1       1       5.788023       4.260275      10.048299       3.261152       3.672586       1.000000     541.499386       0.000000            0
# Jump frustrated.
       224       112.0000       1       1       5.947567       4.102079      10.049646       3.261152       3.483529       1.000000     541.499386       0.000000            0
       225       112.5000       1       1       6.065237       3.993293      10.058531       3.261153       3.532446       1.000000     541.499386       0.000000            0
       226       113.0000       1       1       6.259302       3.803749      10.063050       3.261153       3.541482       1.000000     541.499386       0.000000            0
# Jump frustrated.
       227       113.5000       1       1       6.603077       3.455593      10.058670       3.261153       3.318306       1.000000     541.499386       0.000000            0
       228       114.0000       1       1       7.052778       2.999274      10.052052       3.261153       3.039971       1.000000     541.499386       0.000000            1
       229       114.5000       1       1       7.509767       2.538803      10.048570       3.261153       2.831797       1.000000     541.499386       0.000000            0
# Jump frustrated.
       230       115.0000       1       1       7.895250       2.150994      10.046244       3.261153       2.774823       1.000000     541.499386       0.000000            0
       231       115.5000       1       1       8.141832       1.897922      10.039753       3.261153       2.852057       1.000000     541.499386       0.000000            0
# Jump frustrated.
       232       116.0000       1       1       8.178563       1.863252      10.041815       3.261153       3.146069       1.000000     541.499386       0.000000            0
# Jump frustrated.
       233       116.5000       1       1       7.994984       2.051135      10.046119       3.261152       3.557137       1.000000     541.499386       0.000000            0
# Jump frustrated.
       234       117.0000       1       1       7.651187       2.401160      10.052347       3.261152       3.915121       1.000000     541.499386       0.000000            0
       235       117.5000       1       1       7.223442       2.832981      10.056423       3.261152       4.162110       1.000000     541.499386       0.000000            0
# Jump frustrated.
       236       118.0000       1       1       6.777688       3.281411      10.059099       3.261151       4.107381       1.000000     541.499386       0.000000            0
       237       118.5000       1       1       6.340189       3.716346      10.056536       3.261152       3.948215       1.000000     541.499386       0.000000            1
# Jump frustrated.
       238       119.0000       1       1       5.898705       4.158340      10.057045       3.261152       3.723944       1.000000     541.499386       0.000000            0
# Jump frustrated.
       239       119.5000       1       1       5.452563       4.605732      10.058295       3.261153       3.456788       1.000000     541.499386       0.000000            0
# Jump frustrated.
       240       120.0000       1       1       5.026031       5.035062      10.061093       3.261153       3.251723       1.000000     541.499386       0.000000            0
       241       120.5000       1       1       4.657473       5.407716      10.065189       3.261152       3.241604       1.000000     541.499386       0.000000            0
# Jump frustrated.
       242       121.0000       1       1       4.405310       5.662241      10.067551       3.261153       3.384661       1.000000     541.499386       0.000000            0
# Jump frustrated.
       243       121.5000       1       1       4.306241       5.758778      10.065019       3.261153       3.637206       1.000000     541.499386       0.000000            0
# Jump frustrated.
       244       122.0000       1       1       4.338629       5.722447      10.061076       3.261153       4.026053       1.000000     541.499386       0.000000            0
       245       122.5000       1       1       4.459591       5.601412      10.061003       3.261153       4.530369       1.000000     541.499386       0.000000            0
# Jump frustrated.
       246       123.0000       1       1       4.671674       5.393806      10.065480       3.261154       4.974907       1.000000     541.499386       0.000000            1
# Jump frustrated.
       247       123.5000       1       1       5.026060       5.039214      10.065274       3.261155       5.065285       1.000000     541.499386       0.000000            0
# Jump frustrated.
       248       124.0000       1       1       5.506192       4.544281      10.050473       3.261157       4.592922       1.000000     541.499386       0.000000            0
# Jump frustrated.
       249       124.5000       1       1       5.940052       4.098134      10.038187       3.261157       3.924298       1.000000     541.499386       0.000000            0
       250       125.0000       1       1       6.177920       3.869145      10.047064       3.261157       4.132913       1.000000     541.499386       0.000000            0
       251       125.5000       1       1       6.368435       3.708250      10.076685       3.261157       4.935905       1.000000     541.499386       0.000000            0
# Jump frustrated.
       252       126.0000       1       1       6.808483       3.264387      10.072870       3.261157       4.865182       1.000000     541.499386       0.000000            0
# Jump frustrated.
       253       126.5000       1       1       7.447709       2.596102      10.043811       3.261157       3.936194       1.000000     541.499386       0.000000            1
# Jump frustrated.
       254       127.0000       1       1       7.943387       2.090373      10.033760       3.261158       2.998434       1.000000     541.499386       0.000000            0
# Jump frustrated.
       255       127.5000       1       1       8.104893       1.935291      10.040184       3.261158       2.550247       1.000000     541.499386       0.000000            0
       256       128.0000       1       1       7.967329       2.080408      10.047737       3.261158       2.404976       1.000000     541.499386       0.000000            0
       257       128.5000       1       1       7.634233       2.420882      10.055115       3.261158       2.426830       1.000000     541.499386       0.000000            0
# Jump frustrated.
       258       129.0000       1       1       7.201473       2.857479      10.058952       3.261158       2.507588       1.000000     541.499386       0.000000            0
       259       129.5000       1       1       6.729090       3.333728      10.062818       3.261159       2.656738       1.000000     541.499386       0.000000            0
# Jump frustrated.
       260       130.0000       1       1       6.257315       3.807485      10.064801       3.261158       2.848834       1.000000     541.499386       0.000000            1
# Jump frustrated.
       261       130.5000       1       1       5.812065       4.254670      10.066735       3.261157       3.171533       1.000000     541.499386       0.000000            0
# Jump frustrated.
       262       131.0000       1       1       5.424414       4.645385      10.069799       3.261158       3.491696       1.000000     541.499386       0.000000            0
       263       131.5000       1       1       5.139021       4.931882      10.070903       3.261158       3.648430       1.000000     541.499386       0.000000            0
# Jump frustrated.
       264       132.0000       1       1       4.979013       5.091946      10.070959       3.261158       3.652837       1.000000     541.499386       0.000000            0
# Jump frustrated.
       265       132.5000       1       1       4.952462       5.118312      10.070774       3.261157       3.448516       1.000000     541.499386       0.000000            0
       266       133.0000       1       1       5.038371       5.025927      10.064298       3.261156       3.275445       1.000000     541.499386       0.000000            0
# Jump frustrated.
       267       133.5000       1       1       5.194008       4.870223      10.064231       3.261157       3.215549       1.000000     541.499386       0.000000            0
# Jump frustrated.
       268       134.0000       1       1       5.420849       4.648499      10.069348       3.261158       3.217826       1.000000     541.499386       0.000000            1
# Jump frustrated.
       269       134.5000       1       1       5.753976       4.312177      10.066152       3.261159       3.095482       1.000000     541.499386       0.000000            0
# Jump frustrated.
       270       135.0000       1       1       6.160839       3.895926      10.056765       3.261159       2.834256       1.000000     541.499386       0.000000            0
# Jump frustrated.
       271       135.5000       1       1       6.495430       3.544448      10.039878       3.261159       2.586725       1.000000     541.499386       0.000000            0
# Jump frustrated.
       272       136.0000       1       1       6.566561       3.462028      10.028589       3.261159       2.594905       1.000000     541.499386       0.000000            0
# Jump frustrated.
       273       136.5000       1       1       6.221871       3.799804      10.021675       3.261158       3.379333       1.000000     541.499386       0.000000            0
# Jump frustrated.
       274       137.0000       1       1       5.484711       4.562550      10.047261       3.261157       5.175322       1.000000     541.499386       0.000000            0
# Jump frustrated.
       275       137.5000       1       1       4.839281       5.258654      10.097935       3.261158       6.621538       1.000000     541.499386       0.000000            0
       276       138.0000       1       1       4.920500       5.178311      10.098811       3.261158       6.668796       1.000000     541.499386       0.000000            0
       277       138.5000       1       1       5.726800       4.316744      10.043544       3.261158       5.237327       1.000000     541.499386       0.000000            0
       278       139.0000       1       1       6.602689       3.413864      10.016552       3.261157       3.407671       1.000000     541.499386       0.000000            1
# Jump frustrated.
       279       139.5000       1       1       7.040096       2.984119      10.024214       3.261156       2.532930       1.000000     541.499386       0.000000            0
# Jump frustrated.
       280       140.0000       1       1       7.029245       3.011523      10.040768       3.261155       2.481712       1.000000     541.499386       0.000000            0
# Jump frustrated.
       281       140.5000       1       1       6.739087       3.310891      10.049978       3.261154       2.724107       1.000000     541.499386       0.000000            0
# Jump frustrated.
       282       141.0000       1       1       6.312354       3.745619      10.057973       3.261154       3.083860       1.000000     541.499386       0.000000            0
       283       141.5000       1       1       5.877096       4.188236      10.065332       3.261153       3.335719       1.000000     541.499386       0.000000            0
# Jump frustrated.
       284       142.0000       1       1       5.534616       4.533485      10.068101       3.261154       3.411938       1.000000     541.499386       0.000000            0
# Jump frustrated.
       285       142.5000       1       1       5.316913       4.749603      10.066516       3.261154       3.320374       1.000000     541.499386       0.000000            0
# Jump frustrated.
       286       143.0000       1       1       5.172810       4.885170      10.057980       3.261154       3.205632       1.000000     541.499386       0.000000            1
# Jump frustrated.
       287       143.5000       1       1       5.012059       5.044404      10.056464       3.261155       3.420606       1.000000     541.499386       0.000000            0
# Jump frustrated.
       288       144.0000       1       1       4.825924       5.238101      10.064025       3.261156       3.934627       1.000000     541.499386       0.000000            0
# Jump frustrated.
       289       144.5000       1       1       4.727219       5.346679      10.073899       3.261156       4.356271       1.000000     541.499386       0.000000            0
# Jump frustrated.
       290       145.0000       1       1       4.848337       5.227098      10.075435       3.261155       4.340821       1.000000     541.499386       0.000000            0
       291       145.5000       1       1       5.206091       4.861918      10.068009       3.261154       3.921344       1.000000     541.499386       0.000000            0
       292       146.0000       1       1       5.700132       4.361587      10.061719       3.261154       3.465284       1.000000     541.499386       0.000000            0
       293       146.5000       1       1       6.220291       3.837381      10.057671       3.261153       3.237716       1.000000     541.499386       0.000000            0
# Jump frustrated.
       294       147.0000       1       1       6.694005       3.360509      10.054513       3.261154       3.201747       1.000000     541.499386       0.000000            0
# Jump frustrated.
       295       147.5000       1       1       7.069987       2.980797      10.050784       3.261154       3.256417       1.000000     541.499386       0.000000            1
       296       148.0000       1       1       7.287984       2.754713      10.042698       3.261153       3.277859       1.000000     541.499386       0.000000            0
# Jump frustrated.
       297       148.5000       1       1       7.225862       2.795197      10.021059       3.261152       3.414365       1.000000     541.499386       0.000000            0
       298       149.0000       1       1       6.667194       3.336219      10.003413       3.261152       4.630899       1.000000     541.499386       0.000000            0
       299       149.5000       1       1       5.768293       4.319858      10.088151       3.261153       7.034323       1.000000     541.499386       0.000000            0
# Jump frustrated.
       300       150.0000       1       1       5.500925       4.630645      10.131570       3.261155       8.068946       1.000000     541.499386       0.000000            0
       301       150.5000       1       1       6.409556       3.650120      10.059676       3.261154       6.753815       1.000000     541.499386       0.000000            0
# Jump frustrated.
       302       151.0000       1       1       7.633923       2.364413       9.998337       3.261155       4.050200       1.000000     541.499386       0.000000            0
       303       151.5000       1       1       8.143567       1.848304       9.991871       3.261156       2.962707       1.000000     541.499386       0.000000            0
# Jump frustrated.
       304       152.0000       1       1       7.793751       2.231961      10.025711       3.261155       3.325389       1.000000     541.499386       0.000000            1
       305       152.5000       1       1       6.919670       3.137747      10.057417       3.261155       4.086273       1.000000     541.499386       0.000000            0
       306       153.0000       1       1       5.978123       4.104363      10.082485       3.261155       4.728217       1.000000     541.499386       0.000000            0
       307       153.5000       1       1       5.309777       4.774516      10.084293       3.261154       4.744832       1.000000     541.499386       0.000000            0
       308       154.0000       1       1       4.969362       5.105856      10.075218       3.261153       4.446938       1.000000     541.499386       0.000000            0
# Jump frustrated.
       309       154.5000       1       1       4.851371       5.221700      10.073071       3.261154       4.102972       1.000000     541.499386       0.000000            0
# Jump frustrated.
       310       155.0000       1       1       4.879187       5.191182      10.070369       3.261154       3.601088       1.000000     541.499386       0.000000            0
# Jump frustrated.
       311       155.5000       1       1       4.970531       5.092154      10.062685       3.261152       2.929357       1.000000     541.499386       0.000000            1
       312       156.0000       1       1       5.006065       5.052501      10.058566       3.261152       2.434484       1.000000     541.499386       0.000000            0
       313       156.5000       1       1       4.922895       5.140111      10.063006       3.261152       2.305996       1.000000     541.499386       0.000000            0
       314       157.0000       1       1       4.762280       5.307442      10.069722       3.261152       2.442713       1.000000     541.499386       0.000000            0
       315       157.5000       1       1       4.612293       5.461901      10.074194       3.261152       2.633501       1.000000     541.499386       0.000000            0
# Jump frustrated.
       316       158.0000       1       1       4.549291       5.528127      10.077419       3.261152       2.770955       1.000000     541.499386       0.000000            0
       317       158.5000       1       1       4.623131       5.455673      10.078804       3.261152       2.836106       1.000000     541.499386       0.000000            0
# Jump frustrated.
       318       159.0000       1       1       4.870178       5.213396      10.083574       3.261153       2.902144       1.000000     541.499386       0.000000            0
# Jump frustrated.
       319       159.5000       1       1       5.332933       4.752302      10.085236       3.261153       3.007720       1.000000     541.499386       0.000000            0
# Jump frustrated.
       320       160.0000       1       1       6.022916       4.053291      10.076207       3.261152       2.992217       1.000000     541.499386       0.000000            1
       321       160.5000       1       1       6.839847       3.219752      10.059599       3.261152       2.721337       1.000000     541.499386       0.000000            0
       322       161.0000       1       1       7.551440       2.482541      10.033982       3.261152       2.475787       1.000000     541.499386       0.000000            0
# Jump frustrated.
       323       161.5000       1       1       7.834544       2.173416      10.007960       3.261151       3.091023       1.000000     541.499386       0.000000            0
       324       162.0000       1       1       7.482683       2.541086      10.023769       3.261151       5.141110       1.000000     541.499386       0.000000            0
# Jump frustrated.
       325       162.5000       1       1       6.868141       3.213108      10.081250       3.261152       7.062278       1.000000     541.499386       0.000000            0
# Jump frustrated.
       326       163.0000       1       1       6.717630       3.366322      10.083951       3.261153       7.306473       1.000000     541.499386       0.000000            0
# Jump frustrated.
       327       163.5000       1       1       7.098071       2.932425      10.030495       3.261153       6.060177       1.000000     541.499386       0.000000            0
# Jump frustrated.
       328       164.0000       1       1       7.406710       2.616863      10.023572       3.261154       5.315274       1.000000     541.499386       0.000000            0
# Jump frustrated.
       329       164.5000       1       1       7.410328       2.641153      10.051481       3.261154       5.556738       1.000000     541.499386       0.000000            0
# Jump frustrated.
       330       165.0000       1       1       7.353375       2.705926      10.059301       3.261153       5.394663       1.000000     541.499386       0.000000            1
       331       165.5000       1       1       7.325718       2.722950      10.048668       3.261154       4.535678       1.000000     541.499386       0.000000            0
       332       166.0000       1       1       7.161979       2.878239      10.040218       3.261155       3.834159       1.000000     541.499386       0.000000            0
       333       166.5000       1       1       6.730465       3.320233      10.050698       3.261154       3.917595       1.000000     541.499386       0.000000            0
       334       167.0000       1       1       6.111850       3.947827      10.059677       3.261154       3.819778       1.000000     541.499386       0.000000            0
# Jump frustrated.
       335       167.5000       1       1       5.446241       4.618396      10.064638       3.261154       3.619393       1.000000     541.499386       0.000000            0
       336       168.0000       1       1       4.811023       5.258031      10.069054       3.261153       3.554605       1.000000     541.499386       0.000000            0
       337       168.5000       1       1       4.251909       5.818153      10.070063       3.261152       3.552926       1.000000     541.499386       0.000000            0
# Jump frustrated.
       338       169.0000       1       1       3.805501       6.267206      10.072708       3.261153       3.550311       1.000000     541.499386       0.000000            0
       339       169.5000       1       1       3.499673       6.574048      10.073721       3.261154       3.625476       1.000000     541.499386       0.000000            1
# Jump frustrated.
       340       170.0000       1       1       3.358978       6.716466      10.075444       3.261154       3.821168       1.000000     541.499386       0.000000            0
# Jump frustrated.
       341       170.5000       1       1       3.414396       6.663112      10.077507       3.261153       4.086859       1.000000     541.499386       0.000000            0
# Jump frustrated.
       342       171.0000       1       1       3.700075       6.379729      10.079804       3.261153       4.423733       1.000000     541.499386       0.000000            0
# Jump frustrated.
       343       171.5000       1       1       4.241761       5.836215      10.077976       3.261153       4.764278       1.000000     541.499386       0.000000            0
# Jump frustrated.
       344       172.0000       1       1       5.029277       5.046065      10.075342       3.261153       4.981461       1.000000     541.499386       0.000000            0
# Jump frustrated.
       345       172.5000       1       1       5.986019       4.074675      10.060694       3.261153       4.930086       1.000000     541.499386       0.000000            0
# Jump frustrated.
       346       173.0000       1       1       6.950276       3.093112      10.043388       3.261153       4.529371       1.000000     541.499386       0.000000            0
# Jump frustrated.
       347       173.5000       1       1       7.652035       2.359431      10.011465       3.261154       3.751300       1.000000     541.499386       0.000000            0
       348       174.0000       1       1       7.741461       2.245870       9.987331       3.261155       3.193005       1.000000     541.499386       0.000000            0
       349       174.5000       1       1       7.030519       2.975607      10.006126       3.261156       4.535779       1.000000     541.499386       0.000000            1
       350       175.0000       1       1       6.033413       4.055575      10.088989       3.261156       6.481162       1.000000     541.499386       0.000000            0
       351       175.5000       1       1       5.774842       4.334806      10.109648       3.261155       6.906222       1.000000     541.499386       0.000000            0
       352       176.0000       1       1       6.555389       3.497322      10.052711       3.261153       5.836595       1.000000     541.499386       0.000000            0
# Jump frustrated.
       353       176.5000       1       1       7.685869       2.322892      10.008761       3.261153       4.115159       1.000000     541.499386       0.000000            0
       354       177.0000       1       1       8.431806       1.572395      10.004201       3.261153       2.748558       1.000000     541.499386       0.000000            0
# Jump frustrated.
       355       177.5000       1       1       8.568117       1.449284      10.017402       3.261154       1.998466       1.000000     541.499386       0.000000            0
       356       178.0000       1       1       8.193498       1.841038      10.034536       3.261154       1.935311       1.000000     541.499386       0.000000            0
# Jump frustrated.
       357       178.5000       1       1       7.508452       2.539218      10.047670       3.261153       2.229760       1.000000     541.499386       0.000000            1
       358       179.0000       1       1       6.705699       3.353866      10.059565       3.261153       2.489761       1.000000     541.499386       0.000000            0
# Jump frustrated.
       359       179.5000       1       1       5.926160       4.137787      10.063948       3.261153       2.709358       1.000000     541.499386       0.000000            0
# Jump frustrated.
       360       180.0000       1       1       5.262455       4.806695      10.069150       3.261153       2.826396       1.000000     541.499386       0.000000            0
# Jump frustrated.
       361       180.5000       1       1       4.771583       5.299137      10.070721       3.261152       2.904115       1.000000     541.499386       0.000000            0
# Jump frustrated.
       362       181.0000       1       1       4.480089       5.591032      10.071121       3.261152       3.023951       1.000000     541.499386       0.000000            0
# Jump frustrated.
       363       181.5000       1       1       4.405217       5.666186      10.071402       3.261151       3.086660       1.000000     541.499386       0.000000            0
# Jump frustrated.
       364       182.0000       1       1       4.536185       5.530411      10.066596       3.261150       3.069269       1.000000     541.499386       0.000000            0
# Jump frustrated.
       365       182.5000       1       1       4.818838       5.243084      10.061921       3.261150       3.015758       1.000000     541.499386       0.000000            0
# Jump frustrated.
       366       183.0000       1       1       5.194037       4.867109      10.061145       3.261149       3.022326       1.000000     541.499386       0.000000            1
# Jump frustrated.
       367       183.5000       1       1       5.630275       4.429059      10.059335       3.261149       3.058762       1.000000     541.499386       0.000000            0
# Jump frustrated.
       368       184.0000       1       1       6.083101       3.967550      10.050651       3.261147       3.024396       1.000000     541.499386       0.000000            0
# Jump frustrated.
       369       184.5000       1       1       6.443997       3.592405      10.036402       3.261145       3.030157       1.000000     541.499386       0.000000            0
       370       185.0000       1       1       6.532252       3.485280      10.017532       3.261144       3.291798       1.000000     541.499386       0.000000            0
       371       185.5000       1       1       6.162798       3.847969      10.010767       3.261145       4.202044       1.000000     541.499386       0.000000            0
# Jump frustrated.
       372       186.0000       1       1       5.320907       4.707044      10.027951       3.261145       5.643783       1.000000     541.499386       0.000000            0
       373       186.5000       1       1       4.351016       5.718918      10.069934       3.261146       7.119936       1.000000     541.499386       0.000000            0
       374       187.0000       1       1       3.917212       6.188523      10.105735       3.261147       7.911253       1.000000     541.499386       0.000000            0
# Jump frustrated.
       375       187.5000       1       1       4.494182       5.595184      10.089366       3.261148       7.521335       1.000000     541.499386       0.000000            1
# Jump frustrated.
       376       188.0000       1       1       5.847869       4.182215      10.030084       3.261148       5.947619       1.000000     541.499386       0.000000            0
# Jump frustrated.
       377       188.5000       1       1       7.134860       2.854157       9.989017       3.261147       3.656383       1.000000     541.499386       0.000000            0
       378       189.0000       1       1       7.707501       2.298187      10.005688       3.261147       2.376835       1.000000     541.499386       0.000000            0
# Jump frustrated.
       379       189.5000       1       1       7.600011       2.433339      10.033350       3.261147       2.330654       1.000000     541.499386       0.000000            0
       380       190.0000       1       1       7.110092       2.940521      10.050613       3.261147       2.661489       1.000000     541.499386       0.000000            0
       381       190.5000       1       1       6.495266       3.565832      10.061097       3.261146       2.913752       1.000000     541.499386       0.000000            0
       382       191.0000       1       1       5.914911       4.154188      10.069099       3.261146       3.112978       1.000000     541.499386       0.000000            0
       383       191.5000       1       1       5.471716       4.602826      10.074542       3.261146       3.157458       1.000000     541.499386       0.000000            1
       384       192.0000       1       1       5.217921       4.855067      10.072988       3.261146       3.067124       1.000000     541.499386       0.000000            0
# Jump frustrated.
       385       192.5000       1       1       5.142720       4.927314      10.070034       3.261146       2.984835       1.000000     541.499386       0.000000            0
       386       193.0000       1       1       5.206446       4.860465      10.066911       3.261146       3.002715       1.000000     541.499386       0.000000            0
       387       193.5000       1       1       5.367554       4.696664      10.064218       3.261146       3.232729       1.000000     541.499386       0.000000            0
# Jump frustrated.
       388       194.0000       1       1       5.592386       4.469750      10.062136       3.261147       3.688731       1.000000     541.499386       0.000000            0
# Jump frustrated.
       389       194.5000       1       1       5.854726       4.204844      10.059570       3.261148       4.252991       1.000000     541.499386       0.000000            0
       390       195.0000       1       1       6.125292       3.931427      10.056718       3.261148       4.764010       1.000000     541.499386       0.000000            0
       391       195.5000       1       1       6.371380       3.682922      10.054302       3.261148       5.164660       1.000000     541.499386       0.000000            0
# Jump frustrated.
       392       196.0000       1       1       6.569544       3.482166      10.051710       3.261148       5.479744       1.000000     541.499386       0.000000            1
# Jump frustrated.
       393       196.5000       1       1       6.726497       3.326669      10.053166       3.261150       5.752861       1.000000     541.499386       0.000000            0
# Jump frustrated.
       394       197.0000       1       1       6.891533       3.158715      10.050248       3.261152       5.762788       1.000000     541.499386       0.000000            0
# Jump frustrated.
       395       197.5000       1       1       7.038923       2.989724      10.028646       3.261152       5.183584       1.000000     541.499386       0.000000            0
# Jump frustrated.
       396       198.0000       1       1       6.931800       3.072974      10.004774       3.261151       4.532440       1.000000     541.499386       0.000000            0
# Jump frustrated.
       397       198.5000       1       1       6.372317       3.645553      10.017870       3.261150       5.126069       1.000000     541.499386       0.000000            0
# Jump frustrated.
       398       199.0000       1       1       5.694968       4.378403      10.073371       3.261150       6.662191       1.000000     541.499386       0.000000            0
       399       199.5000       1       1       5.666457       4.423246      10.089703       3.261149       7.226653       1.000000     541.499386       0.000000            0
# Jump frustrated.
       400       200.0000       1       1       6.474935       3.554413      10.029348       3.261149       5.974307       1.000000     541.499386       0.000000            0
