#===============================================================================================================================================================================
#     Step |         Time |         State |                                     Energy |      Angular |     Gradient |      Density |           Expectation Value |    Runtime |
#          |              |  diag |   MCH |          kin |          pot |          tot |     Momentum |          RMS |        Total |           DM |            S |            |
#          |         [fs] |       |       |         [eV] |         [eV] |         [eV] |       [hbar] |     [eV/Ang] |              |      [Debye] |              |      [sec] |
#===============================================================================================================================================================================
         0         0.0000       2       2       0.006208   -2113.160164   -2113.153956       0.577574       1.129863       1.000000     541.499386       0.000000            3
         1         0.5000       2       2       0.017965   -2113.171790   -2113.153825       0.577574       1.123911       1.000000     541.499386       0.000000            2
         2         1.0000       2       2       0.060914   -2113.214972   -2113.154058       0.577574       1.090553       1.000000     541.499386       0.000000            3
         3         1.5000       2       2       0.130569   -2113.285351   -2113.154781       0.577574       1.032269       1.000000     541.499386       0.000000            3
         4         2.0000       2       2       0.219930   -2113.375244   -2113.155314       0.577574       0.956212       1.000000     541.499386       0.000000            2
         5         2.5000       2       2       0.320941   -2113.476556   -2113.155615       0.577574       0.877736       1.000000     541.499386       0.000000            2
         6         3.0000       2       2       0.426941   -2113.582643   -2113.155702       0.577574       0.817943       1.000000     541.499386       0.000000            2
         7         3.5000       2       2       0.535562   -2113.691014   -2113.155451       0.577574       0.794364       1.000000     541.499386       0.000000            2
         8         4.0000       2       2       0.649938   -2113.804782   -2113.154843       0.577574       0.803400       1.000000     541.499386       0.000000            3
         9         4.5000       2       2       0.776777   -2113.931422   -2113.154645       0.577574       0.826763       1.000000     541.499386       0.000000            3
        10         5.0000       2       2       0.922523   -2114.076746   -2113.154223       0.577573       0.850024       1.000000     541.499386       0.000000            2
        11         5.5000       2       2       1.090153   -2114.244700   -2113.154547       0.577573       0.873646       1.000000     541.499386       0.000000            2
        12         6.0000       2       2       1.275678   -2114.431546   -2113.155868       0.577573       0.885356       1.000000     541.499386       0.000000            3
        13         6.5000       2       2       1.468692   -2114.625450   -2113.156758       0.577573       0.892233       1.000000     541.499386       0.000000            2
        14         7.0000       2       2       1.657067   -2114.814579   -2113.157512       0.577573       0.901905       1.000000     541.499386       0.000000            3
        15         7.5000       2       2       1.829936   -2114.987931   -2113.157995       0.577573       0.919827       1.000000     541.499386       0.000000            2
        16         8.0000       2       2       1.983286   -2115.140521   -2113.157235       0.577573       0.953628       1.000000     541.499386       0.000000            3
        17         8.5000       2       2       2.125300   -2115.281071   -2113.155771       0.577573       1.022793       1.000000     541.499386       0.000000            3
        18         9.0000       2       2       2.283137   -2115.434284   -2113.151147       0.577573       1.167974       1.000000     541.499386       0.000000            2
        19         9.5000       2       2       2.471245   -2115.626320   -2113.155075       0.577573       1.259081       1.000000     541.499386       0.000000            2
        20        10.0000       2       2       2.665674   -2115.828737   -2113.163063       0.577573       1.291293       1.000000     541.499386       0.000000            3
# Surface Hop/Pointer State Switch: new state=      3 old state=      2 randnum=  0.065403381 gap=  0.600605 eV
        21        10.5000       3       3       2.225341   -2115.388403   -2113.163063       0.512553       1.324675       1.000000     541.499386       0.000000            2
        22        11.0000       3       3       2.228261   -2115.386743   -2113.158482       0.512553       1.267911       1.000000     541.499386       0.000000            3
        23        11.5000       3       3       2.237101   -2115.393178   -2113.156078       0.512553       1.264163       1.000000     541.499386       0.000000            2
        24        12.0000       3       3       2.276142   -2115.433246   -2113.157104       0.512552       1.281779       1.000000     541.499386       0.000000            2
        25        12.5000       3       3       2.335694   -2115.496566   -2113.160873       0.512552       1.327796       1.000000     541.499386       0.000000            3
        26        13.0000       3       3       2.377304   -2115.542655   -2113.165351       0.512553       1.422414       1.000000     541.499386       0.000000            2
        27        13.5000       3       3       2.362080   -2115.528953   -2113.166873       0.512553       1.531519       1.000000     541.499386       0.000000            3
        28        14.0000       3       3       2.284043   -2115.447156   -2113.163113       0.512552       1.585091       1.000000     541.499386       0.000000            2
        29        14.5000       3       3       2.156368   -2115.320516   -2113.164148       0.512552       1.588645       1.000000     541.499386       0.000000            2
        30        15.0000       3       3       1.982079   -2115.144881   -2113.162802       0.512552       1.601173       1.000000     541.499386       0.000000            3
        31        15.5000       3       3       1.765851   -2114.927725   -2113.161874       0.512551       1.612750       1.000000     541.499386       0.000000            2
        32        16.0000       3       3       1.519534   -2114.680881   -2113.161347       0.512551       1.613010       1.000000     541.499386       0.000000            3
        33        16.5000       3       3       1.251717   -2114.412446   -2113.160729       0.512551       1.611374       1.000000     541.499386       0.000000            3
        34        17.0000       3       3       0.975906   -2114.134668   -2113.158763       0.512551       1.632809       1.000000     541.499386       0.000000            2
        35        17.5000       3       3       0.723881   -2113.879520   -2113.155639       0.512551       1.655429       1.000000     541.499386       0.000000            2
        36        18.0000       3       3       0.533352   -2113.687277   -2113.153925       0.512551       1.681217       1.000000     541.499386       0.000000            3
        37        18.5000       3       3       0.430439   -2113.583473   -2113.153035       0.512551       1.702558       1.000000     541.499386       0.000000            2
        38        19.0000       3       3       0.427544   -2113.580567   -2113.153023       0.512551       1.726512       1.000000     541.499386       0.000000            2
        39        19.5000       3       3       0.526988   -2113.680426   -2113.153438       0.512551       1.768314       1.000000     541.499386       0.000000            3
        40        20.0000       3       3       0.721075   -2113.875576   -2113.154501       0.512551       1.829433       1.000000     541.499386       0.000000            2
        41        20.5000       3       3       0.993055   -2114.148786   -2113.155731       0.512552       1.914736       1.000000     541.499386       0.000000            3
# Surface Hop/Pointer State Switch: new state=      2 old state=      3 randnum=  0.014434696 gap= -0.188714 eV
        42        21.0000       2       2       1.513524   -2114.669255   -2113.155731       0.548257       2.345455       1.000000     541.499386       0.000000            2
        43        21.5000       2       2       1.808567   -2114.965509   -2113.156942       0.548257       2.357004       1.000000     541.499386       0.000000            3
        44        22.0000       2       2       2.153386   -2115.295811   -2113.142425       0.548257       2.292632       1.000000     541.499386       0.000000            2
        45        22.5000       2       2       2.529324   -2115.694415   -2113.165092       0.548258       2.285692       1.000000     541.499386       0.000000            3
        46        23.0000       2       2       2.818618   -2115.984234   -2113.165615       0.548258       1.940653       1.000000     541.499386       0.000000            3
        47        23.5000       2       2       2.940168   -2116.103192   -2113.163025       0.548258       1.562205       1.000000     541.499386       0.000000            2
# Surface Hop/Pointer State Switch: new state=      3 old state=      2 randnum=  0.483871057 gap=  0.069963 eV
        48        24.0000       3       3       2.902383   -2116.065408   -2113.163025       0.540970       1.276034       1.000000     541.499386       0.000000            3
        49        24.5000       3       3       2.670569   -2115.831228   -2113.160659       0.540970       1.327849       1.000000     541.499386       0.000000            3
        50        25.0000       3       3       2.298363   -2115.447987   -2113.149624       0.540970       1.583237       1.000000     541.499386       0.000000            3
        51        25.5000       3       3       1.906416   -2115.051458   -2113.145042       0.540970       1.695697       1.000000     541.499386       0.000000            2
        52        26.0000       3       3       1.570275   -2114.712852   -2113.142578       0.540970       1.741892       1.000000     541.499386       0.000000            4
        53        26.5000       3       3       1.313011   -2114.456043   -2113.143032       0.540971       1.787353       1.000000     541.499386       0.000000            3
        54        27.0000       3       3       1.138848   -2114.281654   -2113.142806       0.540971       1.853438       1.000000     541.499386       0.000000            3
        55        27.5000       3       3       1.046950   -2114.189684   -2113.142734       0.540971       1.950462       1.000000     541.499386       0.000000            2
        56        28.0000       3       3       1.040198   -2114.182625   -2113.142427       0.540971       2.049779       1.000000     541.499386       0.000000            3
        57        28.5000       3       3       1.121121   -2114.264630   -2113.143509       0.540970       2.101091       1.000000     541.499386       0.000000            2
        58        29.0000       3       3       1.272926   -2114.420542   -2113.147616       0.540970       2.043301       1.000000     541.499386       0.000000            3
        59        29.5000       3       3       1.447357   -2114.598461   -2113.151104       0.540970       1.892949       1.000000     541.499386       0.000000            2
        60        30.0000       3       3       1.599101   -2114.750429   -2113.151328       0.540971       1.803298       1.000000     541.499386       0.000000            3
