#===============================================================================================================================================================================
#     Step |         Time |         State |                                     Energy |      Angular |     Gradient |      Density |           Expectation Value |    Runtime |
#          |              |  diag |   MCH |          kin |          pot |          tot |     Momentum |          RMS |        Total |           DM |            S |            |
#          |         [fs] |       |       |         [eV] |         [eV] |         [eV] |       [hbar] |     [eV/Ang] |              |      [Debye] |              |      [sec] |
#===============================================================================================================================================================================
         0         0.0000       2       2       0.096219      10.178303      10.274522       0.000131       2.733879       1.000000     541.499386       0.000000            4
         1         0.5000       2       2       0.091995      10.182455      10.274450       0.000131       2.751349       1.000000     541.499386       0.000000            2
         2         1.0000       2       2       0.133734      10.140104      10.273837       0.000131       2.689201       1.000000     541.499386       0.000000            1
         3         1.5000       2       2       0.214199      10.059137      10.273336       0.000131       2.551729       1.000000     541.499386       0.000000            0
         4         2.0000       2       2       0.322659       9.949728      10.272388       0.000132       2.340186       1.000000     541.499386       0.000000            0
         5         2.5000       2       2       0.446684       9.824957      10.271641       0.000132       2.055098       1.000000     541.499386       0.000000            0
         6         3.0000       2       2       0.572193       9.698525      10.270718       0.000132       1.707074       1.000000     541.499386       0.000000            0
         7         3.5000       2       2       0.683954       9.585794      10.269749       0.000132       1.330510       1.000000     541.499386       0.000000            0
# Surface Hop/Pointer State Switch: new state=      1 old state=      2 randnum=  0.740135853 gap= -9.254886 eV
         8         4.0000       1       1      10.023751       0.245998      10.269749       4.479402       1.235085       1.000000     541.499386       0.000000            0
         9         4.5000       1       1       9.477474       0.791172      10.268646       4.479402       2.689550       1.000000     541.499386       0.000000            1
        10         5.0000       1       1       8.285092       2.022693      10.307786       4.479402       5.156775       1.000000     541.499386       0.000000            0
# Jump frustrated.
        11         5.5000       1       1       7.020860       3.344316      10.365176       4.479402       7.018732       1.000000     541.499386       0.000000            0
# Jump frustrated.
        12         6.0000       1       1       6.412135       3.951149      10.363285       4.479401       6.959829       1.000000     541.499386       0.000000            0
# Jump frustrated.
        13         6.5000       1       1       6.442699       3.870183      10.312881       4.479401       5.306540       1.000000     541.499386       0.000000            0
# Jump frustrated.
        14         7.0000       1       1       6.503404       3.796898      10.300301       4.479402       3.739961       1.000000     541.499386       0.000000            0
# Jump frustrated.
        15         7.5000       1       1       6.275746       4.037929      10.313675       4.479402       3.120925       1.000000     541.499386       0.000000            0
# Jump frustrated.
        16         8.0000       1       1       5.835641       4.490303      10.325944       4.479402       3.071585       1.000000     541.499386       0.000000            1
# Jump frustrated.
        17         8.5000       1       1       5.341384       4.993748      10.335133       4.479402       3.165802       1.000000     541.499386       0.000000            0
        18         9.0000       1       1       4.908726       5.432006      10.340732       4.479401       3.265096       1.000000     541.499386       0.000000            0
# Jump frustrated.
        19         9.5000       1       1       4.614434       5.728675      10.343109       4.479401       3.255747       1.000000     541.499386       0.000000            0
# Jump frustrated.
        20        10.0000       1       1       4.474167       5.864657      10.338825       4.479401       3.114967       1.000000     541.499386       0.000000            0
        21        10.5000       1       1       4.430642       5.901611      10.332253       4.479401       2.927894       1.000000     541.499386       0.000000            0
# Jump frustrated.
        22        11.0000       1       1       4.397098       5.929846      10.326944       4.479401       2.827334       1.000000     541.499386       0.000000            1
        23        11.5000       1       1       4.301362       6.022231      10.323592       4.479401       3.000180       1.000000     541.499386       0.000000            0
# Jump frustrated.
        24        12.0000       1       1       4.129272       6.199734      10.329006       4.479401       3.572650       1.000000     541.499386       0.000000            0
# Jump frustrated.
        25        12.5000       1       1       3.990196       6.353363      10.343559       4.479401       4.322919       1.000000     541.499386       0.000000            0
        26        13.0000       1       1       4.104266       6.251220      10.355487       4.479401       4.801804       1.000000     541.499386       0.000000            0
        27        13.5000       1       1       4.640039       5.712482      10.352521       4.479401       4.668647       1.000000     541.499386       0.000000            0
# Jump frustrated.
        28        14.0000       1       1       5.550108       4.785312      10.335420       4.479400       4.035961       1.000000     541.499386       0.000000            0
        29        14.5000       1       1       6.575749       3.733993      10.309742       4.479399       3.199925       1.000000     541.499386       0.000000            1
# Jump frustrated.
        30        15.0000       1       1       7.412360       2.886543      10.298903       4.479399       2.651341       1.000000     541.499386       0.000000            0
# Jump frustrated.
        31        15.5000       1       1       7.891503       2.408011      10.299514       4.479399       2.470869       1.000000     541.499386       0.000000            0
# Jump frustrated.
        32        16.0000       1       1       7.951808       2.337217      10.289025       4.479399       2.416131       1.000000     541.499386       0.000000            0
# Jump frustrated.
        33        16.5000       1       1       7.501735       2.777965      10.279701       4.479399       2.978710       1.000000     541.499386       0.000000            0
# Jump frustrated.
        34        17.0000       1       1       6.560661       3.750394      10.311055       4.479399       4.738171       1.000000     541.499386       0.000000            0
        35        17.5000       1       1       5.690438       4.680470      10.370908       4.479399       6.186767       1.000000     541.499386       0.000000            0
# Jump frustrated.
        36        18.0000       1       1       5.614601       4.750641      10.365242       4.479398       6.084568       1.000000     541.499386       0.000000            0
        37        18.5000       1       1       6.260577       4.044157      10.304734       4.479398       4.763980       1.000000     541.499386       0.000000            1
        38        19.0000       1       1       6.917019       3.374003      10.291023       4.479397       4.181762       1.000000     541.499386       0.000000            0
# Jump frustrated.
        39        19.5000       1       1       7.216898       3.089998      10.306895       4.479397       4.732869       1.000000     541.499386       0.000000            0
# Jump frustrated.
        40        20.0000       1       1       7.270411       3.049307      10.319718       4.479397       5.316925       1.000000     541.499386       0.000000            0
        41        20.5000       1       1       7.244190       3.082109      10.326299       4.479397       5.591400       1.000000     541.499386       0.000000            0
        42        21.0000       1       1       7.227370       3.100586      10.327956       4.479397       5.485935       1.000000     541.499386       0.000000            0
# Jump frustrated.
        43        21.5000       1       1       7.229690       3.094980      10.324670       4.479397       5.069448       1.000000     541.499386       0.000000            0
# Jump frustrated.
        44        22.0000       1       1       7.197485       3.120101      10.317586       4.479396       4.252836       1.000000     541.499386       0.000000            0
        45        22.5000       1       1       7.049576       3.267501      10.317077       4.479396       3.606560       1.000000     541.499386       0.000000            0
        46        23.0000       1       1       6.779987       3.544656      10.324642       4.479396       3.522636       1.000000     541.499386       0.000000            1
# Jump frustrated.
        47        23.5000       1       1       6.491656       3.841533      10.333189       4.479395       3.631831       1.000000     541.499386       0.000000            0
        48        24.0000       1       1       6.304403       4.033361      10.337764       4.479396       3.567768       1.000000     541.499386       0.000000            0
        49        24.5000       1       1       6.266690       4.068032      10.334722       4.479396       3.259464       1.000000     541.499386       0.000000            0
# Jump frustrated.
        50        25.0000       1       1       6.342486       3.988103      10.330589       4.479397       2.883251       1.000000     541.499386       0.000000            0
        51        25.5000       1       1       6.458692       3.867069      10.325760       4.479397       2.577959       1.000000     541.499386       0.000000            0
# Jump frustrated.
        52        26.0000       1       1       6.545151       3.778005      10.323156       4.479397       2.412731       1.000000     541.499386       0.000000            0
        53        26.5000       1       1       6.553706       3.768663      10.322369       4.479397       2.403829       1.000000     541.499386       0.000000            1
        54        27.0000       1       1       6.456114       3.863539      10.319653       4.479396       2.515962       1.000000     541.499386       0.000000            0
# Jump frustrated.
        55        27.5000       1       1       6.218210       4.097512      10.315722       4.479396       2.743023       1.000000     541.499386       0.000000            0
        56        28.0000       1       1       5.803588       4.512517      10.316105       4.479396       3.243672       1.000000     541.499386       0.000000            0
        57        28.5000       1       1       5.265227       5.067034      10.332260       4.479395       4.018517       1.000000     541.499386       0.000000            0
# Jump frustrated.
        58        29.0000       1       1       4.818422       5.532072      10.350494       4.479396       4.637364       1.000000     541.499386       0.000000            0
        59        29.5000       1       1       4.698655       5.652068      10.350723       4.479396       4.631991       1.000000     541.499386       0.000000            1
# Jump frustrated.
        60        30.0000       1       1       4.911503       5.420380      10.331883       4.479396       3.967014       1.000000     541.499386       0.000000            0
# Jump frustrated.
        61        30.5000       1       1       5.232221       5.086549      10.318769       4.479396       3.298505       1.000000     541.499386       0.000000            0
# Jump frustrated.
        62        31.0000       1       1       5.465459       4.851953      10.317412       4.479396       3.083097       1.000000     541.499386       0.000000            0
# Jump frustrated.
        63        31.5000       1       1       5.559207       4.759984      10.319191       4.479396       3.231893       1.000000     541.499386       0.000000            0
# Jump frustrated.
        64        32.0000       1       1       5.531192       4.789879      10.321071       4.479396       3.546069       1.000000     541.499386       0.000000            0
        65        32.5000       1       1       5.413664       4.910914      10.324578       4.479395       3.942471       1.000000     541.499386       0.000000            0
# Jump frustrated.
        66        33.0000       1       1       5.260281       5.071186      10.331467       4.479395       4.420533       1.000000     541.499386       0.000000            1
# Jump frustrated.
        67        33.5000       1       1       5.169042       5.171460      10.340501       4.479396       4.869671       1.000000     541.499386       0.000000            0
        68        34.0000       1       1       5.265945       5.080736      10.346680       4.479395       5.095952       1.000000     541.499386       0.000000            0
# Jump frustrated.
        69        34.5000       1       1       5.631164       4.712442      10.343606       4.479395       4.932201       1.000000     541.499386       0.000000            0
        70        35.0000       1       1       6.226867       4.107269      10.334136       4.479395       4.400386       1.000000     541.499386       0.000000            0
        71        35.5000       1       1       6.915676       3.407220      10.322896       4.479396       3.710244       1.000000     541.499386       0.000000            0
        72        36.0000       1       1       7.540356       2.775266      10.315623       4.479396       2.991695       1.000000     541.499386       0.000000            1
# Jump frustrated.
        73        36.5000       1       1       7.990964       2.322685      10.313649       4.479396       2.452383       1.000000     541.499386       0.000000            0
# Jump frustrated.
        74        37.0000       1       1       8.225908       2.087674      10.313582       4.479396       2.152917       1.000000     541.499386       0.000000            0
        75        37.5000       1       1       8.247137       2.068989      10.316127       4.479397       2.155295       1.000000     541.499386       0.000000            0
# Jump frustrated.
        76        38.0000       1       1       8.088286       2.231961      10.320247       4.479397       2.444149       1.000000     541.499386       0.000000            0
        77        38.5000       1       1       7.808208       2.515966      10.324174       4.479397       2.863568       1.000000     541.499386       0.000000            0
        78        39.0000       1       1       7.463880       2.862461      10.326341       4.479397       3.353090       1.000000     541.499386       0.000000            1
# Jump frustrated.
        79        39.5000       1       1       7.099936       3.229717      10.329653       4.479397       3.838810       1.000000     541.499386       0.000000            0
        80        40.0000       1       1       6.748728       3.580364      10.329092       4.479396       4.247878       1.000000     541.499386       0.000000            0
        81        40.5000       1       1       6.423144       3.907552      10.330696       4.479395       4.684307       1.000000     541.499386       0.000000            0
# Jump frustrated.
        82        41.0000       1       1       6.150614       4.185537      10.336151       4.479395       4.989928       1.000000     541.499386       0.000000            0
        83        41.5000       1       1       5.971773       4.364909      10.336681       4.479394       5.131816       1.000000     541.499386       0.000000            1
# Jump frustrated.
        84        42.0000       1       1       5.900874       4.435080      10.335953       4.479394       5.118346       1.000000     541.499386       0.000000            0
# Jump frustrated.
        85        42.5000       1       1       5.926502       4.406222      10.332725       4.479394       4.870903       1.000000     541.499386       0.000000            0
# Jump frustrated.
        86        43.0000       1       1       6.002912       4.323803      10.326715       4.479394       4.381257       1.000000     541.499386       0.000000            0
        87        43.5000       1       1       6.064573       4.261313      10.325886       4.479394       3.850795       1.000000     541.499386       0.000000            0
        88        44.0000       1       1       6.095595       4.232663      10.328258       4.479394       3.472997       1.000000     541.499386       0.000000            0
        89        44.5000       1       1       6.116863       4.211280      10.328143       4.479395       3.275095       1.000000     541.499386       0.000000            0
# Jump frustrated.
        90        45.0000       1       1       6.159139       4.172250      10.331389       4.479395       3.095489       1.000000     541.499386       0.000000            0
        91        45.5000       1       1       6.232308       4.094605      10.326913       4.479394       2.801533       1.000000     541.499386       0.000000            0
        92        46.0000       1       1       6.279885       4.041043      10.320927       4.479395       2.545307       1.000000     541.499386       0.000000            1
# Jump frustrated.
        93        46.5000       1       1       6.220615       4.097304      10.317919       4.479395       2.580958       1.000000     541.499386       0.000000            0
        94        47.0000       1       1       6.012896       4.307609      10.320506       4.479396       3.043292       1.000000     541.499386       0.000000            0
        95        47.5000       1       1       5.701882       4.627738      10.329620       4.479397       3.724609       1.000000     541.499386       0.000000            0
        96        48.0000       1       1       5.409275       4.928560      10.337835       4.479397       4.247731       1.000000     541.499386       0.000000            0
# Jump frustrated.
        97        48.5000       1       1       5.244899       5.093607      10.338506       4.479398       4.335015       1.000000     541.499386       0.000000            1
        98        49.0000       1       1       5.223379       5.110216      10.333594       4.479397       4.032898       1.000000     541.499386       0.000000            0
# Jump frustrated.
        99        49.5000       1       1       5.285300       5.044404      10.329705       4.479397       3.582869       1.000000     541.499386       0.000000            0
# Jump frustrated.
       100        50.0000       1       1       5.377057       4.952435      10.329492       4.479396       3.196071       1.000000     541.499386       0.000000            0
# Jump frustrated.
       101        50.5000       1       1       5.487376       4.843649      10.331025       4.479396       2.946839       1.000000     541.499386       0.000000            0
# Jump frustrated.
       102        51.0000       1       1       5.633172       4.699363      10.332534       4.479395       2.804771       1.000000     541.499386       0.000000            0
# Jump frustrated.
       103        51.5000       1       1       5.831861       4.499853      10.331714       4.479395       2.703320       1.000000     541.499386       0.000000            0
       104        52.0000       1       1       6.071629       4.256746      10.328375       4.479395       2.630258       1.000000     541.499386       0.000000            0
# Jump frustrated.
       105        52.5000       1       1       6.315736       4.010525      10.326260       4.479395       2.692700       1.000000     541.499386       0.000000            0
       106        53.0000       1       1       6.546434       3.782573      10.329007       4.479394       3.001726       1.000000     541.499386       0.000000            1
# Jump frustrated.
       107        53.5000       1       1       6.792071       3.540088      10.332160       4.479394       3.379469       1.000000     541.499386       0.000000            0
# Jump frustrated.
       108        54.0000       1       1       7.095898       3.236360      10.332258       4.479395       3.459386       1.000000     541.499386       0.000000            0
# Jump frustrated.
       109        54.5000       1       1       7.434703       2.887997      10.322700       4.479395       3.118168       1.000000     541.499386       0.000000            0
       110        55.0000       1       1       7.691462       2.622053      10.313515       4.479396       2.559612       1.000000     541.499386       0.000000            0
# Jump frustrated.
       111        55.5000       1       1       7.747141       2.564754      10.311895       4.479396       2.188533       1.000000     541.499386       0.000000            0
# Jump frustrated.
       112        56.0000       1       1       7.576398       2.739558      10.315956       4.479396       2.155796       1.000000     541.499386       0.000000            0
       113        56.5000       1       1       7.228928       3.091036      10.319964       4.479396       2.341306       1.000000     541.499386       0.000000            1
# Jump frustrated.
       114        57.0000       1       1       6.777471       3.548600      10.326072       4.479396       2.693142       1.000000     541.499386       0.000000            0
       115        57.5000       1       1       6.335716       4.005750      10.341465       4.479396       3.185151       1.000000     541.499386       0.000000            0
       116        58.0000       1       1       6.013395       4.320066      10.333461       4.479396       3.771924       1.000000     541.499386       0.000000            0
# Jump frustrated.
       117        58.5000       1       1       5.884032       4.458124      10.342156       4.479397       4.066676       1.000000     541.499386       0.000000            0
       118        59.0000       1       1       5.981107       4.353075      10.334182       4.479398       3.709196       1.000000     541.499386       0.000000            0
# Jump frustrated.
       119        59.5000       1       1       6.225963       4.094398      10.320360       4.479397       2.996860       1.000000     541.499386       0.000000            0
# Jump frustrated.
       120        60.0000       1       1       6.451998       3.862086      10.314084       4.479396       2.681776       1.000000     541.499386       0.000000            0
       121        60.5000       1       1       6.550644       3.765964      10.316608       4.479396       2.850987       1.000000     541.499386       0.000000            1
# Jump frustrated.
       122        61.0000       1       1       6.528724       3.792745      10.321469       4.479396       3.173164       1.000000     541.499386       0.000000            0
# Jump frustrated.
       123        61.5000       1       1       6.452949       3.874127      10.327076       4.479396       3.417553       1.000000     541.499386       0.000000            0
# Jump frustrated.
       124        62.0000       1       1       6.394263       3.935371      10.329634       4.479396       3.526086       1.000000     541.499386       0.000000            0
       125        62.5000       1       1       6.392145       3.937032      10.329177       4.479395       3.496470       1.000000     541.499386       0.000000            0
# Jump frustrated.
       126        63.0000       1       1       6.439117       3.885130      10.324247       4.479395       3.317197       1.000000     541.499386       0.000000            0
# Jump frustrated.
       127        63.5000       1       1       6.464098       3.849630      10.313728       4.479395       2.989810       1.000000     541.499386       0.000000            0
# Jump frustrated.
       128        64.0000       1       1       6.330687       3.969626      10.300313       4.479396       2.704475       1.000000     541.499386       0.000000            1
# Jump frustrated.
       129        64.5000       1       1       5.892354       4.403108      10.295462       4.479395       3.131304       1.000000     541.499386       0.000000            0
# Jump frustrated.
       130        65.0000       1       1       5.168114       5.149453      10.317567       4.479394       4.519463       1.000000     541.499386       0.000000            0
       131        65.5000       1       1       4.545783       5.811510      10.357293       4.479394       5.781430       1.000000     541.499386       0.000000            0
# Jump frustrated.
       132        66.0000       1       1       4.528505       5.827703      10.356208       4.479394       5.750641       1.000000     541.499386       0.000000            0
       133        66.5000       1       1       5.102441       5.213396      10.315837       4.479393       4.416103       1.000000     541.499386       0.000000            0
# Jump frustrated.
       134        67.0000       1       1       5.753074       4.539713      10.292787       4.479393       2.942721       1.000000     541.499386       0.000000            0
       135        67.5000       1       1       6.092787       4.202976      10.295763       4.479393       2.405110       1.000000     541.499386       0.000000            0
# Jump frustrated.
       136        68.0000       1       1       6.085124       4.222075      10.307200       4.479394       2.632925       1.000000     541.499386       0.000000            1
       137        68.5000       1       1       5.852718       4.463937      10.316655       4.479393       3.068058       1.000000     541.499386       0.000000            0
# Jump frustrated.
       138        69.0000       1       1       5.548144       4.780121      10.328266       4.479393       3.589370       1.000000     541.499386       0.000000            0
# Jump frustrated.
       139        69.5000       1       1       5.350642       4.989596      10.340239       4.479392       4.003259       1.000000     541.499386       0.000000            0
       140        70.0000       1       1       5.414824       4.925861      10.340685       4.479392       4.055341       1.000000     541.499386       0.000000            0
# Jump frustrated.
       141        70.5000       1       1       5.744230       4.582273      10.326503       4.479392       3.647267       1.000000     541.499386       0.000000            0
# Jump frustrated.
       142        71.0000       1       1       6.149618       4.159586      10.309204       4.479391       2.998642       1.000000     541.499386       0.000000            1
# Jump frustrated.
       143        71.5000       1       1       6.412072       3.895303      10.307375       4.479390       2.606360       1.000000     541.499386       0.000000            0
# Jump frustrated.
       144        72.0000       1       1       6.455564       3.855443      10.311007       4.479390       2.608251       1.000000     541.499386       0.000000            0
# Jump frustrated.
       145        72.5000       1       1       6.322597       3.996200      10.318797       4.479390       2.830679       1.000000     541.499386       0.000000            0
       146        73.0000       1       1       6.107966       4.217923      10.325889       4.479391       3.056971       1.000000     541.499386       0.000000            0
# Jump frustrated.
       147        73.5000       1       1       5.913840       4.417848      10.331689       4.479391       3.182288       1.000000     541.499386       0.000000            0
# Jump frustrated.
       148        74.0000       1       1       5.820563       4.514178      10.334740       4.479392       3.208173       1.000000     541.499386       0.000000            0
       149        74.5000       1       1       5.872404       4.462276      10.334680       4.479392       3.163388       1.000000     541.499386       0.000000            1
       150        75.0000       1       1       6.069793       4.261105      10.330899       4.479392       3.046249       1.000000     541.499386       0.000000            0
# Jump frustrated.
       151        75.5000       1       1       6.371823       3.954678      10.326502       4.479391       2.897696       1.000000     541.499386       0.000000            0
# Jump frustrated.
       152        76.0000       1       1       6.720503       3.602370      10.322874       4.479391       2.783576       1.000000     541.499386       0.000000            0
# Jump frustrated.
       153        76.5000       1       1       7.056689       3.260858      10.317547       4.479392       2.736592       1.000000     541.499386       0.000000            0
# Jump frustrated.
       154        77.0000       1       1       7.279183       3.026678      10.305861       4.479392       2.890895       1.000000     541.499386       0.000000            0
       155        77.5000       1       1       7.303731       3.011107      10.314838       4.479392       3.385989       1.000000     541.499386       0.000000            1
# Jump frustrated.
       156        78.0000       1       1       7.221534       3.107229      10.328763       4.479392       3.906447       1.000000     541.499386       0.000000            0
# Jump frustrated.
       157        78.5000       1       1       7.209555       3.121139      10.330694       4.479393       4.034297       1.000000     541.499386       0.000000            0
       158        79.0000       1       1       7.296001       3.020242      10.316243       4.479393       3.760765       1.000000     541.499386       0.000000            0
# Jump frustrated.
       159        79.5000       1       1       7.327287       2.976852      10.304139       4.479394       3.774980       1.000000     541.499386       0.000000            0
# Jump frustrated.
       160        80.0000       1       1       7.153405       3.147505      10.300910       4.479394       4.333541       1.000000     541.499386       0.000000            0
# Jump frustrated.
       161        80.5000       1       1       6.757352       3.549223      10.306575       4.479395       5.016151       1.000000     541.499386       0.000000            0
# Jump frustrated.
       162        81.0000       1       1       6.251254       4.069900      10.321154       4.479396       5.663444       1.000000     541.499386       0.000000            1
# Jump frustrated.
       163        81.5000       1       1       5.867016       4.469750      10.336766       4.479396       5.919094       1.000000     541.499386       0.000000            0
# Jump frustrated.
       164        82.0000       1       1       5.792254       4.539713      10.331968       4.479395       5.476321       1.000000     541.499386       0.000000            0
# Jump frustrated.
       165        82.5000       1       1       5.946663       4.365532      10.312194       4.479395       4.380304       1.000000     541.499386       0.000000            0
       166        83.0000       1       1       6.063503       4.241590      10.305093       4.479394       3.301702       1.000000     541.499386       0.000000            0
# Jump frustrated.
       167        83.5000       1       1       5.997611       4.316329      10.313939       4.479394       2.780600       1.000000     541.499386       0.000000            0
# Jump frustrated.
       168        84.0000       1       1       5.803967       4.518953      10.322920       4.479394       2.686376       1.000000     541.499386       0.000000            0
# Jump frustrated.
       169        84.5000       1       1       5.584289       4.741922      10.326211       4.479394       2.731632       1.000000     541.499386       0.000000            0
# Jump frustrated.
       170        85.0000       1       1       5.395964       4.932297      10.328261       4.479395       2.824904       1.000000     541.499386       0.000000            1
# Jump frustrated.
       171        85.5000       1       1       5.264889       5.064335      10.329223       4.479396       2.939119       1.000000     541.499386       0.000000            0
# Jump frustrated.
       172        86.0000       1       1       5.205614       5.124333      10.329947       4.479396       3.032347       1.000000     541.499386       0.000000            0
       173        86.5000       1       1       5.222373       5.107102      10.329474       4.479395       3.075206       1.000000     541.499386       0.000000            0
# Jump frustrated.
       174        87.0000       1       1       5.299888       5.026343      10.326231       4.479396       3.071933       1.000000     541.499386       0.000000            0
       175        87.5000       1       1       5.391603       4.928352      10.319956       4.479396       3.063929       1.000000     541.499386       0.000000            0
# Jump frustrated.
       176        88.0000       1       1       5.431366       4.886001      10.317367       4.479397       3.193466       1.000000     541.499386       0.000000            0
# Jump frustrated.
       177        88.5000       1       1       5.393311       4.926276      10.319588       4.479397       3.492754       1.000000     541.499386       0.000000            1
# Jump frustrated.
       178        89.0000       1       1       5.324241       5.000807      10.325048       4.479397       3.853032       1.000000     541.499386       0.000000            0
       179        89.5000       1       1       5.332270       5.000599      10.332870       4.479397       4.109842       1.000000     541.499386       0.000000            0
# Jump frustrated.
       180        90.0000       1       1       5.540916       4.792578      10.333494       4.479397       4.031085       1.000000     541.499386       0.000000            0
# Jump frustrated.
       181        90.5000       1       1       5.981077       4.344563      10.325641       4.479397       3.597899       1.000000     541.499386       0.000000            0
# Jump frustrated.
       182        91.0000       1       1       6.549994       3.763681      10.313675       4.479397       3.067519       1.000000     541.499386       0.000000            0
# Jump frustrated.
       183        91.5000       1       1       7.058990       3.240097      10.299087       4.479397       2.980178       1.000000     541.499386       0.000000            0
       184        92.0000       1       1       7.337457       2.958998      10.296455       4.479397       3.728042       1.000000     541.499386       0.000000            1
# Jump frustrated.
       185        92.5000       1       1       7.388811       2.927857      10.316668       4.479397       4.858125       1.000000     541.499386       0.000000            0
# Jump frustrated.
       186        93.0000       1       1       7.461103       2.869727      10.330831       4.479397       5.269071       1.000000     541.499386       0.000000            0
# Jump frustrated.
       187        93.5000       1       1       7.685532       2.624752      10.310283       4.479395       4.564186       1.000000     541.499386       0.000000            0
# Jump frustrated.
       188        94.0000       1       1       7.842591       2.454722      10.297313       4.479394       3.623202       1.000000     541.499386       0.000000            0
       189        94.5000       1       1       7.724363       2.576172      10.300534       4.479394       3.053736       1.000000     541.499386       0.000000            0
# Jump frustrated.
       190        95.0000       1       1       7.339487       2.972077      10.311564       4.479394       2.921395       1.000000     541.499386       0.000000            1
# Jump frustrated.
       191        95.5000       1       1       6.825883       3.500020      10.325904       4.479394       2.966550       1.000000     541.499386       0.000000            0
       192        96.0000       1       1       6.341451       3.991010      10.332461       4.479394       2.967336       1.000000     541.499386       0.000000            0
# Jump frustrated.
       193        96.5000       1       1       5.986670       4.347885      10.334555       4.479393       2.979219       1.000000     541.499386       0.000000            0
       194        97.0000       1       1       5.802723       4.532862      10.335586       4.479393       2.977777       1.000000     541.499386       0.000000            0
# Jump frustrated.
       195        97.5000       1       1       5.793507       4.540336      10.333843       4.479394       2.968365       1.000000     541.499386       0.000000            0
# Jump frustrated.
       196        98.0000       1       1       5.935804       4.396050      10.331853       4.479393       2.983084       1.000000     541.499386       0.000000            0
       197        98.5000       1       1       6.192290       4.136334      10.328624       4.479393       3.025368       1.000000     541.499386       0.000000            1
       198        99.0000       1       1       6.510808       3.812883      10.323691       4.479393       3.038218       1.000000     541.499386       0.000000            0
       199        99.5000       1       1       6.814404       3.503550      10.317954       4.479392       3.007639       1.000000     541.499386       0.000000            0
# Jump frustrated.
       200       100.0000       1       1       7.005131       3.304455      10.309586       4.479392       3.020693       1.000000     541.499386       0.000000            0
       201       100.5000       1       1       6.985085       3.320233      10.305319       4.479391       3.305547       1.000000     541.499386       0.000000            0
       202       101.0000       1       1       6.698116       3.606107      10.304223       4.479389       4.139950       1.000000     541.499386       0.000000            0
       203       101.5000       1       1       6.256818       4.070730      10.327549       4.479388       5.168133       1.000000     541.499386       0.000000            0
# Jump frustrated.
       204       102.0000       1       1       5.927303       4.401447      10.328750       4.479389       5.321892       1.000000     541.499386       0.000000            0
       205       102.5000       1       1       5.769159       4.543865      10.313024       4.479391       4.623636       1.000000     541.499386       0.000000            1
# Jump frustrated.
       206       103.0000       1       1       5.623826       4.690643      10.314469       4.479390       4.017525       1.000000     541.499386       0.000000            0
# Jump frustrated.
       207       103.5000       1       1       5.463879       4.861088      10.324967       4.479390       3.790182       1.000000     541.499386       0.000000            0
       208       104.0000       1       1       5.376854       4.947660      10.324514       4.479391       3.332000       1.000000     541.499386       0.000000            0
       209       104.5000       1       1       5.336068       4.982745      10.318813       4.479391       2.729338       1.000000     541.499386       0.000000            0
# Jump frustrated.
       210       105.0000       1       1       5.244053       5.074923      10.318975       4.479391       2.485824       1.000000     541.499386       0.000000            0
       211       105.5000       1       1       5.072099       5.252011      10.324110       4.479391       2.606768       1.000000     541.499386       0.000000            1
       212       106.0000       1       1       4.867714       5.462524      10.330238       4.479391       2.827794       1.000000     541.499386       0.000000            0
       213       106.5000       1       1       4.705296       5.629439      10.334736       4.479390       2.988610       1.000000     541.499386       0.000000            0
# Jump frustrated.
       214       107.0000       1       1       4.640114       5.695873      10.335987       4.479390       3.055806       1.000000     541.499386       0.000000            0
# Jump frustrated.
       215       107.5000       1       1       4.689874       5.645633      10.335507       4.479390       3.063588       1.000000     541.499386       0.000000            0
       216       108.0000       1       1       4.849175       5.485568      10.334743       4.479390       3.037406       1.000000     541.499386       0.000000            0
# Jump frustrated.
       217       108.5000       1       1       5.107451       5.226475      10.333927       4.479389       2.991387       1.000000     541.499386       0.000000            0
# Jump frustrated.
       218       109.0000       1       1       5.448060       4.884548      10.332608       4.479388       2.947564       1.000000     541.499386       0.000000            0
# Jump frustrated.
       219       109.5000       1       1       5.854921       4.477639      10.332560       4.479388       2.902513       1.000000     541.499386       0.000000            1
       220       110.0000       1       1       6.320852       4.010732      10.331584       4.479388       2.834913       1.000000     541.499386       0.000000            0
       221       110.5000       1       1       6.834565       3.495661      10.330226       4.479388       2.729840       1.000000     541.499386       0.000000            0
       222       111.0000       1       1       7.360850       2.962527      10.323378       4.479388       2.513290       1.000000     541.499386       0.000000            0
# Jump frustrated.
       223       111.5000       1       1       7.820528       2.494375      10.314903       4.479388       2.170817       1.000000     541.499386       0.000000            0
# Jump frustrated.
       224       112.0000       1       1       8.098115       2.207878      10.305993       4.479388       1.861366       1.000000     541.499386       0.000000            0
# Jump frustrated.
       225       112.5000       1       1       8.087507       2.213899      10.301406       4.479387       2.178972       1.000000     541.499386       0.000000            0
# Jump frustrated.
       226       113.0000       1       1       7.789518       2.523440      10.312958       4.479386       3.338935       1.000000     541.499386       0.000000            1
# Jump frustrated.
       227       113.5000       1       1       7.373052       2.942390      10.315442       4.479386       4.660561       1.000000     541.499386       0.000000            0
# Jump frustrated.
       228       114.0000       1       1       7.031847       3.285563      10.317410       4.479386       5.515215       1.000000     541.499386       0.000000            0
# Jump frustrated.
       229       114.5000       1       1       6.830022       3.485488      10.315510       4.479386       5.848801       1.000000     541.499386       0.000000            0
# Jump frustrated.
       230       115.0000       1       1       6.803286       3.532199      10.335485       4.479387       5.986820       1.000000     541.499386       0.000000            0
# Jump frustrated.
       231       115.5000       1       1       7.017676       3.304248      10.321923       4.479387       5.355462       1.000000     541.499386       0.000000            0
# Jump frustrated.
       232       116.0000       1       1       7.317666       2.990347      10.308013       4.479387       4.121411       1.000000     541.499386       0.000000            0
       233       116.5000       1       1       7.459603       2.848136      10.307739       4.479387       3.146454       1.000000     541.499386       0.000000            1
# Jump frustrated.
       234       117.0000       1       1       7.368263       2.943843      10.312106       4.479387       2.679046       1.000000     541.499386       0.000000            0
# Jump frustrated.
       235       117.5000       1       1       7.087039       3.233661      10.320700       4.479387       2.661423       1.000000     541.499386       0.000000            0
       236       118.0000       1       1       6.709723       3.617526      10.327249       4.479387       2.805009       1.000000     541.499386       0.000000            0
# Jump frustrated.
       237       118.5000       1       1       6.318179       4.012601      10.330780       4.479388       2.947264       1.000000     541.499386       0.000000            0
# Jump frustrated.
       238       119.0000       1       1       5.961474       4.370929      10.332403       4.479388       3.035033       1.000000     541.499386       0.000000            0
# Jump frustrated.
       239       119.5000       1       1       5.664685       4.668844      10.333530       4.479389       3.080822       1.000000     541.499386       0.000000            1
       240       120.0000       1       1       5.439530       4.894928      10.334458       4.479388       3.129627       1.000000     541.499386       0.000000            0
       241       120.5000       1       1       5.294105       5.040668      10.334773       4.479387       3.184227       1.000000     541.499386       0.000000            0
# Jump frustrated.
       242       121.0000       1       1       5.232662       5.101911      10.334573       4.479386       3.251773       1.000000     541.499386       0.000000            0
# Jump frustrated.
       243       121.5000       1       1       5.256450       5.078452      10.334902       4.479387       3.297948       1.000000     541.499386       0.000000            0
# Jump frustrated.
       244       122.0000       1       1       5.356046       4.974441      10.330487       4.479387       3.267694       1.000000     541.499386       0.000000            1
# Jump frustrated.
       245       122.5000       1       1       5.473524       4.847801      10.321326       4.479387       3.174069       1.000000     541.499386       0.000000            0
# Jump frustrated.
       246       123.0000       1       1       5.479915       4.826418      10.306333       4.479387       3.220970       1.000000     541.499386       0.000000            0
       247       123.5000       1       1       5.225082       5.075753      10.300835       4.479388       3.912319       1.000000     541.499386       0.000000            0
       248       124.0000       1       1       4.732641       5.591447      10.324089       4.479388       5.259849       1.000000     541.499386       0.000000            0
# Jump frustrated.
       249       124.5000       1       1       4.370468       5.983616      10.354083       4.479389       6.235095       1.000000     541.499386       0.000000            0
# Jump frustrated.
       250       125.0000       1       1       4.525880       5.817946      10.343826       4.479389       5.934525       1.000000     541.499386       0.000000            0
       251       125.5000       1       1       5.093666       5.216925      10.310592       4.479389       4.641527       1.000000     541.499386       0.000000            1
# Jump frustrated.
       252       126.0000       1       1       5.671933       4.634382      10.306314       4.479390       3.683779       1.000000     541.499386       0.000000            0
       253       126.5000       1       1       6.134791       4.188858      10.323650       4.479390       3.546234       1.000000     541.499386       0.000000            0
# Jump frustrated.
       254       127.0000       1       1       6.614225       3.710949      10.325173       4.479390       3.304478       1.000000     541.499386       0.000000            0
       255       127.5000       1       1       7.127070       3.189441      10.316511       4.479389       2.683617       1.000000     541.499386       0.000000            0
# Jump frustrated.
       256       128.0000       1       1       7.541284       2.770492      10.311775       4.479389       2.126050       1.000000     541.499386       0.000000            0
# Jump frustrated.
       257       128.5000       1       1       7.755849       2.555411      10.311260       4.479389       1.965005       1.000000     541.499386       0.000000            0
       258       129.0000       1       1       7.759553       2.556865      10.316417       4.479389       2.096331       1.000000     541.499386       0.000000            0
# Jump frustrated.
       259       129.5000       1       1       7.608941       2.713607      10.322548       4.479389       2.283396       1.000000     541.499386       0.000000            0
# Jump frustrated.
       260       130.0000       1       1       7.385058       2.941974      10.327032       4.479388       2.443276       1.000000     541.499386       0.000000            1
# Jump frustrated.
       261       130.5000       1       1       7.152050       3.176777      10.328827       4.479388       2.594328       1.000000     541.499386       0.000000            0
# Jump frustrated.
       262       131.0000       1       1       6.950141       3.380647      10.330788       4.479387       2.781225       1.000000     541.499386       0.000000            0
# Jump frustrated.
       263       131.5000       1       1       6.814658       3.518082      10.332740       4.479387       2.967461       1.000000     541.499386       0.000000            0
# Jump frustrated.
       264       132.0000       1       1       6.780254       3.553790      10.334045       4.479387       3.107369       1.000000     541.499386       0.000000            0
       265       132.5000       1       1       6.868529       3.464105      10.332633       4.479387       3.140973       1.000000     541.499386       0.000000            0
       266       133.0000       1       1       7.057774       3.268539      10.326313       4.479387       3.034267       1.000000     541.499386       0.000000            0
       267       133.5000       1       1       7.256846       3.058857      10.315703       4.479388       2.743465       1.000000     541.499386       0.000000            0
# Jump frustrated.
       268       134.0000       1       1       7.319128       2.986195      10.305323       4.479387       2.493058       1.000000     541.499386       0.000000            1
# Jump frustrated.
       269       134.5000       1       1       7.118796       3.184666      10.303462       4.479386       2.718411       1.000000     541.499386       0.000000            0
# Jump frustrated.
       270       135.0000       1       1       6.649468       3.663822      10.313290       4.479387       3.701237       1.000000     541.499386       0.000000            0
# Jump frustrated.
       271       135.5000       1       1       6.121602       4.217508      10.339111       4.479387       4.851423       1.000000     541.499386       0.000000            0
# Jump frustrated.
       272       136.0000       1       1       5.851924       4.484905      10.336829       4.479388       5.112000       1.000000     541.499386       0.000000            0
# Jump frustrated.
       273       136.5000       1       1       5.840028       4.471826      10.311854       4.479388       4.774277       1.000000     541.499386       0.000000            0
# Jump frustrated.
       274       137.0000       1       1       5.839524       4.473694      10.313219       4.479388       4.742684       1.000000     541.499386       0.000000            1
# Jump frustrated.
       275       137.5000       1       1       5.805504       4.517915      10.323419       4.479388       4.659219       1.000000     541.499386       0.000000            0
# Jump frustrated.
       276       138.0000       1       1       5.811527       4.506911      10.318438       4.479389       3.951578       1.000000     541.499386       0.000000            0
       277       138.5000       1       1       5.769465       4.540544      10.310008       4.479390       3.131537       1.000000     541.499386       0.000000            0
# Jump frustrated.
       278       139.0000       1       1       5.558135       4.757492      10.315628       4.479390       2.915728       1.000000     541.499386       0.000000            0
       279       139.5000       1       1       5.208131       5.117482      10.325612       4.479391       3.120263       1.000000     541.499386       0.000000            0
# Jump frustrated.
       280       140.0000       1       1       4.836078       5.496571      10.332649       4.479392       3.237647       1.000000     541.499386       0.000000            0
# Jump frustrated.
       281       140.5000       1       1       4.528500       5.806320      10.334820       4.479394       3.168250       1.000000     541.499386       0.000000            0
# Jump frustrated.
       282       141.0000       1       1       4.308486       6.025552      10.334038       4.479395       3.009147       1.000000     541.499386       0.000000            1
       283       141.5000       1       1       4.163537       6.170046      10.333583       4.479395       2.905095       1.000000     541.499386       0.000000            0
# Jump frustrated.
       284       142.0000       1       1       4.085868       6.249352      10.335220       4.479397       2.932007       1.000000     541.499386       0.000000            0
# Jump frustrated.
       285       142.5000       1       1       4.096675       6.241671      10.338345       4.479398       3.063122       1.000000     541.499386       0.000000            0
# Jump frustrated.
       286       143.0000       1       1       4.237170       6.103612      10.340783       4.479397       3.217693       1.000000     541.499386       0.000000            0
# Jump frustrated.
       287       143.5000       1       1       4.542907       5.798431      10.341338       4.479397       3.339950       1.000000     541.499386       0.000000            0
# Jump frustrated.
       288       144.0000       1       1       5.018611       5.319898      10.338509       4.479396       3.352094       1.000000     541.499386       0.000000            0
# Jump frustrated.
       289       144.5000       1       1       5.628400       4.704968      10.333368       4.479396       3.298063       1.000000     541.499386       0.000000            1
# Jump frustrated.
       290       145.0000       1       1       6.298935       4.026095      10.325030       4.479395       3.118602       1.000000     541.499386       0.000000            0
# Jump frustrated.
       291       145.5000       1       1       6.911667       3.398916      10.310583       4.479395       2.888866       1.000000     541.499386       0.000000            0
# Jump frustrated.
       292       146.0000       1       1       7.285015       3.008201      10.293216       4.479394       2.761882       1.000000     541.499386       0.000000            0
       293       146.5000       1       1       7.240491       3.050137      10.290628       4.479395       3.494207       1.000000     541.499386       0.000000            0
       294       147.0000       1       1       6.840812       3.482997      10.323809       4.479397       5.132318       1.000000     541.499386       0.000000            1
# Jump frustrated.
       295       147.5000       1       1       6.590543       3.768663      10.359206       4.479398       6.067443       1.000000     541.499386       0.000000            0
       296       148.0000       1       1       6.937473       3.402445      10.339918       4.479397       5.448123       1.000000     541.499386       0.000000            0
       297       148.5000       1       1       7.671115       2.635755      10.306870       4.479396       3.997826       1.000000     541.499386       0.000000            0
# Jump frustrated.
       298       149.0000       1       1       8.342617       1.961242      10.303859       4.479397       2.957562       1.000000     541.499386       0.000000            0
       299       149.5000       1       1       8.760497       1.543953      10.304450       4.479396       2.421894       1.000000     541.499386       0.000000            0
       300       150.0000       1       1       8.882136       1.423749      10.305885       4.479396       2.354095       1.000000     541.499386       0.000000            0
       301       150.5000       1       1       8.690239       1.612878      10.303118       4.479397       2.692782       1.000000     541.499386       0.000000            1
# Jump frustrated.
       302       151.0000       1       1       8.216599       2.104905      10.321504       4.479397       3.033973       1.000000     541.499386       0.000000            0
       303       151.5000       1       1       7.591963       2.736236      10.328200       4.479397       3.205023       1.000000     541.499386       0.000000            0
# Jump frustrated.
       304       152.0000       1       1       6.956272       3.376079      10.332351       4.479396       3.255112       1.000000     541.499386       0.000000            0
# Jump frustrated.
       305       152.5000       1       1       6.383386       3.951772      10.335158       4.479396       3.231128       1.000000     541.499386       0.000000            0
# Jump frustrated.
       306       153.0000       1       1       5.912054       4.424907      10.336961       4.479396       3.198849       1.000000     541.499386       0.000000            0
# Jump frustrated.
       307       153.5000       1       1       5.560767       4.776177      10.336944       4.479396       3.143517       1.000000     541.499386       0.000000            0
# Jump frustrated.
       308       154.0000       1       1       5.335204       5.001845      10.337050       4.479396       3.087480       1.000000     541.499386       0.000000            0
       309       154.5000       1       1       5.233238       5.103365      10.336603       4.479396       3.048933       1.000000     541.499386       0.000000            1
# Jump frustrated.
       310       155.0000       1       1       5.246497       5.089040      10.335536       4.479397       3.020140       1.000000     541.499386       0.000000            0
# Jump frustrated.
       311       155.5000       1       1       5.355329       4.977555      10.332885       4.479397       2.995286       1.000000     541.499386       0.000000            0
# Jump frustrated.
       312       156.0000       1       1       5.520734       4.807941      10.328675       4.479396       2.966073       1.000000     541.499386       0.000000            0
# Jump frustrated.
       313       156.5000       1       1       5.684133       4.639572      10.323705       4.479396       2.967143       1.000000     541.499386       0.000000            0
       314       157.0000       1       1       5.775147       4.543035      10.318182       4.479397       3.070639       1.000000     541.499386       0.000000            0
# Jump frustrated.
       315       157.5000       1       1       5.722502       4.590992      10.313494       4.479399       3.336458       1.000000     541.499386       0.000000            1
# Jump frustrated.
       316       158.0000       1       1       5.484187       4.829947      10.314134       4.479399       3.874253       1.000000     541.499386       0.000000            0
# Jump frustrated.
       317       158.5000       1       1       5.117591       5.209452      10.327042       4.479397       4.682602       1.000000     541.499386       0.000000            0
# Jump frustrated.
       318       159.0000       1       1       4.839316       5.506121      10.345437       4.479395       5.339606       1.000000     541.499386       0.000000            0
       319       159.5000       1       1       4.892692       5.451728      10.344421       4.479395       5.268314       1.000000     541.499386       0.000000            0
# Jump frustrated.
       320       160.0000       1       1       5.254726       5.065580      10.320306       4.479397       4.331801       1.000000     541.499386       0.000000            0
# Jump frustrated.
       321       160.5000       1       1       5.603386       4.695210      10.298597       4.479399       3.148401       1.000000     541.499386       0.000000            0
       322       161.0000       1       1       5.644248       4.655142      10.299390       4.479400       2.685670       1.000000     541.499386       0.000000            1
       323       161.5000       1       1       5.368230       4.949528      10.317758       4.479400       3.276191       1.000000     541.499386       0.000000            0
# Jump frustrated.
       324       162.0000       1       1       5.011837       5.324465      10.336302       4.479400       3.931555       1.000000     541.499386       0.000000            0
# Jump frustrated.
       325       162.5000       1       1       4.818331       5.520654      10.338985       4.479400       3.969207       1.000000     541.499386       0.000000            0
# Jump frustrated.
       326       163.0000       1       1       4.827357       5.502799      10.330157       4.479401       3.504401       1.000000     541.499386       0.000000            0
# Jump frustrated.
       327       163.5000       1       1       4.923135       5.401903      10.325037       4.479403       2.993328       1.000000     541.499386       0.000000            0
# Jump frustrated.
       328       164.0000       1       1       5.010388       5.314293      10.324681       4.479403       2.682648       1.000000     541.499386       0.000000            0
# Jump frustrated.
       329       164.5000       1       1       5.068729       5.258862      10.327591       4.479403       2.598484       1.000000     541.499386       0.000000            0
       330       165.0000       1       1       5.130123       5.201562      10.331686       4.479403       2.643232       1.000000     541.499386       0.000000            1
       331       165.5000       1       1       5.243375       5.090493      10.333868       4.479403       2.707055       1.000000     541.499386       0.000000            0
       332       166.0000       1       1       5.433887       4.898457      10.332344       4.479402       2.740323       1.000000     541.499386       0.000000            0
# Jump frustrated.
       333       166.5000       1       1       5.687667       4.641648      10.329315       4.479402       2.757537       1.000000     541.499386       0.000000            0
# Jump frustrated.
       334       167.0000       1       1       5.965339       4.360341      10.325680       4.479401       2.743179       1.000000     541.499386       0.000000            0
       335       167.5000       1       1       6.217289       4.105193      10.322482       4.479401       2.721378       1.000000     541.499386       0.000000            0
# Jump frustrated.
       336       168.0000       1       1       6.398257       3.921669      10.319926       4.479401       2.767206       1.000000     541.499386       0.000000            0
       337       168.5000       1       1       6.479612       3.839249      10.318861       4.479401       2.931074       1.000000     541.499386       0.000000            0
       338       169.0000       1       1       6.467418       3.853782      10.321200       4.479401       3.217124       1.000000     541.499386       0.000000            1
# Jump frustrated.
       339       169.5000       1       1       6.426684       3.902154      10.328838       4.479401       3.631182       1.000000     541.499386       0.000000            0
# Jump frustrated.
       340       170.0000       1       1       6.490775       3.849214      10.339990       4.479398       4.135256       1.000000     541.499386       0.000000            0
# Jump frustrated.
       341       170.5000       1       1       6.834673       3.513307      10.347980       4.479397       4.479602       1.000000     541.499386       0.000000            0
# Jump frustrated.
       342       171.0000       1       1       7.503189       2.819694      10.322883       4.479396       4.232136       1.000000     541.499386       0.000000            0
       343       171.5000       1       1       8.216598       2.077709      10.294307       4.479397       3.755268       1.000000     541.499386       0.000000            1
# Jump frustrated.
       344       172.0000       1       1       8.658629       1.638414      10.297043       4.479398       3.391093       1.000000     541.499386       0.000000            0
# Jump frustrated.
       345       172.5000       1       1       8.727883       1.569696      10.297579       4.479398       3.116996       1.000000     541.499386       0.000000            0
# Jump frustrated.
       346       173.0000       1       1       8.446263       1.859515      10.305777       4.479397       2.924720       1.000000     541.499386       0.000000            0
# Jump frustrated.
       347       173.5000       1       1       7.905746       2.410710      10.316456       4.479396       2.849405       1.000000     541.499386       0.000000            0
# Jump frustrated.
       348       174.0000       1       1       7.248827       3.082316      10.331143       4.479396       2.860639       1.000000     541.499386       0.000000            0
# Jump frustrated.
       349       174.5000       1       1       6.639380       3.700776      10.340156       4.479397       2.852277       1.000000     541.499386       0.000000            0
# Jump frustrated.
       350       175.0000       1       1       6.193435       4.147130      10.340565       4.479396       2.721250       1.000000     541.499386       0.000000            1
# Jump frustrated.
       351       175.5000       1       1       5.919229       4.415357      10.334586       4.479395       2.502257       1.000000     541.499386       0.000000            0
# Jump frustrated.
       352       176.0000       1       1       5.748531       4.580819      10.329351       4.479394       2.351408       1.000000     541.499386       0.000000            0
       353       176.5000       1       1       5.615964       4.712234      10.328199       4.479393       2.331013       1.000000     541.499386       0.000000            0
# Jump frustrated.
       354       177.0000       1       1       5.494397       4.834099      10.328496       4.479393       2.403047       1.000000     541.499386       0.000000            0
# Jump frustrated.
       355       177.5000       1       1       5.380343       4.948075      10.328418       4.479393       2.555773       1.000000     541.499386       0.000000            0
# Jump frustrated.
       356       178.0000       1       1       5.276915       5.052293      10.329209       4.479394       2.807400       1.000000     541.499386       0.000000            1
# Jump frustrated.
       357       178.5000       1       1       5.201739       5.130146      10.331885       4.479395       3.140361       1.000000     541.499386       0.000000            0
# Jump frustrated.
       358       179.0000       1       1       5.195323       5.139696      10.335018       4.479395       3.442228       1.000000     541.499386       0.000000            0
# Jump frustrated.
       359       179.5000       1       1       5.298904       5.035685      10.334589       4.479394       3.565655       1.000000     541.499386       0.000000            0
       360       180.0000       1       1       5.510682       4.819151      10.329833       4.479394       3.439557       1.000000     541.499386       0.000000            0
       361       180.5000       1       1       5.760096       4.559851      10.319947       4.479394       3.090457       1.000000     541.499386       0.000000            0
# Jump frustrated.
       362       181.0000       1       1       5.911438       4.395842      10.307280       4.479393       2.687498       1.000000     541.499386       0.000000            1
# Jump frustrated.
       363       181.5000       1       1       5.805479       4.494040      10.299519       4.479393       2.725602       1.000000     541.499386       0.000000            0
# Jump frustrated.
       364       182.0000       1       1       5.380929       4.927730      10.308659       4.479393       3.607104       1.000000     541.499386       0.000000            0
# Jump frustrated.
       365       182.5000       1       1       4.810976       5.526259      10.337235       4.479392       4.875157       1.000000     541.499386       0.000000            0
# Jump frustrated.
       366       183.0000       1       1       4.477597       5.873377      10.350974       4.479391       5.324594       1.000000     541.499386       0.000000            0
# Jump frustrated.
       367       183.5000       1       1       4.563847       5.765837      10.329683       4.479391       4.639050       1.000000     541.499386       0.000000            0
# Jump frustrated.
       368       184.0000       1       1       4.814460       5.492834      10.307294       4.479390       3.631919       1.000000     541.499386       0.000000            0
       369       184.5000       1       1       4.907675       5.400034      10.307709       4.479389       3.461019       1.000000     541.499386       0.000000            1
# Jump frustrated.
       370       185.0000       1       1       4.812775       5.513595      10.326370       4.479387       4.043441       1.000000     541.499386       0.000000            0
       371       185.5000       1       1       4.744659       5.597675      10.342334       4.479388       4.516248       1.000000     541.499386       0.000000            0
       372       186.0000       1       1       4.907243       5.435120      10.342363       4.479387       4.417663       1.000000     541.499386       0.000000            0
# Jump frustrated.
       373       186.5000       1       1       5.296022       5.033609      10.329631       4.479386       3.828134       1.000000     541.499386       0.000000            0
# Jump frustrated.
       374       187.0000       1       1       5.738377       4.578536      10.316913       4.479385       3.126645       1.000000     541.499386       0.000000            0
       375       187.5000       1       1       6.061960       4.251763      10.313723       4.479385       2.742029       1.000000     541.499386       0.000000            0
# Jump frustrated.
       376       188.0000       1       1       6.206993       4.110383      10.317376       4.479384       2.849374       1.000000     541.499386       0.000000            0
# Jump frustrated.
       377       188.5000       1       1       6.222512       4.102287      10.324798       4.479383       3.230735       1.000000     541.499386       0.000000            1
# Jump frustrated.
       378       189.0000       1       1       6.217402       4.115158      10.332560       4.479382       3.551192       1.000000     541.499386       0.000000            0
# Jump frustrated.
       379       189.5000       1       1       6.296917       4.037929      10.334846       4.479382       3.575527       1.000000     541.499386       0.000000            0
       380       190.0000       1       1       6.496446       3.835305      10.331751       4.479382       3.299729       1.000000     541.499386       0.000000            0
       381       190.5000       1       1       6.775042       3.551922      10.326964       4.479382       2.939568       1.000000     541.499386       0.000000            0
       382       191.0000       1       1       7.066328       3.257329      10.323657       4.479381       2.807024       1.000000     541.499386       0.000000            0
# Jump frustrated.
       383       191.5000       1       1       7.316543       3.004879      10.321422       4.479381       2.989809       1.000000     541.499386       0.000000            0
# Jump frustrated.
       384       192.0000       1       1       7.493648       2.827376      10.321024       4.479382       3.407711       1.000000     541.499386       0.000000            1
# Jump frustrated.
       385       192.5000       1       1       7.578524       2.742049      10.320573       4.479383       3.912507       1.000000     541.499386       0.000000            0
# Jump frustrated.
       386       193.0000       1       1       7.551872       2.764056      10.315928       4.479384       4.569622       1.000000     541.499386       0.000000            0
# Jump frustrated.
       387       193.5000       1       1       7.406662       2.915816      10.322478       4.479385       5.159758       1.000000     541.499386       0.000000            0
# Jump frustrated.
       388       194.0000       1       1       7.219039       3.115949      10.334988       4.479386       5.152571       1.000000     541.499386       0.000000            0
# Jump frustrated.
       389       194.5000       1       1       7.125387       3.215184      10.340571       4.479385       4.976343       1.000000     541.499386       0.000000            0
       390       195.0000       1       1       7.201968       3.135256      10.337224       4.479383       4.625504       1.000000     541.499386       0.000000            1
# Jump frustrated.
       391       195.5000       1       1       7.382247       2.938445      10.320693       4.479383       3.907046       1.000000     541.499386       0.000000            0
       392       196.0000       1       1       7.473629       2.836095      10.309724       4.479384       3.023130       1.000000     541.499386       0.000000            0
# Jump frustrated.
       393       196.5000       1       1       7.321289       2.991592      10.312881       4.479385       2.539276       1.000000     541.499386       0.000000            0
# Jump frustrated.
       394       197.0000       1       1       6.948094       3.375872      10.323966       4.479385       2.590844       1.000000     541.499386       0.000000            0
       395       197.5000       1       1       6.509656       3.824717      10.334373       4.479385       2.781509       1.000000     541.499386       0.000000            0
# Jump frustrated.
       396       198.0000       1       1       6.145612       4.190312      10.335924       4.479385       2.823897       1.000000     541.499386       0.000000            0
# Jump frustrated.
       397       198.5000       1       1       5.889002       4.445045      10.334047       4.479384       2.979491       1.000000     541.499386       0.000000            0
# Jump frustrated.
       398       199.0000       1       1       5.734123       4.601788      10.335910       4.479385       3.286583       1.000000     541.499386       0.000000            0
# Jump frustrated.
       399       199.5000       1       1       5.691334       4.643932      10.335265       4.479385       3.369947       1.000000     541.499386       0.000000            1
       400       200.0000       1       1       5.731325       4.597428      10.328753       4.479383       3.058705       1.000000     541.499386       0.000000            0
