#===============================================================================================================================================================================
#     Step |         Time |         State |                                     Energy |      Angular |     Gradient |      Density |           Expectation Value |    Runtime |
#          |              |  diag |   MCH |          kin |          pot |          tot |     Momentum |          RMS |        Total |           DM |            S |            |
#          |         [fs] |       |       |         [eV] |         [eV] |         [eV] |       [hbar] |     [eV/Ang] |              |      [Debye] |              |      [sec] |
#===============================================================================================================================================================================
         0         0.0000       2       2       0.105437       9.910698      10.016135       0.000193       2.039579       1.000000     541.499386       0.000000            4
# Jump frustrated.
         1         0.5000       2       2       0.170601       9.845095      10.015696       0.000193       1.867718       1.000000     541.499386       0.000000            1
         2         1.0000       2       2       0.240287       9.774716      10.015003       0.000193       1.649219       1.000000     541.499386       0.000000            1
# Surface Hop/Pointer State Switch: new state=      1 old state=      2 randnum=  0.072207481 gap= -9.612592 eV
         3         1.5000       1       1       9.918067       0.096936      10.015003       3.978784       0.869089       1.000000     541.499386       0.000000            0
# Jump frustrated.
         4         2.0000       1       1       9.604688       0.412083      10.016771       3.978783       2.299537       1.000000     541.499386       0.000000            0
# Jump frustrated.
         5         2.5000       1       1       8.724568       1.321814      10.046382       3.978783       4.395967       1.000000     541.499386       0.000000            0
# Jump frustrated.
         6         3.0000       1       1       7.723434       2.362130      10.085564       3.978783       5.921008       1.000000     541.499386       0.000000            0
# Jump frustrated.
         7         3.5000       1       1       7.123202       2.962527      10.085729       3.978783       5.962772       1.000000     541.499386       0.000000            0
# Jump frustrated.
         8         4.0000       1       1       6.942173       3.112627      10.054800       3.978783       4.743239       1.000000     541.499386       0.000000            1
# Jump frustrated.
         9         4.5000       1       1       6.793683       3.250062      10.043746       3.978783       3.553437       1.000000     541.499386       0.000000            0
# Jump frustrated.
        10         5.0000       1       1       6.442359       3.606730      10.049089       3.978783       3.046888       1.000000     541.499386       0.000000            0
        11         5.5000       1       1       5.920994       4.138202      10.059196       3.978783       3.035718       1.000000     541.499386       0.000000            0
        12         6.0000       1       1       5.353216       4.709743      10.062959       3.978783       3.208673       1.000000     541.499386       0.000000            0
# Jump frustrated.
        13         6.5000       1       1       4.834839       5.234157      10.068996       3.978783       3.387274       1.000000     541.499386       0.000000            0
        14         7.0000       1       1       4.444986       5.631931      10.076916       3.978784       3.430719       1.000000     541.499386       0.000000            1
# Jump frustrated.
        15         7.5000       1       1       4.242490       5.832271      10.074761       3.978784       3.273089       1.000000     541.499386       0.000000            0
# Jump frustrated.
        16         8.0000       1       1       4.207496       5.860713      10.068209       3.978785       3.035193       1.000000     541.499386       0.000000            0
# Jump frustrated.
        17         8.5000       1       1       4.254105       5.807981      10.062085       3.978786       2.854527       1.000000     541.499386       0.000000            0
        18         9.0000       1       1       4.302309       5.756910      10.059218       3.978786       2.898846       1.000000     541.499386       0.000000            0
# Jump frustrated.
        19         9.5000       1       1       4.333135       5.730336      10.063471       3.978786       3.298847       1.000000     541.499386       0.000000            0
# Jump frustrated.
        20        10.0000       1       1       4.429770       5.644595      10.074365       3.978786       3.937300       1.000000     541.499386       0.000000            0
# Jump frustrated.
        21        10.5000       1       1       4.759529       5.323635      10.083164       3.978787       4.401566       1.000000     541.499386       0.000000            1
# Jump frustrated.
        22        11.0000       1       1       5.446818       4.632098      10.078916       3.978786       4.328825       1.000000     541.499386       0.000000            0
# Jump frustrated.
        23        11.5000       1       1       6.403598       3.650743      10.054341       3.978786       3.542566       1.000000     541.499386       0.000000            0
# Jump frustrated.
        24        12.0000       1       1       7.315297       2.714438      10.029735       3.978787       2.490076       1.000000     541.499386       0.000000            0
        25        12.5000       1       1       7.843247       2.172170      10.015417       3.978786       1.762910       1.000000     541.499386       0.000000            0
# Jump frustrated.
        26        13.0000       1       1       7.793387       2.221580      10.014967       3.978786       2.206373       1.000000     541.499386       0.000000            0
        27        13.5000       1       1       7.203347       2.831528      10.034875       3.978786       3.674139       1.000000     541.499386       0.000000            0
        28        14.0000       1       1       6.440513       3.637248      10.077762       3.978786       5.141885       1.000000     541.499386       0.000000            1
# Jump frustrated.
        29        14.5000       1       1       6.062210       4.025680      10.087890       3.978785       5.344475       1.000000     541.499386       0.000000            0
# Jump frustrated.
        30        15.0000       1       1       6.202857       3.852328      10.055185       3.978784       4.314294       1.000000     541.499386       0.000000            0
# Jump frustrated.
        31        15.5000       1       1       6.473538       3.562718      10.036256       3.978784       3.294717       1.000000     541.499386       0.000000            0
        32        16.0000       1       1       6.555539       3.486941      10.042480       3.978785       3.282611       1.000000     541.499386       0.000000            0
        33        16.5000       1       1       6.449622       3.603616      10.053238       3.978785       3.744999       1.000000     541.499386       0.000000            0
# Jump frustrated.
        34        17.0000       1       1       6.281744       3.779874      10.061618       3.978785       4.181070       1.000000     541.499386       0.000000            1
# Jump frustrated.
        35        17.5000       1       1       6.164872       3.901116      10.065988       3.978784       4.438392       1.000000     541.499386       0.000000            0
# Jump frustrated.
        36        18.0000       1       1       6.158331       3.907967      10.066298       3.978784       4.508807       1.000000     541.499386       0.000000            0
# Jump frustrated.
        37        18.5000       1       1       6.262851       3.800634      10.063485       3.978784       4.430808       1.000000     541.499386       0.000000            0
# Jump frustrated.
        38        19.0000       1       1       6.429927       3.628529      10.058456       3.978784       4.251035       1.000000     541.499386       0.000000            0
        39        19.5000       1       1       6.576734       3.474692      10.051427       3.978783       3.967090       1.000000     541.499386       0.000000            0
# Jump frustrated.
        40        20.0000       1       1       6.621091       3.426528      10.047619       3.978783       3.662077       1.000000     541.499386       0.000000            0
# Jump frustrated.
        41        20.5000       1       1       6.544836       3.510608      10.055444       3.978783       3.619371       1.000000     541.499386       0.000000            0
# Jump frustrated.
        42        21.0000       1       1       6.436445       3.627906      10.064351       3.978783       3.777614       1.000000     541.499386       0.000000            1
# Jump frustrated.
        43        21.5000       1       1       6.442450       3.629567      10.072017       3.978783       3.776168       1.000000     541.499386       0.000000            0
# Jump frustrated.
        44        22.0000       1       1       6.643225       3.423621      10.066846       3.978784       3.477558       1.000000     541.499386       0.000000            0
# Jump frustrated.
        45        22.5000       1       1       6.973597       3.083562      10.057159       3.978784       3.035513       1.000000     541.499386       0.000000            0
# Jump frustrated.
        46        23.0000       1       1       7.289733       2.758866      10.048599       3.978784       2.572627       1.000000     541.499386       0.000000            0
# Jump frustrated.
        47        23.5000       1       1       7.458609       2.584269      10.042878       3.978784       2.233203       1.000000     541.499386       0.000000            0
# Jump frustrated.
        48        24.0000       1       1       7.388004       2.651533      10.039537       3.978783       2.132602       1.000000     541.499386       0.000000            1
# Jump frustrated.
        49        24.5000       1       1       7.031505       3.009446      10.040952       3.978783       2.364294       1.000000     541.499386       0.000000            0
# Jump frustrated.
        50        25.0000       1       1       6.427306       3.625622      10.052928       3.978784       2.882980       1.000000     541.499386       0.000000            0
        51        25.5000       1       1       5.721293       4.344563      10.065856       3.978785       3.544829       1.000000     541.499386       0.000000            0
# Jump frustrated.
        52        26.0000       1       1       5.125283       4.952020      10.077303       3.978785       3.912699       1.000000     541.499386       0.000000            0
# Jump frustrated.
        53        26.5000       1       1       4.783732       5.287927      10.071659       3.978785       3.720744       1.000000     541.499386       0.000000            0
# Jump frustrated.
        54        27.0000       1       1       4.650393       5.411245      10.061638       3.978785       3.355906       1.000000     541.499386       0.000000            0
# Jump frustrated.
        55        27.5000       1       1       4.602106       5.457541      10.059647       3.978785       3.233299       1.000000     541.499386       0.000000            1
        56        28.0000       1       1       4.590590       5.471451      10.062041       3.978785       3.349575       1.000000     541.499386       0.000000            0
# Jump frustrated.
        57        28.5000       1       1       4.636229       5.428269      10.064498       3.978786       3.484193       1.000000     541.499386       0.000000            0
# Jump frustrated.
        58        29.0000       1       1       4.763837       5.300591      10.064428       3.978786       3.574365       1.000000     541.499386       0.000000            0
# Jump frustrated.
        59        29.5000       1       1       4.967747       5.093400      10.061147       3.978786       3.595311       1.000000     541.499386       0.000000            0
# Jump frustrated.
        60        30.0000       1       1       5.201546       4.854237      10.055783       3.978786       3.586818       1.000000     541.499386       0.000000            0
# Jump frustrated.
        61        30.5000       1       1       5.408063       4.647876      10.055939       3.978786       3.709642       1.000000     541.499386       0.000000            0
        62        31.0000       1       1       5.582217       4.478262      10.060479       3.978786       4.011181       1.000000     541.499386       0.000000            1
# Jump frustrated.
        63        31.5000       1       1       5.789445       4.278337      10.067782       3.978786       4.353418       1.000000     541.499386       0.000000            0
# Jump frustrated.
        64        32.0000       1       1       6.130386       3.942222      10.072608       3.978786       4.508525       1.000000     541.499386       0.000000            0
# Jump frustrated.
        65        32.5000       1       1       6.668024       3.403483      10.071507       3.978786       4.261877       1.000000     541.499386       0.000000            0
        66        33.0000       1       1       7.345378       2.715476      10.060853       3.978786       3.579188       1.000000     541.499386       0.000000            0
        67        33.5000       1       1       7.997418       2.052173      10.049592       3.978787       2.710647       1.000000     541.499386       0.000000            0
# Jump frustrated.
        68        34.0000       1       1       8.466203       1.579869      10.046072       3.978788       2.040705       1.000000     541.499386       0.000000            0
# Jump frustrated.
        69        34.5000       1       1       8.682152       1.365619      10.047771       3.978788       1.798916       1.000000     541.499386       0.000000            1
# Jump frustrated.
        70        35.0000       1       1       8.652712       1.398006      10.050718       3.978789       1.966066       1.000000     541.499386       0.000000            0
# Jump frustrated.
        71        35.5000       1       1       8.418699       1.634054      10.052753       3.978789       2.364239       1.000000     541.499386       0.000000            0
# Jump frustrated.
        72        36.0000       1       1       8.022485       2.032866      10.055351       3.978790       2.875323       1.000000     541.499386       0.000000            0
        73        36.5000       1       1       7.511940       2.544823      10.056763       3.978790       3.412766       1.000000     541.499386       0.000000            0
        74        37.0000       1       1       6.955574       3.108060      10.063634       3.978790       3.814456       1.000000     541.499386       0.000000            0
# Jump frustrated.
        75        37.5000       1       1       6.426283       3.639947      10.066230       3.978790       4.077272       1.000000     541.499386       0.000000            0
# Jump frustrated.
        76        38.0000       1       1       5.975788       4.091283      10.067072       3.978790       4.217367       1.000000     541.499386       0.000000            0
# Jump frustrated.
        77        38.5000       1       1       5.626819       4.440685      10.067504       3.978790       4.322847       1.000000     541.499386       0.000000            1
# Jump frustrated.
        78        39.0000       1       1       5.386424       4.681716      10.068140       3.978791       4.370494       1.000000     541.499386       0.000000            0
# Jump frustrated.
        79        39.5000       1       1       5.262723       4.805034      10.067757       3.978791       4.323033       1.000000     541.499386       0.000000            0
        80        40.0000       1       1       5.249522       4.815207      10.064729       3.978791       4.141409       1.000000     541.499386       0.000000            0
# Jump frustrated.
        81        40.5000       1       1       5.312544       4.749188      10.061732       3.978791       3.856968       1.000000     541.499386       0.000000            0
# Jump frustrated.
        82        41.0000       1       1       5.405668       4.652444      10.058112       3.978791       3.528733       1.000000     541.499386       0.000000            0
# Jump frustrated.
        83        41.5000       1       1       5.479534       4.575214      10.054748       3.978791       3.208515       1.000000     541.499386       0.000000            0
# Jump frustrated.
        84        42.0000       1       1       5.505986       4.551339      10.057325       3.978791       2.936218       1.000000     541.499386       0.000000            0
        85        42.5000       1       1       5.504269       4.555284      10.059552       3.978791       2.696617       1.000000     541.499386       0.000000            1
# Jump frustrated.
        86        43.0000       1       1       5.495162       4.561512      10.056674       3.978791       2.554964       1.000000     541.499386       0.000000            0
# Jump frustrated.
        87        43.5000       1       1       5.454812       4.598258      10.053070       3.978791       2.759984       1.000000     541.499386       0.000000            0
        88        44.0000       1       1       5.367983       4.689605      10.057588       3.978791       3.534803       1.000000     541.499386       0.000000            0
        89        44.5000       1       1       5.338217       4.734656      10.072873       3.978792       4.509822       1.000000     541.499386       0.000000            0
# Jump frustrated.
        90        45.0000       1       1       5.567386       4.508572      10.075958       3.978792       4.843411       1.000000     541.499386       0.000000            0
# Jump frustrated.
        91        45.5000       1       1       6.076598       3.975439      10.052037       3.978792       4.180407       1.000000     541.499386       0.000000            0
# Jump frustrated.
        92        46.0000       1       1       6.580523       3.452894      10.033417       3.978793       3.065692       1.000000     541.499386       0.000000            1
# Jump frustrated.
        93        46.5000       1       1       6.814491       3.221828      10.036319       3.978794       2.294401       1.000000     541.499386       0.000000            0
        94        47.0000       1       1       6.758080       3.286601      10.044682       3.978794       2.076562       1.000000     541.499386       0.000000            0
# Jump frustrated.
        95        47.5000       1       1       6.514378       3.539050      10.053428       3.978794       2.148257       1.000000     541.499386       0.000000            0
        96        48.0000       1       1       6.196398       3.863124      10.059522       3.978794       2.283182       1.000000     541.499386       0.000000            0
# Jump frustrated.
        97        48.5000       1       1       5.890419       4.172250      10.062669       3.978794       2.430443       1.000000     541.499386       0.000000            0
# Jump frustrated.
        98        49.0000       1       1       5.648406       4.415565      10.063971       3.978795       2.557540       1.000000     541.499386       0.000000            0
# Jump frustrated.
        99        49.5000       1       1       5.497676       4.567740      10.065416       3.978794       2.673493       1.000000     541.499386       0.000000            1
       100        50.0000       1       1       5.453901       4.612376      10.066277       3.978795       2.787525       1.000000     541.499386       0.000000            0
# Jump frustrated.
       101        50.5000       1       1       5.522478       4.542620      10.065098       3.978795       2.895352       1.000000     541.499386       0.000000            0
# Jump frustrated.
       102        51.0000       1       1       5.694176       4.370722      10.064898       3.978795       2.978442       1.000000     541.499386       0.000000            0
# Jump frustrated.
       103        51.5000       1       1       5.961068       4.103325      10.064393       3.978795       3.004144       1.000000     541.499386       0.000000            0
       104        52.0000       1       1       6.303735       3.756414      10.060149       3.978795       2.933864       1.000000     541.499386       0.000000            0
# Jump frustrated.
       105        52.5000       1       1       6.674461       3.381892      10.056353       3.978795       2.812100       1.000000     541.499386       0.000000            1
       106        53.0000       1       1       7.020766       3.032076      10.052841       3.978795       2.687298       1.000000     541.499386       0.000000            0
       107        53.5000       1       1       7.302667       2.749523      10.052190       3.978795       2.630011       1.000000     541.499386       0.000000            0
# Jump frustrated.
       108        54.0000       1       1       7.516046       2.537350      10.053396       3.978795       2.718463       1.000000     541.499386       0.000000            0
# Jump frustrated.
       109        54.5000       1       1       7.632697       2.403859      10.036556       3.978794       2.856768       1.000000     541.499386       0.000000            0
# Jump frustrated.
       110        55.0000       1       1       7.530733       2.499565      10.030299       3.978794       3.169225       1.000000     541.499386       0.000000            0
# Jump frustrated.
       111        55.5000       1       1       7.156564       2.880938      10.037502       3.978794       4.053613       1.000000     541.499386       0.000000            0
# Jump frustrated.
       112        56.0000       1       1       6.689750       3.375457      10.065207       3.978794       5.396781       1.000000     541.499386       0.000000            0
# Jump frustrated.
       113        56.5000       1       1       6.541362       3.541126      10.082488       3.978795       5.868159       1.000000     541.499386       0.000000            1
       114        57.0000       1       1       6.904549       3.146259      10.050808       3.978795       4.776927       1.000000     541.499386       0.000000            0
       115        57.5000       1       1       7.390614       2.630150      10.020764       3.978794       2.944201       1.000000     541.499386       0.000000            0
# Jump frustrated.
       116        58.0000       1       1       7.539418       2.484202      10.023620       3.978794       1.994110       1.000000     541.499386       0.000000            0
       117        58.5000       1       1       7.278917       2.760526      10.039443       3.978794       2.190198       1.000000     541.499386       0.000000            0
       118        59.0000       1       1       6.766941       3.284733      10.051674       3.978794       2.539946       1.000000     541.499386       0.000000            1
# Jump frustrated.
       119        59.5000       1       1       6.163131       3.895926      10.059057       3.978794       2.760713       1.000000     541.499386       0.000000            0
       120        60.0000       1       1       5.568832       4.496946      10.065778       3.978793       2.870394       1.000000     541.499386       0.000000            0
# Jump frustrated.
       121        60.5000       1       1       5.050401       5.017208      10.067608       3.978793       2.895541       1.000000     541.499386       0.000000            0
       122        61.0000       1       1       4.647605       5.422456      10.070061       3.978792       2.944450       1.000000     541.499386       0.000000            0
# Jump frustrated.
       123        61.5000       1       1       4.391611       5.680718      10.072329       3.978793       3.004230       1.000000     541.499386       0.000000            0
# Jump frustrated.
       124        62.0000       1       1       4.311120       5.761477      10.072597       3.978793       2.999127       1.000000     541.499386       0.000000            0
# Jump frustrated.
       125        62.5000       1       1       4.408741       5.660373      10.069114       3.978793       2.854511       1.000000     541.499386       0.000000            1
       126        63.0000       1       1       4.629988       5.430968      10.060956       3.978793       2.578795       1.000000     541.499386       0.000000            0
       127        63.5000       1       1       4.857305       5.193673      10.050978       3.978793       2.321835       1.000000     541.499386       0.000000            0
# Jump frustrated.
       128        64.0000       1       1       4.954788       5.089247      10.044035       3.978793       2.380694       1.000000     541.499386       0.000000            0
       129        64.5000       1       1       4.847574       5.200524      10.048098       3.978793       2.934109       1.000000     541.499386       0.000000            0
# Jump frustrated.
       130        65.0000       1       1       4.631212       5.436365      10.067577       3.978793       3.656946       1.000000     541.499386       0.000000            0
       131        65.5000       1       1       4.543711       5.534978      10.078689       3.978794       4.082747       1.000000     541.499386       0.000000            1
       132        66.0000       1       1       4.757381       5.320729      10.078109       3.978794       4.194010       1.000000     541.499386       0.000000            0
# Jump frustrated.
       133        66.5000       1       1       5.275070       4.792578      10.067648       3.978795       4.112376       1.000000     541.499386       0.000000            0
# Jump frustrated.
       134        67.0000       1       1       5.958369       4.095436      10.053805       3.978795       3.820529       1.000000     541.499386       0.000000            0
# Jump frustrated.
       135        67.5000       1       1       6.595424       3.443759      10.039183       3.978795       3.392451       1.000000     541.499386       0.000000            0
# Jump frustrated.
       136        68.0000       1       1       6.987849       3.041625      10.029475       3.978796       2.980980       1.000000     541.499386       0.000000            0
# Jump frustrated.
       137        68.5000       1       1       6.992096       3.031660      10.023757       3.978796       2.931034       1.000000     541.499386       0.000000            1
# Jump frustrated.
       138        69.0000       1       1       6.586824       3.449987      10.036812       3.978796       3.823354       1.000000     541.499386       0.000000            0
       139        69.5000       1       1       6.038765       4.033776      10.072541       3.978798       5.214368       1.000000     541.499386       0.000000            0
# Jump frustrated.
       140        70.0000       1       1       5.850299       4.236816      10.087114       3.978798       5.754453       1.000000     541.499386       0.000000            0
# Jump frustrated.
       141        70.5000       1       1       6.224321       3.837173      10.061495       3.978796       5.098964       1.000000     541.499386       0.000000            0
# Jump frustrated.
       142        71.0000       1       1       6.837786       3.198991      10.036777       3.978796       3.907786       1.000000     541.499386       0.000000            0
# Jump frustrated.
       143        71.5000       1       1       7.297058       2.736859      10.033917       3.978796       3.148855       1.000000     541.499386       0.000000            1
       144        72.0000       1       1       7.491710       2.551882      10.043592       3.978797       2.909378       1.000000     541.499386       0.000000            0
# Jump frustrated.
       145        72.5000       1       1       7.498931       2.552090      10.051021       3.978797       2.820247       1.000000     541.499386       0.000000            0
# Jump frustrated.
       146        73.0000       1       1       7.413029       2.639699      10.052728       3.978797       2.697188       1.000000     541.499386       0.000000            0
# Jump frustrated.
       147        73.5000       1       1       7.270603       2.782117      10.052720       3.978797       2.591800       1.000000     541.499386       0.000000            0
# Jump frustrated.
       148        74.0000       1       1       7.070777       2.979759      10.050536       3.978797       2.506745       1.000000     541.499386       0.000000            0
# Jump frustrated.
       149        74.5000       1       1       6.789082       3.258159      10.047241       3.978796       2.552789       1.000000     541.499386       0.000000            1
# Jump frustrated.
       150        75.0000       1       1       6.402416       3.647213      10.049629       3.978795       2.971603       1.000000     541.499386       0.000000            0
# Jump frustrated.
       151        75.5000       1       1       5.973519       4.089623      10.063142       3.978795       3.732178       1.000000     541.499386       0.000000            0
       152        76.0000       1       1       5.702779       4.378403      10.081183       3.978796       4.454414       1.000000     541.499386       0.000000            0
# Jump frustrated.
       153        76.5000       1       1       5.828187       4.255708      10.083895       3.978797       4.669787       1.000000     541.499386       0.000000            0
# Jump frustrated.
       154        77.0000       1       1       6.374371       3.685828      10.060199       3.978798       4.176154       1.000000     541.499386       0.000000            0
# Jump frustrated.
       155        77.5000       1       1       7.052571       2.984741      10.037312       3.978798       3.298306       1.000000     541.499386       0.000000            0
# Jump frustrated.
       156        78.0000       1       1       7.521538       2.505378      10.026917       3.978798       2.703735       1.000000     541.499386       0.000000            0
# Jump frustrated.
       157        78.5000       1       1       7.585438       2.434792      10.020230       3.978798       2.635743       1.000000     541.499386       0.000000            0
       158        79.0000       1       1       7.153845       2.865160      10.019006       3.978798       3.251894       1.000000     541.499386       0.000000            1
# Jump frustrated.
       159        79.5000       1       1       6.283637       3.756830      10.040467       3.978798       4.661315       1.000000     541.499386       0.000000            0
       160        80.0000       1       1       5.386217       4.703722      10.089940       3.978798       5.954967       1.000000     541.499386       0.000000            0
       161        80.5000       1       1       5.044665       5.050425      10.095090       3.978799       6.001482       1.000000     541.499386       0.000000            0
       162        81.0000       1       1       5.339805       4.717632      10.057437       3.978798       4.825329       1.000000     541.499386       0.000000            0
# Jump frustrated.
       163        81.5000       1       1       5.804975       4.226850      10.031826       3.978798       3.352701       1.000000     541.499386       0.000000            1
# Jump frustrated.
       164        82.0000       1       1       6.039206       3.994954      10.034160       3.978798       2.597825       1.000000     541.499386       0.000000            0
       165        82.5000       1       1       5.987194       4.058897      10.046091       3.978799       2.670291       1.000000     541.499386       0.000000            0
       166        83.0000       1       1       5.771611       4.284773      10.056384       3.978799       2.994813       1.000000     541.499386       0.000000            0
       167        83.5000       1       1       5.519474       4.541997      10.061471       3.978799       3.281132       1.000000     541.499386       0.000000            0
# Jump frustrated.
       168        84.0000       1       1       5.305378       4.757492      10.062870       3.978798       3.448972       1.000000     541.499386       0.000000            0
       169        84.5000       1       1       5.143042       4.916104      10.059146       3.978798       3.512373       1.000000     541.499386       0.000000            0
# Jump frustrated.
       170        85.0000       1       1       4.978816       5.071186      10.050002       3.978798       3.568168       1.000000     541.499386       0.000000            1
       171        85.5000       1       1       4.722973       5.323843      10.046816       3.978799       3.775478       1.000000     541.499386       0.000000            0
# Jump frustrated.
       172        86.0000       1       1       4.365855       5.690060      10.055916       3.978799       4.229973       1.000000     541.499386       0.000000            0
# Jump frustrated.
       173        86.5000       1       1       4.063541       6.010605      10.074146       3.978798       4.814721       1.000000     541.499386       0.000000            0
       174        87.0000       1       1       4.093924       5.996903      10.090827       3.978798       5.295066       1.000000     541.499386       0.000000            0
# Jump frustrated.
       175        87.5000       1       1       4.685339       5.401695      10.087034       3.978798       5.324192       1.000000     541.499386       0.000000            0
# Jump frustrated.
       176        88.0000       1       1       5.781801       4.277714      10.059515       3.978798       4.767697       1.000000     541.499386       0.000000            0
       177        88.5000       1       1       7.016910       3.021903      10.038813       3.978798       3.926503       1.000000     541.499386       0.000000            1
       178        89.0000       1       1       8.013218       2.015635      10.028852       3.978798       3.160072       1.000000     541.499386       0.000000            0
# Jump frustrated.
       179        89.5000       1       1       8.579420       1.443264      10.022684       3.978798       2.510215       1.000000     541.499386       0.000000            0
# Jump frustrated.
       180        90.0000       1       1       8.632013       1.389494      10.021506       3.978798       2.135394       1.000000     541.499386       0.000000            0
       181        90.5000       1       1       8.190669       1.843321      10.033990       3.978799       2.655061       1.000000     541.499386       0.000000            0
       182        91.0000       1       1       7.484655       2.583231      10.067885       3.978799       3.762839       1.000000     541.499386       0.000000            0
# Jump frustrated.
       183        91.5000       1       1       6.966661       3.125498      10.092160       3.978799       4.343657       1.000000     541.499386       0.000000            0
# Jump frustrated.
       184        92.0000       1       1       6.925394       3.145013      10.070407       3.978799       3.987568       1.000000     541.499386       0.000000            1
# Jump frustrated.
       185        92.5000       1       1       7.167189       2.883845      10.051034       3.978799       3.217583       1.000000     541.499386       0.000000            0
       186        93.0000       1       1       7.349498       2.684335      10.033833       3.978799       2.668750       1.000000     541.499386       0.000000            0
# Jump frustrated.
       187        93.5000       1       1       7.282063       2.754506      10.036569       3.978798       2.620103       1.000000     541.499386       0.000000            0
       188        94.0000       1       1       6.991822       3.064462      10.056284       3.978798       2.782775       1.000000     541.499386       0.000000            0
       189        94.5000       1       1       6.643236       3.419677      10.062913       3.978799       2.810335       1.000000     541.499386       0.000000            0
# Jump frustrated.
       190        95.0000       1       1       6.319661       3.741674      10.061335       3.978799       2.784013       1.000000     541.499386       0.000000            1
# Jump frustrated.
       191        95.5000       1       1       6.022609       4.037513      10.060123       3.978800       2.751108       1.000000     541.499386       0.000000            0
       192        96.0000       1       1       5.710140       4.341034      10.051174       3.978799       2.806955       1.000000     541.499386       0.000000            0
       193        96.5000       1       1       5.314942       4.736732      10.051674       3.978799       3.181173       1.000000     541.499386       0.000000            0
       194        97.0000       1       1       4.866216       5.198864      10.065079       3.978800       3.878328       1.000000     541.499386       0.000000            0
       195        97.5000       1       1       4.568395       5.514218      10.082613       3.978800       4.446745       1.000000     541.499386       0.000000            0
       196        98.0000       1       1       4.653461       5.429722      10.083183       3.978799       4.342496       1.000000     541.499386       0.000000            0
# Jump frustrated.
       197        98.5000       1       1       5.131252       4.936657      10.067908       3.978799       3.635791       1.000000     541.499386       0.000000            1
       198        99.0000       1       1       5.786237       4.265465      10.051702       3.978798       2.910328       1.000000     541.499386       0.000000            0
# Jump frustrated.
       199        99.5000       1       1       6.377560       3.665690      10.043251       3.978798       2.477502       1.000000     541.499386       0.000000            0
# Jump frustrated.
       200       100.0000       1       1       6.734003       3.301549      10.035552       3.978798       2.368714       1.000000     541.499386       0.000000            0
# Jump frustrated.
       201       100.5000       1       1       6.760429       3.277259      10.037688       3.978798       2.638582       1.000000     541.499386       0.000000            0
# Jump frustrated.
       202       101.0000       1       1       6.471102       3.575174      10.046276       3.978799       3.209692       1.000000     541.499386       0.000000            1
# Jump frustrated.
       203       101.5000       1       1       6.042553       4.023811      10.066364       3.978799       3.776803       1.000000     541.499386       0.000000            0
# Jump frustrated.
       204       102.0000       1       1       5.721528       4.352660      10.074188       3.978799       4.035753       1.000000     541.499386       0.000000            0
# Jump frustrated.
       205       102.5000       1       1       5.627607       4.438817      10.066424       3.978799       3.812200       1.000000     541.499386       0.000000            0
# Jump frustrated.
       206       103.0000       1       1       5.677088       4.377780      10.054869       3.978799       3.315612       1.000000     541.499386       0.000000            0
# Jump frustrated.
       207       103.5000       1       1       5.710971       4.340619      10.051590       3.978800       3.049427       1.000000     541.499386       0.000000            0
# Jump frustrated.
       208       104.0000       1       1       5.653558       4.401655      10.055213       3.978800       3.171923       1.000000     541.499386       0.000000            0
# Jump frustrated.
       209       104.5000       1       1       5.528733       4.531824      10.060557       3.978800       3.465625       1.000000     541.499386       0.000000            1
       210       105.0000       1       1       5.400689       4.664277      10.064966       3.978799       3.711721       1.000000     541.499386       0.000000            0
# Jump frustrated.
       211       105.5000       1       1       5.333658       4.735279      10.068937       3.978799       3.860772       1.000000     541.499386       0.000000            0
       212       106.0000       1       1       5.375608       4.694172      10.069780       3.978798       3.868190       1.000000     541.499386       0.000000            0
# Jump frustrated.
       213       106.5000       1       1       5.536663       4.529956      10.066619       3.978799       3.736632       1.000000     541.499386       0.000000            0
       214       107.0000       1       1       5.775310       4.284980      10.060290       3.978800       3.540485       1.000000     541.499386       0.000000            0
       215       107.5000       1       1       6.008806       4.043949      10.052755       3.978801       3.363411       1.000000     541.499386       0.000000            1
# Jump frustrated.
       216       108.0000       1       1       6.157243       3.894057      10.051301       3.978802       3.480368       1.000000     541.499386       0.000000            0
       217       108.5000       1       1       6.227585       3.832398      10.059984       3.978801       4.039140       1.000000     541.499386       0.000000            0
       218       109.0000       1       1       6.372321       3.704513      10.076834       3.978801       4.748768       1.000000     541.499386       0.000000            0
       219       109.5000       1       1       6.808608       3.267916      10.076525       3.978802       4.834355       1.000000     541.499386       0.000000            0
# Jump frustrated.
       220       110.0000       1       1       7.548608       2.507869      10.056477       3.978802       4.061973       1.000000     541.499386       0.000000            0
# Jump frustrated.
       221       110.5000       1       1       8.310295       1.722079      10.032374       3.978803       2.919442       1.000000     541.499386       0.000000            0
# Jump frustrated.
       222       111.0000       1       1       8.747070       1.270535      10.017605       3.978803       2.052815       1.000000     541.499386       0.000000            1
# Jump frustrated.
       223       111.5000       1       1       8.664168       1.357315      10.021483       3.978802       2.306629       1.000000     541.499386       0.000000            0
# Jump frustrated.
       224       112.0000       1       1       8.098601       1.937990      10.036590       3.978802       3.386216       1.000000     541.499386       0.000000            0
       225       112.5000       1       1       7.294563       2.769453      10.064017       3.978803       4.386936       1.000000     541.499386       0.000000            0
# Jump frustrated.
       226       113.0000       1       1       6.550766       3.523065      10.073831       3.978803       4.774365       1.000000     541.499386       0.000000            0
# Jump frustrated.
       227       113.5000       1       1       6.009819       4.057028      10.066847       3.978803       4.507458       1.000000     541.499386       0.000000            0
       228       114.0000       1       1       5.612552       4.449612      10.062164       3.978803       4.208441       1.000000     541.499386       0.000000            0
# Jump frustrated.
       229       114.5000       1       1       5.279333       4.783236      10.062569       3.978804       3.928965       1.000000     541.499386       0.000000            1
# Jump frustrated.
       230       115.0000       1       1       4.994482       5.069317      10.063799       3.978804       3.800666       1.000000     541.499386       0.000000            0
# Jump frustrated.
       231       115.5000       1       1       4.767667       5.297269      10.064936       3.978804       3.735172       1.000000     541.499386       0.000000            0
       232       116.0000       1       1       4.618679       5.447991      10.066671       3.978804       3.679362       1.000000     541.499386       0.000000            0
       233       116.5000       1       1       4.574658       5.493665      10.068323       3.978804       3.612846       1.000000     541.499386       0.000000            0
       234       117.0000       1       1       4.657494       5.411037      10.068531       3.978805       3.501134       1.000000     541.499386       0.000000            0
       235       117.5000       1       1       4.868146       5.198033      10.066179       3.978805       3.333169       1.000000     541.499386       0.000000            0
       236       118.0000       1       1       5.171858       4.888907      10.060765       3.978805       3.098524       1.000000     541.499386       0.000000            0
# Jump frustrated.
       237       118.5000       1       1       5.500772       4.555284      10.056055       3.978805       2.880105       1.000000     541.499386       0.000000            0
# Jump frustrated.
       238       119.0000       1       1       5.789805       4.264012      10.053817       3.978805       2.769381       1.000000     541.499386       0.000000            1
# Jump frustrated.
       239       119.5000       1       1       6.008921       4.046025      10.054946       3.978806       2.828935       1.000000     541.499386       0.000000            0
# Jump frustrated.
       240       120.0000       1       1       6.177208       3.882431      10.059639       3.978807       3.050463       1.000000     541.499386       0.000000            0
# Jump frustrated.
       241       120.5000       1       1       6.365487       3.699945      10.065432       3.978808       3.294113       1.000000     541.499386       0.000000            0
# Jump frustrated.
       242       121.0000       1       1       6.646460       3.417808      10.064268       3.978808       3.342200       1.000000     541.499386       0.000000            0
       243       121.5000       1       1       6.992760       3.061140      10.053901       3.978807       3.208819       1.000000     541.499386       0.000000            0
# Jump frustrated.
       244       122.0000       1       1       7.270549       2.775266      10.045816       3.978807       3.196789       1.000000     541.499386       0.000000            0
       245       122.5000       1       1       7.363961       2.679560      10.043521       3.978807       3.464268       1.000000     541.499386       0.000000            1
# Jump frustrated.
       246       123.0000       1       1       7.260774       2.790837      10.051611       3.978807       3.836060       1.000000     541.499386       0.000000            0
# Jump frustrated.
       247       123.5000       1       1       7.047249       3.011523      10.058771       3.978806       4.031589       1.000000     541.499386       0.000000            0
# Jump frustrated.
       248       124.0000       1       1       6.821931       3.239890      10.061820       3.978806       3.986041       1.000000     541.499386       0.000000            0
       249       124.5000       1       1       6.630635       3.431510      10.062145       3.978806       3.786630       1.000000     541.499386       0.000000            0
       250       125.0000       1       1       6.475902       3.584724      10.060626       3.978806       3.525376       1.000000     541.499386       0.000000            0
# Jump frustrated.
       251       125.5000       1       1       6.338047       3.721536      10.059583       3.978807       3.267843       1.000000     541.499386       0.000000            0
# Jump frustrated.
       252       126.0000       1       1       6.199735       3.860218      10.059953       3.978807       3.091123       1.000000     541.499386       0.000000            1
# Jump frustrated.
       253       126.5000       1       1       6.065511       3.996615      10.062126       3.978807       3.014214       1.000000     541.499386       0.000000            0
# Jump frustrated.
       254       127.0000       1       1       5.959039       4.104985      10.064025       3.978808       3.031931       1.000000     541.499386       0.000000            0
# Jump frustrated.
       255       127.5000       1       1       5.908692       4.157095      10.065786       3.978808       3.112131       1.000000     541.499386       0.000000            0
# Jump frustrated.
       256       128.0000       1       1       5.935955       4.129898      10.065853       3.978807       3.196108       1.000000     541.499386       0.000000            0
# Jump frustrated.
       257       128.5000       1       1       6.045651       4.019452      10.065103       3.978808       3.245709       1.000000     541.499386       0.000000            0
# Jump frustrated.
       258       129.0000       1       1       6.221818       3.840910      10.062728       3.978807       3.265962       1.000000     541.499386       0.000000            0
# Jump frustrated.
       259       129.5000       1       1       6.430637       3.628736      10.059373       3.978807       3.262835       1.000000     541.499386       0.000000            1
# Jump frustrated.
       260       130.0000       1       1       6.623851       3.431510      10.055361       3.978806       3.267910       1.000000     541.499386       0.000000            0
# Jump frustrated.
       261       130.5000       1       1       6.731162       3.315666      10.046828       3.978807       3.524927       1.000000     541.499386       0.000000            0
       262       131.0000       1       1       6.650495       3.389159      10.039654       3.978807       4.168149       1.000000     541.499386       0.000000            0
       263       131.5000       1       1       6.342382       3.708872      10.051255       3.978807       4.850773       1.000000     541.499386       0.000000            0
# Jump frustrated.
       264       132.0000       1       1       5.933396       4.133428      10.066823       3.978807       5.244468       1.000000     541.499386       0.000000            1
       265       132.5000       1       1       5.617156       4.456878      10.074034       3.978806       5.281699       1.000000     541.499386       0.000000            0
# Jump frustrated.
       266       133.0000       1       1       5.493688       4.576875      10.070563       3.978805       5.148093       1.000000     541.499386       0.000000            0
       267       133.5000       1       1       5.523937       4.538675      10.062612       3.978805       4.933812       1.000000     541.499386       0.000000            0
# Jump frustrated.
       268       134.0000       1       1       5.600536       4.457086      10.057621       3.978805       4.823467       1.000000     541.499386       0.000000            0
# Jump frustrated.
       269       134.5000       1       1       5.650152       4.406638      10.056790       3.978806       4.853803       1.000000     541.499386       0.000000            0
       270       135.0000       1       1       5.674177       4.385047      10.059224       3.978806       4.891302       1.000000     541.499386       0.000000            0
       271       135.5000       1       1       5.717072       4.346016      10.063088       3.978807       4.749054       1.000000     541.499386       0.000000            1
# Jump frustrated.
       272       136.0000       1       1       5.820578       4.244497      10.065075       3.978808       4.520701       1.000000     541.499386       0.000000            0
# Jump frustrated.
       273       136.5000       1       1       6.001597       4.062634      10.064231       3.978810       4.159189       1.000000     541.499386       0.000000            0
# Jump frustrated.
       274       137.0000       1       1       6.235129       3.825547      10.060676       3.978810       3.688996       1.000000     541.499386       0.000000            0
       275       137.5000       1       1       6.471783       3.586592      10.058375       3.978809       3.173032       1.000000     541.499386       0.000000            0
# Jump frustrated.
       276       138.0000       1       1       6.667090       3.389781      10.056871       3.978809       2.692414       1.000000     541.499386       0.000000            0
# Jump frustrated.
       277       138.5000       1       1       6.793509       3.262311      10.055820       3.978809       2.309528       1.000000     541.499386       0.000000            1
       278       139.0000       1       1       6.835885       3.219337      10.055222       3.978809       2.139760       1.000000     541.499386       0.000000            0
       279       139.5000       1       1       6.787970       3.267501      10.055472       3.978809       2.310967       1.000000     541.499386       0.000000            0
# Jump frustrated.
       280       140.0000       1       1       6.654296       3.402030      10.056326       3.978809       2.826209       1.000000     541.499386       0.000000            0
# Jump frustrated.
       281       140.5000       1       1       6.451894       3.605277      10.057171       3.978810       3.569712       1.000000     541.499386       0.000000            0
# Jump frustrated.
       282       141.0000       1       1       6.210794       3.849214      10.060009       3.978811       4.457312       1.000000     541.499386       0.000000            0
       283       141.5000       1       1       5.978781       4.083810      10.062591       3.978812       5.323369       1.000000     541.499386       0.000000            1
       284       142.0000       1       1       5.805399       4.259445      10.064844       3.978811       6.042448       1.000000     541.499386       0.000000            0
# Jump frustrated.
       285       142.5000       1       1       5.720203       4.343525      10.063728       3.978809       6.495922       1.000000     541.499386       0.000000            0
# Jump frustrated.
       286       143.0000       1       1       5.715145       4.344563      10.059709       3.978809       6.557527       1.000000     541.499386       0.000000            0
# Jump frustrated.
       287       143.5000       1       1       5.740353       4.314460      10.054813       3.978809       6.215233       1.000000     541.499386       0.000000            0
       288       144.0000       1       1       5.734891       4.316952      10.051843       3.978809       5.597683       1.000000     541.499386       0.000000            0
       289       144.5000       1       1       5.680364       4.375704      10.056068       3.978808       4.993996       1.000000     541.499386       0.000000            0
       290       145.0000       1       1       5.663832       4.404146      10.067978       3.978807       4.690802       1.000000     541.499386       0.000000            1
# Jump frustrated.
       291       145.5000       1       1       5.841180       4.230795      10.071974       3.978808       4.505110       1.000000     541.499386       0.000000            0
# Jump frustrated.
       292       146.0000       1       1       6.266209       3.797520      10.063729       3.978810       4.154156       1.000000     541.499386       0.000000            0
# Jump frustrated.
       293       146.5000       1       1       6.827413       3.227641      10.055054       3.978810       3.721220       1.000000     541.499386       0.000000            0
# Jump frustrated.
       294       147.0000       1       1       7.362137       2.683920      10.046057       3.978811       3.409447       1.000000     541.499386       0.000000            0
# Jump frustrated.
       295       147.5000       1       1       7.727412       2.311059      10.038471       3.978812       3.151964       1.000000     541.499386       0.000000            0
# Jump frustrated.
       296       148.0000       1       1       7.833657       2.209331      10.042988       3.978812       2.817399       1.000000     541.499386       0.000000            0
       297       148.5000       1       1       7.690976       2.355486      10.046462       3.978811       2.600057       1.000000     541.499386       0.000000            1
# Jump frustrated.
       298       149.0000       1       1       7.364430       2.688279      10.052710       3.978811       2.504322       1.000000     541.499386       0.000000            0
       299       149.5000       1       1       6.930415       3.126952      10.057367       3.978811       2.464961       1.000000     541.499386       0.000000            0
       300       150.0000       1       1       6.455385       3.604862      10.060247       3.978812       2.500665       1.000000     541.499386       0.000000            0
# Jump frustrated.
       301       150.5000       1       1       5.984072       4.078412      10.062484       3.978812       2.648450       1.000000     541.499386       0.000000            0
       302       151.0000       1       1       5.563316       4.501929      10.065245       3.978813       2.821663       1.000000     541.499386       0.000000            0
       303       151.5000       1       1       5.234681       4.832438      10.067120       3.978812       3.089604       1.000000     541.499386       0.000000            0
# Jump frustrated.
       304       152.0000       1       1       5.031564       5.036931      10.068495       3.978811       3.418552       1.000000     541.499386       0.000000            0
       305       152.5000       1       1       4.977574       5.090701      10.068274       3.978811       3.716050       1.000000     541.499386       0.000000            1
       306       153.0000       1       1       5.069512       4.996863      10.066374       3.978812       3.930582       1.000000     541.499386       0.000000            0
# Jump frustrated.
       307       153.5000       1       1       5.277394       4.786142      10.063536       3.978812       4.057674       1.000000     541.499386       0.000000            0
       308       154.0000       1       1       5.549711       4.507949      10.057661       3.978812       4.118063       1.000000     541.499386       0.000000            0
# Jump frustrated.
       309       154.5000       1       1       5.802298       4.247196      10.049494       3.978811       4.149248       1.000000     541.499386       0.000000            0
# Jump frustrated.
       310       155.0000       1       1       5.921456       4.118687      10.040143       3.978810       4.329000       1.000000     541.499386       0.000000            0
       311       155.5000       1       1       5.807052       4.230380      10.037432       3.978810       4.850971       1.000000     541.499386       0.000000            0
       312       156.0000       1       1       5.498880       4.559228      10.058109       3.978810       5.762935       1.000000     541.499386       0.000000            1
       313       156.5000       1       1       5.314407       4.770364      10.084771       3.978810       6.400674       1.000000     541.499386       0.000000            0
# Jump frustrated.
       314       157.0000       1       1       5.590911       4.487396      10.078308       3.978808       6.073695       1.000000     541.499386       0.000000            0
       315       157.5000       1       1       6.247005       3.799389      10.046394       3.978807       4.811660       1.000000     541.499386       0.000000            0
# Jump frustrated.
       316       158.0000       1       1       6.883913       3.147297      10.031210       3.978807       3.497424       1.000000     541.499386       0.000000            0
       317       158.5000       1       1       7.228840       2.805785      10.034624       3.978807       2.758479       1.000000     541.499386       0.000000            1
# Jump frustrated.
       318       159.0000       1       1       7.257708       2.784816      10.042525       3.978806       2.543574       1.000000     541.499386       0.000000            0
# Jump frustrated.
       319       159.5000       1       1       7.046812       3.000727      10.047539       3.978806       2.643963       1.000000     541.499386       0.000000            0
       320       160.0000       1       1       6.668315       3.384384      10.052699       3.978807       2.946721       1.000000     541.499386       0.000000            0
# Jump frustrated.
       321       160.5000       1       1       6.197315       3.861671      10.058986       3.978808       3.293320       1.000000     541.499386       0.000000            0
# Jump frustrated.
       322       161.0000       1       1       5.717717       4.347262      10.064979       3.978809       3.611853       1.000000     541.499386       0.000000            0
# Jump frustrated.
       323       161.5000       1       1       5.306573       4.761645      10.068217       3.978811       3.799899       1.000000     541.499386       0.000000            0
# Jump frustrated.
       324       162.0000       1       1       5.009518       5.058106      10.067624       3.978810       3.944039       1.000000     541.499386       0.000000            0
# Jump frustrated.
       325       162.5000       1       1       4.831983       5.233949      10.065932       3.978807       4.159576       1.000000     541.499386       0.000000            1
       326       163.0000       1       1       4.758034       5.306611      10.064645       3.978804       4.538204       1.000000     541.499386       0.000000            0
       327       163.5000       1       1       4.771680       5.293532      10.065212       3.978804       5.155143       1.000000     541.499386       0.000000            0
# Jump frustrated.
       328       164.0000       1       1       4.884170       5.184124      10.068294       3.978805       5.905458       1.000000     541.499386       0.000000            0
       329       164.5000       1       1       5.133879       4.935203      10.069082       3.978805       6.535951       1.000000     541.499386       0.000000            0
# Jump frustrated.
       330       165.0000       1       1       5.525183       4.537845      10.063028       3.978807       6.757475       1.000000     541.499386       0.000000            0
       331       165.5000       1       1       5.983566       4.068862      10.052428       3.978807       6.592572       1.000000     541.499386       0.000000            0
# Jump frustrated.
       332       166.0000       1       1       6.379731       3.663614      10.043345       3.978807       6.062526       1.000000     541.499386       0.000000            1
# Jump frustrated.
       333       166.5000       1       1       6.618634       3.428811      10.047446       3.978807       5.727651       1.000000     541.499386       0.000000            0
       334       167.0000       1       1       6.796379       3.265840      10.062220       3.978808       5.730428       1.000000     541.499386       0.000000            0
# Jump frustrated.
       335       167.5000       1       1       7.137593       2.924328      10.061921       3.978807       5.321327       1.000000     541.499386       0.000000            0
# Jump frustrated.
       336       168.0000       1       1       7.652535       2.393063      10.045598       3.978806       4.145228       1.000000     541.499386       0.000000            0
# Jump frustrated.
       337       168.5000       1       1       8.117958       1.925326      10.043284       3.978806       3.524459       1.000000     541.499386       0.000000            1
# Jump frustrated.
       338       169.0000       1       1       8.437700       1.611010      10.048710       3.978807       3.686013       1.000000     541.499386       0.000000            0
# Jump frustrated.
       339       169.5000       1       1       8.644725       1.403403      10.048129       3.978808       3.480246       1.000000     541.499386       0.000000            0
# Jump frustrated.
       340       170.0000       1       1       8.653863       1.383473      10.037336       3.978809       2.788547       1.000000     541.499386       0.000000            0
       341       170.5000       1       1       8.330429       1.709830      10.040260       3.978810       2.269949       1.000000     541.499386       0.000000            0
# Jump frustrated.
       342       171.0000       1       1       7.678516       2.370849      10.049366       3.978810       2.232644       1.000000     541.499386       0.000000            0
# Jump frustrated.
       343       171.5000       1       1       6.822978       3.239267      10.062245       3.978811       2.479265       1.000000     541.499386       0.000000            1
       344       172.0000       1       1       5.925933       4.144638      10.070572       3.978810       2.746664       1.000000     541.499386       0.000000            0
       345       172.5000       1       1       5.121431       4.954511      10.075941       3.978809       2.930754       1.000000     541.499386       0.000000            0
# Jump frustrated.
       346       173.0000       1       1       4.486747       5.591447      10.078195       3.978808       3.098640       1.000000     541.499386       0.000000            0
# Jump frustrated.
       347       173.5000       1       1       4.062847       6.016833      10.079680       3.978808       3.236920       1.000000     541.499386       0.000000            0
# Jump frustrated.
       348       174.0000       1       1       3.872825       6.207415      10.080240       3.978808       3.353511       1.000000     541.499386       0.000000            0
# Jump frustrated.
       349       174.5000       1       1       3.923777       6.155929      10.079707       3.978808       3.437027       1.000000     541.499386       0.000000            1
# Jump frustrated.
       350       175.0000       1       1       4.203967       5.873169      10.077136       3.978807       3.472951       1.000000     541.499386       0.000000            0
# Jump frustrated.
       351       175.5000       1       1       4.675832       5.396505      10.072337       3.978808       3.480804       1.000000     541.499386       0.000000            0
       352       176.0000       1       1       5.266994       4.797145      10.064139       3.978808       3.493033       1.000000     541.499386       0.000000            0
# Jump frustrated.
       353       176.5000       1       1       5.862956       4.193011      10.055967       3.978808       3.505185       1.000000     541.499386       0.000000            0
       354       177.0000       1       1       6.334776       3.710949      10.045724       3.978807       3.761678       1.000000     541.499386       0.000000            0
# Jump frustrated.
       355       177.5000       1       1       6.566437       3.474900      10.041337       3.978808       4.322313       1.000000     541.499386       0.000000            0
# Jump frustrated.
       356       178.0000       1       1       6.586570       3.471578      10.058149       3.978807       4.917565       1.000000     541.499386       0.000000            0
# Jump frustrated.
       357       178.5000       1       1       6.546977       3.505211      10.052188       3.978805       4.961152       1.000000     541.499386       0.000000            1
       358       179.0000       1       1       6.460518       3.586800      10.047318       3.978804       4.775173       1.000000     541.499386       0.000000            0
# Jump frustrated.
       359       179.5000       1       1       6.311743       3.749148      10.060891       3.978803       4.873162       1.000000     541.499386       0.000000            0
       360       180.0000       1       1       6.248995       3.824924      10.073919       3.978802       4.829177       1.000000     541.499386       0.000000            0
# Jump frustrated.
       361       180.5000       1       1       6.387736       3.675448      10.063184       3.978802       4.130195       1.000000     541.499386       0.000000            0
# Jump frustrated.
       362       181.0000       1       1       6.591082       3.459952      10.051035       3.978802       3.206385       1.000000     541.499386       0.000000            0
# Jump frustrated.
       363       181.5000       1       1       6.656537       3.392480      10.049017       3.978802       2.769135       1.000000     541.499386       0.000000            0
# Jump frustrated.
       364       182.0000       1       1       6.524943       3.526594      10.051537       3.978803       2.856272       1.000000     541.499386       0.000000            0
       365       182.5000       1       1       6.248738       3.813714      10.062452       3.978804       3.128328       1.000000     541.499386       0.000000            1
       366       183.0000       1       1       5.923839       4.145676      10.069515       3.978804       3.375463       1.000000     541.499386       0.000000            0
# Jump frustrated.
       367       183.5000       1       1       5.639871       4.433004      10.072875       3.978804       3.630125       1.000000     541.499386       0.000000            0
# Jump frustrated.
       368       184.0000       1       1       5.449322       4.623586      10.072909       3.978803       3.926837       1.000000     541.499386       0.000000            0
       369       184.5000       1       1       5.374783       4.699363      10.074146       3.978803       4.266054       1.000000     541.499386       0.000000            0
# Jump frustrated.
       370       185.0000       1       1       5.435890       4.639157      10.075047       3.978803       4.574109       1.000000     541.499386       0.000000            0
# Jump frustrated.
       371       185.5000       1       1       5.656077       4.420340      10.076417       3.978804       4.779879       1.000000     541.499386       0.000000            0
       372       186.0000       1       1       6.051309       4.025265      10.076574       3.978805       4.869719       1.000000     541.499386       0.000000            1
# Jump frustrated.
       373       186.5000       1       1       6.614810       3.458914      10.073724       3.978804       4.756067       1.000000     541.499386       0.000000            0
# Jump frustrated.
       374       187.0000       1       1       7.289896       2.772983      10.062879       3.978804       4.413178       1.000000     541.499386       0.000000            0
# Jump frustrated.
       375       187.5000       1       1       7.956665       2.099508      10.056172       3.978805       3.735373       1.000000     541.499386       0.000000            0
# Jump frustrated.
       376       188.0000       1       1       8.455975       1.586927      10.042903       3.978806       2.946438       1.000000     541.499386       0.000000            0
       377       188.5000       1       1       8.634523       1.401535      10.036058       3.978806       2.269945       1.000000     541.499386       0.000000            0
# Jump frustrated.
       378       189.0000       1       1       8.401615       1.639659      10.041275       3.978806       2.304010       1.000000     541.499386       0.000000            1
# Jump frustrated.
       379       189.5000       1       1       7.836190       2.221995      10.058186       3.978806       2.938924       1.000000     541.499386       0.000000            0
# Jump frustrated.
       380       190.0000       1       1       7.165239       2.907927      10.073166       3.978805       3.320389       1.000000     541.499386       0.000000            0
# Jump frustrated.
       381       190.5000       1       1       6.563144       3.504173      10.067317       3.978803       3.152862       1.000000     541.499386       0.000000            0
# Jump frustrated.
       382       191.0000       1       1       6.014722       4.050177      10.064899       3.978803       3.140634       1.000000     541.499386       0.000000            0
       383       191.5000       1       1       5.488581       4.583518      10.072099       3.978803       3.322643       1.000000     541.499386       0.000000            0
       384       192.0000       1       1       5.022574       5.052086      10.074660       3.978803       3.473667       1.000000     541.499386       0.000000            1
       385       192.5000       1       1       4.640322       5.434082      10.074403       3.978803       3.496098       1.000000     541.499386       0.000000            0
# Jump frustrated.
       386       193.0000       1       1       4.335014       5.738640      10.073654       3.978802       3.472160       1.000000     541.499386       0.000000            0
# Jump frustrated.
       387       193.5000       1       1       4.094440       5.980294      10.074734       3.978802       3.495189       1.000000     541.499386       0.000000            0
# Jump frustrated.
       388       194.0000       1       1       3.927650       6.149286      10.076936       3.978801       3.535298       1.000000     541.499386       0.000000            0
# Jump frustrated.
       389       194.5000       1       1       3.858671       6.219872      10.078543       3.978802       3.565195       1.000000     541.499386       0.000000            0
       390       195.0000       1       1       3.908476       6.170669      10.079145       3.978803       3.573779       1.000000     541.499386       0.000000            0
# Jump frustrated.
       391       195.5000       1       1       4.087200       5.992335      10.079535       3.978804       3.563692       1.000000     541.499386       0.000000            1
# Jump frustrated.
       392       196.0000       1       1       4.394230       5.684247      10.078477       3.978805       3.544229       1.000000     541.499386       0.000000            0
# Jump frustrated.
       393       196.5000       1       1       4.821263       5.256371      10.077633       3.978805       3.542194       1.000000     541.499386       0.000000            0
       394       197.0000       1       1       5.353922       4.721161      10.075084       3.978805       3.517057       1.000000     541.499386       0.000000            0
# Jump frustrated.
       395       197.5000       1       1       5.963740       4.107269      10.071009       3.978805       3.387166       1.000000     541.499386       0.000000            0
       396       198.0000       1       1       6.602454       3.465558      10.068012       3.978806       3.155869       1.000000     541.499386       0.000000            0
# Jump frustrated.
       397       198.5000       1       1       7.210926       2.853119      10.064045       3.978808       2.859418       1.000000     541.499386       0.000000            0
# Jump frustrated.
       398       199.0000       1       1       7.726475       2.335349      10.061823       3.978808       2.463853       1.000000     541.499386       0.000000            1
# Jump frustrated.
       399       199.5000       1       1       8.095833       1.963733      10.059567       3.978808       2.133636       1.000000     541.499386       0.000000            0
# Jump frustrated.
       400       200.0000       1       1       8.297494       1.764223      10.061717       3.978809       1.903388       1.000000     541.499386       0.000000            0
