#===============================================================================================================================================================================
#     Step |         Time |         State |                                     Energy |      Angular |     Gradient |      Density |           Expectation Value |    Runtime |
#          |              |  diag |   MCH |          kin |          pot |          tot |     Momentum |          RMS |        Total |           DM |            S |            |
#          |         [fs] |       |       |         [eV] |         [eV] |         [eV] |       [hbar] |     [eV/Ang] |              |      [Debye] |              |      [sec] |
#===============================================================================================================================================================================
         0         0.0000       2       2       0.096479      10.544313      10.640792       0.000120       3.668834       1.000000     541.499386       0.000000            4
# Surface Hop/Pointer State Switch: new state=      1 old state=      2 randnum=  0.439426796 gap= ********* eV
         1         0.5000       1       1      10.342062       0.298730      10.640792       4.177122       1.869382       1.000000     541.499386       0.000000            2
         2         1.0000       1       1      10.031348       0.619066      10.650414       4.177122       2.583029       1.000000     541.499386       0.000000            1
# Jump frustrated.
         3         1.5000       1       1       9.191995       1.493505      10.685499       4.177122       4.206930       1.000000     541.499386       0.000000            0
# Jump frustrated.
         4         2.0000       1       1       8.281548       2.433339      10.714887       4.177121       5.328901       1.000000     541.499386       0.000000            0
# Jump frustrated.
         5         2.5000       1       1       7.702437       3.009031      10.711468       4.177121       5.247012       1.000000     541.499386       0.000000            0
         6         3.0000       1       1       7.412194       3.274145      10.686339       4.177121       4.227279       1.000000     541.499386       0.000000            1
# Jump frustrated.
         7         3.5000       1       1       7.099000       3.583893      10.682893       4.177120       3.411030       1.000000     541.499386       0.000000            0
         8         4.0000       1       1       6.620043       4.069485      10.689528       4.177121       3.170418       1.000000     541.499386       0.000000            0
# Jump frustrated.
         9         4.5000       1       1       6.020845       4.675280      10.696125       4.177121       3.219893       1.000000     541.499386       0.000000            0
# Jump frustrated.
        10         5.0000       1       1       5.394290       5.308895      10.703185       4.177121       3.327469       1.000000     541.499386       0.000000            0
# Jump frustrated.
        11         5.5000       1       1       4.848837       5.864035      10.712871       4.177121       3.384790       1.000000     541.499386       0.000000            0
# Jump frustrated.
        12         6.0000       1       1       4.483180       6.231498      10.714678       4.177121       3.323950       1.000000     541.499386       0.000000            0
# Jump frustrated.
        13         6.5000       1       1       4.328960       6.384089      10.713049       4.177121       3.230320       1.000000     541.499386       0.000000            0
# Jump frustrated.
        14         7.0000       1       1       4.360130       6.349003      10.709133       4.177120       3.120519       1.000000     541.499386       0.000000            1
        15         7.5000       1       1       4.519289       6.184579      10.703868       4.177121       3.021685       1.000000     541.499386       0.000000            0
        16         8.0000       1       1       4.731404       5.965969      10.697373       4.177121       2.991796       1.000000     541.499386       0.000000            0
# Jump frustrated.
        17         8.5000       1       1       4.913034       5.778916      10.691950       4.177121       3.177430       1.000000     541.499386       0.000000            0
        18         9.0000       1       1       5.016528       5.678434      10.694962       4.177120       3.762300       1.000000     541.499386       0.000000            0
# Jump frustrated.
        19         9.5000       1       1       5.117717       5.591447      10.709164       4.177120       4.571236       1.000000     541.499386       0.000000            1
        20        10.0000       1       1       5.421536       5.300383      10.721919       4.177121       5.149538       1.000000     541.499386       0.000000            0
# Jump frustrated.
        21        10.5000       1       1       6.086561       4.626700      10.713261       4.177122       5.103607       1.000000     541.499386       0.000000            0
# Jump frustrated.
        22        11.0000       1       1       6.976750       3.703682      10.680432       4.177123       4.330339       1.000000     541.499386       0.000000            0
# Jump frustrated.
        23        11.5000       1       1       7.690875       2.965849      10.656724       4.177123       3.419530       1.000000     541.499386       0.000000            0
# Jump frustrated.
        24        12.0000       1       1       7.868991       2.777965      10.646956       4.177123       3.305322       1.000000     541.499386       0.000000            0
# Jump frustrated.
        25        12.5000       1       1       7.438770       3.231793      10.670563       4.177123       4.615157       1.000000     541.499386       0.000000            1
# Jump frustrated.
        26        13.0000       1       1       6.813000       3.907137      10.720136       4.177123       6.113882       1.000000     541.499386       0.000000            0
# Jump frustrated.
        27        13.5000       1       1       6.641069       4.086301      10.727370       4.177123       6.263768       1.000000     541.499386       0.000000            0
# Jump frustrated.
        28        14.0000       1       1       7.037797       3.647006      10.684802       4.177123       4.909629       1.000000     541.499386       0.000000            0
# Jump frustrated.
        29        14.5000       1       1       7.503111       3.160169      10.663280       4.177123       3.272082       1.000000     541.499386       0.000000            0
        30        15.0000       1       1       7.660052       3.014014      10.674066       4.177123       2.768280       1.000000     541.499386       0.000000            1
# Jump frustrated.
        31        15.5000       1       1       7.538528       3.148750      10.687278       4.177123       3.052568       1.000000     541.499386       0.000000            0
# Jump frustrated.
        32        16.0000       1       1       7.289800       3.406390      10.696190       4.177123       3.485134       1.000000     541.499386       0.000000            0
# Jump frustrated.
        33        16.5000       1       1       7.033006       3.668804      10.701810       4.177122       3.877611       1.000000     541.499386       0.000000            0
# Jump frustrated.
        34        17.0000       1       1       6.841628       3.862086      10.703714       4.177123       4.186032       1.000000     541.499386       0.000000            0
# Jump frustrated.
        35        17.5000       1       1       6.735290       3.966927      10.702217       4.177124       4.445170       1.000000     541.499386       0.000000            0
# Jump frustrated.
        36        18.0000       1       1       6.693047       4.007203      10.700250       4.177123       4.668076       1.000000     541.499386       0.000000            0
# Jump frustrated.
        37        18.5000       1       1       6.687641       4.012601      10.700242       4.177123       4.760962       1.000000     541.499386       0.000000            0
        38        19.0000       1       1       6.689068       4.006580      10.695648       4.177123       4.604117       1.000000     541.499386       0.000000            1
        39        19.5000       1       1       6.651524       4.042288      10.693813       4.177123       4.324213       1.000000     541.499386       0.000000            0
# Jump frustrated.
        40        20.0000       1       1       6.556033       4.139863      10.695896       4.177123       3.979647       1.000000     541.499386       0.000000            0
# Jump frustrated.
        41        20.5000       1       1       6.433394       4.266088      10.699482       4.177123       3.659957       1.000000     541.499386       0.000000            0
# Jump frustrated.
        42        21.0000       1       1       6.340989       4.362417      10.703406       4.177123       3.423987       1.000000     541.499386       0.000000            0
# Jump frustrated.
        43        21.5000       1       1       6.338562       4.368023      10.706584       4.177123       3.324985       1.000000     541.499386       0.000000            0
        44        22.0000       1       1       6.471395       4.235155      10.706550       4.177123       3.248410       1.000000     541.499386       0.000000            0
# Jump frustrated.
        45        22.5000       1       1       6.739242       3.962775      10.702017       4.177123       3.066269       1.000000     541.499386       0.000000            1
# Jump frustrated.
        46        23.0000       1       1       7.074120       3.619186      10.693306       4.177123       2.759436       1.000000     541.499386       0.000000            0
# Jump frustrated.
        47        23.5000       1       1       7.336636       3.343278      10.679914       4.177123       2.386632       1.000000     541.499386       0.000000            0
        48        24.0000       1       1       7.363231       3.310891      10.674122       4.177122       2.284665       1.000000     541.499386       0.000000            0
# Jump frustrated.
        49        24.5000       1       1       7.087492       3.594066      10.681558       4.177122       2.742510       1.000000     541.499386       0.000000            0
# Jump frustrated.
        50        25.0000       1       1       6.605124       4.091699      10.696823       4.177123       3.589058       1.000000     541.499386       0.000000            0
        51        25.5000       1       1       6.159497       4.557775      10.717272       4.177123       4.159168       1.000000     541.499386       0.000000            0
        52        26.0000       1       1       5.951669       4.754794      10.706463       4.177123       3.849052       1.000000     541.499386       0.000000            1
# Jump frustrated.
        53        26.5000       1       1       5.900611       4.792785      10.693397       4.177123       3.200309       1.000000     541.499386       0.000000            0
# Jump frustrated.
        54        27.0000       1       1       5.835307       4.857766      10.693073       4.177123       2.914767       1.000000     541.499386       0.000000            0
        55        27.5000       1       1       5.715139       4.981500      10.696639       4.177123       3.016937       1.000000     541.499386       0.000000            0
# Jump frustrated.
        56        28.0000       1       1       5.580942       5.120181      10.701123       4.177122       3.274408       1.000000     541.499386       0.000000            0
# Jump frustrated.
        57        28.5000       1       1       5.492365       5.212150      10.704516       4.177122       3.456982       1.000000     541.499386       0.000000            1
# Jump frustrated.
        58        29.0000       1       1       5.487180       5.217548      10.704728       4.177123       3.506557       1.000000     541.499386       0.000000            0
        59        29.5000       1       1       5.560468       5.142187      10.702656       4.177123       3.529609       1.000000     541.499386       0.000000            0
        60        30.0000       1       1       5.680834       5.020114      10.700949       4.177124       3.629348       1.000000     541.499386       0.000000            0
# Jump frustrated.
        61        30.5000       1       1       5.818228       4.881641      10.699869       4.177123       3.864561       1.000000     541.499386       0.000000            0
# Jump frustrated.
        62        31.0000       1       1       5.963006       4.738600      10.701606       4.177122       4.269594       1.000000     541.499386       0.000000            0
# Jump frustrated.
        63        31.5000       1       1       6.152394       4.555491      10.707885       4.177122       4.743881       1.000000     541.499386       0.000000            0
        64        32.0000       1       1       6.469275       4.243251      10.712527       4.177122       5.060876       1.000000     541.499386       0.000000            0
# Jump frustrated.
        65        32.5000       1       1       6.981876       3.730048      10.711924       4.177122       5.073420       1.000000     541.499386       0.000000            1
# Jump frustrated.
        66        33.0000       1       1       7.654159       3.044947      10.699106       4.177122       4.533624       1.000000     541.499386       0.000000            0
# Jump frustrated.
        67        33.5000       1       1       8.326482       2.362545      10.689027       4.177122       3.707142       1.000000     541.499386       0.000000            0
# Jump frustrated.
        68        34.0000       1       1       8.835536       1.851418      10.686954       4.177122       2.864023       1.000000     541.499386       0.000000            0
        69        34.5000       1       1       9.105711       1.581945      10.687656       4.177122       2.296205       1.000000     541.499386       0.000000            0
# Jump frustrated.
        70        35.0000       1       1       9.135330       1.554126      10.689455       4.177122       2.086224       1.000000     541.499386       0.000000            0
# Jump frustrated.
        71        35.5000       1       1       8.952157       1.740141      10.692298       4.177122       2.219877       1.000000     541.499386       0.000000            0
# Jump frustrated.
        72        36.0000       1       1       8.597874       2.097016      10.694891       4.177122       2.564577       1.000000     541.499386       0.000000            1
# Jump frustrated.
        73        36.5000       1       1       8.102382       2.589251      10.691633       4.177122       3.089252       1.000000     541.499386       0.000000            0
# Jump frustrated.
        74        37.0000       1       1       7.505244       3.199199      10.704443       4.177122       3.623627       1.000000     541.499386       0.000000            0
        75        37.5000       1       1       6.896624       3.815167      10.711791       4.177122       3.867372       1.000000     541.499386       0.000000            0
# Jump frustrated.
        76        38.0000       1       1       6.355103       4.357435      10.712538       4.177122       4.011403       1.000000     541.499386       0.000000            0
        77        38.5000       1       1       5.915034       4.801505      10.716539       4.177122       4.192460       1.000000     541.499386       0.000000            0
# Jump frustrated.
        78        39.0000       1       1       5.605334       5.112084      10.717418       4.177122       4.352524       1.000000     541.499386       0.000000            0
        79        39.5000       1       1       5.446919       5.271318      10.718238       4.177122       4.472263       1.000000     541.499386       0.000000            0
        80        40.0000       1       1       5.448183       5.269865      10.718048       4.177122       4.521959       1.000000     541.499386       0.000000            0
# Jump frustrated.
        81        40.5000       1       1       5.601737       5.113330      10.715067       4.177122       4.434088       1.000000     541.499386       0.000000            1
# Jump frustrated.
        82        41.0000       1       1       5.868764       4.841573      10.710337       4.177122       4.167596       1.000000     541.499386       0.000000            0
# Jump frustrated.
        83        41.5000       1       1       6.178607       4.525804      10.704410       4.177121       3.762280       1.000000     541.499386       0.000000            0
# Jump frustrated.
        84        42.0000       1       1       6.451039       4.249895      10.700934       4.177122       3.267608       1.000000     541.499386       0.000000            0
# Jump frustrated.
        85        42.5000       1       1       6.626146       4.071768      10.697914       4.177122       2.663780       1.000000     541.499386       0.000000            0
# Jump frustrated.
        86        43.0000       1       1       6.654680       4.038551      10.693232       4.177122       2.055834       1.000000     541.499386       0.000000            0
# Jump frustrated.
        87        43.5000       1       1       6.476567       4.211903      10.688470       4.177122       1.953316       1.000000     541.499386       0.000000            1
# Jump frustrated.
        88        44.0000       1       1       6.066572       4.626700      10.693272       4.177121       2.990993       1.000000     541.499386       0.000000            0
# Jump frustrated.
        89        44.5000       1       1       5.561157       5.154436      10.715593       4.177121       4.452683       1.000000     541.499386       0.000000            0
# Jump frustrated.
        90        45.0000       1       1       5.269627       5.459202      10.728829       4.177121       5.262211       1.000000     541.499386       0.000000            0
# Jump frustrated.
        91        45.5000       1       1       5.360520       5.351662      10.712182       4.177121       4.929871       1.000000     541.499386       0.000000            0
        92        46.0000       1       1       5.633510       5.058937      10.692447       4.177121       3.859447       1.000000     541.499386       0.000000            1
        93        46.5000       1       1       5.794687       4.895758      10.690445       4.177121       2.944689       1.000000     541.499386       0.000000            0
        94        47.0000       1       1       5.751080       4.945584      10.696664       4.177121       2.553806       1.000000     541.499386       0.000000            0
# Jump frustrated.
        95        47.5000       1       1       5.560575       5.143848      10.704423       4.177121       2.497054       1.000000     541.499386       0.000000            0
        96        48.0000       1       1       5.324012       5.387785      10.711797       4.177121       2.546632       1.000000     541.499386       0.000000            0
        97        48.5000       1       1       5.134840       5.580859      10.715700       4.177121       2.577909       1.000000     541.499386       0.000000            1
        98        49.0000       1       1       5.051149       5.666393      10.717542       4.177121       2.568578       1.000000     541.499386       0.000000            0
# Jump frustrated.
        99        49.5000       1       1       5.099219       5.619059      10.718277       4.177121       2.556662       1.000000     541.499386       0.000000            0
       100        50.0000       1       1       5.285568       5.431798      10.717366       4.177121       2.549424       1.000000     541.499386       0.000000            0
       101        50.5000       1       1       5.599809       5.114991      10.714800       4.177121       2.530451       1.000000     541.499386       0.000000            0
# Jump frustrated.
       102        51.0000       1       1       6.019764       4.693342      10.713106       4.177120       2.508054       1.000000     541.499386       0.000000            0
# Jump frustrated.
       103        51.5000       1       1       6.514320       4.193841      10.708161       4.177121       2.470536       1.000000     541.499386       0.000000            0
# Jump frustrated.
       104        52.0000       1       1       7.045764       3.661746      10.707510       4.177121       2.438226       1.000000     541.499386       0.000000            1
# Jump frustrated.
       105        52.5000       1       1       7.602266       3.107229      10.709495       4.177121       2.427993       1.000000     541.499386       0.000000            0
       106        53.0000       1       1       8.180765       2.524270      10.705036       4.177121       2.354368       1.000000     541.499386       0.000000            0
# Jump frustrated.
       107        53.5000       1       1       8.732543       1.967678      10.700220       4.177121       2.196877       1.000000     541.499386       0.000000            0
       108        54.0000       1       1       9.177172       1.516134      10.693306       4.177121       1.999520       1.000000     541.499386       0.000000            0
# Jump frustrated.
       109        54.5000       1       1       9.424601       1.262231      10.686832       4.177120       1.791899       1.000000     541.499386       0.000000            0
# Jump frustrated.
       110        55.0000       1       1       9.392322       1.290881      10.683203       4.177120       1.793977       1.000000     541.499386       0.000000            0
       111        55.5000       1       1       9.055175       1.634885      10.690059       4.177120       2.252026       1.000000     541.499386       0.000000            0
# Jump frustrated.
       112        56.0000       1       1       8.524093       2.181720      10.705813       4.177120       2.899194       1.000000     541.499386       0.000000            0
# Jump frustrated.
       113        56.5000       1       1       8.006956       2.708417      10.715373       4.177120       3.304794       1.000000     541.499386       0.000000            1
       114        57.0000       1       1       7.637536       3.071313      10.708849       4.177120       3.189431       1.000000     541.499386       0.000000            0
       115        57.5000       1       1       7.366726       3.333312      10.700039       4.177121       2.863288       1.000000     541.499386       0.000000            0
# Jump frustrated.
       116        58.0000       1       1       7.086390       3.615242      10.701632       4.177120       2.741163       1.000000     541.499386       0.000000            0
       117        58.5000       1       1       6.765881       3.937862      10.703744       4.177121       2.830808       1.000000     541.499386       0.000000            0
       118        59.0000       1       1       6.427371       4.280828      10.708199       4.177121       2.970993       1.000000     541.499386       0.000000            0
# Jump frustrated.
       119        59.5000       1       1       6.105683       4.604279      10.709962       4.177121       3.045355       1.000000     541.499386       0.000000            1
       120        60.0000       1       1       5.824039       4.886831      10.710871       4.177121       3.048366       1.000000     541.499386       0.000000            0
# Jump frustrated.
       121        60.5000       1       1       5.589170       5.121219      10.710389       4.177121       2.953156       1.000000     541.499386       0.000000            0
# Jump frustrated.
       122        61.0000       1       1       5.390421       5.318652      10.709074       4.177121       2.833866       1.000000     541.499386       0.000000            0
# Jump frustrated.
       123        61.5000       1       1       5.210268       5.499062      10.709331       4.177121       2.772355       1.000000     541.499386       0.000000            0
       124        62.0000       1       1       5.050551       5.661203      10.711754       4.177120       2.762319       1.000000     541.499386       0.000000            0
# Jump frustrated.
       125        62.5000       1       1       4.940714       5.773518      10.714232       4.177120       2.702621       1.000000     541.499386       0.000000            0
# Jump frustrated.
       126        63.0000       1       1       4.908357       5.805074      10.713431       4.177120       2.512270       1.000000     541.499386       0.000000            0
# Jump frustrated.
       127        63.5000       1       1       4.942296       5.767498      10.709793       4.177120       2.239269       1.000000     541.499386       0.000000            0
       128        64.0000       1       1       4.994847       5.711236      10.706083       4.177120       2.046825       1.000000     541.499386       0.000000            1
# Jump frustrated.
       129        64.5000       1       1       5.014080       5.690268      10.704348       4.177120       2.092875       1.000000     541.499386       0.000000            0
# Jump frustrated.
       130        65.0000       1       1       4.969053       5.734903      10.703956       4.177120       2.377619       1.000000     541.499386       0.000000            0
# Jump frustrated.
       131        65.5000       1       1       4.856086       5.849917      10.706003       4.177120       2.763668       1.000000     541.499386       0.000000            0
# Jump frustrated.
       132        66.0000       1       1       4.694256       6.013304      10.707560       4.177120       3.139375       1.000000     541.499386       0.000000            0
       133        66.5000       1       1       4.508105       6.200564      10.708670       4.177120       3.440791       1.000000     541.499386       0.000000            0
# Jump frustrated.
       134        67.0000       1       1       4.321503       6.389279      10.710781       4.177120       3.632389       1.000000     541.499386       0.000000            0
# Jump frustrated.
       135        67.5000       1       1       4.167375       6.546022      10.713397       4.177120       3.698838       1.000000     541.499386       0.000000            1
# Jump frustrated.
       136        68.0000       1       1       4.083333       6.632178      10.715511       4.177120       3.647483       1.000000     541.499386       0.000000            0
       137        68.5000       1       1       4.103616       6.613494      10.717109       4.177120       3.499639       1.000000     541.499386       0.000000            0
# Jump frustrated.
       138        69.0000       1       1       4.257844       6.460695      10.718540       4.177120       3.265859       1.000000     541.499386       0.000000            0
# Jump frustrated.
       139        69.5000       1       1       4.567764       6.151154      10.718918       4.177121       2.962767       1.000000     541.499386       0.000000            0
# Jump frustrated.
       140        70.0000       1       1       5.036805       5.680303      10.717108       4.177121       2.608659       1.000000     541.499386       0.000000            0
# Jump frustrated.
       141        70.5000       1       1       5.642004       5.071808      10.713812       4.177121       2.260277       1.000000     541.499386       0.000000            0
       142        71.0000       1       1       6.341802       4.368438      10.710240       4.177121       1.985043       1.000000     541.499386       0.000000            1
# Jump frustrated.
       143        71.5000       1       1       7.082575       3.628321      10.710896       4.177121       1.780079       1.000000     541.499386       0.000000            0
# Jump frustrated.
       144        72.0000       1       1       7.797549       2.906474      10.704023       4.177122       1.643282       1.000000     541.499386       0.000000            0
       145        72.5000       1       1       8.412544       2.287599      10.700143       4.177121       1.572941       1.000000     541.499386       0.000000            0
# Jump frustrated.
       146        73.0000       1       1       8.855628       1.839377      10.695005       4.177122       1.608830       1.000000     541.499386       0.000000            0
       147        73.5000       1       1       9.068447       1.624919      10.693367       4.177122       1.746576       1.000000     541.499386       0.000000            1
# Jump frustrated.
       148        74.0000       1       1       9.041723       1.654815      10.696538       4.177122       1.983347       1.000000     541.499386       0.000000            0
# Jump frustrated.
       149        74.5000       1       1       8.814179       1.885258      10.699437       4.177122       2.264573       1.000000     541.499386       0.000000            0
# Jump frustrated.
       150        75.0000       1       1       8.436217       2.266008      10.702225       4.177122       2.564788       1.000000     541.499386       0.000000            0
# Jump frustrated.
       151        75.5000       1       1       7.956365       2.746202      10.702567       4.177122       2.881155       1.000000     541.499386       0.000000            0
# Jump frustrated.
       152        76.0000       1       1       7.414273       3.291168      10.705442       4.177122       3.228732       1.000000     541.499386       0.000000            0
# Jump frustrated.
       153        76.5000       1       1       6.863018       3.847554      10.710572       4.177122       3.536606       1.000000     541.499386       0.000000            0
# Jump frustrated.
       154        77.0000       1       1       6.379539       4.336674      10.716213       4.177122       3.747265       1.000000     541.499386       0.000000            1
# Jump frustrated.
       155        77.5000       1       1       6.031473       4.688359      10.719832       4.177122       3.958793       1.000000     541.499386       0.000000            0
# Jump frustrated.
       156        78.0000       1       1       5.866363       4.855275      10.721638       4.177122       4.123383       1.000000     541.499386       0.000000            0
# Jump frustrated.
       157        78.5000       1       1       5.910424       4.812093      10.722517       4.177122       4.278835       1.000000     541.499386       0.000000            0
       158        79.0000       1       1       6.169843       4.551547      10.721390       4.177122       4.381910       1.000000     541.499386       0.000000            0
# Jump frustrated.
       159        79.5000       1       1       6.619868       4.097512      10.717380       4.177123       4.353149       1.000000     541.499386       0.000000            1
# Jump frustrated.
       160        80.0000       1       1       7.189741       3.520989      10.710730       4.177123       4.117164       1.000000     541.499386       0.000000            0
# Jump frustrated.
       161        80.5000       1       1       7.759977       2.938860      10.698837       4.177124       3.557207       1.000000     541.499386       0.000000            0
# Jump frustrated.
       162        81.0000       1       1       8.156594       2.528838      10.685431       4.177125       2.767392       1.000000     541.499386       0.000000            0
# Jump frustrated.
       163        81.5000       1       1       8.243079       2.441435      10.684515       4.177126       2.333178       1.000000     541.499386       0.000000            0
# Jump frustrated.
       164        82.0000       1       1       7.980260       2.705926      10.686186       4.177127       2.492553       1.000000     541.499386       0.000000            0
# Jump frustrated.
       165        82.5000       1       1       7.444794       3.259612      10.704406       4.177127       3.378676       1.000000     541.499386       0.000000            0
# Jump frustrated.
       166        83.0000       1       1       6.901524       3.820772      10.722297       4.177127       4.040975       1.000000     541.499386       0.000000            1
# Jump frustrated.
       167        83.5000       1       1       6.592621       4.122424      10.715045       4.177127       3.800936       1.000000     541.499386       0.000000            0
# Jump frustrated.
       168        84.0000       1       1       6.446179       4.251348      10.697527       4.177128       3.096837       1.000000     541.499386       0.000000            0
# Jump frustrated.
       169        84.5000       1       1       6.222867       4.469542      10.692409       4.177128       2.951711       1.000000     541.499386       0.000000            0
       170        85.0000       1       1       5.823157       4.877281      10.700438       4.177128       3.540757       1.000000     541.499386       0.000000            0
# Jump frustrated.
       171        85.5000       1       1       5.317886       5.390484      10.708371       4.177129       4.224145       1.000000     541.499386       0.000000            0
# Jump frustrated.
       172        86.0000       1       1       4.823788       5.891646      10.715435       4.177128       4.667693       1.000000     541.499386       0.000000            1
       173        86.5000       1       1       4.423679       6.294403      10.718081       4.177128       4.840191       1.000000     541.499386       0.000000            0
       174        87.0000       1       1       4.151518       6.566575      10.718092       4.177129       4.770724       1.000000     541.499386       0.000000            0
# Jump frustrated.
       175        87.5000       1       1       4.000863       6.715428      10.716291       4.177129       4.506515       1.000000     541.499386       0.000000            0
# Jump frustrated.
       176        88.0000       1       1       3.942929       6.770859      10.713788       4.177128       4.106224       1.000000     541.499386       0.000000            0
       177        88.5000       1       1       3.941695       6.770029      10.711724       4.177128       3.635823       1.000000     541.499386       0.000000            0
       178        89.0000       1       1       3.968998       6.742210      10.711207       4.177127       3.189458       1.000000     541.499386       0.000000            1
# Jump frustrated.
       179        89.5000       1       1       4.020863       6.691969      10.712832       4.177127       2.868768       1.000000     541.499386       0.000000            0
# Jump frustrated.
       180        90.0000       1       1       4.120621       6.594601      10.715222       4.177127       2.694722       1.000000     541.499386       0.000000            0
# Jump frustrated.
       181        90.5000       1       1       4.299596       6.416268      10.715863       4.177128       2.571704       1.000000     541.499386       0.000000            0
# Jump frustrated.
       182        91.0000       1       1       4.565695       6.148040      10.713735       4.177127       2.377802       1.000000     541.499386       0.000000            0
       183        91.5000       1       1       4.887153       5.822721      10.709874       4.177127       2.099502       1.000000     541.499386       0.000000            1
# Jump frustrated.
       184        92.0000       1       1       5.208262       5.498647      10.706909       4.177127       1.831921       1.000000     541.499386       0.000000            0
       185        92.5000       1       1       5.482542       5.223361      10.705903       4.177127       1.725080       1.000000     541.499386       0.000000            0
# Jump frustrated.
       186        93.0000       1       1       5.699624       5.008696      10.708320       4.177127       1.855366       1.000000     541.499386       0.000000            0
# Jump frustrated.
       187        93.5000       1       1       5.889832       4.822058      10.711889       4.177127       2.133745       1.000000     541.499386       0.000000            0
# Jump frustrated.
       188        94.0000       1       1       6.106475       4.608431      10.714906       4.177127       2.383206       1.000000     541.499386       0.000000            0
       189        94.5000       1       1       6.394813       4.320481      10.715294       4.177128       2.501875       1.000000     541.499386       0.000000            0
# Jump frustrated.
       190        95.0000       1       1       6.768377       3.945959      10.714336       4.177128       2.483445       1.000000     541.499386       0.000000            1
# Jump frustrated.
       191        95.5000       1       1       7.210077       3.501474      10.711551       4.177129       2.397728       1.000000     541.499386       0.000000            0
# Jump frustrated.
       192        96.0000       1       1       7.682309       3.023979      10.706288       4.177128       2.309793       1.000000     541.499386       0.000000            0
# Jump frustrated.
       193        96.5000       1       1       8.119511       2.580324      10.699835       4.177128       2.206706       1.000000     541.499386       0.000000            0
# Jump frustrated.
       194        97.0000       1       1       8.433860       2.259157      10.693017       4.177127       2.253154       1.000000     541.499386       0.000000            0
       195        97.5000       1       1       8.542503       2.147257      10.689760       4.177128       2.628235       1.000000     541.499386       0.000000            0
# Jump frustrated.
       196        98.0000       1       1       8.424087       2.274727      10.698815       4.177128       3.387749       1.000000     541.499386       0.000000            0
       197        98.5000       1       1       8.200198       2.515551      10.715749       4.177127       4.138331       1.000000     541.499386       0.000000            1
# Jump frustrated.
       198        99.0000       1       1       8.056547       2.661498      10.718045       4.177127       4.437029       1.000000     541.499386       0.000000            0
       199        99.5000       1       1       8.028939       2.675823      10.704762       4.177127       4.336142       1.000000     541.499386       0.000000            0
       200       100.0000       1       1       7.980474       2.714645      10.695120       4.177126       4.163066       1.000000     541.499386       0.000000            0
       201       100.5000       1       1       7.804174       2.896093      10.700267       4.177127       4.050264       1.000000     541.499386       0.000000            0
       202       101.0000       1       1       7.526671       3.179684      10.706355       4.177127       3.970607       1.000000     541.499386       0.000000            0
       203       101.5000       1       1       7.224372       3.485903      10.710275       4.177127       3.834921       1.000000     541.499386       0.000000            0
# Jump frustrated.
       204       102.0000       1       1       6.944877       3.766172      10.711049       4.177128       3.634037       1.000000     541.499386       0.000000            1
# Jump frustrated.
       205       102.5000       1       1       6.696829       4.013223      10.710052       4.177128       3.348056       1.000000     541.499386       0.000000            0
# Jump frustrated.
       206       103.0000       1       1       6.459267       4.248857      10.708124       4.177128       3.010813       1.000000     541.499386       0.000000            0
# Jump frustrated.
       207       103.5000       1       1       6.200725       4.506081      10.706806       4.177127       2.724718       1.000000     541.499386       0.000000            0
       208       104.0000       1       1       5.909727       4.798598      10.708325       4.177127       2.571443       1.000000     541.499386       0.000000            0
# Jump frustrated.
       209       104.5000       1       1       5.605855       5.105026      10.710881       4.177127       2.547525       1.000000     541.499386       0.000000            0
# Jump frustrated.
       210       105.0000       1       1       5.322970       5.389239      10.712209       4.177127       2.585157       1.000000     541.499386       0.000000            0
       211       105.5000       1       1       5.084728       5.627571      10.712299       4.177127       2.674314       1.000000     541.499386       0.000000            1
# Jump frustrated.
       212       106.0000       1       1       4.887311       5.823551      10.710862       4.177128       2.958356       1.000000     541.499386       0.000000            0
# Jump frustrated.
       213       106.5000       1       1       4.716235       5.995034      10.711269       4.177128       3.503788       1.000000     541.499386       0.000000            0
# Jump frustrated.
       214       107.0000       1       1       4.578277       6.135376      10.713654       4.177127       4.180783       1.000000     541.499386       0.000000            0
# Jump frustrated.
       215       107.5000       1       1       4.509118       6.207415      10.716534       4.177126       4.819626       1.000000     541.499386       0.000000            0
       216       108.0000       1       1       4.551008       6.166517      10.717525       4.177127       5.325642       1.000000     541.499386       0.000000            1
# Jump frustrated.
       217       108.5000       1       1       4.725298       5.991090      10.716388       4.177127       5.650017       1.000000     541.499386       0.000000            0
       218       109.0000       1       1       5.021926       5.691514      10.713440       4.177127       5.695457       1.000000     541.499386       0.000000            0
       219       109.5000       1       1       5.394480       5.312009      10.706489       4.177127       5.405298       1.000000     541.499386       0.000000            0
# Jump frustrated.
       220       110.0000       1       1       5.747017       4.947660      10.694676       4.177127       4.754140       1.000000     541.499386       0.000000            0
# Jump frustrated.
       221       110.5000       1       1       5.920214       4.758323      10.678537       4.177127       3.907430       1.000000     541.499386       0.000000            0
# Jump frustrated.
       222       111.0000       1       1       5.776942       4.904270      10.681212       4.177126       3.714363       1.000000     541.499386       0.000000            1
       223       111.5000       1       1       5.455626       5.267374      10.722999       4.177126       4.867845       1.000000     541.499386       0.000000            0
# Jump frustrated.
       224       112.0000       1       1       5.534316       5.220039      10.754356       4.177126       5.577353       1.000000     541.499386       0.000000            0
# Jump frustrated.
       225       112.5000       1       1       6.365158       4.349338      10.714496       4.177125       4.616601       1.000000     541.499386       0.000000            0
# Jump frustrated.
       226       113.0000       1       1       7.466430       3.201067      10.667497       4.177125       2.652658       1.000000     541.499386       0.000000            0
       227       113.5000       1       1       8.194634       2.468424      10.663058       4.177125       1.417345       1.000000     541.499386       0.000000            0
# Jump frustrated.
       228       114.0000       1       1       8.382710       2.295488      10.678198       4.177125       1.545306       1.000000     541.499386       0.000000            0
       229       114.5000       1       1       8.167288       2.528630      10.695918       4.177125       1.997057       1.000000     541.499386       0.000000            0
# Jump frustrated.
       230       115.0000       1       1       7.744551       2.959829      10.704380       4.177125       2.281422       1.000000     541.499386       0.000000            1
# Jump frustrated.
       231       115.5000       1       1       7.237420       3.470956      10.708376       4.177125       2.486273       1.000000     541.499386       0.000000            0
# Jump frustrated.
       232       116.0000       1       1       6.701748       4.009071      10.710819       4.177125       2.632061       1.000000     541.499386       0.000000            0
# Jump frustrated.
       233       116.5000       1       1       6.180869       4.534938      10.715808       4.177124       2.707080       1.000000     541.499386       0.000000            0
       234       117.0000       1       1       5.727293       4.990634      10.717928       4.177124       2.640653       1.000000     541.499386       0.000000            0
       235       117.5000       1       1       5.373310       5.344811      10.718121       4.177124       2.580250       1.000000     541.499386       0.000000            0
       236       118.0000       1       1       5.132234       5.586050      10.718284       4.177124       2.485058       1.000000     541.499386       0.000000            1
       237       118.5000       1       1       5.003103       5.714350      10.717454       4.177125       2.452450       1.000000     541.499386       0.000000            0
# Jump frustrated.
       238       119.0000       1       1       4.975985       5.741754      10.717739       4.177125       2.490284       1.000000     541.499386       0.000000            0
       239       119.5000       1       1       5.049157       5.669092      10.718249       4.177125       2.594057       1.000000     541.499386       0.000000            0
# Jump frustrated.
       240       120.0000       1       1       5.231959       5.487436      10.719395       4.177126       2.776861       1.000000     541.499386       0.000000            0
       241       120.5000       1       1       5.541295       5.176857      10.718153       4.177126       2.996181       1.000000     541.499386       0.000000            0
# Jump frustrated.
       242       121.0000       1       1       5.965312       4.741922      10.707234       4.177125       3.110858       1.000000     541.499386       0.000000            0
# Jump frustrated.
       243       121.5000       1       1       6.445501       4.261521      10.707022       4.177126       3.156488       1.000000     541.499386       0.000000            1
       244       122.0000       1       1       6.942045       3.765964      10.708009       4.177126       3.161289       1.000000     541.499386       0.000000            0
# Jump frustrated.
       245       122.5000       1       1       7.440896       3.265840      10.706736       4.177127       3.080183       1.000000     541.499386       0.000000            0
# Jump frustrated.
       246       123.0000       1       1       7.902531       2.799141      10.701672       4.177127       2.978257       1.000000     541.499386       0.000000            0
       247       123.5000       1       1       8.259618       2.435622      10.695241       4.177127       2.879562       1.000000     541.499386       0.000000            0
# Jump frustrated.
       248       124.0000       1       1       8.422604       2.263932      10.686536       4.177127       2.786394       1.000000     541.499386       0.000000            0
# Jump frustrated.
       249       124.5000       1       1       8.283459       2.393478      10.676938       4.177127       2.794597       1.000000     541.499386       0.000000            1
       250       125.0000       1       1       7.779106       2.907512      10.686618       4.177127       3.316727       1.000000     541.499386       0.000000            0
       251       125.5000       1       1       7.080569       3.635172      10.715741       4.177128       4.171327       1.000000     541.499386       0.000000            0
       252       126.0000       1       1       6.576222       4.157095      10.733317       4.177130       4.464168       1.000000     541.499386       0.000000            0
# Jump frustrated.
       253       126.5000       1       1       6.449693       4.259860      10.709552       4.177130       3.618302       1.000000     541.499386       0.000000            0
# Jump frustrated.
       254       127.0000       1       1       6.458366       4.234947      10.693313       4.177130       2.471947       1.000000     541.499386       0.000000            0
       255       127.5000       1       1       6.334266       4.362833      10.697098       4.177129       1.951987       1.000000     541.499386       0.000000            0
# Surface Hop/Pointer State Switch: new state=      2 old state=      1 randnum=  0.061190067 gap=  3.250286 eV
       256       128.0000       2       2       2.814715       7.882384      10.697098       9.559753       1.647945       1.000000     541.499386       0.000000            1
# Surface Hop/Pointer State Switch: new state=      1 old state=      2 randnum=  0.300552645 gap= -3.031884 eV
       257       128.5000       1       1       5.836841       4.860258      10.697098       3.856708       1.805677       1.000000     541.499386       0.000000            0
# Jump frustrated.
       258       129.0000       1       1       5.536882       5.160041      10.696923       3.856709       1.784036       1.000000     541.499386       0.000000            0
# Surface Hop/Pointer State Switch: new state=      2 old state=      1 randnum=  0.386290979 gap=  2.811198 eV
       259       129.5000       2       2       2.446660       8.250262      10.696923       9.912623       2.455708       1.000000     541.499386       0.000000            0
       260       130.0000       2       2       2.378611       8.317735      10.696345       9.912622       2.624165       1.000000     541.499386       0.000000            0
       261       130.5000       2       2       2.345754       8.349914      10.695667       9.912622       2.817894       1.000000     541.499386       0.000000            0
# Surface Hop/Pointer State Switch: new state=      1 old state=      2 randnum=  0.527153342 gap= -2.499373 eV
       262       131.0000       1       1       4.839314       5.856353      10.695667       3.138687       2.616491       1.000000     541.499386       0.000000            0
# Surface Hop/Pointer State Switch: new state=      2 old state=      1 randnum=  0.359064485 gap=  2.414047 eV
       263       131.5000       2       2       2.248386       8.447281      10.695667       9.605939       3.040571       1.000000     541.499386       0.000000            1
# Surface Hop/Pointer State Switch: new state=      1 old state=      2 randnum=  0.590493825 gap= -2.212461 eV
       264       132.0000       1       1       4.539323       6.156344      10.695667       3.179368       3.028609       1.000000     541.499386       0.000000            0
# Jump frustrated.
       265       132.5000       1       1       4.391407       6.303122      10.694529       3.179368       3.069067       1.000000     541.499386       0.000000            0
       266       133.0000       1       1       4.252740       6.443464      10.696204       3.179368       3.098474       1.000000     541.499386       0.000000            0
# Jump frustrated.
       267       133.5000       1       1       4.147321       6.551419      10.698741       3.179368       3.184587       1.000000     541.499386       0.000000            0
       268       134.0000       1       1       4.118186       6.582975      10.701162       3.179368       3.303169       1.000000     541.499386       0.000000            0
# Jump frustrated.
       269       134.5000       1       1       4.200111       6.500971      10.701082       3.179368       3.412826       1.000000     541.499386       0.000000            0
# Jump frustrated.
       270       135.0000       1       1       4.393427       6.304991      10.698417       3.179368       3.486370       1.000000     541.499386       0.000000            1
       271       135.5000       1       1       4.658137       6.036763      10.694900       3.179368       3.509472       1.000000     541.499386       0.000000            0
# Jump frustrated.
       272       136.0000       1       1       4.940948       5.751304      10.692252       3.179368       3.456794       1.000000     541.499386       0.000000            0
# Jump frustrated.
       273       136.5000       1       1       5.205173       5.486191      10.691364       3.179368       3.296417       1.000000     541.499386       0.000000            0
# Jump frustrated.
       274       137.0000       1       1       5.433530       5.257409      10.690939       3.179368       3.028976       1.000000     541.499386       0.000000            0
# Jump frustrated.
       275       137.5000       1       1       5.618161       5.072639      10.690800       3.179367       2.686012       1.000000     541.499386       0.000000            0
# Jump frustrated.
       276       138.0000       1       1       5.756274       4.934373      10.690647       3.179367       2.311351       1.000000     541.499386       0.000000            1
# Jump frustrated.
       277       138.5000       1       1       5.840581       4.848424      10.689005       3.179367       1.935677       1.000000     541.499386       0.000000            0
       278       139.0000       1       1       5.855350       4.832854      10.688204       3.179367       1.693977       1.000000     541.499386       0.000000            0
       279       139.5000       1       1       5.799029       4.891399      10.690428       3.179368       1.778439       1.000000     541.499386       0.000000            0
# Jump frustrated.
       280       140.0000       1       1       5.710550       4.985029      10.695579       3.179369       2.149467       1.000000     541.499386       0.000000            0
# Jump frustrated.
       281       140.5000       1       1       5.670624       5.030287      10.700911       3.179368       2.512272       1.000000     541.499386       0.000000            0
       282       141.0000       1       1       5.758692       4.943508      10.702199       3.179367       2.645974       1.000000     541.499386       0.000000            1
# Jump frustrated.
       283       141.5000       1       1       5.988242       4.708082      10.696324       3.179366       2.449277       1.000000     541.499386       0.000000            0
# Jump frustrated.
       284       142.0000       1       1       6.279311       4.408921      10.688232       3.179365       2.092771       1.000000     541.499386       0.000000            0
       285       142.5000       1       1       6.513253       4.170381      10.683634       3.179365       1.791057       1.000000     541.499386       0.000000            0
# Jump frustrated.
       286       143.0000       1       1       6.613230       4.071146      10.684376       3.179365       1.683696       1.000000     541.499386       0.000000            0
# Jump frustrated.
       287       143.5000       1       1       6.575088       4.113290      10.688378       3.179364       1.662416       1.000000     541.499386       0.000000            0
       288       144.0000       1       1       6.424787       4.262974      10.687761       3.179364       1.697825       1.000000     541.499386       0.000000            1
# Jump frustrated.
       289       144.5000       1       1       6.173570       4.512517      10.686086       3.179364       1.779809       1.000000     541.499386       0.000000            0
# Jump frustrated.
       290       145.0000       1       1       5.828400       4.859635      10.688035       3.179363       1.973140       1.000000     541.499386       0.000000            0
# Jump frustrated.
       291       145.5000       1       1       5.422549       5.271111      10.693659       3.179363       2.178910       1.000000     541.499386       0.000000            0
       292       146.0000       1       1       5.017920       5.679265      10.697185       3.179362       2.249082       1.000000     541.499386       0.000000            0
# Jump frustrated.
       293       146.5000       1       1       4.666661       6.032196      10.698856       3.179361       2.248372       1.000000     541.499386       0.000000            0
       294       147.0000       1       1       4.391235       6.307689      10.698925       3.179361       2.180293       1.000000     541.499386       0.000000            1
# Jump frustrated.
       295       147.5000       1       1       4.189800       6.508030      10.697830       3.179362       2.132738       1.000000     541.499386       0.000000            0
# Jump frustrated.
       296       148.0000       1       1       4.046558       6.650240      10.696798       3.179362       2.158610       1.000000     541.499386       0.000000            0
       297       148.5000       1       1       3.943834       6.751967      10.695801       3.179362       2.283182       1.000000     541.499386       0.000000            0
# Jump frustrated.
       298       149.0000       1       1       3.867915       6.827121      10.695035       3.179362       2.488711       1.000000     541.499386       0.000000            0
# Jump frustrated.
       299       149.5000       1       1       3.810561       6.884420      10.694981       3.179361       2.748731       1.000000     541.499386       0.000000            0
       300       150.0000       1       1       3.770965       6.924488      10.695453       3.179361       3.020706       1.000000     541.499386       0.000000            0
       301       150.5000       1       1       3.764361       6.933000      10.697361       3.179361       3.200161       1.000000     541.499386       0.000000            1
       302       151.0000       1       1       3.815339       6.882136      10.697475       3.179361       3.145642       1.000000     541.499386       0.000000            0
       303       151.5000       1       1       3.924568       6.770029      10.694597       3.179363       2.817509       1.000000     541.499386       0.000000            0
# Jump frustrated.
       304       152.0000       1       1       4.057190       6.634669      10.691859       3.179363       2.362660       1.000000     541.499386       0.000000            0
# Jump frustrated.
       305       152.5000       1       1       4.174463       6.516749      10.691212       3.179363       2.014937       1.000000     541.499386       0.000000            0
# Jump frustrated.
       306       153.0000       1       1       4.262266       6.429347      10.691613       3.179363       1.840804       1.000000     541.499386       0.000000            0
       307       153.5000       1       1       4.321598       6.369764      10.691361       3.179363       1.729849       1.000000     541.499386       0.000000            0
       308       154.0000       1       1       4.344284       6.345681      10.689965       3.179363       1.676022       1.000000     541.499386       0.000000            1
       309       154.5000       1       1       4.312836       6.377030      10.689866       3.179362       1.782384       1.000000     541.499386       0.000000            0
       310       155.0000       1       1       4.227207       6.465678      10.692885       3.179362       2.019302       1.000000     541.499386       0.000000            0
       311       155.5000       1       1       4.118105       6.577162      10.695267       3.179362       2.218793       1.000000     541.499386       0.000000            0
# Jump frustrated.
       312       156.0000       1       1       4.019802       6.676606      10.696408       3.179363       2.300834       1.000000     541.499386       0.000000            0
       313       156.5000       1       1       3.950753       6.745946      10.696699       3.179363       2.266520       1.000000     541.499386       0.000000            0
# Jump frustrated.
       314       157.0000       1       1       3.918774       6.777918      10.696692       3.179364       2.162819       1.000000     541.499386       0.000000            0
# Jump frustrated.
       315       157.5000       1       1       3.927200       6.769614      10.696813       3.179363       2.027080       1.000000     541.499386       0.000000            0
       316       158.0000       1       1       3.977454       6.719373      10.696827       3.179363       1.879621       1.000000     541.499386       0.000000            1
# Jump frustrated.
       317       158.5000       1       1       4.067531       6.628441      10.695972       3.179363       1.734812       1.000000     541.499386       0.000000            0
       318       159.0000       1       1       4.190652       6.504915      10.695568       3.179363       1.630585       1.000000     541.499386       0.000000            0
       319       159.5000       1       1       4.337419       6.357723      10.695142       3.179362       1.616475       1.000000     541.499386       0.000000            0
# Jump frustrated.
       320       160.0000       1       1       4.501546       6.193713      10.695259       3.179362       1.722333       1.000000     541.499386       0.000000            0
       321       160.5000       1       1       4.685836       6.009982      10.695817       3.179362       1.889007       1.000000     541.499386       0.000000            0
       322       161.0000       1       1       4.898668       5.797185      10.695853       3.179362       2.012333       1.000000     541.499386       0.000000            0
       323       161.5000       1       1       5.139898       5.554493      10.694392       3.179362       2.016665       1.000000     541.499386       0.000000            1
# Jump frustrated.
       324       162.0000       1       1       5.391163       5.301421      10.692584       3.179363       1.926074       1.000000     541.499386       0.000000            0
       325       162.5000       1       1       5.622786       5.067656      10.690443       3.179362       1.818305       1.000000     541.499386       0.000000            0
       326       163.0000       1       1       5.805154       4.883302      10.688456       3.179361       1.762185       1.000000     541.499386       0.000000            0
# Jump frustrated.
       327       163.5000       1       1       5.914156       4.773478      10.687634       3.179361       1.781649       1.000000     541.499386       0.000000            0
# Jump frustrated.
       328       164.0000       1       1       5.947405       4.742752      10.690158       3.179359       1.846016       1.000000     541.499386       0.000000            0
       329       164.5000       1       1       5.928063       4.763098      10.691161       3.179358       1.872525       1.000000     541.499386       0.000000            0
# Jump frustrated.
       330       165.0000       1       1       5.879018       4.812716      10.691734       3.179358       1.851145       1.000000     541.499386       0.000000            1
# Jump frustrated.
       331       165.5000       1       1       5.809150       4.881849      10.690998       3.179358       1.795932       1.000000     541.499386       0.000000            0
       332       166.0000       1       1       5.711368       4.978386      10.689753       3.179358       1.805829       1.000000     541.499386       0.000000            0
# Jump frustrated.
       333       166.5000       1       1       5.572337       5.117067      10.689404       3.179358       2.003226       1.000000     541.499386       0.000000            0
# Jump frustrated.
       334       167.0000       1       1       5.390514       5.300383      10.690897       3.179359       2.410796       1.000000     541.499386       0.000000            0
# Jump frustrated.
       335       167.5000       1       1       5.190877       5.503630      10.694507       3.179360       2.881571       1.000000     541.499386       0.000000            0
# Jump frustrated.
       336       168.0000       1       1       5.022178       5.676566      10.698744       3.179359       3.228276       1.000000     541.499386       0.000000            1
# Jump frustrated.
       337       168.5000       1       1       4.924235       5.773726      10.697960       3.179358       3.418001       1.000000     541.499386       0.000000            0
# Jump frustrated.
       338       169.0000       1       1       4.896144       5.798846      10.694990       3.179358       3.480806       1.000000     541.499386       0.000000            0
# Jump frustrated.
       339       169.5000       1       1       4.904353       5.787843      10.692196       3.179359       3.470306       1.000000     541.499386       0.000000            0
# Jump frustrated.
       340       170.0000       1       1       4.909749       5.780784      10.690534       3.179360       3.437559       1.000000     541.499386       0.000000            0
# Jump frustrated.
       341       170.5000       1       1       4.899357       5.794902      10.694259       3.179360       3.408632       1.000000     541.499386       0.000000            0
# Jump frustrated.
       342       171.0000       1       1       4.899365       5.796770      10.696136       3.179358       3.336356       1.000000     541.499386       0.000000            0
# Jump frustrated.
       343       171.5000       1       1       4.928846       5.765629      10.694475       3.179358       3.221924       1.000000     541.499386       0.000000            1
       344       172.0000       1       1       4.979310       5.714350      10.693660       3.179359       3.162879       1.000000     541.499386       0.000000            0
# Jump frustrated.
       345       172.5000       1       1       5.049583       5.645425      10.695008       3.179359       3.196789       1.000000     541.499386       0.000000            0
       346       173.0000       1       1       5.163525       5.533733      10.697258       3.179358       3.255180       1.000000     541.499386       0.000000            0
       347       173.5000       1       1       5.354072       5.343773      10.697845       3.179356       3.195734       1.000000     541.499386       0.000000            0
# Jump frustrated.
       348       174.0000       1       1       5.614725       5.079075      10.693800       3.179356       2.858442       1.000000     541.499386       0.000000            0
# Jump frustrated.
       349       174.5000       1       1       5.883453       4.805449      10.688902       3.179356       2.526774       1.000000     541.499386       0.000000            0
# Jump frustrated.
       350       175.0000       1       1       6.088980       4.596182      10.685162       3.179355       2.275637       1.000000     541.499386       0.000000            1
# Jump frustrated.
       351       175.5000       1       1       6.183874       4.500891      10.684765       3.179354       2.093798       1.000000     541.499386       0.000000            0
# Jump frustrated.
       352       176.0000       1       1       6.159336       4.526634      10.685970       3.179354       1.965073       1.000000     541.499386       0.000000            0
# Jump frustrated.
       353       176.5000       1       1       6.030250       4.657634      10.687883       3.179353       1.924738       1.000000     541.499386       0.000000            0
       354       177.0000       1       1       5.822357       4.867939      10.690296       3.179353       2.037022       1.000000     541.499386       0.000000            0
       355       177.5000       1       1       5.576110       5.117897      10.694007       3.179353       2.266750       1.000000     541.499386       0.000000            0
       356       178.0000       1       1       5.346383       5.351454      10.697837       3.179353       2.434453       1.000000     541.499386       0.000000            0
# Jump frustrated.
       357       178.5000       1       1       5.176722       5.521276      10.697998       3.179354       2.406399       1.000000     541.499386       0.000000            1
       358       179.0000       1       1       5.069304       5.626533      10.695837       3.179353       2.253286       1.000000     541.499386       0.000000            0
       359       179.5000       1       1       4.994266       5.699818      10.694084       3.179352       2.119645       1.000000     541.499386       0.000000            0
       360       180.0000       1       1       4.922198       5.771650      10.693848       3.179351       2.146062       1.000000     541.499386       0.000000            0
# Surface Hop/Pointer State Switch: new state=      2 old state=      1 randnum=  0.228870435 gap=  0.523168 eV
       361       180.5000       2       2       4.322008       6.371840      10.693848       7.645948       2.398319       1.000000     541.499386       0.000000            0
# Jump frustrated.
       362       181.0000       2       2       4.079648       6.617023      10.696671       7.645946       2.903742       1.000000     541.499386       0.000000            1
# Jump frustrated.
       363       181.5000       2       2       3.845194       6.855978      10.701172       7.645944       3.398461       1.000000     541.499386       0.000000            0
       364       182.0000       2       2       3.686904       7.016458      10.703362       7.645942       3.659102       1.000000     541.499386       0.000000            0
# Jump frustrated.
       365       182.5000       2       2       3.637263       7.064000      10.701262       7.645941       3.556074       1.000000     541.499386       0.000000            0
       366       183.0000       2       2       3.662567       7.034104      10.696671       7.645941       3.222078       1.000000     541.499386       0.000000            0
# Surface Hop/Pointer State Switch: new state=      1 old state=      2 randnum=  0.270310045 gap= -1.262662 eV
       367       183.5000       1       1       4.963844       5.732827      10.696671       2.630914       2.420576       1.000000     541.499386       0.000000            0
# Jump frustrated.
       368       184.0000       1       1       5.052968       5.644802      10.697770       2.630913       2.489928       1.000000     541.499386       0.000000            0
# Jump frustrated.
       369       184.5000       1       1       5.048489       5.656220      10.704709       2.630912       2.897862       1.000000     541.499386       0.000000            1
# Surface Hop/Pointer State Switch: new state=      2 old state=      1 randnum=  0.381793545 gap=  1.750330 eV
       370       185.0000       2       2       3.284042       7.420667      10.704709      17.782959       3.449749       1.000000     541.499386       0.000000            0
       371       185.5000       2       2       3.494711       7.198736      10.693447      17.782959       2.806866       1.000000     541.499386       0.000000            0
       372       186.0000       2       2       3.652850       7.037426      10.690276      17.782959       2.436283       1.000000     541.499386       0.000000            0
# Surface Hop/Pointer State Switch: new state=      1 old state=      2 randnum=  0.146589165 gap= -1.921190 eV
       373       186.5000       1       1       5.609126       5.081151      10.690276       8.449838       2.017089       1.000000     541.499386       0.000000            0
       374       187.0000       1       1       5.533431       5.160664      10.694095       8.449838       2.340269       1.000000     541.499386       0.000000            0
       375       187.5000       1       1       5.482634       5.213604      10.696238       8.449839       2.518647       1.000000     541.499386       0.000000            1
# Jump frustrated.
       376       188.0000       1       1       5.488970       5.206960      10.695931       8.449839       2.473512       1.000000     541.499386       0.000000            0
       377       188.5000       1       1       5.545865       5.147377      10.693242       8.449840       2.253115       1.000000     541.499386       0.000000            0
# Jump frustrated.
       378       189.0000       1       1       5.620068       5.070770      10.690838       8.449841       1.985307       1.000000     541.499386       0.000000            0
       379       189.5000       1       1       5.680362       5.010149      10.690512       8.449841       1.787431       1.000000     541.499386       0.000000            0
       380       190.0000       1       1       5.713634       4.977140      10.690774       8.449841       1.699670       1.000000     541.499386       0.000000            0
# Jump frustrated.
       381       190.5000       1       1       5.721103       4.970081      10.691185       8.449841       1.693202       1.000000     541.499386       0.000000            1
# Jump frustrated.
       382       191.0000       1       1       5.707434       4.983783      10.691217       8.449842       1.740512       1.000000     541.499386       0.000000            0
       383       191.5000       1       1       5.676688       5.014924      10.691612       8.449842       1.842870       1.000000     541.499386       0.000000            0
# Jump frustrated.
       384       192.0000       1       1       5.636706       5.056030      10.692736       8.449841       2.008032       1.000000     541.499386       0.000000            0
       385       192.5000       1       1       5.606292       5.088209      10.694502       8.449840       2.209458       1.000000     541.499386       0.000000            0
# Jump frustrated.
       386       193.0000       1       1       5.615863       5.080320      10.696183       8.449839       2.363953       1.000000     541.499386       0.000000            0
# Jump frustrated.
       387       193.5000       1       1       5.691216       5.004959      10.696175       8.449838       2.366625       1.000000     541.499386       0.000000            1
       388       194.0000       1       1       5.829816       4.863579      10.693396       8.449837       2.182085       1.000000     541.499386       0.000000            0
       389       194.5000       1       1       5.994232       4.695626      10.689858       8.449837       1.884194       1.000000     541.499386       0.000000            0
# Jump frustrated.
       390       195.0000       1       1       6.131869       4.555284      10.687152       8.449836       1.629149       1.000000     541.499386       0.000000            0
# Jump frustrated.
       391       195.5000       1       1       6.201209       4.484490      10.685699       8.449835       1.544495       1.000000     541.499386       0.000000            0
       392       196.0000       1       1       6.180281       4.505043      10.685324       8.449835       1.672885       1.000000     541.499386       0.000000            0
# Jump frustrated.
       393       196.5000       1       1       6.066217       4.619849      10.686067       8.449835       1.996925       1.000000     541.499386       0.000000            1
# Jump frustrated.
       394       197.0000       1       1       5.881558       4.807526      10.689083       8.449835       2.440665       1.000000     541.499386       0.000000            0
       395       197.5000       1       1       5.679922       5.013886      10.693808       8.449835       2.919608       1.000000     541.499386       0.000000            0
# Jump frustrated.
       396       198.0000       1       1       5.543232       5.156304      10.699536       8.449836       3.287568       1.000000     541.499386       0.000000            0
# Jump frustrated.
       397       198.5000       1       1       5.551509       5.149246      10.700754       8.449836       3.347634       1.000000     541.499386       0.000000            0
# Jump frustrated.
       398       199.0000       1       1       5.717973       4.976725      10.694698       8.449836       3.068952       1.000000     541.499386       0.000000            0
# Jump frustrated.
       399       199.5000       1       1       5.956985       4.728843      10.685828       8.449836       2.666220       1.000000     541.499386       0.000000            0
# Jump frustrated.
       400       200.0000       1       1       6.145051       4.544073      10.689124       8.449836       2.507421       1.000000     541.499386       0.000000            0
