#===============================================================================================================================================================================
#     Step |         Time |         State |                                     Energy |      Angular |     Gradient |      Density |           Expectation Value |    Runtime |
#          |              |  diag |   MCH |          kin |          pot |          tot |     Momentum |          RMS |        Total |           DM |            S |            |
#          |         [fs] |       |       |         [eV] |         [eV] |         [eV] |       [hbar] |     [eV/Ang] |              |      [Debye] |              |      [sec] |
#===============================================================================================================================================================================
         0         0.0000       2       2       0.115815      10.168546      10.284361       0.000191       2.916616       1.000000     541.499386       0.000000            3
         1         0.5000       2       2       0.076921      10.208614      10.285535       0.000192       2.948030       1.000000     541.499386       0.000000            2
# Jump frustrated.
         2         1.0000       2       2       0.086096      10.200309      10.286405       0.000192       2.902136       1.000000     541.499386       0.000000            1
         3         1.5000       2       2       0.155692      10.130346      10.286038       0.000191       2.744553       1.000000     541.499386       0.000000            0
# Jump frustrated.
         4         2.0000       2       2       0.281273      10.003291      10.284564       0.000192       2.458930       1.000000     541.499386       0.000000            0
# Surface Hop/Pointer State Switch: new state=      1 old state=      2 randnum=  0.089700520 gap= -9.715980 eV
         5         2.5000       1       1      10.156902       0.127662      10.284564       4.932409       0.952624       1.000000     541.499386       0.000000            0
# Jump frustrated.
         6         3.0000       1       1      10.047281       0.248904      10.296186       4.932409       1.350168       1.000000     541.499386       0.000000            0
# Jump frustrated.
         7         3.5000       1       1       9.330623       0.992758      10.323381       4.932409       2.962700       1.000000     541.499386       0.000000            1
         8         4.0000       1       1       8.374204       1.974944      10.349147       4.932410       4.108691       1.000000     541.499386       0.000000            0
# Jump frustrated.
         9         4.5000       1       1       7.544955       2.813881      10.358837       4.932409       4.400457       1.000000     541.499386       0.000000            0
# Jump frustrated.
        10         5.0000       1       1       6.961714       3.384799      10.346513       4.932409       3.901603       1.000000     541.499386       0.000000            0
# Jump frustrated.
        11         5.5000       1       1       6.486453       3.848799      10.335252       4.932409       3.205374       1.000000     541.499386       0.000000            0
        12         6.0000       1       1       5.965953       4.369891      10.335844       4.932409       2.847468       1.000000     541.499386       0.000000            0
        13         6.5000       1       1       5.375910       4.964476      10.340386       4.932409       2.887794       1.000000     541.499386       0.000000            1
        14         7.0000       1       1       4.769514       5.575462      10.344976       4.932409       3.139480       1.000000     541.499386       0.000000            0
# Jump frustrated.
        15         7.5000       1       1       4.232386       6.118560      10.350946       4.932409       3.326674       1.000000     541.499386       0.000000            0
# Jump frustrated.
        16         8.0000       1       1       3.846068       6.507822      10.353890       4.932410       3.411183       1.000000     541.499386       0.000000            0
# Jump frustrated.
        17         8.5000       1       1       3.654016       6.700688      10.354704       4.932410       3.388068       1.000000     541.499386       0.000000            0
# Jump frustrated.
        18         9.0000       1       1       3.663170       6.689685      10.352856       4.932409       3.290453       1.000000     541.499386       0.000000            0
        19         9.5000       1       1       3.845202       6.504500      10.349702       4.932408       3.170834       1.000000     541.499386       0.000000            0
# Jump frustrated.
        20        10.0000       1       1       4.152293       6.194336      10.346629       4.932408       3.098440       1.000000     541.499386       0.000000            0
# Jump frustrated.
        21        10.5000       1       1       4.547511       5.798638      10.346149       4.932408       3.149594       1.000000     541.499386       0.000000            1
# Jump frustrated.
        22        11.0000       1       1       5.021516       5.323012      10.344528       4.932408       3.300180       1.000000     541.499386       0.000000            0
        23        11.5000       1       1       5.556546       4.780121      10.336667       4.932408       3.413630       1.000000     541.499386       0.000000            0
        24        12.0000       1       1       6.053561       4.267956      10.321518       4.932408       3.625378       1.000000     541.499386       0.000000            0
# Jump frustrated.
        25        12.5000       1       1       6.396734       3.927067      10.323801       4.932409       4.265764       1.000000     541.499386       0.000000            0
        26        13.0000       1       1       6.670939       3.672749      10.343688       4.932409       5.213926       1.000000     541.499386       0.000000            0
# Jump frustrated.
        27        13.5000       1       1       7.138990       3.204597      10.343586       4.932409       5.363256       1.000000     541.499386       0.000000            0
# Jump frustrated.
        28        14.0000       1       1       7.780218       2.529045      10.309263       4.932409       4.472263       1.000000     541.499386       0.000000            1
# Jump frustrated.
        29        14.5000       1       1       8.208033       2.092449      10.300482       4.932409       3.788758       1.000000     541.499386       0.000000            0
        30        15.0000       1       1       8.264444       2.059855      10.324299       4.932409       4.109192       1.000000     541.499386       0.000000            0
        31        15.5000       1       1       8.181657       2.151617      10.333274       4.932409       4.036040       1.000000     541.499386       0.000000            0
        32        16.0000       1       1       8.056922       2.263724      10.320646       4.932408       3.407051       1.000000     541.499386       0.000000            0
        33        16.5000       1       1       7.794996       2.528215      10.323211       4.932408       3.121307       1.000000     541.499386       0.000000            0
# Jump frustrated.
        34        17.0000       1       1       7.376624       2.956299      10.332923       4.932407       3.257137       1.000000     541.499386       0.000000            1
# Jump frustrated.
        35        17.5000       1       1       6.860856       3.478429      10.339285       4.932407       3.649005       1.000000     541.499386       0.000000            0
        36        18.0000       1       1       6.332669       4.011978      10.344647       4.932408       4.099994       1.000000     541.499386       0.000000            0
        37        18.5000       1       1       5.872639       4.476809      10.349448       4.932408       4.460775       1.000000     541.499386       0.000000            0
# Jump frustrated.
        38        19.0000       1       1       5.544340       4.807941      10.352281       4.932407       4.645554       1.000000     541.499386       0.000000            0
# Jump frustrated.
        39        19.5000       1       1       5.384225       4.968628      10.352853       4.932407       4.644728       1.000000     541.499386       0.000000            0
# Jump frustrated.
        40        20.0000       1       1       5.395301       4.955549      10.350850       4.932407       4.472016       1.000000     541.499386       0.000000            1
# Jump frustrated.
        41        20.5000       1       1       5.547254       4.800259      10.347513       4.932407       4.221706       1.000000     541.499386       0.000000            0
        42        21.0000       1       1       5.791214       4.553000      10.344214       4.932407       4.019271       1.000000     541.499386       0.000000            0
# Jump frustrated.
        43        21.5000       1       1       6.081985       4.260275      10.342261       4.932407       3.873950       1.000000     541.499386       0.000000            0
# Jump frustrated.
        44        22.0000       1       1       6.387263       3.952810      10.340073       4.932407       3.600109       1.000000     541.499386       0.000000            0
        45        22.5000       1       1       6.677356       3.658009      10.335365       4.932407       3.261455       1.000000     541.499386       0.000000            1
# Jump frustrated.
        46        23.0000       1       1       6.886875       3.436493      10.323368       4.932407       2.977316       1.000000     541.499386       0.000000            0
# Jump frustrated.
        47        23.5000       1       1       6.890461       3.423829      10.314290       4.932407       3.175114       1.000000     541.499386       0.000000            0
        48        24.0000       1       1       6.651261       3.676901      10.328162       4.932407       4.207945       1.000000     541.499386       0.000000            0
        49        24.5000       1       1       6.399297       3.956132      10.355428       4.932406       5.372941       1.000000     541.499386       0.000000            0
# Jump frustrated.
        50        25.0000       1       1       6.482803       3.872674      10.355477       4.932406       5.539527       1.000000     541.499386       0.000000            0
        51        25.5000       1       1       6.883221       3.436908      10.320129       4.932406       4.495700       1.000000     541.499386       0.000000            0
# Jump frustrated.
        52        26.0000       1       1       7.170570       3.133388      10.303957       4.932407       3.392846       1.000000     541.499386       0.000000            1
# Jump frustrated.
        53        26.5000       1       1       7.058928       3.254630      10.313557       4.932407       3.232052       1.000000     541.499386       0.000000            0
# Jump frustrated.
        54        27.0000       1       1       6.631325       3.703890      10.335215       4.932407       3.621767       1.000000     541.499386       0.000000            0
# Jump frustrated.
        55        27.5000       1       1       6.136652       4.210034      10.346686       4.932407       3.694118       1.000000     541.499386       0.000000            0
# Jump frustrated.
        56        28.0000       1       1       5.722346       4.623379      10.345725       4.932408       3.399335       1.000000     541.499386       0.000000            0
# Jump frustrated.
        57        28.5000       1       1       5.380228       4.963230      10.343459       4.932408       3.110072       1.000000     541.499386       0.000000            0
        58        29.0000       1       1       5.078149       5.267166      10.345315       4.932408       3.012358       1.000000     541.499386       0.000000            0
# Jump frustrated.
        59        29.5000       1       1       4.829634       5.518162      10.347796       4.932408       2.980308       1.000000     541.499386       0.000000            1
# Jump frustrated.
        60        30.0000       1       1       4.655950       5.692136      10.348087       4.932407       3.005117       1.000000     541.499386       0.000000            0
# Jump frustrated.
        61        30.5000       1       1       4.569218       5.780577      10.349795       4.932407       3.088882       1.000000     541.499386       0.000000            0
        62        31.0000       1       1       4.588739       5.762930      10.351669       4.932407       3.210093       1.000000     541.499386       0.000000            0
# Jump frustrated.
        63        31.5000       1       1       4.736424       5.615945      10.352369       4.932407       3.364573       1.000000     541.499386       0.000000            0
        64        32.0000       1       1       5.024820       5.327372      10.352192       4.932407       3.542740       1.000000     541.499386       0.000000            0
# Jump frustrated.
        65        32.5000       1       1       5.456249       4.895966      10.352214       4.932407       3.746587       1.000000     541.499386       0.000000            0
        66        33.0000       1       1       6.036213       4.317159      10.353373       4.932406       3.948830       1.000000     541.499386       0.000000            0
# Jump frustrated.
        67        33.5000       1       1       6.782572       3.571437      10.354009       4.932406       4.061658       1.000000     541.499386       0.000000            1
        68        34.0000       1       1       7.653161       2.687241      10.340402       4.932406       3.705694       1.000000     541.499386       0.000000            0
# Jump frustrated.
        69        34.5000       1       1       8.470520       1.849134      10.319654       4.932407       2.965703       1.000000     541.499386       0.000000            0
# Jump frustrated.
        70        35.0000       1       1       9.016765       1.293580      10.310345       4.932406       2.219762       1.000000     541.499386       0.000000            0
# Jump frustrated.
        71        35.5000       1       1       9.129424       1.174829      10.304253       4.932406       2.266321       1.000000     541.499386       0.000000            0
# Jump frustrated.
        72        36.0000       1       1       8.798049       1.526099      10.324148       4.932407       3.562949       1.000000     541.499386       0.000000            0
# Jump frustrated.
        73        36.5000       1       1       8.330898       2.028921      10.359819       4.932407       4.783854       1.000000     541.499386       0.000000            0
# Jump frustrated.
        74        37.0000       1       1       8.150312       2.206633      10.356944       4.932407       4.747401       1.000000     541.499386       0.000000            0
        75        37.5000       1       1       8.235991       2.087259      10.323249       4.932406       3.743166       1.000000     541.499386       0.000000            1
# Jump frustrated.
        76        38.0000       1       1       8.185667       2.123175      10.308842       4.932406       3.226830       1.000000     541.499386       0.000000            0
# Jump frustrated.
        77        38.5000       1       1       7.765159       2.555204      10.320362       4.932406       3.616285       1.000000     541.499386       0.000000            0
# Jump frustrated.
        78        39.0000       1       1       7.070776       3.264802      10.335579       4.932406       3.934823       1.000000     541.499386       0.000000            0
        79        39.5000       1       1       6.296313       4.047271      10.343584       4.932406       4.133599       1.000000     541.499386       0.000000            0
# Jump frustrated.
        80        40.0000       1       1       5.562162       4.783443      10.345605       4.932406       4.159593       1.000000     541.499386       0.000000            0
# Jump frustrated.
        81        40.5000       1       1       4.917790       5.428684      10.346474       4.932405       4.099951       1.000000     541.499386       0.000000            0
# Jump frustrated.
        82        41.0000       1       1       4.385216       5.963270      10.348486       4.932406       3.996804       1.000000     541.499386       0.000000            0
# Jump frustrated.
        83        41.5000       1       1       3.988659       6.360837      10.349496       4.932406       3.880224       1.000000     541.499386       0.000000            1
# Jump frustrated.
        84        42.0000       1       1       3.755103       6.596055      10.351158       4.932406       3.739058       1.000000     541.499386       0.000000            0
# Jump frustrated.
        85        42.5000       1       1       3.708140       6.643804      10.351944       4.932406       3.550620       1.000000     541.499386       0.000000            0
        86        43.0000       1       1       3.858283       6.493290      10.351573       4.932406       3.320202       1.000000     541.499386       0.000000            0
        87        43.5000       1       1       4.195555       6.153853      10.349408       4.932406       3.068610       1.000000     541.499386       0.000000            0
# Jump frustrated.
        88        44.0000       1       1       4.686913       5.658712      10.345625       4.932407       2.819328       1.000000     541.499386       0.000000            0
# Jump frustrated.
        89        44.5000       1       1       5.271673       5.067656      10.339329       4.932408       2.590099       1.000000     541.499386       0.000000            1
# Jump frustrated.
        90        45.0000       1       1       5.864656       4.469335      10.333991       4.932408       2.519343       1.000000     541.499386       0.000000            0
# Jump frustrated.
        91        45.5000       1       1       6.396872       3.935579      10.332451       4.932408       2.764812       1.000000     541.499386       0.000000            0
# Jump frustrated.
        92        46.0000       1       1       6.860292       3.475730      10.336022       4.932409       3.244965       1.000000     541.499386       0.000000            0
# Jump frustrated.
        93        46.5000       1       1       7.276122       3.052006      10.328128       4.932409       3.619136       1.000000     541.499386       0.000000            0
        94        47.0000       1       1       7.576310       2.735821      10.312131       4.932409       3.716023       1.000000     541.499386       0.000000            0
        95        47.5000       1       1       7.540228       2.746617      10.286845       4.932409       4.133829       1.000000     541.499386       0.000000            1
        96        48.0000       1       1       6.971362       3.328122      10.299485       4.932408       6.058104       1.000000     541.499386       0.000000            0
# Jump frustrated.
        97        48.5000       1       1       6.341602       4.048101      10.389703       4.932407       8.159296       1.000000     541.499386       0.000000            0
        98        49.0000       1       1       6.630339       3.751017      10.381356       4.932407       7.850869       1.000000     541.499386       0.000000            0
# Jump frustrated.
        99        49.5000       1       1       7.719757       2.566414      10.286171       4.932407       5.083531       1.000000     541.499386       0.000000            0
# Jump frustrated.
       100        50.0000       1       1       8.549850       1.726647      10.276497       4.932406       2.525820       1.000000     541.499386       0.000000            1
       101        50.5000       1       1       8.674728       1.624919      10.299647       4.932406       1.933771       1.000000     541.499386       0.000000            0
       102        51.0000       1       1       8.291390       2.033904      10.325294       4.932406       2.484883       1.000000     541.499386       0.000000            0
       103        51.5000       1       1       7.699397       2.639284      10.338682       4.932405       3.024015       1.000000     541.499386       0.000000            0
# Jump frustrated.
       104        52.0000       1       1       7.080242       3.262934      10.343176       4.932405       3.461949       1.000000     541.499386       0.000000            0
       105        52.5000       1       1       6.547227       3.803749      10.350975       4.932405       3.600570       1.000000     541.499386       0.000000            1
       106        53.0000       1       1       6.172639       4.180762      10.353401       4.932405       3.551553       1.000000     541.499386       0.000000            0
       107        53.5000       1       1       5.971241       4.380687      10.351928       4.932404       3.275340       1.000000     541.499386       0.000000            0
       108        54.0000       1       1       5.875206       4.464767      10.339974       4.932403       2.836424       1.000000     541.499386       0.000000            0
# Jump frustrated.
       109        54.5000       1       1       5.743866       4.585179      10.329045       4.932403       2.467652       1.000000     541.499386       0.000000            0
# Jump frustrated.
       110        55.0000       1       1       5.440218       4.883302      10.323520       4.932403       2.432634       1.000000     541.499386       0.000000            0
# Jump frustrated.
       111        55.5000       1       1       4.910292       5.417888      10.328181       4.932404       2.961177       1.000000     541.499386       0.000000            0
       112        56.0000       1       1       4.276269       6.069565      10.345834       4.932404       3.748178       1.000000     541.499386       0.000000            0
       113        56.5000       1       1       3.808394       6.554741      10.363135       4.932404       4.354218       1.000000     541.499386       0.000000            0
       114        57.0000       1       1       3.731482       6.628441      10.359924       4.932404       4.227437       1.000000     541.499386       0.000000            0
       115        57.5000       1       1       4.011219       6.332395      10.343613       4.932404       3.563964       1.000000     541.499386       0.000000            1
# Jump frustrated.
       116        58.0000       1       1       4.424403       5.910954      10.335357       4.932404       3.060533       1.000000     541.499386       0.000000            0
# Jump frustrated.
       117        58.5000       1       1       4.821333       5.516917      10.338250       4.932404       3.050283       1.000000     541.499386       0.000000            0
# Jump frustrated.
       118        59.0000       1       1       5.201028       5.141357      10.342384       4.932404       3.228571       1.000000     541.499386       0.000000            0
       119        59.5000       1       1       5.611943       4.733410      10.345353       4.932404       3.363094       1.000000     541.499386       0.000000            0
# Jump frustrated.
       120        60.0000       1       1       6.102224       4.246365      10.348590       4.932404       3.514226       1.000000     541.499386       0.000000            1
# Jump frustrated.
       121        60.5000       1       1       6.695997       3.645760      10.341757       4.932404       3.571968       1.000000     541.499386       0.000000            0
# Jump frustrated.
       122        61.0000       1       1       7.324521       3.002595      10.327117       4.932404       3.394156       1.000000     541.499386       0.000000            0
# Jump frustrated.
       123        61.5000       1       1       7.776686       2.521364      10.298050       4.932404       2.882280       1.000000     541.499386       0.000000            0
# Jump frustrated.
       124        62.0000       1       1       7.694931       2.571812      10.266743       4.932404       3.135847       1.000000     541.499386       0.000000            0
       125        62.5000       1       1       6.810081       3.468049      10.278130       4.932404       5.761751       1.000000     541.499386       0.000000            0
# Jump frustrated.
       126        63.0000       1       1       5.733497       4.647046      10.380542       4.932404       8.464894       1.000000     541.499386       0.000000            0
# Jump frustrated.
       127        63.5000       1       1       5.744398       4.658049      10.402447       4.932404       9.081732       1.000000     541.499386       0.000000            1
# Jump frustrated.
       128        64.0000       1       1       7.100233       3.209371      10.309604       4.932405       7.128046       1.000000     541.499386       0.000000            0
# Jump frustrated.
       129        64.5000       1       1       8.601595       1.646510      10.248106       4.932405       3.917575       1.000000     541.499386       0.000000            0
# Jump frustrated.
       130        65.0000       1       1       9.225783       1.040300      10.266082       4.932405       2.001991       1.000000     541.499386       0.000000            0
       131        65.5000       1       1       8.951253       1.339253      10.290506       4.932405       1.855391       1.000000     541.499386       0.000000            0
# Jump frustrated.
       132        66.0000       1       1       8.072216       2.235697      10.307914       4.932405       2.716177       1.000000     541.499386       0.000000            0
       133        66.5000       1       1       6.881033       3.462651      10.343684       4.932405       3.965386       1.000000     541.499386       0.000000            0
# Jump frustrated.
       134        67.0000       1       1       5.729824       4.635627      10.365451       4.932404       5.083662       1.000000     541.499386       0.000000            1
# Jump frustrated.
       135        67.5000       1       1       4.988825       5.381765      10.370590       4.932404       5.365107       1.000000     541.499386       0.000000            0
# Jump frustrated.
       136        68.0000       1       1       4.776130       5.579406      10.355536       4.932403       4.742798       1.000000     541.499386       0.000000            0
# Jump frustrated.
       137        68.5000       1       1       4.878048       5.458164      10.336212       4.932403       3.651859       1.000000     541.499386       0.000000            0
       138        69.0000       1       1       5.011060       5.320936      10.331996       4.932404       2.815979       1.000000     541.499386       0.000000            0
# Jump frustrated.
       139        69.5000       1       1       5.061242       5.275263      10.336505       4.932404       2.474475       1.000000     541.499386       0.000000            0
       140        70.0000       1       1       5.059284       5.282944      10.342228       4.932404       2.461470       1.000000     541.499386       0.000000            0
# Jump frustrated.
       141        70.5000       1       1       5.076041       5.270280      10.346322       4.932404       2.575449       1.000000     541.499386       0.000000            0
# Jump frustrated.
       142        71.0000       1       1       5.168863       5.179764      10.348627       4.932403       2.754722       1.000000     541.499386       0.000000            1
       143        71.5000       1       1       5.376040       4.972988      10.349027       4.932403       2.956395       1.000000     541.499386       0.000000            0
# Jump frustrated.
       144        72.0000       1       1       5.703362       4.641025      10.344387       4.932404       3.067544       1.000000     541.499386       0.000000            0
# Jump frustrated.
       145        72.5000       1       1       6.101547       4.235570      10.337117       4.932404       3.160596       1.000000     541.499386       0.000000            0
       146        73.0000       1       1       6.487551       3.842779      10.330330       4.932404       3.333023       1.000000     541.499386       0.000000            0
# Jump frustrated.
       147        73.5000       1       1       6.799445       3.530123      10.329569       4.932404       3.663764       1.000000     541.499386       0.000000            0
# Jump frustrated.
       148        74.0000       1       1       7.011111       3.310891      10.322002       4.932404       4.013156       1.000000     541.499386       0.000000            1
       149        74.5000       1       1       7.034582       3.261273      10.295855       4.932403       4.244648       1.000000     541.499386       0.000000            0
       150        75.0000       1       1       6.626548       3.647213      10.273761       4.932403       5.139134       1.000000     541.499386       0.000000            0
# Jump frustrated.
       151        75.5000       1       1       5.862132       4.484905      10.347037       4.932403       7.224741       1.000000     541.499386       0.000000            0
       152        76.0000       1       1       5.614101       4.769118      10.383219       4.932402       8.032902       1.000000     541.499386       0.000000            0
# Jump frustrated.
       153        76.5000       1       1       6.304652       4.004919      10.309571       4.932400       6.616129       1.000000     541.499386       0.000000            0
# Jump frustrated.
       154        77.0000       1       1       7.096624       3.167850      10.264474       4.932400       5.034149       1.000000     541.499386       0.000000            1
# Jump frustrated.
       155        77.5000       1       1       7.358320       2.949448      10.307768       4.932400       5.244168       1.000000     541.499386       0.000000            0
# Jump frustrated.
       156        78.0000       1       1       7.357256       2.967095      10.324350       4.932399       5.138780       1.000000     541.499386       0.000000            0
# Jump frustrated.
       157        78.5000       1       1       7.295782       3.029792      10.325574       4.932398       4.259981       1.000000     541.499386       0.000000            0
       158        79.0000       1       1       7.110749       3.216638      10.327387       4.932397       3.347103       1.000000     541.499386       0.000000            0
# Jump frustrated.
       159        79.5000       1       1       6.770716       3.562302      10.333019       4.932398       3.004802       1.000000     541.499386       0.000000            0
# Jump frustrated.
       160        80.0000       1       1       6.326104       4.015715      10.341819       4.932399       2.996867       1.000000     541.499386       0.000000            1
# Jump frustrated.
       161        80.5000       1       1       5.873230       4.474940      10.348170       4.932399       2.987357       1.000000     541.499386       0.000000            0
# Jump frustrated.
       162        81.0000       1       1       5.489742       4.861296      10.351038       4.932399       2.891793       1.000000     541.499386       0.000000            0
# Jump frustrated.
       163        81.5000       1       1       5.206760       5.143848      10.350608       4.932399       2.735255       1.000000     541.499386       0.000000            0
# Jump frustrated.
       164        82.0000       1       1       5.014611       5.333808      10.348418       4.932398       2.576043       1.000000     541.499386       0.000000            0
       165        82.5000       1       1       4.882883       5.463354      10.346237       4.932398       2.478972       1.000000     541.499386       0.000000            0
       166        83.0000       1       1       4.780771       5.564251      10.345022       4.932398       2.489190       1.000000     541.499386       0.000000            0
# Jump frustrated.
       167        83.5000       1       1       4.692215       5.653314      10.345529       4.932398       2.647135       1.000000     541.499386       0.000000            1
       168        84.0000       1       1       4.629142       5.719333      10.348475       4.932398       2.942248       1.000000     541.499386       0.000000            0
# Jump frustrated.
       169        84.5000       1       1       4.636383       5.715804      10.352186       4.932398       3.291891       1.000000     541.499386       0.000000            0
# Jump frustrated.
       170        85.0000       1       1       4.781537       5.575254      10.356791       4.932399       3.579138       1.000000     541.499386       0.000000            0
# Jump frustrated.
       171        85.5000       1       1       5.131981       5.226683      10.358664       4.932399       3.670976       1.000000     541.499386       0.000000            0
# Jump frustrated.
       172        86.0000       1       1       5.711090       4.644347      10.355437       4.932399       3.579171       1.000000     541.499386       0.000000            1
# Jump frustrated.
       173        86.5000       1       1       6.467094       3.878279      10.345373       4.932398       3.372919       1.000000     541.499386       0.000000            0
# Jump frustrated.
       174        87.0000       1       1       7.275617       3.055535      10.331153       4.932397       3.041994       1.000000     541.499386       0.000000            0
# Jump frustrated.
       175        87.5000       1       1       7.949564       2.366282      10.315846       4.932397       2.478459       1.000000     541.499386       0.000000            0
# Jump frustrated.
       176        88.0000       1       1       8.258680       2.036603      10.295283       4.932397       1.993749       1.000000     541.499386       0.000000            0
       177        88.5000       1       1       7.964957       2.314380      10.279338       4.932397       2.758948       1.000000     541.499386       0.000000            1
       178        89.0000       1       1       7.050025       3.261688      10.311713       4.932397       4.943709       1.000000     541.499386       0.000000            0
# Jump frustrated.
       179        89.5000       1       1       6.102277       4.281866      10.384143       4.932398       6.922427       1.000000     541.499386       0.000000            0
# Jump frustrated.
       180        90.0000       1       1       6.026146       4.368646      10.394791       4.932399       7.168461       1.000000     541.499386       0.000000            0
# Jump frustrated.
       181        90.5000       1       1       6.938841       3.384591      10.323432       4.932400       5.490067       1.000000     541.499386       0.000000            0
# Jump frustrated.
       182        91.0000       1       1       7.956760       2.319363      10.276122       4.932399       3.037581       1.000000     541.499386       0.000000            0
# Jump frustrated.
       183        91.5000       1       1       8.347339       1.941934      10.289273       4.932399       1.757199       1.000000     541.499386       0.000000            1
# Jump frustrated.
       184        92.0000       1       1       8.081303       2.227808      10.309111       4.932399       1.841728       1.000000     541.499386       0.000000            0
# Jump frustrated.
       185        92.5000       1       1       7.382310       2.941767      10.324077       4.932399       2.321039       1.000000     541.499386       0.000000            0
       186        93.0000       1       1       6.477655       3.857311      10.334966       4.932400       2.675529       1.000000     541.499386       0.000000            0
# Jump frustrated.
       187        93.5000       1       1       5.536341       4.810847      10.347188       4.932401       2.982325       1.000000     541.499386       0.000000            0
# Jump frustrated.
       188        94.0000       1       1       4.688951       5.664940      10.353891       4.932401       3.255808       1.000000     541.499386       0.000000            0
# Jump frustrated.
       189        94.5000       1       1       4.061473       6.296271      10.357744       4.932402       3.395557       1.000000     541.499386       0.000000            1
# Jump frustrated.
       190        95.0000       1       1       3.728355       6.632593      10.360949       4.932401       3.578178       1.000000     541.499386       0.000000            0
       191        95.5000       1       1       3.737049       6.626365      10.363414       4.932401       3.690446       1.000000     541.499386       0.000000            0
# Jump frustrated.
       192        96.0000       1       1       4.122189       6.240840      10.363030       4.932402       3.664672       1.000000     541.499386       0.000000            0
       193        96.5000       1       1       4.879931       5.475811      10.355741       4.932402       3.540610       1.000000     541.499386       0.000000            0
# Jump frustrated.
       194        97.0000       1       1       5.911323       4.433004      10.344327       4.932402       3.105604       1.000000     541.499386       0.000000            0
# Jump frustrated.
       195        97.5000       1       1       7.018068       3.306531      10.324599       4.932402       2.713096       1.000000     541.499386       0.000000            0
# Jump frustrated.
       196        98.0000       1       1       7.963927       2.342822      10.306749       4.932403       2.208192       1.000000     541.499386       0.000000            1
# Jump frustrated.
       197        98.5000       1       1       8.479456       1.801385      10.280841       4.932403       2.323495       1.000000     541.499386       0.000000            0
# Jump frustrated.
       198        99.0000       1       1       8.297293       1.967055      10.264348       4.932403       3.725150       1.000000     541.499386       0.000000            0
       199        99.5000       1       1       7.332786       2.958168      10.290954       4.932403       6.192279       1.000000     541.499386       0.000000            0
# Jump frustrated.
       200       100.0000       1       1       6.174213       4.203391      10.377604       4.932404       8.363524       1.000000     541.499386       0.000000            0
# Jump frustrated.
       201       100.5000       1       1       5.921987       4.483244      10.405231       4.932405       8.648976       1.000000     541.499386       0.000000            0
# Jump frustrated.
       202       101.0000       1       1       6.945079       3.393103      10.338182       4.932404       6.910977       1.000000     541.499386       0.000000            0
# Jump frustrated.
       203       101.5000       1       1       8.357906       1.899790      10.257697       4.932403       3.747065       1.000000     541.499386       0.000000            1
# Jump frustrated.
       204       102.0000       1       1       9.084190       1.176282      10.260472       4.932403       1.551452       1.000000     541.499386       0.000000            0
# Jump frustrated.
       205       102.5000       1       1       8.917182       1.376830      10.294012       4.932403       2.018357       1.000000     541.499386       0.000000            0
       206       103.0000       1       1       8.188052       2.131271      10.319323       4.932403       2.808584       1.000000     541.499386       0.000000            0
# Jump frustrated.
       207       103.5000       1       1       7.215781       3.113873      10.329653       4.932403       3.310730       1.000000     541.499386       0.000000            0
# Jump frustrated.
       208       104.0000       1       1       6.225456       4.116819      10.342275       4.932403       3.500079       1.000000     541.499386       0.000000            0
# Jump frustrated.
       209       104.5000       1       1       5.368580       4.973195      10.341775       4.932403       3.595808       1.000000     541.499386       0.000000            1
# Jump frustrated.
       210       105.0000       1       1       4.719385       5.626740      10.346125       4.932403       3.617557       1.000000     541.499386       0.000000            0
# Jump frustrated.
       211       105.5000       1       1       4.314655       6.030327      10.344983       4.932402       3.429047       1.000000     541.499386       0.000000            0
       212       106.0000       1       1       4.140859       6.200564      10.341423       4.932401       3.119080       1.000000     541.499386       0.000000            0
# Jump frustrated.
       213       106.5000       1       1       4.135305       6.200564      10.335869       4.932401       2.761233       1.000000     541.499386       0.000000            0
# Jump frustrated.
       214       107.0000       1       1       4.217119       6.113785      10.330904       4.932400       2.475040       1.000000     541.499386       0.000000            0
# Jump frustrated.
       215       107.5000       1       1       4.318885       6.009982      10.328867       4.932400       2.345356       1.000000     541.499386       0.000000            0
# Jump frustrated.
       216       108.0000       1       1       4.413006       5.916767      10.329773       4.932401       2.387433       1.000000     541.499386       0.000000            0
# Jump frustrated.
       217       108.5000       1       1       4.510844       5.821683      10.332527       4.932401       2.536220       1.000000     541.499386       0.000000            1
       218       109.0000       1       1       4.645220       5.688815      10.334034       4.932401       2.701198       1.000000     541.499386       0.000000            0
# Jump frustrated.
       219       109.5000       1       1       4.832941       5.497402      10.330343       4.932401       2.769317       1.000000     541.499386       0.000000            0
       220       110.0000       1       1       5.020180       5.297892      10.318072       4.932400       2.679251       1.000000     541.499386       0.000000            0
       221       110.5000       1       1       5.071766       5.234780      10.306546       4.932400       2.700434       1.000000     541.499386       0.000000            0
# Jump frustrated.
       222       111.0000       1       1       4.871778       5.435120      10.306898       4.932398       3.429612       1.000000     541.499386       0.000000            0
       223       111.5000       1       1       4.510727       5.823136      10.333863       4.932398       4.862940       1.000000     541.499386       0.000000            1
# Jump frustrated.
       224       112.0000       1       1       4.405128       5.956419      10.361548       4.932398       5.693634       1.000000     541.499386       0.000000            0
# Jump frustrated.
       225       112.5000       1       1       4.898830       5.444877      10.343707       4.932398       5.071410       1.000000     541.499386       0.000000            0
       226       113.0000       1       1       5.774292       4.536184      10.310476       4.932397       3.443790       1.000000     541.499386       0.000000            0
# Jump frustrated.
       227       113.5000       1       1       6.560760       3.740221      10.300981       4.932397       2.401823       1.000000     541.499386       0.000000            0
# Jump frustrated.
       228       114.0000       1       1       7.063739       3.246741      10.310480       4.932397       2.622750       1.000000     541.499386       0.000000            0
       229       114.5000       1       1       7.369326       2.954638      10.323964       4.932397       3.268328       1.000000     541.499386       0.000000            1
       230       115.0000       1       1       7.618851       2.702812      10.321663       4.932397       3.769975       1.000000     541.499386       0.000000            0
# Jump frustrated.
       231       115.5000       1       1       7.807640       2.498527      10.306168       4.932398       3.665679       1.000000     541.499386       0.000000            0
# Jump frustrated.
       232       116.0000       1       1       7.707654       2.558110      10.265764       4.932397       3.372070       1.000000     541.499386       0.000000            0
       233       116.5000       1       1       6.897637       3.332897      10.230534       4.932397       4.491755       1.000000     541.499386       0.000000            0
# Jump frustrated.
       234       117.0000       1       1       5.395965       4.945376      10.341341       4.932399       7.628414       1.000000     541.499386       0.000000            0
# Jump frustrated.
       235       117.5000       1       1       4.525494       5.907632      10.433126       4.932400       9.402651       1.000000     541.499386       0.000000            1
# Jump frustrated.
       236       118.0000       1       1       5.353456       4.990634      10.344090       4.932400       7.606957       1.000000     541.499386       0.000000            0
       237       118.5000       1       1       6.896666       3.347430      10.244096       4.932401       4.384634       1.000000     541.499386       0.000000            0
# Jump frustrated.
       238       119.0000       1       1       7.879772       2.384344      10.264115       4.932403       2.309145       1.000000     541.499386       0.000000            0
# Jump frustrated.
       239       119.5000       1       1       8.097447       2.196045      10.293492       4.932403       2.124253       1.000000     541.499386       0.000000            0
# Jump frustrated.
       240       120.0000       1       1       7.858878       2.450985      10.309864       4.932403       2.407413       1.000000     541.499386       0.000000            1
       241       120.5000       1       1       7.355057       2.950901      10.305959       4.932402       2.834318       1.000000     541.499386       0.000000            0
# Jump frustrated.
       242       121.0000       1       1       6.645109       3.669220      10.314329       4.932401       3.458492       1.000000     541.499386       0.000000            0
# Jump frustrated.
       243       121.5000       1       1       5.803305       4.517707      10.321012       4.932401       4.571132       1.000000     541.499386       0.000000            0
       244       122.0000       1       1       5.021407       5.325711      10.347118       4.932401       5.737703       1.000000     541.499386       0.000000            0
       245       122.5000       1       1       4.632256       5.725561      10.357817       4.932403       5.965666       1.000000     541.499386       0.000000            0
       246       123.0000       1       1       4.757769       5.576707      10.334476       4.932404       4.917070       1.000000     541.499386       0.000000            1
       247       123.5000       1       1       5.100242       5.212566      10.312808       4.932404       3.281841       1.000000     541.499386       0.000000            0
# Jump frustrated.
       248       124.0000       1       1       5.321710       4.991672      10.313382       4.932403       2.335478       1.000000     541.499386       0.000000            0
       249       124.5000       1       1       5.369188       4.957002      10.326190       4.932403       2.406382       1.000000     541.499386       0.000000            0
       250       125.0000       1       1       5.385887       4.952435      10.338322       4.932403       2.717652       1.000000     541.499386       0.000000            0
       251       125.5000       1       1       5.529301       4.813339      10.342640       4.932403       2.885269       1.000000     541.499386       0.000000            0
       252       126.0000       1       1       5.867603       4.469542      10.337145       4.932404       2.938289       1.000000     541.499386       0.000000            1
       253       126.5000       1       1       6.381638       3.956547      10.338185       4.932406       2.951905       1.000000     541.499386       0.000000            0
# Jump frustrated.
       254       127.0000       1       1       7.030377       3.301133      10.331510       4.932407       2.968332       1.000000     541.499386       0.000000            0
       255       127.5000       1       1       7.684756       2.626620      10.311377       4.932407       2.813844       1.000000     541.499386       0.000000            0
# Jump frustrated.
       256       128.0000       1       1       8.123654       2.172377      10.296031       4.932407       2.597028       1.000000     541.499386       0.000000            0
# Jump frustrated.
       257       128.5000       1       1       8.062563       2.185664      10.248227       4.932407       2.928971       1.000000     541.499386       0.000000            0
       258       129.0000       1       1       7.074428       3.164528      10.238957       4.932407       5.410806       1.000000     541.499386       0.000000            0
# Jump frustrated.
       259       129.5000       1       1       5.600148       4.755832      10.355979       4.932407       8.309139       1.000000     541.499386       0.000000            0
# Jump frustrated.
       260       130.0000       1       1       5.112045       5.295193      10.407238       4.932408       9.253511       1.000000     541.499386       0.000000            0
# Jump frustrated.
       261       130.5000       1       1       6.183707       4.129483      10.313190       4.932408       7.002301       1.000000     541.499386       0.000000            1
# Jump frustrated.
       262       131.0000       1       1       7.611468       2.599631      10.211099       4.932407       3.813270       1.000000     541.499386       0.000000            0
# Jump frustrated.
       263       131.5000       1       1       8.171629       2.059647      10.231276       4.932405       2.479368       1.000000     541.499386       0.000000            0
       264       132.0000       1       1       7.771860       2.503510      10.275369       4.932405       3.409057       1.000000     541.499386       0.000000            0
       265       132.5000       1       1       6.936679       3.376702      10.313381       4.932406       4.551449       1.000000     541.499386       0.000000            0
# Jump frustrated.
       266       133.0000       1       1       6.227577       4.102079      10.329656       4.932406       4.653336       1.000000     541.499386       0.000000            0
       267       133.5000       1       1       5.822247       4.486566      10.308813       4.932406       4.084100       1.000000     541.499386       0.000000            0
# Jump frustrated.
       268       134.0000       1       1       5.515466       4.789464      10.304930       4.932406       3.836944       1.000000     541.499386       0.000000            1
       269       134.5000       1       1       5.191909       5.123087      10.314996       4.932406       4.011517       1.000000     541.499386       0.000000            0
# Jump frustrated.
       270       135.0000       1       1       4.935490       5.389239      10.324729       4.932406       4.196435       1.000000     541.499386       0.000000            0
# Jump frustrated.
       271       135.5000       1       1       4.842969       5.480585      10.323555       4.932406       3.891648       1.000000     541.499386       0.000000            0
       272       136.0000       1       1       4.874881       5.439272      10.314153       4.932406       3.214742       1.000000     541.499386       0.000000            0
       273       136.5000       1       1       4.908956       5.401280      10.310236       4.932406       2.579363       1.000000     541.499386       0.000000            0
# Jump frustrated.
       274       137.0000       1       1       4.869020       5.440725      10.309745       4.932406       2.176880       1.000000     541.499386       0.000000            0
       275       137.5000       1       1       4.743444       5.568403      10.311847       4.932406       2.037347       1.000000     541.499386       0.000000            0
# Jump frustrated.
       276       138.0000       1       1       4.559186       5.755664      10.314850       4.932405       2.089454       1.000000     541.499386       0.000000            1
       277       138.5000       1       1       4.360904       5.957250      10.318153       4.932404       2.251660       1.000000     541.499386       0.000000            0
# Jump frustrated.
       278       139.0000       1       1       4.200598       6.121466      10.322065       4.932405       2.497801       1.000000     541.499386       0.000000            0
# Jump frustrated.
       279       139.5000       1       1       4.140309       6.186447      10.326757       4.932405       2.767508       1.000000     541.499386       0.000000            0
# Jump frustrated.
       280       140.0000       1       1       4.246324       6.082852      10.329175       4.932405       2.913988       1.000000     541.499386       0.000000            0
       281       140.5000       1       1       4.551428       5.775179      10.326607       4.932405       2.807054       1.000000     541.499386       0.000000            0
# Jump frustrated.
       282       141.0000       1       1       5.013678       5.304743      10.318421       4.932404       2.458374       1.000000     541.499386       0.000000            1
# Jump frustrated.
       283       141.5000       1       1       5.511715       4.794446      10.306161       4.932404       1.940526       1.000000     541.499386       0.000000            0
# Jump frustrated.
       284       142.0000       1       1       5.873168       4.420547      10.293715       4.932405       1.420864       1.000000     541.499386       0.000000            0
       285       142.5000       1       1       5.935663       4.352037      10.287700       4.932404       1.513204       1.000000     541.499386       0.000000            0
# Jump frustrated.
       286       143.0000       1       1       5.639927       4.655558      10.295485       4.932404       2.494231       1.000000     541.499386       0.000000            0
       287       143.5000       1       1       5.108482       5.205715      10.314196       4.932404       3.579520       1.000000     541.499386       0.000000            0
# Jump frustrated.
       288       144.0000       1       1       4.621535       5.707499      10.329034       4.932405       4.067391       1.000000     541.499386       0.000000            0
# Jump frustrated.
       289       144.5000       1       1       4.396044       5.930261      10.326305       4.932404       3.872673       1.000000     541.499386       0.000000            1
       290       145.0000       1       1       4.424778       5.892684      10.317463       4.932403       3.497426       1.000000     541.499386       0.000000            0
       291       145.5000       1       1       4.583554       5.725976      10.309530       4.932404       3.187813       1.000000     541.499386       0.000000            0
# Jump frustrated.
       292       146.0000       1       1       4.742276       5.562175      10.304451       4.932405       2.777297       1.000000     541.499386       0.000000            0
       293       146.5000       1       1       4.808791       5.497817      10.306608       4.932405       2.405997       1.000000     541.499386       0.000000            0
       294       147.0000       1       1       4.765791       5.544528      10.310319       4.932405       2.298810       1.000000     541.499386       0.000000            0
# Jump frustrated.
       295       147.5000       1       1       4.649270       5.666186      10.315456       4.932405       2.478125       1.000000     541.499386       0.000000            1
# Jump frustrated.
       296       148.0000       1       1       4.514180       5.804036      10.318216       4.932405       2.678407       1.000000     541.499386       0.000000            0
# Jump frustrated.
       297       148.5000       1       1       4.401391       5.917389      10.318781       4.932404       2.746183       1.000000     541.499386       0.000000            0
# Jump frustrated.
       298       149.0000       1       1       4.327092       5.991505      10.318597       4.932403       2.680856       1.000000     541.499386       0.000000            0
# Jump frustrated.
       299       149.5000       1       1       4.291619       6.026175      10.317794       4.932404       2.557285       1.000000     541.499386       0.000000            0
# Jump frustrated.
       300       150.0000       1       1       4.288995       6.028874      10.317869       4.932404       2.521374       1.000000     541.499386       0.000000            0
# Jump frustrated.
       301       150.5000       1       1       4.327824       5.992335      10.320159       4.932405       2.673457       1.000000     541.499386       0.000000            0
# Jump frustrated.
       302       151.0000       1       1       4.448890       5.875245      10.324135       4.932406       2.932497       1.000000     541.499386       0.000000            1
# Jump frustrated.
       303       151.5000       1       1       4.710734       5.615322      10.326056       4.932406       3.075632       1.000000     541.499386       0.000000            0
# Jump frustrated.
       304       152.0000       1       1       5.133386       5.187653      10.321039       4.932406       2.940281       1.000000     541.499386       0.000000            0
       305       152.5000       1       1       5.638468       4.670090      10.308558       4.932406       2.524442       1.000000     541.499386       0.000000            0
       306       153.0000       1       1       6.044752       4.247611      10.292363       4.932404       2.106698       1.000000     541.499386       0.000000            0
       307       153.5000       1       1       6.164608       4.124293      10.288901       4.932405       2.319173       1.000000     541.499386       0.000000            0
# Jump frustrated.
       308       154.0000       1       1       5.962398       4.337920      10.300318       4.932405       3.214275       1.000000     541.499386       0.000000            1
# Jump frustrated.
       309       154.5000       1       1       5.615838       4.702061      10.317899       4.932405       3.981420       1.000000     541.499386       0.000000            0
# Jump frustrated.
       310       155.0000       1       1       5.364143       4.957417      10.321560       4.932405       4.052954       1.000000     541.499386       0.000000            0
       311       155.5000       1       1       5.282123       5.032363      10.314486       4.932404       3.706591       1.000000     541.499386       0.000000            0
# Jump frustrated.
       312       156.0000       1       1       5.305551       5.008904      10.314455       4.932404       3.652587       1.000000     541.499386       0.000000            0
       313       156.5000       1       1       5.408044       4.907592      10.315636       4.932404       3.666147       1.000000     541.499386       0.000000            0
# Jump frustrated.
       314       157.0000       1       1       5.572042       4.738393      10.310434       4.932403       3.278305       1.000000     541.499386       0.000000            1
       315       157.5000       1       1       5.709454       4.595975      10.305429       4.932404       2.618100       1.000000     541.499386       0.000000            1
# Jump frustrated.
       316       158.0000       1       1       5.735579       4.572100      10.307679       4.932404       2.082442       1.000000     541.499386       0.000000            0
# Jump frustrated.
       317       158.5000       1       1       5.651067       4.661786      10.312852       4.932404       1.855930       1.000000     541.499386       0.000000            0
       318       159.0000       1       1       5.507913       4.807941      10.315854       4.932404       1.805181       1.000000     541.499386       0.000000            0
       319       159.5000       1       1       5.347098       4.969459      10.316557       4.932404       1.790794       1.000000     541.499386       0.000000            0
       320       160.0000       1       1       5.182541       5.133052      10.315593       4.932404       1.799960       1.000000     541.499386       0.000000            0
# Jump frustrated.
       321       160.5000       1       1       5.007429       5.307027      10.314456       4.932404       1.936299       1.000000     541.499386       0.000000            0
       322       161.0000       1       1       4.816742       5.499062      10.315805       4.932404       2.307422       1.000000     541.499386       0.000000            1
       323       161.5000       1       1       4.643914       5.677396      10.321310       4.932405       2.852055       1.000000     541.499386       0.000000            0
# Jump frustrated.
       324       162.0000       1       1       4.578160       5.750266      10.328427       4.932407       3.330825       1.000000     541.499386       0.000000            0
# Jump frustrated.
       325       162.5000       1       1       4.722995       5.607641      10.330636       4.932408       3.465652       1.000000     541.499386       0.000000            1
       326       163.0000       1       1       5.105726       5.217756      10.323482       4.932407       3.122232       1.000000     541.499386       0.000000            1
# Jump frustrated.
       327       163.5000       1       1       5.620449       4.690228      10.310677       4.932406       2.410971       1.000000     541.499386       0.000000            0
       328       164.0000       1       1       6.078619       4.220622      10.299241       4.932407       1.640215       1.000000     541.499386       0.000000            0
# Jump frustrated.
       329       164.5000       1       1       6.303441       3.987688      10.291129       4.932407       1.181972       1.000000     541.499386       0.000000            0
       330       165.0000       1       1       6.175992       4.109968      10.285960       4.932408       1.562891       1.000000     541.499386       0.000000            0
# Jump frustrated.
       331       165.5000       1       1       5.670252       4.622341      10.292592       4.932409       2.613401       1.000000     541.499386       0.000000            0
# Jump frustrated.
       332       166.0000       1       1       4.959254       5.360589      10.319843       4.932408       3.782876       1.000000     541.499386       0.000000            0
# Jump frustrated.
       333       166.5000       1       1       4.432499       5.909293      10.341792       4.932407       4.421368       1.000000     541.499386       0.000000            0
# Jump frustrated.
       334       167.0000       1       1       4.397519       5.940641      10.338161       4.932405       4.358070       1.000000     541.499386       0.000000            1
# Jump frustrated.
       335       167.5000       1       1       4.814674       5.502592      10.317266       4.932404       3.790602       1.000000     541.499386       0.000000            0
# Jump frustrated.
       336       168.0000       1       1       5.379170       4.918803      10.297973       4.932404       3.094215       1.000000     541.499386       0.000000            0
# Jump frustrated.
       337       168.5000       1       1       5.786579       4.506911      10.293491       4.932403       2.704017       1.000000     541.499386       0.000000            0
# Jump frustrated.
       338       169.0000       1       1       5.925364       4.376535      10.301898       4.932404       2.719868       1.000000     541.499386       0.000000            0
       339       169.5000       1       1       5.859852       4.450027      10.309879       4.932405       2.795133       1.000000     541.499386       0.000000            0
# Jump frustrated.
       340       170.0000       1       1       5.686011       4.627531      10.313541       4.932406       2.751444       1.000000     541.499386       0.000000            0
       341       170.5000       1       1       5.459409       4.855275      10.314684       4.932404       2.575576       1.000000     541.499386       0.000000            0
# Jump frustrated.
       342       171.0000       1       1       5.200903       5.113745      10.314648       4.932404       2.387941       1.000000     541.499386       0.000000            1
       343       171.5000       1       1       4.923602       5.393391      10.316993       4.932405       2.397354       1.000000     541.499386       0.000000            0
       344       172.0000       1       1       4.669964       5.652484      10.322448       4.932406       2.658557       1.000000     541.499386       0.000000            0
       345       172.5000       1       1       4.522287       5.806320      10.328607       4.932406       2.981042       1.000000     541.499386       0.000000            0
# Jump frustrated.
       346       173.0000       1       1       4.566802       5.763761      10.330562       4.932407       3.097768       1.000000     541.499386       0.000000            0
# Jump frustrated.
       347       173.5000       1       1       4.831694       5.494703      10.326396       4.932408       2.888830       1.000000     541.499386       0.000000            0
       348       174.0000       1       1       5.257416       5.061636      10.319052       4.932409       2.446551       1.000000     541.499386       0.000000            1
# Jump frustrated.
       349       174.5000       1       1       5.731822       4.579989      10.311811       4.932408       1.944209       1.000000     541.499386       0.000000            0
# Jump frustrated.
       350       175.0000       1       1       6.142152       4.164361      10.306513       4.932408       1.536407       1.000000     541.499386       0.000000            0
# Jump frustrated.
       351       175.5000       1       1       6.394098       3.905061      10.299158       4.932407       1.340239       1.000000     541.499386       0.000000            0
# Jump frustrated.
       352       176.0000       1       1       6.384636       3.904645      10.289281       4.932407       1.576889       1.000000     541.499386       0.000000            0
# Jump frustrated.
       353       176.5000       1       1       6.024198       4.265258      10.289456       4.932407       2.476679       1.000000     541.499386       0.000000            0
       354       177.0000       1       1       5.365323       4.941639      10.306963       4.932408       3.711283       1.000000     541.499386       0.000000            1
# Jump frustrated.
       355       177.5000       1       1       4.686515       5.645425      10.331940       4.932409       4.825964       1.000000     541.499386       0.000000            0
# Jump frustrated.
       356       178.0000       1       1       4.378728       5.968045      10.346773       4.932409       5.368192       1.000000     541.499386       0.000000            0
# Jump frustrated.
       357       178.5000       1       1       4.625377       5.703140      10.328516       4.932410       4.908481       1.000000     541.499386       0.000000            0
# Jump frustrated.
       358       179.0000       1       1       5.187554       5.113745      10.301299       4.932411       3.777163       1.000000     541.499386       0.000000            0
       359       179.5000       1       1       5.662318       4.627531      10.289849       4.932410       2.692084       1.000000     541.499386       0.000000            0
       360       180.0000       1       1       5.834310       4.461446      10.295756       4.932409       2.144082       1.000000     541.499386       0.000000            1
       361       180.5000       1       1       5.740963       4.568986      10.309949       4.932410       2.108717       1.000000     541.499386       0.000000            0
# Jump frustrated.
       362       181.0000       1       1       5.531253       4.786350      10.317602       4.932409       2.156459       1.000000     541.499386       0.000000            0
# Jump frustrated.
       363       181.5000       1       1       5.310209       5.009111      10.319321       4.932409       2.151635       1.000000     541.499386       0.000000            0
       364       182.0000       1       1       5.110867       5.207998      10.318865       4.932408       2.115844       1.000000     541.499386       0.000000            0
# Jump frustrated.
       365       182.5000       1       1       4.932386       5.385502      10.317887       4.932408       2.103868       1.000000     541.499386       0.000000            0
# Jump frustrated.
       366       183.0000       1       1       4.768256       5.549718      10.317975       4.932409       2.201286       1.000000     541.499386       0.000000            1
       367       183.5000       1       1       4.627932       5.692552      10.320484       4.932409       2.469859       1.000000     541.499386       0.000000            0
       368       184.0000       1       1       4.556125       5.769158      10.325284       4.932408       2.833686       1.000000     541.499386       0.000000            0
       369       184.5000       1       1       4.627547       5.701479      10.329025       4.932408       3.066157       1.000000     541.499386       0.000000            0
       370       185.0000       1       1       4.893346       5.433251      10.326598       4.932407       2.952835       1.000000     541.499386       0.000000            0
# Jump frustrated.
       371       185.5000       1       1       5.313641       5.003506      10.317147       4.932408       2.496117       1.000000     541.499386       0.000000            0
       372       186.0000       1       1       5.760551       4.546149      10.306700       4.932408       1.946562       1.000000     541.499386       0.000000            1
       373       186.5000       1       1       6.082586       4.216055      10.298641       4.932408       1.671544       1.000000     541.499386       0.000000            0
# Jump frustrated.
       374       187.0000       1       1       6.176414       4.121594      10.298008       4.932408       2.012320       1.000000     541.499386       0.000000            0
       375       187.5000       1       1       6.037989       4.265050      10.303039       4.932408       2.639623       1.000000     541.499386       0.000000            0
# Jump frustrated.
       376       188.0000       1       1       5.750649       4.558398      10.309047       4.932408       3.110389       1.000000     541.499386       0.000000            0
# Jump frustrated.
       377       188.5000       1       1       5.419449       4.892852      10.312301       4.932408       3.269407       1.000000     541.499386       0.000000            0
       378       189.0000       1       1       5.117057       5.197826      10.314883       4.932407       3.389085       1.000000     541.499386       0.000000            0
# Jump frustrated.
       379       189.5000       1       1       4.918917       5.404809      10.323726       4.932406       3.808395       1.000000     541.499386       0.000000            0
       380       190.0000       1       1       4.942650       5.383633      10.326284       4.932406       4.006519       1.000000     541.499386       0.000000            0
# Jump frustrated.
       381       190.5000       1       1       5.196738       5.114991      10.311728       4.932405       3.521633       1.000000     541.499386       0.000000            1
       382       191.0000       1       1       5.494790       4.808356      10.303146       4.932405       2.803938       1.000000     541.499386       0.000000            0
# Jump frustrated.
       383       191.5000       1       1       5.669017       4.635005      10.304022       4.932405       2.375747       1.000000     541.499386       0.000000            0
# Jump frustrated.
       384       192.0000       1       1       5.688219       4.619849      10.308068       4.932404       2.225638       1.000000     541.499386       0.000000            0
# Jump frustrated.
       385       192.5000       1       1       5.591965       4.720331      10.312296       4.932404       2.126477       1.000000     541.499386       0.000000            0
       386       193.0000       1       1       5.425709       4.887246      10.312955       4.932404       1.982913       1.000000     541.499386       0.000000            0
       387       193.5000       1       1       5.203878       5.107932      10.311810       4.932403       1.977308       1.000000     541.499386       0.000000            1
# Jump frustrated.
       388       194.0000       1       1       4.933886       5.381142      10.315028       4.932402       2.364931       1.000000     541.499386       0.000000            0
       389       194.5000       1       1       4.671468       5.651030      10.322498       4.932401       3.027378       1.000000     541.499386       0.000000            0
# Jump frustrated.
       390       195.0000       1       1       4.531424       5.798638      10.330063       4.932401       3.593352       1.000000     541.499386       0.000000            0
# Jump frustrated.
       391       195.5000       1       1       4.618888       5.710198      10.329086       4.932401       3.707254       1.000000     541.499386       0.000000            0
# Jump frustrated.
       392       196.0000       1       1       4.921123       5.397543      10.318666       4.932400       3.329049       1.000000     541.499386       0.000000            0
# Jump frustrated.
       393       196.5000       1       1       5.290597       5.015962      10.306559       4.932402       2.761031       1.000000     541.499386       0.000000            0
# Jump frustrated.
       394       197.0000       1       1       5.556325       4.745866      10.302192       4.932402       2.514741       1.000000     541.499386       0.000000            1
# Jump frustrated.
       395       197.5000       1       1       5.648132       4.659502      10.307634       4.932401       2.843863       1.000000     541.499386       0.000000            0
# Jump frustrated.
       396       198.0000       1       1       5.631472       4.685868      10.317341       4.932400       3.352968       1.000000     541.499386       0.000000            0
       397       198.5000       1       1       5.637819       4.685453      10.323272       4.932399       3.563285       1.000000     541.499386       0.000000            0
# Jump frustrated.
       398       199.0000       1       1       5.740529       4.577498      10.318026       4.932398       3.228922       1.000000     541.499386       0.000000            0
       399       199.5000       1       1       5.874215       4.432173      10.306388       4.932398       2.460029       1.000000     541.499386       0.000000            0
# Jump frustrated.
       400       200.0000       1       1       5.890575       4.408506      10.299081       4.932397       1.773242       1.000000     541.499386       0.000000            0
