#===============================================================================================================================================================================
#     Step |         Time |         State |                                     Energy |      Angular |     Gradient |      Density |           Expectation Value |    Runtime |
#          |              |  diag |   MCH |          kin |          pot |          tot |     Momentum |          RMS |        Total |           DM |            S |            |
#          |         [fs] |       |       |         [eV] |         [eV] |         [eV] |       [hbar] |     [eV/Ang] |              |      [Debye] |              |      [sec] |
#===============================================================================================================================================================================
         0         0.0000       2       2       0.106024      10.447153      10.553178       0.000025       3.533702       1.000000     541.499386       0.000000            3
         1         0.5000       2       2       0.126373      10.427016      10.553388       0.000024       3.448168       1.000000     541.499386       0.000000            1
         2         1.0000       2       2       0.204681      10.348540      10.553222       0.000024       3.246494       1.000000     541.499386       0.000000            1
# Surface Hop/Pointer State Switch: new state=      1 old state=      2 randnum=  0.085589843 gap= ********* eV
         3         1.5000       1       1      10.359541       0.193681      10.553222       5.204015       1.039046       1.000000     541.499386       0.000000            0
# Jump frustrated.
         4         2.0000       1       1      10.041556       0.516094      10.557650       5.204016       1.873002       1.000000     541.499386       0.000000            0
# Jump frustrated.
         5         2.5000       1       1       9.248611       1.328665      10.577276       5.204016       3.462063       1.000000     541.499386       0.000000            0
         6         3.0000       1       1       8.287641       2.316456      10.604098       5.204016       4.764940       1.000000     541.499386       0.000000            0
         7         3.5000       1       1       7.533518       3.079410      10.612928       5.204016       5.073716       1.000000     541.499386       0.000000            0
# Jump frustrated.
         8         4.0000       1       1       7.095195       3.500228      10.595423       5.204016       4.392504       1.000000     541.499386       0.000000            0
# Jump frustrated.
         9         4.5000       1       1       6.770615       3.814129      10.584744       5.204016       3.564302       1.000000     541.499386       0.000000            0
# Jump frustrated.
        10         5.0000       1       1       6.377991       4.206713      10.584703       5.204017       3.110606       1.000000     541.499386       0.000000            0
# Jump frustrated.
        11         5.5000       1       1       5.894994       4.695833      10.590827       5.204016       3.082140       1.000000     541.499386       0.000000            1
        12         6.0000       1       1       5.387910       5.209036      10.596947       5.204016       3.248337       1.000000     541.499386       0.000000            0
        13         6.5000       1       1       4.946576       5.656220      10.602797       5.204016       3.388042       1.000000     541.499386       0.000000            0
# Jump frustrated.
        14         7.0000       1       1       4.645236       5.960571      10.605808       5.204016       3.435319       1.000000     541.499386       0.000000            0
# Jump frustrated.
        15         7.5000       1       1       4.519179       6.085966      10.605145       5.204016       3.393073       1.000000     541.499386       0.000000            0
# Jump frustrated.
        16         8.0000       1       1       4.553953       6.046521      10.600473       5.204017       3.267370       1.000000     541.499386       0.000000            0
# Jump frustrated.
        17         8.5000       1       1       4.685381       5.907217      10.592598       5.204017       3.141651       1.000000     541.499386       0.000000            0
# Jump frustrated.
        18         9.0000       1       1       4.810309       5.772688      10.582997       5.204016       3.195628       1.000000     541.499386       0.000000            0
        19         9.5000       1       1       4.845711       5.739263      10.584974       5.204016       3.771532       1.000000     541.499386       0.000000            0
# Jump frustrated.
        20        10.0000       1       1       4.864709       5.737187      10.601896       5.204016       4.713764       1.000000     541.499386       0.000000            1
        21        10.5000       1       1       5.113156       5.502592      10.615748       5.204017       5.356560       1.000000     541.499386       0.000000            0
# Jump frustrated.
        22        11.0000       1       1       5.774387       4.832854      10.607240       5.204017       5.305123       1.000000     541.499386       0.000000            0
# Jump frustrated.
        23        11.5000       1       1       6.723734       3.851706      10.575440       5.204017       4.621213       1.000000     541.499386       0.000000            0
        24        12.0000       1       1       7.583894       2.968963      10.552857       5.204017       3.741101       1.000000     541.499386       0.000000            0
# Jump frustrated.
        25        12.5000       1       1       8.019282       2.528215      10.547496       5.204017       3.318819       1.000000     541.499386       0.000000            0
# Jump frustrated.
        26        13.0000       1       1       7.933947       2.625375      10.559322       5.204017       3.779092       1.000000     541.499386       0.000000            0
        27        13.5000       1       1       7.524902       3.066746      10.591648       5.204017       4.777830       1.000000     541.499386       0.000000            0
# Jump frustrated.
        28        14.0000       1       1       7.204363       3.402238      10.606601       5.204016       5.230642       1.000000     541.499386       0.000000            1
# Jump frustrated.
        29        14.5000       1       1       7.185355       3.405767      10.591122       5.204016       4.659488       1.000000     541.499386       0.000000            0
# Jump frustrated.
        30        15.0000       1       1       7.303480       3.273314      10.576794       5.204015       3.588143       1.000000     541.499386       0.000000            0
# Jump frustrated.
        31        15.5000       1       1       7.304845       3.268124      10.572969       5.204016       3.080270       1.000000     541.499386       0.000000            0
# Jump frustrated.
        32        16.0000       1       1       7.103095       3.478845      10.581940       5.204016       3.396773       1.000000     541.499386       0.000000            0
        33        16.5000       1       1       6.779386       3.811430      10.590816       5.204016       4.015573       1.000000     541.499386       0.000000            0
        34        17.0000       1       1       6.458055       4.140279      10.598333       5.204016       4.630513       1.000000     541.499386       0.000000            0
# Jump frustrated.
        35        17.5000       1       1       6.241940       4.360341      10.602281       5.204016       5.106823       1.000000     541.499386       0.000000            0
        36        18.0000       1       1       6.190028       4.412243      10.602270       5.204016       5.339240       1.000000     541.499386       0.000000            0
        37        18.5000       1       1       6.298712       4.300135      10.598848       5.204017       5.372534       1.000000     541.499386       0.000000            0
        38        19.0000       1       1       6.514719       4.078619      10.593339       5.204017       5.245090       1.000000     541.499386       0.000000            1
# Jump frustrated.
        39        19.5000       1       1       6.755226       3.831153      10.586379       5.204017       4.938692       1.000000     541.499386       0.000000            0
# Jump frustrated.
        40        20.0000       1       1       6.923273       3.656556      10.579829       5.204017       4.575829       1.000000     541.499386       0.000000            0
# Jump frustrated.
        41        20.5000       1       1       6.947928       3.630397      10.578325       5.204016       4.322888       1.000000     541.499386       0.000000            0
# Jump frustrated.
        42        21.0000       1       1       6.866450       3.722782      10.589232       5.204017       4.246847       1.000000     541.499386       0.000000            0
        43        21.5000       1       1       6.809447       3.783611      10.593057       5.204018       4.038444       1.000000     541.499386       0.000000            0
        44        22.0000       1       1       6.842906       3.747072      10.589978       5.204018       3.725470       1.000000     541.499386       0.000000            0
        45        22.5000       1       1       6.957312       3.634134      10.591446       5.204017       3.555913       1.000000     541.499386       0.000000            0
        46        23.0000       1       1       7.148846       3.441060      10.589906       5.204017       3.345805       1.000000     541.499386       0.000000            0
# Jump frustrated.
        47        23.5000       1       1       7.370053       3.210825      10.580878       5.204017       2.937904       1.000000     541.499386       0.000000            1
# Jump frustrated.
        48        24.0000       1       1       7.479921       3.089375      10.569296       5.204018       2.503975       1.000000     541.499386       0.000000            0
        49        24.5000       1       1       7.327136       3.244042      10.571178       5.204018       2.620451       1.000000     541.499386       0.000000            0
# Jump frustrated.
        50        25.0000       1       1       6.916058       3.668597      10.584655       5.204019       3.180310       1.000000     541.499386       0.000000            0
# Jump frustrated.
        51        25.5000       1       1       6.404055       4.192180      10.596236       5.204019       3.605019       1.000000     541.499386       0.000000            0
# Jump frustrated.
        52        26.0000       1       1       5.949694       4.650160      10.599854       5.204019       3.561191       1.000000     541.499386       0.000000            0
        53        26.5000       1       1       5.590111       5.004544      10.594655       5.204019       3.228824       1.000000     541.499386       0.000000            0
        54        27.0000       1       1       5.277467       5.317199      10.594666       5.204020       3.071400       1.000000     541.499386       0.000000            0
        55        27.5000       1       1       5.002534       5.596222      10.598756       5.204019       3.129517       1.000000     541.499386       0.000000            1
        56        28.0000       1       1       4.812311       5.789919      10.602230       5.204019       3.225034       1.000000     541.499386       0.000000            0
        57        28.5000       1       1       4.756328       5.847426      10.603754       5.204019       3.299746       1.000000     541.499386       0.000000            0
        58        29.0000       1       1       4.857929       5.745491      10.603420       5.204019       3.317294       1.000000     541.499386       0.000000            0
# Jump frustrated.
        59        29.5000       1       1       5.108020       5.492211      10.600232       5.204019       3.285258       1.000000     541.499386       0.000000            0
        60        30.0000       1       1       5.461828       5.133468      10.595296       5.204019       3.245543       1.000000     541.499386       0.000000            0
# Jump frustrated.
        61        30.5000       1       1       5.849423       4.741091      10.590514       5.204019       3.261627       1.000000     541.499386       0.000000            0
# Jump frustrated.
        62        31.0000       1       1       6.206800       4.382140      10.588940       5.204019       3.457526       1.000000     541.499386       0.000000            0
# Jump frustrated.
        63        31.5000       1       1       6.512419       4.078827      10.591246       5.204019       3.867791       1.000000     541.499386       0.000000            0
# Jump frustrated.
        64        32.0000       1       1       6.815804       3.784026      10.599830       5.204018       4.375359       1.000000     541.499386       0.000000            0
# Jump frustrated.
        65        32.5000       1       1       7.231616       3.375041      10.606658       5.204018       4.780581       1.000000     541.499386       0.000000            1
# Jump frustrated.
        66        33.0000       1       1       7.820701       2.772360      10.593060       5.204018       4.688807       1.000000     541.499386       0.000000            0
# Jump frustrated.
        67        33.5000       1       1       8.469024       2.116324      10.585347       5.204018       3.972243       1.000000     541.499386       0.000000            0
# Jump frustrated.
        68        34.0000       1       1       9.011094       1.572187      10.583281       5.204018       3.011116       1.000000     541.499386       0.000000            0
# Jump frustrated.
        69        34.5000       1       1       9.359399       1.222163      10.581562       5.204018       2.195920       1.000000     541.499386       0.000000            0
# Jump frustrated.
        70        35.0000       1       1       9.448026       1.124588      10.572614       5.204018       1.744495       1.000000     541.499386       0.000000            0
        71        35.5000       1       1       9.192788       1.377245      10.570033       5.204018       2.256302       1.000000     541.499386       0.000000            0
# Jump frustrated.
        72        36.0000       1       1       8.613200       1.975982      10.589181       5.204018       3.204195       1.000000     541.499386       0.000000            0
# Jump frustrated.
        73        36.5000       1       1       7.859500       2.737897      10.597397       5.204017       3.847491       1.000000     541.499386       0.000000            0
        74        37.0000       1       1       7.071742       3.530539      10.602280       5.204017       4.230707       1.000000     541.499386       0.000000            0
        75        37.5000       1       1       6.339043       4.267126      10.606169       5.204017       4.527955       1.000000     541.499386       0.000000            1
# Jump frustrated.
        76        38.0000       1       1       5.719289       4.888907      10.608197       5.204017       4.755188       1.000000     541.499386       0.000000            0
# Jump frustrated.
        77        38.5000       1       1       5.254356       5.356852      10.611208       5.204017       4.879854       1.000000     541.499386       0.000000            0
# Jump frustrated.
        78        39.0000       1       1       4.974969       5.636705      10.611675       5.204018       4.860523       1.000000     541.499386       0.000000            0
# Jump frustrated.
        79        39.5000       1       1       4.885972       5.724523      10.610495       5.204018       4.748792       1.000000     541.499386       0.000000            0
        80        40.0000       1       1       4.965924       5.641896      10.607820       5.204018       4.537467       1.000000     541.499386       0.000000            0
        81        40.5000       1       1       5.173599       5.430552      10.604152       5.204018       4.251350       1.000000     541.499386       0.000000            0
# Jump frustrated.
        82        41.0000       1       1       5.456762       5.143848      10.600610       5.204017       3.876304       1.000000     541.499386       0.000000            0
# Jump frustrated.
        83        41.5000       1       1       5.763838       4.832646      10.596484       5.204017       3.462811       1.000000     541.499386       0.000000            1
# Jump frustrated.
        84        42.0000       1       1       6.041499       4.551339      10.592838       5.204017       3.107603       1.000000     541.499386       0.000000            0
        85        42.5000       1       1       6.267284       4.329616      10.596899       5.204017       2.891003       1.000000     541.499386       0.000000            0
        86        43.0000       1       1       6.475764       4.122840      10.598604       5.204017       2.766334       1.000000     541.499386       0.000000            0
# Jump frustrated.
        87        43.5000       1       1       6.691890       3.903192      10.595082       5.204017       2.632301       1.000000     541.499386       0.000000            0
# Jump frustrated.
        88        44.0000       1       1       6.863661       3.718838      10.582498       5.204017       2.525337       1.000000     541.499386       0.000000            0
# Jump frustrated.
        89        44.5000       1       1       6.835481       3.731294      10.566775       5.204017       3.039341       1.000000     541.499386       0.000000            0
# Jump frustrated.
        90        45.0000       1       1       6.485614       4.090661      10.576274       5.204017       4.677719       1.000000     541.499386       0.000000            0
# Jump frustrated.
        91        45.5000       1       1       6.037024       4.579158      10.616182       5.204016       6.446618       1.000000     541.499386       0.000000            0
        92        46.0000       1       1       5.992358       4.634797      10.627155       5.204017       6.943583       1.000000     541.499386       0.000000            0
# Jump frustrated.
        93        46.5000       1       1       6.481015       4.108930      10.589945       5.204017       5.866037       1.000000     541.499386       0.000000            1
# Jump frustrated.
        94        47.0000       1       1       7.060006       3.505626      10.565632       5.204017       4.184458       1.000000     541.499386       0.000000            0
        95        47.5000       1       1       7.340349       3.232208      10.572557       5.204017       3.139175       1.000000     541.499386       0.000000            0
        96        48.0000       1       1       7.319062       3.267086      10.586148       5.204017       2.804680       1.000000     541.499386       0.000000            0
        97        48.5000       1       1       7.142126       3.448326      10.590452       5.204017       2.772922       1.000000     541.499386       0.000000            0
# Jump frustrated.
        98        49.0000       1       1       6.899068       3.693717      10.592785       5.204018       2.766701       1.000000     541.499386       0.000000            0
        99        49.5000       1       1       6.653041       3.952187      10.605228       5.204018       2.804270       1.000000     541.499386       0.000000            0
# Jump frustrated.
       100        50.0000       1       1       6.490450       4.114120      10.604570       5.204019       2.759406       1.000000     541.499386       0.000000            0
# Jump frustrated.
       101        50.5000       1       1       6.423644       4.178271      10.601915       5.204019       2.722270       1.000000     541.499386       0.000000            0
# Jump frustrated.
       102        51.0000       1       1       6.423969       4.179516      10.603485       5.204019       2.735517       1.000000     541.499386       0.000000            0
# Jump frustrated.
       103        51.5000       1       1       6.481873       4.119726      10.601598       5.204019       2.722007       1.000000     541.499386       0.000000            1
# Jump frustrated.
       104        52.0000       1       1       6.582181       4.019036      10.601217       5.204019       2.689611       1.000000     541.499386       0.000000            0
# Jump frustrated.
       105        52.5000       1       1       6.704119       3.891981      10.596100       5.204020       2.712405       1.000000     541.499386       0.000000            0
# Jump frustrated.
       106        53.0000       1       1       6.806574       3.785272      10.591846       5.204021       2.778696       1.000000     541.499386       0.000000            0
       107        53.5000       1       1       6.860840       3.731709      10.592549       5.204020       2.860044       1.000000     541.499386       0.000000            0
# Jump frustrated.
       108        54.0000       1       1       6.925506       3.683960      10.609465       5.204020       2.897353       1.000000     541.499386       0.000000            0
       109        54.5000       1       1       7.117143       3.490055      10.607199       5.204020       2.837310       1.000000     541.499386       0.000000            0
       110        55.0000       1       1       7.451581       3.147090      10.598671       5.204020       2.616494       1.000000     541.499386       0.000000            0
# Jump frustrated.
       111        55.5000       1       1       7.789553       2.789799      10.579352       5.204020       2.166435       1.000000     541.499386       0.000000            1
# Jump frustrated.
       112        56.0000       1       1       7.886020       2.671671      10.557691       5.204020       1.939622       1.000000     541.499386       0.000000            0
       113        56.5000       1       1       7.511298       3.043702      10.554999       5.204019       3.115857       1.000000     541.499386       0.000000            0
# Jump frustrated.
       114        57.0000       1       1       6.786353       3.817035      10.603388       5.204020       5.100413       1.000000     541.499386       0.000000            0
# Jump frustrated.
       115        57.5000       1       1       6.350808       4.286226      10.637034       5.204020       5.919020       1.000000     541.499386       0.000000            0
# Jump frustrated.
       116        58.0000       1       1       6.611571       3.988311      10.599882       5.204020       4.848544       1.000000     541.499386       0.000000            0
# Jump frustrated.
       117        58.5000       1       1       7.130917       3.428604      10.559520       5.204019       2.879227       1.000000     541.499386       0.000000            0
# Jump frustrated.
       118        59.0000       1       1       7.314445       3.245910      10.560355       5.204019       2.016449       1.000000     541.499386       0.000000            1
# Jump frustrated.
       119        59.5000       1       1       7.044113       3.533030      10.577143       5.204019       2.302441       1.000000     541.499386       0.000000            0
# Jump frustrated.
       120        60.0000       1       1       6.486477       4.105608      10.592086       5.204019       2.690470       1.000000     541.499386       0.000000            0
# Jump frustrated.
       121        60.5000       1       1       5.834235       4.766212      10.600447       5.204019       3.016844       1.000000     541.499386       0.000000            0
# Jump frustrated.
       122        61.0000       1       1       5.225797       5.384256      10.610053       5.204019       3.344927       1.000000     541.499386       0.000000            0
# Jump frustrated.
       123        61.5000       1       1       4.784964       5.832271      10.617234       5.204019       3.570682       1.000000     541.499386       0.000000            0
# Jump frustrated.
       124        62.0000       1       1       4.606418       6.012265      10.618684       5.204018       3.601601       1.000000     541.499386       0.000000            0
       125        62.5000       1       1       4.702590       5.909708      10.612298       5.204018       3.359494       1.000000     541.499386       0.000000            0
# Jump frustrated.
       126        63.0000       1       1       4.983378       5.617398      10.600776       5.204018       2.901526       1.000000     541.499386       0.000000            0
# Jump frustrated.
       127        63.5000       1       1       5.288630       5.300798      10.589428       5.204017       2.440603       1.000000     541.499386       0.000000            1
# Jump frustrated.
       128        64.0000       1       1       5.454175       5.127447      10.581622       5.204017       2.295111       1.000000     541.499386       0.000000            0
# Jump frustrated.
       129        64.5000       1       1       5.388951       5.196788      10.585739       5.204017       2.699761       1.000000     541.499386       0.000000            0
# Jump frustrated.
       130        65.0000       1       1       5.148720       5.449029      10.597749       5.204017       3.412244       1.000000     541.499386       0.000000            0
# Jump frustrated.
       131        65.5000       1       1       4.933236       5.682587      10.615822       5.204017       4.037892       1.000000     541.499386       0.000000            0
# Jump frustrated.
       132        66.0000       1       1       4.968603       5.651030      10.619633       5.204017       4.219517       1.000000     541.499386       0.000000            0
       133        66.5000       1       1       5.320760       5.290626      10.611386       5.204017       4.043770       1.000000     541.499386       0.000000            0
# Jump frustrated.
       134        67.0000       1       1       5.880897       4.721576      10.602474       5.204018       3.862403       1.000000     541.499386       0.000000            0
# Jump frustrated.
       135        67.5000       1       1       6.509625       4.085678      10.595303       5.204018       3.802715       1.000000     541.499386       0.000000            0
       136        68.0000       1       1       7.105592       3.485696      10.591288       5.204019       3.707335       1.000000     541.499386       0.000000            1
# Jump frustrated.
       137        68.5000       1       1       7.612799       2.978928      10.591727       5.204019       3.597426       1.000000     541.499386       0.000000            0
# Jump frustrated.
       138        69.0000       1       1       8.002257       2.583646      10.585903       5.204019       3.422730       1.000000     541.499386       0.000000            0
# Jump frustrated.
       139        69.5000       1       1       8.186206       2.384136      10.570342       5.204020       3.111909       1.000000     541.499386       0.000000            0
# Jump frustrated.
       140        70.0000       1       1       8.011357       2.551882      10.563239       5.204020       3.232632       1.000000     541.499386       0.000000            0
# Jump frustrated.
       141        70.5000       1       1       7.469732       3.116364      10.586096       5.204019       4.547973       1.000000     541.499386       0.000000            0
# Jump frustrated.
       142        71.0000       1       1       6.956548       3.673579      10.630127       5.204019       5.992435       1.000000     541.499386       0.000000            0
       143        71.5000       1       1       7.011044       3.618148      10.629192       5.204018       6.160010       1.000000     541.499386       0.000000            0
# Jump frustrated.
       144        72.0000       1       1       7.623576       2.961697      10.585273       5.204018       4.926595       1.000000     541.499386       0.000000            0
# Jump frustrated.
       145        72.5000       1       1       8.258276       2.305453      10.563730       5.204019       3.471593       1.000000     541.499386       0.000000            1
       146        73.0000       1       1       8.541043       2.031413      10.572456       5.204019       2.668157       1.000000     541.499386       0.000000            0
       147        73.5000       1       1       8.473359       2.109473      10.582832       5.204018       2.433171       1.000000     541.499386       0.000000            0
       148        74.0000       1       1       8.167694       2.418599      10.586293       5.204018       2.409043       1.000000     541.499386       0.000000            0
# Jump frustrated.
       149        74.5000       1       1       7.668153       2.913740      10.581893       5.204018       2.548515       1.000000     541.499386       0.000000            0
# Jump frustrated.
       150        75.0000       1       1       6.986927       3.603408      10.590335       5.204018       2.874489       1.000000     541.499386       0.000000            0
# Jump frustrated.
       151        75.5000       1       1       6.243780       4.365324      10.609104       5.204017       3.362824       1.000000     541.499386       0.000000            0
       152        76.0000       1       1       5.667483       4.955549      10.623032       5.204018       3.839430       1.000000     541.499386       0.000000            0
       153        76.5000       1       1       5.451074       5.173951      10.625025       5.204018       3.905088       1.000000     541.499386       0.000000            0
# Jump frustrated.
       154        77.0000       1       1       5.616017       4.995825      10.611842       5.204018       3.471499       1.000000     541.499386       0.000000            1
# Jump frustrated.
       155        77.5000       1       1       5.995923       4.601165      10.597088       5.204018       2.893365       1.000000     541.499386       0.000000            0
       156        78.0000       1       1       6.387024       4.204221      10.591246       5.204018       2.578350       1.000000     541.499386       0.000000            0
# Jump frustrated.
       157        78.5000       1       1       6.685633       3.908175      10.593807       5.204018       2.509908       1.000000     541.499386       0.000000            0
       158        79.0000       1       1       6.870128       3.720291      10.590419       5.204019       2.569040       1.000000     541.499386       0.000000            0
# Jump frustrated.
       159        79.5000       1       1       6.891979       3.688527      10.580506       5.204019       2.737743       1.000000     541.499386       0.000000            0
       160        80.0000       1       1       6.629902       3.938485      10.568387       5.204019       3.300871       1.000000     541.499386       0.000000            0
       161        80.5000       1       1       6.009867       4.569193      10.579061       5.204018       4.633351       1.000000     541.499386       0.000000            0
       162        81.0000       1       1       5.278080       5.341074      10.619154       5.204018       6.103879       1.000000     541.499386       0.000000            0
       163        81.5000       1       1       4.989110       5.651446      10.640556       5.204019       6.633330       1.000000     541.499386       0.000000            0
       164        82.0000       1       1       5.423279       5.190767      10.614046       5.204018       5.761457       1.000000     541.499386       0.000000            1
# Jump frustrated.
       165        82.5000       1       1       6.222367       4.348300      10.570667       5.204018       3.996875       1.000000     541.499386       0.000000            0
# Jump frustrated.
       166        83.0000       1       1       6.820806       3.746242      10.567047       5.204019       2.712284       1.000000     541.499386       0.000000            0
       167        83.5000       1       1       7.017322       3.563340      10.580662       5.204019       2.634384       1.000000     541.499386       0.000000            0
# Jump frustrated.
       168        84.0000       1       1       6.926557       3.664860      10.591417       5.204019       2.979103       1.000000     541.499386       0.000000            0
# Jump frustrated.
       169        84.5000       1       1       6.698885       3.900493      10.599378       5.204019       3.328922       1.000000     541.499386       0.000000            0
# Jump frustrated.
       170        85.0000       1       1       6.447242       4.157095      10.604336       5.204019       3.586080       1.000000     541.499386       0.000000            0
# Jump frustrated.
       171        85.5000       1       1       6.236519       4.366985      10.603503       5.204019       3.722528       1.000000     541.499386       0.000000            0
# Jump frustrated.
       172        86.0000       1       1       6.078143       4.525388      10.603532       5.204019       3.915177       1.000000     541.499386       0.000000            0
       173        86.5000       1       1       5.997149       4.613621      10.610770       5.204019       4.296749       1.000000     541.499386       0.000000            0
# Jump frustrated.
       174        87.0000       1       1       6.092331       4.524973      10.617304       5.204019       4.661971       1.000000     541.499386       0.000000            1
       175        87.5000       1       1       6.434811       4.174949      10.609760       5.204019       4.626970       1.000000     541.499386       0.000000            0
# Jump frustrated.
       176        88.0000       1       1       6.931166       3.664445      10.595610       5.204018       4.266792       1.000000     541.499386       0.000000            0
       177        88.5000       1       1       7.388188       3.196292      10.584480       5.204018       3.992087       1.000000     541.499386       0.000000            0
       178        89.0000       1       1       7.643628       2.936784      10.580412       5.204018       3.786784       1.000000     541.499386       0.000000            0
       179        89.5000       1       1       7.651681       2.932632      10.584313       5.204018       3.727300       1.000000     541.499386       0.000000            0
# Jump frustrated.
       180        90.0000       1       1       7.472869       3.117194      10.590063       5.204018       3.936730       1.000000     541.499386       0.000000            0
       181        90.5000       1       1       7.243957       3.361132      10.605089       5.204017       4.354943       1.000000     541.499386       0.000000            0
# Jump frustrated.
       182        91.0000       1       1       7.170853       3.442306      10.613159       5.204017       4.607649       1.000000     541.499386       0.000000            1
       183        91.5000       1       1       7.357355       3.245287      10.602642       5.204016       4.226321       1.000000     541.499386       0.000000            0
# Jump frustrated.
       184        92.0000       1       1       7.629529       2.941559      10.571088       5.204016       3.228640       1.000000     541.499386       0.000000            0
# Jump frustrated.
       185        92.5000       1       1       7.605707       2.946542      10.552248       5.204016       2.737721       1.000000     541.499386       0.000000            0
       186        93.0000       1       1       7.099148       3.478429      10.577578       5.204016       4.200379       1.000000     541.499386       0.000000            0
       187        93.5000       1       1       6.493754       4.130106      10.623860       5.204016       5.771069       1.000000     541.499386       0.000000            0
       188        94.0000       1       1       6.346122       4.273769      10.619891       5.204016       5.799620       1.000000     541.499386       0.000000            0
       189        94.5000       1       1       6.629868       3.955094      10.584962       5.204017       4.476264       1.000000     541.499386       0.000000            0
# Jump frustrated.
       190        95.0000       1       1       6.893252       3.679600      10.572852       5.204018       3.215588       1.000000     541.499386       0.000000            0
# Jump frustrated.
       191        95.5000       1       1       6.861191       3.713855      10.575046       5.204018       2.651665       1.000000     541.499386       0.000000            0
       192        96.0000       1       1       6.496472       4.081941      10.578413       5.204018       2.581380       1.000000     541.499386       0.000000            1
       193        96.5000       1       1       5.854276       4.732995      10.587271       5.204017       2.968505       1.000000     541.499386       0.000000            0
# Jump frustrated.
       194        97.0000       1       1       5.097421       5.510481      10.607902       5.204017       3.690189       1.000000     541.499386       0.000000            0
# Jump frustrated.
       195        97.5000       1       1       4.516160       6.110879      10.627038       5.204017       4.258594       1.000000     541.499386       0.000000            0
       196        98.0000       1       1       4.362075       6.263884      10.625959       5.204017       4.174489       1.000000     541.499386       0.000000            0
       197        98.5000       1       1       4.630493       5.979464      10.609957       5.204017       3.625869       1.000000     541.499386       0.000000            0
       198        99.0000       1       1       5.103001       5.494495      10.597496       5.204018       3.223159       1.000000     541.499386       0.000000            0
       199        99.5000       1       1       5.572132       5.017416      10.589547       5.204018       3.258152       1.000000     541.499386       0.000000            0
# Jump frustrated.
       200       100.0000       1       1       5.923902       4.664692      10.588595       5.204018       3.600177       1.000000     541.499386       0.000000            0
# Jump frustrated.
       201       100.5000       1       1       6.154511       4.442969      10.597479       5.204018       4.034864       1.000000     541.499386       0.000000            0
       202       101.0000       1       1       6.372020       4.234532      10.606552       5.204018       4.323071       1.000000     541.499386       0.000000            1
# Jump frustrated.
       203       101.5000       1       1       6.694632       3.913157      10.607790       5.204018       4.259425       1.000000     541.499386       0.000000            0
       204       102.0000       1       1       7.144614       3.458292      10.602905       5.204018       3.869050       1.000000     541.499386       0.000000            0
# Jump frustrated.
       205       102.5000       1       1       7.640956       2.951732      10.592688       5.204017       3.306286       1.000000     541.499386       0.000000            0
       206       103.0000       1       1       8.054113       2.534028      10.588141       5.204016       2.855727       1.000000     541.499386       0.000000            0
# Jump frustrated.
       207       103.5000       1       1       8.298831       2.289883      10.588714       5.204016       2.766345       1.000000     541.499386       0.000000            0
# Jump frustrated.
       208       104.0000       1       1       8.372536       2.220750      10.593286       5.204016       2.949794       1.000000     541.499386       0.000000            0
# Jump frustrated.
       209       104.5000       1       1       8.322438       2.274312      10.596751       5.204016       3.116492       1.000000     541.499386       0.000000            0
# Jump frustrated.
       210       105.0000       1       1       8.196978       2.401367      10.598346       5.204016       3.149109       1.000000     541.499386       0.000000            1
# Jump frustrated.
       211       105.5000       1       1       8.019081       2.579078      10.598159       5.204015       3.043238       1.000000     541.499386       0.000000            0
# Jump frustrated.
       212       106.0000       1       1       7.787462       2.809106      10.596568       5.204015       2.895155       1.000000     541.499386       0.000000            0
       213       106.5000       1       1       7.481295       3.112627      10.593922       5.204015       2.897453       1.000000     541.499386       0.000000            0
# Jump frustrated.
       214       107.0000       1       1       7.085268       3.509986      10.595254       5.204015       3.216412       1.000000     541.499386       0.000000            0
# Jump frustrated.
       215       107.5000       1       1       6.636665       3.965682      10.602346       5.204015       3.832877       1.000000     541.499386       0.000000            0
# Jump frustrated.
       216       108.0000       1       1       6.264972       4.350999      10.615971       5.204014       4.379360       1.000000     541.499386       0.000000            0
# Jump frustrated.
       217       108.5000       1       1       6.120896       4.495493      10.616389       5.204014       4.487132       1.000000     541.499386       0.000000            0
# Jump frustrated.
       218       109.0000       1       1       6.218880       4.387330      10.606210       5.204014       4.071223       1.000000     541.499386       0.000000            1
# Jump frustrated.
       219       109.5000       1       1       6.431516       4.167267      10.598783       5.204014       3.445392       1.000000     541.499386       0.000000            0
# Jump frustrated.
       220       110.0000       1       1       6.614106       3.975024      10.589130       5.204015       2.946866       1.000000     541.499386       0.000000            0
       221       110.5000       1       1       6.660951       3.928935      10.589887       5.204015       2.725184       1.000000     541.499386       0.000000            0
# Jump frustrated.
       222       111.0000       1       1       6.565938       4.031493      10.597431       5.204015       2.674608       1.000000     541.499386       0.000000            0
       223       111.5000       1       1       6.383064       4.211695      10.594759       5.204015       2.671269       1.000000     541.499386       0.000000            0
       224       112.0000       1       1       6.129574       4.468089      10.597663       5.204014       2.787233       1.000000     541.499386       0.000000            0
# Jump frustrated.
       225       112.5000       1       1       5.847673       4.755624      10.603297       5.204014       2.936997       1.000000     541.499386       0.000000            0
       226       113.0000       1       1       5.596940       5.005374      10.602315       5.204015       2.994262       1.000000     541.499386       0.000000            0
       227       113.5000       1       1       5.381477       5.217341      10.598817       5.204016       3.068501       1.000000     541.499386       0.000000            1
# Jump frustrated.
       228       114.0000       1       1       5.189902       5.412075      10.601977       5.204017       3.343214       1.000000     541.499386       0.000000            0
       229       114.5000       1       1       5.085292       5.527089      10.612381       5.204018       3.758305       1.000000     541.499386       0.000000            0
# Jump frustrated.
       230       115.0000       1       1       5.215313       5.405432      10.620745       5.204018       3.953884       1.000000     541.499386       0.000000            0
# Jump frustrated.
       231       115.5000       1       1       5.670273       4.940601      10.610875       5.204018       3.618825       1.000000     541.499386       0.000000            0
       232       116.0000       1       1       6.313699       4.273354      10.587053       5.204019       2.949975       1.000000     541.499386       0.000000            0
       233       116.5000       1       1       6.869148       3.712817      10.581965       5.204019       2.548067       1.000000     541.499386       0.000000            0
# Jump frustrated.
       234       117.0000       1       1       7.205912       3.380439      10.586351       5.204019       2.579751       1.000000     541.499386       0.000000            0
# Jump frustrated.
       235       117.5000       1       1       7.337302       3.247779      10.585081       5.204019       2.699317       1.000000     541.499386       0.000000            0
       236       118.0000       1       1       7.284377       3.306324      10.590701       5.204020       2.957907       1.000000     541.499386       0.000000            1
       237       118.5000       1       1       7.124393       3.476353      10.600746       5.204020       3.430886       1.000000     541.499386       0.000000            0
# Jump frustrated.
       238       119.0000       1       1       7.008381       3.604031      10.612412       5.204020       3.855243       1.000000     541.499386       0.000000            0
       239       119.5000       1       1       7.079304       3.533030      10.612334       5.204020       3.766254       1.000000     541.499386       0.000000            0
# Jump frustrated.
       240       120.0000       1       1       7.319665       3.278920      10.598585       5.204020       3.181114       1.000000     541.499386       0.000000            0
       241       120.5000       1       1       7.555648       3.032698      10.588346       5.204020       2.601805       1.000000     541.499386       0.000000            0
       242       121.0000       1       1       7.638081       2.949241      10.587321       5.204021       2.433228       1.000000     541.499386       0.000000            0
       243       121.5000       1       1       7.538350       3.053874      10.592224       5.204020       2.629206       1.000000     541.499386       0.000000            0
# Jump frustrated.
       244       122.0000       1       1       7.318748       3.280373      10.599121       5.204021       2.892953       1.000000     541.499386       0.000000            0
       245       122.5000       1       1       7.070571       3.533445      10.604016       5.204021       3.066191       1.000000     541.499386       0.000000            0
# Jump frustrated.
       246       123.0000       1       1       6.865839       3.740844      10.606682       5.204021       3.116868       1.000000     541.499386       0.000000            1
# Jump frustrated.
       247       123.5000       1       1       6.740192       3.867069      10.607261       5.204021       3.080112       1.000000     541.499386       0.000000            0
       248       124.0000       1       1       6.699558       3.906721      10.606279       5.204021       3.022274       1.000000     541.499386       0.000000            0
# Jump frustrated.
       249       124.5000       1       1       6.729726       3.874127      10.603853       5.204021       2.963847       1.000000     541.499386       0.000000            0
# Jump frustrated.
       250       125.0000       1       1       6.795440       3.803541      10.598981       5.204020       2.862815       1.000000     541.499386       0.000000            0
       251       125.5000       1       1       6.836042       3.756830      10.592871       5.204020       2.735977       1.000000     541.499386       0.000000            0
# Jump frustrated.
       252       126.0000       1       1       6.774308       3.812883      10.587191       5.204020       2.712700       1.000000     541.499386       0.000000            0
# Jump frustrated.
       253       126.5000       1       1       6.533044       4.048101      10.581145       5.204020       3.003991       1.000000     541.499386       0.000000            1
       254       127.0000       1       1       6.068200       4.515839      10.584039       5.204020       3.897780       1.000000     541.499386       0.000000            0
# Jump frustrated.
       255       127.5000       1       1       5.497555       5.113330      10.610884       5.204020       5.220467       1.000000     541.499386       0.000000            0
# Jump frustrated.
       256       128.0000       1       1       5.193660       5.440933      10.634593       5.204021       5.973092       1.000000     541.499386       0.000000            0
       257       128.5000       1       1       5.443819       5.175404      10.619223       5.204021       5.484348       1.000000     541.499386       0.000000            0
# Jump frustrated.
       258       129.0000       1       1       6.057172       4.534316      10.591488       5.204021       4.273999       1.000000     541.499386       0.000000            0
# Jump frustrated.
       259       129.5000       1       1       6.616586       3.957377      10.573963       5.204022       3.348693       1.000000     541.499386       0.000000            0
# Jump frustrated.
       260       130.0000       1       1       6.846954       3.720706      10.567660       5.204022       2.828244       1.000000     541.499386       0.000000            0
# Jump frustrated.
       261       130.5000       1       1       6.665890       3.908797      10.574688       5.204022       2.516012       1.000000     541.499386       0.000000            0
       262       131.0000       1       1       6.117233       4.463107      10.580340       5.204022       2.929521       1.000000     541.499386       0.000000            1
# Jump frustrated.
       263       131.5000       1       1       5.368757       5.234780      10.603537       5.204022       4.048607       1.000000     541.499386       0.000000            0
# Jump frustrated.
       264       132.0000       1       1       4.780095       5.852616      10.632711       5.204022       5.066171       1.000000     541.499386       0.000000            0
# Jump frustrated.
       265       132.5000       1       1       4.715392       5.914690      10.630083       5.204022       4.985862       1.000000     541.499386       0.000000            0
# Jump frustrated.
       266       133.0000       1       1       5.136720       5.462731      10.599451       5.204021       3.875931       1.000000     541.499386       0.000000            0
# Jump frustrated.
       267       133.5000       1       1       5.665820       4.921501      10.587321       5.204021       2.812549       1.000000     541.499386       0.000000            0
       268       134.0000       1       1       6.049965       4.537845      10.587810       5.204022       2.434357       1.000000     541.499386       0.000000            0
       269       134.5000       1       1       6.264279       4.329616      10.593895       5.204022       2.460080       1.000000     541.499386       0.000000            0
       270       135.0000       1       1       6.378921       4.223529      10.602450       5.204021       2.581223       1.000000     541.499386       0.000000            0
# Jump frustrated.
       271       135.5000       1       1       6.481866       4.122424      10.604290       5.204021       2.680097       1.000000     541.499386       0.000000            1
# Jump frustrated.
       272       136.0000       1       1       6.605010       3.996200      10.601210       5.204021       2.712230       1.000000     541.499386       0.000000            0
       273       136.5000       1       1       6.711202       3.883677      10.594879       5.204021       2.715216       1.000000     541.499386       0.000000            0
       274       137.0000       1       1       6.722882       3.866030      10.588913       5.204021       2.902511       1.000000     541.499386       0.000000            0
       275       137.5000       1       1       6.584001       4.008656      10.592657       5.204022       3.545162       1.000000     541.499386       0.000000            0
# Jump frustrated.
       276       138.0000       1       1       6.373710       4.235985      10.609695       5.204022       4.498260       1.000000     541.499386       0.000000            0
# Jump frustrated.
       277       138.5000       1       1       6.341724       4.285188      10.626912       5.204022       5.085145       1.000000     541.499386       0.000000            0
       278       139.0000       1       1       6.693604       3.922499      10.616103       5.204022       4.662462       1.000000     541.499386       0.000000            0
# Jump frustrated.
       279       139.5000       1       1       7.293314       3.297189      10.590503       5.204023       3.435281       1.000000     541.499386       0.000000            0
# Jump frustrated.
       280       140.0000       1       1       7.798606       2.779419      10.578024       5.204024       2.462546       1.000000     541.499386       0.000000            0
# Jump frustrated.
       281       140.5000       1       1       8.024253       2.559356      10.583609       5.204024       2.346718       1.000000     541.499386       0.000000            1
       282       141.0000       1       1       7.998424       2.594026      10.592451       5.204024       2.769354       1.000000     541.499386       0.000000            0
# Jump frustrated.
       283       141.5000       1       1       7.833140       2.765924      10.599065       5.204025       3.272724       1.000000     541.499386       0.000000            0
       284       142.0000       1       1       7.628325       2.974776      10.603102       5.204025       3.716749       1.000000     541.499386       0.000000            0
# Jump frustrated.
       285       142.5000       1       1       7.456231       3.148543      10.604774       5.204025       3.874869       1.000000     541.499386       0.000000            0
       286       143.0000       1       1       7.330408       3.270615      10.601023       5.204025       3.790622       1.000000     541.499386       0.000000            0
# Jump frustrated.
       287       143.5000       1       1       7.214759       3.386252      10.601011       5.204024       3.386318       1.000000     541.499386       0.000000            0
# Jump frustrated.
       288       144.0000       1       1       7.038491       3.554829      10.593319       5.204024       2.833589       1.000000     541.499386       0.000000            0
       289       144.5000       1       1       6.717926       3.875165      10.593091       5.204023       2.609993       1.000000     541.499386       0.000000            1
# Jump frustrated.
       290       145.0000       1       1       6.260652       4.342902      10.603554       5.204023       2.907762       1.000000     541.499386       0.000000            0
# Jump frustrated.
       291       145.5000       1       1       5.816764       4.800052      10.616816       5.204023       3.322339       1.000000     541.499386       0.000000            0
# Jump frustrated.
       292       146.0000       1       1       5.562310       5.056238      10.618548       5.204023       3.331761       1.000000     541.499386       0.000000            0
       293       146.5000       1       1       5.525470       5.083642      10.609112       5.204023       2.922857       1.000000     541.499386       0.000000            0
       294       147.0000       1       1       5.587780       5.012848      10.600629       5.204022       2.460215       1.000000     541.499386       0.000000            0
       295       147.5000       1       1       5.627225       4.971535      10.598760       5.204023       2.270033       1.000000     541.499386       0.000000            0
# Jump frustrated.
       296       148.0000       1       1       5.607293       4.994371      10.601664       5.204023       2.342352       1.000000     541.499386       0.000000            0
# Jump frustrated.
       297       148.5000       1       1       5.560100       5.045235      10.605335       5.204023       2.481566       1.000000     541.499386       0.000000            0
# Jump frustrated.
       298       149.0000       1       1       5.532953       5.074715      10.607668       5.204024       2.580740       1.000000     541.499386       0.000000            0
# Jump frustrated.
       299       149.5000       1       1       5.552862       5.053539      10.606401       5.204024       2.577751       1.000000     541.499386       0.000000            1
       300       150.0000       1       1       5.606227       4.995825      10.602052       5.204023       2.451001       1.000000     541.499386       0.000000            0
       301       150.5000       1       1       5.644955       4.953473      10.598428       5.204023       2.258691       1.000000     541.499386       0.000000            0
       302       151.0000       1       1       5.622851       4.974441      10.597292       5.204024       2.105104       1.000000     541.499386       0.000000            0
       303       151.5000       1       1       5.517401       5.078659      10.596060       5.204024       2.054966       1.000000     541.499386       0.000000            0
# Jump frustrated.
       304       152.0000       1       1       5.327555       5.270073      10.597627       5.204024       2.284205       1.000000     541.499386       0.000000            0
# Jump frustrated.
       305       152.5000       1       1       5.102799       5.502799      10.605598       5.204024       2.819111       1.000000     541.499386       0.000000            0
# Jump frustrated.
       306       153.0000       1       1       4.969464       5.644802      10.614266       5.204023       3.265071       1.000000     541.499386       0.000000            0
# Jump frustrated.
       307       153.5000       1       1       5.042614       5.568403      10.611017       5.204022       3.172959       1.000000     541.499386       0.000000            0
       308       154.0000       1       1       5.277659       5.320106      10.597765       5.204021       2.635923       1.000000     541.499386       0.000000            0
       309       154.5000       1       1       5.495287       5.094022      10.589310       5.204021       2.381146       1.000000     541.499386       0.000000            1
       310       155.0000       1       1       5.566371       5.026343      10.592714       5.204021       2.909966       1.000000     541.499386       0.000000            0
# Jump frustrated.
       311       155.5000       1       1       5.522269       5.081566      10.603835       5.204021       3.664615       1.000000     541.499386       0.000000            0
       312       156.0000       1       1       5.499125       5.112084      10.611209       5.204021       4.062869       1.000000     541.499386       0.000000            0
# Jump frustrated.
       313       156.5000       1       1       5.589557       5.018661      10.608218       5.204023       3.958266       1.000000     541.499386       0.000000            0
# Jump frustrated.
       314       157.0000       1       1       5.769834       4.833061      10.602895       5.204023       3.562154       1.000000     541.499386       0.000000            0
# Jump frustrated.
       315       157.5000       1       1       5.968041       4.632098      10.600139       5.204023       3.167023       1.000000     541.499386       0.000000            0
# Jump frustrated.
       316       158.0000       1       1       6.143812       4.457294      10.601105       5.204022       2.956361       1.000000     541.499386       0.000000            0
       317       158.5000       1       1       6.305671       4.297852      10.603523       5.204023       2.877768       1.000000     541.499386       0.000000            0
# Jump frustrated.
       318       159.0000       1       1       6.484382       4.120141      10.604522       5.204023       2.822173       1.000000     541.499386       0.000000            1
# Jump frustrated.
       319       159.5000       1       1       6.698639       3.905683      10.604322       5.204022       2.727665       1.000000     541.499386       0.000000            0
# Jump frustrated.
       320       160.0000       1       1       6.941074       3.661746      10.602820       5.204022       2.615880       1.000000     541.499386       0.000000            0
       321       160.5000       1       1       7.190167       3.410957      10.601125       5.204022       2.524823       1.000000     541.499386       0.000000            0
# Jump frustrated.
       322       161.0000       1       1       7.422406       3.177815      10.600221       5.204022       2.473448       1.000000     541.499386       0.000000            0
       323       161.5000       1       1       7.624629       2.976229      10.600858       5.204022       2.512500       1.000000     541.499386       0.000000            0
       324       162.0000       1       1       7.808319       2.794574      10.602893       5.204021       2.640015       1.000000     541.499386       0.000000            0
       325       162.5000       1       1       8.005977       2.599839      10.605816       5.204022       2.795631       1.000000     541.499386       0.000000            0
# Jump frustrated.
       326       163.0000       1       1       8.238342       2.363791      10.602132       5.204022       2.988271       1.000000     541.499386       0.000000            0
# Jump frustrated.
       327       163.5000       1       1       8.476894       2.119023      10.595917       5.204023       3.102275       1.000000     541.499386       0.000000            0
       328       164.0000       1       1       8.651385       1.937367      10.588752       5.204024       3.008447       1.000000     541.499386       0.000000            1
       329       164.5000       1       1       8.728949       1.862421      10.591370       5.204024       2.442025       1.000000     541.499386       0.000000            0
# Jump frustrated.
       330       165.0000       1       1       8.649898       1.933838      10.583736       5.204025       2.038441       1.000000     541.499386       0.000000            0
# Jump frustrated.
       331       165.5000       1       1       8.339872       2.244002      10.583874       5.204025       1.888338       1.000000     541.499386       0.000000            0
# Jump frustrated.
       332       166.0000       1       1       7.815856       2.776097      10.591953       5.204024       2.167245       1.000000     541.499386       0.000000            0
       333       166.5000       1       1       7.207371       3.398708      10.606080       5.204024       2.604286       1.000000     541.499386       0.000000            0
# Jump frustrated.
       334       167.0000       1       1       6.680410       3.930804      10.611213       5.204024       2.840177       1.000000     541.499386       0.000000            0
# Jump frustrated.
       335       167.5000       1       1       6.304917       4.302004      10.606921       5.204024       2.808617       1.000000     541.499386       0.000000            0
# Jump frustrated.
       336       168.0000       1       1       6.032676       4.568571      10.601246       5.204024       2.725919       1.000000     541.499386       0.000000            0
# Jump frustrated.
       337       168.5000       1       1       5.784425       4.815415      10.599840       5.204024       2.790945       1.000000     541.499386       0.000000            0
       338       169.0000       1       1       5.530710       5.071808      10.602518       5.204024       2.933794       1.000000     541.499386       0.000000            1
       339       169.5000       1       1       5.292930       5.312424      10.605355       5.204025       3.041631       1.000000     541.499386       0.000000            0
# Jump frustrated.
       340       170.0000       1       1       5.103054       5.504045      10.607099       5.204025       3.077563       1.000000     541.499386       0.000000            0
       341       170.5000       1       1       4.979123       5.627778      10.606902       5.204025       3.016731       1.000000     541.499386       0.000000            0
# Jump frustrated.
       342       171.0000       1       1       4.914296       5.690060      10.604357       5.204024       2.862126       1.000000     541.499386       0.000000            0
# Jump frustrated.
       343       171.5000       1       1       4.873757       5.727429      10.601186       5.204023       2.653667       1.000000     541.499386       0.000000            0
       344       172.0000       1       1       4.815316       5.784314      10.599630       5.204023       2.482904       1.000000     541.499386       0.000000            0
# Jump frustrated.
       345       172.5000       1       1       4.719138       5.881681      10.600819       5.204024       2.421230       1.000000     541.499386       0.000000            0
# Jump frustrated.
       346       173.0000       1       1       4.600952       6.002508      10.603460       5.204025       2.467888       1.000000     541.499386       0.000000            0
# Jump frustrated.
       347       173.5000       1       1       4.502829       6.103612      10.606442       5.204025       2.546669       1.000000     541.499386       0.000000            0
# Jump frustrated.
       348       174.0000       1       1       4.474186       6.134338      10.608524       5.204025       2.573810       1.000000     541.499386       0.000000            1
# Jump frustrated.
       349       174.5000       1       1       4.551265       6.057731      10.608996       5.204025       2.522444       1.000000     541.499386       0.000000            0
       350       175.0000       1       1       4.745441       5.862374      10.607815       5.204024       2.425377       1.000000     541.499386       0.000000            0
# Jump frustrated.
       351       175.5000       1       1       5.044065       5.561344      10.605409       5.204023       2.274184       1.000000     541.499386       0.000000            0
# Jump frustrated.
       352       176.0000       1       1       5.405291       5.194504      10.599795       5.204023       2.062882       1.000000     541.499386       0.000000            0
# Jump frustrated.
       353       176.5000       1       1       5.747488       4.843857      10.591345       5.204022       1.915460       1.000000     541.499386       0.000000            0
       354       177.0000       1       1       5.962813       4.622341      10.585154       5.204022       2.227437       1.000000     541.499386       0.000000            0
# Jump frustrated.
       355       177.5000       1       1       5.995810       4.594106      10.589916       5.204022       3.158456       1.000000     541.499386       0.000000            0
# Jump frustrated.
       356       178.0000       1       1       5.941464       4.664070      10.605534       5.204023       4.234282       1.000000     541.499386       0.000000            0
# Jump frustrated.
       357       178.5000       1       1       6.023105       4.593276      10.616381       5.204023       4.770103       1.000000     541.499386       0.000000            1
       358       179.0000       1       1       6.366545       4.239099      10.605645       5.204023       4.421516       1.000000     541.499386       0.000000            0
# Jump frustrated.
       359       179.5000       1       1       6.840926       3.748940      10.589866       5.204024       3.657795       1.000000     541.499386       0.000000            0
# Jump frustrated.
       360       180.0000       1       1       7.230268       3.355319      10.585587       5.204024       3.045493       1.000000     541.499386       0.000000            0
# Jump frustrated.
       361       180.5000       1       1       7.438758       3.150619      10.589377       5.204024       2.836114       1.000000     541.499386       0.000000            0
       362       181.0000       1       1       7.498790       3.096226      10.595016       5.204023       2.876332       1.000000     541.499386       0.000000            0
       363       181.5000       1       1       7.485714       3.114495      10.600210       5.204023       2.980703       1.000000     541.499386       0.000000            0
       364       182.0000       1       1       7.464545       3.137747      10.602293       5.204023       3.080893       1.000000     541.499386       0.000000            0
# Jump frustrated.
       365       182.5000       1       1       7.473036       3.129858      10.602894       5.204022       3.155912       1.000000     541.499386       0.000000            1
# Jump frustrated.
       366       183.0000       1       1       7.530053       3.073389      10.603442       5.204022       3.218072       1.000000     541.499386       0.000000            0
# Jump frustrated.
       367       183.5000       1       1       7.648543       2.954431      10.602973       5.204022       3.238986       1.000000     541.499386       0.000000            0
       368       184.0000       1       1       7.829931       2.770492      10.600422       5.204023       3.187687       1.000000     541.499386       0.000000            0
       369       184.5000       1       1       8.052118       2.546277      10.598395       5.204024       2.975555       1.000000     541.499386       0.000000            0
# Jump frustrated.
       370       185.0000       1       1       8.278763       2.319155      10.597918       5.204024       2.646931       1.000000     541.499386       0.000000            0
       371       185.5000       1       1       8.480742       2.115701      10.596443       5.204024       2.283091       1.000000     541.499386       0.000000            0
       372       186.0000       1       1       8.623942       1.969338      10.593281       5.204025       1.954275       1.000000     541.499386       0.000000            0
# Jump frustrated.
       373       186.5000       1       1       8.655821       1.932592      10.588413       5.204025       1.736961       1.000000     541.499386       0.000000            0
# Jump frustrated.
       374       187.0000       1       1       8.510833       2.072311      10.583144       5.204025       1.725760       1.000000     541.499386       0.000000            0
       375       187.5000       1       1       8.127616       2.453892      10.581508       5.204026       2.095429       1.000000     541.499386       0.000000            1
# Jump frustrated.
       376       188.0000       1       1       7.501761       3.086053      10.587814       5.204025       2.938880       1.000000     541.499386       0.000000            0
# Jump frustrated.
       377       188.5000       1       1       6.777860       3.829077      10.606937       5.204025       3.858940       1.000000     541.499386       0.000000            0
# Jump frustrated.
       378       189.0000       1       1       6.225008       4.392936      10.617943       5.204025       4.197344       1.000000     541.499386       0.000000            0
       379       189.5000       1       1       5.986042       4.619849      10.605891       5.204026       3.646819       1.000000     541.499386       0.000000            0
# Jump frustrated.
       380       190.0000       1       1       5.908298       4.681716      10.590014       5.204026       2.902079       1.000000     541.499386       0.000000            0
# Jump frustrated.
       381       190.5000       1       1       5.758139       4.828701      10.586840       5.204027       2.811402       1.000000     541.499386       0.000000            0
       382       191.0000       1       1       5.454218       5.139281      10.593498       5.204027       3.191383       1.000000     541.499386       0.000000            1
# Jump frustrated.
       383       191.5000       1       1       5.052784       5.548473      10.601257       5.204027       3.567254       1.000000     541.499386       0.000000            0
# Jump frustrated.
       384       192.0000       1       1       4.646620       5.959533      10.606153       5.204026       3.754867       1.000000     541.499386       0.000000            0
       385       192.5000       1       1       4.306634       6.301876      10.608511       5.204026       3.716481       1.000000     541.499386       0.000000            0
# Jump frustrated.
       386       193.0000       1       1       4.067401       6.541247      10.608647       5.204026       3.510473       1.000000     541.499386       0.000000            0
# Jump frustrated.
       387       193.5000       1       1       3.930765       6.676606      10.607371       5.204026       3.195043       1.000000     541.499386       0.000000            0
# Jump frustrated.
       388       194.0000       1       1       3.874423       6.730791      10.605214       5.204026       2.814374       1.000000     541.499386       0.000000            0
       389       194.5000       1       1       3.865037       6.738265      10.603302       5.204025       2.440300       1.000000     541.499386       0.000000            0
# Jump frustrated.
       390       195.0000       1       1       3.878485       6.725186      10.603671       5.204025       2.153180       1.000000     541.499386       0.000000            0
# Jump frustrated.
       391       195.5000       1       1       3.914264       6.690931      10.605195       5.204026       1.994225       1.000000     541.499386       0.000000            1
# Jump frustrated.
       392       196.0000       1       1       3.990649       6.615985      10.606634       5.204026       1.933672       1.000000     541.499386       0.000000            0
       393       196.5000       1       1       4.125950       6.480833      10.606783       5.204026       1.881623       1.000000     541.499386       0.000000            0
# Jump frustrated.
       394       197.0000       1       1       4.319060       6.285476      10.604535       5.204025       1.759488       1.000000     541.499386       0.000000            0
       395       197.5000       1       1       4.538994       6.061053      10.600047       5.204024       1.542354       1.000000     541.499386       0.000000            0
# Jump frustrated.
       396       198.0000       1       1       4.724845       5.869432      10.594277       5.204025       1.290800       1.000000     541.499386       0.000000            0
# Jump frustrated.
       397       198.5000       1       1       4.799760       5.789919      10.589679       5.204026       1.306471       1.000000     541.499386       0.000000            0
       398       199.0000       1       1       4.709108       5.880851      10.589959       5.204027       1.900852       1.000000     541.499386       0.000000            0
       399       199.5000       1       1       4.472023       6.124996      10.597019       5.204027       2.803644       1.000000     541.499386       0.000000            1
       400       200.0000       1       1       4.208949       6.400282      10.609231       5.204026       3.585007       1.000000     541.499386       0.000000            0
