#===============================================================================================================================================================================
#     Step |         Time |         State |                                     Energy |      Angular |     Gradient |      Density |           Expectation Value |    Runtime |
#          |              |  diag |   MCH |          kin |          pot |          tot |     Momentum |          RMS |        Total |           DM |            S |            |
#          |         [fs] |       |       |         [eV] |         [eV] |         [eV] |       [hbar] |     [eV/Ang] |              |      [Debye] |              |      [sec] |
#===============================================================================================================================================================================
         0         0.0000       2       2       0.053577       9.794647       9.848223       0.000193       1.594537       1.000000     541.499386       0.000000            3
         1         0.5000       2       2       0.073493       9.774509       9.848001       0.000193       1.578053       1.000000     541.499386       0.000000            2
         2         1.0000       2       2       0.098567       9.749388       9.847956       0.000193       1.546332       1.000000     541.499386       0.000000            0
         3         1.5000       2       2       0.126391       9.721569       9.847960       0.000193       1.501515       1.000000     541.499386       0.000000            0
         4         2.0000       2       2       0.157117       9.691051       9.848168       0.000193       1.439937       1.000000     541.499386       0.000000            1
# Jump frustrated.
         5         2.5000       2       2       0.192330       9.655758       9.848087       0.000193       1.353571       1.000000     541.499386       0.000000            0
         6         3.0000       2       2       0.233078       9.614859       9.847937       0.000193       1.234055       1.000000     541.499386       0.000000            0
         7         3.5000       2       2       0.278136       9.569601       9.847737       0.000193       1.078162       1.000000     541.499386       0.000000            0
# Jump frustrated.
         8         4.0000       2       2       0.323398       9.523928       9.847326       0.000193       0.887651       1.000000     541.499386       0.000000            0
         9         4.5000       2       2       0.362971       9.483860       9.846831       0.000193       0.685202       1.000000     541.499386       0.000000            0
# Jump frustrated.
        10         5.0000       2       2       0.391415       9.455418       9.846832       0.000192       0.509162       1.000000     541.499386       0.000000            0
        11         5.5000       2       2       0.405495       9.441300       9.846796       0.000192       0.418656       1.000000     541.499386       0.000000            1
        12         6.0000       2       2       0.404955       9.442131       9.847086       0.000193       0.460789       1.000000     541.499386       0.000000            0
        13         6.5000       2       2       0.392677       9.454587       9.847265       0.000193       0.588835       1.000000     541.499386       0.000000            0
        14         7.0000       2       2       0.374170       9.473687       9.847857       0.000192       0.735275       1.000000     541.499386       0.000000            0
        15         7.5000       2       2       0.356389       9.491956       9.848345       0.000192       0.860261       1.000000     541.499386       0.000000            0
        16         8.0000       2       2       0.346127       9.502544       9.848671       0.000193       0.943469       1.000000     541.499386       0.000000            0
        17         8.5000       2       2       0.348401       9.500261       9.848662       0.000193       0.973986       1.000000     541.499386       0.000000            0
# Jump frustrated.
        18         9.0000       2       2       0.365037       9.483652       9.848690       0.000193       0.958073       1.000000     541.499386       0.000000            1
        19         9.5000       2       2       0.394478       9.453964       9.848443       0.000193       0.909992       1.000000     541.499386       0.000000            0
        20        10.0000       2       2       0.433189       9.414934       9.848123       0.000193       0.853448       1.000000     541.499386       0.000000            0
# Surface Hop/Pointer State Switch: new state=      1 old state=      2 randnum=  0.404644113 gap= -7.742058 eV
        21        10.5000       1       1       8.219675       1.628449       9.848123      15.658015       2.929825       1.000000     541.499386       0.000000            0
# Jump frustrated.
        22        11.0000       1       1       7.911640       1.947540       9.859180      15.658015       3.170232       1.000000     541.499386       0.000000            0
        23        11.5000       1       1       7.369785       2.501434       9.871219      15.658014       3.474037       1.000000     541.499386       0.000000            0
# Surface Hop/Pointer State Switch: new state=      2 old state=      1 randnum=  0.029989422 gap=  6.408602 eV
        24        12.0000       2       2       0.326945       9.544273       9.871219       1.738796       2.013704       1.000000     541.499386       0.000000            0
# Jump frustrated.
        25        12.5000       2       2       0.469508       9.399156       9.868664       1.738796       1.704554       1.000000     541.499386       0.000000            1
        26        13.0000       2       2       0.626201       9.240753       9.866954       1.738796       1.425107       1.000000     541.499386       0.000000            0
        27        13.5000       2       2       0.768282       9.097919       9.866201       1.738796       1.245458       1.000000     541.499386       0.000000            0
# Jump frustrated.
        28        14.0000       2       2       0.881367       8.984774       9.866141       1.738796       1.175508       1.000000     541.499386       0.000000            0
# Jump frustrated.
        29        14.5000       2       2       0.958508       8.906714       9.865222       1.738797       1.177993       1.000000     541.499386       0.000000            0
        30        15.0000       2       2       0.993555       8.871213       9.864768       1.738797       1.235713       1.000000     541.499386       0.000000            0
        31        15.5000       2       2       0.980370       8.883877       9.864247       1.738797       1.382644       1.000000     541.499386       0.000000            1
# Jump frustrated.
        32        16.0000       2       2       0.920360       8.945121       9.865481       1.738797       1.672968       1.000000     541.499386       0.000000            0
# Jump frustrated.
        33        16.5000       2       2       0.839304       9.029825       9.869128       1.738797       2.071124       1.000000     541.499386       0.000000            0
# Jump frustrated.
        34        17.0000       2       2       0.796261       9.077782       9.874043       1.738798       2.404470       1.000000     541.499386       0.000000            0
        35        17.5000       2       2       0.856756       9.018406       9.875162       1.738798       2.442311       1.000000     541.499386       0.000000            0
# Surface Hop/Pointer State Switch: new state=      1 old state=      2 randnum=  0.509215734 gap= -4.729481 eV
        36        18.0000       1       1       5.767478       4.107684       9.875162      21.918679       3.541947       1.000000     541.499386       0.000000            0
# Surface Hop/Pointer State Switch: new state=      2 old state=      1 randnum=  0.352054055 gap=  4.249080 eV
        37        18.5000       2       2       1.389474       8.485688       9.875162       2.969189       1.028803       1.000000     541.499386       0.000000            0
# Surface Hop/Pointer State Switch: new state=      1 old state=      2 randnum=  0.150389328 gap= -3.999537 eV
        38        19.0000       1       1       5.492814       4.382348       9.875162      21.077597       2.970345       1.000000     541.499386       0.000000            1
        39        19.5000       1       1       4.951696       4.936449       9.888145      21.077597       3.182747       1.000000     541.499386       0.000000            0
# Surface Hop/Pointer State Switch: new state=      2 old state=      1 randnum=  0.624394660 gap=  3.036451 eV
        40        20.0000       2       2       1.284329       8.603816       9.888145       5.530111       1.995167       1.000000     541.499386       0.000000            0
# Jump frustrated.
        41        20.5000       2       2       1.275158       8.614404       9.889562       5.530111       2.162224       1.000000     541.499386       0.000000            0
# Jump frustrated.
        42        21.0000       2       2       1.321371       8.569561       9.890932       5.530111       2.304661       1.000000     541.499386       0.000000            0
# Surface Hop/Pointer State Switch: new state=      1 old state=      2 randnum=  0.583197883 gap= -2.398684 eV
        43        21.5000       1       1       3.843789       6.047143       9.890932      19.422708       3.088040       1.000000     541.499386       0.000000            0
# Jump frustrated.
        44        22.0000       1       1       3.395107       6.497857       9.892964      19.422708       2.947395       1.000000     541.499386       0.000000            1
        45        22.5000       1       1       3.092259       6.800755       9.893013      19.422708       2.783038       1.000000     541.499386       0.000000            0
# Jump frustrated.
        46        23.0000       1       1       2.931298       6.960819       9.892117      19.422708       2.579268       1.000000     541.499386       0.000000            0
# Jump frustrated.
        47        23.5000       1       1       2.889168       7.000264       9.889432      19.422708       2.377628       1.000000     541.499386       0.000000            0
# Jump frustrated.
        48        24.0000       1       1       2.933234       6.953968       9.887202      19.422708       2.221244       1.000000     541.499386       0.000000            0
        49        24.5000       1       1       3.033535       6.851826       9.885361      19.422709       2.135555       1.000000     541.499386       0.000000            0
# Jump frustrated.
        50        25.0000       1       1       3.169908       6.715013       9.884921      19.422710       2.143126       1.000000     541.499386       0.000000            1
# Jump frustrated.
        51        25.5000       1       1       3.337243       6.548305       9.885548      19.422710       2.241715       1.000000     541.499386       0.000000            0
# Jump frustrated.
        52        26.0000       1       1       3.546862       6.340076       9.886938      19.422710       2.378629       1.000000     541.499386       0.000000            0
        53        26.5000       1       1       3.812927       6.073302       9.886229      19.422711       2.476851       1.000000     541.499386       0.000000            0
        54        27.0000       1       1       4.122337       5.758570       9.880908      19.422710       2.459157       1.000000     541.499386       0.000000            0
# Jump frustrated.
        55        27.5000       1       1       4.417942       5.457334       9.875276      19.422711       2.315107       1.000000     541.499386       0.000000            0
# Jump frustrated.
        56        28.0000       1       1       4.630139       5.243084       9.873222      19.422710       2.229659       1.000000     541.499386       0.000000            0
        57        28.5000       1       1       4.736495       5.140941       9.877436      19.422710       2.423107       1.000000     541.499386       0.000000            1
# Jump frustrated.
        58        29.0000       1       1       4.797929       5.087794       9.885723      19.422709       2.795637       1.000000     541.499386       0.000000            0
# Jump frustrated.
        59        29.5000       1       1       4.913901       4.973403       9.887304      19.422710       3.012844       1.000000     541.499386       0.000000            0
# Jump frustrated.
        60        30.0000       1       1       5.114258       4.767873       9.882131      19.422710       3.013574       1.000000     541.499386       0.000000            0
# Jump frustrated.
        61        30.5000       1       1       5.333731       4.540544       9.874274      19.422710       3.039656       1.000000     541.499386       0.000000            0
# Jump frustrated.
        62        31.0000       1       1       5.496845       4.379234       9.876079      19.422710       3.215897       1.000000     541.499386       0.000000            0
# Jump frustrated.
        63        31.5000       1       1       5.592062       4.286433       9.878496      19.422710       3.457581       1.000000     541.499386       0.000000            1
# Jump frustrated.
        64        32.0000       1       1       5.647796       4.232041       9.879836      19.422710       3.330802       1.000000     541.499386       0.000000            0
        65        32.5000       1       1       5.641435       4.230380       9.871815      19.422710       2.990026       1.000000     541.499386       0.000000            0
        66        33.0000       1       1       5.513886       4.358680       9.872566      19.422710       2.640377       1.000000     541.499386       0.000000            0
# Jump frustrated.
        67        33.5000       1       1       5.264525       4.613206       9.877731      19.422710       2.327584       1.000000     541.499386       0.000000            0
# Jump frustrated.
        68        34.0000       1       1       4.939668       4.940601       9.880269      19.422710       2.141438       1.000000     541.499386       0.000000            0
# Jump frustrated.
        69        34.5000       1       1       4.585134       5.298099       9.883234      19.422710       2.083369       1.000000     541.499386       0.000000            0
# Jump frustrated.
        70        35.0000       1       1       4.252667       5.634007       9.886674      19.422710       2.087953       1.000000     541.499386       0.000000            1
# Jump frustrated.
        71        35.5000       1       1       3.988423       5.899743       9.888166      19.422710       2.117851       1.000000     541.499386       0.000000            0
# Jump frustrated.
        72        36.0000       1       1       3.817140       6.071641       9.888781      19.422710       2.188409       1.000000     541.499386       0.000000            0
# Jump frustrated.
        73        36.5000       1       1       3.751687       6.137245       9.888932      19.422711       2.262722       1.000000     541.499386       0.000000            0
        74        37.0000       1       1       3.796206       6.091571       9.887777      19.422712       2.279927       1.000000     541.499386       0.000000            0
# Jump frustrated.
        75        37.5000       1       1       3.930447       5.953720       9.884167      19.422713       2.197531       1.000000     541.499386       0.000000            1
# Jump frustrated.
        76        38.0000       1       1       4.103531       5.776632       9.880163      19.422713       2.041358       1.000000     541.499386       0.000000            0
# Jump frustrated.
        77        38.5000       1       1       4.265230       5.613869       9.879099      19.422713       1.930228       1.000000     541.499386       0.000000            0
# Jump frustrated.
        78        39.0000       1       1       4.373748       5.499270       9.873018      19.422713       1.744936       1.000000     541.499386       0.000000            0
# Jump frustrated.
        79        39.5000       1       1       4.356876       5.510273       9.867149      19.422713       1.566267       1.000000     541.499386       0.000000            0
# Jump frustrated.
        80        40.0000       1       1       4.125483       5.733035       9.858518      19.422713       1.758658       1.000000     541.499386       0.000000            0
        81        40.5000       1       1       3.621619       6.241048       9.862666      19.422712       2.655651       1.000000     541.499386       0.000000            0
# Jump frustrated.
        82        41.0000       1       1       2.966800       6.919921       9.886721      19.422712       3.752427       1.000000     541.499386       0.000000            0
        83        41.5000       1       1       2.502162       7.403228       9.905391      19.422712       4.349860       1.000000     541.499386       0.000000            1
# Jump frustrated.
        84        42.0000       1       1       2.489177       7.409664       9.898841      19.422712       4.152201       1.000000     541.499386       0.000000            0
# Jump frustrated.
        85        42.5000       1       1       2.850024       7.028914       9.878938      19.422712       3.444776       1.000000     541.499386       0.000000            0
# Jump frustrated.
        86        43.0000       1       1       3.302524       6.564499       9.867022      19.422712       2.746487       1.000000     541.499386       0.000000            0
# Jump frustrated.
        87        43.5000       1       1       3.636004       6.229214       9.865218      19.422711       2.292226       1.000000     541.499386       0.000000            0
# Jump frustrated.
        88        44.0000       1       1       3.779844       6.086796       9.866640      19.422711       2.067775       1.000000     541.499386       0.000000            0
        89        44.5000       1       1       3.737963       6.131639       9.869602      19.422712       2.068230       1.000000     541.499386       0.000000            0
        90        45.0000       1       1       3.556324       6.319315       9.875640      19.422712       2.200385       1.000000     541.499386       0.000000            1
        91        45.5000       1       1       3.314572       6.566782       9.881354      19.422712       2.324059       1.000000     541.499386       0.000000            0
# Jump frustrated.
        92        46.0000       1       1       3.087124       6.797018       9.884141      19.422711       2.395855       1.000000     541.499386       0.000000            0
# Jump frustrated.
        93        46.5000       1       1       2.919816       6.965594       9.885410      19.422711       2.455545       1.000000     541.499386       0.000000            0
        94        47.0000       1       1       2.837585       7.048637       9.886221      19.422711       2.511878       1.000000     541.499386       0.000000            0
        95        47.5000       1       1       2.855853       7.030990       9.886843      19.422711       2.556558       1.000000     541.499386       0.000000            0
        96        48.0000       1       1       2.983638       6.903105       9.886743      19.422711       2.566534       1.000000     541.499386       0.000000            1
# Jump frustrated.
        97        48.5000       1       1       3.219952       6.665810       9.885762      19.422712       2.519737       1.000000     541.499386       0.000000            0
# Jump frustrated.
        98        49.0000       1       1       3.548192       6.335301       9.883493      19.422712       2.404986       1.000000     541.499386       0.000000            0
# Jump frustrated.
        99        49.5000       1       1       3.934166       5.946662       9.880828      19.422712       2.217214       1.000000     541.499386       0.000000            0
# Jump frustrated.
       100        50.0000       1       1       4.337872       5.540584       9.878455      19.422712       1.992604       1.000000     541.499386       0.000000            0
       101        50.5000       1       1       4.715318       5.158588       9.873906      19.422711       1.693304       1.000000     541.499386       0.000000            0
# Jump frustrated.
       102        51.0000       1       1       5.006987       4.861918       9.868905      19.422711       1.456672       1.000000     541.499386       0.000000            0
# Jump frustrated.
       103        51.5000       1       1       5.151638       4.714103       9.865741      19.422711       1.492951       1.000000     541.499386       0.000000            0
       104        52.0000       1       1       5.113795       4.752302       9.866097      19.422710       2.021711       1.000000     541.499386       0.000000            1
# Jump frustrated.
       105        52.5000       1       1       4.935611       4.941432       9.877043      19.422710       2.837729       1.000000     541.499386       0.000000            0
# Jump frustrated.
       106        53.0000       1       1       4.779655       5.110631       9.890286      19.422711       3.383222       1.000000     541.499386       0.000000            0
       107        53.5000       1       1       4.809726       5.078037       9.887763      19.422710       3.258136       1.000000     541.499386       0.000000            0
# Jump frustrated.
       108        54.0000       1       1       4.994391       4.878735       9.873125      19.422710       2.543139       1.000000     541.499386       0.000000            0
# Jump frustrated.
       109        54.5000       1       1       5.150420       4.714933       9.865353      19.422711       1.783286       1.000000     541.499386       0.000000            0
       110        55.0000       1       1       5.138103       4.725106       9.863209      19.422711       1.432456       1.000000     541.499386       0.000000            0
       111        55.5000       1       1       4.921387       4.947867       9.869254      19.422711       1.533313       1.000000     541.499386       0.000000            0
# Jump frustrated.
       112        56.0000       1       1       4.549383       5.324673       9.874056      19.422710       1.744792       1.000000     541.499386       0.000000            1
       113        56.5000       1       1       4.102014       5.776840       9.878854      19.422710       1.896045       1.000000     541.499386       0.000000            0
# Jump frustrated.
       114        57.0000       1       1       3.629003       6.249352       9.878355      19.422709       2.053905       1.000000     541.499386       0.000000            0
       115        57.5000       1       1       3.159088       6.722072       9.881160      19.422709       2.290043       1.000000     541.499386       0.000000            0
# Jump frustrated.
       116        58.0000       1       1       2.741444       7.144343       9.885787      19.422709       2.532876       1.000000     541.499386       0.000000            0
# Jump frustrated.
       117        58.5000       1       1       2.444372       7.444127       9.888499      19.422709       2.653814       1.000000     541.499386       0.000000            0
       118        59.0000       1       1       2.316495       7.572843       9.889338      19.422708       2.649997       1.000000     541.499386       0.000000            0
       119        59.5000       1       1       2.373352       7.514713       9.888065      19.422707       2.563673       1.000000     541.499386       0.000000            1
# Jump frustrated.
       120        60.0000       1       1       2.597187       7.287176       9.884364      19.422706       2.440866       1.000000     541.499386       0.000000            0
       121        60.5000       1       1       2.933855       6.944833       9.878688      19.422706       2.387596       1.000000     541.499386       0.000000            0
       122        61.0000       1       1       3.306083       6.568028       9.874111      19.422706       2.514435       1.000000     541.499386       0.000000            0
# Jump frustrated.
       123        61.5000       1       1       3.646462       6.226100       9.872562      19.422707       2.789092       1.000000     541.499386       0.000000            0
# Jump frustrated.
       124        62.0000       1       1       3.924793       5.948323       9.873115      19.422706       3.101531       1.000000     541.499386       0.000000            0
       125        62.5000       1       1       4.129699       5.740509       9.870207      19.422706       3.303871       1.000000     541.499386       0.000000            1
       126        63.0000       1       1       4.247831       5.623626       9.871457      19.422706       3.475605       1.000000     541.499386       0.000000            0
# Jump frustrated.
       127        63.5000       1       1       4.292893       5.580859       9.873752      19.422706       3.660844       1.000000     541.499386       0.000000            0
# Jump frustrated.
       128        64.0000       1       1       4.329864       5.551587       9.881451      19.422705       3.930610       1.000000     541.499386       0.000000            0
       129        64.5000       1       1       4.465746       5.417058       9.882804      19.422705       4.084758       1.000000     541.499386       0.000000            0
# Jump frustrated.
       130        65.0000       1       1       4.750798       5.130146       9.880944      19.422706       3.899191       1.000000     541.499386       0.000000            0
# Jump frustrated.
       131        65.5000       1       1       5.148907       4.725936       9.874843      19.422707       3.475958       1.000000     541.499386       0.000000            1
       132        66.0000       1       1       5.531232       4.328370       9.859602      19.422707       2.888725       1.000000     541.499386       0.000000            0
# Jump frustrated.
       133        66.5000       1       1       5.740781       4.119933       9.860714      19.422706       2.558632       1.000000     541.499386       0.000000            0
       134        67.0000       1       1       5.737679       4.124500       9.862179      19.422707       2.346112       1.000000     541.499386       0.000000            0
       135        67.5000       1       1       5.546011       4.320066       9.866077      19.422707       2.212201       1.000000     541.499386       0.000000            0
# Jump frustrated.
       136        68.0000       1       1       5.216271       4.654935       9.871206      19.422707       2.207313       1.000000     541.499386       0.000000            0
# Jump frustrated.
       137        68.5000       1       1       4.832018       5.045442       9.877460      19.422708       2.170548       1.000000     541.499386       0.000000            1
# Jump frustrated.
       138        69.0000       1       1       4.476186       5.404602       9.880787      19.422708       2.112733       1.000000     541.499386       0.000000            0
       139        69.5000       1       1       4.196680       5.685078       9.881757      19.422708       2.077042       1.000000     541.499386       0.000000            0
# Jump frustrated.
       140        70.0000       1       1       4.013102       5.869017       9.882119      19.422707       2.062409       1.000000     541.499386       0.000000            0
# Jump frustrated.
       141        70.5000       1       1       3.929985       5.952060       9.882044      19.422707       2.078479       1.000000     541.499386       0.000000            0
# Jump frustrated.
       142        71.0000       1       1       3.941291       5.939603       9.880894      19.422707       2.111148       1.000000     541.499386       0.000000            0
       143        71.5000       1       1       4.029506       5.849087       9.878593      19.422706       2.135468       1.000000     541.499386       0.000000            0
# Jump frustrated.
       144        72.0000       1       1       4.163593       5.712482       9.876075      19.422706       2.150241       1.000000     541.499386       0.000000            0
       145        72.5000       1       1       4.303802       5.569856       9.873658      19.422706       2.164223       1.000000     541.499386       0.000000            1
       146        73.0000       1       1       4.410912       5.460240       9.871152      19.422706       2.201814       1.000000     541.499386       0.000000            0
       147        73.5000       1       1       4.452126       5.417473       9.869599      19.422706       2.270941       1.000000     541.499386       0.000000            0
# Jump frustrated.
       148        74.0000       1       1       4.408362       5.461070       9.869432      19.422707       2.376694       1.000000     541.499386       0.000000            0
# Jump frustrated.
       149        74.5000       1       1       4.278864       5.590824       9.869689      19.422707       2.514635       1.000000     541.499386       0.000000            0
# Jump frustrated.
       150        75.0000       1       1       4.080017       5.790542       9.870559      19.422707       2.601694       1.000000     541.499386       0.000000            0
       151        75.5000       1       1       3.836514       6.034895       9.871409      19.422707       2.576509       1.000000     541.499386       0.000000            1
# Jump frustrated.
       152        76.0000       1       1       3.582396       6.292742       9.875138      19.422707       2.587227       1.000000     541.499386       0.000000            0
# Jump frustrated.
       153        76.5000       1       1       3.382527       6.498064       9.880591      19.422707       2.757716       1.000000     541.499386       0.000000            0
       154        77.0000       1       1       3.313442       6.568443       9.881885      19.422706       2.853047       1.000000     541.499386       0.000000            0
# Jump frustrated.
       155        77.5000       1       1       3.390656       6.486231       9.876887      19.422706       2.599929       1.000000     541.499386       0.000000            0
# Jump frustrated.
       156        78.0000       1       1       3.537756       6.332602       9.870358      19.422706       2.123674       1.000000     541.499386       0.000000            1
# Jump frustrated.
       157        78.5000       1       1       3.641570       6.222778       9.864348      19.422706       1.723509       1.000000     541.499386       0.000000            0
# Jump frustrated.
       158        79.0000       1       1       3.624609       6.241671       9.866280      19.422706       1.647676       1.000000     541.499386       0.000000            0
       159        79.5000       1       1       3.492900       6.378276       9.871175      19.422706       1.813635       1.000000     541.499386       0.000000            0
# Jump frustrated.
       160        80.0000       1       1       3.308595       6.567405       9.876000      19.422705       2.024673       1.000000     541.499386       0.000000            0
# Jump frustrated.
       161        80.5000       1       1       3.141414       6.738888       9.880302      19.422705       2.186192       1.000000     541.499386       0.000000            0
# Jump frustrated.
       162        81.0000       1       1       3.047892       6.834594       9.882486      19.422705       2.264745       1.000000     541.499386       0.000000            0
# Jump frustrated.
       163        81.5000       1       1       3.058717       6.824007       9.882724      19.422705       2.279970       1.000000     541.499386       0.000000            1
       164        82.0000       1       1       3.178759       6.702972       9.881731      19.422706       2.248868       1.000000     541.499386       0.000000            0
       165        82.5000       1       1       3.391827       6.487684       9.879511      19.422706       2.184016       1.000000     541.499386       0.000000            0
# Jump frustrated.
       166        83.0000       1       1       3.662785       6.213021       9.875806      19.422705       2.095343       1.000000     541.499386       0.000000            0
# Jump frustrated.
       167        83.5000       1       1       3.939552       5.931922       9.871473      19.422705       1.998581       1.000000     541.499386       0.000000            0
# Jump frustrated.
       168        84.0000       1       1       4.162115       5.705838       9.867954      19.422704       1.931902       1.000000     541.499386       0.000000            0
# Jump frustrated.
       169        84.5000       1       1       4.279278       5.586880       9.866158      19.422704       1.954641       1.000000     541.499386       0.000000            0
# Jump frustrated.
       170        85.0000       1       1       4.267040       5.600167       9.867207      19.422705       2.102539       1.000000     541.499386       0.000000            0
       171        85.5000       1       1       4.139990       5.730751       9.870741      19.422704       2.333614       1.000000     541.499386       0.000000            0
# Jump frustrated.
       172        86.0000       1       1       3.948643       5.926732       9.875374      19.422705       2.651063       1.000000     541.499386       0.000000            1
# Jump frustrated.
       173        86.5000       1       1       3.770114       6.110879       9.880993      19.422705       2.994915       1.000000     541.499386       0.000000            0
# Jump frustrated.
       174        87.0000       1       1       3.687990       6.195582       9.883572      19.422705       3.160074       1.000000     541.499386       0.000000            0
       175        87.5000       1       1       3.734084       6.144511       9.878595      19.422705       2.995950       1.000000     541.499386       0.000000            0
# Jump frustrated.
       176        88.0000       1       1       3.843578       6.027213       9.870792      19.422705       2.640467       1.000000     541.499386       0.000000            0
# Jump frustrated.
       177        88.5000       1       1       3.909240       5.958080       9.867320      19.422705       2.383587       1.000000     541.499386       0.000000            1
# Jump frustrated.
       178        89.0000       1       1       3.875935       5.993996       9.869932      19.422705       2.368514       1.000000     541.499386       0.000000            0
# Jump frustrated.
       179        89.5000       1       1       3.768703       6.106104       9.874807      19.422705       2.472918       1.000000     541.499386       0.000000            0
# Jump frustrated.
       180        90.0000       1       1       3.650528       6.228176       9.878704      19.422705       2.555062       1.000000     541.499386       0.000000            0
# Jump frustrated.
       181        90.5000       1       1       3.577873       6.303122       9.880995      19.422705       2.565902       1.000000     541.499386       0.000000            0
# Jump frustrated.
       182        91.0000       1       1       3.581054       6.300216       9.881270      19.422705       2.506032       1.000000     541.499386       0.000000            0
# Jump frustrated.
       183        91.5000       1       1       3.664728       6.215720       9.880447      19.422705       2.401462       1.000000     541.499386       0.000000            0
# Jump frustrated.
       184        92.0000       1       1       3.817150       6.061883       9.879033      19.422706       2.245634       1.000000     541.499386       0.000000            0
# Jump frustrated.
       185        92.5000       1       1       4.017372       5.860090       9.877462      19.422706       2.060010       1.000000     541.499386       0.000000            1
# Jump frustrated.
       186        93.0000       1       1       4.243117       5.633591       9.876709      19.422706       1.883387       1.000000     541.499386       0.000000            0
       187        93.5000       1       1       4.475983       5.399411       9.875395      19.422706       1.733384       1.000000     541.499386       0.000000            0
# Jump frustrated.
       188        94.0000       1       1       4.698262       5.176027       9.874289      19.422706       1.596569       1.000000     541.499386       0.000000            0
       189        94.5000       1       1       4.889994       4.983368       9.873362      19.422707       1.490138       1.000000     541.499386       0.000000            0
       190        95.0000       1       1       5.032730       4.838874       9.871604      19.422707       1.433236       1.000000     541.499386       0.000000            0
# Jump frustrated.
       191        95.5000       1       1       5.107246       4.763513       9.870759      19.422707       1.451994       1.000000     541.499386       0.000000            0
       192        96.0000       1       1       5.098970       4.771610       9.870580      19.422707       1.648127       1.000000     541.499386       0.000000            0
# Jump frustrated.
       193        96.5000       1       1       5.005187       4.865033       9.870219      19.422707       2.077305       1.000000     541.499386       0.000000            1
# Jump frustrated.
       194        97.0000       1       1       4.834576       5.036515       9.871092      19.422707       2.752730       1.000000     541.499386       0.000000            0
# Jump frustrated.
       195        97.5000       1       1       4.638333       5.239762       9.878095      19.422707       3.476112       1.000000     541.499386       0.000000            0
# Jump frustrated.
       196        98.0000       1       1       4.525756       5.357475       9.883231      19.422707       3.832966       1.000000     541.499386       0.000000            0
       197        98.5000       1       1       4.564248       5.313047       9.877295      19.422707       3.622965       1.000000     541.499386       0.000000            0
# Jump frustrated.
       198        99.0000       1       1       4.678954       5.188068       9.867022      19.422708       3.183667       1.000000     541.499386       0.000000            0
# Jump frustrated.
       199        99.5000       1       1       4.723931       5.137827       9.861758      19.422708       3.104883       1.000000     541.499386       0.000000            1
       200       100.0000       1       1       4.608639       5.253879       9.862518      19.422709       3.534802       1.000000     541.499386       0.000000            0
# Surface Hop/Pointer State Switch: new state=      2 old state=      1 randnum=  0.910515271 gap=  1.407156 eV
       201       100.5000       2       2       2.925989       6.936529       9.862518      18.967532       4.651832       1.000000     541.499386       0.000000            0
# Jump frustrated.
       202       101.0000       2       2       2.589011       7.279910       9.868921      18.967532       5.435807       1.000000     541.499386       0.000000            0
       203       101.5000       2       2       2.338267       7.534643       9.872910      18.967532       6.128817       1.000000     541.499386       0.000000            0
# Jump frustrated.
       204       102.0000       2       2       2.247586       7.627651       9.875237      18.967533       6.599491       1.000000     541.499386       0.000000            0
       205       102.5000       2       2       2.353090       7.520734       9.873824      18.967533       6.715687       1.000000     541.499386       0.000000            1
# Jump frustrated.
       206       103.0000       2       2       2.633032       7.234860       9.867891      18.967534       6.354117       1.000000     541.499386       0.000000            0
       207       103.5000       2       2       2.994151       6.864905       9.859056      18.967534       5.298155       1.000000     541.499386       0.000000            0
       208       104.0000       2       2       3.312070       6.543738       9.855808      18.967534       4.146288       1.000000     541.499386       0.000000            0
       209       104.5000       2       2       3.523834       6.334263       9.858097      18.967535       3.400851       1.000000     541.499386       0.000000            0
# Surface Hop/Pointer State Switch: new state=      1 old state=      2 randnum=  0.414088855 gap= -1.159482 eV
       210       105.0000       1       1       4.807464       5.050633       9.858097      14.919158       3.976144       1.000000     541.499386       0.000000            0
# Jump frustrated.
       211       105.5000       1       1       5.218370       4.637703       9.856074      14.919157       3.275891       1.000000     541.499386       0.000000            0
# Jump frustrated.
       212       106.0000       1       1       5.651867       4.197993       9.849860      14.919157       2.454756       1.000000     541.499386       0.000000            0
       213       106.5000       1       1       5.996091       3.842363       9.838455      14.919157       1.606922       1.000000     541.499386       0.000000            1
# Jump frustrated.
       214       107.0000       1       1       6.126327       3.710741       9.837068      14.919156       1.191721       1.000000     541.499386       0.000000            0
       215       107.5000       1       1       6.011089       3.831775       9.842865      14.919156       1.443677       1.000000     541.499386       0.000000            0
       216       108.0000       1       1       5.714301       4.136126       9.850428      14.919157       1.863752       1.000000     541.499386       0.000000            0
       217       108.5000       1       1       5.339787       4.519160       9.858947      14.919158       2.103528       1.000000     541.499386       0.000000            0
# Jump frustrated.
       218       109.0000       1       1       4.974220       4.885586       9.859806      14.919158       2.162600       1.000000     541.499386       0.000000            0
# Jump frustrated.
       219       109.5000       1       1       4.646396       5.213188       9.859584      14.919157       2.169022       1.000000     541.499386       0.000000            1
# Jump frustrated.
       220       110.0000       1       1       4.354079       5.505498       9.859577      14.919157       2.138338       1.000000     541.499386       0.000000            0
       221       110.5000       1       1       4.090703       5.768328       9.859031      14.919158       2.136625       1.000000     541.499386       0.000000            0
       222       111.0000       1       1       3.853201       6.006452       9.859654      14.919157       2.177574       1.000000     541.499386       0.000000            0
       223       111.5000       1       1       3.644673       6.215097       9.859770      14.919157       2.250774       1.000000     541.499386       0.000000            0
# Jump frustrated.
       224       112.0000       1       1       3.468067       6.391770       9.859837      14.919156       2.348834       1.000000     541.499386       0.000000            0
       225       112.5000       1       1       3.319452       6.539171       9.858623      14.919156       2.471926       1.000000     541.499386       0.000000            1
# Jump frustrated.
       226       113.0000       1       1       3.184944       6.672039       9.856982      14.919156       2.646895       1.000000     541.499386       0.000000            0
# Jump frustrated.
       227       113.5000       1       1       3.046234       6.809889       9.856124      14.919155       2.927853       1.000000     541.499386       0.000000            0
# Jump frustrated.
       228       114.0000       1       1       2.901968       6.956459       9.858428      14.919155       3.289277       1.000000     541.499386       0.000000            0
# Jump frustrated.
       229       114.5000       1       1       2.788469       7.073757       9.862226      14.919156       3.578051       1.000000     541.499386       0.000000            0
# Jump frustrated.
       230       115.0000       1       1       2.762404       7.101784       9.864188      14.919155       3.639561       1.000000     541.499386       0.000000            0
       231       115.5000       1       1       2.849950       7.011890       9.861841      14.919155       3.438664       1.000000     541.499386       0.000000            0
       232       116.0000       1       1       3.019630       6.837501       9.857131      14.919155       3.077073       1.000000     541.499386       0.000000            0
       233       116.5000       1       1       3.207721       6.645880       9.853601      14.919155       2.706304       1.000000     541.499386       0.000000            1
# Jump frustrated.
       234       117.0000       1       1       3.361327       6.490591       9.851918      14.919155       2.428218       1.000000     541.499386       0.000000            0
       235       117.5000       1       1       3.457758       6.393846       9.851604      14.919155       2.252739       1.000000     541.499386       0.000000            0
# Jump frustrated.
       236       118.0000       1       1       3.489045       6.361252       9.850297      14.919154       2.085766       1.000000     541.499386       0.000000            0
       237       118.5000       1       1       3.442302       6.407340       9.849643      14.919154       1.976283       1.000000     541.499386       0.000000            0
       238       119.0000       1       1       3.314716       6.537510       9.852225      14.919154       2.128400       1.000000     541.499386       0.000000            0
# Jump frustrated.
       239       119.5000       1       1       3.150356       6.709615       9.859971      14.919153       2.551311       1.000000     541.499386       0.000000            0
# Jump frustrated.
       240       120.0000       1       1       3.051181       6.816325       9.867506      14.919153       2.903986       1.000000     541.499386       0.000000            1
# Jump frustrated.
       241       120.5000       1       1       3.109775       6.757157       9.866933      14.919152       2.875651       1.000000     541.499386       0.000000            0
# Jump frustrated.
       242       121.0000       1       1       3.315126       6.543323       9.858449      14.919152       2.462765       1.000000     541.499386       0.000000            0
# Jump frustrated.
       243       121.5000       1       1       3.560875       6.290250       9.851126      14.919152       1.942123       1.000000     541.499386       0.000000            0
# Jump frustrated.
       244       122.0000       1       1       3.746131       6.103405       9.849535      14.919153       1.603846       1.000000     541.499386       0.000000            0
# Jump frustrated.
       245       122.5000       1       1       3.834399       6.016625       9.851025      14.919153       1.556789       1.000000     541.499386       0.000000            0
       246       123.0000       1       1       3.840738       6.013304       9.854042      14.919153       1.672395       1.000000     541.499386       0.000000            0
# Jump frustrated.
       247       123.5000       1       1       3.802328       6.054202       9.856530      14.919153       1.807408       1.000000     541.499386       0.000000            0
# Jump frustrated.
       248       124.0000       1       1       3.753548       6.104650       9.858198      14.919152       1.922453       1.000000     541.499386       0.000000            1
       249       124.5000       1       1       3.717207       6.142227       9.859434      14.919152       1.996845       1.000000     541.499386       0.000000            0
       250       125.0000       1       1       3.709670       6.150531       9.860201      14.919152       1.975326       1.000000     541.499386       0.000000            0
# Jump frustrated.
       251       125.5000       1       1       3.733268       6.125619       9.858887      14.919152       1.832577       1.000000     541.499386       0.000000            0
       252       126.0000       1       1       3.764395       6.091364       9.855759      14.919151       1.665200       1.000000     541.499386       0.000000            0
# Jump frustrated.
       253       126.5000       1       1       3.763069       6.090741       9.853810      14.919151       1.679617       1.000000     541.499386       0.000000            0
# Jump frustrated.
       254       127.0000       1       1       3.702322       6.151985       9.854307      14.919151       1.970198       1.000000     541.499386       0.000000            1
       255       127.5000       1       1       3.590786       6.266376       9.857162      14.919150       2.403542       1.000000     541.499386       0.000000            0
       256       128.0000       1       1       3.469567       6.391147       9.860714      14.919150       2.824146       1.000000     541.499386       0.000000            0
       257       128.5000       1       1       3.390154       6.472944       9.863098      14.919151       3.124743       1.000000     541.499386       0.000000            0
       258       129.0000       1       1       3.386877       6.475851       9.862727      14.919151       3.228849       1.000000     541.499386       0.000000            0
# Jump frustrated.
       259       129.5000       1       1       3.455097       6.404434       9.859531      14.919151       3.107299       1.000000     541.499386       0.000000            0
       260       130.0000       1       1       3.552928       6.302707       9.855634      14.919151       2.823390       1.000000     541.499386       0.000000            0
# Jump frustrated.
       261       130.5000       1       1       3.628527       6.224854       9.853382      14.919151       2.488220       1.000000     541.499386       0.000000            0
       262       131.0000       1       1       3.647480       6.205339       9.852820      14.919151       2.178414       1.000000     541.499386       0.000000            1
       263       131.5000       1       1       3.602079       6.251843       9.853922      14.919151       1.912982       1.000000     541.499386       0.000000            0
# Jump frustrated.
       264       132.0000       1       1       3.507493       6.348380       9.855873      14.919152       1.718869       1.000000     541.499386       0.000000            0
# Jump frustrated.
       265       132.5000       1       1       3.391388       6.466716       9.858104      14.919152       1.631464       1.000000     541.499386       0.000000            0
# Jump frustrated.
       266       133.0000       1       1       3.284713       6.575294       9.860007      14.919152       1.648467       1.000000     541.499386       0.000000            0
# Jump frustrated.
       267       133.5000       1       1       3.218275       6.643389       9.861664      14.919151       1.723851       1.000000     541.499386       0.000000            0
# Jump frustrated.
       268       134.0000       1       1       3.214627       6.647333       9.861960      14.919151       1.809430       1.000000     541.499386       0.000000            0
# Jump frustrated.
       269       134.5000       1       1       3.280263       6.580899       9.861162      14.919151       1.879870       1.000000     541.499386       0.000000            1
       270       135.0000       1       1       3.408844       6.451145       9.859990      14.919151       1.899378       1.000000     541.499386       0.000000            0
       271       135.5000       1       1       3.584947       6.273850       9.858797      14.919151       1.824377       1.000000     541.499386       0.000000            0
       272       136.0000       1       1       3.781800       6.074340       9.856140      14.919152       1.659887       1.000000     541.499386       0.000000            0
       273       136.5000       1       1       3.952989       5.898082       9.851071      14.919152       1.516797       1.000000     541.499386       0.000000            0
# Jump frustrated.
       274       137.0000       1       1       4.029691       5.816285       9.845976      14.919152       1.679282       1.000000     541.499386       0.000000            0
       275       137.5000       1       1       3.952166       5.892684       9.844850      14.919152       2.302369       1.000000     541.499386       0.000000            1
       276       138.0000       1       1       3.720238       6.129148       9.849385      14.919153       3.101377       1.000000     541.499386       0.000000            0
# Jump frustrated.
       277       138.5000       1       1       3.403474       6.452391       9.855866      14.919153       3.826109       1.000000     541.499386       0.000000            0
# Jump frustrated.
       278       139.0000       1       1       3.101038       6.759856       9.860895      14.919154       4.399682       1.000000     541.499386       0.000000            0
       279       139.5000       1       1       2.892383       6.970577       9.862960      14.919154       4.875275       1.000000     541.499386       0.000000            0
# Jump frustrated.
       280       140.0000       1       1       2.819261       7.043031       9.862293      14.919155       5.165636       1.000000     541.499386       0.000000            0
# Jump frustrated.
       281       140.5000       1       1       2.885263       6.977428       9.862691      14.919154       5.459642       1.000000     541.499386       0.000000            0
# Jump frustrated.
       282       141.0000       1       1       3.083631       6.778541       9.862172      14.919154       5.638167       1.000000     541.499386       0.000000            0
# Jump frustrated.
       283       141.5000       1       1       3.394343       6.462979       9.857322      14.919155       5.471189       1.000000     541.499386       0.000000            1
       284       142.0000       1       1       3.765040       6.088457       9.853497      14.919155       4.937231       1.000000     541.499386       0.000000            0
       285       142.5000       1       1       4.144557       5.705423       9.849980      14.919155       4.131249       1.000000     541.499386       0.000000            0
# Jump frustrated.
       286       143.0000       1       1       4.491338       5.356229       9.847567      14.919155       3.193168       1.000000     541.499386       0.000000            0
# Jump frustrated.
       287       143.5000       1       1       4.761729       5.083642       9.845371      14.919155       2.344989       1.000000     541.499386       0.000000            0
       288       144.0000       1       1       4.920566       4.923578       9.844144      14.919155       1.787389       1.000000     541.499386       0.000000            1
       289       144.5000       1       1       4.944452       4.898457       9.842909      14.919156       1.781251       1.000000     541.499386       0.000000            0
# Jump frustrated.
       290       145.0000       1       1       4.825488       5.019076       9.844564      14.919156       2.424956       1.000000     541.499386       0.000000            0
# Jump frustrated.
       291       145.5000       1       1       4.614490       5.239762       9.854252      14.919156       3.380561       1.000000     541.499386       0.000000            0
# Jump frustrated.
       292       146.0000       1       1       4.459578       5.406470       9.866048      14.919156       4.067520       1.000000     541.499386       0.000000            0
# Jump frustrated.
       293       146.5000       1       1       4.505992       5.357890       9.863883      14.919156       3.989415       1.000000     541.499386       0.000000            0
# Jump frustrated.
       294       147.0000       1       1       4.721170       5.129523       9.850693      14.919157       3.192921       1.000000     541.499386       0.000000            1
       295       147.5000       1       1       4.920845       4.919841       9.840685      14.919157       2.210926       1.000000     541.499386       0.000000            0
       296       148.0000       1       1       4.949541       4.888700       9.838241      14.919157       1.542477       1.000000     541.499386       0.000000            0
# Jump frustrated.
       297       148.5000       1       1       4.754938       5.084472       9.839411      14.919157       1.564607       1.000000     541.499386       0.000000            0
# Jump frustrated.
       298       149.0000       1       1       4.366066       5.479755       9.845821      14.919157       2.182719       1.000000     541.499386       0.000000            0
# Jump frustrated.
       299       149.5000       1       1       3.902117       5.956419       9.858536      14.919157       2.884256       1.000000     541.499386       0.000000            1
# Jump frustrated.
       300       150.0000       1       1       3.542808       6.325959       9.868767      14.919157       3.372357       1.000000     541.499386       0.000000            0
       301       150.5000       1       1       3.427406       6.441803       9.869209      14.919157       3.424995       1.000000     541.499386       0.000000            1
# Jump frustrated.
       302       151.0000       1       1       3.564833       6.296063       9.860896      14.919158       3.026822       1.000000     541.499386       0.000000            0
# Jump frustrated.
       303       151.5000       1       1       3.839393       6.012265       9.851658      14.919158       2.384976       1.000000     541.499386       0.000000            0
# Jump frustrated.
       304       152.0000       1       1       4.108536       5.738017       9.846553      14.919158       1.855019       1.000000     541.499386       0.000000            0
       305       152.5000       1       1       4.280788       5.564458       9.845246      14.919158       1.720456       1.000000     541.499386       0.000000            0
       306       153.0000       1       1       4.330841       5.516086       9.846928      14.919158       1.927467       1.000000     541.499386       0.000000            0
# Jump frustrated.
       307       153.5000       1       1       4.277047       5.571932       9.848979      14.919158       2.249447       1.000000     541.499386       0.000000            0
       308       154.0000       1       1       4.144474       5.704385       9.848859      14.919158       2.614638       1.000000     541.499386       0.000000            0
# Jump frustrated.
       309       154.5000       1       1       3.947705       5.902026       9.849732      14.919158       3.095769       1.000000     541.499386       0.000000            1
# Jump frustrated.
       310       155.0000       1       1       3.719303       6.135791       9.855094      14.919158       3.729869       1.000000     541.499386       0.000000            0
# Jump frustrated.
       311       155.5000       1       1       3.558802       6.306651       9.865453      14.919158       4.323148       1.000000     541.499386       0.000000            0
       312       156.0000       1       1       3.613089       6.257656       9.870745      14.919159       4.502552       1.000000     541.499386       0.000000            0
       313       156.5000       1       1       3.946502       5.915936       9.862438      14.919159       4.036197       1.000000     541.499386       0.000000            1
# Jump frustrated.
       314       157.0000       1       1       4.440580       5.405847       9.846427      14.919159       3.030723       1.000000     541.499386       0.000000            1
# Jump frustrated.
       315       157.5000       1       1       4.866834       4.967175       9.834009      14.919159       1.831117       1.000000     541.499386       0.000000            0
# Jump frustrated.
       316       158.0000       1       1       5.036339       4.793201       9.829540      14.919160       0.940130       1.000000     541.499386       0.000000            0
       317       158.5000       1       1       4.876614       4.956795       9.833409      14.919159       1.332928       1.000000     541.499386       0.000000            0
# Jump frustrated.
       318       159.0000       1       1       4.443964       5.401280       9.845244      14.919159       2.276756       1.000000     541.499386       0.000000            0
# Jump frustrated.
       319       159.5000       1       1       3.906695       5.952890       9.859585      14.919160       3.041128       1.000000     541.499386       0.000000            1
       320       160.0000       1       1       3.467278       6.400282       9.867559      14.919159       3.441644       1.000000     541.499386       0.000000            0
       321       160.5000       1       1       3.247974       6.618476       9.866450      14.919159       3.486777       1.000000     541.499386       0.000000            0
# Jump frustrated.
       322       161.0000       1       1       3.239736       6.619514       9.859250      14.919160       3.242716       1.000000     541.499386       0.000000            0
# Jump frustrated.
       323       161.5000       1       1       3.342537       6.509898       9.852435      14.919159       2.869617       1.000000     541.499386       0.000000            0
       324       162.0000       1       1       3.449027       6.400282       9.849309      14.919160       2.558673       1.000000     541.499386       0.000000            0
# Jump frustrated.
       325       162.5000       1       1       3.507925       6.343398       9.851322      14.919160       2.406076       1.000000     541.499386       0.000000            1
# Jump frustrated.
       326       163.0000       1       1       3.530594       6.323260       9.853854      14.919160       2.319530       1.000000     541.499386       0.000000            0
       327       163.5000       1       1       3.544553       6.309350       9.853903      14.919159       2.173969       1.000000     541.499386       0.000000            0
# Jump frustrated.
       328       164.0000       1       1       3.553550       6.298970       9.852520      14.919159       1.976148       1.000000     541.499386       0.000000            0
       329       164.5000       1       1       3.542100       6.309350       9.851451      14.919159       1.882354       1.000000     541.499386       0.000000            0
       330       165.0000       1       1       3.506346       6.347550       9.853895      14.919158       2.099666       1.000000     541.499386       0.000000            0
# Jump frustrated.
       331       165.5000       1       1       3.492666       6.368726       9.861392      14.919158       2.560837       1.000000     541.499386       0.000000            0
# Jump frustrated.
       332       166.0000       1       1       3.597011       6.269282       9.866294      14.919158       2.855562       1.000000     541.499386       0.000000            1
# Jump frustrated.
       333       166.5000       1       1       3.878164       5.983616       9.861780      14.919158       2.681953       1.000000     541.499386       0.000000            0
# Jump frustrated.
       334       167.0000       1       1       4.272573       5.577538       9.850110      14.919157       2.043240       1.000000     541.499386       0.000000            0
# Jump frustrated.
       335       167.5000       1       1       4.619792       5.219001       9.838793      14.919158       1.195180       1.000000     541.499386       0.000000            0
# Jump frustrated.
       336       168.0000       1       1       4.763190       5.070148       9.833338      14.919158       0.879235       1.000000     541.499386       0.000000            0
# Jump frustrated.
       337       168.5000       1       1       4.627276       5.206960       9.834237      14.919157       1.604619       1.000000     541.499386       0.000000            0
# Jump frustrated.
       338       169.0000       1       1       4.236515       5.604527       9.841041      14.919157       2.575277       1.000000     541.499386       0.000000            0
# Jump frustrated.
       339       169.5000       1       1       3.720302       6.134546       9.854848      14.919156       3.450228       1.000000     541.499386       0.000000            1
# Jump frustrated.
       340       170.0000       1       1       3.287780       6.580484       9.868264      14.919156       4.041241       1.000000     541.499386       0.000000            0
# Jump frustrated.
       341       170.5000       1       1       3.130382       6.740756       9.871139      14.919156       4.124589       1.000000     541.499386       0.000000            0
       342       171.0000       1       1       3.287017       6.573633       9.860650      14.919157       3.620799       1.000000     541.499386       0.000000            0
# Jump frustrated.
       343       171.5000       1       1       3.612931       6.234612       9.847543      14.919157       2.757660       1.000000     541.499386       0.000000            0
# Jump frustrated.
       344       172.0000       1       1       3.911173       5.930261       9.841434      14.919156       1.919114       1.000000     541.499386       0.000000            0
       345       172.5000       1       1       4.068204       5.774556       9.842760      14.919156       1.483391       1.000000     541.499386       0.000000            1
       346       173.0000       1       1       4.072527       5.773103       9.845630      14.919156       1.503520       1.000000     541.499386       0.000000            0
# Jump frustrated.
       347       173.5000       1       1       3.951901       5.895175       9.847076      14.919156       1.799020       1.000000     541.499386       0.000000            0
# Jump frustrated.
       348       174.0000       1       1       3.730473       6.117937       9.848411      14.919157       2.309249       1.000000     541.499386       0.000000            0
       349       174.5000       1       1       3.448172       6.406510       9.854682      14.919158       2.980272       1.000000     541.499386       0.000000            0
# Jump frustrated.
       350       175.0000       1       1       3.203761       6.661035       9.864796      14.919158       3.562130       1.000000     541.499386       0.000000            0
# Jump frustrated.
       351       175.5000       1       1       3.131061       6.738680       9.869742      14.919158       3.762015       1.000000     541.499386       0.000000            0
# Jump frustrated.
       352       176.0000       1       1       3.294442       6.569896       9.864339      14.919158       3.439794       1.000000     541.499386       0.000000            0
       353       176.5000       1       1       3.618783       6.233989       9.852773      14.919158       2.733361       1.000000     541.499386       0.000000            0
       354       177.0000       1       1       3.942593       5.900988       9.843581      14.919158       2.053021       1.000000     541.499386       0.000000            1
       355       177.5000       1       1       4.129678       5.710821       9.840499      14.919159       1.881438       1.000000     541.499386       0.000000            0
# Jump frustrated.
       356       178.0000       1       1       4.128987       5.712897       9.841884      14.919160       2.191196       1.000000     541.499386       0.000000            0
# Jump frustrated.
       357       178.5000       1       1       3.964429       5.881473       9.845903      14.919160       2.580756       1.000000     541.499386       0.000000            0
       358       179.0000       1       1       3.708395       6.144096       9.852491      14.919160       2.950692       1.000000     541.499386       0.000000            0
       359       179.5000       1       1       3.477495       6.384296       9.861791      14.919160       3.367438       1.000000     541.499386       0.000000            0
# Jump frustrated.
       360       180.0000       1       1       3.417686       6.450938       9.868624      14.919159       3.653139       1.000000     541.499386       0.000000            0
# Jump frustrated.
       361       180.5000       1       1       3.617039       6.246653       9.863692      14.919160       3.504421       1.000000     541.499386       0.000000            1
       362       181.0000       1       1       4.004414       5.845558       9.849972      14.919160       2.896065       1.000000     541.499386       0.000000            0
# Jump frustrated.
       363       181.5000       1       1       4.386421       5.452143       9.838565      14.919160       2.074615       1.000000     541.499386       0.000000            0
       364       182.0000       1       1       4.595067       5.241838       9.836905      14.919160       1.436864       1.000000     541.499386       0.000000            0
# Jump frustrated.
       365       182.5000       1       1       4.577559       5.262599       9.840157      14.919161       1.334341       1.000000     541.499386       0.000000            0
       366       183.0000       1       1       4.368177       5.476849       9.845026      14.919161       1.713535       1.000000     541.499386       0.000000            0
# Jump frustrated.
       367       183.5000       1       1       4.039870       5.811510       9.851380      14.919161       2.305581       1.000000     541.499386       0.000000            0
# Jump frustrated.
       368       184.0000       1       1       3.693689       6.165687       9.859376      14.919160       2.905505       1.000000     541.499386       0.000000            1
# Jump frustrated.
       369       184.5000       1       1       3.448143       6.417513       9.865656      14.919160       3.313193       1.000000     541.499386       0.000000            0
# Jump frustrated.
       370       185.0000       1       1       3.395846       6.470453       9.866299      14.919160       3.360962       1.000000     541.499386       0.000000            0
# Jump frustrated.
       371       185.5000       1       1       3.547330       6.313295       9.860625      14.919161       3.019026       1.000000     541.499386       0.000000            0
# Jump frustrated.
       372       186.0000       1       1       3.821370       6.031573       9.852943      14.919161       2.456315       1.000000     541.499386       0.000000            0
# Jump frustrated.
       373       186.5000       1       1       4.105226       5.743000       9.848226      14.919161       1.958087       1.000000     541.499386       0.000000            0
# Jump frustrated.
       374       187.0000       1       1       4.322090       5.525013       9.847103      14.919162       1.737586       1.000000     541.499386       0.000000            0
       375       187.5000       1       1       4.444675       5.401695       9.846370      14.919162       1.752479       1.000000     541.499386       0.000000            1
# Jump frustrated.
       376       188.0000       1       1       4.467543       5.378236       9.845778      14.919162       1.874350       1.000000     541.499386       0.000000            0
# Jump frustrated.
       377       188.5000       1       1       4.387606       5.457334       9.844940      14.919162       2.115041       1.000000     541.499386       0.000000            0
       378       189.0000       1       1       4.208843       5.638159       9.847002      14.919161       2.667795       1.000000     541.499386       0.000000            0
       379       189.5000       1       1       3.991881       5.865280       9.857161      14.919160       3.473381       1.000000     541.499386       0.000000            0
       380       190.0000       1       1       3.890458       5.977803       9.868261      14.919159       4.067313       1.000000     541.499386       0.000000            0
# Jump frustrated.
       381       190.5000       1       1       4.048223       5.817946       9.866169      14.919159       3.983008       1.000000     541.499386       0.000000            0
# Jump frustrated.
       382       191.0000       1       1       4.430589       5.420380       9.850969      14.919158       3.195171       1.000000     541.499386       0.000000            0
# Jump frustrated.
       383       191.5000       1       1       4.829345       5.007450       9.836795      14.919157       2.068582       1.000000     541.499386       0.000000            0
# Jump frustrated.
       384       192.0000       1       1       5.033694       4.799429       9.833123      14.919157       1.351098       1.000000     541.499386       0.000000            1
       385       192.5000       1       1       4.966072       4.871884       9.837955      14.919157       1.871069       1.000000     541.499386       0.000000            0
# Jump frustrated.
       386       193.0000       1       1       4.691888       5.157342       9.849231      14.919158       2.831557       1.000000     541.499386       0.000000            0
       387       193.5000       1       1       4.368407       5.493042       9.861449      14.919157       3.597512       1.000000     541.499386       0.000000            0
# Jump frustrated.
       388       194.0000       1       1       4.169796       5.697742       9.867538      14.919157       3.892882       1.000000     541.499386       0.000000            0
# Jump frustrated.
       389       194.5000       1       1       4.180589       5.682379       9.862968      14.919157       3.615073       1.000000     541.499386       0.000000            0
       390       195.0000       1       1       4.340791       5.512349       9.853140      14.919157       2.943361       1.000000     541.499386       0.000000            0
       391       195.5000       1       1       4.513255       5.333808       9.847062      14.919158       2.344561       1.000000     541.499386       0.000000            1
# Jump frustrated.
       392       196.0000       1       1       4.606070       5.242253       9.848323      14.919157       2.288286       1.000000     541.499386       0.000000            0
# Jump frustrated.
       393       196.5000       1       1       4.623330       5.229382       9.852712      14.919157       2.606862       1.000000     541.499386       0.000000            0
# Jump frustrated.
       394       197.0000       1       1       4.619507       5.235610       9.855117      14.919158       2.844589       1.000000     541.499386       0.000000            0
       395       197.5000       1       1       4.627294       5.225437       9.852732      14.919157       2.778292       1.000000     541.499386       0.000000            0
# Jump frustrated.
       396       198.0000       1       1       4.615818       5.230627       9.846445      14.919155       2.459962       1.000000     541.499386       0.000000            0
       397       198.5000       1       1       4.517676       5.326957       9.844633      14.919154       2.356388       1.000000     541.499386       0.000000            0
# Jump frustrated.
       398       199.0000       1       1       4.336397       5.517747       9.854144      14.919154       2.855339       1.000000     541.499386       0.000000            1
# Jump frustrated.
       399       199.5000       1       1       4.208043       5.658089       9.866132      14.919155       3.422176       1.000000     541.499386       0.000000            0
# Jump frustrated.
       400       200.0000       1       1       4.289786       5.576292       9.866078      14.919156       3.425235       1.000000     541.499386       0.000000            0
