#===============================================================================================================================================================================
#     Step |         Time |         State |                                     Energy |      Angular |     Gradient |      Density |           Expectation Value |    Runtime |
#          |              |  diag |   MCH |          kin |          pot |          tot |     Momentum |          RMS |        Total |           DM |            S |            |
#          |         [fs] |       |       |         [eV] |         [eV] |         [eV] |       [hbar] |     [eV/Ang] |              |      [Debye] |              |      [sec] |
#===============================================================================================================================================================================
         0         0.0000       2       2       0.153689      10.445285      10.598974       0.000118       3.864203       1.000000     541.499386       0.000000            4
         1         0.5000       2       2       0.241752      10.356222      10.597974       0.000118       3.671151       1.000000     541.499386       0.000000            2
# Surface Hop/Pointer State Switch: new state=      1 old state=      2 randnum=  0.216691559 gap= ********* eV
         2         1.0000       1       1      10.460347       0.137627      10.597974       4.064767       1.394404       1.000000     541.499386       0.000000            0
# Jump frustrated.
         3         1.5000       1       1      10.044617       0.556162      10.600778       4.064767       2.169193       1.000000     541.499386       0.000000            1
         4         2.0000       1       1       9.145648       1.477311      10.622960       4.064766       3.753943       1.000000     541.499386       0.000000            0
# Jump frustrated.
         5         2.5000       1       1       8.108865       2.547107      10.655972       4.064766       5.115824       1.000000     541.499386       0.000000            0
# Jump frustrated.
         6         3.0000       1       1       7.369071       3.292829      10.661900       4.064766       5.424306       1.000000     541.499386       0.000000            0
# Jump frustrated.
         7         3.5000       1       1       7.023106       3.616280      10.639386       4.064765       4.613719       1.000000     541.499386       0.000000            0
# Jump frustrated.
         8         4.0000       1       1       6.802654       3.824509      10.627163       4.064764       3.698164       1.000000     541.499386       0.000000            0
# Jump frustrated.
         9         4.5000       1       1       6.483570       4.144015      10.627586       4.064764       3.221633       1.000000     541.499386       0.000000            1
# Jump frustrated.
        10         5.0000       1       1       6.040792       4.595767      10.636559       4.064764       3.164624       1.000000     541.499386       0.000000            0
        11         5.5000       1       1       5.561349       5.082812      10.644161       4.064764       3.292658       1.000000     541.499386       0.000000            0
# Jump frustrated.
        12         6.0000       1       1       5.151787       5.497817      10.649604       4.064763       3.385067       1.000000     541.499386       0.000000            0
# Jump frustrated.
        13         6.5000       1       1       4.883364       5.767705      10.651069       4.064763       3.366809       1.000000     541.499386       0.000000            0
        14         7.0000       1       1       4.771358       5.877944      10.649302       4.064763       3.270864       1.000000     541.499386       0.000000            0
# Jump frustrated.
        15         7.5000       1       1       4.786425       5.858637      10.645061       4.064763       3.154766       1.000000     541.499386       0.000000            1
# Jump frustrated.
        16         8.0000       1       1       4.865384       5.773933      10.639318       4.064763       3.093991       1.000000     541.499386       0.000000            0
        17         8.5000       1       1       4.935189       5.701063      10.636253       4.064763       3.234829       1.000000     541.499386       0.000000            0
        18         9.0000       1       1       4.967587       5.672414      10.640001       4.064763       3.662432       1.000000     541.499386       0.000000            0
# Jump frustrated.
        19         9.5000       1       1       5.024812       5.623834      10.648646       4.064762       4.224517       1.000000     541.499386       0.000000            0
        20        10.0000       1       1       5.235484       5.420172      10.655656       4.064762       4.640471       1.000000     541.499386       0.000000            0
# Jump frustrated.
        21        10.5000       1       1       5.696597       4.956172      10.652769       4.064762       4.697863       1.000000     541.499386       0.000000            1
# Jump frustrated.
        22        11.0000       1       1       6.359800       4.277922      10.637722       4.064762       4.324157       1.000000     541.499386       0.000000            0
# Jump frustrated.
        23        11.5000       1       1       7.022411       3.599671      10.622082       4.064761       3.783360       1.000000     541.499386       0.000000            0
        24        12.0000       1       1       7.459879       3.153733      10.613612       4.064762       3.316841       1.000000     541.499386       0.000000            0
# Jump frustrated.
        25        12.5000       1       1       7.532336       3.078995      10.611330       4.064762       3.271936       1.000000     541.499386       0.000000            0
# Jump frustrated.
        26        13.0000       1       1       7.242742       3.381270      10.624011       4.064762       3.885470       1.000000     541.499386       0.000000            0
# Jump frustrated.
        27        13.5000       1       1       6.811394       3.838626      10.650021       4.064762       4.777228       1.000000     541.499386       0.000000            0
        28        14.0000       1       1       6.611611       4.051008      10.662619       4.064762       4.966079       1.000000     541.499386       0.000000            1
        29        14.5000       1       1       6.795353       3.846931      10.642284       4.064762       4.154008       1.000000     541.499386       0.000000            0
# Jump frustrated.
        30        15.0000       1       1       7.128192       3.495245      10.623437       4.064762       3.146182       1.000000     541.499386       0.000000            0
# Jump frustrated.
        31        15.5000       1       1       7.332873       3.289092      10.621965       4.064763       2.952321       1.000000     541.499386       0.000000            0
        32        16.0000       1       1       7.337870       3.289923      10.627793       4.064763       3.441353       1.000000     541.499386       0.000000            0
# Jump frustrated.
        33        16.5000       1       1       7.202202       3.432341      10.634543       4.064762       4.123239       1.000000     541.499386       0.000000            0
        34        17.0000       1       1       7.015566       3.624584      10.640150       4.064762       4.762771       1.000000     541.499386       0.000000            1
        35        17.5000       1       1       6.850386       3.791915      10.642301       4.064762       5.289294       1.000000     541.499386       0.000000            0
# Jump frustrated.
        36        18.0000       1       1       6.742828       3.899870      10.642699       4.064763       5.701366       1.000000     541.499386       0.000000            0
# Jump frustrated.
        37        18.5000       1       1       6.719211       3.926652      10.645863       4.064763       5.779428       1.000000     541.499386       0.000000            0
        38        19.0000       1       1       6.792910       3.850668      10.643578       4.064763       5.527806       1.000000     541.499386       0.000000            0
# Jump frustrated.
        39        19.5000       1       1       6.934763       3.704720      10.639483       4.064763       5.067584       1.000000     541.499386       0.000000            0
# Jump frustrated.
        40        20.0000       1       1       7.084781       3.549638      10.634419       4.064763       4.464605       1.000000     541.499386       0.000000            0
# Jump frustrated.
        41        20.5000       1       1       7.175058       3.456423      10.631481       4.064763       3.744010       1.000000     541.499386       0.000000            1
# Jump frustrated.
        42        21.0000       1       1       7.173917       3.459537      10.633455       4.064763       3.200056       1.000000     541.499386       0.000000            0
# Jump frustrated.
        43        21.5000       1       1       7.120082       3.519535      10.639617       4.064763       2.936439       1.000000     541.499386       0.000000            0
# Jump frustrated.
        44        22.0000       1       1       7.097417       3.547977      10.645394       4.064762       2.900116       1.000000     541.499386       0.000000            0
# Jump frustrated.
        45        22.5000       1       1       7.180928       3.464520      10.645448       4.064761       2.836739       1.000000     541.499386       0.000000            0
# Jump frustrated.
        46        23.0000       1       1       7.367814       3.271653      10.639467       4.064762       2.597605       1.000000     541.499386       0.000000            0
        47        23.5000       1       1       7.557830       3.071521      10.629351       4.064762       2.305172       1.000000     541.499386       0.000000            1
# Jump frustrated.
        48        24.0000       1       1       7.622485       3.003426      10.625911       4.064762       2.187982       1.000000     541.499386       0.000000            0
# Jump frustrated.
        49        24.5000       1       1       7.504938       3.126121      10.631059       4.064762       2.292954       1.000000     541.499386       0.000000            0
# Jump frustrated.
        50        25.0000       1       1       7.233380       3.400162      10.633541       4.064761       2.498618       1.000000     541.499386       0.000000            0
# Jump frustrated.
        51        25.5000       1       1       6.851706       3.784649      10.636355       4.064761       2.707751       1.000000     541.499386       0.000000            0
        52        26.0000       1       1       6.398298       4.241590      10.639888       4.064761       2.894512       1.000000     541.499386       0.000000            0
        53        26.5000       1       1       5.922018       4.720331      10.642349       4.064761       3.011725       1.000000     541.499386       0.000000            1
# Jump frustrated.
        54        27.0000       1       1       5.471213       5.175196      10.646409       4.064760       3.136115       1.000000     541.499386       0.000000            0
# Jump frustrated.
        55        27.5000       1       1       5.094944       5.554078      10.649022       4.064760       3.167115       1.000000     541.499386       0.000000            0
# Jump frustrated.
        56        28.0000       1       1       4.822316       5.826665      10.648981       4.064760       3.178602       1.000000     541.499386       0.000000            0
# Jump frustrated.
        57        28.5000       1       1       4.657647       5.991505      10.649152       4.064760       3.203797       1.000000     541.499386       0.000000            0
        58        29.0000       1       1       4.598382       6.050673      10.649054       4.064760       3.249474       1.000000     541.499386       0.000000            0
# Jump frustrated.
        59        29.5000       1       1       4.637971       6.010605      10.648575       4.064760       3.337877       1.000000     541.499386       0.000000            1
# Jump frustrated.
        60        30.0000       1       1       4.767563       5.880435      10.647998       4.064761       3.486919       1.000000     541.499386       0.000000            0
        61        30.5000       1       1       4.977641       5.669715      10.647356       4.064760       3.709893       1.000000     541.499386       0.000000            0
# Jump frustrated.
        62        31.0000       1       1       5.260575       5.386747      10.647322       4.064760       4.020235       1.000000     541.499386       0.000000            0
        63        31.5000       1       1       5.624641       5.025305      10.649946       4.064761       4.401798       1.000000     541.499386       0.000000            0
# Jump frustrated.
        64        32.0000       1       1       6.098007       4.552377      10.650384       4.064761       4.643879       1.000000     541.499386       0.000000            0
# Jump frustrated.
        65        32.5000       1       1       6.703630       3.946582      10.650212       4.064761       4.692121       1.000000     541.499386       0.000000            0
# Jump frustrated.
        66        33.0000       1       1       7.419180       3.222243      10.641423       4.064762       4.430300       1.000000     541.499386       0.000000            0
        67        33.5000       1       1       8.151830       2.481711      10.633541       4.064761       3.764145       1.000000     541.499386       0.000000            1
        68        34.0000       1       1       8.774189       1.851003      10.625192       4.064760       2.992299       1.000000     541.499386       0.000000            0
        69        34.5000       1       1       9.168294       1.450945      10.619239       4.064760       2.281451       1.000000     541.499386       0.000000            0
# Jump frustrated.
        70        35.0000       1       1       9.264379       1.355031      10.619410       4.064760       1.905458       1.000000     541.499386       0.000000            0
# Jump frustrated.
        71        35.5000       1       1       9.067349       1.556617      10.623966       4.064759       2.011341       1.000000     541.499386       0.000000            0
# Jump frustrated.
        72        36.0000       1       1       8.639270       1.991137      10.630407       4.064759       2.436016       1.000000     541.499386       0.000000            0
        73        36.5000       1       1       8.072039       2.563300      10.635339       4.064759       2.955613       1.000000     541.499386       0.000000            0
        74        37.0000       1       1       7.440147       3.199822      10.639968       4.064760       3.580080       1.000000     541.499386       0.000000            0
        75        37.5000       1       1       6.825172       3.829077      10.654248       4.064760       3.908766       1.000000     541.499386       0.000000            0
        76        38.0000       1       1       6.314611       4.340411      10.655022       4.064760       3.947253       1.000000     541.499386       0.000000            1
        77        38.5000       1       1       5.926634       4.724898      10.651532       4.064760       4.126464       1.000000     541.499386       0.000000            0
# Jump frustrated.
        78        39.0000       1       1       5.644784       5.006828      10.651611       4.064761       4.375785       1.000000     541.499386       0.000000            0
# Jump frustrated.
        79        39.5000       1       1       5.465280       5.186407      10.651687       4.064762       4.602778       1.000000     541.499386       0.000000            0
        80        40.0000       1       1       5.381921       5.268619      10.650541       4.064761       4.706511       1.000000     541.499386       0.000000            0
        81        40.5000       1       1       5.377223       5.271111      10.648333       4.064761       4.657322       1.000000     541.499386       0.000000            0
        82        41.0000       1       1       5.425354       5.221493      10.646847       4.064761       4.469006       1.000000     541.499386       0.000000            0
# Jump frustrated.
        83        41.5000       1       1       5.512413       5.135336      10.647749       4.064762       4.208038       1.000000     541.499386       0.000000            0
# Jump frustrated.
        84        42.0000       1       1       5.655513       4.995202      10.650715       4.064762       3.946695       1.000000     541.499386       0.000000            0
# Jump frustrated.
        85        42.5000       1       1       5.900197       4.753963      10.654161       4.064763       3.718675       1.000000     541.499386       0.000000            0
        86        43.0000       1       1       6.285437       4.365739      10.651176       4.064763       3.373985       1.000000     541.499386       0.000000            1
# Jump frustrated.
        87        43.5000       1       1       6.778146       3.863747      10.641893       4.064763       2.807162       1.000000     541.499386       0.000000            0
# Jump frustrated.
        88        44.0000       1       1       7.233059       3.389781      10.622841       4.064764       2.048879       1.000000     541.499386       0.000000            0
# Jump frustrated.
        89        44.5000       1       1       7.401658       3.199199      10.600856       4.064764       1.665537       1.000000     541.499386       0.000000            0
# Jump frustrated.
        90        45.0000       1       1       7.016072       3.571645      10.587717       4.064764       3.144657       1.000000     541.499386       0.000000            0
# Jump frustrated.
        91        45.5000       1       1       6.047279       4.573761      10.621040       4.064765       5.923794       1.000000     541.499386       0.000000            0
        92        46.0000       1       1       5.114174       5.574008      10.688182       4.064765       7.958600       1.000000     541.499386       0.000000            0
# Jump frustrated.
        93        46.5000       1       1       5.042716       5.642934      10.685650       4.064766       8.039657       1.000000     541.499386       0.000000            0
# Jump frustrated.
        94        47.0000       1       1       5.789241       4.827663      10.616905       4.064767       6.207241       1.000000     541.499386       0.000000            0
# Jump frustrated.
        95        47.5000       1       1       6.534608       4.061596      10.596204       4.064767       4.055944       1.000000     541.499386       0.000000            0
        96        48.0000       1       1       6.798604       3.817658      10.616262       4.064767       3.067265       1.000000     541.499386       0.000000            1
        97        48.5000       1       1       6.707754       3.928935      10.636689       4.064767       2.834567       1.000000     541.499386       0.000000            0
        98        49.0000       1       1       6.497877       4.146092      10.643969       4.064766       2.755611       1.000000     541.499386       0.000000            0
        99        49.5000       1       1       6.290825       4.357020      10.647845       4.064767       2.677297       1.000000     541.499386       0.000000            0
# Jump frustrated.
       100        50.0000       1       1       6.139180       4.510233      10.649414       4.064768       2.554333       1.000000     541.499386       0.000000            0
# Jump frustrated.
       101        50.5000       1       1       6.053267       4.593483      10.646750       4.064767       2.412415       1.000000     541.499386       0.000000            0
# Jump frustrated.
       102        51.0000       1       1       6.004730       4.641233      10.645962       4.064768       2.355962       1.000000     541.499386       0.000000            0
# Jump frustrated.
       103        51.5000       1       1       5.976616       4.670921      10.647537       4.064769       2.438124       1.000000     541.499386       0.000000            0
# Jump frustrated.
       104        52.0000       1       1       5.983797       4.666561      10.650357       4.064769       2.619271       1.000000     541.499386       0.000000            0
# Jump frustrated.
       105        52.5000       1       1       6.057684       4.594729      10.652413       4.064769       2.815576       1.000000     541.499386       0.000000            1
# Jump frustrated.
       106        53.0000       1       1       6.224398       4.427813      10.652211       4.064770       2.934506       1.000000     541.499386       0.000000            0
# Jump frustrated.
       107        53.5000       1       1       6.483181       4.166022      10.649203       4.064770       2.928916       1.000000     541.499386       0.000000            0
       108        54.0000       1       1       6.800820       3.845685      10.646505       4.064771       2.831841       1.000000     541.499386       0.000000            0
# Jump frustrated.
       109        54.5000       1       1       7.142822       3.504173      10.646994       4.064771       2.807153       1.000000     541.499386       0.000000            0
# Jump frustrated.
       110        55.0000       1       1       7.501171       3.144391      10.645562       4.064771       2.880094       1.000000     541.499386       0.000000            0
# Jump frustrated.
       111        55.5000       1       1       7.858276       2.782533      10.640809       4.064771       2.857571       1.000000     541.499386       0.000000            0
       112        56.0000       1       1       8.159005       2.474860      10.633865       4.064771       2.677503       1.000000     541.499386       0.000000            0
# Jump frustrated.
       113        56.5000       1       1       8.305788       2.316456      10.622244       4.064770       2.343020       1.000000     541.499386       0.000000            0
       114        57.0000       1       1       8.162943       2.449947      10.612891       4.064771       2.204814       1.000000     541.499386       0.000000            1
       115        57.5000       1       1       7.659103       2.961697      10.620800       4.064772       3.161053       1.000000     541.499386       0.000000            0
# Jump frustrated.
       116        58.0000       1       1       7.041787       3.628529      10.670316       4.064772       4.703289       1.000000     541.499386       0.000000            0
       117        58.5000       1       1       6.883538       3.795237      10.678775       4.064772       4.865370       1.000000     541.499386       0.000000            0
# Jump frustrated.
       118        59.0000       1       1       7.280650       3.349921      10.630571       4.064772       3.410325       1.000000     541.499386       0.000000            0
# Jump frustrated.
       119        59.5000       1       1       7.685742       2.922459      10.608202       4.064772       2.046435       1.000000     541.499386       0.000000            0
       120        60.0000       1       1       7.704458       2.907927      10.612385       4.064772       1.934101       1.000000     541.499386       0.000000            0
# Jump frustrated.
       121        60.5000       1       1       7.322038       3.304248      10.626285       4.064772       2.482457       1.000000     541.499386       0.000000            0
       122        61.0000       1       1       6.684945       3.952187      10.637132       4.064772       3.166427       1.000000     541.499386       0.000000            0
# Jump frustrated.
       123        61.5000       1       1       5.974506       4.677149      10.651655       4.064772       3.799690       1.000000     541.499386       0.000000            0
# Jump frustrated.
       124        62.0000       1       1       5.394210       5.266958      10.661168       4.064773       4.024980       1.000000     541.499386       0.000000            0
# Jump frustrated.
       125        62.5000       1       1       5.069196       5.588956      10.658152       4.064772       3.746040       1.000000     541.499386       0.000000            1
# Jump frustrated.
       126        63.0000       1       1       4.962290       5.686116      10.648406       4.064771       3.119885       1.000000     541.499386       0.000000            0
# Jump frustrated.
       127        63.5000       1       1       4.940713       5.701271      10.641984       4.064771       2.585069       1.000000     541.499386       0.000000            0
# Jump frustrated.
       128        64.0000       1       1       4.900516       5.741132      10.641647       4.064770       2.520029       1.000000     541.499386       0.000000            0
# Jump frustrated.
       129        64.5000       1       1       4.820545       5.823966      10.644511       4.064770       2.832891       1.000000     541.499386       0.000000            0
# Jump frustrated.
       130        65.0000       1       1       4.737232       5.910954      10.648185       4.064770       3.235065       1.000000     541.499386       0.000000            0
# Jump frustrated.
       131        65.5000       1       1       4.700051       5.950191      10.650242       4.064769       3.554845       1.000000     541.499386       0.000000            0
# Jump frustrated.
       132        66.0000       1       1       4.743783       5.907839      10.651623       4.064768       3.725496       1.000000     541.499386       0.000000            0
# Jump frustrated.
       133        66.5000       1       1       4.885235       5.766252      10.651487       4.064768       3.737860       1.000000     541.499386       0.000000            0
       134        67.0000       1       1       5.119711       5.529788      10.649499       4.064769       3.623021       1.000000     541.499386       0.000000            1
# Jump frustrated.
       135        67.5000       1       1       5.429517       5.219832      10.649349       4.064769       3.428461       1.000000     541.499386       0.000000            0
# Jump frustrated.
       136        68.0000       1       1       5.804265       4.844895      10.649160       4.064769       3.214897       1.000000     541.499386       0.000000            0
       137        68.5000       1       1       6.234960       4.412658      10.647619       4.064769       3.018255       1.000000     541.499386       0.000000            0
# Jump frustrated.
       138        69.0000       1       1       6.705036       3.941392      10.646427       4.064769       2.868617       1.000000     541.499386       0.000000            0
# Jump frustrated.
       139        69.5000       1       1       7.197352       3.446873      10.644225       4.064769       2.762946       1.000000     541.499386       0.000000            0
       140        70.0000       1       1       7.677202       2.962320      10.639522       4.064769       2.602666       1.000000     541.499386       0.000000            0
       141        70.5000       1       1       8.087744       2.548145      10.635889       4.064769       2.452625       1.000000     541.499386       0.000000            0
       142        71.0000       1       1       8.365296       2.264140      10.629435       4.064769       2.347182       1.000000     541.499386       0.000000            0
# Jump frustrated.
       143        71.5000       1       1       8.438090       2.187740      10.625830       4.064769       2.517685       1.000000     541.499386       0.000000            0
# Jump frustrated.
       144        72.0000       1       1       8.281486       2.350919      10.632405       4.064769       3.242881       1.000000     541.499386       0.000000            0
       145        72.5000       1       1       8.006910       2.643644      10.650554       4.064770       4.259425       1.000000     541.499386       0.000000            1
       146        73.0000       1       1       7.844716       2.815542      10.660258       4.064770       4.846768       1.000000     541.499386       0.000000            0
# Jump frustrated.
       147        73.5000       1       1       7.910357       2.735198      10.645555       4.064770       4.576392       1.000000     541.499386       0.000000            0
# Jump frustrated.
       148        74.0000       1       1       8.037911       2.588213      10.626124       4.064770       3.828406       1.000000     541.499386       0.000000            0
       149        74.5000       1       1       7.984226       2.638039      10.622265       4.064770       3.219965       1.000000     541.499386       0.000000            0
# Jump frustrated.
       150        75.0000       1       1       7.676678       2.954016      10.630694       4.064769       3.040602       1.000000     541.499386       0.000000            0
       151        75.5000       1       1       7.213509       3.430887      10.644396       4.064769       3.106143       1.000000     541.499386       0.000000            0
# Jump frustrated.
       152        76.0000       1       1       6.733667       3.913988      10.647655       4.064769       3.134125       1.000000     541.499386       0.000000            0
# Jump frustrated.
       153        76.5000       1       1       6.316389       4.333975      10.650364       4.064769       3.193528       1.000000     541.499386       0.000000            0
       154        77.0000       1       1       6.003254       4.647876      10.651130       4.064769       3.154693       1.000000     541.499386       0.000000            0
       155        77.5000       1       1       5.810026       4.839705      10.649731       4.064769       3.058273       1.000000     541.499386       0.000000            1
# Jump frustrated.
       156        78.0000       1       1       5.729811       4.920463      10.650274       4.064768       2.943170       1.000000     541.499386       0.000000            0
# Jump frustrated.
       157        78.5000       1       1       5.756442       4.892437      10.648878       4.064768       2.804326       1.000000     541.499386       0.000000            0
       158        79.0000       1       1       5.870734       4.776177      10.646911       4.064768       2.653062       1.000000     541.499386       0.000000            0
       159        79.5000       1       1       6.044833       4.601165      10.645998       4.064768       2.507423       1.000000     541.499386       0.000000            0
# Jump frustrated.
       160        80.0000       1       1       6.250033       4.393143      10.643176       4.064767       2.411334       1.000000     541.499386       0.000000            0
       161        80.5000       1       1       6.445138       4.193841      10.638979       4.064768       2.450083       1.000000     541.499386       0.000000            0
# Jump frustrated.
       162        81.0000       1       1       6.574696       4.058482      10.633178       4.064768       2.587448       1.000000     541.499386       0.000000            0
# Jump frustrated.
       163        81.5000       1       1       6.585730       4.046440      10.632171       4.064767       2.738802       1.000000     541.499386       0.000000            0
# Jump frustrated.
       164        82.0000       1       1       6.458467       4.172665      10.631132       4.064767       2.866882       1.000000     541.499386       0.000000            0
# Jump frustrated.
       165        82.5000       1       1       6.203281       4.430720      10.634001       4.064768       3.192646       1.000000     541.499386       0.000000            1
       166        83.0000       1       1       5.902528       4.744413      10.646941       4.064768       3.849106       1.000000     541.499386       0.000000            0
       167        83.5000       1       1       5.758270       4.900741      10.659010       4.064768       4.219664       1.000000     541.499386       0.000000            0
# Jump frustrated.
       168        84.0000       1       1       5.909069       4.738808      10.647877       4.064768       3.727693       1.000000     541.499386       0.000000            0
# Jump frustrated.
       169        84.5000       1       1       6.214246       4.414942      10.629188       4.064768       2.767375       1.000000     541.499386       0.000000            0
       170        85.0000       1       1       6.411868       4.211695      10.623563       4.064768       2.248308       1.000000     541.499386       0.000000            0
# Jump frustrated.
       171        85.5000       1       1       6.393011       4.238892      10.631903       4.064768       2.523618       1.000000     541.499386       0.000000            0
# Jump frustrated.
       172        86.0000       1       1       6.219669       4.419717      10.639386       4.064768       3.026539       1.000000     541.499386       0.000000            0
       173        86.5000       1       1       5.986863       4.657218      10.644082       4.064768       3.504545       1.000000     541.499386       0.000000            1
       174        87.0000       1       1       5.765625       4.881433      10.647059       4.064768       3.908258       1.000000     541.499386       0.000000            0
       175        87.5000       1       1       5.597122       5.051255      10.648378       4.064768       4.287424       1.000000     541.499386       0.000000            0
# Jump frustrated.
       176        88.0000       1       1       5.506097       5.144263      10.650360       4.064768       4.618236       1.000000     541.499386       0.000000            0
       177        88.5000       1       1       5.519980       5.132430      10.652410       4.064768       4.874840       1.000000     541.499386       0.000000            0
# Jump frustrated.
       178        89.0000       1       1       5.661846       4.990634      10.652480       4.064768       5.013788       1.000000     541.499386       0.000000            0
       179        89.5000       1       1       5.934694       4.716179      10.650873       4.064768       4.999075       1.000000     541.499386       0.000000            0
# Jump frustrated.
       180        90.0000       1       1       6.317329       4.330238      10.647567       4.064767       4.786130       1.000000     541.499386       0.000000            0
# Jump frustrated.
       181        90.5000       1       1       6.761906       3.879940      10.641846       4.064766       4.386079       1.000000     541.499386       0.000000            0
# Jump frustrated.
       182        91.0000       1       1       7.198544       3.438569      10.637113       4.064766       3.964959       1.000000     541.499386       0.000000            1
# Jump frustrated.
       183        91.5000       1       1       7.559013       3.074012      10.633025       4.064767       3.752094       1.000000     541.499386       0.000000            0
# Jump frustrated.
       184        92.0000       1       1       7.808476       2.825092      10.633568       4.064767       3.960989       1.000000     541.499386       0.000000            0
# Jump frustrated.
       185        92.5000       1       1       8.007862       2.639492      10.647354       4.064768       4.496745       1.000000     541.499386       0.000000            0
       186        93.0000       1       1       8.354574       2.299433      10.654006       4.064768       4.625571       1.000000     541.499386       0.000000            0
# Jump frustrated.
       187        93.5000       1       1       8.847076       1.781247      10.628323       4.064767       3.952971       1.000000     541.499386       0.000000            0
# Jump frustrated.
       188        94.0000       1       1       9.183531       1.430185      10.613715       4.064767       2.852318       1.000000     541.499386       0.000000            0
# Jump frustrated.
       189        94.5000       1       1       9.107413       1.503470      10.610882       4.064767       2.449890       1.000000     541.499386       0.000000            0
# Jump frustrated.
       190        95.0000       1       1       8.608304       2.025392      10.633696       4.064767       3.505492       1.000000     541.499386       0.000000            0
# Jump frustrated.
       191        95.5000       1       1       7.980492       2.681013      10.661505       4.064767       4.543985       1.000000     541.499386       0.000000            1
       192        96.0000       1       1       7.557095       3.102454      10.659549       4.064766       4.475876       1.000000     541.499386       0.000000            0
# Jump frustrated.
       193        96.5000       1       1       7.319989       3.322102      10.642091       4.064766       3.635903       1.000000     541.499386       0.000000            0
# Jump frustrated.
       194        97.0000       1       1       7.039137       3.599049      10.638185       4.064767       2.897197       1.000000     541.499386       0.000000            0
       195        97.5000       1       1       6.608242       4.035437      10.643680       4.064767       2.624642       1.000000     541.499386       0.000000            0
# Jump frustrated.
       196        98.0000       1       1       6.065874       4.583726      10.649600       4.064766       2.691937       1.000000     541.499386       0.000000            0
# Jump frustrated.
       197        98.5000       1       1       5.496669       5.158173      10.654841       4.064765       2.810998       1.000000     541.499386       0.000000            0
       198        99.0000       1       1       4.977603       5.681133      10.658736       4.064765       2.936490       1.000000     541.499386       0.000000            0
       199        99.5000       1       1       4.567345       6.093855      10.661200       4.064765       3.011841       1.000000     541.499386       0.000000            0
# Jump frustrated.
       200       100.0000       1       1       4.297720       6.363328      10.661048       4.064764       3.040436       1.000000     541.499386       0.000000            0
# Jump frustrated.
       201       100.5000       1       1       4.172331       6.487892      10.660222       4.064764       3.056992       1.000000     541.499386       0.000000            1
       202       101.0000       1       1       4.179808       6.479172      10.658980       4.064764       3.055839       1.000000     541.499386       0.000000            0
# Jump frustrated.
       203       101.5000       1       1       4.297224       6.358968      10.656192       4.064763       3.067931       1.000000     541.499386       0.000000            0
# Jump frustrated.
       204       102.0000       1       1       4.485804       6.166309      10.652113       4.064763       3.160164       1.000000     541.499386       0.000000            0
# Jump frustrated.
       205       102.5000       1       1       4.696665       5.952267      10.648933       4.064763       3.431508       1.000000     541.499386       0.000000            0
# Jump frustrated.
       206       103.0000       1       1       4.903018       5.747152      10.650170       4.064763       3.891995       1.000000     541.499386       0.000000            0
# Jump frustrated.
       207       103.5000       1       1       5.140377       5.515256      10.655632       4.064764       4.315384       1.000000     541.499386       0.000000            0
       208       104.0000       1       1       5.481082       5.174158      10.655240       4.064764       4.349061       1.000000     541.499386       0.000000            0
       209       104.5000       1       1       5.900434       4.738185      10.638619       4.064765       3.849795       1.000000     541.499386       0.000000            0
       210       105.0000       1       1       6.204456       4.418679      10.623135       4.064765       3.536963       1.000000     541.499386       0.000000            0
# Jump frustrated.
       211       105.5000       1       1       6.235686       4.396257      10.631943       4.064766       4.369827       1.000000     541.499386       0.000000            1
# Jump frustrated.
       212       106.0000       1       1       6.164593       4.501929      10.666522       4.064765       5.674038       1.000000     541.499386       0.000000            0
# Jump frustrated.
       213       106.5000       1       1       6.413025       4.264220      10.677245       4.064764       5.963408       1.000000     541.499386       0.000000            0
       214       107.0000       1       1       7.093445       3.550676      10.644121       4.064762       4.764775       1.000000     541.499386       0.000000            0
# Jump frustrated.
       215       107.5000       1       1       7.824357       2.795404      10.619761       4.064762       3.132738       1.000000     541.499386       0.000000            0
# Jump frustrated.
       216       108.0000       1       1       8.244470       2.374586      10.619057       4.064762       2.150786       1.000000     541.499386       0.000000            0
# Jump frustrated.
       217       108.5000       1       1       8.286408       2.342615      10.629023       4.064763       2.197186       1.000000     541.499386       0.000000            0
# Jump frustrated.
       218       109.0000       1       1       8.057460       2.581362      10.638822       4.064763       2.730561       1.000000     541.499386       0.000000            0
# Jump frustrated.
       219       109.5000       1       1       7.694688       2.951732      10.646420       4.064762       3.316703       1.000000     541.499386       0.000000            0
# Jump frustrated.
       220       110.0000       1       1       7.304453       3.346599      10.651052       4.064762       3.839486       1.000000     541.499386       0.000000            1
       221       110.5000       1       1       6.956019       3.696831      10.652850       4.064761       4.238635       1.000000     541.499386       0.000000            0
       222       111.0000       1       1       6.680027       3.972533      10.652559       4.064761       4.516782       1.000000     541.499386       0.000000            0
       223       111.5000       1       1       6.477071       4.174118      10.651190       4.064762       4.655384       1.000000     541.499386       0.000000            0
# Jump frustrated.
       224       112.0000       1       1       6.327049       4.321519      10.648568       4.064762       4.648758       1.000000     541.499386       0.000000            0
# Jump frustrated.
       225       112.5000       1       1       6.199999       4.447328      10.647328       4.064762       4.597925       1.000000     541.499386       0.000000            0
# Jump frustrated.
       226       113.0000       1       1       6.091595       4.558605      10.650201       4.064762       4.659343       1.000000     541.499386       0.000000            0
       227       113.5000       1       1       6.067684       4.595975      10.663659       4.064762       4.749362       1.000000     541.499386       0.000000            0
# Jump frustrated.
       228       114.0000       1       1       6.245700       4.421793      10.667493       4.064763       4.754391       1.000000     541.499386       0.000000            1
# Jump frustrated.
       229       114.5000       1       1       6.679093       3.981252      10.660345       4.064764       4.579406       1.000000     541.499386       0.000000            0
# Jump frustrated.
       230       115.0000       1       1       7.248739       3.387083      10.635822       4.064765       4.081861       1.000000     541.499386       0.000000            0
# Jump frustrated.
       231       115.5000       1       1       7.746577       2.882599      10.629176       4.064766       3.528651       1.000000     541.499386       0.000000            0
# Jump frustrated.
       232       116.0000       1       1       8.017323       2.602538      10.619861       4.064767       3.026813       1.000000     541.499386       0.000000            0
       233       116.5000       1       1       7.927702       2.679768      10.607469       4.064766       2.808121       1.000000     541.499386       0.000000            0
# Jump frustrated.
       234       117.0000       1       1       7.385011       3.228679      10.613690       4.064765       3.528943       1.000000     541.499386       0.000000            0
       235       117.5000       1       1       6.553342       4.097096      10.650439       4.064765       5.062308       1.000000     541.499386       0.000000            0
       236       118.0000       1       1       5.937397       4.740053      10.677450       4.064763       5.924887       1.000000     541.499386       0.000000            0
# Jump frustrated.
       237       118.5000       1       1       5.879379       4.775969      10.655349       4.064762       5.299534       1.000000     541.499386       0.000000            1
# Jump frustrated.
       238       119.0000       1       1       6.116512       4.508157      10.624670       4.064762       3.724288       1.000000     541.499386       0.000000            0
# Jump frustrated.
       239       119.5000       1       1       6.217434       4.408506      10.625940       4.064762       2.715167       1.000000     541.499386       0.000000            0
# Jump frustrated.
       240       120.0000       1       1       6.101266       4.539298      10.640564       4.064763       2.585176       1.000000     541.499386       0.000000            0
       241       120.5000       1       1       5.905279       4.744206      10.649485       4.064762       2.649639       1.000000     541.499386       0.000000            0
       242       121.0000       1       1       5.745144       4.907799      10.652943       4.064761       2.586157       1.000000     541.499386       0.000000            0
# Jump frustrated.
       243       121.5000       1       1       5.653646       4.997901      10.651546       4.064761       2.421860       1.000000     541.499386       0.000000            0
       244       122.0000       1       1       5.602097       5.046273      10.648370       4.064760       2.294553       1.000000     541.499386       0.000000            0
# Jump frustrated.
       245       122.5000       1       1       5.537529       5.107517      10.645046       4.064760       2.296840       1.000000     541.499386       0.000000            0
# Jump frustrated.
       246       123.0000       1       1       5.412266       5.231043      10.643308       4.064760       2.500196       1.000000     541.499386       0.000000            0
# Jump frustrated.
       247       123.5000       1       1       5.212206       5.433874      10.646080       4.064759       2.939562       1.000000     541.499386       0.000000            1
# Jump frustrated.
       248       124.0000       1       1       4.990521       5.663694      10.654215       4.064759       3.478827       1.000000     541.499386       0.000000            0
       249       124.5000       1       1       4.865778       5.796355      10.662133       4.064760       3.850239       1.000000     541.499386       0.000000            0
# Jump frustrated.
       250       125.0000       1       1       4.950870       5.712274      10.663144       4.064760       3.782380       1.000000     541.499386       0.000000            0
       251       125.5000       1       1       5.258800       5.397958      10.656758       4.064761       3.321284       1.000000     541.499386       0.000000            0
# Jump frustrated.
       252       126.0000       1       1       5.702726       4.946829      10.649555       4.064760       2.716806       1.000000     541.499386       0.000000            0
# Jump frustrated.
       253       126.5000       1       1       6.175956       4.470580      10.646536       4.064760       2.247788       1.000000     541.499386       0.000000            0
# Jump frustrated.
       254       127.0000       1       1       6.603043       4.039797      10.642840       4.064759       1.999430       1.000000     541.499386       0.000000            0
       255       127.5000       1       1       6.921597       3.715931      10.637528       4.064758       1.946237       1.000000     541.499386       0.000000            0
       256       128.0000       1       1       7.054257       3.575174      10.629431       4.064758       2.217842       1.000000     541.499386       0.000000            0
# Jump frustrated.
       257       128.5000       1       1       6.913371       3.711571      10.624942       4.064758       3.090761       1.000000     541.499386       0.000000            1
# Jump frustrated.
       258       129.0000       1       1       6.493856       4.143600      10.637457       4.064758       4.685979       1.000000     541.499386       0.000000            0
# Jump frustrated.
       259       129.5000       1       1       6.082350       4.593483      10.675833       4.064758       6.197074       1.000000     541.499386       0.000000            0
       260       130.0000       1       1       6.156579       4.523728      10.680306       4.064759       6.341142       1.000000     541.499386       0.000000            0
# Jump frustrated.
       261       130.5000       1       1       6.774610       3.869145      10.643755       4.064758       5.082924       1.000000     541.499386       0.000000            0
       262       131.0000       1       1       7.492452       3.130481      10.622933       4.064757       3.499348       1.000000     541.499386       0.000000            0
# Jump frustrated.
       263       131.5000       1       1       7.950161       2.673955      10.624115       4.064757       2.526263       1.000000     541.499386       0.000000            0
# Jump frustrated.
       264       132.0000       1       1       8.096880       2.535481      10.632361       4.064756       2.156428       1.000000     541.499386       0.000000            0
# Jump frustrated.
       265       132.5000       1       1       8.013554       2.625167      10.638721       4.064755       2.122481       1.000000     541.499386       0.000000            0
# Jump frustrated.
       266       133.0000       1       1       7.780543       2.859970      10.640513       4.064755       2.253462       1.000000     541.499386       0.000000            0
# Jump frustrated.
       267       133.5000       1       1       7.445706       3.197538      10.643244       4.064754       2.503545       1.000000     541.499386       0.000000            1
# Jump frustrated.
       268       134.0000       1       1       7.062095       3.587630      10.649725       4.064754       2.775865       1.000000     541.499386       0.000000            0
# Jump frustrated.
       269       134.5000       1       1       6.705546       3.949281      10.654826       4.064754       3.077852       1.000000     541.499386       0.000000            0
       270       135.0000       1       1       6.449632       4.209204      10.658836       4.064753       3.306895       1.000000     541.499386       0.000000            0
# Jump frustrated.
       271       135.5000       1       1       6.344526       4.315291      10.659817       4.064752       3.365456       1.000000     541.499386       0.000000            0
# Jump frustrated.
       272       136.0000       1       1       6.383000       4.270655      10.653656       4.064752       3.322119       1.000000     541.499386       0.000000            0
       273       136.5000       1       1       6.494994       4.153358      10.648352       4.064752       3.280949       1.000000     541.499386       0.000000            0
# Jump frustrated.
       274       137.0000       1       1       6.607014       4.039382      10.646396       4.064752       3.362747       1.000000     541.499386       0.000000            0
       275       137.5000       1       1       6.691080       3.956547      10.647627       4.064752       3.504352       1.000000     541.499386       0.000000            0
# Jump frustrated.
       276       138.0000       1       1       6.761043       3.888244      10.649287       4.064752       3.567600       1.000000     541.499386       0.000000            0
# Jump frustrated.
       277       138.5000       1       1       6.831454       3.816205      10.647659       4.064753       3.496584       1.000000     541.499386       0.000000            1
       278       139.0000       1       1       6.885575       3.758075      10.643650       4.064753       3.277443       1.000000     541.499386       0.000000            0
       279       139.5000       1       1       6.871681       3.765757      10.637437       4.064753       2.939452       1.000000     541.499386       0.000000            0
# Jump frustrated.
       280       140.0000       1       1       6.698928       3.927897      10.626825       4.064754       2.581904       1.000000     541.499386       0.000000            0
# Jump frustrated.
       281       140.5000       1       1       6.259583       4.362625      10.622208       4.064754       2.661405       1.000000     541.499386       0.000000            0
# Jump frustrated.
       282       141.0000       1       1       5.538797       5.093400      10.632197       4.064754       3.680811       1.000000     541.499386       0.000000            0
       283       141.5000       1       1       4.796444       5.873377      10.669821       4.064755       5.100475       1.000000     541.499386       0.000000            0
       284       142.0000       1       1       4.551228       6.136206      10.687434       4.064755       5.541783       1.000000     541.499386       0.000000            0
# Jump frustrated.
       285       142.5000       1       1       5.009616       5.643557      10.653173       4.064755       4.412563       1.000000     541.499386       0.000000            0
       286       143.0000       1       1       5.751177       4.871676      10.622853       4.064755       2.889233       1.000000     541.499386       0.000000            1
# Jump frustrated.
       287       143.5000       1       1       6.306400       4.312384      10.618785       4.064756       2.430110       1.000000     541.499386       0.000000            0
       288       144.0000       1       1       6.515203       4.107684      10.622888       4.064756       3.131385       1.000000     541.499386       0.000000            0
       289       144.5000       1       1       6.422890       4.211072      10.633962       4.064756       4.220215       1.000000     541.499386       0.000000            0
# Jump frustrated.
       290       145.0000       1       1       6.196376       4.451273      10.647649       4.064755       5.162023       1.000000     541.499386       0.000000            0
# Jump frustrated.
       291       145.5000       1       1       6.054216       4.604902      10.659118       4.064755       5.589765       1.000000     541.499386       0.000000            0
# Jump frustrated.
       292       146.0000       1       1       6.139791       4.515008      10.654799       4.064756       5.260210       1.000000     541.499386       0.000000            0
# Jump frustrated.
       293       146.5000       1       1       6.397257       4.245950      10.643207       4.064757       4.457851       1.000000     541.499386       0.000000            0
# Jump frustrated.
       294       147.0000       1       1       6.662193       3.975439      10.637632       4.064757       3.642553       1.000000     541.499386       0.000000            0
# Jump frustrated.
       295       147.5000       1       1       6.834187       3.804994      10.639181       4.064757       3.065112       1.000000     541.499386       0.000000            0
       296       148.0000       1       1       6.910715       3.731917      10.642632       4.064756       2.726861       1.000000     541.499386       0.000000            1
# Jump frustrated.
       297       148.5000       1       1       6.934948       3.711571      10.646519       4.064757       2.550940       1.000000     541.499386       0.000000            0
# Jump frustrated.
       298       149.0000       1       1       6.954523       3.694340      10.648863       4.064756       2.471157       1.000000     541.499386       0.000000            0
       299       149.5000       1       1       7.002914       3.646798      10.649712       4.064755       2.444970       1.000000     541.499386       0.000000            0
# Jump frustrated.
       300       150.0000       1       1       7.090765       3.557943      10.648708       4.064755       2.454424       1.000000     541.499386       0.000000            0
       301       150.5000       1       1       7.205046       3.441475      10.646521       4.064755       2.495548       1.000000     541.499386       0.000000            0
# Jump frustrated.
       302       151.0000       1       1       7.312438       3.330821      10.643259       4.064756       2.586380       1.000000     541.499386       0.000000            0
# Jump frustrated.
       303       151.5000       1       1       7.369356       3.271653      10.641009       4.064756       2.763561       1.000000     541.499386       0.000000            0
# Jump frustrated.
       304       152.0000       1       1       7.334273       3.304248      10.638521       4.064757       3.037958       1.000000     541.499386       0.000000            0
# Jump frustrated.
       305       152.5000       1       1       7.183809       3.457669      10.641478       4.064756       3.440425       1.000000     541.499386       0.000000            0
# Jump frustrated.
       306       153.0000       1       1       6.957422       3.691226      10.648647       4.064756       3.834908       1.000000     541.499386       0.000000            1
# Jump frustrated.
       307       153.5000       1       1       6.743404       3.907967      10.651371       4.064756       4.107173       1.000000     541.499386       0.000000            0
# Jump frustrated.
       308       154.0000       1       1       6.604564       4.046025      10.650589       4.064755       3.914900       1.000000     541.499386       0.000000            0
# Jump frustrated.
       309       154.5000       1       1       6.538673       4.111006      10.649679       4.064754       3.389406       1.000000     541.499386       0.000000            0
       310       155.0000       1       1       6.488652       4.158756      10.647407       4.064755       2.918965       1.000000     541.499386       0.000000            0
# Jump frustrated.
       311       155.5000       1       1       6.404335       4.244497      10.648832       4.064756       2.668283       1.000000     541.499386       0.000000            0
# Jump frustrated.
       312       156.0000       1       1       6.293031       4.358058      10.651089       4.064757       2.593541       1.000000     541.499386       0.000000            0
# Jump frustrated.
       313       156.5000       1       1       6.193598       4.461030      10.654628       4.064756       2.596536       1.000000     541.499386       0.000000            0
       314       157.0000       1       1       6.132894       4.521029      10.653923       4.064756       2.642238       1.000000     541.499386       0.000000            0
# Jump frustrated.
       315       157.5000       1       1       6.103052       4.548640      10.651692       4.064756       2.720898       1.000000     541.499386       0.000000            1
# Jump frustrated.
       316       158.0000       1       1       6.066210       4.583103      10.649313       4.064757       2.865773       1.000000     541.499386       0.000000            0
# Jump frustrated.
       317       158.5000       1       1       5.989247       4.660748      10.649995       4.064756       3.054908       1.000000     541.499386       0.000000            0
       318       159.0000       1       1       5.879131       4.773686      10.652817       4.064755       3.202816       1.000000     541.499386       0.000000            0
       319       159.5000       1       1       5.768335       4.886001      10.654336       4.064755       3.252700       1.000000     541.499386       0.000000            0
# Jump frustrated.
       320       160.0000       1       1       5.683268       4.972573      10.655840       4.064754       3.209938       1.000000     541.499386       0.000000            0
       321       160.5000       1       1       5.641803       5.014509      10.656312       4.064754       3.065279       1.000000     541.499386       0.000000            0
# Jump frustrated.
       322       161.0000       1       1       5.651854       5.003921      10.655775       4.064755       2.834367       1.000000     541.499386       0.000000            0
       323       161.5000       1       1       5.708347       4.946622      10.654969       4.064755       2.551598       1.000000     541.499386       0.000000            0
# Jump frustrated.
       324       162.0000       1       1       5.797235       4.856728      10.653963       4.064756       2.263521       1.000000     541.499386       0.000000            0
# Jump frustrated.
       325       162.5000       1       1       5.901780       4.751472      10.653252       4.064756       2.008781       1.000000     541.499386       0.000000            1
# Jump frustrated.
       326       163.0000       1       1       6.008745       4.644555      10.653300       4.064757       1.830441       1.000000     541.499386       0.000000            0
       327       163.5000       1       1       6.112238       4.541374      10.653612       4.064756       1.741587       1.000000     541.499386       0.000000            0
# Jump frustrated.
       328       164.0000       1       1       6.210251       4.442969      10.653220       4.064756       1.697002       1.000000     541.499386       0.000000            0
       329       164.5000       1       1       6.291418       4.359511      10.650929       4.064756       1.645033       1.000000     541.499386       0.000000            0
# Jump frustrated.
       330       165.0000       1       1       6.319848       4.325671      10.645519       4.064756       1.637505       1.000000     541.499386       0.000000            0
       331       165.5000       1       1       6.234407       4.406222      10.640630       4.064755       1.947253       1.000000     541.499386       0.000000            0
       332       166.0000       1       1       5.987231       4.653897      10.641127       4.064755       2.775113       1.000000     541.499386       0.000000            0
       333       166.5000       1       1       5.609784       5.039837      10.649621       4.064755       3.949990       1.000000     541.499386       0.000000            0
# Jump frustrated.
       334       167.0000       1       1       5.254620       5.408338      10.662959       4.064756       4.963537       1.000000     541.499386       0.000000            1
# Jump frustrated.
       335       167.5000       1       1       5.113443       5.553455      10.666898       4.064755       5.415453       1.000000     541.499386       0.000000            0
       336       168.0000       1       1       5.243195       5.413944      10.657139       4.064757       5.252474       1.000000     541.499386       0.000000            0
       337       168.5000       1       1       5.515883       5.128900      10.644784       4.064760       4.730902       1.000000     541.499386       0.000000            0
       338       169.0000       1       1       5.757822       4.884132      10.641955       4.064761       4.130315       1.000000     541.499386       0.000000            0
# Jump frustrated.
       339       169.5000       1       1       5.899728       4.746074      10.645802       4.064760       3.706677       1.000000     541.499386       0.000000            0
# Jump frustrated.
       340       170.0000       1       1       5.970389       4.679017      10.649406       4.064759       3.484382       1.000000     541.499386       0.000000            0
# Jump frustrated.
       341       170.5000       1       1       6.015069       4.637081      10.652149       4.064759       3.367153       1.000000     541.499386       0.000000            0
       342       171.0000       1       1       6.072487       4.581857      10.654345       4.064758       3.290349       1.000000     541.499386       0.000000            1
# Jump frustrated.
       343       171.5000       1       1       6.175011       4.480753      10.655764       4.064758       3.196833       1.000000     541.499386       0.000000            0
# Jump frustrated.
       344       172.0000       1       1       6.342272       4.313838      10.656110       4.064757       3.073886       1.000000     541.499386       0.000000            0
# Jump frustrated.
       345       172.5000       1       1       6.575665       4.079450      10.655115       4.064756       2.941944       1.000000     541.499386       0.000000            0
       346       173.0000       1       1       6.864341       3.789631      10.653972       4.064756       2.826626       1.000000     541.499386       0.000000            0
# Jump frustrated.
       347       173.5000       1       1       7.193454       3.459122      10.652576       4.064755       2.704192       1.000000     541.499386       0.000000            0
# Jump frustrated.
       348       174.0000       1       1       7.546439       3.104530      10.650969       4.064754       2.590508       1.000000     541.499386       0.000000            0
# Jump frustrated.
       349       174.5000       1       1       7.893787       2.751807      10.645594       4.064754       2.460823       1.000000     541.499386       0.000000            1
# Jump frustrated.
       350       175.0000       1       1       8.176437       2.464895      10.641332       4.064755       2.356758       1.000000     541.499386       0.000000            0
# Jump frustrated.
       351       175.5000       1       1       8.354475       2.289883      10.644358       4.064754       2.359008       1.000000     541.499386       0.000000            0
       352       176.0000       1       1       8.429542       2.213691      10.643233       4.064753       2.417813       1.000000     541.499386       0.000000            0
# Jump frustrated.
       353       176.5000       1       1       8.401792       2.242756      10.644548       4.064754       2.596244       1.000000     541.499386       0.000000            0
# Jump frustrated.
       354       177.0000       1       1       8.289012       2.358808      10.647820       4.064756       2.897959       1.000000     541.499386       0.000000            0
# Jump frustrated.
       355       177.5000       1       1       8.143073       2.507869      10.650943       4.064755       3.157420       1.000000     541.499386       0.000000            0
       356       178.0000       1       1       8.009492       2.641776      10.651268       4.064754       3.243121       1.000000     541.499386       0.000000            0
# Jump frustrated.
       357       178.5000       1       1       7.888854       2.758450      10.647304       4.064753       3.136425       1.000000     541.499386       0.000000            0
# Jump frustrated.
       358       179.0000       1       1       7.729461       2.912910      10.642370       4.064753       2.959225       1.000000     541.499386       0.000000            1
# Jump frustrated.
       359       179.5000       1       1       7.462315       3.177400      10.639715       4.064753       2.928027       1.000000     541.499386       0.000000            0
       360       180.0000       1       1       7.055525       3.587215      10.642740       4.064754       3.101002       1.000000     541.499386       0.000000            0
# Jump frustrated.
       361       180.5000       1       1       6.541600       4.107062      10.648662       4.064753       3.422411       1.000000     541.499386       0.000000            0
# Jump frustrated.
       362       181.0000       1       1       6.010117       4.645800      10.655917       4.064752       3.762659       1.000000     541.499386       0.000000            0
# Jump frustrated.
       363       181.5000       1       1       5.574165       5.088002      10.662167       4.064752       3.990250       1.000000     541.499386       0.000000            0
# Jump frustrated.
       364       182.0000       1       1       5.313678       5.347302      10.660980       4.064754       3.904899       1.000000     541.499386       0.000000            0
# Jump frustrated.
       365       182.5000       1       1       5.216726       5.438026      10.654753       4.064755       3.598036       1.000000     541.499386       0.000000            0
# Jump frustrated.
       366       183.0000       1       1       5.201777       5.448406      10.650183       4.064756       3.275557       1.000000     541.499386       0.000000            1
       367       183.5000       1       1       5.196002       5.452974      10.648976       4.064755       3.069061       1.000000     541.499386       0.000000            0
# Jump frustrated.
       368       184.0000       1       1       5.177806       5.472904      10.650710       4.064754       2.963361       1.000000     541.499386       0.000000            0
# Jump frustrated.
       369       184.5000       1       1       5.166446       5.486398      10.652844       4.064753       2.868665       1.000000     541.499386       0.000000            0
# Jump frustrated.
       370       185.0000       1       1       5.189882       5.464185      10.654067       4.064752       2.748092       1.000000     541.499386       0.000000            0
       371       185.5000       1       1       5.266322       5.387785      10.654107       4.064752       2.614974       1.000000     541.499386       0.000000            0
# Jump frustrated.
       372       186.0000       1       1       5.401018       5.252218      10.653237       4.064752       2.490155       1.000000     541.499386       0.000000            0
# Jump frustrated.
       373       186.5000       1       1       5.585195       5.066203      10.651398       4.064752       2.373061       1.000000     541.499386       0.000000            0
       374       187.0000       1       1       5.794639       4.854652      10.649291       4.064753       2.300363       1.000000     541.499386       0.000000            0
       375       187.5000       1       1       5.994956       4.651198      10.646154       4.064754       2.339411       1.000000     541.499386       0.000000            1
       376       188.0000       1       1       6.140567       4.501098      10.641666       4.064755       2.601028       1.000000     541.499386       0.000000            0
# Jump frustrated.
       377       188.5000       1       1       6.194482       4.448366      10.642849       4.064754       3.222665       1.000000     541.499386       0.000000            0
# Jump frustrated.
       378       189.0000       1       1       6.198589       4.452726      10.651316       4.064751       4.043588       1.000000     541.499386       0.000000            0
# Jump frustrated.
       379       189.5000       1       1       6.265865       4.387953      10.653818       4.064749       4.597570       1.000000     541.499386       0.000000            0
# Jump frustrated.
       380       190.0000       1       1       6.449033       4.200069      10.649102       4.064750       4.524448       1.000000     541.499386       0.000000            0
# Jump frustrated.
       381       190.5000       1       1       6.664650       3.973155      10.637806       4.064751       3.900397       1.000000     541.499386       0.000000            0
       382       191.0000       1       1       6.753589       3.878279      10.631869       4.064753       3.333049       1.000000     541.499386       0.000000            0
# Jump frustrated.
       383       191.5000       1       1       6.641932       3.997445      10.639378       4.064754       3.303011       1.000000     541.499386       0.000000            0
# Jump frustrated.
       384       192.0000       1       1       6.423531       4.227058      10.650589       4.064754       3.600993       1.000000     541.499386       0.000000            1
       385       192.5000       1       1       6.257009       4.399579      10.656588       4.064753       3.801536       1.000000     541.499386       0.000000            0
# Jump frustrated.
       386       193.0000       1       1       6.239217       4.416810      10.656027       4.064754       3.702193       1.000000     541.499386       0.000000            0
# Jump frustrated.
       387       193.5000       1       1       6.367261       4.284565      10.651826       4.064755       3.351086       1.000000     541.499386       0.000000            0
       388       194.0000       1       1       6.579127       4.069485      10.648612       4.064755       2.956096       1.000000     541.499386       0.000000            0
       389       194.5000       1       1       6.819263       3.828661      10.647924       4.064756       2.658855       1.000000     541.499386       0.000000            0
# Jump frustrated.
       390       195.0000       1       1       7.064378       3.584101      10.648479       4.064756       2.485620       1.000000     541.499386       0.000000            0
# Jump frustrated.
       391       195.5000       1       1       7.313147       3.336011      10.649158       4.064757       2.417585       1.000000     541.499386       0.000000            1
# Jump frustrated.
       392       196.0000       1       1       7.571255       3.078164      10.649420       4.064757       2.437414       1.000000     541.499386       0.000000            0
       393       196.5000       1       1       7.837061       2.810144      10.647206       4.064757       2.476237       1.000000     541.499386       0.000000            0
# Jump frustrated.
       394       197.0000       1       1       8.091328       2.555204      10.646532       4.064756       2.478899       1.000000     541.499386       0.000000            0
       395       197.5000       1       1       8.311505       2.334310      10.645815       4.064756       2.507573       1.000000     541.499386       0.000000            0
# Jump frustrated.
       396       198.0000       1       1       8.480206       2.164073      10.644279       4.064756       2.508964       1.000000     541.499386       0.000000            0
# Jump frustrated.
       397       198.5000       1       1       8.565779       2.074802      10.640581       4.064756       2.479390       1.000000     541.499386       0.000000            0
       398       199.0000       1       1       8.517834       2.118815      10.636649       4.064756       2.422002       1.000000     541.499386       0.000000            0
# Jump frustrated.
       399       199.5000       1       1       8.278740       2.354241      10.632980       4.064757       2.385489       1.000000     541.499386       0.000000            0
       400       200.0000       1       1       7.803950       2.828829      10.632779       4.064758       2.628845       1.000000     541.499386       0.000000            1
