#===============================================================================================================================================================================
#     Step |         Time |         State |                                     Energy |      Angular |     Gradient |      Density |           Expectation Value |    Runtime |
#          |              |  diag |   MCH |          kin |          pot |          tot |     Momentum |          RMS |        Total |           DM |            S |            |
#          |         [fs] |       |       |         [eV] |         [eV] |         [eV] |       [hbar] |     [eV/Ang] |              |      [Debye] |              |      [sec] |
#===============================================================================================================================================================================
         0         0.0000       2       2       0.250062      10.101489      10.351550       0.000074       3.082182       1.000000     541.499386       0.000000            3
# Jump frustrated.
         1         0.5000       2       2       0.204674      10.147577      10.352251       0.000074       3.161748       1.000000     541.499386       0.000000            2
# Jump frustrated.
         2         1.0000       2       2       0.187247      10.165639      10.352887       0.000074       3.120389       1.000000     541.499386       0.000000            0
         3         1.5000       2       2       0.208841      10.144671      10.353512       0.000074       2.967023       1.000000     541.499386       0.000000            1
         4         2.0000       2       2       0.278222      10.075538      10.353760       0.000074       2.713223       1.000000     541.499386       0.000000            0
# Jump frustrated.
         5         2.5000       2       2       0.399072       9.954088      10.353161       0.000074       2.378731       1.000000     541.499386       0.000000            0
         6         3.0000       2       2       0.566999       9.785512      10.352511       0.000074       1.998599       1.000000     541.499386       0.000000            0
         7         3.5000       2       2       0.769405       9.581850      10.351255       0.000074       1.616343       1.000000     541.499386       0.000000            0
         8         4.0000       2       2       0.989446       9.360749      10.350196       0.000074       1.286636       1.000000     541.499386       0.000000            0
# Jump frustrated.
         9         4.5000       2       2       1.210464       9.138818      10.349281       0.000074       1.052274       1.000000     541.499386       0.000000            1
# Jump frustrated.
        10         5.0000       2       2       1.418082       8.930589      10.348670       0.000075       0.964938       1.000000     541.499386       0.000000            0
# Jump frustrated.
        11         5.5000       2       2       1.604224       8.744158      10.348382       0.000075       1.044761       1.000000     541.499386       0.000000            0
        12         6.0000       2       2       1.765974       8.582018      10.347992       0.000074       1.228410       1.000000     541.499386       0.000000            0
# Jump frustrated.
        13         6.5000       2       2       1.902974       8.445413      10.348387       0.000074       1.452690       1.000000     541.499386       0.000000            0
        14         7.0000       2       2       2.019502       8.329361      10.348862       0.000075       1.664601       1.000000     541.499386       0.000000            0
        15         7.5000       2       2       2.121899       8.227218      10.349117       0.000075       1.827300       1.000000     541.499386       0.000000            0
# Jump frustrated.
        16         8.0000       2       2       2.211144       8.137740      10.348883       0.000074       1.922065       1.000000     541.499386       0.000000            1
        17         8.5000       2       2       2.286166       8.063002      10.349168       0.000074       1.973904       1.000000     541.499386       0.000000            0
# Jump frustrated.
        18         9.0000       2       2       2.347395       8.001550      10.348945       0.000075       2.018595       1.000000     541.499386       0.000000            0
# Surface Hop/Pointer State Switch: new state=      1 old state=      2 randnum=  0.625317253 gap= -4.687960 eV
        19         9.5000       1       1       7.083312       3.265633      10.348945       1.603280       1.527712       1.000000     541.499386       0.000000            0
# Jump frustrated.
        20        10.0000       1       1       6.869146       3.488394      10.357540       1.603280       1.446093       1.000000     541.499386       0.000000            0
# Surface Hop/Pointer State Switch: new state=      3 old state=      1 randnum=  0.215176036 gap=  4.560282 eV
        21        10.5000       3       3       1.950327       8.407213      10.357540       1.080036       2.318275       1.000000     541.499386       0.000000            0
        22        11.0000       3       3       2.058802       8.298635      10.357437       1.080036       2.473357       1.000000     541.499386       0.000000            1
# Surface Hop/Pointer State Switch: new state=      2 old state=      3 randnum=  0.590406968 gap= -0.372238 eV
        23        11.5000       2       2       2.487510       7.869928      10.357437       0.678094       2.352186       1.000000     541.499386       0.000000            0
# Jump frustrated.
        24        12.0000       2       2       2.493299       7.863077      10.356376       0.678094       2.358662       1.000000     541.499386       0.000000            0
        25        12.5000       2       2       2.460405       7.897332      10.357736       0.678094       2.365019       1.000000     541.499386       0.000000            0
        26        13.0000       2       2       2.399988       7.959614      10.359602       0.678094       2.391958       1.000000     541.499386       0.000000            0
# Surface Hop/Pointer State Switch: new state=      1 old state=      2 randnum=  0.194931202 gap= -4.474748 eV
        27        13.5000       1       1       6.806642       3.552960      10.359602       2.561280       2.028875       1.000000     541.499386       0.000000            0
# Jump frustrated.
        28        14.0000       1       1       6.708736       3.654687      10.363423       2.561280       2.521516       1.000000     541.499386       0.000000            0
# Jump frustrated.
        29        14.5000       1       1       6.623799       3.741467      10.365266       2.561279       2.937544       1.000000     541.499386       0.000000            1
        30        15.0000       1       1       6.596154       3.770324      10.366478       2.561279       3.194772       1.000000     541.499386       0.000000            0
# Jump frustrated.
        31        15.5000       1       1       6.646075       3.719253      10.365328       2.561279       3.217341       1.000000     541.499386       0.000000            0
        32        16.0000       1       1       6.760539       3.601540      10.362079       2.561279       3.083114       1.000000     541.499386       0.000000            0
        33        16.5000       1       1       6.904574       3.455593      10.360166       2.561280       2.899977       1.000000     541.499386       0.000000            0
        34        17.0000       1       1       7.043981       3.315043      10.359024       2.561280       2.758013       1.000000     541.499386       0.000000            0
# Jump frustrated.
        35        17.5000       1       1       7.158713       3.199822      10.358535       2.561280       2.711415       1.000000     541.499386       0.000000            1
# Jump frustrated.
        36        18.0000       1       1       7.247378       3.111796      10.359175       2.561280       2.744931       1.000000     541.499386       0.000000            0
# Jump frustrated.
        37        18.5000       1       1       7.288520       3.057196      10.345716       2.561280       2.788116       1.000000     541.499386       0.000000            0
# Jump frustrated.
        38        19.0000       1       1       7.248038       3.111381      10.359420       2.561280       2.755523       1.000000     541.499386       0.000000            0
# Jump frustrated.
        39        19.5000       1       1       7.151420       3.207088      10.358508       2.561280       2.731171       1.000000     541.499386       0.000000            0
# Jump frustrated.
        40        20.0000       1       1       7.031464       3.327915      10.359379       2.561280       2.783195       1.000000     541.499386       0.000000            1
# Jump frustrated.
        41        20.5000       1       1       6.896461       3.464105      10.360566       2.561280       2.874567       1.000000     541.499386       0.000000            0
        42        21.0000       1       1       6.756977       3.602786      10.359763       2.561279       2.927795       1.000000     541.499386       0.000000            0
        43        21.5000       1       1       6.597568       3.758906      10.356473       2.561279       2.915223       1.000000     541.499386       0.000000            0
        44        22.0000       1       1       6.380231       3.974401      10.354632       2.561279       2.903270       1.000000     541.499386       0.000000            0
        45        22.5000       1       1       6.066684       4.286433      10.353118       2.561279       2.932392       1.000000     541.499386       0.000000            0
        46        23.0000       1       1       5.640952       4.713895      10.354847       2.561279       2.982171       1.000000     541.499386       0.000000            1
        47        23.5000       1       1       5.126150       5.232703      10.358853       2.561279       3.042683       1.000000     541.499386       0.000000            0
        48        24.0000       1       1       4.581094       5.784106      10.365200       2.561279       3.131247       1.000000     541.499386       0.000000            0
# Jump frustrated.
        49        24.5000       1       1       4.090148       6.280908      10.371056       2.561279       3.158922       1.000000     541.499386       0.000000            0
        50        25.0000       1       1       3.734427       6.640482      10.374910       2.561279       3.151425       1.000000     541.499386       0.000000            0
# Jump frustrated.
        51        25.5000       1       1       3.559427       6.813834      10.373261       2.561278       3.100716       1.000000     541.499386       0.000000            0
# Jump frustrated.
        52        26.0000       1       1       3.563173       6.807606      10.370778       2.561279       3.004866       1.000000     541.499386       0.000000            0
# Jump frustrated.
        53        26.5000       1       1       3.728125       6.643181      10.371306       2.561279       2.874916       1.000000     541.499386       0.000000            1
# Jump frustrated.
        54        27.0000       1       1       4.027212       6.339868      10.367081       2.561279       2.664854       1.000000     541.499386       0.000000            0
        55        27.5000       1       1       4.406972       5.956419      10.363391       2.561279       2.413728       1.000000     541.499386       0.000000            0
# Jump frustrated.
        56        28.0000       1       1       4.809495       5.550341      10.359837       2.561279       2.156854       1.000000     541.499386       0.000000            0
# Jump frustrated.
        57        28.5000       1       1       5.177147       5.177273      10.354420       2.561279       1.907913       1.000000     541.499386       0.000000            0
# Jump frustrated.
        58        29.0000       1       1       5.458248       4.894097      10.352345       2.561279       1.858807       1.000000     541.499386       0.000000            0
# Jump frustrated.
        59        29.5000       1       1       5.633482       4.721161      10.354643       2.561279       2.176370       1.000000     541.499386       0.000000            0
# Jump frustrated.
        60        30.0000       1       1       5.741042       4.620265      10.361306       2.561279       2.734710       1.000000     541.499386       0.000000            1
        61        30.5000       1       1       5.870972       4.495908      10.366880       2.561279       3.169956       1.000000     541.499386       0.000000            0
        62        31.0000       1       1       6.099274       4.266711      10.365985       2.561279       3.225478       1.000000     541.499386       0.000000            0
# Jump frustrated.
        63        31.5000       1       1       6.412814       3.945129      10.357943       2.561280       2.918916       1.000000     541.499386       0.000000            0
# Jump frustrated.
        64        32.0000       1       1       6.712108       3.638701      10.350810       2.561281       2.499512       1.000000     541.499386       0.000000            0
# Jump frustrated.
        65        32.5000       1       1       6.901045       3.448742      10.349787       2.561281       2.302496       1.000000     541.499386       0.000000            1
# Jump frustrated.
        66        33.0000       1       1       6.950941       3.400785      10.351725       2.561281       2.374483       1.000000     541.499386       0.000000            0
# Jump frustrated.
        67        33.5000       1       1       6.882591       3.472201      10.354792       2.561281       2.606077       1.000000     541.499386       0.000000            0
# Jump frustrated.
        68        34.0000       1       1       6.735790       3.621885      10.357676       2.561281       2.908112       1.000000     541.499386       0.000000            0
# Jump frustrated.
        69        34.5000       1       1       6.554188       3.806240      10.360428       2.561280       3.202773       1.000000     541.499386       0.000000            0
# Jump frustrated.
        70        35.0000       1       1       6.379972       3.983328      10.363300       2.561280       3.439048       1.000000     541.499386       0.000000            0
        71        35.5000       1       1       6.249291       4.115573      10.364864       2.561279       3.572508       1.000000     541.499386       0.000000            0
        72        36.0000       1       1       6.185941       4.179309      10.365249       2.561279       3.612773       1.000000     541.499386       0.000000            1
# Jump frustrated.
        73        36.5000       1       1       6.180259       4.180554      10.360813       2.561279       3.495674       1.000000     541.499386       0.000000            0
        74        37.0000       1       1       6.190161       4.168513      10.358674       2.561279       3.149560       1.000000     541.499386       0.000000            0
        75        37.5000       1       1       6.190387       4.171212      10.361599       2.561279       2.780206       1.000000     541.499386       0.000000            0
        76        38.0000       1       1       6.199686       4.163115      10.362802       2.561279       2.575630       1.000000     541.499386       0.000000            0
# Jump frustrated.
        77        38.5000       1       1       6.237424       4.124916      10.362340       2.561279       2.451838       1.000000     541.499386       0.000000            0
        78        39.0000       1       1       6.297072       4.063257      10.360328       2.561278       2.348345       1.000000     541.499386       0.000000            1
# Jump frustrated.
        79        39.5000       1       1       6.361022       3.996823      10.357845       2.561277       2.236714       1.000000     541.499386       0.000000            0
# Jump frustrated.
        80        40.0000       1       1       6.398300       3.957585      10.355885       2.561277       2.117424       1.000000     541.499386       0.000000            0
# Jump frustrated.
        81        40.5000       1       1       6.362416       3.988103      10.350519       2.561278       2.056321       1.000000     541.499386       0.000000            0
# Jump frustrated.
        82        41.0000       1       1       6.191692       4.154396      10.346087       2.561278       2.332901       1.000000     541.499386       0.000000            0
# Jump frustrated.
        83        41.5000       1       1       5.860661       4.491133      10.351795       2.561278       3.109762       1.000000     541.499386       0.000000            0
        84        42.0000       1       1       5.480453       4.888284      10.368737       2.561279       4.025813       1.000000     541.499386       0.000000            0
# Jump frustrated.
        85        42.5000       1       1       5.281819       5.096098      10.377917       2.561279       4.346496       1.000000     541.499386       0.000000            1
# Jump frustrated.
        86        43.0000       1       1       5.371834       4.992503      10.364337       2.561279       3.727776       1.000000     541.499386       0.000000            0
# Jump frustrated.
        87        43.5000       1       1       5.585983       4.762475      10.348458       2.561278       2.638045       1.000000     541.499386       0.000000            0
# Jump frustrated.
        88        44.0000       1       1       5.688325       4.655142      10.343467       2.561278       1.797815       1.000000     541.499386       0.000000            0
        89        44.5000       1       1       5.577124       4.771402      10.348526       2.561278       1.652509       1.000000     541.499386       0.000000            0
# Jump frustrated.
        90        45.0000       1       1       5.288438       5.067449      10.355887       2.561278       1.928942       1.000000     541.499386       0.000000            0
# Jump frustrated.
        91        45.5000       1       1       4.911717       5.450275      10.361992       2.561279       2.236009       1.000000     541.499386       0.000000            0
# Jump frustrated.
        92        46.0000       1       1       4.526856       5.838499      10.365355       2.561278       2.453985       1.000000     541.499386       0.000000            0
        93        46.5000       1       1       4.182369       6.184164      10.366533       2.561278       2.650579       1.000000     541.499386       0.000000            1
# Jump frustrated.
        94        47.0000       1       1       3.913413       6.455713      10.369125       2.561278       2.850861       1.000000     541.499386       0.000000            0
# Jump frustrated.
        95        47.5000       1       1       3.758770       6.611625      10.370395       2.561278       3.007362       1.000000     541.499386       0.000000            0
# Jump frustrated.
        96        48.0000       1       1       3.742581       6.627196      10.369777       2.561278       3.102543       1.000000     541.499386       0.000000            0
# Jump frustrated.
        97        48.5000       1       1       3.862156       6.505953      10.368110       2.561278       3.179489       1.000000     541.499386       0.000000            0
# Jump frustrated.
        98        49.0000       1       1       4.099933       6.266583      10.366517       2.561277       3.252500       1.000000     541.499386       0.000000            0
# Jump frustrated.
        99        49.5000       1       1       4.434883       5.929846      10.364729       2.561277       3.299882       1.000000     541.499386       0.000000            0
# Jump frustrated.
       100        50.0000       1       1       4.839236       5.522730      10.361966       2.561276       3.283984       1.000000     541.499386       0.000000            0
# Jump frustrated.
       101        50.5000       1       1       5.272726       5.085511      10.358236       2.561276       3.238567       1.000000     541.499386       0.000000            1
       102        51.0000       1       1       5.681849       4.671959      10.353808       2.561276       3.205181       1.000000     541.499386       0.000000            0
       103        51.5000       1       1       6.018806       4.334806      10.353611       2.561275       3.280239       1.000000     541.499386       0.000000            0
# Jump frustrated.
       104        52.0000       1       1       6.283275       4.074260      10.357534       2.561275       3.541381       1.000000     541.499386       0.000000            0
       105        52.5000       1       1       6.541874       3.824302      10.366176       2.561275       3.918832       1.000000     541.499386       0.000000            0
# Jump frustrated.
       106        53.0000       1       1       6.901718       3.467634      10.369352       2.561275       4.120934       1.000000     541.499386       0.000000            1
       107        53.5000       1       1       7.410882       2.950486      10.361368       2.561275       3.971147       1.000000     541.499386       0.000000            0
       108        54.0000       1       1       7.987792       2.362130      10.349922       2.561275       3.626022       1.000000     541.499386       0.000000            0
# Jump frustrated.
       109        54.5000       1       1       8.477747       1.853079      10.330825       2.561275       3.306658       1.000000     541.499386       0.000000            0
# Jump frustrated.
       110        55.0000       1       1       8.729668       1.609141      10.338809       2.561275       2.809284       1.000000     541.499386       0.000000            0
# Jump frustrated.
       111        55.5000       1       1       8.711317       1.631563      10.342880       2.561275       2.492156       1.000000     541.499386       0.000000            0
# Jump frustrated.
       112        56.0000       1       1       8.491952       1.854532      10.346484       2.561275       2.386712       1.000000     541.499386       0.000000            1
# Jump frustrated.
       113        56.5000       1       1       8.123047       2.226978      10.350024       2.561276       2.432116       1.000000     541.499386       0.000000            0
# Jump frustrated.
       114        57.0000       1       1       7.658914       2.696584      10.355498       2.561276       2.524539       1.000000     541.499386       0.000000            0
       115        57.5000       1       1       7.151153       3.207503      10.358656       2.561276       2.662695       1.000000     541.499386       0.000000            0
# Jump frustrated.
       116        58.0000       1       1       6.646588       3.714270      10.360858       2.561276       2.732240       1.000000     541.499386       0.000000            0
# Jump frustrated.
       117        58.5000       1       1       6.182894       4.179309      10.362203       2.561276       2.704248       1.000000     541.499386       0.000000            0
# Jump frustrated.
       118        59.0000       1       1       5.776313       4.587048      10.363361       2.561276       2.552210       1.000000     541.499386       0.000000            0
# Jump frustrated.
       119        59.5000       1       1       5.423760       4.938525      10.362286       2.561276       2.349806       1.000000     541.499386       0.000000            1
# Jump frustrated.
       120        60.0000       1       1       5.111091       5.250973      10.362063       2.561277       2.162519       1.000000     541.499386       0.000000            0
       121        60.5000       1       1       4.823377       5.538715      10.362092       2.561276       2.060516       1.000000     541.499386       0.000000            0
       122        61.0000       1       1       4.554345       5.807981      10.362326       2.561276       2.061426       1.000000     541.499386       0.000000            0
       123        61.5000       1       1       4.309637       6.053787      10.363424       2.561276       2.124603       1.000000     541.499386       0.000000            0
       124        62.0000       1       1       4.101026       6.263054      10.364080       2.561275       2.227186       1.000000     541.499386       0.000000            0
       125        62.5000       1       1       3.940968       6.423949      10.364917       2.561275       2.337054       1.000000     541.499386       0.000000            1
       126        63.0000       1       1       3.839872       6.525469      10.365341       2.561276       2.456198       1.000000     541.499386       0.000000            0
# Jump frustrated.
       127        63.5000       1       1       3.807036       6.559101      10.366137       2.561275       2.587395       1.000000     541.499386       0.000000            0
# Jump frustrated.
       128        64.0000       1       1       3.853238       6.513427      10.366666       2.561275       2.727032       1.000000     541.499386       0.000000            0
# Jump frustrated.
       129        64.5000       1       1       3.984816       6.380974      10.365791       2.561275       2.855515       1.000000     541.499386       0.000000            0
# Jump frustrated.
       130        65.0000       1       1       4.192210       6.170877      10.363087       2.561275       2.950655       1.000000     541.499386       0.000000            0
# Jump frustrated.
       131        65.5000       1       1       4.444258       5.915106      10.359364       2.561275       3.012590       1.000000     541.499386       0.000000            1
# Jump frustrated.
       132        66.0000       1       1       4.698061       5.659750      10.357811       2.561274       3.049414       1.000000     541.499386       0.000000            0
# Jump frustrated.
       133        66.5000       1       1       4.925656       5.430760      10.356416       2.561274       3.113663       1.000000     541.499386       0.000000            0
# Jump frustrated.
       134        67.0000       1       1       5.105564       5.248066      10.353631       2.561274       3.173098       1.000000     541.499386       0.000000            0
# Jump frustrated.
       135        67.5000       1       1       5.227470       5.129731      10.357201       2.561274       3.268826       1.000000     541.499386       0.000000            0
# Jump frustrated.
       136        68.0000       1       1       5.348893       5.016170      10.365063       2.561273       3.390948       1.000000     541.499386       0.000000            0
# Jump frustrated.
       137        68.5000       1       1       5.577835       4.792785      10.370620       2.561273       3.465619       1.000000     541.499386       0.000000            1
       138        69.0000       1       1       5.980846       4.387123      10.367968       2.561274       3.345530       1.000000     541.499386       0.000000            0
# Jump frustrated.
       139        69.5000       1       1       6.523798       3.835097      10.358895       2.561274       3.185217       1.000000     541.499386       0.000000            0
# Jump frustrated.
       140        70.0000       1       1       7.111747       3.240720      10.352467       2.561275       3.139554       1.000000     541.499386       0.000000            0
# Jump frustrated.
       141        70.5000       1       1       7.624477       2.714023      10.338500       2.561274       3.140555       1.000000     541.499386       0.000000            0
       142        71.0000       1       1       7.929401       2.407803      10.337204       2.561273       2.975021       1.000000     541.499386       0.000000            0
# Jump frustrated.
       143        71.5000       1       1       7.989154       2.356317      10.345471       2.561274       2.841790       1.000000     541.499386       0.000000            0
# Jump frustrated.
       144        72.0000       1       1       7.889149       2.461781      10.350930       2.561274       2.720007       1.000000     541.499386       0.000000            1
       145        72.5000       1       1       7.700293       2.650703      10.350995       2.561274       2.669271       1.000000     541.499386       0.000000            0
       146        73.0000       1       1       7.449431       2.903982      10.353414       2.561274       2.694307       1.000000     541.499386       0.000000            0
       147        73.5000       1       1       7.163286       3.192971      10.356257       2.561274       2.761297       1.000000     541.499386       0.000000            0
# Jump frustrated.
       148        74.0000       1       1       6.872617       3.485280      10.357897       2.561274       2.857020       1.000000     541.499386       0.000000            0
       149        74.5000       1       1       6.599526       3.759736      10.359262       2.561274       3.000415       1.000000     541.499386       0.000000            0
# Jump frustrated.
       150        75.0000       1       1       6.354154       4.004919      10.359073       2.561274       3.191263       1.000000     541.499386       0.000000            1
       151        75.5000       1       1       6.132145       4.225605      10.357750       2.561273       3.407539       1.000000     541.499386       0.000000            0
# Jump frustrated.
       152        76.0000       1       1       5.918273       4.438401      10.356675       2.561273       3.624693       1.000000     541.499386       0.000000            0
# Jump frustrated.
       153        76.5000       1       1       5.693318       4.662201      10.355519       2.561273       3.825786       1.000000     541.499386       0.000000            0
# Jump frustrated.
       154        77.0000       1       1       5.447083       4.909460      10.356543       2.561273       3.996991       1.000000     541.499386       0.000000            0
# Jump frustrated.
       155        77.5000       1       1       5.192063       5.167307      10.359370       2.561274       4.126044       1.000000     541.499386       0.000000            0
       156        78.0000       1       1       4.968798       5.394429      10.363227       2.561274       4.197764       1.000000     541.499386       0.000000            0
       157        78.5000       1       1       4.829689       5.536016      10.365705       2.561274       4.187522       1.000000     541.499386       0.000000            1
       158        79.0000       1       1       4.814118       5.552002      10.366120       2.561275       4.060334       1.000000     541.499386       0.000000            0
# Jump frustrated.
       159        79.5000       1       1       4.934309       5.430968      10.365276       2.561274       3.841813       1.000000     541.499386       0.000000            0
# Jump frustrated.
       160        80.0000       1       1       5.165383       5.192843      10.358226       2.561273       3.517412       1.000000     541.499386       0.000000            0
       161        80.5000       1       1       5.403963       4.939978      10.343941       2.561274       2.996520       1.000000     541.499386       0.000000            0
# Jump frustrated.
       162        81.0000       1       1       5.484836       4.851123      10.335959       2.561274       2.587579       1.000000     541.499386       0.000000            0
       163        81.5000       1       1       5.302819       5.035062      10.337881       2.561274       2.890028       1.000000     541.499386       0.000000            1
# Jump frustrated.
       164        82.0000       1       1       4.921817       5.435120      10.356937       2.561275       3.933325       1.000000     541.499386       0.000000            0
# Jump frustrated.
       165        82.5000       1       1       4.611454       5.763968      10.375422       2.561275       4.714388       1.000000     541.499386       0.000000            0
       166        83.0000       1       1       4.608569       5.759816      10.368385       2.561275       4.555330       1.000000     541.499386       0.000000            0
       167        83.5000       1       1       4.835736       5.514218      10.349954       2.561276       3.717853       1.000000     541.499386       0.000000            0
       168        84.0000       1       1       5.040711       5.301836      10.342548       2.561276       2.922178       1.000000     541.499386       0.000000            0
       169        84.5000       1       1       5.076114       5.268827      10.344941       2.561277       2.566347       1.000000     541.499386       0.000000            1
# Jump frustrated.
       170        85.0000       1       1       4.946824       5.404809      10.351633       2.561277       2.572128       1.000000     541.499386       0.000000            0
# Jump frustrated.
       171        85.5000       1       1       4.739190       5.621135      10.360325       2.561277       2.702074       1.000000     541.499386       0.000000            0
# Jump frustrated.
       172        86.0000       1       1       4.555622       5.809226      10.364848       2.561277       2.796781       1.000000     541.499386       0.000000            0
       173        86.5000       1       1       4.459632       5.905556      10.365188       2.561276       2.829805       1.000000     541.499386       0.000000            0
# Jump frustrated.
       174        87.0000       1       1       4.463989       5.899328      10.363317       2.561276       2.812815       1.000000     541.499386       0.000000            0
# Jump frustrated.
       175        87.5000       1       1       4.547057       5.812963      10.360021       2.561276       2.801216       1.000000     541.499386       0.000000            0
       176        88.0000       1       1       4.676661       5.681756      10.358417       2.561276       2.856752       1.000000     541.499386       0.000000            1
# Jump frustrated.
       177        88.5000       1       1       4.830091       5.526259      10.356350       2.561276       2.973096       1.000000     541.499386       0.000000            0
       178        89.0000       1       1       4.989303       5.366817      10.356120       2.561275       3.124814       1.000000     541.499386       0.000000            0
# Jump frustrated.
       179        89.5000       1       1       5.152121       5.204884      10.357005       2.561275       3.273908       1.000000     541.499386       0.000000            0
# Jump frustrated.
       180        90.0000       1       1       5.329518       5.027381      10.356899       2.561275       3.446337       1.000000     541.499386       0.000000            0
# Jump frustrated.
       181        90.5000       1       1       5.535738       4.822888      10.358626       2.561275       3.667255       1.000000     541.499386       0.000000            0
# Jump frustrated.
       182        91.0000       1       1       5.814185       4.548018      10.362203       2.561275       3.911569       1.000000     541.499386       0.000000            0
# Jump frustrated.
       183        91.5000       1       1       6.221849       4.138410      10.360259       2.561276       4.024755       1.000000     541.499386       0.000000            0
# Jump frustrated.
       184        92.0000       1       1       6.761432       3.592820      10.354252       2.561276       3.765091       1.000000     541.499386       0.000000            1
# Jump frustrated.
       185        92.5000       1       1       7.341877       3.003634      10.345510       2.561276       3.165066       1.000000     541.499386       0.000000            0
# Jump frustrated.
       186        93.0000       1       1       7.812445       2.523025      10.335470       2.561276       2.515594       1.000000     541.499386       0.000000            0
       187        93.5000       1       1       8.028613       2.305038      10.333651       2.561277       2.261022       1.000000     541.499386       0.000000            0
# Jump frustrated.
       188        94.0000       1       1       7.961252       2.383098      10.344350       2.561278       2.492212       1.000000     541.499386       0.000000            0
# Jump frustrated.
       189        94.5000       1       1       7.705749       2.644059      10.349808       2.561277       2.746900       1.000000     541.499386       0.000000            0
# Jump frustrated.
       190        95.0000       1       1       7.350720       3.001142      10.351862       2.561276       2.955721       1.000000     541.499386       0.000000            0
# Jump frustrated.
       191        95.5000       1       1       6.944675       3.410127      10.354802       2.561276       3.167172       1.000000     541.499386       0.000000            1
       192        96.0000       1       1       6.534568       3.824302      10.358869       2.561276       3.357824       1.000000     541.499386       0.000000            0
# Jump frustrated.
       193        96.5000       1       1       6.171482       4.190935      10.362416       2.561276       3.423943       1.000000     541.499386       0.000000            0
# Jump frustrated.
       194        97.0000       1       1       5.887257       4.475148      10.362405       2.561277       3.404794       1.000000     541.499386       0.000000            0
       195        97.5000       1       1       5.689417       4.673619      10.363036       2.561276       3.371987       1.000000     541.499386       0.000000            0
# Jump frustrated.
       196        98.0000       1       1       5.571314       4.789049      10.360363       2.561276       3.344859       1.000000     541.499386       0.000000            0
       197        98.5000       1       1       5.503782       4.854237      10.358019       2.561277       3.372241       1.000000     541.499386       0.000000            0
# Jump frustrated.
       198        99.0000       1       1       5.468988       4.891606      10.360594       2.561276       3.495990       1.000000     541.499386       0.000000            1
# Jump frustrated.
       199        99.5000       1       1       5.479070       4.881433      10.360503       2.561275       3.710890       1.000000     541.499386       0.000000            0
       200       100.0000       1       1       5.540636       4.818736      10.359372       2.561274       3.944627       1.000000     541.499386       0.000000            0
# Jump frustrated.
       201       100.5000       1       1       5.657126       4.703100      10.360225       2.561274       4.152236       1.000000     541.499386       0.000000            0
# Jump frustrated.
       202       101.0000       1       1       5.841376       4.516877      10.358252       2.561274       4.226028       1.000000     541.499386       0.000000            0
       203       101.5000       1       1       6.068927       4.282697      10.351624       2.561273       4.092805       1.000000     541.499386       0.000000            0
       204       102.0000       1       1       6.257944       4.087962      10.345906       2.561272       3.866278       1.000000     541.499386       0.000000            0
       205       102.5000       1       1       6.326972       4.017168      10.344140       2.561272       3.673463       1.000000     541.499386       0.000000            1
# Jump frustrated.
       206       103.0000       1       1       6.254170       4.094605      10.348775       2.561272       3.642138       1.000000     541.499386       0.000000            0
# Jump frustrated.
       207       103.5000       1       1       6.101470       4.255915      10.357386       2.561271       3.833680       1.000000     541.499386       0.000000            0
# Jump frustrated.
       208       104.0000       1       1       5.991448       4.373836      10.365284       2.561270       4.083064       1.000000     541.499386       0.000000            0
# Jump frustrated.
       209       104.5000       1       1       6.018691       4.342280      10.360970       2.561270       4.046270       1.000000     541.499386       0.000000            0
# Jump frustrated.
       210       105.0000       1       1       6.124040       4.223736      10.347776       2.561269       3.707941       1.000000     541.499386       0.000000            0
# Jump frustrated.
       211       105.5000       1       1       6.142183       4.201522      10.343705       2.561269       3.372419       1.000000     541.499386       0.000000            1
# Jump frustrated.
       212       106.0000       1       1       5.996097       4.352660      10.348757       2.561269       3.224095       1.000000     541.499386       0.000000            0
# Jump frustrated.
       213       106.5000       1       1       5.721379       4.632306      10.353684       2.561269       3.227378       1.000000     541.499386       0.000000            0
       214       107.0000       1       1       5.387826       4.972780      10.360606       2.561268       3.311265       1.000000     541.499386       0.000000            0
# Jump frustrated.
       215       107.5000       1       1       5.082803       5.283359      10.366162       2.561267       3.326476       1.000000     541.499386       0.000000            0
# Jump frustrated.
       216       108.0000       1       1       4.876974       5.490551      10.367525       2.561266       3.205285       1.000000     541.499386       0.000000            0
# Jump frustrated.
       217       108.5000       1       1       4.790056       5.576292      10.366348       2.561266       3.023201       1.000000     541.499386       0.000000            0
# Jump frustrated.
       218       109.0000       1       1       4.802806       5.561552      10.364358       2.561265       2.817339       1.000000     541.499386       0.000000            1
# Jump frustrated.
       219       109.5000       1       1       4.886741       5.476433      10.363174       2.561266       2.647953       1.000000     541.499386       0.000000            0
# Jump frustrated.
       220       110.0000       1       1       5.027798       5.335469      10.363267       2.561266       2.529953       1.000000     541.499386       0.000000            0
# Jump frustrated.
       221       110.5000       1       1       5.231720       5.133052      10.364773       2.561268       2.479485       1.000000     541.499386       0.000000            0
# Jump frustrated.
       222       111.0000       1       1       5.513354       4.851953      10.365307       2.561268       2.509990       1.000000     541.499386       0.000000            0
       223       111.5000       1       1       5.876880       4.485320      10.362200       2.561267       2.616474       1.000000     541.499386       0.000000            0
       224       112.0000       1       1       6.294731       4.063464      10.358195       2.561267       2.774887       1.000000     541.499386       0.000000            1
       225       112.5000       1       1       6.703428       3.648667      10.352095       2.561267       3.013203       1.000000     541.499386       0.000000            0
# Jump frustrated.
       226       113.0000       1       1       7.028326       3.319818      10.348144       2.561267       3.340863       1.000000     541.499386       0.000000            0
       227       113.5000       1       1       7.213971       3.133180      10.347151       2.561267       3.788685       1.000000     541.499386       0.000000            0
       228       114.0000       1       1       7.246913       3.102454      10.349367       2.561267       4.333325       1.000000     541.499386       0.000000            0
       229       114.5000       1       1       7.166209       3.187365      10.353574       2.561267       4.818550       1.000000     541.499386       0.000000            0
# Jump frustrated.
       230       115.0000       1       1       7.047845       3.310476      10.358321       2.561267       5.019158       1.000000     541.499386       0.000000            1
# Jump frustrated.
       231       115.5000       1       1       6.945789       3.407636      10.353424       2.561266       4.788983       1.000000     541.499386       0.000000            0
# Jump frustrated.
       232       116.0000       1       1       6.800411       3.541126      10.341537       2.561266       4.355993       1.000000     541.499386       0.000000            0
       233       116.5000       1       1       6.524931       3.824924      10.349855       2.561266       3.965868       1.000000     541.499386       0.000000            0
# Jump frustrated.
       234       117.0000       1       1       6.150155       4.204844      10.354999       2.561267       3.719262       1.000000     541.499386       0.000000            0
       235       117.5000       1       1       5.755212       4.605732      10.360944       2.561267       3.640134       1.000000     541.499386       0.000000            0
# Jump frustrated.
       236       118.0000       1       1       5.391664       4.970704      10.362368       2.561267       3.705224       1.000000     541.499386       0.000000            0
       237       118.5000       1       1       5.087788       5.275263      10.363051       2.561266       3.873889       1.000000     541.499386       0.000000            1
# Jump frustrated.
       238       119.0000       1       1       4.864708       5.500308      10.365016       2.561266       4.132658       1.000000     541.499386       0.000000            0
       239       119.5000       1       1       4.766990       5.602866      10.369856       2.561266       4.396658       1.000000     541.499386       0.000000            0
# Jump frustrated.
       240       120.0000       1       1       4.864946       5.507782      10.372728       2.561266       4.466435       1.000000     541.499386       0.000000            0
       241       120.5000       1       1       5.190681       5.176857      10.367538       2.561265       4.182074       1.000000     541.499386       0.000000            0
# Jump frustrated.
       242       121.0000       1       1       5.666781       4.688567      10.355349       2.561266       3.557057       1.000000     541.499386       0.000000            1
       243       121.5000       1       1       6.131538       4.213356      10.344894       2.561266       2.876910       1.000000     541.499386       0.000000            0
       244       122.0000       1       1       6.429641       3.909835      10.339476       2.561266       2.452081       1.000000     541.499386       0.000000            0
# Jump frustrated.
       245       122.5000       1       1       6.456957       3.877656      10.334614       2.561266       2.480609       1.000000     541.499386       0.000000            0
# Jump frustrated.
       246       123.0000       1       1       6.169121       4.169343      10.338465       2.561267       2.973096       1.000000     541.499386       0.000000            0
# Jump frustrated.
       247       123.5000       1       1       5.620990       4.728635      10.349625       2.561267       3.748102       1.000000     541.499386       0.000000            0
# Jump frustrated.
       248       124.0000       1       1       4.968062       5.393598      10.361660       2.561267       4.489825       1.000000     541.499386       0.000000            0
       249       124.5000       1       1       4.392897       5.977803      10.370700       2.561268       5.123420       1.000000     541.499386       0.000000            1
       250       125.0000       1       1       4.041731       6.333848      10.375579       2.561269       5.663133       1.000000     541.499386       0.000000            0
# Jump frustrated.
       251       125.5000       1       1       3.983759       6.389902      10.373660       2.561268       6.117246       1.000000     541.499386       0.000000            0
# Jump frustrated.
       252       126.0000       1       1       4.198908       6.168801      10.367709       2.561268       6.475093       1.000000     541.499386       0.000000            0
# Jump frustrated.
       253       126.5000       1       1       4.608920       5.753173      10.362092       2.561267       6.712512       1.000000     541.499386       0.000000            0
       254       127.0000       1       1       5.117303       5.237686      10.354989       2.561267       6.688494       1.000000     541.499386       0.000000            1
# Jump frustrated.
       255       127.5000       1       1       5.637747       4.715556      10.353303       2.561268       6.344892       1.000000     541.499386       0.000000            0
       256       128.0000       1       1       6.122748       4.228511      10.351259       2.561270       5.787968       1.000000     541.499386       0.000000            0
       257       128.5000       1       1       6.534444       3.813298      10.347742       2.561271       5.001994       1.000000     541.499386       0.000000            0
# Jump frustrated.
       258       129.0000       1       1       6.822952       3.522442      10.345394       2.561273       4.213798       1.000000     541.499386       0.000000            0
       259       129.5000       1       1       6.948944       3.394556      10.343500       2.561274       3.607340       1.000000     541.499386       0.000000            1
       260       130.0000       1       1       6.910383       3.437531      10.347914       2.561274       3.356159       1.000000     541.499386       0.000000            0
       261       130.5000       1       1       6.790218       3.569153      10.359371       2.561275       3.542019       1.000000     541.499386       0.000000            0
# Jump frustrated.
       262       131.0000       1       1       6.749419       3.618564      10.367983       2.561275       3.776769       1.000000     541.499386       0.000000            0
# Jump frustrated.
       263       131.5000       1       1       6.900722       3.462859      10.363581       2.561275       3.676765       1.000000     541.499386       0.000000            0
# Jump frustrated.
       264       132.0000       1       1       7.181398       3.167020      10.348418       2.561275       3.342943       1.000000     541.499386       0.000000            0
       265       132.5000       1       1       7.398453       2.938445      10.336898       2.561275       3.258607       1.000000     541.499386       0.000000            0
       266       133.0000       1       1       7.418225       2.929726      10.347950       2.561275       3.522912       1.000000     541.499386       0.000000            1
       267       133.5000       1       1       7.259359       3.093112      10.352471       2.561275       3.760736       1.000000     541.499386       0.000000            0
       268       134.0000       1       1       6.982619       3.373381      10.356000       2.561275       3.999282       1.000000     541.499386       0.000000            0
# Jump frustrated.
       269       134.5000       1       1       6.624758       3.733993      10.358750       2.561276       4.127958       1.000000     541.499386       0.000000            0
       270       135.0000       1       1       6.220970       4.140486      10.361456       2.561277       4.249313       1.000000     541.499386       0.000000            0
# Jump frustrated.
       271       135.5000       1       1       5.811268       4.553831      10.365098       2.561276       4.373915       1.000000     541.499386       0.000000            0
       272       136.0000       1       1       5.442954       4.924616      10.367570       2.561276       4.409089       1.000000     541.499386       0.000000            0
       273       136.5000       1       1       5.152621       5.215472      10.368094       2.561275       4.296266       1.000000     541.499386       0.000000            0
# Jump frustrated.
       274       137.0000       1       1       4.942391       5.422871      10.365262       2.561275       4.051258       1.000000     541.499386       0.000000            0
# Jump frustrated.
       275       137.5000       1       1       4.777572       5.583973      10.361546       2.561274       3.754075       1.000000     541.499386       0.000000            1
# Jump frustrated.
       276       138.0000       1       1       4.608770       5.750059      10.358829       2.561272       3.504774       1.000000     541.499386       0.000000            0
# Jump frustrated.
       277       138.5000       1       1       4.397393       5.960571      10.357964       2.561271       3.403463       1.000000     541.499386       0.000000            0
# Jump frustrated.
       278       139.0000       1       1       4.131915       6.226930      10.358845       2.561272       3.454514       1.000000     541.499386       0.000000            0
# Jump frustrated.
       279       139.5000       1       1       3.824962       6.535641      10.360603       2.561272       3.709541       1.000000     541.499386       0.000000            0
       280       140.0000       1       1       3.514886       6.850995      10.365881       2.561272       4.167013       1.000000     541.499386       0.000000            0
# Jump frustrated.
       281       140.5000       1       1       3.285178       7.088912      10.374090       2.561272       4.685086       1.000000     541.499386       0.000000            1
# Jump frustrated.
       282       141.0000       1       1       3.253978       7.126074      10.380052       2.561272       5.007527       1.000000     541.499386       0.000000            0
# Jump frustrated.
       283       141.5000       1       1       3.499610       6.877777      10.377386       2.561272       4.932818       1.000000     541.499386       0.000000            0
       284       142.0000       1       1       3.990653       6.378483      10.369136       2.561272       4.522551       1.000000     541.499386       0.000000            0
# Jump frustrated.
       285       142.5000       1       1       4.609123       5.751304      10.360427       2.561271       3.915098       1.000000     541.499386       0.000000            0
# Jump frustrated.
       286       143.0000       1       1       5.230988       5.124748      10.355737       2.561270       3.279023       1.000000     541.499386       0.000000            0
# Jump frustrated.
       287       143.5000       1       1       5.782497       4.571892      10.354389       2.561270       2.771001       1.000000     541.499386       0.000000            0
       288       144.0000       1       1       6.233970       4.119518      10.353488       2.561270       2.402301       1.000000     541.499386       0.000000            0
       289       144.5000       1       1       6.583858       3.771570      10.355427       2.561270       2.224531       1.000000     541.499386       0.000000            0
# Jump frustrated.
       290       145.0000       1       1       6.859162       3.498775      10.357936       2.561270       2.226512       1.000000     541.499386       0.000000            1
       291       145.5000       1       1       7.093697       3.264387      10.358084       2.561269       2.359167       1.000000     541.499386       0.000000            0
# Jump frustrated.
       292       146.0000       1       1       7.300910       3.055950      10.356860       2.561269       2.616993       1.000000     541.499386       0.000000            0
# Jump frustrated.
       293       146.5000       1       1       7.464450       2.889035      10.353484       2.561269       3.052579       1.000000     541.499386       0.000000            0
# Jump frustrated.
       294       147.0000       1       1       7.547938       2.802255      10.350193       2.561270       3.704444       1.000000     541.499386       0.000000            0
       295       147.5000       1       1       7.509542       2.838171      10.347713       2.561270       4.601225       1.000000     541.499386       0.000000            0
# Jump frustrated.
       296       148.0000       1       1       7.328202       3.020242      10.348444       2.561271       5.621437       1.000000     541.499386       0.000000            0
       297       148.5000       1       1       7.029384       3.323140      10.352524       2.561271       6.626483       1.000000     541.499386       0.000000            1
# Jump frustrated.
       298       149.0000       1       1       6.681185       3.676278      10.357463       2.561270       7.372779       1.000000     541.499386       0.000000            0
# Jump frustrated.
       299       149.5000       1       1       6.364259       3.996615      10.360873       2.561270       7.567981       1.000000     541.499386       0.000000            0
# Jump frustrated.
       300       150.0000       1       1       6.123943       4.235155      10.359098       2.561268       7.153136       1.000000     541.499386       0.000000            0
       301       150.5000       1       1       5.961578       4.398749      10.360327       2.561268       6.468380       1.000000     541.499386       0.000000            0
# Jump frustrated.
       302       151.0000       1       1       5.921019       4.447744      10.368763       2.561269       5.806382       1.000000     541.499386       0.000000            0
# Jump frustrated.
       303       151.5000       1       1       6.088704       4.276676      10.365380       2.561269       4.999602       1.000000     541.499386       0.000000            1
# Jump frustrated.
       304       152.0000       1       1       6.405270       3.941807      10.347077       2.561269       3.915757       1.000000     541.499386       0.000000            0
       305       152.5000       1       1       6.652449       3.685205      10.337654       2.561268       3.070189       1.000000     541.499386       0.000000            0
       306       153.0000       1       1       6.674741       3.665068      10.339809       2.561269       2.882054       1.000000     541.499386       0.000000            0
# Jump frustrated.
       307       153.5000       1       1       6.466063       3.879525      10.345588       2.561270       3.171776       1.000000     541.499386       0.000000            0
# Jump frustrated.
       308       154.0000       1       1       6.086533       4.263182      10.349715       2.561269       3.687850       1.000000     541.499386       0.000000            0
       309       154.5000       1       1       5.604223       4.750641      10.354864       2.561269       4.168859       1.000000     541.499386       0.000000            1
# Jump frustrated.
       310       155.0000       1       1       5.072553       5.282529      10.355082       2.561271       4.460459       1.000000     541.499386       0.000000            0
# Jump frustrated.
       311       155.5000       1       1       4.511860       5.844104      10.355964       2.561272       4.583592       1.000000     541.499386       0.000000            0
# Jump frustrated.
       312       156.0000       1       1       3.946672       6.413569      10.360240       2.561272       4.688978       1.000000     541.499386       0.000000            0
       313       156.5000       1       1       3.453926       6.915769      10.369694       2.561273       4.881955       1.000000     541.499386       0.000000            0
# Jump frustrated.
       314       157.0000       1       1       3.176922       7.202681      10.379602       2.561273       5.036852       1.000000     541.499386       0.000000            0
       315       157.5000       1       1       3.250860       7.129811      10.380671       2.561272       4.980273       1.000000     541.499386       0.000000            0
# Jump frustrated.
       316       158.0000       1       1       3.688373       6.682419      10.370792       2.561273       4.636514       1.000000     541.499386       0.000000            0
# Jump frustrated.
       317       158.5000       1       1       4.352599       6.004376      10.356975       2.561273       4.142532       1.000000     541.499386       0.000000            1
# Jump frustrated.
       318       159.0000       1       1       5.041608       5.304743      10.346350       2.561272       3.704666       1.000000     541.499386       0.000000            0
# Jump frustrated.
       319       159.5000       1       1       5.593780       4.747320      10.341100       2.561273       3.548443       1.000000     541.499386       0.000000            0
       320       160.0000       1       1       5.920299       4.417848      10.338147       2.561273       3.732446       1.000000     541.499386       0.000000            0
# Jump frustrated.
       321       160.5000       1       1       6.014513       4.331692      10.346205       2.561274       4.290306       1.000000     541.499386       0.000000            0
# Jump frustrated.
       322       161.0000       1       1       6.013800       4.351829      10.365629       2.561273       4.982702       1.000000     541.499386       0.000000            0
# Jump frustrated.
       323       161.5000       1       1       6.165577       4.208166      10.373742       2.561273       5.084972       1.000000     541.499386       0.000000            0
# Jump frustrated.
       324       162.0000       1       1       6.547522       3.806447      10.353969       2.561273       4.311512       1.000000     541.499386       0.000000            0
# Jump frustrated.
       325       162.5000       1       1       6.940749       3.396217      10.336966       2.561273       3.252752       1.000000     541.499386       0.000000            0
# Jump frustrated.
       326       163.0000       1       1       7.113615       3.222451      10.336065       2.561273       2.611797       1.000000     541.499386       0.000000            1
       327       163.5000       1       1       7.028703       3.316081      10.344784       2.561273       2.566288       1.000000     541.499386       0.000000            0
# Jump frustrated.
       328       164.0000       1       1       6.792591       3.563340      10.355932       2.561273       2.802911       1.000000     541.499386       0.000000            0
# Jump frustrated.
       329       164.5000       1       1       6.555829       3.808524      10.364353       2.561273       2.946751       1.000000     541.499386       0.000000            0
       330       165.0000       1       1       6.429568       3.936617      10.366185       2.561273       2.826912       1.000000     541.499386       0.000000            0
       331       165.5000       1       1       6.431396       3.929558      10.360954       2.561274       2.486982       1.000000     541.499386       0.000000            0
# Jump frustrated.
       332       166.0000       1       1       6.489684       3.864577      10.354261       2.561274       2.158720       1.000000     541.499386       0.000000            1
# Jump frustrated.
       333       166.5000       1       1       6.502239       3.846931      10.349170       2.561274       2.029275       1.000000     541.499386       0.000000            0
       334       167.0000       1       1       6.388772       3.958623      10.347395       2.561274       2.152839       1.000000     541.499386       0.000000            0
# Jump frustrated.
       335       167.5000       1       1       6.117174       4.232456      10.349629       2.561274       2.451904       1.000000     541.499386       0.000000            0
       336       168.0000       1       1       5.711841       4.643724      10.355565       2.561275       2.848671       1.000000     541.499386       0.000000            0
# Jump frustrated.
       337       168.5000       1       1       5.247590       5.114783      10.362373       2.561276       3.271953       1.000000     541.499386       0.000000            1
# Jump frustrated.
       338       169.0000       1       1       4.827290       5.543075      10.370365       2.561276       3.663554       1.000000     541.499386       0.000000            0
       339       169.5000       1       1       4.547533       5.826665      10.374198       2.561275       4.001448       1.000000     541.499386       0.000000            0
# Jump frustrated.
       340       170.0000       1       1       4.469330       5.904933      10.374263       2.561275       4.308265       1.000000     541.499386       0.000000            0
# Jump frustrated.
       341       170.5000       1       1       4.594721       5.772688      10.367408       2.561276       4.471666       1.000000     541.499386       0.000000            0
       342       171.0000       1       1       4.851559       5.506329      10.357888       2.561277       4.409678       1.000000     541.499386       0.000000            0
# Jump frustrated.
       343       171.5000       1       1       5.110716       5.236233      10.346949       2.561278       4.144956       1.000000     541.499386       0.000000            0
# Jump frustrated.
       344       172.0000       1       1       5.209551       5.120596      10.330147       2.561278       3.805304       1.000000     541.499386       0.000000            0
       345       172.5000       1       1       4.992998       5.334638      10.327636       2.561279       3.921993       1.000000     541.499386       0.000000            0
# Jump frustrated.
       346       173.0000       1       1       4.497571       5.858222      10.355793       2.561278       5.134978       1.000000     541.499386       0.000000            1
       347       173.5000       1       1       4.215101       6.186032      10.401133       2.561277       6.134454       1.000000     541.499386       0.000000            0
# Jump frustrated.
       348       174.0000       1       1       4.650328       5.730544      10.380871       2.561276       5.687234       1.000000     541.499386       0.000000            0
# Jump frustrated.
       349       174.5000       1       1       5.535450       4.785312      10.320762       2.561275       3.994234       1.000000     541.499386       0.000000            0
# Jump frustrated.
       350       175.0000       1       1       6.175112       4.137787      10.312899       2.561275       3.415503       1.000000     541.499386       0.000000            0
# Jump frustrated.
       351       175.5000       1       1       6.365793       3.974401      10.340194       2.561275       3.900915       1.000000     541.499386       0.000000            0
# Jump frustrated.
       352       176.0000       1       1       6.331518       4.021943      10.353461       2.561275       4.086760       1.000000     541.499386       0.000000            1
       353       176.5000       1       1       6.249372       4.103532      10.352904       2.561276       3.818873       1.000000     541.499386       0.000000            0
# Jump frustrated.
       354       177.0000       1       1       6.118904       4.233286      10.352191       2.561276       3.371884       1.000000     541.499386       0.000000            0
       355       177.5000       1       1       5.914077       4.442761      10.356838       2.561277       3.048341       1.000000     541.499386       0.000000            0
# Jump frustrated.
       356       178.0000       1       1       5.674543       4.690228      10.364771       2.561279       2.924177       1.000000     541.499386       0.000000            0
       357       178.5000       1       1       5.472914       4.894513      10.367427       2.561278       2.858742       1.000000     541.499386       0.000000            0
       358       179.0000       1       1       5.351662       5.014717      10.366378       2.561276       2.711886       1.000000     541.499386       0.000000            0
# Jump frustrated.
       359       179.5000       1       1       5.307658       5.057899      10.365557       2.561275       2.517428       1.000000     541.499386       0.000000            1
       360       180.0000       1       1       5.325484       5.039837      10.365321       2.561275       2.331316       1.000000     541.499386       0.000000            0
# Jump frustrated.
       361       180.5000       1       1       5.393457       4.970497      10.363953       2.561275       2.176996       1.000000     541.499386       0.000000            0
# Jump frustrated.
       362       181.0000       1       1       5.498819       4.864410      10.363229       2.561275       2.120217       1.000000     541.499386       0.000000            0
# Jump frustrated.
       363       181.5000       1       1       5.644673       4.720746      10.365419       2.561275       2.213828       1.000000     541.499386       0.000000            0
# Jump frustrated.
       364       182.0000       1       1       5.864518       4.501929      10.366447       2.561276       2.398727       1.000000     541.499386       0.000000            0
       365       182.5000       1       1       6.177484       4.185537      10.363021       2.561276       2.523683       1.000000     541.499386       0.000000            0
# Jump frustrated.
       366       183.0000       1       1       6.568724       3.792538      10.361262       2.561276       2.685216       1.000000     541.499386       0.000000            0
# Jump frustrated.
       367       183.5000       1       1       7.004035       3.352827      10.356863       2.561276       2.751329       1.000000     541.499386       0.000000            0
       368       184.0000       1       1       7.411610       2.937407      10.349017       2.561277       2.753439       1.000000     541.499386       0.000000            1
       369       184.5000       1       1       7.665939       2.665443      10.331382       2.561278       2.660934       1.000000     541.499386       0.000000            0
       370       185.0000       1       1       7.509270       2.786685      10.295955       2.561279       2.695038       1.000000     541.499386       0.000000            0
# Jump frustrated.
       371       185.5000       1       1       6.618858       3.670673      10.289531       2.561280       3.891411       1.000000     541.499386       0.000000            0
# Jump frustrated.
       372       186.0000       1       1       5.070527       5.294778      10.365305       2.561281       6.286340       1.000000     541.499386       0.000000            0
       373       186.5000       1       1       3.779435       6.659997      10.439433       2.561279       8.042155       1.000000     541.499386       0.000000            0
# Jump frustrated.
       374       187.0000       1       1       3.754176       6.665810      10.419987       2.561278       7.632337       1.000000     541.499386       0.000000            0
# Jump frustrated.
       375       187.5000       1       1       4.770382       5.565289      10.335671       2.561278       5.402783       1.000000     541.499386       0.000000            0
       376       188.0000       1       1       5.723041       4.586840      10.309881       2.561278       3.199486       1.000000     541.499386       0.000000            1
# Jump frustrated.
       377       188.5000       1       1       6.015416       4.318820      10.334236       2.561277       2.654286       1.000000     541.499386       0.000000            0
# Jump frustrated.
       378       189.0000       1       1       5.809393       4.553208      10.362601       2.561277       3.009037       1.000000     541.499386       0.000000            0
       379       189.5000       1       1       5.447088       4.932712      10.379800       2.561277       3.305558       1.000000     541.499386       0.000000            0
# Jump frustrated.
       380       190.0000       1       1       5.141065       5.239347      10.380412       2.561278       3.417180       1.000000     541.499386       0.000000            0
# Jump frustrated.
       381       190.5000       1       1       4.939688       5.440517      10.380205       2.561277       3.548327       1.000000     541.499386       0.000000            0
       382       191.0000       1       1       4.844061       5.539130      10.383192       2.561277       3.639917       1.000000     541.499386       0.000000            0
       383       191.5000       1       1       4.860263       5.520861      10.381124       2.561279       3.512584       1.000000     541.499386       0.000000            1
       384       192.0000       1       1       4.932391       5.440102      10.372493       2.561281       3.203836       1.000000     541.499386       0.000000            0
# Jump frustrated.
       385       192.5000       1       1       4.953579       5.419964      10.373544       2.561281       2.871143       1.000000     541.499386       0.000000            0
# Jump frustrated.
       386       193.0000       1       1       4.882794       5.491589      10.374383       2.561282       2.651821       1.000000     541.499386       0.000000            0
# Jump frustrated.
       387       193.5000       1       1       4.736267       5.639197      10.375464       2.561282       2.577325       1.000000     541.499386       0.000000            0
       388       194.0000       1       1       4.542238       5.837876      10.380114       2.561282       2.573233       1.000000     541.499386       0.000000            0
       389       194.5000       1       1       4.357838       6.025967      10.383806       2.561282       2.540449       1.000000     541.499386       0.000000            1
# Jump frustrated.
       390       195.0000       1       1       4.225476       6.158005      10.383481       2.561283       2.457558       1.000000     541.499386       0.000000            0
       391       195.5000       1       1       4.151374       6.231498      10.382872       2.561283       2.432523       1.000000     541.499386       0.000000            0
# Jump frustrated.
       392       196.0000       1       1       4.144914       6.242086      10.387000       2.561282       2.616200       1.000000     541.499386       0.000000            0
       393       196.5000       1       1       4.268441       6.125619      10.394059       2.561283       2.944615       1.000000     541.499386       0.000000            0
# Jump frustrated.
       394       197.0000       1       1       4.620240       5.778085      10.398325       2.561286       3.199746       1.000000     541.499386       0.000000            0
# Jump frustrated.
       395       197.5000       1       1       5.263513       5.133675      10.397188       2.561287       3.248890       1.000000     541.499386       0.000000            1
       396       198.0000       1       1       6.186928       4.202768      10.389696       2.561287       3.201401       1.000000     541.499386       0.000000            0
       397       198.5000       1       1       7.304521       3.065293      10.369813       2.561290       3.172622       1.000000     541.499386       0.000000            0
# Jump frustrated.
       398       199.0000       1       1       8.314394       2.029337      10.343731       2.561291       2.537394       1.000000     541.499386       0.000000            0
# Jump frustrated.
       399       199.5000       1       1       8.920026       1.418351      10.338377       2.561292       2.366613       1.000000     541.499386       0.000000            0
       400       200.0000       1       1       8.972205       1.334686      10.306890       2.561292       2.459452       1.000000     541.499386       0.000000            0
