#===============================================================================================================================================================================
#     Step |         Time |         State |                                     Energy |      Angular |     Gradient |      Density |           Expectation Value |    Runtime |
#          |              |  diag |   MCH |          kin |          pot |          tot |     Momentum |          RMS |        Total |           DM |            S |            |
#          |         [fs] |       |       |         [eV] |         [eV] |         [eV] |       [hbar] |     [eV/Ang] |              |      [Debye] |              |      [sec] |
#===============================================================================================================================================================================
         0         0.0000       2       2       0.189714      10.382795      10.572509       0.000154       3.615329       1.000000     541.499386       0.000000            3
# Surface Hop/Pointer State Switch: new state=      1 old state=      2 randnum=  0.468300776 gap= ********* eV
         1         0.5000       1       1      10.349556       0.222953      10.572509       2.212150       1.715742       1.000000     541.499386       0.000000            2
# Jump frustrated.
         2         1.0000       1       1      10.037760       0.537269      10.575029       2.212150       2.291849       1.000000     541.499386       0.000000            1
# Jump frustrated.
         3         1.5000       1       1       9.174113       1.423126      10.597239       2.212150       3.584531       1.000000     541.499386       0.000000            1
         4         2.0000       1       1       8.073420       2.558941      10.632360       2.212150       4.832890       1.000000     541.499386       0.000000            0
         5         2.5000       1       1       7.172749       3.476976      10.649725       2.212150       5.245169       1.000000     541.499386       0.000000            0
# Jump frustrated.
         6         3.0000       1       1       6.652451       3.979384      10.631835       2.212150       4.672833       1.000000     541.499386       0.000000            0
# Jump frustrated.
         7         3.5000       1       1       6.323305       4.294945      10.618251       2.212149       3.998734       1.000000     541.499386       0.000000            0
         8         4.0000       1       1       5.980974       4.637081      10.618055       2.212149       3.664848       1.000000     541.499386       0.000000            0
# Jump frustrated.
         9         4.5000       1       1       5.586523       5.038384      10.624907       2.212149       3.621277       1.000000     541.499386       0.000000            1
# Jump frustrated.
        10         5.0000       1       1       5.194087       5.434497      10.628584       2.212149       3.628969       1.000000     541.499386       0.000000            0
        11         5.5000       1       1       4.874727       5.760647      10.635374       2.212148       3.616345       1.000000     541.499386       0.000000            0
# Jump frustrated.
        12         6.0000       1       1       4.699707       5.937320      10.637026       2.212149       3.463785       1.000000     541.499386       0.000000            0
# Jump frustrated.
        13         6.5000       1       1       4.691168       5.942717      10.633885       2.212149       3.231643       1.000000     541.499386       0.000000            0
        14         7.0000       1       1       4.806427       5.822513      10.628940       2.212149       2.999716       1.000000     541.499386       0.000000            0
# Jump frustrated.
        15         7.5000       1       1       4.977849       5.647293      10.625142       2.212149       2.863493       1.000000     541.499386       0.000000            0
# Jump frustrated.
        16         8.0000       1       1       5.148475       5.474150      10.622624       2.212149       2.928157       1.000000     541.499386       0.000000            1
# Jump frustrated.
        17         8.5000       1       1       5.282842       5.337129      10.619972       2.212149       3.211607       1.000000     541.499386       0.000000            0
        18         9.0000       1       1       5.369381       5.252841      10.622222       2.212149       3.728847       1.000000     541.499386       0.000000            0
# Jump frustrated.
        19         9.5000       1       1       5.467182       5.164816      10.631998       2.212149       4.365503       1.000000     541.499386       0.000000            0
        20        10.0000       1       1       5.722322       4.918803      10.641125       2.212149       4.820812       1.000000     541.499386       0.000000            0
# Jump frustrated.
        21        10.5000       1       1       6.250444       4.384631      10.635075       2.212149       4.798526       1.000000     541.499386       0.000000            0
        22        11.0000       1       1       6.961510       3.650950      10.612460       2.212149       4.228772       1.000000     541.499386       0.000000            1
# Jump frustrated.
        23        11.5000       1       1       7.571370       3.023356      10.594726       2.212149       3.493439       1.000000     541.499386       0.000000            0
# Jump frustrated.
        24        12.0000       1       1       7.825363       2.764471      10.589834       2.212148       3.151468       1.000000     541.499386       0.000000            0
        25        12.5000       1       1       7.644132       2.953393      10.597525       2.212148       3.586029       1.000000     541.499386       0.000000            0
# Jump frustrated.
        26        13.0000       1       1       7.172061       3.450818      10.622879       2.212148       4.608461       1.000000     541.499386       0.000000            0
# Jump frustrated.
        27        13.5000       1       1       6.770047       3.875788      10.645835       2.212147       5.329279       1.000000     541.499386       0.000000            0
        28        14.0000       1       1       6.745849       3.892397      10.638246       2.212147       4.941814       1.000000     541.499386       0.000000            1
        29        14.5000       1       1       7.022580       3.592613      10.615193       2.212147       3.795632       1.000000     541.499386       0.000000            0
# Jump frustrated.
        30        15.0000       1       1       7.297902       3.309438      10.607339       2.212147       2.907650       1.000000     541.499386       0.000000            0
# Jump frustrated.
        31        15.5000       1       1       7.406836       3.204597      10.611432       2.212147       2.755529       1.000000     541.499386       0.000000            0
        32        16.0000       1       1       7.365937       3.251723      10.617660       2.212147       3.014470       1.000000     541.499386       0.000000            0
# Jump frustrated.
        33        16.5000       1       1       7.253402       3.370266      10.623669       2.212146       3.350631       1.000000     541.499386       0.000000            0
        34        17.0000       1       1       7.142146       3.484658      10.626803       2.212147       3.606528       1.000000     541.499386       0.000000            1
        35        17.5000       1       1       7.068682       3.558150      10.626832       2.212147       3.795158       1.000000     541.499386       0.000000            0
        36        18.0000       1       1       7.029776       3.595312      10.625087       2.212147       3.934902       1.000000     541.499386       0.000000            0
# Jump frustrated.
        37        18.5000       1       1       7.001882       3.621678      10.623560       2.212147       3.989782       1.000000     541.499386       0.000000            0
# Jump frustrated.
        38        19.0000       1       1       6.954620       3.666106      10.620725       2.212147       3.917860       1.000000     541.499386       0.000000            0
# Jump frustrated.
        39        19.5000       1       1       6.857466       3.762435      10.619901       2.212147       3.755362       1.000000     541.499386       0.000000            0
# Jump frustrated.
        40        20.0000       1       1       6.700564       3.920216      10.620779       2.212147       3.570442       1.000000     541.499386       0.000000            0
# Jump frustrated.
        41        20.5000       1       1       6.506030       4.118272      10.624302       2.212148       3.444988       1.000000     541.499386       0.000000            0
        42        21.0000       1       1       6.329302       4.300343      10.629645       2.212147       3.412865       1.000000     541.499386       0.000000            0
# Jump frustrated.
        43        21.5000       1       1       6.248860       4.385669      10.634529       2.212147       3.433930       1.000000     541.499386       0.000000            1
# Jump frustrated.
        44        22.0000       1       1       6.327585       4.306779      10.634364       2.212148       3.401224       1.000000     541.499386       0.000000            0
        45        22.5000       1       1       6.565248       4.063879      10.629128       2.212148       3.247504       1.000000     541.499386       0.000000            0
# Jump frustrated.
        46        23.0000       1       1       6.883828       3.736899      10.620728       2.212148       3.014734       1.000000     541.499386       0.000000            0
# Jump frustrated.
        47        23.5000       1       1       7.157054       3.453724      10.610778       2.212148       2.768799       1.000000     541.499386       0.000000            0
# Jump frustrated.
        48        24.0000       1       1       7.260791       3.346599      10.607391       2.212149       2.606104       1.000000     541.499386       0.000000            0
# Jump frustrated.
        49        24.5000       1       1       7.145975       3.466181      10.612156       2.212149       2.686139       1.000000     541.499386       0.000000            1
# Jump frustrated.
        50        25.0000       1       1       6.860654       3.757452      10.618107       2.212150       2.964427       1.000000     541.499386       0.000000            0
# Jump frustrated.
        51        25.5000       1       1       6.501234       4.125123      10.626358       2.212150       3.267536       1.000000     541.499386       0.000000            0
# Jump frustrated.
        52        26.0000       1       1       6.182478       4.448159      10.630637       2.212149       3.297836       1.000000     541.499386       0.000000            0
# Jump frustrated.
        53        26.5000       1       1       5.951646       4.674242      10.625888       2.212149       3.096667       1.000000     541.499386       0.000000            0
# Jump frustrated.
        54        27.0000       1       1       5.772314       4.852576      10.624890       2.212149       2.972636       1.000000     541.499386       0.000000            0
# Jump frustrated.
        55        27.5000       1       1       5.616426       5.008696      10.625122       2.212149       3.038573       1.000000     541.499386       0.000000            0
# Jump frustrated.
        56        28.0000       1       1       5.491656       5.135959      10.627615       2.212150       3.212515       1.000000     541.499386       0.000000            0
# Jump frustrated.
        57        28.5000       1       1       5.426223       5.203223      10.629446       2.212150       3.374294       1.000000     541.499386       0.000000            1
# Jump frustrated.
        58        29.0000       1       1       5.440187       5.189106      10.629293       2.212150       3.479152       1.000000     541.499386       0.000000            0
        59        29.5000       1       1       5.529919       5.098382      10.628301       2.212149       3.559515       1.000000     541.499386       0.000000            0
        60        30.0000       1       1       5.677051       4.950359      10.627409       2.212150       3.670647       1.000000     541.499386       0.000000            0
        61        30.5000       1       1       5.861615       4.764966      10.626581       2.212150       3.878305       1.000000     541.499386       0.000000            0
# Jump frustrated.
        62        31.0000       1       1       6.073342       4.553831      10.627173       2.212149       4.208113       1.000000     541.499386       0.000000            0
        63        31.5000       1       1       6.329924       4.301381      10.631305       2.212149       4.597600       1.000000     541.499386       0.000000            1
# Jump frustrated.
        64        32.0000       1       1       6.690690       3.945544      10.636233       2.212149       4.892407       1.000000     541.499386       0.000000            0
        65        32.5000       1       1       7.209534       3.422168      10.631702       2.212149       4.831187       1.000000     541.499386       0.000000            0
# Jump frustrated.
        66        33.0000       1       1       7.850140       2.770076      10.620216       2.212148       4.320290       1.000000     541.499386       0.000000            0
        67        33.5000       1       1       8.474993       2.134178      10.609171       2.212148       3.541052       1.000000     541.499386       0.000000            0
# Jump frustrated.
        68        34.0000       1       1       8.933754       1.670800      10.604554       2.212148       2.734423       1.000000     541.499386       0.000000            0
# Jump frustrated.
        69        34.5000       1       1       9.140430       1.462986      10.603416       2.212147       2.151478       1.000000     541.499386       0.000000            0
# Jump frustrated.
        70        35.0000       1       1       9.076713       1.528798      10.605510       2.212147       1.983609       1.000000     541.499386       0.000000            0
        71        35.5000       1       1       8.775810       1.834394      10.610205       2.212147       2.205828       1.000000     541.499386       0.000000            0
        72        36.0000       1       1       8.301515       2.313135      10.614649       2.212147       2.611433       1.000000     541.499386       0.000000            1
        73        36.5000       1       1       7.707214       2.906058      10.613273       2.212147       3.153588       1.000000     541.499386       0.000000            0
# Jump frustrated.
        74        37.0000       1       1       7.058451       3.563756      10.622206       2.212147       3.587469       1.000000     541.499386       0.000000            0
# Jump frustrated.
        75        37.5000       1       1       6.455851       4.172458      10.628309       2.212147       3.767255       1.000000     541.499386       0.000000            0
# Jump frustrated.
        76        38.0000       1       1       5.970040       4.659710      10.629750       2.212147       3.900699       1.000000     541.499386       0.000000            0
        77        38.5000       1       1       5.634187       4.994994      10.629181       2.212147       3.986346       1.000000     541.499386       0.000000            0
# Jump frustrated.
        78        39.0000       1       1       5.457673       5.171252      10.628925       2.212147       4.076194       1.000000     541.499386       0.000000            0
# Jump frustrated.
        79        39.5000       1       1       5.433736       5.194919      10.628655       2.212147       4.120865       1.000000     541.499386       0.000000            0
        80        40.0000       1       1       5.554385       5.072847      10.627232       2.212147       4.101497       1.000000     541.499386       0.000000            1
        81        40.5000       1       1       5.798659       4.825795      10.624453       2.212147       3.979152       1.000000     541.499386       0.000000            0
# Jump frustrated.
        82        41.0000       1       1       6.125288       4.494455      10.619744       2.212147       3.724513       1.000000     541.499386       0.000000            0
        83        41.5000       1       1       6.468882       4.144638      10.613520       2.212147       3.314608       1.000000     541.499386       0.000000            0
        84        42.0000       1       1       6.743522       3.864370      10.607892       2.212147       2.780760       1.000000     541.499386       0.000000            0
# Jump frustrated.
        85        42.5000       1       1       6.866664       3.737315      10.603978       2.212147       2.316222       1.000000     541.499386       0.000000            0
# Jump frustrated.
        86        43.0000       1       1       6.792441       3.812053      10.604494       2.212147       2.250087       1.000000     541.499386       0.000000            0
        87        43.5000       1       1       6.547485       4.064710      10.612195       2.212147       2.826787       1.000000     541.499386       0.000000            1
# Jump frustrated.
        88        44.0000       1       1       6.260767       4.364286      10.625053       2.212147       3.669734       1.000000     541.499386       0.000000            0
# Jump frustrated.
        89        44.5000       1       1       6.106673       4.520821      10.627494       2.212146       4.075546       1.000000     541.499386       0.000000            0
        90        45.0000       1       1       6.118969       4.494870      10.613839       2.212146       3.765774       1.000000     541.499386       0.000000            0
# Jump frustrated.
        91        45.5000       1       1       6.139053       4.466843      10.605897       2.212145       3.104855       1.000000     541.499386       0.000000            0
# Jump frustrated.
        92        46.0000       1       1       6.022594       4.584349      10.606943       2.212145       2.620131       1.000000     541.499386       0.000000            0
# Jump frustrated.
        93        46.5000       1       1       5.755833       4.856936      10.612769       2.212145       2.503929       1.000000     541.499386       0.000000            1
# Jump frustrated.
        94        47.0000       1       1       5.411347       5.209036      10.620384       2.212145       2.570921       1.000000     541.499386       0.000000            0
# Jump frustrated.
        95        47.5000       1       1       5.092718       5.534148      10.626865       2.212145       2.660011       1.000000     541.499386       0.000000            0
# Jump frustrated.
        96        48.0000       1       1       4.884574       5.745284      10.629857       2.212145       2.697099       1.000000     541.499386       0.000000            0
# Jump frustrated.
        97        48.5000       1       1       4.829082       5.800507      10.629589       2.212146       2.668913       1.000000     541.499386       0.000000            0
# Jump frustrated.
        98        49.0000       1       1       4.928896       5.699195      10.628091       2.212146       2.599311       1.000000     541.499386       0.000000            0
# Jump frustrated.
        99        49.5000       1       1       5.163567       5.462731      10.626299       2.212146       2.532027       1.000000     541.499386       0.000000            1
# Jump frustrated.
       100        50.0000       1       1       5.511274       5.114991      10.626264       2.212145       2.515124       1.000000     541.499386       0.000000            0
       101        50.5000       1       1       5.963635       4.662616      10.626251       2.212145       2.584645       1.000000     541.499386       0.000000            0
# Jump frustrated.
       102        51.0000       1       1       6.519977       4.106231      10.626208       2.212145       2.712565       1.000000     541.499386       0.000000            0
# Jump frustrated.
       103        51.5000       1       1       7.161204       3.461406      10.622610       2.212144       2.777991       1.000000     541.499386       0.000000            0
# Jump frustrated.
       104        52.0000       1       1       7.844247       2.775889      10.620136       2.212144       2.759185       1.000000     541.499386       0.000000            0
# Jump frustrated.
       105        52.5000       1       1       8.515042       2.098262      10.613304       2.212144       2.603392       1.000000     541.499386       0.000000            1
       106        53.0000       1       1       9.080547       1.523607      10.604155       2.212143       2.300786       1.000000     541.499386       0.000000            0
# Jump frustrated.
       107        53.5000       1       1       9.419635       1.178358      10.597993       2.212143       1.999480       1.000000     541.499386       0.000000            0
# Jump frustrated.
       108        54.0000       1       1       9.434522       1.159258      10.593781       2.212144       2.006028       1.000000     541.499386       0.000000            0
# Jump frustrated.
       109        54.5000       1       1       9.100878       1.500563      10.601441       2.212144       2.568124       1.000000     541.499386       0.000000            0
       110        55.0000       1       1       8.549502       2.070443      10.619944       2.212144       3.296939       1.000000     541.499386       0.000000            0
# Jump frustrated.
       111        55.5000       1       1       8.027929       2.603991      10.631920       2.212144       3.656629       1.000000     541.499386       0.000000            0
       112        56.0000       1       1       7.696517       2.929103      10.625620       2.212144       3.369512       1.000000     541.499386       0.000000            1
# Jump frustrated.
       113        56.5000       1       1       7.495474       3.119063      10.614537       2.212145       2.859262       1.000000     541.499386       0.000000            0
# Jump frustrated.
       114        57.0000       1       1       7.279620       3.333312      10.612932       2.212145       2.688845       1.000000     541.499386       0.000000            0
       115        57.5000       1       1       6.997443       3.620225      10.617667       2.212145       2.831552       1.000000     541.499386       0.000000            0
# Jump frustrated.
       116        58.0000       1       1       6.687402       3.934333      10.621735       2.212145       3.034880       1.000000     541.499386       0.000000            0
# Jump frustrated.
       117        58.5000       1       1       6.403061       4.221037      10.624098       2.212145       3.157581       1.000000     541.499386       0.000000            0
       118        59.0000       1       1       6.177747       4.447744      10.625491       2.212145       3.212165       1.000000     541.499386       0.000000            0
# Jump frustrated.
       119        59.5000       1       1       6.028660       4.598051      10.626710       2.212145       3.165575       1.000000     541.499386       0.000000            0
       120        60.0000       1       1       5.955766       4.669467      10.625233       2.212146       3.014014       1.000000     541.499386       0.000000            1
# Jump frustrated.
       121        60.5000       1       1       5.932239       4.689813      10.622052       2.212145       2.771883       1.000000     541.499386       0.000000            0
# Jump frustrated.
       122        61.0000       1       1       5.901643       4.714518      10.616161       2.212145       2.460794       1.000000     541.499386       0.000000            0
# Jump frustrated.
       123        61.5000       1       1       5.780594       4.828909      10.609503       2.212145       2.209504       1.000000     541.499386       0.000000            0
# Jump frustrated.
       124        62.0000       1       1       5.497790       5.112292      10.610082       2.212145       2.329181       1.000000     541.499386       0.000000            0
# Jump frustrated.
       125        62.5000       1       1       5.082473       5.538715      10.621188       2.212145       2.829803       1.000000     541.499386       0.000000            0
# Jump frustrated.
       126        63.0000       1       1       4.687398       5.945624      10.633022       2.212144       3.274984       1.000000     541.499386       0.000000            0
# Jump frustrated.
       127        63.5000       1       1       4.474460       6.160081      10.634541       2.212145       3.253187       1.000000     541.499386       0.000000            0
# Jump frustrated.
       128        64.0000       1       1       4.464881       6.160496      10.625377       2.212145       2.800727       1.000000     541.499386       0.000000            1
       129        64.5000       1       1       4.539551       6.078492      10.618043       2.212145       2.421085       1.000000     541.499386       0.000000            0
# Jump frustrated.
       130        65.0000       1       1       4.581800       6.035517      10.617318       2.212145       2.499696       1.000000     541.499386       0.000000            0
# Jump frustrated.
       131        65.5000       1       1       4.560793       6.059600      10.620392       2.212146       2.868972       1.000000     541.499386       0.000000            0
       132        66.0000       1       1       4.507776       6.115861      10.623637       2.212146       3.238771       1.000000     541.499386       0.000000            0
# Jump frustrated.
       133        66.5000       1       1       4.467518       6.158005      10.625523       2.212146       3.479689       1.000000     541.499386       0.000000            0
# Jump frustrated.
       134        67.0000       1       1       4.471783       6.154061      10.625844       2.212146       3.555023       1.000000     541.499386       0.000000            0
# Jump frustrated.
       135        67.5000       1       1       4.533357       6.091779      10.625136       2.212146       3.484546       1.000000     541.499386       0.000000            1
       136        68.0000       1       1       4.651640       5.973028      10.624667       2.212146       3.317807       1.000000     541.499386       0.000000            0
# Jump frustrated.
       137        68.5000       1       1       4.833000       5.793864      10.626864       2.212146       3.176151       1.000000     541.499386       0.000000            0
# Jump frustrated.
       138        69.0000       1       1       5.122692       5.509650      10.632343       2.212147       3.143073       1.000000     541.499386       0.000000            0
# Jump frustrated.
       139        69.5000       1       1       5.596028       5.038591      10.634619       2.212147       3.076320       1.000000     541.499386       0.000000            0
       140        70.0000       1       1       6.287265       4.341657      10.628922       2.212146       2.793640       1.000000     541.499386       0.000000            0
# Jump frustrated.
       141        70.5000       1       1       7.121716       3.496699      10.618415       2.212145       2.263494       1.000000     541.499386       0.000000            0
       142        71.0000       1       1       7.949456       2.663989      10.613446       2.212144       1.786633       1.000000     541.499386       0.000000            1
# Jump frustrated.
       143        71.5000       1       1       8.661185       1.947332      10.608517       2.212145       1.634938       1.000000     541.499386       0.000000            0
# Jump frustrated.
       144        72.0000       1       1       9.176367       1.423956      10.600324       2.212144       1.663073       1.000000     541.499386       0.000000            0
# Jump frustrated.
       145        72.5000       1       1       9.404113       1.198703      10.602816       2.212144       1.846926       1.000000     541.499386       0.000000            0
# Jump frustrated.
       146        73.0000       1       1       9.358189       1.252266      10.610455       2.212143       2.011997       1.000000     541.499386       0.000000            0
       147        73.5000       1       1       9.116031       1.497241      10.613273       2.212143       2.215646       1.000000     541.499386       0.000000            0
# Jump frustrated.
       148        74.0000       1       1       8.728615       1.887957      10.616571       2.212142       2.466917       1.000000     541.499386       0.000000            0
# Jump frustrated.
       149        74.5000       1       1       8.247246       2.371680      10.618926       2.212142       2.731689       1.000000     541.499386       0.000000            0
       150        75.0000       1       1       7.719676       2.902944      10.622621       2.212142       3.046974       1.000000     541.499386       0.000000            0
       151        75.5000       1       1       7.201222       3.424659      10.625882       2.212143       3.300582       1.000000     541.499386       0.000000            0
# Jump frustrated.
       152        76.0000       1       1       6.743784       3.884507      10.628292       2.212143       3.531158       1.000000     541.499386       0.000000            1
       153        76.5000       1       1       6.385330       4.243667      10.628997       2.212144       3.724028       1.000000     541.499386       0.000000            0
# Jump frustrated.
       154        77.0000       1       1       6.149255       4.480338      10.629593       2.212145       3.891016       1.000000     541.499386       0.000000            0
       155        77.5000       1       1       6.041444       4.587878      10.629322       2.212145       4.047665       1.000000     541.499386       0.000000            0
# Jump frustrated.
       156        78.0000       1       1       6.052175       4.575422      10.627597       2.212146       4.193042       1.000000     541.499386       0.000000            0
# Jump frustrated.
       157        78.5000       1       1       6.156955       4.468504      10.625459       2.212146       4.328141       1.000000     541.499386       0.000000            0
# Jump frustrated.
       158        79.0000       1       1       6.335983       4.290378      10.626361       2.212146       4.484786       1.000000     541.499386       0.000000            0
       159        79.5000       1       1       6.577967       4.042704      10.620670       2.212146       4.476759       1.000000     541.499386       0.000000            1
       160        80.0000       1       1       6.829412       3.783196      10.612607       2.212147       4.099343       1.000000     541.499386       0.000000            0
       161        80.5000       1       1       7.012167       3.601125      10.613292       2.212148       3.523445       1.000000     541.499386       0.000000            0
# Jump frustrated.
       162        81.0000       1       1       7.053795       3.548600      10.602396       2.212149       2.928987       1.000000     541.499386       0.000000            0
# Jump frustrated.
       163        81.5000       1       1       6.870144       3.733785      10.603930       2.212150       2.985851       1.000000     541.499386       0.000000            0
# Jump frustrated.
       164        82.0000       1       1       6.527441       4.098134      10.625576       2.212150       3.865918       1.000000     541.499386       0.000000            0
       165        82.5000       1       1       6.314304       4.326709      10.641013       2.212149       4.370038       1.000000     541.499386       0.000000            0
# Jump frustrated.
       166        83.0000       1       1       6.417205       4.210034      10.627239       2.212149       3.940076       1.000000     541.499386       0.000000            1
# Jump frustrated.
       167        83.5000       1       1       6.665835       3.938070      10.603905       2.212150       3.192301       1.000000     541.499386       0.000000            0
# Jump frustrated.
       168        84.0000       1       1       6.749127       3.847761      10.596888       2.212150       3.135357       1.000000     541.499386       0.000000            0
# Jump frustrated.
       169        84.5000       1       1       6.533532       4.072806      10.606338       2.212151       3.899528       1.000000     541.499386       0.000000            0
# Jump frustrated.
       170        85.0000       1       1       6.114895       4.505873      10.620768       2.212151       4.696337       1.000000     541.499386       0.000000            0
# Jump frustrated.
       171        85.5000       1       1       5.664479       4.964891      10.629370       2.212151       5.243527       1.000000     541.499386       0.000000            0
       172        86.0000       1       1       5.304079       5.329240      10.633319       2.212152       5.436132       1.000000     541.499386       0.000000            1
       173        86.5000       1       1       5.095904       5.540169      10.636073       2.212152       5.371519       1.000000     541.499386       0.000000            0
# Jump frustrated.
       174        87.0000       1       1       5.065054       5.570064      10.635118       2.212152       5.071660       1.000000     541.499386       0.000000            0
# Jump frustrated.
       175        87.5000       1       1       5.190632       5.439479      10.630111       2.212152       4.539381       1.000000     541.499386       0.000000            0
# Jump frustrated.
       176        88.0000       1       1       5.403088       5.220870      10.623958       2.212151       3.833214       1.000000     541.499386       0.000000            0
# Jump frustrated.
       177        88.5000       1       1       5.616105       5.003921      10.620026       2.212151       3.140438       1.000000     541.499386       0.000000            0
# Jump frustrated.
       178        89.0000       1       1       5.780960       4.841573      10.622533       2.212151       2.784521       1.000000     541.499386       0.000000            1
       179        89.5000       1       1       5.931818       4.698947      10.630765       2.212151       2.901299       1.000000     541.499386       0.000000            0
       180        90.0000       1       1       6.169425       4.467259      10.636684       2.212152       3.117796       1.000000     541.499386       0.000000            0
# Jump frustrated.
       181        90.5000       1       1       6.567892       4.065955      10.633847       2.212151       3.050343       1.000000     541.499386       0.000000            0
# Jump frustrated.
       182        91.0000       1       1       7.094684       3.531992      10.626676       2.212151       2.716129       1.000000     541.499386       0.000000            0
# Jump frustrated.
       183        91.5000       1       1       7.651601       2.966057      10.617658       2.212151       2.444877       1.000000     541.499386       0.000000            0
       184        92.0000       1       1       8.127398       2.480881      10.608279       2.212151       2.191780       1.000000     541.499386       0.000000            0
       185        92.5000       1       1       8.417822       2.186910      10.604732       2.212151       2.093836       1.000000     541.499386       0.000000            0
# Jump frustrated.
       186        93.0000       1       1       8.475977       2.127742      10.603719       2.212151       2.329411       1.000000     541.499386       0.000000            1
       187        93.5000       1       1       8.280432       2.316249      10.596681       2.212151       2.905862       1.000000     541.499386       0.000000            0
# Jump frustrated.
       188        94.0000       1       1       7.761407       2.824469      10.585876       2.212150       3.994909       1.000000     541.499386       0.000000            0
       189        94.5000       1       1       6.881515       3.713647      10.595163       2.212151       5.847272       1.000000     541.499386       0.000000            0
# Jump frustrated.
       190        95.0000       1       1       5.969391       4.682131      10.651522       2.212151       7.767824       1.000000     541.499386       0.000000            0
# Jump frustrated.
       191        95.5000       1       1       5.712743       4.954096      10.666839       2.212151       8.181430       1.000000     541.499386       0.000000            0
       192        96.0000       1       1       6.299316       4.316536      10.615852       2.212150       6.801376       1.000000     541.499386       0.000000            0
# Jump frustrated.
       193        96.5000       1       1       7.097755       3.484865      10.582620       2.212150       4.620167       1.000000     541.499386       0.000000            1
       194        97.0000       1       1       7.537250       3.054497      10.591747       2.212151       3.299194       1.000000     541.499386       0.000000            0
# Jump frustrated.
       195        97.5000       1       1       7.598144       3.009862      10.608006       2.212150       2.829875       1.000000     541.499386       0.000000            0
# Jump frustrated.
       196        98.0000       1       1       7.440327       3.173663      10.613990       2.212149       2.735911       1.000000     541.499386       0.000000            0
# Jump frustrated.
       197        98.5000       1       1       7.152009       3.460575      10.612584       2.212148       2.805397       1.000000     541.499386       0.000000            0
# Jump frustrated.
       198        99.0000       1       1       6.740968       3.870183      10.611150       2.212149       3.100267       1.000000     541.499386       0.000000            0
# Jump frustrated.
       199        99.5000       1       1       6.207327       4.405807      10.613134       2.212150       3.709689       1.000000     541.499386       0.000000            0
# Jump frustrated.
       200       100.0000       1       1       5.612557       5.010772      10.623329       2.212150       4.581247       1.000000     541.499386       0.000000            0
# Jump frustrated.
       201       100.5000       1       1       5.110901       5.525636      10.636537       2.212151       5.556785       1.000000     541.499386       0.000000            1
# Jump frustrated.
       202       101.0000       1       1       4.926773       5.718918      10.645691       2.212151       6.021155       1.000000     541.499386       0.000000            0
# Jump frustrated.
       203       101.5000       1       1       5.185867       5.449860      10.635727       2.212151       5.557813       1.000000     541.499386       0.000000            0
# Jump frustrated.
       204       102.0000       1       1       5.750541       4.868977      10.619518       2.212153       4.529233       1.000000     541.499386       0.000000            0
# Jump frustrated.
       205       102.5000       1       1       6.368533       4.241590      10.610123       2.212154       3.576216       1.000000     541.499386       0.000000            0
       206       103.0000       1       1       6.875862       3.733993      10.609854       2.212153       2.974196       1.000000     541.499386       0.000000            0
# Jump frustrated.
       207       103.5000       1       1       7.229895       3.383553      10.613448       2.212153       2.820036       1.000000     541.499386       0.000000            1
# Jump frustrated.
       208       104.0000       1       1       7.461174       3.154563      10.615737       2.212153       2.868859       1.000000     541.499386       0.000000            0
       209       104.5000       1       1       7.579534       3.029584      10.609118       2.212152       2.882971       1.000000     541.499386       0.000000            0
       210       105.0000       1       1       7.488306       3.102454      10.590760       2.212153       2.896599       1.000000     541.499386       0.000000            0
# Jump frustrated.
       211       105.5000       1       1       7.004163       3.578703      10.582866       2.212153       3.471509       1.000000     541.499386       0.000000            0
# Jump frustrated.
       212       106.0000       1       1       6.122279       4.491133      10.613412       2.212154       5.004321       1.000000     541.499386       0.000000            0
# Jump frustrated.
       213       106.5000       1       1       5.321057       5.339621      10.660677       2.212155       6.353850       1.000000     541.499386       0.000000            1
# Jump frustrated.
       214       107.0000       1       1       5.189548       5.463354      10.652902       2.212156       6.400614       1.000000     541.499386       0.000000            0
       215       107.5000       1       1       5.642048       4.964891      10.606939       2.212155       5.675599       1.000000     541.499386       0.000000            0
# Jump frustrated.
       216       108.0000       1       1       6.122158       4.478677      10.600834       2.212154       5.575473       1.000000     541.499386       0.000000            0
# Jump frustrated.
       217       108.5000       1       1       6.383372       4.228511      10.611883       2.212153       5.805515       1.000000     541.499386       0.000000            0
       218       109.0000       1       1       6.509241       4.112875      10.622116       2.212153       5.852852       1.000000     541.499386       0.000000            0
       219       109.5000       1       1       6.625982       4.001805      10.627787       2.212153       5.577356       1.000000     541.499386       0.000000            1
       220       110.0000       1       1       6.795649       3.830322      10.625971       2.212153       5.028275       1.000000     541.499386       0.000000            0
# Jump frustrated.
       221       110.5000       1       1       6.987376       3.628736      10.616113       2.212154       4.311309       1.000000     541.499386       0.000000            0
# Jump frustrated.
       222       111.0000       1       1       7.056106       3.540919      10.597025       2.212155       3.421637       1.000000     541.499386       0.000000            0
       223       111.5000       1       1       6.829093       3.765757      10.594849       2.212155       3.214673       1.000000     541.499386       0.000000            0
# Jump frustrated.
       224       112.0000       1       1       6.367917       4.258199      10.626116       2.212156       4.392326       1.000000     541.499386       0.000000            1
# Jump frustrated.
       225       112.5000       1       1       6.102512       4.552585      10.655097       2.212156       5.322352       1.000000     541.499386       0.000000            0
       226       113.0000       1       1       6.408679       4.235570      10.644249       2.212156       5.092643       1.000000     541.499386       0.000000            0
       227       113.5000       1       1       7.127289       3.480298      10.607587       2.212156       3.918566       1.000000     541.499386       0.000000            0
# Jump frustrated.
       228       114.0000       1       1       7.790746       2.807653      10.598399       2.212155       3.094784       1.000000     541.499386       0.000000            0
# Jump frustrated.
       229       114.5000       1       1       8.159319       2.442681      10.602000       2.212155       2.998210       1.000000     541.499386       0.000000            0
# Jump frustrated.
       230       115.0000       1       1       8.229896       2.376870      10.606766       2.212155       3.196623       1.000000     541.499386       0.000000            0
       231       115.5000       1       1       8.055105       2.555204      10.610308       2.212155       3.502254       1.000000     541.499386       0.000000            1
       232       116.0000       1       1       7.680343       2.932217      10.612560       2.212155       3.976805       1.000000     541.499386       0.000000            0
# Jump frustrated.
       233       116.5000       1       1       7.144602       3.471994      10.616596       2.212155       4.667389       1.000000     541.499386       0.000000            0
# Jump frustrated.
       234       117.0000       1       1       6.545732       4.085470      10.631202       2.212156       5.367672       1.000000     541.499386       0.000000            0
       235       117.5000       1       1       6.060850       4.576875      10.637724       2.212156       5.639315       1.000000     541.499386       0.000000            0
       236       118.0000       1       1       5.795789       4.837213      10.633002       2.212156       5.367091       1.000000     541.499386       0.000000            0
       237       118.5000       1       1       5.718870       4.911952      10.630822       2.212157       4.817623       1.000000     541.499386       0.000000            1
# Jump frustrated.
       238       119.0000       1       1       5.762308       4.866071      10.628379       2.212158       4.274430       1.000000     541.499386       0.000000            0
# Jump frustrated.
       239       119.5000       1       1       5.887285       4.740884      10.628169       2.212159       3.927717       1.000000     541.499386       0.000000            0
       240       120.0000       1       1       6.078542       4.548433      10.626975       2.212158       3.707357       1.000000     541.499386       0.000000            0
# Jump frustrated.
       241       120.5000       1       1       6.316087       4.309478      10.625565       2.212158       3.582486       1.000000     541.499386       0.000000            0
# Jump frustrated.
       242       121.0000       1       1       6.572787       4.050385      10.623172       2.212158       3.542952       1.000000     541.499386       0.000000            0
       243       121.5000       1       1       6.800574       3.815167      10.615741       2.212157       3.627793       1.000000     541.499386       0.000000            0
# Jump frustrated.
       244       122.0000       1       1       6.905708       3.700776      10.606484       2.212157       4.017824       1.000000     541.499386       0.000000            1
       245       122.5000       1       1       6.799237       3.808524      10.607761       2.212157       4.871126       1.000000     541.499386       0.000000            0
# Jump frustrated.
       246       123.0000       1       1       6.552019       4.076751      10.628770       2.212155       5.932469       1.000000     541.499386       0.000000            0
       247       123.5000       1       1       6.460782       4.186367      10.647149       2.212154       6.336467       1.000000     541.499386       0.000000            0
       248       124.0000       1       1       6.742250       3.890113      10.632363       2.212154       5.532743       1.000000     541.499386       0.000000            0
# Jump frustrated.
       249       124.5000       1       1       7.234456       3.374834      10.609290       2.212153       4.053676       1.000000     541.499386       0.000000            0
# Jump frustrated.
       250       125.0000       1       1       7.608103       2.988893      10.596997       2.212154       2.841169       1.000000     541.499386       0.000000            1
# Jump frustrated.
       251       125.5000       1       1       7.653347       2.941144      10.594491       2.212154       2.697221       1.000000     541.499386       0.000000            0
# Jump frustrated.
       252       126.0000       1       1       7.314950       3.283695      10.598645       2.212154       3.644062       1.000000     541.499386       0.000000            0
# Jump frustrated.
       253       126.5000       1       1       6.658210       3.951772      10.609982       2.212155       5.119374       1.000000     541.499386       0.000000            0
# Jump frustrated.
       254       127.0000       1       1       5.872241       4.757077      10.629318       2.212156       6.555405       1.000000     541.499386       0.000000            0
       255       127.5000       1       1       5.219923       5.424947      10.644870       2.212157       7.707297       1.000000     541.499386       0.000000            0
# Jump frustrated.
       256       128.0000       1       1       4.896156       5.748813      10.644969       2.212157       8.481041       1.000000     541.499386       0.000000            0
# Jump frustrated.
       257       128.5000       1       1       4.931986       5.708122      10.640108       2.212157       8.880656       1.000000     541.499386       0.000000            1
# Jump frustrated.
       258       129.0000       1       1       5.260543       5.374914      10.635457       2.212155       8.784431       1.000000     541.499386       0.000000            0
# Jump frustrated.
       259       129.5000       1       1       5.800595       4.829947      10.630542       2.212155       8.114636       1.000000     541.499386       0.000000            0
# Jump frustrated.
       260       130.0000       1       1       6.467411       4.158133      10.625544       2.212155       7.000469       1.000000     541.499386       0.000000            0
       261       130.5000       1       1       7.179484       3.442721      10.622205       2.212155       5.803846       1.000000     541.499386       0.000000            0
# Jump frustrated.
       262       131.0000       1       1       7.880140       2.741842      10.621982       2.212154       4.841120       1.000000     541.499386       0.000000            0
# Jump frustrated.
       263       131.5000       1       1       8.530671       2.088920      10.619591       2.212154       4.192321       1.000000     541.499386       0.000000            1
# Jump frustrated.
       264       132.0000       1       1       9.021826       1.585267      10.607092       2.212154       3.109197       1.000000     541.499386       0.000000            0
       265       132.5000       1       1       9.219150       1.390739      10.609889       2.212155       2.611008       1.000000     541.499386       0.000000            0
# Jump frustrated.
       266       133.0000       1       1       9.174071       1.453644      10.627716       2.212155       3.041304       1.000000     541.499386       0.000000            0
# Jump frustrated.
       267       133.5000       1       1       9.049775       1.578831      10.628606       2.212156       3.279125       1.000000     541.499386       0.000000            0
# Jump frustrated.
       268       134.0000       1       1       8.858774       1.754881      10.613655       2.212157       3.220013       1.000000     541.499386       0.000000            0
# Jump frustrated.
       269       134.5000       1       1       8.450473       2.155561      10.606034       2.212157       3.532667       1.000000     541.499386       0.000000            0
# Jump frustrated.
       270       135.0000       1       1       7.769210       2.851458      10.620668       2.212157       4.152204       1.000000     541.499386       0.000000            0
# Jump frustrated.
       271       135.5000       1       1       6.931937       3.699738      10.631674       2.212158       4.604793       1.000000     541.499386       0.000000            1
# Jump frustrated.
       272       136.0000       1       1       6.081865       4.552377      10.634242       2.212159       4.803179       1.000000     541.499386       0.000000            0
       273       136.5000       1       1       5.285923       5.352077      10.638000       2.212161       5.118084       1.000000     541.499386       0.000000            0
# Jump frustrated.
       274       137.0000       1       1       4.585181       6.055655      10.640836       2.212162       5.429875       1.000000     541.499386       0.000000            0
# Jump frustrated.
       275       137.5000       1       1       4.046468       6.600414      10.646882       2.212163       5.776594       1.000000     541.499386       0.000000            1
# Jump frustrated.
       276       138.0000       1       1       3.752409       6.898330      10.650739       2.212164       5.943766       1.000000     541.499386       0.000000            0
# Jump frustrated.
       277       138.5000       1       1       3.752587       6.895631      10.648218       2.212165       5.787834       1.000000     541.499386       0.000000            0
# Jump frustrated.
       278       139.0000       1       1       4.013286       6.628441      10.641727       2.212164       5.374886       1.000000     541.499386       0.000000            0
       279       139.5000       1       1       4.441853       6.194129      10.635981       2.212163       4.899710       1.000000     541.499386       0.000000            0
# Jump frustrated.
       280       140.0000       1       1       4.948763       5.684663      10.633426       2.212163       4.485244       1.000000     541.499386       0.000000            0
# Jump frustrated.
       281       140.5000       1       1       5.478901       5.153190      10.632091       2.212163       4.187261       1.000000     541.499386       0.000000            1
       282       141.0000       1       1       5.991442       4.636043      10.627484       2.212163       3.973932       1.000000     541.499386       0.000000            0
# Jump frustrated.
       283       141.5000       1       1       6.417596       4.200484      10.618080       2.212162       3.826653       1.000000     541.499386       0.000000            0
# Jump frustrated.
       284       142.0000       1       1       6.654606       3.957170      10.611776       2.212162       4.033393       1.000000     541.499386       0.000000            0
# Jump frustrated.
       285       142.5000       1       1       6.670832       3.953640      10.624472       2.212161       4.769817       1.000000     541.499386       0.000000            0
       286       143.0000       1       1       6.680491       3.971702      10.652193       2.212161       5.562687       1.000000     541.499386       0.000000            1
       287       143.5000       1       1       7.014805       3.636210      10.651015       2.212162       5.386929       1.000000     541.499386       0.000000            0
# Jump frustrated.
       288       144.0000       1       1       7.654910       2.965434      10.620344       2.212163       4.079066       1.000000     541.499386       0.000000            0
       289       144.5000       1       1       8.224196       2.377493      10.601689       2.212163       2.593354       1.000000     541.499386       0.000000            0
# Jump frustrated.
       290       145.0000       1       1       8.459692       2.148088      10.607779       2.212163       1.892798       1.000000     541.499386       0.000000            0
# Jump frustrated.
       291       145.5000       1       1       8.365040       2.247946      10.612986       2.212163       2.150869       1.000000     541.499386       0.000000            0
# Jump frustrated.
       292       146.0000       1       1       8.005075       2.608974      10.614049       2.212163       3.061631       1.000000     541.499386       0.000000            0
       293       146.5000       1       1       7.488256       3.146467      10.634723       2.212163       3.634701       1.000000     541.499386       0.000000            1
       294       147.0000       1       1       6.967869       3.667559      10.635428       2.212163       3.820044       1.000000     541.499386       0.000000            0
       295       147.5000       1       1       6.505308       4.130106      10.635414       2.212164       4.334162       1.000000     541.499386       0.000000            0
       296       148.0000       1       1       6.126972       4.511479      10.638450       2.212164       5.005514       1.000000     541.499386       0.000000            0
# Jump frustrated.
       297       148.5000       1       1       5.875665       4.763098      10.638763       2.212163       5.677063       1.000000     541.499386       0.000000            0
# Jump frustrated.
       298       149.0000       1       1       5.759628       4.876036      10.635663       2.212162       6.288616       1.000000     541.499386       0.000000            0
# Jump frustrated.
       299       149.5000       1       1       5.744431       4.889738      10.634169       2.212161       6.794109       1.000000     541.499386       0.000000            1
# Jump frustrated.
       300       150.0000       1       1       5.808460       4.827871      10.636331       2.212162       7.086496       1.000000     541.499386       0.000000            0
# Jump frustrated.
       301       150.5000       1       1       5.978083       4.662409      10.640492       2.212162       7.052810       1.000000     541.499386       0.000000            0
       302       151.0000       1       1       6.304245       4.338750      10.642995       2.212161       6.690609       1.000000     541.499386       0.000000            0
       303       151.5000       1       1       6.809296       3.830115      10.639411       2.212160       6.069262       1.000000     541.499386       0.000000            0
# Jump frustrated.
       304       152.0000       1       1       7.437610       3.192555      10.630166       2.212159       5.190653       1.000000     541.499386       0.000000            0
# Jump frustrated.
       305       152.5000       1       1       8.045180       2.569113      10.614294       2.212159       4.095509       1.000000     541.499386       0.000000            1
       306       153.0000       1       1       8.442179       2.159506      10.601685       2.212159       2.960563       1.000000     541.499386       0.000000            0
# Jump frustrated.
       307       153.5000       1       1       8.427271       2.158468      10.585738       2.212159       2.352070       1.000000     541.499386       0.000000            0
       308       154.0000       1       1       7.834830       2.747447      10.582277       2.212158       3.491139       1.000000     541.499386       0.000000            0
# Jump frustrated.
       309       154.5000       1       1       6.765068       3.861256      10.626323       2.212158       5.916027       1.000000     541.499386       0.000000            0
       310       155.0000       1       1       5.877913       4.804827      10.682740       2.212157       7.397533       1.000000     541.499386       0.000000            0
       311       155.5000       1       1       5.784339       4.872922      10.657261       2.212156       6.910482       1.000000     541.499386       0.000000            1
# Jump frustrated.
       312       156.0000       1       1       6.184979       4.415565      10.600543       2.212156       5.224956       1.000000     541.499386       0.000000            0
# Jump frustrated.
       313       156.5000       1       1       6.394014       4.204429      10.598443       2.212156       4.199229       1.000000     541.499386       0.000000            0
       314       157.0000       1       1       6.199216       4.414942      10.614158       2.212155       4.223398       1.000000     541.499386       0.000000            0
       315       157.5000       1       1       5.735252       4.890360      10.625613       2.212155       4.714320       1.000000     541.499386       0.000000            0
# Jump frustrated.
       316       158.0000       1       1       5.188987       5.449029      10.638017       2.212153       5.306588       1.000000     541.499386       0.000000            0
# Jump frustrated.
       317       158.5000       1       1       4.750694       5.898290      10.648984       2.212153       5.718097       1.000000     541.499386       0.000000            0
       318       159.0000       1       1       4.567654       6.081814      10.649468       2.212153       5.695824       1.000000     541.499386       0.000000            0
# Jump frustrated.
       319       159.5000       1       1       4.643989       5.995242      10.639231       2.212152       5.254100       1.000000     541.499386       0.000000            1
       320       160.0000       1       1       4.856028       5.776632      10.632660       2.212152       4.780646       1.000000     541.499386       0.000000            0
       321       160.5000       1       1       5.115552       5.520861      10.636413       2.212153       4.548791       1.000000     541.499386       0.000000            0
# Jump frustrated.
       322       161.0000       1       1       5.457571       5.185784      10.643356       2.212151       4.445356       1.000000     541.499386       0.000000            0
# Jump frustrated.
       323       161.5000       1       1       5.951461       4.691266      10.642727       2.212151       4.147758       1.000000     541.499386       0.000000            0
       324       162.0000       1       1       6.573494       4.058689      10.632184       2.212151       3.619604       1.000000     541.499386       0.000000            1
       325       162.5000       1       1       7.208600       3.414694      10.623294       2.212152       3.043079       1.000000     541.499386       0.000000            0
# Jump frustrated.
       326       163.0000       1       1       7.752713       2.868689      10.621403       2.212153       2.653461       1.000000     541.499386       0.000000            0
# Jump frustrated.
       327       163.5000       1       1       8.161859       2.457006      10.618865       2.212153       2.442964       1.000000     541.499386       0.000000            0
# Jump frustrated.
       328       164.0000       1       1       8.406579       2.208086      10.614665       2.212153       2.377747       1.000000     541.499386       0.000000            0
# Jump frustrated.
       329       164.5000       1       1       8.424659       2.180889      10.605549       2.212153       2.503131       1.000000     541.499386       0.000000            0
# Jump frustrated.
       330       165.0000       1       1       8.104066       2.492091      10.596158       2.212153       3.062208       1.000000     541.499386       0.000000            1
       331       165.5000       1       1       7.391402       3.211655      10.603057       2.212153       4.377788       1.000000     541.499386       0.000000            0
# Jump frustrated.
       332       166.0000       1       1       6.534134       4.108722      10.642857       2.212153       5.801775       1.000000     541.499386       0.000000            0
# Jump frustrated.
       333       166.5000       1       1       6.075856       4.584764      10.660620       2.212152       6.084980       1.000000     541.499386       0.000000            0
# Jump frustrated.
       334       167.0000       1       1       6.248682       4.383593      10.632275       2.212152       5.266301       1.000000     541.499386       0.000000            0
       335       167.5000       1       1       6.687423       3.911912      10.599334       2.212152       4.202295       1.000000     541.499386       0.000000            0
# Jump frustrated.
       336       168.0000       1       1       6.947901       3.652196      10.600097       2.212151       3.993862       1.000000     541.499386       0.000000            0
# Jump frustrated.
       337       168.5000       1       1       6.940325       3.673372      10.613697       2.212151       4.341964       1.000000     541.499386       0.000000            0
# Jump frustrated.
       338       169.0000       1       1       6.807052       3.819942      10.626994       2.212150       4.637263       1.000000     541.499386       0.000000            1
# Jump frustrated.
       339       169.5000       1       1       6.702819       3.926859      10.629679       2.212150       4.630610       1.000000     541.499386       0.000000            0
# Jump frustrated.
       340       170.0000       1       1       6.657423       3.964851      10.622274       2.212151       4.351580       1.000000     541.499386       0.000000            0
# Jump frustrated.
       341       170.5000       1       1       6.580403       4.033361      10.613764       2.212151       3.975785       1.000000     541.499386       0.000000            0
       342       171.0000       1       1       6.358461       4.251348      10.609809       2.212150       3.818963       1.000000     541.499386       0.000000            0
       343       171.5000       1       1       5.978127       4.642686      10.620813       2.212148       4.183873       1.000000     541.499386       0.000000            0
       344       172.0000       1       1       5.621590       5.020114      10.641704       2.212146       4.821402       1.000000     541.499386       0.000000            1
# Jump frustrated.
       345       172.5000       1       1       5.569700       5.078244      10.647944       2.212146       4.976151       1.000000     541.499386       0.000000            0
# Jump frustrated.
       346       173.0000       1       1       5.896399       4.732995      10.629394       2.212147       4.337902       1.000000     541.499386       0.000000            0
# Jump frustrated.
       347       173.5000       1       1       6.364446       4.245535      10.609981       2.212148       3.418818       1.000000     541.499386       0.000000            0
       348       174.0000       1       1       6.714029       3.896549      10.610578       2.212150       2.825860       1.000000     541.499386       0.000000            0
# Jump frustrated.
       349       174.5000       1       1       6.886967       3.731086      10.618053       2.212150       2.630818       1.000000     541.499386       0.000000            0
       350       175.0000       1       1       6.947846       3.673579      10.621425       2.212151       2.624252       1.000000     541.499386       0.000000            0
       351       175.5000       1       1       6.948673       3.672334      10.621007       2.212152       2.675229       1.000000     541.499386       0.000000            1
       352       176.0000       1       1       6.887867       3.729010      10.616878       2.212151       2.822791       1.000000     541.499386       0.000000            0
# Jump frustrated.
       353       176.5000       1       1       6.721375       3.890736      10.612110       2.212149       3.123947       1.000000     541.499386       0.000000            0
       354       177.0000       1       1       6.391043       4.217508      10.608551       2.212150       3.620956       1.000000     541.499386       0.000000            0
# Jump frustrated.
       355       177.5000       1       1       5.853417       4.755001      10.608418       2.212150       4.447815       1.000000     541.499386       0.000000            0
# Jump frustrated.
       356       178.0000       1       1       5.194153       5.437819      10.631972       2.212149       5.580028       1.000000     541.499386       0.000000            0
       357       178.5000       1       1       4.758070       5.897874      10.655944       2.212148       6.198625       1.000000     541.499386       0.000000            0
# Jump frustrated.
       358       179.0000       1       1       4.851839       5.795317      10.647156       2.212148       6.013032       1.000000     541.499386       0.000000            1
       359       179.5000       1       1       5.389554       5.236440      10.625995       2.212147       5.578072       1.000000     541.499386       0.000000            0
       360       180.0000       1       1       6.102103       4.518537      10.620641       2.212146       5.429371       1.000000     541.499386       0.000000            0
# Jump frustrated.
       361       180.5000       1       1       6.840745       3.774268      10.615013       2.212144       5.248640       1.000000     541.499386       0.000000            0
       362       181.0000       1       1       7.497804       3.102662      10.600465       2.212145       4.831274       1.000000     541.499386       0.000000            0
       363       181.5000       1       1       7.879726       2.703435      10.583161       2.212146       4.267983       1.000000     541.499386       0.000000            0
# Jump frustrated.
       364       182.0000       1       1       7.818483       2.771737      10.590220       2.212144       4.414423       1.000000     541.499386       0.000000            0
       365       182.5000       1       1       7.485754       3.142937      10.628691       2.212143       5.171351       1.000000     541.499386       0.000000            0
# Jump frustrated.
       366       183.0000       1       1       7.346918       3.295943      10.642862       2.212143       5.163909       1.000000     541.499386       0.000000            0
       367       183.5000       1       1       7.569341       3.044324      10.613666       2.212143       4.027784       1.000000     541.499386       0.000000            1
       368       184.0000       1       1       7.817513       2.774436      10.591949       2.212143       3.112839       1.000000     541.499386       0.000000            0
# Jump frustrated.
       369       184.5000       1       1       7.782029       2.818864      10.600893       2.212144       3.607223       1.000000     541.499386       0.000000            0
# Jump frustrated.
       370       185.0000       1       1       7.487100       3.128197      10.615297       2.212143       4.488342       1.000000     541.499386       0.000000            0
       371       185.5000       1       1       7.094590       3.529293      10.623882       2.212141       5.195442       1.000000     541.499386       0.000000            0
# Jump frustrated.
       372       186.0000       1       1       6.723938       3.904022      10.627961       2.212141       5.725862       1.000000     541.499386       0.000000            1
       373       186.5000       1       1       6.435239       4.194256      10.629495       2.212142       6.015836       1.000000     541.499386       0.000000            0
# Jump frustrated.
       374       187.0000       1       1       6.248087       4.380894      10.628981       2.212144       5.990646       1.000000     541.499386       0.000000            0
# Jump frustrated.
       375       187.5000       1       1       6.141634       4.482414      10.624048       2.212144       5.644964       1.000000     541.499386       0.000000            0
       376       188.0000       1       1       6.055110       4.564626      10.619736       2.212142       5.061523       1.000000     541.499386       0.000000            0
# Jump frustrated.
       377       188.5000       1       1       5.926644       4.691058      10.617703       2.212142       4.341154       1.000000     541.499386       0.000000            1
# Jump frustrated.
       378       189.0000       1       1       5.725096       4.892437      10.617533       2.212142       3.673530       1.000000     541.499386       0.000000            0
       379       189.5000       1       1       5.475244       5.149038      10.624282       2.212142       3.359956       1.000000     541.499386       0.000000            0
# Jump frustrated.
       380       190.0000       1       1       5.289980       5.345849      10.635829       2.212144       3.463826       1.000000     541.499386       0.000000            0
       381       190.5000       1       1       5.334134       5.309103      10.643236       2.212146       3.622193       1.000000     541.499386       0.000000            0
# Jump frustrated.
       382       191.0000       1       1       5.707803       4.931674      10.639477       2.212147       3.471733       1.000000     541.499386       0.000000            0
# Jump frustrated.
       383       191.5000       1       1       6.346704       4.277714      10.624418       2.212147       2.985946       1.000000     541.499386       0.000000            1
       384       192.0000       1       1       7.043562       3.563756      10.607317       2.212148       2.402335       1.000000     541.499386       0.000000            0
# Jump frustrated.
       385       192.5000       1       1       7.578614       3.021072      10.599686       2.212148       2.032088       1.000000     541.499386       0.000000            0
# Jump frustrated.
       386       193.0000       1       1       7.827149       2.770907      10.598056       2.212148       2.024484       1.000000     541.499386       0.000000            0
# Jump frustrated.
       387       193.5000       1       1       7.752443       2.846268      10.598711       2.212149       2.459247       1.000000     541.499386       0.000000            0
# Jump frustrated.
       388       194.0000       1       1       7.382947       3.224734      10.607681       2.212149       3.349570       1.000000     541.499386       0.000000            0
# Jump frustrated.
       389       194.5000       1       1       6.862766       3.763265      10.626032       2.212148       4.314013       1.000000     541.499386       0.000000            0
# Jump frustrated.
       390       195.0000       1       1       6.437570       4.201315      10.638885       2.212148       4.849070       1.000000     541.499386       0.000000            0
# Jump frustrated.
       391       195.5000       1       1       6.263873       4.367192      10.631066       2.212147       4.709323       1.000000     541.499386       0.000000            0
       392       196.0000       1       1       6.263284       4.353283      10.616567       2.212147       4.240286       1.000000     541.499386       0.000000            1
# Jump frustrated.
       393       196.5000       1       1       6.256721       4.354528      10.611249       2.212147       3.997709       1.000000     541.499386       0.000000            0
# Jump frustrated.
       394       197.0000       1       1       6.154119       4.458954      10.613073       2.212147       4.101066       1.000000     541.499386       0.000000            0
       395       197.5000       1       1       5.966933       4.649952      10.616885       2.212149       4.398024       1.000000     541.499386       0.000000            0
# Jump frustrated.
       396       198.0000       1       1       5.779408       4.847178      10.626586       2.212150       4.642959       1.000000     541.499386       0.000000            0
# Jump frustrated.
       397       198.5000       1       1       5.690157       4.938733      10.628889       2.212149       4.837374       1.000000     541.499386       0.000000            0
# Jump frustrated.
       398       199.0000       1       1       5.731150       4.894305      10.625455       2.212145       4.998369       1.000000     541.499386       0.000000            0
# Jump frustrated.
       399       199.5000       1       1       5.864674       4.756247      10.620921       2.212142       5.199303       1.000000     541.499386       0.000000            1
# Jump frustrated.
       400       200.0000       1       1       6.046275       4.574799      10.621074       2.212142       5.562918       1.000000     541.499386       0.000000            0
