#===============================================================================================================================================================================
#     Step |         Time |         State |                                     Energy |      Angular |     Gradient |      Density |           Expectation Value |    Runtime |
#          |              |  diag |   MCH |          kin |          pot |          tot |     Momentum |          RMS |        Total |           DM |            S |            |
#          |         [fs] |       |       |         [eV] |         [eV] |         [eV] |       [hbar] |     [eV/Ang] |              |      [Debye] |              |      [sec] |
#===============================================================================================================================================================================
         0         0.0000       2       2       0.179582      10.151730      10.331312       0.000220       2.872172       1.000000     541.499386       0.000000            2
         1         0.5000       2       2       0.150205      10.181210      10.331414       0.000220       3.025219       1.000000     541.499386       0.000000            1
         2         1.0000       2       2       0.151543      10.180172      10.331715       0.000220       3.090869       1.000000     541.499386       0.000000            1
# Surface Hop/Pointer State Switch: new state=      1 old state=      2 randnum=  0.003101043 gap= ********* eV
         3         1.5000       1       1      10.212980       0.118735      10.331715       4.980972       1.107898       1.000000     541.499386       0.000000            0
         4         2.0000       1       1       9.966684       0.365579      10.332263       4.980972       1.865546       1.000000     541.499386       0.000000            0
# Jump frustrated.
         5         2.5000       1       1       9.218887       1.131231      10.350118       4.980972       3.371188       1.000000     541.499386       0.000000            0
# Jump frustrated.
         6         3.0000       1       1       8.272971       2.102622      10.375593       4.980972       4.585760       1.000000     541.499386       0.000000            0
# Jump frustrated.
         7         3.5000       1       1       7.495125       2.888827      10.383952       4.980973       4.939120       1.000000     541.499386       0.000000            0
         8         4.0000       1       1       7.001237       3.369228      10.370466       4.980973       4.404317       1.000000     541.499386       0.000000            0
# Jump frustrated.
         9         4.5000       1       1       6.617208       3.743750      10.360959       4.980973       3.716298       1.000000     541.499386       0.000000            0
# Jump frustrated.
        10         5.0000       1       1       6.181553       4.180347      10.361900       4.980973       3.452697       1.000000     541.499386       0.000000            0
# Jump frustrated.
        11         5.5000       1       1       5.688655       4.681508      10.370164       4.980973       3.472741       1.000000     541.499386       0.000000            0
# Jump frustrated.
        12         6.0000       1       1       5.200447       5.172498      10.372944       4.980973       3.522976       1.000000     541.499386       0.000000            0
# Jump frustrated.
        13         6.5000       1       1       4.779874       5.598298      10.378173       4.980973       3.529128       1.000000     541.499386       0.000000            1
        14         7.0000       1       1       4.494994       5.887494      10.382488       4.980973       3.424088       1.000000     541.499386       0.000000            0
# Jump frustrated.
        15         7.5000       1       1       4.384202       5.995865      10.380066       4.980973       3.221194       1.000000     541.499386       0.000000            0
# Jump frustrated.
        16         8.0000       1       1       4.419140       5.955797      10.374936       4.980972       3.011806       1.000000     541.499386       0.000000            0
        17         8.5000       1       1       4.532796       5.837253      10.370049       4.980972       2.869032       1.000000     541.499386       0.000000            0
# Jump frustrated.
        18         9.0000       1       1       4.653199       5.712067      10.365266       4.980972       2.889729       1.000000     541.499386       0.000000            0
        19         9.5000       1       1       4.729612       5.635045      10.364657       4.980972       3.216058       1.000000     541.499386       0.000000            0
# Jump frustrated.
        20        10.0000       1       1       4.775610       5.594977      10.370587       4.980972       3.807708       1.000000     541.499386       0.000000            0
        21        10.5000       1       1       4.894777       5.486398      10.381175       4.980973       4.432395       1.000000     541.499386       0.000000            0
# Jump frustrated.
        22        11.0000       1       1       5.240782       5.146754      10.387536       4.980974       4.825036       1.000000     541.499386       0.000000            0
# Jump frustrated.
        23        11.5000       1       1       5.890895       4.487396      10.378292       4.980974       4.763085       1.000000     541.499386       0.000000            0
# Jump frustrated.
        24        12.0000       1       1       6.701073       3.652611      10.353684       4.980974       4.166324       1.000000     541.499386       0.000000            1
# Jump frustrated.
        25        12.5000       1       1       7.360395       2.975814      10.336209       4.980974       3.372744       1.000000     541.499386       0.000000            0
        26        13.0000       1       1       7.586396       2.739558      10.325954       4.980974       3.024590       1.000000     541.499386       0.000000            0
# Jump frustrated.
        27        13.5000       1       1       7.285062       3.056158      10.341220       4.980974       3.876603       1.000000     541.499386       0.000000            0
# Jump frustrated.
        28        14.0000       1       1       6.731047       3.649289      10.380336       4.980974       5.216325       1.000000     541.499386       0.000000            0
# Jump frustrated.
        29        14.5000       1       1       6.454759       3.940561      10.395320       4.980974       5.661787       1.000000     541.499386       0.000000            0
# Jump frustrated.
        30        15.0000       1       1       6.669073       3.699115      10.368188       4.980974       4.754754       1.000000     541.499386       0.000000            0
        31        15.5000       1       1       7.056942       3.288469      10.345411       4.980974       3.388326       1.000000     541.499386       0.000000            0
        32        16.0000       1       1       7.274359       3.074843      10.349201       4.980974       2.840851       1.000000     541.499386       0.000000            0
        33        16.5000       1       1       7.280026       3.079410      10.359436       4.980974       3.032563       1.000000     541.499386       0.000000            0
# Jump frustrated.
        34        17.0000       1       1       7.172793       3.192555      10.365348       4.980974       3.425473       1.000000     541.499386       0.000000            1
        35        17.5000       1       1       7.040288       3.329576      10.369864       4.980974       3.761878       1.000000     541.499386       0.000000            0
# Jump frustrated.
        36        18.0000       1       1       6.937232       3.434209      10.371441       4.980974       3.979144       1.000000     541.499386       0.000000            0
# Jump frustrated.
        37        18.5000       1       1       6.876234       3.494000      10.370234       4.980974       4.099335       1.000000     541.499386       0.000000            0
        38        19.0000       1       1       6.832213       3.535314      10.367527       4.980974       4.154005       1.000000     541.499386       0.000000            0
        39        19.5000       1       1       6.766044       3.599256      10.365300       4.980974       4.142573       1.000000     541.499386       0.000000            0
# Jump frustrated.
        40        20.0000       1       1       6.652700       3.714270      10.366971       4.980974       4.118570       1.000000     541.499386       0.000000            0
# Jump frustrated.
        41        20.5000       1       1       6.527972       3.845270      10.373242       4.980974       4.024993       1.000000     541.499386       0.000000            0
# Jump frustrated.
        42        21.0000       1       1       6.464756       3.910043      10.374799       4.980975       3.781350       1.000000     541.499386       0.000000            0
# Jump frustrated.
        43        21.5000       1       1       6.488750       3.882639      10.371389       4.980975       3.406822       1.000000     541.499386       0.000000            0
        44        22.0000       1       1       6.554850       3.810807      10.365657       4.980974       2.998019       1.000000     541.499386       0.000000            0
# Jump frustrated.
        45        22.5000       1       1       6.595603       3.768871      10.364473       4.980973       2.819906       1.000000     541.499386       0.000000            0
# Jump frustrated.
        46        23.0000       1       1       6.603200       3.766379      10.369580       4.980973       2.945203       1.000000     541.499386       0.000000            1
# Jump frustrated.
        47        23.5000       1       1       6.640890       3.732747      10.373637       4.980972       3.081816       1.000000     541.499386       0.000000            0
# Jump frustrated.
        48        24.0000       1       1       6.740211       3.624792      10.365002       4.980972       2.929653       1.000000     541.499386       0.000000            0
        49        24.5000       1       1       6.803686       3.549431      10.353117       4.980972       2.620250       1.000000     541.499386       0.000000            0
# Jump frustrated.
        50        25.0000       1       1       6.688595       3.663614      10.352210       4.980972       2.651857       1.000000     541.499386       0.000000            0
        51        25.5000       1       1       6.379888       3.983536      10.363424       4.980971       3.175503       1.000000     541.499386       0.000000            0
        52        26.0000       1       1       6.024012       4.354736      10.378748       4.980972       3.771717       1.000000     541.499386       0.000000            0
# Jump frustrated.
        53        26.5000       1       1       5.811798       4.568571      10.380368       4.980971       3.806024       1.000000     541.499386       0.000000            0
# Jump frustrated.
        54        27.0000       1       1       5.759615       4.605940      10.365555       4.980971       3.295245       1.000000     541.499386       0.000000            0
        55        27.5000       1       1       5.720926       4.641856      10.362782       4.980972       2.863516       1.000000     541.499386       0.000000            0
# Jump frustrated.
        56        28.0000       1       1       5.618503       4.747112      10.365615       4.980972       2.783300       1.000000     541.499386       0.000000            0
# Jump frustrated.
        57        28.5000       1       1       5.472845       4.895966      10.368811       4.980972       2.930194       1.000000     541.499386       0.000000            1
        58        29.0000       1       1       5.328440       5.043366      10.371806       4.980971       3.149238       1.000000     541.499386       0.000000            0
# Jump frustrated.
        59        29.5000       1       1       5.228465       5.145924      10.374389       4.980972       3.333259       1.000000     541.499386       0.000000            0
# Jump frustrated.
        60        30.0000       1       1       5.202335       5.173120      10.375456       4.980972       3.479931       1.000000     541.499386       0.000000            0
# Jump frustrated.
        61        30.5000       1       1       5.266602       5.110423      10.377025       4.980972       3.622156       1.000000     541.499386       0.000000            0
# Jump frustrated.
        62        31.0000       1       1       5.435955       4.942262      10.378217       4.980971       3.765601       1.000000     541.499386       0.000000            0
        63        31.5000       1       1       5.718257       4.658672      10.376929       4.980971       3.879868       1.000000     541.499386       0.000000            0
        64        32.0000       1       1       6.093237       4.279998      10.373235       4.980971       3.999371       1.000000     541.499386       0.000000            0
# Jump frustrated.
        65        32.5000       1       1       6.521864       3.849630      10.371494       4.980971       4.216272       1.000000     541.499386       0.000000            0
# Jump frustrated.
        66        33.0000       1       1       6.979252       3.390197      10.369449       4.980971       4.417532       1.000000     541.499386       0.000000            0
# Jump frustrated.
        67        33.5000       1       1       7.466085       2.903982      10.370067       4.980971       4.395970       1.000000     541.499386       0.000000            0
# Jump frustrated.
        68        34.0000       1       1       7.975759       2.389741      10.365500       4.980971       4.042404       1.000000     541.499386       0.000000            1
# Jump frustrated.
        69        34.5000       1       1       8.442268       1.917022      10.359289       4.980971       3.314903       1.000000     541.499386       0.000000            0
        70        35.0000       1       1       8.770347       1.585474      10.355821       4.980971       2.570110       1.000000     541.499386       0.000000            0
        71        35.5000       1       1       8.901344       1.453852      10.355196       4.980971       2.089236       1.000000     541.499386       0.000000            0
        72        36.0000       1       1       8.822721       1.533780      10.356501       4.980972       2.051709       1.000000     541.499386       0.000000            0
        73        36.5000       1       1       8.555061       1.803253      10.358315       4.980972       2.388161       1.000000     541.499386       0.000000            0
        74        37.0000       1       1       8.134039       2.225317      10.359356       4.980972       2.886901       1.000000     541.499386       0.000000            0
# Jump frustrated.
        75        37.5000       1       1       7.584040       2.779211      10.363251       4.980972       3.538842       1.000000     541.499386       0.000000            0
# Jump frustrated.
        76        38.0000       1       1       6.985190       3.388951      10.374141       4.980972       3.812026       1.000000     541.499386       0.000000            0
        77        38.5000       1       1       6.436940       3.937655      10.374594       4.980972       3.924806       1.000000     541.499386       0.000000            0
# Jump frustrated.
        78        39.0000       1       1       5.970026       4.404769      10.374795       4.980972       4.014768       1.000000     541.499386       0.000000            0
# Jump frustrated.
        79        39.5000       1       1       5.583875       4.790294      10.374169       4.980972       4.073894       1.000000     541.499386       0.000000            1
# Jump frustrated.
        80        40.0000       1       1       5.280220       5.095268      10.375488       4.980971       4.151066       1.000000     541.499386       0.000000            0
        81        40.5000       1       1       5.085731       5.293740      10.379470       4.980971       4.242884       1.000000     541.499386       0.000000            0
        82        41.0000       1       1       5.055088       5.327787      10.382875       4.980971       4.285668       1.000000     541.499386       0.000000            0
# Jump frustrated.
        83        41.5000       1       1       5.234931       5.147377      10.382308       4.980971       4.205327       1.000000     541.499386       0.000000            0
        84        42.0000       1       1       5.614324       4.761852      10.376177       4.980972       3.911340       1.000000     541.499386       0.000000            0
        85        42.5000       1       1       6.101589       4.264427      10.366016       4.980972       3.395446       1.000000     541.499386       0.000000            0
        86        43.0000       1       1       6.546303       3.808731      10.355034       4.980972       2.727844       1.000000     541.499386       0.000000            0
        87        43.5000       1       1       6.788269       3.558150      10.346419       4.980972       2.022787       1.000000     541.499386       0.000000            0
# Jump frustrated.
        88        44.0000       1       1       6.710955       3.632473      10.343428       4.980972       1.792095       1.000000     541.499386       0.000000            0
# Jump frustrated.
        89        44.5000       1       1       6.297317       4.054537      10.351854       4.980972       2.682577       1.000000     541.499386       0.000000            0
        90        45.0000       1       1       5.698645       4.674657      10.373302       4.980972       4.106113       1.000000     541.499386       0.000000            1
        91        45.5000       1       1       5.242014       5.150907      10.392921       4.980972       5.024728       1.000000     541.499386       0.000000            0
# Jump frustrated.
        92        46.0000       1       1       5.174056       5.209036      10.383092       4.980973       4.887405       1.000000     541.499386       0.000000            0
        93        46.5000       1       1       5.379792       4.980046      10.359839       4.980973       3.969578       1.000000     541.499386       0.000000            0
        94        47.0000       1       1       5.564353       4.790502      10.354854       4.980973       3.102789       1.000000     541.499386       0.000000            0
        95        47.5000       1       1       5.597730       4.762683      10.360413       4.980972       2.710713       1.000000     541.499386       0.000000            0
# Jump frustrated.
        96        48.0000       1       1       5.516756       4.849670      10.366426       4.980972       2.614827       1.000000     541.499386       0.000000            0
        97        48.5000       1       1       5.397504       4.974233      10.371737       4.980972       2.601762       1.000000     541.499386       0.000000            0
        98        49.0000       1       1       5.307459       5.067449      10.374907       4.980972       2.582495       1.000000     541.499386       0.000000            0
# Jump frustrated.
        99        49.5000       1       1       5.292798       5.084472      10.377271       4.980972       2.550010       1.000000     541.499386       0.000000            0
# Jump frustrated.
       100        50.0000       1       1       5.381743       4.996655      10.378398       4.980971       2.527655       1.000000     541.499386       0.000000            1
# Jump frustrated.
       101        50.5000       1       1       5.577511       4.797353      10.374864       4.980972       2.490168       1.000000     541.499386       0.000000            0
# Jump frustrated.
       102        51.0000       1       1       5.849321       4.522690      10.372011       4.980972       2.470771       1.000000     541.499386       0.000000            0
# Jump frustrated.
       103        51.5000       1       1       6.167428       4.204221      10.371649       4.980972       2.546016       1.000000     541.499386       0.000000            0
       104        52.0000       1       1       6.534315       3.839664      10.373980       4.980972       2.679356       1.000000     541.499386       0.000000            0
# Jump frustrated.
       105        52.5000       1       1       6.986239       3.391442      10.377681       4.980973       2.759740       1.000000     541.499386       0.000000            0
# Jump frustrated.
       106        53.0000       1       1       7.554081       2.819071      10.373152       4.980973       2.687643       1.000000     541.499386       0.000000            0
       107        53.5000       1       1       8.183807       2.179021      10.362828       4.980973       2.415902       1.000000     541.499386       0.000000            0
       108        54.0000       1       1       8.742331       1.611010      10.353341       4.980973       2.083323       1.000000     541.499386       0.000000            0
       109        54.5000       1       1       9.089129       1.256833      10.345963       4.980973       1.791592       1.000000     541.499386       0.000000            0
# Jump frustrated.
       110        55.0000       1       1       9.115481       1.225900      10.341380       4.980973       1.802135       1.000000     541.499386       0.000000            0
# Jump frustrated.
       111        55.5000       1       1       8.783979       1.563053      10.347031       4.980972       2.361348       1.000000     541.499386       0.000000            1
       112        56.0000       1       1       8.199139       2.163658      10.362797       4.980972       3.218593       1.000000     541.499386       0.000000            0
# Jump frustrated.
       113        56.5000       1       1       7.608065       2.774021      10.382086       4.980971       3.915769       1.000000     541.499386       0.000000            0
# Jump frustrated.
       114        57.0000       1       1       7.265759       3.117194      10.382953       4.980971       3.805073       1.000000     541.499386       0.000000            0
# Jump frustrated.
       115        57.5000       1       1       7.184605       3.180099      10.364703       4.980971       3.003858       1.000000     541.499386       0.000000            0
       116        58.0000       1       1       7.145447       3.211032      10.356479       4.980971       2.411048       1.000000     541.499386       0.000000            0
# Jump frustrated.
       117        58.5000       1       1       6.999567       3.361132      10.360698       4.980971       2.398738       1.000000     541.499386       0.000000            0
# Jump frustrated.
       118        59.0000       1       1       6.755738       3.610467      10.366205       4.980971       2.549714       1.000000     541.499386       0.000000            0
# Jump frustrated.
       119        59.5000       1       1       6.464399       3.904022      10.368421       4.980972       2.658938       1.000000     541.499386       0.000000            0
       120        60.0000       1       1       6.154040       4.215847      10.369888       4.980971       2.703941       1.000000     541.499386       0.000000            0
# Jump frustrated.
       121        60.5000       1       1       5.838395       4.532239      10.370635       4.980971       2.707795       1.000000     541.499386       0.000000            0
# Jump frustrated.
       122        61.0000       1       1       5.521410       4.849670      10.371080       4.980972       2.687765       1.000000     541.499386       0.000000            1
# Jump frustrated.
       123        61.5000       1       1       5.200570       5.171044      10.371615       4.980972       2.679584       1.000000     541.499386       0.000000            0
# Jump frustrated.
       124        62.0000       1       1       4.883537       5.490343      10.373880       4.980972       2.694103       1.000000     541.499386       0.000000            0
# Jump frustrated.
       125        62.5000       1       1       4.603039       5.774764      10.377803       4.980972       2.681397       1.000000     541.499386       0.000000            0
# Jump frustrated.
       126        63.0000       1       1       4.406245       5.973443      10.379688       4.980973       2.573525       1.000000     541.499386       0.000000            0
       127        63.5000       1       1       4.320381       6.058146      10.378528       4.980973       2.340246       1.000000     541.499386       0.000000            0
# Jump frustrated.
       128        64.0000       1       1       4.328844       6.045898      10.374742       4.980973       2.024790       1.000000     541.499386       0.000000            0
       129        64.5000       1       1       4.376525       5.993789      10.370314       4.980973       1.768600       1.000000     541.499386       0.000000            0
# Jump frustrated.
       130        65.0000       1       1       4.399428       5.968668      10.368096       4.980973       1.771242       1.000000     541.499386       0.000000            0
# Jump frustrated.
       131        65.5000       1       1       4.360176       6.008321      10.368497       4.980973       2.038241       1.000000     541.499386       0.000000            0
# Jump frustrated.
       132        66.0000       1       1       4.262592       6.108802      10.371394       4.980973       2.399574       1.000000     541.499386       0.000000            0
# Jump frustrated.
       133        66.5000       1       1       4.136024       6.236896      10.372920       4.980973       2.717323       1.000000     541.499386       0.000000            0
# Jump frustrated.
       134        67.0000       1       1       4.003815       6.368726      10.372541       4.980973       2.947699       1.000000     541.499386       0.000000            1
       135        67.5000       1       1       3.873886       6.499102      10.372989       4.980974       3.096868       1.000000     541.499386       0.000000            0
# Jump frustrated.
       136        68.0000       1       1       3.758351       6.615985      10.374336       4.980974       3.157123       1.000000     541.499386       0.000000            0
# Jump frustrated.
       137        68.5000       1       1       3.684022       6.693007      10.377029       4.980975       3.135563       1.000000     541.499386       0.000000            0
       138        69.0000       1       1       3.684468       6.694460      10.378928       4.980975       3.041607       1.000000     541.499386       0.000000            0
# Jump frustrated.
       139        69.5000       1       1       3.790396       6.589826      10.380222       4.980974       2.895478       1.000000     541.499386       0.000000            0
# Jump frustrated.
       140        70.0000       1       1       4.024643       6.356269      10.380912       4.980974       2.706503       1.000000     541.499386       0.000000            0
# Jump frustrated.
       141        70.5000       1       1       4.394422       5.984654      10.379076       4.980974       2.452164       1.000000     541.499386       0.000000            0
# Jump frustrated.
       142        71.0000       1       1       4.880923       5.495948      10.376871       4.980974       2.157322       1.000000     541.499386       0.000000            0
       143        71.5000       1       1       5.438024       4.935203      10.373228       4.980974       1.852423       1.000000     541.499386       0.000000            0
# Jump frustrated.
       144        72.0000       1       1       6.011701       4.358265      10.369966       4.980974       1.672828       1.000000     541.499386       0.000000            0
# Jump frustrated.
       145        72.5000       1       1       6.554828       3.811015      10.365843       4.980974       1.714628       1.000000     541.499386       0.000000            1
       146        73.0000       1       1       7.018469       3.345354      10.363823       4.980973       2.044120       1.000000     541.499386       0.000000            0
# Jump frustrated.
       147        73.5000       1       1       7.379062       2.985987      10.365049       4.980973       2.619988       1.000000     541.499386       0.000000            0
       148        74.0000       1       1       7.656734       2.710493      10.367227       4.980973       3.141490       1.000000     541.499386       0.000000            0
# Jump frustrated.
       149        74.5000       1       1       7.873813       2.489392      10.363205       4.980974       3.461303       1.000000     541.499386       0.000000            0
# Jump frustrated.
       150        75.0000       1       1       8.008834       2.351127      10.359961       4.980974       3.541807       1.000000     541.499386       0.000000            0
# Jump frustrated.
       151        75.5000       1       1       8.026841       2.330781      10.357622       4.980974       3.464884       1.000000     541.499386       0.000000            0
# Jump frustrated.
       152        76.0000       1       1       7.912985       2.446626      10.359611       4.980975       3.310199       1.000000     541.499386       0.000000            0
# Jump frustrated.
       153        76.5000       1       1       7.689899       2.674162      10.364061       4.980975       3.120175       1.000000     541.499386       0.000000            0
       154        77.0000       1       1       7.411271       2.955676      10.366947       4.980975       3.010755       1.000000     541.499386       0.000000            0
# Jump frustrated.
       155        77.5000       1       1       7.123903       3.245287      10.369191       4.980975       3.037478       1.000000     541.499386       0.000000            1
# Jump frustrated.
       156        78.0000       1       1       6.869659       3.501681      10.371340       4.980976       3.155698       1.000000     541.499386       0.000000            0
# Jump frustrated.
       157        78.5000       1       1       6.687021       3.686451      10.373472       4.980975       3.335015       1.000000     541.499386       0.000000            0
# Jump frustrated.
       158        79.0000       1       1       6.604256       3.769701      10.373957       4.980974       3.547764       1.000000     541.499386       0.000000            0
# Jump frustrated.
       159        79.5000       1       1       6.633257       3.740636      10.373893       4.980974       3.755800       1.000000     541.499386       0.000000            0
# Jump frustrated.
       160        80.0000       1       1       6.772869       3.600710      10.373578       4.980974       3.915038       1.000000     541.499386       0.000000            0
# Jump frustrated.
       161        80.5000       1       1       7.005313       3.363831      10.369144       4.980974       3.937756       1.000000     541.499386       0.000000            0
# Jump frustrated.
       162        81.0000       1       1       7.269988       3.092281      10.362269       4.980974       3.788144       1.000000     541.499386       0.000000            0
# Jump frustrated.
       163        81.5000       1       1       7.480949       2.878447      10.359396       4.980974       3.601074       1.000000     541.499386       0.000000            0
       164        82.0000       1       1       7.575552       2.779419      10.354971       4.980974       3.407797       1.000000     541.499386       0.000000            0
       165        82.5000       1       1       7.489929       2.860177      10.350107       4.980974       3.178884       1.000000     541.499386       0.000000            1
       166        83.0000       1       1       7.196062       3.161207      10.357269       4.980974       2.938351       1.000000     541.499386       0.000000            0
# Jump frustrated.
       167        83.5000       1       1       6.740081       3.617941      10.358022       4.980974       2.797567       1.000000     541.499386       0.000000            0
# Jump frustrated.
       168        84.0000       1       1       6.179401       4.183461      10.362862       4.980975       3.081704       1.000000     541.499386       0.000000            0
       169        84.5000       1       1       5.632129       4.746074      10.378203       4.980975       3.793316       1.000000     541.499386       0.000000            0
       170        85.0000       1       1       5.310670       5.076583      10.387253       4.980975       4.279832       1.000000     541.499386       0.000000            0
       171        85.5000       1       1       5.327723       5.049179      10.376902       4.980975       4.256057       1.000000     541.499386       0.000000            0
       172        86.0000       1       1       5.552184       4.808356      10.360540       4.980975       4.045920       1.000000     541.499386       0.000000            0
# Jump frustrated.
       173        86.5000       1       1       5.753751       4.600127      10.353878       4.980974       4.079287       1.000000     541.499386       0.000000            0
# Jump frustrated.
       174        87.0000       1       1       5.809776       4.547602      10.357378       4.980973       4.321316       1.000000     541.499386       0.000000            0
# Jump frustrated.
       175        87.5000       1       1       5.728417       4.633759      10.362176       4.980972       4.530204       1.000000     541.499386       0.000000            0
# Jump frustrated.
       176        88.0000       1       1       5.570340       4.797976      10.368315       4.980971       4.544066       1.000000     541.499386       0.000000            0
       177        88.5000       1       1       5.400782       4.970497      10.371279       4.980971       4.301406       1.000000     541.499386       0.000000            1
# Jump frustrated.
       178        89.0000       1       1       5.255022       5.116444      10.371466       4.980971       3.904945       1.000000     541.499386       0.000000            0
       179        89.5000       1       1       5.144748       5.229174      10.373922       4.980970       3.549163       1.000000     541.499386       0.000000            0
       180        90.0000       1       1       5.098831       5.278169      10.377000       4.980970       3.322010       1.000000     541.499386       0.000000            0
       181        90.5000       1       1       5.157739       5.220455      10.378194       4.980970       3.142231       1.000000     541.499386       0.000000            0
       182        91.0000       1       1       5.333969       5.041498      10.375467       4.980971       2.884863       1.000000     541.499386       0.000000            0
# Jump frustrated.
       183        91.5000       1       1       5.586377       4.783443      10.369820       4.980971       2.531616       1.000000     541.499386       0.000000            0
       184        92.0000       1       1       5.832843       4.532032      10.364874       4.980971       2.216561       1.000000     541.499386       0.000000            0
# Jump frustrated.
       185        92.5000       1       1       5.998319       4.365116      10.363435       4.980971       2.148274       1.000000     541.499386       0.000000            0
       186        93.0000       1       1       6.056882       4.308440      10.365322       4.980971       2.395596       1.000000     541.499386       0.000000            0
# Jump frustrated.
       187        93.5000       1       1       6.039983       4.330238      10.370221       4.980970       2.872085       1.000000     541.499386       0.000000            0
       188        94.0000       1       1       6.026363       4.350169      10.376532       4.980970       3.424233       1.000000     541.499386       0.000000            1
       189        94.5000       1       1       6.115266       4.265258      10.380523       4.980970       3.862598       1.000000     541.499386       0.000000            0
       190        95.0000       1       1       6.380104       4.000144      10.380248       4.980969       3.982060       1.000000     541.499386       0.000000            0
# Jump frustrated.
       191        95.5000       1       1       6.809683       3.561057      10.370740       4.980968       3.691489       1.000000     541.499386       0.000000            0
# Jump frustrated.
       192        96.0000       1       1       7.296054       3.065708      10.361762       4.980969       3.182894       1.000000     541.499386       0.000000            0
# Jump frustrated.
       193        96.5000       1       1       7.712840       2.644682      10.357522       4.980969       2.702368       1.000000     541.499386       0.000000            0
# Jump frustrated.
       194        97.0000       1       1       7.986395       2.370849      10.357245       4.980969       2.403621       1.000000     541.499386       0.000000            0
       195        97.5000       1       1       8.093130       2.263724      10.356854       4.980969       2.317503       1.000000     541.499386       0.000000            0
# Jump frustrated.
       196        98.0000       1       1       8.031104       2.327875      10.358979       4.980970       2.484730       1.000000     541.499386       0.000000            0
       197        98.5000       1       1       7.834081       2.531952      10.366033       4.980971       2.863085       1.000000     541.499386       0.000000            0
# Jump frustrated.
       198        99.0000       1       1       7.589406       2.784816      10.374222       4.980971       3.238690       1.000000     541.499386       0.000000            1
# Jump frustrated.
       199        99.5000       1       1       7.394618       2.982042      10.376661       4.980970       3.353534       1.000000     541.499386       0.000000            0
# Jump frustrated.
       200       100.0000       1       1       7.279376       3.092904      10.372280       4.980970       3.187156       1.000000     541.499386       0.000000            0
# Jump frustrated.
       201       100.5000       1       1       7.194049       3.173663      10.367712       4.980970       2.947884       1.000000     541.499386       0.000000            0
# Jump frustrated.
       202       101.0000       1       1       7.075511       3.290338      10.365849       4.980970       2.826814       1.000000     541.499386       0.000000            0
# Jump frustrated.
       203       101.5000       1       1       6.892008       3.473654      10.365663       4.980970       2.873620       1.000000     541.499386       0.000000            0
       204       102.0000       1       1       6.648197       3.720498      10.368696       4.980970       3.024911       1.000000     541.499386       0.000000            0
# Jump frustrated.
       205       102.5000       1       1       6.386256       3.986442      10.372698       4.980970       3.098555       1.000000     541.499386       0.000000            0
# Jump frustrated.
       206       103.0000       1       1       6.142276       4.229549      10.371826       4.980971       3.079838       1.000000     541.499386       0.000000            0
# Jump frustrated.
       207       103.5000       1       1       5.901805       4.465598      10.367403       4.980971       3.022702       1.000000     541.499386       0.000000            0
# Jump frustrated.
       208       104.0000       1       1       5.626354       4.741091      10.367445       4.980970       3.096139       1.000000     541.499386       0.000000            0
# Jump frustrated.
       209       104.5000       1       1       5.320771       5.051048      10.371819       4.980970       3.338233       1.000000     541.499386       0.000000            1
# Jump frustrated.
       210       105.0000       1       1       5.054121       5.323635      10.377756       4.980969       3.583192       1.000000     541.499386       0.000000            0
# Jump frustrated.
       211       105.5000       1       1       4.910066       5.469582      10.379649       4.980970       3.635591       1.000000     541.499386       0.000000            0
       212       106.0000       1       1       4.922482       5.453597      10.376079       4.980971       3.414560       1.000000     541.499386       0.000000            0
# Jump frustrated.
       213       106.5000       1       1       5.047439       5.323220      10.370659       4.980970       3.096517       1.000000     541.499386       0.000000            0
# Jump frustrated.
       214       107.0000       1       1       5.206063       5.161702      10.367765       4.980969       2.961861       1.000000     541.499386       0.000000            0
# Jump frustrated.
       215       107.5000       1       1       5.347356       5.020322      10.367678       4.980970       3.078558       1.000000     541.499386       0.000000            0
# Jump frustrated.
       216       108.0000       1       1       5.460622       4.907384      10.368006       4.980970       3.277188       1.000000     541.499386       0.000000            0
# Jump frustrated.
       217       108.5000       1       1       5.549047       4.818113      10.367161       4.980970       3.427143       1.000000     541.499386       0.000000            0
# Jump frustrated.
       218       109.0000       1       1       5.609182       4.757492      10.366675       4.980969       3.541456       1.000000     541.499386       0.000000            0
       219       109.5000       1       1       5.657331       4.715141      10.372472       4.980969       3.734898       1.000000     541.499386       0.000000            1
# Jump frustrated.
       220       110.0000       1       1       5.785785       4.597635      10.383420       4.980969       3.986882       1.000000     541.499386       0.000000            0
# Jump frustrated.
       221       110.5000       1       1       6.132726       4.254254      10.386980       4.980969       4.013149       1.000000     541.499386       0.000000            0
# Jump frustrated.
       222       111.0000       1       1       6.730705       3.643684      10.374389       4.980969       3.645524       1.000000     541.499386       0.000000            0
# Jump frustrated.
       223       111.5000       1       1       7.423143       2.933463      10.356606       4.980969       3.160907       1.000000     541.499386       0.000000            0
# Jump frustrated.
       224       112.0000       1       1       7.990286       2.360469      10.350755       4.980969       2.886799       1.000000     541.499386       0.000000            0
       225       112.5000       1       1       8.327691       2.025807      10.353499       4.980969       2.925726       1.000000     541.499386       0.000000            0
# Jump frustrated.
       226       113.0000       1       1       8.462154       1.896261      10.358415       4.980970       3.046780       1.000000     541.499386       0.000000            0
# Jump frustrated.
       227       113.5000       1       1       8.459016       1.902074      10.361090       4.980971       3.010402       1.000000     541.499386       0.000000            0
# Jump frustrated.
       228       114.0000       1       1       8.344093       2.011483      10.355575       4.980971       2.728135       1.000000     541.499386       0.000000            0
# Jump frustrated.
       229       114.5000       1       1       8.096985       2.261025      10.358011       4.980971       2.611473       1.000000     541.499386       0.000000            0
# Jump frustrated.
       230       115.0000       1       1       7.740796       2.624129      10.364925       4.980971       2.837218       1.000000     541.499386       0.000000            1
       231       115.5000       1       1       7.355766       3.015467      10.371233       4.980971       3.232550       1.000000     541.499386       0.000000            0
# Jump frustrated.
       232       116.0000       1       1       7.026869       3.347222      10.374091       4.980970       3.497221       1.000000     541.499386       0.000000            0
# Jump frustrated.
       233       116.5000       1       1       6.790287       3.581402      10.371689       4.980970       3.487906       1.000000     541.499386       0.000000            0
# Jump frustrated.
       234       117.0000       1       1       6.618106       3.749979      10.368084       4.980969       3.309456       1.000000     541.499386       0.000000            0
# Jump frustrated.
       235       117.5000       1       1       6.463613       3.903192      10.366805       4.980969       3.138022       1.000000     541.499386       0.000000            0
# Jump frustrated.
       236       118.0000       1       1       6.301978       4.064502      10.366480       4.980968       3.097930       1.000000     541.499386       0.000000            0
# Jump frustrated.
       237       118.5000       1       1       6.141861       4.227266      10.369127       4.980969       3.224050       1.000000     541.499386       0.000000            0
       238       119.0000       1       1       6.020867       4.351207      10.372073       4.980969       3.327590       1.000000     541.499386       0.000000            0
       239       119.5000       1       1       5.969981       4.401447      10.371429       4.980970       3.316512       1.000000     541.499386       0.000000            0
# Jump frustrated.
       240       120.0000       1       1       5.979025       4.388576      10.367601       4.980971       3.226330       1.000000     541.499386       0.000000            0
# Jump frustrated.
       241       120.5000       1       1       5.996229       4.366362      10.362591       4.980972       3.067468       1.000000     541.499386       0.000000            1
# Jump frustrated.
       242       121.0000       1       1       5.946955       4.408921      10.355877       4.980972       2.979523       1.000000     541.499386       0.000000            0
# Jump frustrated.
       243       121.5000       1       1       5.753948       4.597635      10.351584       4.980971       3.199016       1.000000     541.499386       0.000000            0
# Jump frustrated.
       244       122.0000       1       1       5.407737       4.953680      10.361417       4.980971       3.977912       1.000000     541.499386       0.000000            0
       245       122.5000       1       1       5.109630       5.278169      10.387799       4.980970       4.832617       1.000000     541.499386       0.000000            0
# Jump frustrated.
       246       123.0000       1       1       5.190841       5.201978      10.392819       4.980970       4.958373       1.000000     541.499386       0.000000            0
# Jump frustrated.
       247       123.5000       1       1       5.702374       4.662409      10.364783       4.980969       4.187986       1.000000     541.499386       0.000000            0
# Jump frustrated.
       248       124.0000       1       1       6.301014       4.042081      10.343095       4.980969       3.170401       1.000000     541.499386       0.000000            0
# Jump frustrated.
       249       124.5000       1       1       6.638578       3.699945      10.338523       4.980968       2.624380       1.000000     541.499386       0.000000            0
# Jump frustrated.
       250       125.0000       1       1       6.605840       3.739391      10.345231       4.980968       2.631910       1.000000     541.499386       0.000000            0
# Jump frustrated.
       251       125.5000       1       1       6.262442       4.092321      10.354763       4.980968       2.995484       1.000000     541.499386       0.000000            0
# Jump frustrated.
       252       126.0000       1       1       5.753968       4.614244      10.368212       4.980968       3.436966       1.000000     541.499386       0.000000            1
# Jump frustrated.
       253       126.5000       1       1       5.266268       5.112084      10.378352       4.980968       3.734984       1.000000     541.499386       0.000000            0
       254       127.0000       1       1       4.958763       5.424117      10.382879       4.980968       3.724769       1.000000     541.499386       0.000000            0
       255       127.5000       1       1       4.891293       5.487644      10.378937       4.980969       3.434879       1.000000     541.499386       0.000000            0
       256       128.0000       1       1       5.015489       5.357682      10.373172       4.980969       3.110308       1.000000     541.499386       0.000000            0
# Jump frustrated.
       257       128.5000       1       1       5.243984       5.125994      10.369977       4.980969       3.005118       1.000000     541.499386       0.000000            0
# Jump frustrated.
       258       129.0000       1       1       5.518633       4.851330      10.369964       4.980969       3.204191       1.000000     541.499386       0.000000            0
# Jump frustrated.
       259       129.5000       1       1       5.825846       4.545319      10.371165       4.980969       3.608618       1.000000     541.499386       0.000000            0
       260       130.0000       1       1       6.174352       4.196747      10.371099       4.980969       4.096872       1.000000     541.499386       0.000000            0
       261       130.5000       1       1       6.576460       3.796067      10.372527       4.980969       4.541956       1.000000     541.499386       0.000000            0
# Jump frustrated.
       262       131.0000       1       1       7.044599       3.327915      10.372514       4.980969       4.894260       1.000000     541.499386       0.000000            0
# Jump frustrated.
       263       131.5000       1       1       7.573111       2.794781      10.367892       4.980970       5.042473       1.000000     541.499386       0.000000            1
# Jump frustrated.
       264       132.0000       1       1       8.105278       2.253344      10.358622       4.980969       4.857584       1.000000     541.499386       0.000000            0
       265       132.5000       1       1       8.536596       1.814256      10.350852       4.980968       4.352473       1.000000     541.499386       0.000000            0
# Jump frustrated.
       266       133.0000       1       1       8.756465       1.589626      10.346091       4.980968       3.797690       1.000000     541.499386       0.000000            0
# Jump frustrated.
       267       133.5000       1       1       8.710912       1.639037      10.349949       4.980968       3.505434       1.000000     541.499386       0.000000            0
       268       134.0000       1       1       8.468345       1.895015      10.363361       4.980967       3.630563       1.000000     541.499386       0.000000            0
# Jump frustrated.
       269       134.5000       1       1       8.200971       2.170509      10.371480       4.980966       3.750152       1.000000     541.499386       0.000000            0
# Jump frustrated.
       270       135.0000       1       1       8.018774       2.346974      10.365748       4.980966       3.438268       1.000000     541.499386       0.000000            0
       271       135.5000       1       1       7.858435       2.498320      10.356755       4.980967       2.857205       1.000000     541.499386       0.000000            0
# Jump frustrated.
       272       136.0000       1       1       7.592241       2.762602      10.354843       4.980966       2.474139       1.000000     541.499386       0.000000            0
# Jump frustrated.
       273       136.5000       1       1       7.165868       3.191933      10.357801       4.980965       2.505240       1.000000     541.499386       0.000000            0
       274       137.0000       1       1       6.616999       3.746657      10.363656       4.980965       2.766280       1.000000     541.499386       0.000000            1
# Jump frustrated.
       275       137.5000       1       1       6.020169       4.348923      10.369092       4.980965       3.107589       1.000000     541.499386       0.000000            0
# Jump frustrated.
       276       138.0000       1       1       5.461273       4.914235      10.375508       4.980965       3.343583       1.000000     541.499386       0.000000            0
# Jump frustrated.
       277       138.5000       1       1       5.025914       5.354153      10.380067       4.980965       3.463610       1.000000     541.499386       0.000000            0
# Jump frustrated.
       278       139.0000       1       1       4.769455       5.610962      10.380417       4.980965       3.467507       1.000000     541.499386       0.000000            0
# Jump frustrated.
       279       139.5000       1       1       4.700763       5.677812      10.378575       4.980964       3.419609       1.000000     541.499386       0.000000            0
# Jump frustrated.
       280       140.0000       1       1       4.797441       5.578991      10.376431       4.980965       3.345156       1.000000     541.499386       0.000000            0
# Jump frustrated.
       281       140.5000       1       1       5.025895       5.347510      10.373405       4.980965       3.252658       1.000000     541.499386       0.000000            0
       282       141.0000       1       1       5.341658       5.027588      10.369247       4.980964       3.163599       1.000000     541.499386       0.000000            0
       283       141.5000       1       1       5.683306       4.680886      10.364192       4.980964       3.095044       1.000000     541.499386       0.000000            0
       284       142.0000       1       1       5.980188       4.379856      10.360044       4.980964       3.129614       1.000000     541.499386       0.000000            0
# Jump frustrated.
       285       142.5000       1       1       6.178306       4.180969      10.359275       4.980965       3.341990       1.000000     541.499386       0.000000            1
# Jump frustrated.
       286       143.0000       1       1       6.266147       4.096058      10.362205       4.980965       3.686653       1.000000     541.499386       0.000000            0
# Jump frustrated.
       287       143.5000       1       1       6.287304       4.080696      10.367999       4.980966       4.035924       1.000000     541.499386       0.000000            0
       288       144.0000       1       1       6.323335       4.050177      10.373513       4.980967       4.218321       1.000000     541.499386       0.000000            0
# Jump frustrated.
       289       144.5000       1       1       6.443703       3.929558      10.373261       4.980967       4.068209       1.000000     541.499386       0.000000            0
# Jump frustrated.
       290       145.0000       1       1       6.648495       3.719045      10.367540       4.980968       3.567795       1.000000     541.499386       0.000000            0
       291       145.5000       1       1       6.861634       3.498775      10.360409       4.980968       2.861626       1.000000     541.499386       0.000000            0
       292       146.0000       1       1       6.989494       3.368190      10.357684       4.980969       2.227045       1.000000     541.499386       0.000000            0
       293       146.5000       1       1       6.986517       3.372965      10.359482       4.980970       1.945856       1.000000     541.499386       0.000000            0
# Jump frustrated.
       294       147.0000       1       1       6.865585       3.496699      10.362284       4.980970       2.042249       1.000000     541.499386       0.000000            0
       295       147.5000       1       1       6.668168       3.697869      10.366037       4.980970       2.333348       1.000000     541.499386       0.000000            1
# Jump frustrated.
       296       148.0000       1       1       6.442013       3.926859      10.368872       4.980970       2.669307       1.000000     541.499386       0.000000            0
# Jump frustrated.
       297       148.5000       1       1       6.230614       4.140694      10.371308       4.980970       3.011481       1.000000     541.499386       0.000000            0
       298       149.0000       1       1       6.070060       4.303042      10.373102       4.980971       3.313525       1.000000     541.499386       0.000000            0
# Jump frustrated.
       299       149.5000       1       1       5.984956       4.388576      10.373532       4.980971       3.556464       1.000000     541.499386       0.000000            0
# Jump frustrated.
       300       150.0000       1       1       5.985521       4.387745      10.373266       4.980971       3.763969       1.000000     541.499386       0.000000            0
       301       150.5000       1       1       6.071587       4.301174      10.372760       4.980971       3.935144       1.000000     541.499386       0.000000            0
       302       151.0000       1       1       6.235121       4.136542      10.371663       4.980971       4.048091       1.000000     541.499386       0.000000            0
# Jump frustrated.
       303       151.5000       1       1       6.461700       3.908797      10.370497       4.980971       4.097210       1.000000     541.499386       0.000000            0
# Jump frustrated.
       304       152.0000       1       1       6.735019       3.634134      10.369153       4.980972       4.054287       1.000000     541.499386       0.000000            0
# Jump frustrated.
       305       152.5000       1       1       7.030974       3.336011      10.366985       4.980971       3.869739       1.000000     541.499386       0.000000            0
# Jump frustrated.
       306       153.0000       1       1       7.309805       3.053459      10.363264       4.980971       3.621670       1.000000     541.499386       0.000000            0
       307       153.5000       1       1       7.524202       2.836926      10.361128       4.980971       3.332129       1.000000     541.499386       0.000000            1
# Jump frustrated.
       308       154.0000       1       1       7.631181       2.726687      10.357868       4.980972       3.018491       1.000000     541.499386       0.000000            0
       309       154.5000       1       1       7.615581       2.747655      10.363236       4.980972       2.684912       1.000000     541.499386       0.000000            0
# Jump frustrated.
       310       155.0000       1       1       7.514703       2.850212      10.364915       4.980972       2.504163       1.000000     541.499386       0.000000            0
       311       155.5000       1       1       7.374961       2.991592      10.366553       4.980972       2.408979       1.000000     541.499386       0.000000            0
# Jump frustrated.
       312       156.0000       1       1       7.207714       3.156224      10.363938       4.980972       2.257434       1.000000     541.499386       0.000000            0
       313       156.5000       1       1       6.996714       3.366737      10.363451       4.980972       2.163071       1.000000     541.499386       0.000000            0
# Jump frustrated.
       314       157.0000       1       1       6.723530       3.639947      10.363477       4.980972       2.233137       1.000000     541.499386       0.000000            0
# Jump frustrated.
       315       157.5000       1       1       6.383490       3.980837      10.364326       4.980972       2.514651       1.000000     541.499386       0.000000            0
# Jump frustrated.
       316       158.0000       1       1       5.995034       4.372590      10.367624       4.980972       2.893661       1.000000     541.499386       0.000000            0
       317       158.5000       1       1       5.612093       4.760606      10.372699       4.980971       3.233837       1.000000     541.499386       0.000000            1
       318       159.0000       1       1       5.305410       5.070770      10.376181       4.980972       3.430121       1.000000     541.499386       0.000000            0
# Jump frustrated.
       319       159.5000       1       1       5.126104       5.250765      10.376869       4.980973       3.491579       1.000000     541.499386       0.000000            0
# Jump frustrated.
       320       160.0000       1       1       5.091539       5.285020      10.376560       4.980972       3.459424       1.000000     541.499386       0.000000            0
       321       160.5000       1       1       5.193575       5.181217      10.374792       4.980972       3.357798       1.000000     541.499386       0.000000            0
# Jump frustrated.
       322       161.0000       1       1       5.406399       4.966137      10.372536       4.980971       3.223736       1.000000     541.499386       0.000000            0
# Jump frustrated.
       323       161.5000       1       1       5.693913       4.675903      10.369817       4.980971       3.091151       1.000000     541.499386       0.000000            0
# Jump frustrated.
       324       162.0000       1       1       6.022367       4.347262      10.369629       4.980972       2.970400       1.000000     541.499386       0.000000            0
       325       162.5000       1       1       6.367240       4.000559      10.367800       4.980973       2.869424       1.000000     541.499386       0.000000            0
       326       163.0000       1       1       6.717851       3.650950      10.368801       4.980973       2.811360       1.000000     541.499386       0.000000            0
# Jump frustrated.
       327       163.5000       1       1       7.077403       3.291376      10.368779       4.980974       2.707654       1.000000     541.499386       0.000000            0
# Jump frustrated.
       328       164.0000       1       1       7.446264       2.921421      10.367685       4.980974       2.482532       1.000000     541.499386       0.000000            1
       329       164.5000       1       1       7.784292       2.574719      10.359011       4.980974       2.120452       1.000000     541.499386       0.000000            0
       330       165.0000       1       1       7.991281       2.361299      10.352580       4.980974       1.797493       1.000000     541.499386       0.000000            0
# Jump frustrated.
       331       165.5000       1       1       7.985048       2.367735      10.352783       4.980975       1.717271       1.000000     541.499386       0.000000            0
       332       166.0000       1       1       7.759434       2.596517      10.355951       4.980975       1.841094       1.000000     541.499386       0.000000            0
# Jump frustrated.
       333       166.5000       1       1       7.363903       2.997821      10.361724       4.980975       2.048792       1.000000     541.499386       0.000000            0
# Jump frustrated.
       334       167.0000       1       1       6.879891       3.488187      10.368078       4.980974       2.269142       1.000000     541.499386       0.000000            0
# Jump frustrated.
       335       167.5000       1       1       6.394899       3.978138      10.373037       4.980973       2.444954       1.000000     541.499386       0.000000            0
# Jump frustrated.
       336       168.0000       1       1       5.976922       4.397710      10.374632       4.980973       2.521817       1.000000     541.499386       0.000000            0
# Jump frustrated.
       337       168.5000       1       1       5.658683       4.716594      10.375277       4.980972       2.506178       1.000000     541.499386       0.000000            0
# Jump frustrated.
       338       169.0000       1       1       5.438945       4.934373      10.373318       4.980973       2.408846       1.000000     541.499386       0.000000            0
       339       169.5000       1       1       5.290095       5.081151      10.371246       4.980973       2.343560       1.000000     541.499386       0.000000            0
       340       170.0000       1       1       5.180192       5.189937      10.370128       4.980972       2.384027       1.000000     541.499386       0.000000            1
# Jump frustrated.
       341       170.5000       1       1       5.094726       5.276093      10.370819       4.980973       2.523246       1.000000     541.499386       0.000000            0
# Jump frustrated.
       342       171.0000       1       1       5.038738       5.332770      10.371508       4.980973       2.720555       1.000000     541.499386       0.000000            0
# Jump frustrated.
       343       171.5000       1       1       5.026861       5.345434      10.372295       4.980972       2.941503       1.000000     541.499386       0.000000            0
       344       172.0000       1       1       5.081223       5.294570      10.375793       4.980972       3.162962       1.000000     541.499386       0.000000            0
       345       172.5000       1       1       5.235259       5.141149      10.376408       4.980973       3.355446       1.000000     541.499386       0.000000            0
# Jump frustrated.
       346       173.0000       1       1       5.513956       4.862541      10.376497       4.980973       3.456848       1.000000     541.499386       0.000000            0
# Jump frustrated.
       347       173.5000       1       1       5.918996       4.455217      10.374213       4.980975       3.419147       1.000000     541.499386       0.000000            0
# Jump frustrated.
       348       174.0000       1       1       6.414100       3.954471      10.368571       4.980977       3.172821       1.000000     541.499386       0.000000            0
# Jump frustrated.
       349       174.5000       1       1       6.909663       3.447911      10.357575       4.980978       2.883603       1.000000     541.499386       0.000000            0
# Jump frustrated.
       350       175.0000       1       1       7.270998       3.073389      10.344388       4.980978       2.601789       1.000000     541.499386       0.000000            0
# Jump frustrated.
       351       175.5000       1       1       7.329657       3.001142      10.330799       4.980979       2.842882       1.000000     541.499386       0.000000            1
# Jump frustrated.
       352       176.0000       1       1       6.979031       3.357395      10.336426       4.980979       4.292348       1.000000     541.499386       0.000000            0
# Jump frustrated.
       353       176.5000       1       1       6.470114       3.918555      10.388669       4.980979       6.157632       1.000000     541.499386       0.000000            0
# Jump frustrated.
       354       177.0000       1       1       6.433044       3.972325      10.405369       4.980980       6.600715       1.000000     541.499386       0.000000            0
       355       177.5000       1       1       7.045975       3.306946      10.352921       4.980981       5.123691       1.000000     541.499386       0.000000            0
# Jump frustrated.
       356       178.0000       1       1       7.697971       2.620600      10.318570       4.980983       2.887125       1.000000     541.499386       0.000000            0
# Jump frustrated.
       357       178.5000       1       1       7.847041       2.481296      10.328337       4.980984       1.706874       1.000000     541.499386       0.000000            0
# Jump frustrated.
       358       179.0000       1       1       7.495944       2.851458      10.347402       4.980984       1.937862       1.000000     541.499386       0.000000            0
       359       179.5000       1       1       6.863579       3.498360      10.361939       4.980985       2.522013       1.000000     541.499386       0.000000            0
# Jump frustrated.
       360       180.0000       1       1       6.156734       4.217301      10.374035       4.980986       3.012017       1.000000     541.499386       0.000000            0
# Jump frustrated.
       361       180.5000       1       1       5.545153       4.834930      10.380083       4.980988       3.220571       1.000000     541.499386       0.000000            0
       362       181.0000       1       1       5.118333       5.261768      10.380101       4.980989       3.248975       1.000000     541.499386       0.000000            1
# Jump frustrated.
       363       181.5000       1       1       4.883320       5.494910      10.378231       4.980989       3.184297       1.000000     541.499386       0.000000            0
# Jump frustrated.
       364       182.0000       1       1       4.810865       5.564251      10.375116       4.980989       3.036943       1.000000     541.499386       0.000000            0
# Jump frustrated.
       365       182.5000       1       1       4.851239       5.519823      10.371062       4.980989       2.826335       1.000000     541.499386       0.000000            0
# Jump frustrated.
       366       183.0000       1       1       4.952784       5.417888      10.370673       4.980988       2.686173       1.000000     541.499386       0.000000            0
# Jump frustrated.
       367       183.5000       1       1       5.096900       5.274225      10.371125       4.980988       2.657584       1.000000     541.499386       0.000000            0
# Jump frustrated.
       368       184.0000       1       1       5.282987       5.086964      10.369950       4.980988       2.634280       1.000000     541.499386       0.000000            0
# Jump frustrated.
       369       184.5000       1       1       5.503757       4.866071      10.369828       4.980989       2.613902       1.000000     541.499386       0.000000            0
# Jump frustrated.
       370       185.0000       1       1       5.757036       4.612791      10.369826       4.980988       2.606711       1.000000     541.499386       0.000000            0
# Jump frustrated.
       371       185.5000       1       1       6.051234       4.319650      10.370885       4.980987       2.637346       1.000000     541.499386       0.000000            0
# Jump frustrated.
       372       186.0000       1       1       6.402298       3.970041      10.372339       4.980987       2.646182       1.000000     541.499386       0.000000            0
# Jump frustrated.
       373       186.5000       1       1       6.820846       3.549431      10.370277       4.980987       2.602445       1.000000     541.499386       0.000000            1
# Jump frustrated.
       374       187.0000       1       1       7.286334       3.078372      10.364706       4.980987       2.445710       1.000000     541.499386       0.000000            0
# Jump frustrated.
       375       187.5000       1       1       7.697881       2.649665      10.347546       4.980987       2.190882       1.000000     541.499386       0.000000            0
# Jump frustrated.
       376       188.0000       1       1       7.843373       2.481503      10.324876       4.980987       2.366474       1.000000     541.499386       0.000000            0
       377       188.5000       1       1       7.486496       2.825300      10.311796       4.980988       3.986768       1.000000     541.499386       0.000000            0
# Jump frustrated.
       378       189.0000       1       1       6.755005       3.623546      10.378551       4.980988       6.528179       1.000000     541.499386       0.000000            0
# Jump frustrated.
       379       189.5000       1       1       6.476036       3.937032      10.413068       4.980986       7.314832       1.000000     541.499386       0.000000            0
       380       190.0000       1       1       7.108130       3.251100      10.359230       4.980985       5.857364       1.000000     541.499386       0.000000            0
# Jump frustrated.
       381       190.5000       1       1       7.985147       2.320816      10.305963       4.980984       3.072861       1.000000     541.499386       0.000000            0
       382       191.0000       1       1       8.330485       1.988023      10.318508       4.980984       1.610744       1.000000     541.499386       0.000000            0
       383       191.5000       1       1       8.094633       2.250022      10.344655       4.980984       2.036365       1.000000     541.499386       0.000000            0
# Jump frustrated.
       384       192.0000       1       1       7.545841       2.815542      10.361383       4.980983       2.583495       1.000000     541.499386       0.000000            1
# Jump frustrated.
       385       192.5000       1       1       6.910971       3.460783      10.371753       4.980983       2.864220       1.000000     541.499386       0.000000            0
       386       193.0000       1       1       6.327865       4.048101      10.375966       4.980982       2.903635       1.000000     541.499386       0.000000            0
       387       193.5000       1       1       5.858292       4.518122      10.376415       4.980982       2.779969       1.000000     541.499386       0.000000            0
       388       194.0000       1       1       5.501957       4.871884      10.373841       4.980982       2.629921       1.000000     541.499386       0.000000            0
# Jump frustrated.
       389       194.5000       1       1       5.228308       5.143640      10.371948       4.980982       2.538490       1.000000     541.499386       0.000000            0
       390       195.0000       1       1       5.008782       5.362457      10.371239       4.980983       2.544824       1.000000     541.499386       0.000000            0
       391       195.5000       1       1       4.834424       5.537262      10.371686       4.980984       2.631158       1.000000     541.499386       0.000000            0
# Jump frustrated.
       392       196.0000       1       1       4.714276       5.658504      10.372781       4.980983       2.743271       1.000000     541.499386       0.000000            0
# Jump frustrated.
       393       196.5000       1       1       4.663005       5.710198      10.373203       4.980983       2.807400       1.000000     541.499386       0.000000            0
# Jump frustrated.
       394       197.0000       1       1       4.686090       5.685908      10.371998       4.980982       2.779730       1.000000     541.499386       0.000000            0
       395       197.5000       1       1       4.765992       5.603281      10.369273       4.980981       2.678030       1.000000     541.499386       0.000000            1
# Jump frustrated.
       396       198.0000       1       1       4.867988       5.499270      10.367258       4.980979       2.568096       1.000000     541.499386       0.000000            0
       397       198.5000       1       1       4.962525       5.404186      10.366712       4.980978       2.518579       1.000000     541.499386       0.000000            0
       398       199.0000       1       1       5.042972       5.325088      10.368061       4.980978       2.585162       1.000000     541.499386       0.000000            0
# Jump frustrated.
       399       199.5000       1       1       5.134393       5.237063      10.371456       4.980979       2.779241       1.000000     541.499386       0.000000            0
# Jump frustrated.
       400       200.0000       1       1       5.287780       5.086341      10.374121       4.980980       2.976947       1.000000     541.499386       0.000000            0
