#===============================================================================================================================================================================
#     Step |         Time |         State |                                     Energy |      Angular |     Gradient |      Density |           Expectation Value |    Runtime |
#          |              |  diag |   MCH |          kin |          pot |          tot |     Momentum |          RMS |        Total |           DM |            S |            |
#          |         [fs] |       |       |         [eV] |         [eV] |         [eV] |       [hbar] |     [eV/Ang] |              |      [Debye] |              |      [sec] |
#===============================================================================================================================================================================
         0         0.0000       2       2       0.212659      10.060175      10.272834       0.000063       2.829739       1.000000     541.499386       0.000000            4
         1         0.5000       2       2       0.207526      10.065158      10.272683       0.000063       2.913332       1.000000     541.499386       0.000000            2
# Jump frustrated.
         2         1.0000       2       2       0.213309      10.059137      10.272446       0.000063       2.891988       1.000000     541.499386       0.000000            0
# Surface Hop/Pointer State Switch: new state=      1 old state=      2 randnum=  0.045844644 gap= -9.982131 eV
         3         1.5000       1       1      10.210595       0.061851      10.272446       4.181142       0.735055       1.000000     541.499386       0.000000            0
         4         2.0000       1       1       9.768352       0.502807      10.271159       4.181142       2.055687       1.000000     541.499386       0.000000            0
# Jump frustrated.
         5         2.5000       1       1       8.716582       1.584229      10.300810       4.181142       4.289982       1.000000     541.499386       0.000000            1
# Jump frustrated.
         6         3.0000       1       1       7.562854       2.787100      10.349954       4.181142       6.056539       1.000000     541.499386       0.000000            0
# Jump frustrated.
         7         3.5000       1       1       6.945271       3.405144      10.350415       4.181142       6.122275       1.000000     541.499386       0.000000            0
# Jump frustrated.
         8         4.0000       1       1       6.876334       3.429849      10.306183       4.181142       4.653152       1.000000     541.499386       0.000000            0
         9         4.5000       1       1       6.835227       3.459537      10.294764       4.181143       3.428737       1.000000     541.499386       0.000000            0
# Jump frustrated.
        10         5.0000       1       1       6.551216       3.756622      10.307838       4.181143       3.092018       1.000000     541.499386       0.000000            0
        11         5.5000       1       1       6.092726       4.224982      10.317708       4.181143       3.171066       1.000000     541.499386       0.000000            0
        12         6.0000       1       1       5.592928       4.731334      10.324262       4.181143       3.307727       1.000000     541.499386       0.000000            0
        13         6.5000       1       1       5.158268       5.174158      10.332427       4.181143       3.319669       1.000000     541.499386       0.000000            1
# Jump frustrated.
        14         7.0000       1       1       4.870078       5.463769      10.333847       4.181143       3.180110       1.000000     541.499386       0.000000            0
# Jump frustrated.
        15         7.5000       1       1       4.741280       5.587918      10.329198       4.181143       2.975018       1.000000     541.499386       0.000000            0
        16         8.0000       1       1       4.714806       5.608679      10.323484       4.181144       2.754378       1.000000     541.499386       0.000000            0
# Jump frustrated.
        17         8.5000       1       1       4.711333       5.606810      10.318144       4.181144       2.616440       1.000000     541.499386       0.000000            0
# Jump frustrated.
        18         9.0000       1       1       4.651330       5.659750      10.311080       4.181144       2.699098       1.000000     541.499386       0.000000            0
# Jump frustrated.
        19         9.5000       1       1       4.475745       5.835592      10.311337       4.181144       3.250144       1.000000     541.499386       0.000000            0
# Jump frustrated.
        20        10.0000       1       1       4.244391       6.082436      10.326827       4.181143       4.222265       1.000000     541.499386       0.000000            1
# Jump frustrated.
        21        10.5000       1       1       4.206038       6.141397      10.347435       4.181143       5.059651       1.000000     541.499386       0.000000            0
# Jump frustrated.
        22        11.0000       1       1       4.640287       5.708537      10.348824       4.181143       5.148930       1.000000     541.499386       0.000000            0
# Jump frustrated.
        23        11.5000       1       1       5.558476       4.769534      10.328010       4.181142       4.506675       1.000000     541.499386       0.000000            0
# Jump frustrated.
        24        12.0000       1       1       6.646943       3.647213      10.294157       4.181143       3.546171       1.000000     541.499386       0.000000            0
        25        12.5000       1       1       7.532644       2.753468      10.286112       4.181143       2.819057       1.000000     541.499386       0.000000            0
# Jump frustrated.
        26        13.0000       1       1       8.036589       2.246701      10.283290       4.181142       2.434018       1.000000     541.499386       0.000000            1
# Jump frustrated.
        27        13.5000       1       1       8.096421       2.177568      10.273989       4.181142       2.363867       1.000000     541.499386       0.000000            0
        28        14.0000       1       1       7.641264       2.630772      10.272036       4.181142       3.230663       1.000000     541.499386       0.000000            0
# Jump frustrated.
        29        14.5000       1       1       6.765855       3.539050      10.304905       4.181141       5.202725       1.000000     541.499386       0.000000            0
# Jump frustrated.
        30        15.0000       1       1       6.061119       4.298475      10.359594       4.181141       6.461729       1.000000     541.499386       0.000000            0
# Jump frustrated.
        31        15.5000       1       1       6.160956       4.186990      10.347946       4.181140       6.082882       1.000000     541.499386       0.000000            0
        32        16.0000       1       1       6.906536       3.381270      10.287805       4.181140       4.339651       1.000000     541.499386       0.000000            0
        33        16.5000       1       1       7.604126       2.671256      10.275381       4.181140       3.110352       1.000000     541.499386       0.000000            0
# Jump frustrated.
        34        17.0000       1       1       7.922919       2.367320      10.290239       4.181140       3.217274       1.000000     541.499386       0.000000            0
        35        17.5000       1       1       7.952370       2.348635      10.301005       4.181140       3.735164       1.000000     541.499386       0.000000            1
# Jump frustrated.
        36        18.0000       1       1       7.840775       2.467179      10.307953       4.181140       4.190769       1.000000     541.499386       0.000000            0
# Jump frustrated.
        37        18.5000       1       1       7.670554       2.639492      10.310046       4.181140       4.439903       1.000000     541.499386       0.000000            0
# Jump frustrated.
        38        19.0000       1       1       7.469406       2.840455      10.309861       4.181140       4.159965       1.000000     541.499386       0.000000            0
# Jump frustrated.
        39        19.5000       1       1       7.198659       3.103907      10.302567       4.181140       3.628179       1.000000     541.499386       0.000000            0
        40        20.0000       1       1       6.789755       3.512684      10.302440       4.181140       3.389567       1.000000     541.499386       0.000000            1
        41        20.5000       1       1       6.272418       4.043742      10.316160       4.181140       3.606073       1.000000     541.499386       0.000000            0
        42        21.0000       1       1       5.820406       4.508572      10.328979       4.181140       3.843956       1.000000     541.499386       0.000000            0
        43        21.5000       1       1       5.604244       4.724691      10.328935       4.181140       3.637238       1.000000     541.499386       0.000000            0
        44        22.0000       1       1       5.625205       4.694795      10.320001       4.181140       3.113810       1.000000     541.499386       0.000000            0
# Jump frustrated.
        45        22.5000       1       1       5.764285       4.550094      10.314378       4.181140       2.657992       1.000000     541.499386       0.000000            0
        46        23.0000       1       1       5.921889       4.391690      10.313579       4.181140       2.475361       1.000000     541.499386       0.000000            1
        47        23.5000       1       1       6.063893       4.250518      10.314410       4.181139       2.506839       1.000000     541.499386       0.000000            0
        48        24.0000       1       1       6.192505       4.122424      10.314930       4.181139       2.610778       1.000000     541.499386       0.000000            0
        49        24.5000       1       1       6.315648       3.999314      10.314961       4.181140       2.689578       1.000000     541.499386       0.000000            0
        50        25.0000       1       1       6.424126       3.886376      10.310502       4.181140       2.644164       1.000000     541.499386       0.000000            0
        51        25.5000       1       1       6.466718       3.837381      10.304099       4.181140       2.551541       1.000000     541.499386       0.000000            0
# Jump frustrated.
        52        26.0000       1       1       6.371360       3.929766      10.301125       4.181140       2.640538       1.000000     541.499386       0.000000            1
        53        26.5000       1       1       6.114241       4.191765      10.306006       4.181140       3.183577       1.000000     541.499386       0.000000            0
# Jump frustrated.
        54        27.0000       1       1       5.805935       4.520613      10.326548       4.181140       3.967814       1.000000     541.499386       0.000000            0
# Jump frustrated.
        55        27.5000       1       1       5.689833       4.644762      10.334595       4.181140       4.183856       1.000000     541.499386       0.000000            0
# Jump frustrated.
        56        28.0000       1       1       5.858443       4.459370      10.317812       4.181140       3.637155       1.000000     541.499386       0.000000            0
        57        28.5000       1       1       6.131159       4.173496      10.304654       4.181139       2.971039       1.000000     541.499386       0.000000            0
        58        29.0000       1       1       6.313437       3.988311      10.301748       4.181139       2.747776       1.000000     541.499386       0.000000            1
# Jump frustrated.
        59        29.5000       1       1       6.337952       3.965682      10.303633       4.181139       2.911285       1.000000     541.499386       0.000000            0
        60        30.0000       1       1       6.216267       4.090453      10.306720       4.181138       3.281464       1.000000     541.499386       0.000000            0
# Jump frustrated.
        61        30.5000       1       1       5.992911       4.319235      10.312146       4.181139       3.774329       1.000000     541.499386       0.000000            0
        62        31.0000       1       1       5.754046       4.567533      10.321578       4.181138       4.317011       1.000000     541.499386       0.000000            0
# Jump frustrated.
        63        31.5000       1       1       5.635436       4.695418      10.330854       4.181138       4.752409       1.000000     541.499386       0.000000            0
# Jump frustrated.
        64        32.0000       1       1       5.764917       4.567117      10.332034       4.181138       4.837989       1.000000     541.499386       0.000000            1
        65        32.5000       1       1       6.156575       4.165814      10.322389       4.181138       4.520153       1.000000     541.499386       0.000000            0
        66        33.0000       1       1       6.689463       3.621885      10.311349       4.181138       3.986045       1.000000     541.499386       0.000000            0
# Jump frustrated.
        67        33.5000       1       1       7.214325       3.093735      10.308059       4.181138       3.470848       1.000000     541.499386       0.000000            0
# Jump frustrated.
        68        34.0000       1       1       7.650605       2.656723      10.307329       4.181139       3.072408       1.000000     541.499386       0.000000            0
# Jump frustrated.
        69        34.5000       1       1       7.971358       2.334518      10.305876       4.181139       2.745210       1.000000     541.499386       0.000000            0
        70        35.0000       1       1       8.155428       2.149541      10.304968       4.181139       2.553207       1.000000     541.499386       0.000000            0
        71        35.5000       1       1       8.196930       2.110096      10.307025       4.181139       2.564181       1.000000     541.499386       0.000000            1
        72        36.0000       1       1       8.120576       2.189609      10.310184       4.181140       2.779820       1.000000     541.499386       0.000000            0
        73        36.5000       1       1       7.964167       2.348012      10.312179       4.181140       3.112153       1.000000     541.499386       0.000000            0
# Jump frustrated.
        74        37.0000       1       1       7.759015       2.554373      10.313388       4.181140       3.540012       1.000000     541.499386       0.000000            0
# Jump frustrated.
        75        37.5000       1       1       7.512412       2.798103      10.310515       4.181140       4.059909       1.000000     541.499386       0.000000            0
# Jump frustrated.
        76        38.0000       1       1       7.232263       3.083354      10.315618       4.181140       4.259837       1.000000     541.499386       0.000000            0
# Jump frustrated.
        77        38.5000       1       1       6.962896       3.356564      10.319460       4.181140       4.124479       1.000000     541.499386       0.000000            0
# Jump frustrated.
        78        39.0000       1       1       6.736846       3.581195      10.318041       4.181140       3.982530       1.000000     541.499386       0.000000            0
        79        39.5000       1       1       6.547934       3.768040      10.315974       4.181139       3.831536       1.000000     541.499386       0.000000            1
        80        40.0000       1       1       6.376193       3.937032      10.313225       4.181139       3.616153       1.000000     541.499386       0.000000            0
        81        40.5000       1       1       6.198389       4.114120      10.312509       4.181139       3.380712       1.000000     541.499386       0.000000            0
        82        41.0000       1       1       6.017035       4.298682      10.315717       4.181139       3.224050       1.000000     541.499386       0.000000            0
# Jump frustrated.
        83        41.5000       1       1       5.876654       4.442553      10.319208       4.181139       3.198710       1.000000     541.499386       0.000000            0
        84        42.0000       1       1       5.835053       4.486981      10.322034       4.181139       3.237484       1.000000     541.499386       0.000000            0
# Jump frustrated.
        85        42.5000       1       1       5.934780       4.387123      10.321903       4.181140       3.153318       1.000000     541.499386       0.000000            1
# Jump frustrated.
        86        43.0000       1       1       6.153833       4.159794      10.313627       4.181140       2.823953       1.000000     541.499386       0.000000            0
        87        43.5000       1       1       6.377008       3.926859      10.303867       4.181140       2.318907       1.000000     541.499386       0.000000            0
# Jump frustrated.
        88        44.0000       1       1       6.459794       3.837381      10.297175       4.181140       1.973289       1.000000     541.499386       0.000000            0
        89        44.5000       1       1       6.315395       3.983328      10.298723       4.181140       2.166413       1.000000     541.499386       0.000000            0
        90        45.0000       1       1       5.962159       4.344563      10.306722       4.181140       2.801329       1.000000     541.499386       0.000000            0
        91        45.5000       1       1       5.514265       4.803789      10.318054       4.181140       3.507695       1.000000     541.499386       0.000000            0
# Jump frustrated.
        92        46.0000       1       1       5.127924       5.198033      10.325957       4.181140       3.960863       1.000000     541.499386       0.000000            1
# Jump frustrated.
        93        46.5000       1       1       4.918140       5.408961      10.327102       4.181140       4.058702       1.000000     541.499386       0.000000            0
        94        47.0000       1       1       4.907780       5.415605      10.323385       4.181140       3.851689       1.000000     541.499386       0.000000            0
# Jump frustrated.
        95        47.5000       1       1       5.049183       5.270073      10.319255       4.181140       3.517316       1.000000     541.499386       0.000000            0
        96        48.0000       1       1       5.282834       5.034439      10.317273       4.181140       3.209561       1.000000     541.499386       0.000000            0
# Jump frustrated.
        97        48.5000       1       1       5.576577       4.740469      10.317045       4.181140       2.980417       1.000000     541.499386       0.000000            0
# Jump frustrated.
        98        49.0000       1       1       5.916838       4.398749      10.315587       4.181139       2.739122       1.000000     541.499386       0.000000            0
        99        49.5000       1       1       6.281434       4.031285      10.312719       4.181139       2.495227       1.000000     541.499386       0.000000            1
       100        50.0000       1       1       6.629576       3.679808      10.309383       4.181138       2.231606       1.000000     541.499386       0.000000            0
       101        50.5000       1       1       6.911416       3.396632      10.308049       4.181138       2.096660       1.000000     541.499386       0.000000            0
# Jump frustrated.
       102        51.0000       1       1       7.104862       3.204804      10.309666       4.181139       2.207944       1.000000     541.499386       0.000000            0
# Jump frustrated.
       103        51.5000       1       1       7.229439       3.083770      10.313208       4.181139       2.484952       1.000000     541.499386       0.000000            0
       104        52.0000       1       1       7.333660       2.983080      10.316741       4.181139       2.727275       1.000000     541.499386       0.000000            0
# Jump frustrated.
       105        52.5000       1       1       7.464073       2.853326      10.317399       4.181139       2.867297       1.000000     541.499386       0.000000            1
       106        53.0000       1       1       7.643663       2.673332      10.316995       4.181139       2.945288       1.000000     541.499386       0.000000            0
# Jump frustrated.
       107        53.5000       1       1       7.878296       2.437283      10.315579       4.181139       2.926316       1.000000     541.499386       0.000000            0
       108        54.0000       1       1       8.144440       2.165526      10.309967       4.181139       2.687568       1.000000     541.499386       0.000000            0
# Jump frustrated.
       109        54.5000       1       1       8.359428       1.942557      10.301986       4.181139       2.297952       1.000000     541.499386       0.000000            0
       110        55.0000       1       1       8.421539       1.878199      10.299738       4.181139       1.971341       1.000000     541.499386       0.000000            0
# Jump frustrated.
       111        55.5000       1       1       8.292060       2.012105      10.304166       4.181139       1.930662       1.000000     541.499386       0.000000            0
# Jump frustrated.
       112        56.0000       1       1       8.008730       2.299848      10.308578       4.181139       2.123141       1.000000     541.499386       0.000000            1
# Jump frustrated.
       113        56.5000       1       1       7.636865       2.675200      10.312066       4.181139       2.360901       1.000000     541.499386       0.000000            0
# Jump frustrated.
       114        57.0000       1       1       7.235073       3.079410      10.314483       4.181139       2.562820       1.000000     541.499386       0.000000            0
       115        57.5000       1       1       6.847526       3.469087      10.316613       4.181139       2.713565       1.000000     541.499386       0.000000            0
# Jump frustrated.
       116        58.0000       1       1       6.505036       3.813091      10.318127       4.181139       2.829719       1.000000     541.499386       0.000000            0
# Jump frustrated.
       117        58.5000       1       1       6.227999       4.090868      10.318868       4.181139       2.902772       1.000000     541.499386       0.000000            0
# Jump frustrated.
       118        59.0000       1       1       6.026114       4.292869      10.318984       4.181138       2.913137       1.000000     541.499386       0.000000            1
       119        59.5000       1       1       5.893769       4.422831      10.316600       4.181138       2.875808       1.000000     541.499386       0.000000            0
# Jump frustrated.
       120        60.0000       1       1       5.800575       4.512517      10.313092       4.181138       2.843361       1.000000     541.499386       0.000000            0
       121        60.5000       1       1       5.698813       4.610715      10.309527       4.181138       2.888081       1.000000     541.499386       0.000000            0
# Jump frustrated.
       122        61.0000       1       1       5.546281       4.762267      10.308549       4.181137       3.146384       1.000000     541.499386       0.000000            0
# Jump frustrated.
       123        61.5000       1       1       5.348437       4.965099      10.313535       4.181137       3.634007       1.000000     541.499386       0.000000            0
       124        62.0000       1       1       5.187084       5.133883      10.320967       4.181137       4.114582       1.000000     541.499386       0.000000            0
# Jump frustrated.
       125        62.5000       1       1       5.171818       5.150491      10.322309       4.181137       4.190299       1.000000     541.499386       0.000000            0
# Jump frustrated.
       126        63.0000       1       1       5.318027       4.994787      10.312814       4.181137       3.725653       1.000000     541.499386       0.000000            1
       127        63.5000       1       1       5.509586       4.795900      10.305485       4.181137       3.153775       1.000000     541.499386       0.000000            0
# Jump frustrated.
       128        64.0000       1       1       5.642280       4.665938      10.308218       4.181137       3.009993       1.000000     541.499386       0.000000            0
       129        64.5000       1       1       5.731955       4.583103      10.315058       4.181137       3.232438       1.000000     541.499386       0.000000            0
# Jump frustrated.
       130        65.0000       1       1       5.859652       4.457086      10.316738       4.181137       3.383151       1.000000     541.499386       0.000000            0
       131        65.5000       1       1       6.047527       4.263804      10.311331       4.181137       3.269972       1.000000     541.499386       0.000000            0
# Jump frustrated.
       132        66.0000       1       1       6.230957       4.076959      10.307915       4.181138       3.034905       1.000000     541.499386       0.000000            1
# Jump frustrated.
       133        66.5000       1       1       6.341826       3.965682      10.307508       4.181138       2.929914       1.000000     541.499386       0.000000            0
       134        67.0000       1       1       6.364139       3.946997      10.311136       4.181139       3.027106       1.000000     541.499386       0.000000            0
# Jump frustrated.
       135        67.5000       1       1       6.338659       3.977515      10.316174       4.181140       3.188436       1.000000     541.499386       0.000000            0
# Jump frustrated.
       136        68.0000       1       1       6.329335       3.990387      10.319722       4.181140       3.299844       1.000000     541.499386       0.000000            0
# Jump frustrated.
       137        68.5000       1       1       6.381565       3.938693      10.320257       4.181140       3.342291       1.000000     541.499386       0.000000            0
       138        69.0000       1       1       6.510488       3.809146      10.319635       4.181140       3.329020       1.000000     541.499386       0.000000            1
# Jump frustrated.
       139        69.5000       1       1       6.708730       3.609429      10.318159       4.181140       3.267615       1.000000     541.499386       0.000000            0
# Jump frustrated.
       140        70.0000       1       1       6.959342       3.357810      10.317152       4.181140       3.189219       1.000000     541.499386       0.000000            0
       141        70.5000       1       1       7.247898       3.067784      10.315682       4.181140       3.074024       1.000000     541.499386       0.000000            0
# Jump frustrated.
       142        71.0000       1       1       7.556167       2.757620      10.313787       4.181140       2.865173       1.000000     541.499386       0.000000            0
# Jump frustrated.
       143        71.5000       1       1       7.854887       2.456798      10.311685       4.181140       2.630213       1.000000     541.499386       0.000000            0
       144        72.0000       1       1       8.109867       2.198743      10.308611       4.181140       2.415264       1.000000     541.499386       0.000000            1
# Jump frustrated.
       145        72.5000       1       1       8.268773       2.034942      10.303715       4.181140       2.320298       1.000000     541.499386       0.000000            0
# Jump frustrated.
       146        73.0000       1       1       8.266288       2.034527      10.300815       4.181140       2.465203       1.000000     541.499386       0.000000            0
       147        73.5000       1       1       8.064087       2.236320      10.300408       4.181140       2.811055       1.000000     541.499386       0.000000            0
# Jump frustrated.
       148        74.0000       1       1       7.677984       2.628696      10.306680       4.181140       3.283778       1.000000     541.499386       0.000000            0
       149        74.5000       1       1       7.215655       3.104115      10.319770       4.181140       3.751460       1.000000     541.499386       0.000000            0
       150        75.0000       1       1       6.851462       3.479260      10.330722       4.181140       3.911786       1.000000     541.499386       0.000000            0
# Jump frustrated.
       151        75.5000       1       1       6.685701       3.638909      10.324610       4.181140       3.733225       1.000000     541.499386       0.000000            0
# Jump frustrated.
       152        76.0000       1       1       6.653920       3.660915      10.314836       4.181139       3.419714       1.000000     541.499386       0.000000            0
# Jump frustrated.
       153        76.5000       1       1       6.622096       3.687074      10.309170       4.181139       3.126846       1.000000     541.499386       0.000000            1
# Jump frustrated.
       154        77.0000       1       1       6.502072       3.806863      10.308935       4.181139       2.965451       1.000000     541.499386       0.000000            0
# Jump frustrated.
       155        77.5000       1       1       6.280575       4.031908      10.312483       4.181139       2.953810       1.000000     541.499386       0.000000            0
# Jump frustrated.
       156        78.0000       1       1       5.996278       4.319443      10.315721       4.181139       3.010317       1.000000     541.499386       0.000000            0
# Jump frustrated.
       157        78.5000       1       1       5.702952       4.616528      10.319479       4.181139       3.082220       1.000000     541.499386       0.000000            0
# Jump frustrated.
       158        79.0000       1       1       5.453253       4.868562      10.321814       4.181139       3.123089       1.000000     541.499386       0.000000            0
# Jump frustrated.
       159        79.5000       1       1       5.280885       5.041913      10.322798       4.181139       3.120251       1.000000     541.499386       0.000000            0
# Jump frustrated.
       160        80.0000       1       1       5.204059       5.120388      10.324447       4.181139       3.083404       1.000000     541.499386       0.000000            1
# Jump frustrated.
       161        80.5000       1       1       5.237680       5.086756      10.324436       4.181141       3.029470       1.000000     541.499386       0.000000            0
# Jump frustrated.
       162        81.0000       1       1       5.378969       4.943093      10.322062       4.181141       2.960567       1.000000     541.499386       0.000000            0
       163        81.5000       1       1       5.599156       4.719500      10.318656       4.181139       2.868924       1.000000     541.499386       0.000000            0
# Jump frustrated.
       164        82.0000       1       1       5.855375       4.459992      10.315368       4.181139       2.742123       1.000000     541.499386       0.000000            0
# Jump frustrated.
       165        82.5000       1       1       6.100965       4.211903      10.312868       4.181140       2.613024       1.000000     541.499386       0.000000            0
# Jump frustrated.
       166        83.0000       1       1       6.288786       4.019867      10.308653       4.181139       2.504378       1.000000     541.499386       0.000000            0
# Jump frustrated.
       167        83.5000       1       1       6.353635       3.947412      10.301047       4.181139       2.433227       1.000000     541.499386       0.000000            0
# Jump frustrated.
       168        84.0000       1       1       6.220864       4.078412      10.299276       4.181138       2.645556       1.000000     541.499386       0.000000            1
# Jump frustrated.
       169        84.5000       1       1       5.903823       4.407053      10.310875       4.181138       3.309368       1.000000     541.499386       0.000000            0
# Jump frustrated.
       170        85.0000       1       1       5.596484       4.735486      10.331970       4.181139       4.109079       1.000000     541.499386       0.000000            0
# Jump frustrated.
       171        85.5000       1       1       5.611637       4.734240      10.345877       4.181140       4.531556       1.000000     541.499386       0.000000            0
# Jump frustrated.
       172        86.0000       1       1       6.120052       4.211695      10.331747       4.181141       4.273423       1.000000     541.499386       0.000000            0
# Jump frustrated.
       173        86.5000       1       1       6.945032       3.361547      10.306579       4.181142       3.718806       1.000000     541.499386       0.000000            0
       174        87.0000       1       1       7.724662       2.563300      10.287963       4.181142       3.373157       1.000000     541.499386       0.000000            0
       175        87.5000       1       1       8.209512       2.081861      10.291373       4.181143       3.434672       1.000000     541.499386       0.000000            1
# Jump frustrated.
       176        88.0000       1       1       8.369047       1.928855      10.297902       4.181143       3.566345       1.000000     541.499386       0.000000            0
       177        88.5000       1       1       8.272379       2.029959      10.302338       4.181143       3.572431       1.000000     541.499386       0.000000            0
       178        89.0000       1       1       7.988412       2.317910      10.306321       4.181142       3.448706       1.000000     541.499386       0.000000            0
# Jump frustrated.
       179        89.5000       1       1       7.580965       2.730631      10.311596       4.181142       3.363083       1.000000     541.499386       0.000000            0
# Jump frustrated.
       180        90.0000       1       1       7.133300       3.186120      10.319420       4.181143       3.361648       1.000000     541.499386       0.000000            0
# Jump frustrated.
       181        90.5000       1       1       6.749125       3.575797      10.324921       4.181142       3.381388       1.000000     541.499386       0.000000            0
# Jump frustrated.
       182        91.0000       1       1       6.507655       3.817866      10.325521       4.181142       3.328342       1.000000     541.499386       0.000000            1
       183        91.5000       1       1       6.421802       3.899870      10.321673       4.181142       3.147968       1.000000     541.499386       0.000000            0
# Jump frustrated.
       184        92.0000       1       1       6.445867       3.872466      10.318334       4.181141       2.976881       1.000000     541.499386       0.000000            0
# Jump frustrated.
       185        92.5000       1       1       6.528926       3.788178      10.317105       4.181141       2.910765       1.000000     541.499386       0.000000            0
       186        93.0000       1       1       6.648922       3.668182      10.317104       4.181140       2.920361       1.000000     541.499386       0.000000            0
# Jump frustrated.
       187        93.5000       1       1       6.796327       3.518705      10.315032       4.181140       2.927634       1.000000     541.499386       0.000000            0
# Jump frustrated.
       188        94.0000       1       1       6.928677       3.377948      10.306625       4.181140       2.895249       1.000000     541.499386       0.000000            0
# Jump frustrated.
       189        94.5000       1       1       6.946617       3.351167      10.297784       4.181140       2.918798       1.000000     541.499386       0.000000            1
# Jump frustrated.
       190        95.0000       1       1       6.735532       3.555659      10.291190       4.181140       3.271832       1.000000     541.499386       0.000000            0
# Jump frustrated.
       191        95.5000       1       1       6.253173       4.047686      10.300859       4.181140       4.141458       1.000000     541.499386       0.000000            0
# Jump frustrated.
       192        96.0000       1       1       5.690937       4.636458      10.327394       4.181141       4.978985       1.000000     541.499386       0.000000            0
       193        96.5000       1       1       5.376620       4.957002      10.333622       4.181141       5.167331       1.000000     541.499386       0.000000            0
# Jump frustrated.
       194        97.0000       1       1       5.410967       4.910706      10.321672       4.181141       4.790969       1.000000     541.499386       0.000000            0
# Jump frustrated.
       195        97.5000       1       1       5.632650       4.676318      10.308969       4.181142       4.219115       1.000000     541.499386       0.000000            1
       196        98.0000       1       1       5.836309       4.467259      10.303567       4.181142       3.759725       1.000000     541.499386       0.000000            0
       197        98.5000       1       1       5.923565       4.383178      10.306743       4.181142       3.500292       1.000000     541.499386       0.000000            0
# Jump frustrated.
       198        99.0000       1       1       5.898765       4.410374      10.309139       4.181142       3.378975       1.000000     541.499386       0.000000            0
# Jump frustrated.
       199        99.5000       1       1       5.795831       4.516254      10.312084       4.181143       3.350231       1.000000     541.499386       0.000000            0
# Jump frustrated.
       200       100.0000       1       1       5.656476       4.660125      10.316601       4.181144       3.392308       1.000000     541.499386       0.000000            0
       201       100.5000       1       1       5.538984       4.781990      10.320974       4.181145       3.472146       1.000000     541.499386       0.000000            1
# Jump frustrated.
       202       101.0000       1       1       5.498437       4.824757      10.323194       4.181145       3.493110       1.000000     541.499386       0.000000            0
# Jump frustrated.
       203       101.5000       1       1       5.560003       4.762267      10.322271       4.181146       3.395395       1.000000     541.499386       0.000000            0
# Jump frustrated.
       204       102.0000       1       1       5.712250       4.607808      10.320058       4.181146       3.196494       1.000000     541.499386       0.000000            0
       205       102.5000       1       1       5.924441       4.393766      10.318207       4.181146       2.998394       1.000000     541.499386       0.000000            0
       206       103.0000       1       1       6.176110       4.142355      10.318465       4.181146       2.857255       1.000000     541.499386       0.000000            0
# Jump frustrated.
       207       103.5000       1       1       6.467752       3.851290      10.319043       4.181146       2.758840       1.000000     541.499386       0.000000            1
       208       104.0000       1       1       6.803611       3.514760      10.318371       4.181146       2.649831       1.000000     541.499386       0.000000            0
# Jump frustrated.
       209       104.5000       1       1       7.171164       3.144598      10.315763       4.181147       2.524332       1.000000     541.499386       0.000000            0
# Jump frustrated.
       210       105.0000       1       1       7.532390       2.778588      10.310978       4.181147       2.362552       1.000000     541.499386       0.000000            0
# Jump frustrated.
       211       105.5000       1       1       7.821223       2.483372      10.304594       4.181147       2.209385       1.000000     541.499386       0.000000            0
# Jump frustrated.
       212       106.0000       1       1       7.954588       2.344276      10.298864       4.181147       2.194849       1.000000     541.499386       0.000000            0
# Jump frustrated.
       213       106.5000       1       1       7.876253       2.424412      10.300664       4.181147       2.602872       1.000000     541.499386       0.000000            0
       214       107.0000       1       1       7.635989       2.677276      10.313265       4.181147       3.460358       1.000000     541.499386       0.000000            1
# Jump frustrated.
       215       107.5000       1       1       7.428122       2.901284      10.329405       4.181147       4.300313       1.000000     541.499386       0.000000            0
# Jump frustrated.
       216       108.0000       1       1       7.462305       2.864122      10.326427       4.181148       4.445710       1.000000     541.499386       0.000000            0
       217       108.5000       1       1       7.700587       2.602538      10.303125       4.181147       3.767013       1.000000     541.499386       0.000000            0
# Jump frustrated.
       218       109.0000       1       1       7.847746       2.438944      10.286690       4.181146       2.945579       1.000000     541.499386       0.000000            0
# Jump frustrated.
       219       109.5000       1       1       7.661867       2.625997      10.287864       4.181145       2.600249       1.000000     541.499386       0.000000            0
# Jump frustrated.
       220       110.0000       1       1       7.122132       3.175324      10.297456       4.181145       2.731067       1.000000     541.499386       0.000000            0
       221       110.5000       1       1       6.363395       3.946997      10.310392       4.181146       3.072509       1.000000     541.499386       0.000000            0
       222       111.0000       1       1       5.589925       4.736732      10.326657       4.181146       3.597208       1.000000     541.499386       0.000000            1
# Jump frustrated.
       223       111.5000       1       1       5.037460       5.300591      10.338051       4.181146       3.987808       1.000000     541.499386       0.000000            0
       224       112.0000       1       1       4.871800       5.464392      10.336192       4.181146       3.979198       1.000000     541.499386       0.000000            0
# Jump frustrated.
       225       112.5000       1       1       5.067011       5.256163      10.323174       4.181146       3.628481       1.000000     541.499386       0.000000            0
       226       113.0000       1       1       5.446285       4.866486      10.312771       4.181147       3.287471       1.000000     541.499386       0.000000            0
# Jump frustrated.
       227       113.5000       1       1       5.842574       4.465805      10.308379       4.181147       3.136321       1.000000     541.499386       0.000000            0
# Jump frustrated.
       228       114.0000       1       1       6.169403       4.137372      10.306775       4.181148       3.118293       1.000000     541.499386       0.000000            1
       229       114.5000       1       1       6.407089       3.903607      10.310697       4.181148       3.101138       1.000000     541.499386       0.000000            0
# Jump frustrated.
       230       115.0000       1       1       6.573403       3.736484      10.309887       4.181149       2.961917       1.000000     541.499386       0.000000            0
       231       115.5000       1       1       6.665113       3.641400      10.306513       4.181149       2.766025       1.000000     541.499386       0.000000            0
# Jump frustrated.
       232       116.0000       1       1       6.637184       3.664029      10.301213       4.181149       2.598822       1.000000     541.499386       0.000000            0
       233       116.5000       1       1       6.439529       3.861256      10.300785       4.181149       2.703673       1.000000     541.499386       0.000000            0
       234       117.0000       1       1       6.089692       4.219792      10.309484       4.181148       3.295509       1.000000     541.499386       0.000000            0
# Jump frustrated.
       235       117.5000       1       1       5.747297       4.581857      10.329155       4.181148       4.118009       1.000000     541.499386       0.000000            0
# Jump frustrated.
       236       118.0000       1       1       5.686941       4.654935      10.341876       4.181147       4.568728       1.000000     541.499386       0.000000            1
# Jump frustrated.
       237       118.5000       1       1       6.066085       4.263804      10.329889       4.181147       4.323588       1.000000     541.499386       0.000000            0
# Jump frustrated.
       238       119.0000       1       1       6.731652       3.576212      10.307864       4.181145       3.570894       1.000000     541.499386       0.000000            0
# Jump frustrated.
       239       119.5000       1       1       7.371307       2.924120      10.295428       4.181144       2.937612       1.000000     541.499386       0.000000            0
       240       120.0000       1       1       7.791170       2.506831      10.298002       4.181144       2.672067       1.000000     541.499386       0.000000            0
       241       120.5000       1       1       7.965452       2.335971      10.301423       4.181144       2.590876       1.000000     541.499386       0.000000            1
       242       121.0000       1       1       7.927240       2.375001      10.302241       4.181145       2.456663       1.000000     541.499386       0.000000            0
       243       121.5000       1       1       7.693459       2.609597      10.303055       4.181146       2.412179       1.000000     541.499386       0.000000            0
       244       122.0000       1       1       7.289460       3.018789      10.308249       4.181147       2.736655       1.000000     541.499386       0.000000            0
# Jump frustrated.
       245       122.5000       1       1       6.812399       3.508532      10.320932       4.181147       3.271580       1.000000     541.499386       0.000000            0
       246       123.0000       1       1       6.426339       3.902362      10.328700       4.181147       3.546612       1.000000     541.499386       0.000000            0
# Jump frustrated.
       247       123.5000       1       1       6.234364       4.090245      10.324609       4.181147       3.355599       1.000000     541.499386       0.000000            1
# Jump frustrated.
       248       124.0000       1       1       6.191497       4.123670      10.315167       4.181147       2.907776       1.000000     541.499386       0.000000            0
       249       124.5000       1       1       6.180787       4.130521      10.311308       4.181146       2.650278       1.000000     541.499386       0.000000            0
# Jump frustrated.
       250       125.0000       1       1       6.142251       4.171627      10.313879       4.181145       2.721466       1.000000     541.499386       0.000000            0
       251       125.5000       1       1       6.094608       4.222283      10.316891       4.181144       2.914366       1.000000     541.499386       0.000000            0
       252       126.0000       1       1       6.074047       4.243667      10.317714       4.181143       3.063255       1.000000     541.499386       0.000000            0
       253       126.5000       1       1       6.094331       4.222283      10.316614       4.181144       3.088965       1.000000     541.499386       0.000000            0
       254       127.0000       1       1       6.129372       4.181385      10.310756       4.181144       3.020810       1.000000     541.499386       0.000000            1
       255       127.5000       1       1       6.106956       4.196332      10.303289       4.181144       2.934949       1.000000     541.499386       0.000000            0
# Jump frustrated.
       256       128.0000       1       1       5.938963       4.360341      10.299305       4.181145       3.020188       1.000000     541.499386       0.000000            0
       257       128.5000       1       1       5.599631       4.704760      10.304391       4.181146       3.527137       1.000000     541.499386       0.000000            0
# Jump frustrated.
       258       129.0000       1       1       5.205191       5.116236      10.321427       4.181146       4.424250       1.000000     541.499386       0.000000            0
       259       129.5000       1       1       5.031874       5.307027      10.338901       4.181147       5.097273       1.000000     541.499386       0.000000            0
       260       130.0000       1       1       5.312594       5.018869      10.331463       4.181147       4.890518       1.000000     541.499386       0.000000            1
       261       130.5000       1       1       5.958893       4.350999      10.309892       4.181147       3.993593       1.000000     541.499386       0.000000            0
       262       131.0000       1       1       6.666291       3.629982      10.296273       4.181147       3.049240       1.000000     541.499386       0.000000            0
# Jump frustrated.
       263       131.5000       1       1       7.202775       3.092074      10.294848       4.181147       2.465482       1.000000     541.499386       0.000000            0
# Jump frustrated.
       264       132.0000       1       1       7.499840       2.798103      10.297943       4.181147       2.191554       1.000000     541.499386       0.000000            0
# Jump frustrated.
       265       132.5000       1       1       7.568327       2.732500      10.300827       4.181147       2.197747       1.000000     541.499386       0.000000            1
       266       133.0000       1       1       7.448030       2.859970      10.308000       4.181147       2.457943       1.000000     541.499386       0.000000            0
# Jump frustrated.
       267       133.5000       1       1       7.222648       3.092697      10.315344       4.181147       2.742585       1.000000     541.499386       0.000000            0
# Jump frustrated.
       268       134.0000       1       1       6.988001       3.330821      10.318823       4.181148       2.837171       1.000000     541.499386       0.000000            0
# Jump frustrated.
       269       134.5000       1       1       6.796774       3.522234      10.319009       4.181148       2.799530       1.000000     541.499386       0.000000            0
# Jump frustrated.
       270       135.0000       1       1       6.659869       3.658424      10.318293       4.181148       2.743138       1.000000     541.499386       0.000000            0
       271       135.5000       1       1       6.577082       3.741467      10.318549       4.181148       2.726015       1.000000     541.499386       0.000000            1
# Jump frustrated.
       272       136.0000       1       1       6.552340       3.766379      10.318720       4.181148       2.742723       1.000000     541.499386       0.000000            0
# Jump frustrated.
       273       136.5000       1       1       6.588597       3.729841      10.318438       4.181148       2.777861       1.000000     541.499386       0.000000            0
       274       137.0000       1       1       6.683277       3.634757      10.318034       4.181148       2.823954       1.000000     541.499386       0.000000            0
       275       137.5000       1       1       6.827864       3.488810      10.316674       4.181149       2.842768       1.000000     541.499386       0.000000            0
# Jump frustrated.
       276       138.0000       1       1       7.002189       3.311929      10.314118       4.181149       2.816294       1.000000     541.499386       0.000000            0
       277       138.5000       1       1       7.169319       3.140861      10.310180       4.181149       2.691359       1.000000     541.499386       0.000000            1
# Jump frustrated.
       278       139.0000       1       1       7.270948       3.033736      10.304684       4.181150       2.490260       1.000000     541.499386       0.000000            0
       279       139.5000       1       1       7.240921       3.062179      10.303100       4.181151       2.470553       1.000000     541.499386       0.000000            0
# Jump frustrated.
       280       140.0000       1       1       7.077469       3.234492      10.311961       4.181151       2.890129       1.000000     541.499386       0.000000            0
# Jump frustrated.
       281       140.5000       1       1       6.895390       3.426528      10.321918       4.181151       3.370796       1.000000     541.499386       0.000000            0
# Jump frustrated.
       282       141.0000       1       1       6.820586       3.500020      10.320606       4.181151       3.388027       1.000000     541.499386       0.000000            0
# Jump frustrated.
       283       141.5000       1       1       6.840852       3.470748      10.311600       4.181151       3.014185       1.000000     541.499386       0.000000            0
# Jump frustrated.
       284       142.0000       1       1       6.829753       3.473654      10.303407       4.181152       2.637504       1.000000     541.499386       0.000000            0
# Jump frustrated.
       285       142.5000       1       1       6.670689       3.630605      10.301294       4.181151       2.498993       1.000000     541.499386       0.000000            0
# Jump frustrated.
       286       143.0000       1       1       6.326514       3.976892      10.303406       4.181151       2.540740       1.000000     541.499386       0.000000            1
       287       143.5000       1       1       5.815690       4.489888      10.305577       4.181151       2.707173       1.000000     541.499386       0.000000            0
       288       144.0000       1       1       5.179532       5.130976      10.310508       4.181150       3.103869       1.000000     541.499386       0.000000            0
# Jump frustrated.
       289       144.5000       1       1       4.534955       5.788673      10.323628       4.181148       3.741580       1.000000     541.499386       0.000000            0
       290       145.0000       1       1       4.109649       6.231083      10.340732       4.181146       4.342600       1.000000     541.499386       0.000000            0
# Jump frustrated.
       291       145.5000       1       1       4.130759       6.210114      10.340874       4.181145       4.337260       1.000000     541.499386       0.000000            1
# Jump frustrated.
       292       146.0000       1       1       4.595782       5.726807      10.322588       4.181145       3.685810       1.000000     541.499386       0.000000            0
# Jump frustrated.
       293       146.5000       1       1       5.257555       5.048141      10.305697       4.181145       2.957011       1.000000     541.499386       0.000000            0
# Jump frustrated.
       294       147.0000       1       1       5.855238       4.443592      10.298830       4.181144       2.570682       1.000000     541.499386       0.000000            0
       295       147.5000       1       1       6.275679       4.028171      10.303850       4.181145       2.549537       1.000000     541.499386       0.000000            0
# Jump frustrated.
       296       148.0000       1       1       6.542911       3.764926      10.307837       4.181146       2.614904       1.000000     541.499386       0.000000            0
# Jump frustrated.
       297       148.5000       1       1       6.705565       3.603824      10.309389       4.181147       2.679768       1.000000     541.499386       0.000000            0
# Jump frustrated.
       298       149.0000       1       1       6.790274       3.519743      10.310017       4.181147       2.771636       1.000000     541.499386       0.000000            1
# Jump frustrated.
       299       149.5000       1       1       6.813326       3.497529      10.310855       4.181147       2.914043       1.000000     541.499386       0.000000            0
       300       150.0000       1       1       6.799024       3.516629      10.315653       4.181147       3.164441       1.000000     541.499386       0.000000            0
       301       150.5000       1       1       6.798415       3.514138      10.312552       4.181146       3.521991       1.000000     541.499386       0.000000            0
# Jump frustrated.
       302       151.0000       1       1       6.850978       3.464520      10.315498       4.181146       3.918761       1.000000     541.499386       0.000000            0
# Jump frustrated.
       303       151.5000       1       1       6.999324       3.317742      10.317066       4.181147       4.058494       1.000000     541.499386       0.000000            0
       304       152.0000       1       1       7.252127       3.056988      10.309116       4.181147       3.727604       1.000000     541.499386       0.000000            1
# Jump frustrated.
       305       152.5000       1       1       7.507376       2.793536      10.300912       4.181147       3.229927       1.000000     541.499386       0.000000            0
       306       153.0000       1       1       7.661667       2.640738      10.302405       4.181148       2.907107       1.000000     541.499386       0.000000            0
# Jump frustrated.
       307       153.5000       1       1       7.701492       2.603784      10.305275       4.181148       2.806957       1.000000     541.499386       0.000000            0
# Jump frustrated.
       308       154.0000       1       1       7.670254       2.636793      10.307047       4.181148       2.807111       1.000000     541.499386       0.000000            0
# Jump frustrated.
       309       154.5000       1       1       7.597270       2.708002      10.305272       4.181148       2.846846       1.000000     541.499386       0.000000            0
       310       155.0000       1       1       7.466858       2.835265      10.302123       4.181148       2.967391       1.000000     541.499386       0.000000            0
       311       155.5000       1       1       7.247320       3.053459      10.300780       4.181148       3.273713       1.000000     541.499386       0.000000            1
       312       156.0000       1       1       6.948225       3.359471      10.307696       4.181147       3.788340       1.000000     541.499386       0.000000            0
# Jump frustrated.
       313       156.5000       1       1       6.674430       3.645345      10.319775       4.181147       4.308767       1.000000     541.499386       0.000000            0
# Jump frustrated.
       314       157.0000       1       1       6.587383       3.737315      10.324697       4.181146       4.417202       1.000000     541.499386       0.000000            0
       315       157.5000       1       1       6.751007       3.565832      10.316839       4.181147       3.952178       1.000000     541.499386       0.000000            0
# Jump frustrated.
       316       158.0000       1       1       7.060647       3.245495      10.306141       4.181148       3.255128       1.000000     541.499386       0.000000            0
# Jump frustrated.
       317       158.5000       1       1       7.348155       2.949863      10.298018       4.181149       2.748138       1.000000     541.499386       0.000000            0
# Jump frustrated.
       318       159.0000       1       1       7.482025       2.811805      10.293830       4.181150       2.601803       1.000000     541.499386       0.000000            1
# Jump frustrated.
       319       159.5000       1       1       7.399046       2.895886      10.294932       4.181150       2.731818       1.000000     541.499386       0.000000            0
# Jump frustrated.
       320       160.0000       1       1       7.092843       3.200444      10.293287       4.181150       2.952780       1.000000     541.499386       0.000000            0
       321       160.5000       1       1       6.555292       3.734616      10.289908       4.181150       3.383103       1.000000     541.499386       0.000000            0
       322       161.0000       1       1       5.820541       4.483244      10.303786       4.181149       4.191211       1.000000     541.499386       0.000000            0
# Jump frustrated.
       323       161.5000       1       1       5.120357       5.207791      10.328148       4.181149       4.986312       1.000000     541.499386       0.000000            1
       324       162.0000       1       1       4.804061       5.534563      10.338624       4.181151       5.189813       1.000000     541.499386       0.000000            0
# Jump frustrated.
       325       162.5000       1       1       4.993669       5.325504      10.319173       4.181152       4.521740       1.000000     541.499386       0.000000            0
       326       163.0000       1       1       5.448555       4.851953      10.300508       4.181152       3.589203       1.000000     541.499386       0.000000            0
       327       163.5000       1       1       5.869209       4.425945      10.295154       4.181152       2.984216       1.000000     541.499386       0.000000            0
       328       164.0000       1       1       6.132481       4.166229      10.298711       4.181154       2.719725       1.000000     541.499386       0.000000            1
# Jump frustrated.
       329       164.5000       1       1       6.246360       4.055575      10.301935       4.181155       2.524963       1.000000     541.499386       0.000000            0
# Jump frustrated.
       330       165.0000       1       1       6.240151       4.063257      10.303407       4.181156       2.405283       1.000000     541.499386       0.000000            0
# Jump frustrated.
       331       165.5000       1       1       6.133539       4.171627      10.305166       4.181158       2.490445       1.000000     541.499386       0.000000            0
# Jump frustrated.
       332       166.0000       1       1       5.954105       4.354736      10.308841       4.181161       2.857120       1.000000     541.499386       0.000000            0
       333       166.5000       1       1       5.760396       4.554661      10.315056       4.181163       3.377471       1.000000     541.499386       0.000000            0
# Jump frustrated.
       334       167.0000       1       1       5.646439       4.674657      10.321097       4.181162       3.748189       1.000000     541.499386       0.000000            1
# Jump frustrated.
       335       167.5000       1       1       5.688190       4.631891      10.320080       4.181160       3.769967       1.000000     541.499386       0.000000            0
# Jump frustrated.
       336       168.0000       1       1       5.870951       4.441308      10.312259       4.181160       3.478364       1.000000     541.499386       0.000000            0
# Jump frustrated.
       337       168.5000       1       1       6.093769       4.211280      10.305049       4.181160       3.126364       1.000000     541.499386       0.000000            0
# Jump frustrated.
       338       169.0000       1       1       6.258298       4.045195      10.303493       4.181160       2.992088       1.000000     541.499386       0.000000            0
# Jump frustrated.
       339       169.5000       1       1       6.334013       3.971495      10.305508       4.181160       3.105683       1.000000     541.499386       0.000000            1
       340       170.0000       1       1       6.344860       3.963398      10.308258       4.181159       3.371510       1.000000     541.499386       0.000000            0
       341       170.5000       1       1       6.333213       3.978138      10.311351       4.181160       3.697574       1.000000     541.499386       0.000000            0
# Jump frustrated.
       342       171.0000       1       1       6.339005       3.972948      10.311953       4.181160       3.976095       1.000000     541.499386       0.000000            0
# Jump frustrated.
       343       171.5000       1       1       6.383256       3.927482      10.310738       4.181159       4.109434       1.000000     541.499386       0.000000            0
# Jump frustrated.
       344       172.0000       1       1       6.454878       3.851083      10.305960       4.181158       4.065399       1.000000     541.499386       0.000000            1
       345       172.5000       1       1       6.495978       3.801673      10.297651       4.181159       3.887015       1.000000     541.499386       0.000000            0
# Jump frustrated.
       346       173.0000       1       1       6.434351       3.862916      10.297267       4.181162       3.939299       1.000000     541.499386       0.000000            0
       347       173.5000       1       1       6.322178       3.992670      10.314848       4.181164       4.531157       1.000000     541.499386       0.000000            0
# Jump frustrated.
       348       174.0000       1       1       6.423425       3.910043      10.333468       4.181164       5.015216       1.000000     541.499386       0.000000            0
# Jump frustrated.
       349       174.5000       1       1       6.957851       3.363831      10.321681       4.181164       4.568552       1.000000     541.499386       0.000000            0
       350       175.0000       1       1       7.767369       2.528838      10.296206       4.181164       3.403938       1.000000     541.499386       0.000000            0
# Jump frustrated.
       351       175.5000       1       1       8.479706       1.800554      10.280261       4.181164       2.297327       1.000000     541.499386       0.000000            1
       352       176.0000       1       1       8.841452       1.436620      10.278073       4.181164       1.670574       1.000000     541.499386       0.000000            0
# Jump frustrated.
       353       176.5000       1       1       8.779321       1.500148      10.279469       4.181164       1.698821       1.000000     541.499386       0.000000            0
# Jump frustrated.
       354       177.0000       1       1       8.318833       1.964979      10.283812       4.181164       2.504054       1.000000     541.499386       0.000000            0
# Jump frustrated.
       355       177.5000       1       1       7.563577       2.733953      10.297530       4.181164       3.794247       1.000000     541.499386       0.000000            0
# Jump frustrated.
       356       178.0000       1       1       6.800456       3.531161      10.331617       4.181165       4.820910       1.000000     541.499386       0.000000            0
# Jump frustrated.
       357       178.5000       1       1       6.379626       3.944921      10.324547       4.181165       4.633365       1.000000     541.499386       0.000000            1
# Jump frustrated.
       358       179.0000       1       1       6.256122       4.042496      10.298618       4.181164       3.711058       1.000000     541.499386       0.000000            0
# Jump frustrated.
       359       179.5000       1       1       6.129469       4.167060      10.296528       4.181164       2.907750       1.000000     541.499386       0.000000            0
       360       180.0000       1       1       5.892333       4.413073      10.305406       4.181164       2.507823       1.000000     541.499386       0.000000            0
# Jump frustrated.
       361       180.5000       1       1       5.623828       4.691266      10.315094       4.181165       2.446774       1.000000     541.499386       0.000000            0
# Jump frustrated.
       362       181.0000       1       1       5.430807       4.887039      10.317846       4.181166       2.454765       1.000000     541.499386       0.000000            0
# Jump frustrated.
       363       181.5000       1       1       5.362663       4.954511      10.317173       4.181166       2.463309       1.000000     541.499386       0.000000            1
# Jump frustrated.
       364       182.0000       1       1       5.410688       4.902817      10.313505       4.181167       2.398395       1.000000     541.499386       0.000000            0
# Jump frustrated.
       365       182.5000       1       1       5.525751       4.781575      10.307326       4.181167       2.268507       1.000000     541.499386       0.000000            0
# Jump frustrated.
       366       183.0000       1       1       5.616329       4.681301      10.297630       4.181167       2.246791       1.000000     541.499386       0.000000            0
# Jump frustrated.
       367       183.5000       1       1       5.562428       4.727597      10.290025       4.181167       2.757449       1.000000     541.499386       0.000000            0
       368       184.0000       1       1       5.335509       4.969043      10.304552       4.181167       3.918041       1.000000     541.499386       0.000000            0
# Jump frustrated.
       369       184.5000       1       1       5.164994       5.165024      10.330018       4.181167       4.853048       1.000000     541.499386       0.000000            0
# Jump frustrated.
       370       185.0000       1       1       5.375919       4.956379      10.332299       4.181167       4.835037       1.000000     541.499386       0.000000            1
# Jump frustrated.
       371       185.5000       1       1       5.992901       4.314460      10.307361       4.181167       3.891281       1.000000     541.499386       0.000000            0
# Jump frustrated.
       372       186.0000       1       1       6.707565       3.581195      10.288760       4.181166       2.902809       1.000000     541.499386       0.000000            0
# Jump frustrated.
       373       186.5000       1       1       7.223906       3.060933      10.284839       4.181166       2.612690       1.000000     541.499386       0.000000            0
       374       187.0000       1       1       7.434914       2.852911      10.287825       4.181166       2.886955       1.000000     541.499386       0.000000            0
       375       187.5000       1       1       7.361583       2.930556      10.292139       4.181166       3.254575       1.000000     541.499386       0.000000            0
# Jump frustrated.
       376       188.0000       1       1       7.058474       3.236153      10.294627       4.181165       3.574720       1.000000     541.499386       0.000000            1
       377       188.5000       1       1       6.582516       3.717800      10.300315       4.181163       3.926444       1.000000     541.499386       0.000000            0
       378       189.0000       1       1       6.038442       4.272731      10.311173       4.181163       4.399258       1.000000     541.499386       0.000000            0
# Jump frustrated.
       379       189.5000       1       1       5.615528       4.708912      10.324441       4.181164       4.723211       1.000000     541.499386       0.000000            0
# Jump frustrated.
       380       190.0000       1       1       5.489218       4.835760      10.324978       4.181166       4.600834       1.000000     541.499386       0.000000            0
       381       190.5000       1       1       5.670985       4.643932      10.314917       4.181167       4.067376       1.000000     541.499386       0.000000            0
# Jump frustrated.
       382       191.0000       1       1       6.025694       4.281036      10.306730       4.181167       3.545762       1.000000     541.499386       0.000000            1
# Jump frustrated.
       383       191.5000       1       1       6.433245       3.873920      10.307164       4.181166       3.365835       1.000000     541.499386       0.000000            0
       384       192.0000       1       1       6.860675       3.445420      10.306095       4.181166       3.397799       1.000000     541.499386       0.000000            0
# Jump frustrated.
       385       192.5000       1       1       7.294831       3.007370      10.302201       4.181166       3.245573       1.000000     541.499386       0.000000            0
# Jump frustrated.
       386       193.0000       1       1       7.710445       2.592573      10.303018       4.181165       2.994353       1.000000     541.499386       0.000000            0
       387       193.5000       1       1       8.079057       2.219089      10.298146       4.181164       2.701837       1.000000     541.499386       0.000000            0
# Jump frustrated.
       388       194.0000       1       1       8.334726       1.957505      10.292231       4.181164       2.419943       1.000000     541.499386       0.000000            1
       389       194.5000       1       1       8.395691       1.893562      10.289253       4.181164       2.322212       1.000000     541.499386       0.000000            0
# Jump frustrated.
       390       195.0000       1       1       8.216650       2.074387      10.291037       4.181165       2.554292       1.000000     541.499386       0.000000            0
# Jump frustrated.
       391       195.5000       1       1       7.816541       2.480881      10.297422       4.181165       3.136580       1.000000     541.499386       0.000000            0
       392       196.0000       1       1       7.304504       3.005710      10.310214       4.181163       3.787945       1.000000     541.499386       0.000000            0
       393       196.5000       1       1       6.830419       3.484035      10.314454       4.181162       4.275073       1.000000     541.499386       0.000000            0
       394       197.0000       1       1       6.488529       3.824302      10.312831       4.181162       4.342107       1.000000     541.499386       0.000000            1
       395       197.5000       1       1       6.277671       4.028586      10.306257       4.181163       4.037596       1.000000     541.499386       0.000000            0
       396       198.0000       1       1       6.111419       4.187405      10.298824       4.181162       3.699623       1.000000     541.499386       0.000000            0
# Jump frustrated.
       397       198.5000       1       1       5.892548       4.402693      10.295241       4.181163       3.539198       1.000000     541.499386       0.000000            0
# Jump frustrated.
       398       199.0000       1       1       5.592041       4.707874      10.299916       4.181163       3.769745       1.000000     541.499386       0.000000            0
# Jump frustrated.
       399       199.5000       1       1       5.290141       5.021360      10.311501       4.181162       4.242728       1.000000     541.499386       0.000000            0
# Jump frustrated.
       400       200.0000       1       1       5.144307       5.174781      10.319088       4.181161       4.558541       1.000000     541.499386       0.000000            0
