#===============================================================================================================================================================================
#     Step |         Time |         State |                                     Energy |      Angular |     Gradient |      Density |           Expectation Value |    Runtime |
#          |              |  diag |   MCH |          kin |          pot |          tot |     Momentum |          RMS |        Total |           DM |            S |            |
#          |         [fs] |       |       |         [eV] |         [eV] |         [eV] |       [hbar] |     [eV/Ang] |              |      [Debye] |              |      [sec] |
#===============================================================================================================================================================================
         0         0.0000       2       2       0.102191      10.515248      10.617439       0.000242       3.840960       1.000000     541.499386       0.000000            3
# Jump frustrated.
         1         0.5000       2       2       0.180660      10.435943      10.616603       0.000242       3.720420       1.000000     541.499386       0.000000            1
         2         1.0000       2       2       0.317472      10.297469      10.614941       0.000242       3.449621       1.000000     541.499386       0.000000            1
         3         1.5000       2       2       0.487738      10.125364      10.613102       0.000242       3.057472       1.000000     541.499386       0.000000            0
         4         2.0000       2       2       0.663394       9.948068      10.611462       0.000242       2.564249       1.000000     541.499386       0.000000            0
         5         2.5000       2       2       0.818806       9.791532      10.610339       0.000242       2.021063       1.000000     541.499386       0.000000            0
         6         3.0000       2       2       0.935491       9.674235      10.609726       0.000242       1.481839       1.000000     541.499386       0.000000            0
# Surface Hop/Pointer State Switch: new state=      1 old state=      2 randnum=  0.163991100 gap= -9.407269 eV
         7         3.5000       1       1      10.413139       0.196587      10.609726       5.147002       1.359872       1.000000     541.499386       0.000000            0
# Jump frustrated.
         8         4.0000       1       1       9.912445       0.701694      10.614138       5.147002       2.822247       1.000000     541.499386       0.000000            0
# Jump frustrated.
         9         4.5000       1       1       8.808127       1.851003      10.659130       5.147002       5.197213       1.000000     541.499386       0.000000            0
# Jump frustrated.
        10         5.0000       1       1       7.705996       2.995744      10.701741       5.147002       6.711043       1.000000     541.499386       0.000000            1
# Jump frustrated.
        11         5.5000       1       1       7.193221       3.495453      10.688674       5.147002       6.388953       1.000000     541.499386       0.000000            0
# Jump frustrated.
        12         6.0000       1       1       7.126491       3.520989      10.647480       5.147001       4.804627       1.000000     541.499386       0.000000            0
# Jump frustrated.
        13         6.5000       1       1       6.978749       3.662576      10.641325       5.147001       3.577158       1.000000     541.499386       0.000000            0
# Jump frustrated.
        14         7.0000       1       1       6.552135       4.104985      10.657121       5.147001       3.203228       1.000000     541.499386       0.000000            0
# Jump frustrated.
        15         7.5000       1       1       5.956050       4.711819      10.667869       5.147001       3.241235       1.000000     541.499386       0.000000            0
        16         8.0000       1       1       5.344411       5.330901      10.675312       5.147001       3.371761       1.000000     541.499386       0.000000            0
# Jump frustrated.
        17         8.5000       1       1       4.826988       5.854485      10.681472       5.147001       3.503361       1.000000     541.499386       0.000000            0
        18         9.0000       1       1       4.482986       6.201810      10.684797       5.147000       3.552691       1.000000     541.499386       0.000000            0
# Jump frustrated.
        19         9.5000       1       1       4.341995       6.339038      10.681033       5.147000       3.456512       1.000000     541.499386       0.000000            1
        20        10.0000       1       1       4.356992       6.317032      10.674023       5.147000       3.255637       1.000000     541.499386       0.000000            0
# Jump frustrated.
        21        10.5000       1       1       4.434900       6.232536      10.667436       5.146999       3.050465       1.000000     541.499386       0.000000            0
        22        11.0000       1       1       4.483545       6.178973      10.662518       5.146999       3.017615       1.000000     541.499386       0.000000            0
        23        11.5000       1       1       4.446730       6.215720      10.662450       5.146998       3.370592       1.000000     541.499386       0.000000            0
        24        12.0000       1       1       4.366473       6.307897      10.674370       5.146998       4.123443       1.000000     541.499386       0.000000            0
        25        12.5000       1       1       4.435918       6.255788      10.691706       5.146998       4.873160       1.000000     541.499386       0.000000            0
        26        13.0000       1       1       4.901930       5.795524      10.697454       5.146999       5.125303       1.000000     541.499386       0.000000            0
# Jump frustrated.
        27        13.5000       1       1       5.844118       4.838874      10.682992       5.146999       4.712773       1.000000     541.499386       0.000000            0
        28        14.0000       1       1       7.038706       3.610467      10.649173       5.146999       3.669674       1.000000     541.499386       0.000000            0
# Jump frustrated.
        29        14.5000       1       1       8.079658       2.550636      10.630294       5.146999       2.552416       1.000000     541.499386       0.000000            1
# Jump frustrated.
        30        15.0000       1       1       8.649056       1.972453      10.621508       5.146999       1.876241       1.000000     541.499386       0.000000            0
# Jump frustrated.
        31        15.5000       1       1       8.595981       2.019787      10.615768       5.146999       2.174620       1.000000     541.499386       0.000000            0
# Jump frustrated.
        32        16.0000       1       1       7.923120       2.706756      10.629876       5.146999       3.722496       1.000000     541.499386       0.000000            0
# Jump frustrated.
        33        16.5000       1       1       6.971858       3.712817      10.684675       5.146999       5.612202       1.000000     541.499386       0.000000            0
# Jump frustrated.
        34        17.0000       1       1       6.458501       4.243874      10.702375       5.146998       6.007900       1.000000     541.499386       0.000000            0
# Jump frustrated.
        35        17.5000       1       1       6.642317       4.018206      10.660523       5.146998       5.093267       1.000000     541.499386       0.000000            0
# Jump frustrated.
        36        18.0000       1       1       7.019367       3.609429      10.628796       5.146997       4.284903       1.000000     541.499386       0.000000            0
# Jump frustrated.
        37        18.5000       1       1       7.112065       3.527009      10.639074       5.146997       4.889418       1.000000     541.499386       0.000000            0
# Jump frustrated.
        38        19.0000       1       1       6.940011       3.716969      10.656980       5.146997       5.881075       1.000000     541.499386       0.000000            0
# Jump frustrated.
        39        19.5000       1       1       6.711358       3.957170      10.668528       5.146997       6.581746       1.000000     541.499386       0.000000            1
        40        20.0000       1       1       6.587259       4.086093      10.673352       5.146997       6.843295       1.000000     541.499386       0.000000            0
# Jump frustrated.
        41        20.5000       1       1       6.632779       4.040212      10.672991       5.146997       6.651419       1.000000     541.499386       0.000000            0
        42        21.0000       1       1       6.828478       3.836966      10.665443       5.146997       5.994584       1.000000     541.499386       0.000000            0
# Jump frustrated.
        43        21.5000       1       1       7.070474       3.584931      10.655405       5.146997       5.131008       1.000000     541.499386       0.000000            0
# Jump frustrated.
        44        22.0000       1       1       7.210682       3.431303      10.641985       5.146997       4.162985       1.000000     541.499386       0.000000            0
        45        22.5000       1       1       7.133587       3.511854      10.645441       5.146998       3.634414       1.000000     541.499386       0.000000            0
# Jump frustrated.
        46        23.0000       1       1       6.862604       3.795237      10.657840       5.146998       3.916093       1.000000     541.499386       0.000000            0
# Jump frustrated.
        47        23.5000       1       1       6.591835       4.082564      10.674399       5.146998       4.348446       1.000000     541.499386       0.000000            0
        48        24.0000       1       1       6.541049       4.136749      10.677798       5.146997       4.331243       1.000000     541.499386       0.000000            0
# Jump frustrated.
        49        24.5000       1       1       6.754668       3.912950      10.667617       5.146997       3.877592       1.000000     541.499386       0.000000            1
        50        25.0000       1       1       7.086635       3.568738      10.655374       5.146996       3.308074       1.000000     541.499386       0.000000            0
        51        25.5000       1       1       7.345757       3.301341      10.647099       5.146997       2.858107       1.000000     541.499386       0.000000            0
# Jump frustrated.
        52        26.0000       1       1       7.393725       3.250478      10.644202       5.146997       2.692471       1.000000     541.499386       0.000000            0
        53        26.5000       1       1       7.160309       3.481543      10.641853       5.146998       2.845148       1.000000     541.499386       0.000000            0
# Jump frustrated.
        54        27.0000       1       1       6.630725       4.016753      10.647478       5.146998       3.397605       1.000000     541.499386       0.000000            0
# Jump frustrated.
        55        27.5000       1       1       5.901758       4.764136      10.665894       5.146998       4.282124       1.000000     541.499386       0.000000            0
# Jump frustrated.
        56        28.0000       1       1       5.241897       5.445085      10.686982       5.146999       4.910473       1.000000     541.499386       0.000000            1
# Jump frustrated.
        57        28.5000       1       1       4.917905       5.768328      10.686233       5.146999       4.824443       1.000000     541.499386       0.000000            0
# Jump frustrated.
        58        29.0000       1       1       4.927145       5.741339      10.668484       5.146999       4.148592       1.000000     541.499386       0.000000            0
# Jump frustrated.
        59        29.5000       1       1       5.052333       5.606187      10.658521       5.146999       3.542470       1.000000     541.499386       0.000000            0
# Jump frustrated.
        60        30.0000       1       1       5.137581       5.522937      10.660518       5.146999       3.354566       1.000000     541.499386       0.000000            0
# Jump frustrated.
        61        30.5000       1       1       5.173834       5.490966      10.664800       5.146999       3.435909       1.000000     541.499386       0.000000            0
# Jump frustrated.
        62        31.0000       1       1       5.213736       5.455465      10.669201       5.147000       3.600979       1.000000     541.499386       0.000000            0
        63        31.5000       1       1       5.312074       5.358928      10.671002       5.147000       3.732516       1.000000     541.499386       0.000000            0
# Jump frustrated.
        64        32.0000       1       1       5.487192       5.180387      10.667579       5.147000       3.834334       1.000000     541.499386       0.000000            0
        65        32.5000       1       1       5.700483       4.961777      10.662260       5.147000       3.978560       1.000000     541.499386       0.000000            1
# Jump frustrated.
        66        33.0000       1       1       5.898253       4.763928      10.662181       5.147000       4.218702       1.000000     541.499386       0.000000            0
# Jump frustrated.
        67        33.5000       1       1       6.082804       4.584764      10.667568       5.147000       4.509548       1.000000     541.499386       0.000000            0
        68        34.0000       1       1       6.326413       4.347677      10.674090       5.147000       4.712540       1.000000     541.499386       0.000000            0
        69        34.5000       1       1       6.718476       3.958623      10.677098       5.147000       4.608701       1.000000     541.499386       0.000000            0
        70        35.0000       1       1       7.291187       3.380232      10.671418       5.147000       4.138966       1.000000     541.499386       0.000000            0
        71        35.5000       1       1       7.956709       2.700736      10.657444       5.147000       3.258071       1.000000     541.499386       0.000000            0
# Jump frustrated.
        72        36.0000       1       1       8.529757       2.115701      10.645458       5.147000       2.273998       1.000000     541.499386       0.000000            0
# Jump frustrated.
        73        36.5000       1       1       8.848516       1.793496      10.642012       5.147000       1.630016       1.000000     541.499386       0.000000            0
# Jump frustrated.
        74        37.0000       1       1       8.853178       1.793496      10.646674       5.147000       1.776412       1.000000     541.499386       0.000000            0
        75        37.5000       1       1       8.594368       2.060685      10.655053       5.147000       2.381550       1.000000     541.499386       0.000000            1
        76        38.0000       1       1       8.180113       2.481711      10.661824       5.147000       2.995132       1.000000     541.499386       0.000000            0
# Jump frustrated.
        77        38.5000       1       1       7.701629       2.962320      10.663949       5.147001       3.576468       1.000000     541.499386       0.000000            0
# Jump frustrated.
        78        39.0000       1       1       7.209091       3.456215      10.665307       5.147001       4.090721       1.000000     541.499386       0.000000            0
        79        39.5000       1       1       6.723168       3.942430      10.665598       5.147001       4.617182       1.000000     541.499386       0.000000            0
        80        40.0000       1       1       6.268482       4.400409      10.668892       5.147001       5.121368       1.000000     541.499386       0.000000            0
        81        40.5000       1       1       5.894887       4.778461      10.673348       5.147001       5.445882       1.000000     541.499386       0.000000            0
# Jump frustrated.
        82        41.0000       1       1       5.652169       5.021983      10.674152       5.147002       5.566363       1.000000     541.499386       0.000000            0
# Jump frustrated.
        83        41.5000       1       1       5.560056       5.113330      10.673386       5.147002       5.471562       1.000000     541.499386       0.000000            0
# Jump frustrated.
        84        42.0000       1       1       5.609201       5.063089      10.672290       5.147003       5.181369       1.000000     541.499386       0.000000            0
# Jump frustrated.
        85        42.5000       1       1       5.778353       4.891814      10.670167       5.147003       4.728766       1.000000     541.499386       0.000000            1
# Jump frustrated.
        86        43.0000       1       1       6.026870       4.638326      10.665197       5.147003       4.161699       1.000000     541.499386       0.000000            0
# Jump frustrated.
        87        43.5000       1       1       6.294642       4.368230      10.662872       5.147003       3.536079       1.000000     541.499386       0.000000            0
        88        44.0000       1       1       6.520352       4.135296      10.655648       5.147002       2.985230       1.000000     541.499386       0.000000            0
# Jump frustrated.
        89        44.5000       1       1       6.636808       4.018621      10.655429       5.147002       2.623267       1.000000     541.499386       0.000000            0
# Jump frustrated.
        90        45.0000       1       1       6.628600       4.030247      10.658847       5.147002       2.469022       1.000000     541.499386       0.000000            0
# Jump frustrated.
        91        45.5000       1       1       6.527763       4.132182      10.659945       5.147002       2.587506       1.000000     541.499386       0.000000            0
        92        46.0000       1       1       6.353515       4.307402      10.660917       5.147002       2.981441       1.000000     541.499386       0.000000            0
# Jump frustrated.
        93        46.5000       1       1       6.125981       4.537222      10.663203       5.147002       3.575170       1.000000     541.499386       0.000000            1
# Jump frustrated.
        94        47.0000       1       1       5.895190       4.774516      10.669706       5.147001       4.268516       1.000000     541.499386       0.000000            0
        95        47.5000       1       1       5.764038       4.913197      10.677235       5.147001       4.796737       1.000000     541.499386       0.000000            0
# Jump frustrated.
        96        48.0000       1       1       5.824795       4.849877      10.674672       5.147001       4.834240       1.000000     541.499386       0.000000            0
        97        48.5000       1       1       6.045836       4.618188      10.664024       5.147002       4.392709       1.000000     541.499386       0.000000            0
# Jump frustrated.
        98        49.0000       1       1       6.295429       4.362417      10.657847       5.147002       3.814105       1.000000     541.499386       0.000000            0
# Jump frustrated.
        99        49.5000       1       1       6.475897       4.182007      10.657905       5.147001       3.382180       1.000000     541.499386       0.000000            0
# Jump frustrated.
       100        50.0000       1       1       6.571264       4.088792      10.660056       5.147001       3.119979       1.000000     541.499386       0.000000            0
       101        50.5000       1       1       6.610021       4.052461      10.662482       5.147001       2.965793       1.000000     541.499386       0.000000            0
       102        51.0000       1       1       6.631314       4.032531      10.663845       5.147001       2.905036       1.000000     541.499386       0.000000            0
       103        51.5000       1       1       6.649871       4.011770      10.661641       5.147001       2.917237       1.000000     541.499386       0.000000            1
       104        52.0000       1       1       6.662457       4.002013      10.664469       5.147001       3.071585       1.000000     541.499386       0.000000            0
       105        52.5000       1       1       6.697853       3.970249      10.668102       5.147001       3.301233       1.000000     541.499386       0.000000            0
       106        53.0000       1       1       6.799488       3.869975      10.669463       5.147001       3.454355       1.000000     541.499386       0.000000            0
# Jump frustrated.
       107        53.5000       1       1       6.980238       3.687074      10.667312       5.147000       3.446738       1.000000     541.499386       0.000000            0
# Jump frustrated.
       108        54.0000       1       1       7.208166       3.453724      10.661890       5.147000       3.278695       1.000000     541.499386       0.000000            0
# Jump frustrated.
       109        54.5000       1       1       7.416098       3.241343      10.657441       5.147001       3.021866       1.000000     541.499386       0.000000            0
# Jump frustrated.
       110        55.0000       1       1       7.531699       3.120516      10.652215       5.147001       2.747465       1.000000     541.499386       0.000000            0
# Jump frustrated.
       111        55.5000       1       1       7.495395       3.153941      10.649336       5.147001       2.510448       1.000000     541.499386       0.000000            1
# Jump frustrated.
       112        56.0000       1       1       7.252633       3.391235      10.643868       5.147002       2.380835       1.000000     541.499386       0.000000            0
# Jump frustrated.
       113        56.5000       1       1       6.758980       3.884923      10.643903       5.147003       2.593617       1.000000     541.499386       0.000000            0
       114        57.0000       1       1       6.053794       4.602410      10.656204       5.147003       3.313720       1.000000     541.499386       0.000000            0
# Jump frustrated.
       115        57.5000       1       1       5.357199       5.321144      10.678343       5.147003       4.138906       1.000000     541.499386       0.000000            0
       116        58.0000       1       1       4.997881       5.694420      10.692301       5.147003       4.503577       1.000000     541.499386       0.000000            0
# Jump frustrated.
       117        58.5000       1       1       5.167297       5.515671      10.682968       5.147004       4.104682       1.000000     541.499386       0.000000            0
       118        59.0000       1       1       5.740297       4.921917      10.662214       5.147003       3.395106       1.000000     541.499386       0.000000            0
# Jump frustrated.
       119        59.5000       1       1       6.443690       4.209204      10.652894       5.147003       3.098734       1.000000     541.499386       0.000000            0
       120        60.0000       1       1       7.086826       3.559603      10.646429       5.147003       3.115222       1.000000     541.499386       0.000000            0
# Jump frustrated.
       121        60.5000       1       1       7.569535       3.076296      10.645831       5.147003       3.246854       1.000000     541.499386       0.000000            1
       122        61.0000       1       1       7.852963       2.792290      10.645253       5.147004       3.441111       1.000000     541.499386       0.000000            0
# Jump frustrated.
       123        61.5000       1       1       7.929818       2.714645      10.644464       5.147004       3.512577       1.000000     541.499386       0.000000            0
# Jump frustrated.
       124        62.0000       1       1       7.820809       2.828414      10.649223       5.147004       3.441417       1.000000     541.499386       0.000000            0
# Jump frustrated.
       125        62.5000       1       1       7.554170       3.093112      10.647282       5.147004       3.241673       1.000000     541.499386       0.000000            0
       126        63.0000       1       1       7.135810       3.512062      10.647871       5.147004       3.004874       1.000000     541.499386       0.000000            0
# Jump frustrated.
       127        63.5000       1       1       6.568384       4.080696      10.649079       5.147004       3.066212       1.000000     541.499386       0.000000            0
# Jump frustrated.
       128        64.0000       1       1       5.918615       4.743790      10.662406       5.147004       3.567213       1.000000     541.499386       0.000000            0
# Jump frustrated.
       129        64.5000       1       1       5.372190       5.305988      10.678179       5.147004       4.183588       1.000000     541.499386       0.000000            1
       130        65.0000       1       1       5.153964       5.528958      10.682922       5.147004       4.320115       1.000000     541.499386       0.000000            0
# Jump frustrated.
       131        65.5000       1       1       5.316645       5.352908      10.669552       5.147004       3.798674       1.000000     541.499386       0.000000            0
# Jump frustrated.
       132        66.0000       1       1       5.688473       4.967175      10.655648       5.147004       3.091220       1.000000     541.499386       0.000000            0
# Jump frustrated.
       133        66.5000       1       1       6.053366       4.594314      10.647680       5.147004       2.615398       1.000000     541.499386       0.000000            0
# Jump frustrated.
       134        67.0000       1       1       6.277640       4.367192      10.644832       5.147004       2.530241       1.000000     541.499386       0.000000            0
# Jump frustrated.
       135        67.5000       1       1       6.305250       4.338543      10.643792       5.147005       2.789044       1.000000     541.499386       0.000000            0
# Jump frustrated.
       136        68.0000       1       1       6.134682       4.513762      10.648445       5.147005       3.382115       1.000000     541.499386       0.000000            0
# Jump frustrated.
       137        68.5000       1       1       5.836585       4.819359      10.655944       5.147005       4.173317       1.000000     541.499386       0.000000            0
       138        69.0000       1       1       5.544404       5.118728      10.663131       5.147004       4.790453       1.000000     541.499386       0.000000            1
# Jump frustrated.
       139        69.5000       1       1       5.367157       5.292079      10.659236       5.147004       4.943839       1.000000     541.499386       0.000000            0
# Jump frustrated.
       140        70.0000       1       1       5.315255       5.343358      10.658613       5.147004       4.800746       1.000000     541.499386       0.000000            0
# Jump frustrated.
       141        70.5000       1       1       5.418006       5.254502      10.672508       5.147004       4.869512       1.000000     541.499386       0.000000            0
# Jump frustrated.
       142        71.0000       1       1       5.840897       4.834930      10.675826       5.147004       4.711199       1.000000     541.499386       0.000000            0
# Jump frustrated.
       143        71.5000       1       1       6.591932       4.059727      10.651659       5.147005       3.760398       1.000000     541.499386       0.000000            0
       144        72.0000       1       1       7.347274       3.284110      10.631384       5.147004       2.621923       1.000000     541.499386       0.000000            0
       145        72.5000       1       1       7.791903       2.836718      10.628621       5.147005       2.194701       1.000000     541.499386       0.000000            0
# Jump frustrated.
       146        73.0000       1       1       7.858820       2.781287      10.640107       5.147005       2.432188       1.000000     541.499386       0.000000            1
# Jump frustrated.
       147        73.5000       1       1       7.654203       2.994499      10.648701       5.147004       2.779795       1.000000     541.499386       0.000000            0
# Jump frustrated.
       148        74.0000       1       1       7.288455       3.362377      10.650832       5.147004       3.055577       1.000000     541.499386       0.000000            0
# Jump frustrated.
       149        74.5000       1       1       6.812437       3.841325      10.653762       5.147004       3.346544       1.000000     541.499386       0.000000            0
# Jump frustrated.
       150        75.0000       1       1       6.268426       4.391482      10.659909       5.147005       3.850067       1.000000     541.499386       0.000000            0
# Jump frustrated.
       151        75.5000       1       1       5.769055       4.905101      10.674156       5.147004       4.528450       1.000000     541.499386       0.000000            0
# Jump frustrated.
       152        76.0000       1       1       5.524054       5.163571      10.687624       5.147004       4.961270       1.000000     541.499386       0.000000            0
       153        76.5000       1       1       5.691644       4.988143      10.679787       5.147004       4.674802       1.000000     541.499386       0.000000            1
       154        77.0000       1       1       6.169549       4.488434      10.657983       5.147004       3.830816       1.000000     541.499386       0.000000            0
       155        77.5000       1       1       6.670059       3.971702      10.641761       5.147005       3.023793       1.000000     541.499386       0.000000            0
# Jump frustrated.
       156        78.0000       1       1       6.958038       3.679185      10.637222       5.147005       2.802662       1.000000     541.499386       0.000000            0
       157        78.5000       1       1       6.965740       3.678977      10.644717       5.147004       3.324505       1.000000     541.499386       0.000000            0
# Jump frustrated.
       158        79.0000       1       1       6.810610       3.852536      10.663146       5.147003       4.202885       1.000000     541.499386       0.000000            0
       159        79.5000       1       1       6.750959       3.927482      10.678441       5.147003       4.754919       1.000000     541.499386       0.000000            0
# Jump frustrated.
       160        80.0000       1       1       6.981280       3.691226      10.672506       5.147004       4.519417       1.000000     541.499386       0.000000            0
       161        80.5000       1       1       7.425092       3.227226      10.652318       5.147004       3.669653       1.000000     541.499386       0.000000            1
       162        81.0000       1       1       7.803697       2.829244      10.632941       5.147004       2.664379       1.000000     541.499386       0.000000            0
       163        81.5000       1       1       7.833710       2.785024      10.618734       5.147004       2.115880       1.000000     541.499386       0.000000            0
       164        82.0000       1       1       7.327087       3.285148      10.612234       5.147004       3.033282       1.000000     541.499386       0.000000            0
# Jump frustrated.
       165        82.5000       1       1       6.342821       4.304080      10.646901       5.147004       5.238122       1.000000     541.499386       0.000000            0
# Jump frustrated.
       166        83.0000       1       1       5.482202       5.219832      10.702034       5.147004       6.749531       1.000000     541.499386       0.000000            0
       167        83.5000       1       1       5.418031       5.275055      10.693086       5.147003       6.555969       1.000000     541.499386       0.000000            0
       168        84.0000       1       1       6.034671       4.599712      10.634382       5.147003       4.856561       1.000000     541.499386       0.000000            0
# Jump frustrated.
       169        84.5000       1       1       6.611712       4.002843      10.614555       5.147002       3.117726       1.000000     541.499386       0.000000            1
       170        85.0000       1       1       6.716677       3.910251      10.626927       5.147003       2.581493       1.000000     541.499386       0.000000            0
# Jump frustrated.
       171        85.5000       1       1       6.398252       4.240760      10.639012       5.147003       2.814549       1.000000     541.499386       0.000000            0
# Jump frustrated.
       172        86.0000       1       1       5.828091       4.823304      10.651394       5.147003       3.484267       1.000000     541.499386       0.000000            0
# Jump frustrated.
       173        86.5000       1       1       5.229458       5.442594      10.672051       5.147004       4.284977       1.000000     541.499386       0.000000            0
       174        87.0000       1       1       4.891709       5.793241      10.684950       5.147004       4.695451       1.000000     541.499386       0.000000            0
       175        87.5000       1       1       4.972283       5.701271      10.673555       5.147004       4.307444       1.000000     541.499386       0.000000            0
       176        88.0000       1       1       5.324968       5.326749      10.651717       5.147004       3.340394       1.000000     541.499386       0.000000            0
       177        88.5000       1       1       5.641057       4.995409      10.636467       5.147004       2.373310       1.000000     541.499386       0.000000            0
# Jump frustrated.
       178        89.0000       1       1       5.695127       4.939771      10.634898       5.147005       2.104180       1.000000     541.499386       0.000000            0
# Jump frustrated.
       179        89.5000       1       1       5.448997       5.194711      10.643708       5.147005       2.764762       1.000000     541.499386       0.000000            1
# Jump frustrated.
       180        90.0000       1       1       5.044527       5.616360      10.660887       5.147005       3.717187       1.000000     541.499386       0.000000            0
# Jump frustrated.
       181        90.5000       1       1       4.738746       5.937735      10.676480       5.147004       4.360471       1.000000     541.499386       0.000000            0
       182        91.0000       1       1       4.752850       5.925901      10.678751       5.147004       4.410822       1.000000     541.499386       0.000000            0
       183        91.5000       1       1       5.133564       5.539130      10.672694       5.147004       4.042991       1.000000     541.499386       0.000000            0
# Jump frustrated.
       184        92.0000       1       1       5.791089       4.874582      10.665672       5.147005       3.571439       1.000000     541.499386       0.000000            0
       185        92.5000       1       1       6.591245       4.061388      10.652633       5.147006       3.113597       1.000000     541.499386       0.000000            0
       186        93.0000       1       1       7.370541       3.271238      10.641779       5.147006       2.616958       1.000000     541.499386       0.000000            0
# Jump frustrated.
       187        93.5000       1       1       7.981513       2.654440      10.635952       5.147006       2.308790       1.000000     541.499386       0.000000            0
# Jump frustrated.
       188        94.0000       1       1       8.291330       2.326629      10.617959       5.147006       2.274117       1.000000     541.499386       0.000000            1
       189        94.5000       1       1       8.092078       2.505586      10.597663       5.147006       3.208310       1.000000     541.499386       0.000000            0
       190        95.0000       1       1       7.258076       3.353658      10.611734       5.147006       5.680603       1.000000     541.499386       0.000000            0
# Jump frustrated.
       191        95.5000       1       1       6.328165       4.369684      10.697848       5.147007       7.984532       1.000000     541.499386       0.000000            0
       192        96.0000       1       1       6.315218       4.379441      10.694659       5.147007       7.985559       1.000000     541.499386       0.000000            0
# Jump frustrated.
       193        96.5000       1       1       7.183727       3.419262      10.602988       5.147008       5.762395       1.000000     541.499386       0.000000            0
# Jump frustrated.
       194        97.0000       1       1       7.871501       2.719005      10.590506       5.147008       3.828351       1.000000     541.499386       0.000000            0
       195        97.5000       1       1       7.924793       2.703850      10.628643       5.147008       3.959825       1.000000     541.499386       0.000000            0
# Jump frustrated.
       196        98.0000       1       1       7.723831       2.934916      10.658746       5.147008       4.326000       1.000000     541.499386       0.000000            0
# Jump frustrated.
       197        98.5000       1       1       7.623554       3.031245      10.654799       5.147008       3.836463       1.000000     541.499386       0.000000            0
# Jump frustrated.
       198        99.0000       1       1       7.569568       3.066538      10.636106       5.147008       2.945352       1.000000     541.499386       0.000000            1
       199        99.5000       1       1       7.318111       3.312344      10.630455       5.147008       2.809470       1.000000     541.499386       0.000000            0
# Jump frustrated.
       200       100.0000       1       1       6.794675       3.851290      10.645966       5.147009       3.709032       1.000000     541.499386       0.000000            0
       201       100.5000       1       1       6.201078       4.468089      10.669167       5.147009       4.652868       1.000000     541.499386       0.000000            0
# Jump frustrated.
       202       101.0000       1       1       5.825652       4.847178      10.672830       5.147009       4.720231       1.000000     541.499386       0.000000            0
       203       101.5000       1       1       5.718091       4.941016      10.659108       5.147009       4.060049       1.000000     541.499386       0.000000            0
# Jump frustrated.
       204       102.0000       1       1       5.693232       4.956587      10.649819       5.147010       3.347923       1.000000     541.499386       0.000000            0
# Jump frustrated.
       205       102.5000       1       1       5.594612       5.057276      10.651888       5.147011       3.030982       1.000000     541.499386       0.000000            0
       206       103.0000       1       1       5.411636       5.247236      10.658872       5.147011       3.029065       1.000000     541.499386       0.000000            0
# Jump frustrated.
       207       103.5000       1       1       5.216969       5.447368      10.664337       5.147011       3.097483       1.000000     541.499386       0.000000            0
# Jump frustrated.
       208       104.0000       1       1       5.076321       5.589164      10.665484       5.147011       3.131884       1.000000     541.499386       0.000000            0
       209       104.5000       1       1       5.019989       5.647916      10.667905       5.147011       3.158071       1.000000     541.499386       0.000000            1
       210       105.0000       1       1       5.071985       5.596222      10.668207       5.147012       3.168555       1.000000     541.499386       0.000000            0
       211       105.5000       1       1       5.238245       5.426608      10.664853       5.147012       3.085629       1.000000     541.499386       0.000000            0
# Jump frustrated.
       212       106.0000       1       1       5.483312       5.176857      10.660170       5.147011       2.898980       1.000000     541.499386       0.000000            0
       213       106.5000       1       1       5.733204       4.916519      10.649723       5.147011       2.615421       1.000000     541.499386       0.000000            0
       214       107.0000       1       1       5.850902       4.781990      10.632892       5.147011       2.355219       1.000000     541.499386       0.000000            0
# Jump frustrated.
       215       107.5000       1       1       5.645089       4.974649      10.619737       5.147011       2.810647       1.000000     541.499386       0.000000            0
       216       108.0000       1       1       5.055965       5.582520      10.638485       5.147010       4.417275       1.000000     541.499386       0.000000            0
       217       108.5000       1       1       4.454668       6.231913      10.686581       5.147010       6.161194       1.000000     541.499386       0.000000            0
       218       109.0000       1       1       4.524472       6.182710      10.707182       5.147010       6.750644       1.000000     541.499386       0.000000            0
# Jump frustrated.
       219       109.5000       1       1       5.523063       5.146132      10.669195       5.147009       5.757004       1.000000     541.499386       0.000000            1
       220       110.0000       1       1       6.896735       3.714685      10.611420       5.147009       3.766620       1.000000     541.499386       0.000000            0
# Jump frustrated.
       221       110.5000       1       1       7.851446       2.745579      10.597025       5.147010       2.282909       1.000000     541.499386       0.000000            0
# Jump frustrated.
       222       111.0000       1       1       8.053480       2.558110      10.611590       5.147009       2.906475       1.000000     541.499386       0.000000            0
# Jump frustrated.
       223       111.5000       1       1       7.680691       2.963981      10.644671       5.147008       4.470817       1.000000     541.499386       0.000000            0
# Jump frustrated.
       224       112.0000       1       1       7.200456       3.472201      10.672658       5.147008       5.402270       1.000000     541.499386       0.000000            0
# Jump frustrated.
       225       112.5000       1       1       6.980974       3.684583      10.665556       5.147009       5.187034       1.000000     541.499386       0.000000            0
# Jump frustrated.
       226       113.0000       1       1       6.974979       3.673164      10.648144       5.147010       4.251943       1.000000     541.499386       0.000000            0
# Jump frustrated.
       227       113.5000       1       1       6.952866       3.691434      10.644299       5.147010       3.377989       1.000000     541.499386       0.000000            0
# Jump frustrated.
       228       114.0000       1       1       6.810169       3.840495      10.650664       5.147010       2.913202       1.000000     541.499386       0.000000            0
# Jump frustrated.
       229       114.5000       1       1       6.590163       4.069485      10.659647       5.147010       2.869562       1.000000     541.499386       0.000000            1
# Jump frustrated.
       230       115.0000       1       1       6.408652       4.259029      10.667682       5.147010       3.039637       1.000000     541.499386       0.000000            0
# Jump frustrated.
       231       115.5000       1       1       6.388524       4.284773      10.673296       5.147010       3.248661       1.000000     541.499386       0.000000            0
# Jump frustrated.
       232       116.0000       1       1       6.607750       4.061388      10.669138       5.147010       3.303870       1.000000     541.499386       0.000000            0
       233       116.5000       1       1       7.026762       3.632889      10.659651       5.147010       3.109208       1.000000     541.499386       0.000000            0
# Jump frustrated.
       234       117.0000       1       1       7.523180       3.128405      10.651585       5.147010       2.887644       1.000000     541.499386       0.000000            0
# Jump frustrated.
       235       117.5000       1       1       7.934099       2.698660      10.632758       5.147010       2.725595       1.000000     541.499386       0.000000            0
       236       118.0000       1       1       8.004872       2.607520      10.612392       5.147010       3.239560       1.000000     541.499386       0.000000            0
# Jump frustrated.
       237       118.5000       1       1       7.526253       3.086261      10.612514       5.147010       4.952278       1.000000     541.499386       0.000000            0
# Jump frustrated.
       238       119.0000       1       1       6.709293       3.965682      10.674975       5.147010       7.188891       1.000000     541.499386       0.000000            1
# Jump frustrated.
       239       119.5000       1       1       6.355870       4.359719      10.715588       5.147011       8.105146       1.000000     541.499386       0.000000            0
# Jump frustrated.
       240       120.0000       1       1       6.970163       3.697869      10.668032       5.147011       6.941129       1.000000     541.499386       0.000000            0
# Jump frustrated.
       241       120.5000       1       1       7.988750       2.611673      10.600423       5.147010       4.291158       1.000000     541.499386       0.000000            0
       242       121.0000       1       1       8.478240       2.106774      10.585014       5.147010       2.069320       1.000000     541.499386       0.000000            0
       243       121.5000       1       1       8.080228       2.524478      10.604706       5.147010       2.421279       1.000000     541.499386       0.000000            0
# Jump frustrated.
       244       122.0000       1       1       7.025356       3.621263      10.646619       5.147011       4.187883       1.000000     541.499386       0.000000            0
# Jump frustrated.
       245       122.5000       1       1       5.887873       4.799844      10.687717       5.147010       5.272398       1.000000     541.499386       0.000000            0
       246       123.0000       1       1       5.161050       5.526259      10.687308       5.147010       5.167956       1.000000     541.499386       0.000000            0
# Jump frustrated.
       247       123.5000       1       1       4.863584       5.803829      10.667413       5.147009       4.460395       1.000000     541.499386       0.000000            1
# Jump frustrated.
       248       124.0000       1       1       4.729468       5.928392      10.657861       5.147008       3.995008       1.000000     541.499386       0.000000            0
       249       124.5000       1       1       4.576169       6.083267      10.659435       5.147008       3.984740       1.000000     541.499386       0.000000            0
       250       125.0000       1       1       4.381368       6.282569      10.663937       5.147008       4.158802       1.000000     541.499386       0.000000            0
# Jump frustrated.
       251       125.5000       1       1       4.199236       6.470453      10.669689       5.147007       4.296450       1.000000     541.499386       0.000000            0
# Jump frustrated.
       252       126.0000       1       1       4.104762       6.569896      10.674659       5.147006       4.325995       1.000000     541.499386       0.000000            0
       253       126.5000       1       1       4.161555       6.514881      10.676436       5.147005       4.243728       1.000000     541.499386       0.000000            0
# Jump frustrated.
       254       127.0000       1       1       4.402625       6.274680      10.677305       5.147005       4.088941       1.000000     541.499386       0.000000            0
       255       127.5000       1       1       4.836814       5.839122      10.675936       5.147006       3.846700       1.000000     541.499386       0.000000            0
# Jump frustrated.
       256       128.0000       1       1       5.451948       5.222323      10.674271       5.147006       3.565692       1.000000     541.499386       0.000000            0
# Jump frustrated.
       257       128.5000       1       1       6.207777       4.456671      10.664448       5.147005       3.226370       1.000000     541.499386       0.000000            1
       258       129.0000       1       1       7.001244       3.651781      10.653025       5.147005       2.745268       1.000000     541.499386       0.000000            0
       259       129.5000       1       1       7.678722       2.961489      10.640212       5.147005       2.437168       1.000000     541.499386       0.000000            0
       260       130.0000       1       1       8.103018       2.530499      10.633516       5.147006       2.668597       1.000000     541.499386       0.000000            0
# Jump frustrated.
       261       130.5000       1       1       8.196141       2.434792      10.630933       5.147006       3.530371       1.000000     541.499386       0.000000            0
# Jump frustrated.
       262       131.0000       1       1       8.003715       2.640738      10.644452       5.147007       4.796950       1.000000     541.499386       0.000000            0
# Jump frustrated.
       263       131.5000       1       1       7.766519       2.899207      10.665726       5.147007       5.902439       1.000000     541.499386       0.000000            0
# Jump frustrated.
       264       132.0000       1       1       7.762387       2.898792      10.661180       5.147008       6.199393       1.000000     541.499386       0.000000            0
# Jump frustrated.
       265       132.5000       1       1       7.961377       2.677899      10.639276       5.147007       5.878868       1.000000     541.499386       0.000000            1
# Jump frustrated.
       266       133.0000       1       1       8.139260       2.504755      10.644016       5.147007       5.843899       1.000000     541.499386       0.000000            0
# Jump frustrated.
       267       133.5000       1       1       8.266330       2.382683      10.649012       5.147006       5.623714       1.000000     541.499386       0.000000            0
# Jump frustrated.
       268       134.0000       1       1       8.342902       2.294450      10.637352       5.147004       4.700650       1.000000     541.499386       0.000000            0
       269       134.5000       1       1       8.202301       2.428979      10.631280       5.147003       3.605852       1.000000     541.499386       0.000000            0
# Jump frustrated.
       270       135.0000       1       1       7.731788       2.909588      10.641376       5.147003       3.086347       1.000000     541.499386       0.000000            0
# Jump frustrated.
       271       135.5000       1       1       7.038870       3.618148      10.657018       5.147003       3.053557       1.000000     541.499386       0.000000            0
# Jump frustrated.
       272       136.0000       1       1       6.319268       4.348923      10.668191       5.147004       3.106120       1.000000     541.499386       0.000000            0
# Jump frustrated.
       273       136.5000       1       1       5.713998       4.959078      10.673076       5.147005       3.078665       1.000000     541.499386       0.000000            0
# Jump frustrated.
       274       137.0000       1       1       5.286547       5.387578      10.674125       5.147005       3.053338       1.000000     541.499386       0.000000            1
# Jump frustrated.
       275       137.5000       1       1       5.051567       5.622173      10.673740       5.147004       3.022625       1.000000     541.499386       0.000000            0
# Jump frustrated.
       276       138.0000       1       1       4.997060       5.674282      10.671342       5.147004       2.977659       1.000000     541.499386       0.000000            0
# Jump frustrated.
       277       138.5000       1       1       5.089509       5.578991      10.668500       5.147004       2.939025       1.000000     541.499386       0.000000            0
# Jump frustrated.
       278       139.0000       1       1       5.282168       5.382595      10.664763       5.147003       2.926704       1.000000     541.499386       0.000000            0
       279       139.5000       1       1       5.522476       5.138658      10.661134       5.147003       2.988063       1.000000     541.499386       0.000000            0
# Jump frustrated.
       280       140.0000       1       1       5.757140       4.899703      10.656843       5.147004       3.209603       1.000000     541.499386       0.000000            0
# Jump frustrated.
       281       140.5000       1       1       5.933426       4.718047      10.651473       5.147003       3.612516       1.000000     541.499386       0.000000            0
# Jump frustrated.
       282       141.0000       1       1       6.021350       4.630437      10.651787       5.147001       4.070825       1.000000     541.499386       0.000000            0
# Jump frustrated.
       283       141.5000       1       1       6.050649       4.602203      10.652851       5.147001       4.350468       1.000000     541.499386       0.000000            0
       284       142.0000       1       1       6.041940       4.601372      10.643312       5.147001       4.294688       1.000000     541.499386       0.000000            1
# Jump frustrated.
       285       142.5000       1       1       5.947766       4.696456      10.644222       5.147002       4.451008       1.000000     541.499386       0.000000            0
# Jump frustrated.
       286       143.0000       1       1       5.861918       4.803789      10.665706       5.147003       5.014636       1.000000     541.499386       0.000000            0
# Jump frustrated.
       287       143.5000       1       1       6.017698       4.637288      10.654986       5.147004       4.887701       1.000000     541.499386       0.000000            0
# Jump frustrated.
       288       144.0000       1       1       6.280208       4.332314      10.612522       5.147004       4.128860       1.000000     541.499386       0.000000            0
# Jump frustrated.
       289       144.5000       1       1       6.192989       4.417018      10.610007       5.147004       4.775803       1.000000     541.499386       0.000000            0
# Jump frustrated.
       290       145.0000       1       1       5.817823       4.850085      10.667908       5.147005       6.469721       1.000000     541.499386       0.000000            0
       291       145.5000       1       1       5.789503       4.891191      10.680694       5.147003       6.934181       1.000000     541.499386       0.000000            0
# Jump frustrated.
       292       146.0000       1       1       6.261947       4.375704      10.637651       5.147002       6.035632       1.000000     541.499386       0.000000            1
# Jump frustrated.
       293       146.5000       1       1       6.730533       3.895303      10.625836       5.147002       5.264329       1.000000     541.499386       0.000000            0
# Jump frustrated.
       294       147.0000       1       1       6.873160       3.764926      10.638086       5.147001       5.137851       1.000000     541.499386       0.000000            0
# Jump frustrated.
       295       147.5000       1       1       6.775153       3.880148      10.655301       5.147001       4.990746       1.000000     541.499386       0.000000            0
# Jump frustrated.
       296       148.0000       1       1       6.618768       4.043742      10.662509       5.147002       4.625413       1.000000     541.499386       0.000000            0
       297       148.5000       1       1       6.500002       4.161662      10.661664       5.147002       4.078741       1.000000     541.499386       0.000000            0
# Jump frustrated.
       298       149.0000       1       1       6.421692       4.238269      10.659961       5.147003       3.498302       1.000000     541.499386       0.000000            0
# Jump frustrated.
       299       149.5000       1       1       6.361158       4.298682      10.659841       5.147003       3.112204       1.000000     541.499386       0.000000            0
# Jump frustrated.
       300       150.0000       1       1       6.315328       4.346847      10.662175       5.147003       3.091369       1.000000     541.499386       0.000000            1
# Jump frustrated.
       301       150.5000       1       1       6.322760       4.344771      10.667531       5.147003       3.408426       1.000000     541.499386       0.000000            0
# Jump frustrated.
       302       151.0000       1       1       6.464981       4.208373      10.673355       5.147003       3.805084       1.000000     541.499386       0.000000            0
# Jump frustrated.
       303       151.5000       1       1       6.825451       3.849837      10.675289       5.147003       3.976435       1.000000     541.499386       0.000000            0
       304       152.0000       1       1       7.410692       3.253799      10.664492       5.147003       3.754428       1.000000     541.499386       0.000000            0
       305       152.5000       1       1       8.069003       2.568906      10.637909       5.147003       3.229308       1.000000     541.499386       0.000000            0
       306       153.0000       1       1       8.490606       2.127742      10.618348       5.147003       2.975176       1.000000     541.499386       0.000000            0
       307       153.5000       1       1       8.403413       2.210577      10.613990       5.147004       3.704053       1.000000     541.499386       0.000000            0
# Jump frustrated.
       308       154.0000       1       1       7.792697       2.839624      10.632321       5.147004       5.408810       1.000000     541.499386       0.000000            0
# Jump frustrated.
       309       154.5000       1       1       7.041979       3.631850      10.673829       5.147004       6.904237       1.000000     541.499386       0.000000            0
# Jump frustrated.
       310       155.0000       1       1       6.654141       4.012601      10.666742       5.147006       7.118679       1.000000     541.499386       0.000000            1
# Jump frustrated.
       311       155.5000       1       1       6.601377       4.034192      10.635569       5.147008       6.673036       1.000000     541.499386       0.000000            0
# Jump frustrated.
       312       156.0000       1       1       6.571692       4.079450      10.651142       5.147009       6.568309       1.000000     541.499386       0.000000            0
       313       156.5000       1       1       6.612086       4.054330      10.666416       5.147009       6.199560       1.000000     541.499386       0.000000            0
# Jump frustrated.
       314       157.0000       1       1       6.789795       3.854612      10.644407       5.147008       5.018605       1.000000     541.499386       0.000000            0
# Jump frustrated.
       315       157.5000       1       1       6.849773       3.785687      10.635460       5.147007       3.758485       1.000000     541.499386       0.000000            0
       316       158.0000       1       1       6.620033       4.025057      10.645090       5.147007       3.019264       1.000000     541.499386       0.000000            0
       317       158.5000       1       1       6.162889       4.493002      10.655890       5.147006       2.767373       1.000000     541.499386       0.000000            0
# Jump frustrated.
       318       159.0000       1       1       5.606433       5.057484      10.663917       5.147006       2.698172       1.000000     541.499386       0.000000            0
# Jump frustrated.
       319       159.5000       1       1       5.048236       5.619474      10.667711       5.147005       2.673655       1.000000     541.499386       0.000000            1
# Jump frustrated.
       320       160.0000       1       1       4.544483       6.125826      10.670310       5.147005       2.707757       1.000000     541.499386       0.000000            0
       321       160.5000       1       1       4.134948       6.538340      10.673288       5.147004       2.812080       1.000000     541.499386       0.000000            0
# Jump frustrated.
       322       161.0000       1       1       3.861991       6.814041      10.676033       5.147004       2.950359       1.000000     541.499386       0.000000            0
# Jump frustrated.
       323       161.5000       1       1       3.766757       6.910786      10.677543       5.147004       3.025341       1.000000     541.499386       0.000000            0
       324       162.0000       1       1       3.869121       6.807190      10.676311       5.147004       2.993799       1.000000     541.499386       0.000000            0
       325       162.5000       1       1       4.154104       6.519656      10.673760       5.147004       2.942746       1.000000     541.499386       0.000000            0
# Jump frustrated.
       326       163.0000       1       1       4.585591       6.085343      10.670934       5.147004       2.994051       1.000000     541.499386       0.000000            0
# Jump frustrated.
       327       163.5000       1       1       5.130066       5.540169      10.670235       5.147003       3.179767       1.000000     541.499386       0.000000            0
       328       164.0000       1       1       5.770846       4.898665      10.669510       5.147003       3.458890       1.000000     541.499386       0.000000            0
# Jump frustrated.
       329       164.5000       1       1       6.492522       4.174326      10.666848       5.147002       3.647644       1.000000     541.499386       0.000000            1
# Jump frustrated.
       330       165.0000       1       1       7.237591       3.420507      10.658098       5.147002       3.586146       1.000000     541.499386       0.000000            0
       331       165.5000       1       1       7.878396       2.763433      10.641829       5.147002       3.347576       1.000000     541.499386       0.000000            0
       332       166.0000       1       1       8.222277       2.401990      10.624267       5.147002       3.240577       1.000000     541.499386       0.000000            0
# Jump frustrated.
       333       166.5000       1       1       8.104858       2.518873      10.623730       5.147001       3.915983       1.000000     541.499386       0.000000            0
# Jump frustrated.
       334       167.0000       1       1       7.621160       3.028131      10.649292       5.146999       5.217769       1.000000     541.499386       0.000000            0
# Jump frustrated.
       335       167.5000       1       1       7.166017       3.500851      10.666868       5.147000       6.062375       1.000000     541.499386       0.000000            0
# Jump frustrated.
       336       168.0000       1       1       7.092118       3.587630      10.679748       5.147002       6.452784       1.000000     541.499386       0.000000            0
# Jump frustrated.
       337       168.5000       1       1       7.564457       3.106191      10.670649       5.147003       6.054319       1.000000     541.499386       0.000000            0
       338       169.0000       1       1       8.359164       2.263932      10.623095       5.147003       4.490718       1.000000     541.499386       0.000000            0
# Jump frustrated.
       339       169.5000       1       1       8.870370       1.736196      10.606566       5.147003       2.941439       1.000000     541.499386       0.000000            1
# Jump frustrated.
       340       170.0000       1       1       8.747460       1.873632      10.621092       5.147004       2.761949       1.000000     541.499386       0.000000            0
       341       170.5000       1       1       8.097833       2.544408      10.642241       5.147004       3.396777       1.000000     541.499386       0.000000            0
# Jump frustrated.
       342       171.0000       1       1       7.191530       3.469087      10.660617       5.147004       4.098874       1.000000     541.499386       0.000000            0
# Jump frustrated.
       343       171.5000       1       1       6.294757       4.376535      10.671292       5.147005       4.457866       1.000000     541.499386       0.000000            0
       344       172.0000       1       1       5.588598       5.091531      10.680129       5.147006       4.510767       1.000000     541.499386       0.000000            0
# Jump frustrated.
       345       172.5000       1       1       5.131326       5.545151      10.676478       5.147006       4.256324       1.000000     541.499386       0.000000            0
       346       173.0000       1       1       4.877749       5.794071      10.671820       5.147007       3.873877       1.000000     541.499386       0.000000            0
# Jump frustrated.
       347       173.5000       1       1       4.754551       5.915521      10.670072       5.147007       3.517952       1.000000     541.499386       0.000000            0
# Jump frustrated.
       348       174.0000       1       1       4.722439       5.948323      10.670762       5.147006       3.279695       1.000000     541.499386       0.000000            1
# Jump frustrated.
       349       174.5000       1       1       4.781382       5.891231      10.672613       5.147005       3.173375       1.000000     541.499386       0.000000            0
# Jump frustrated.
       350       175.0000       1       1       4.951439       5.722239      10.673678       5.147004       3.155082       1.000000     541.499386       0.000000            0
       351       175.5000       1       1       5.240839       5.428476      10.669315       5.147004       3.095876       1.000000     541.499386       0.000000            0
       352       176.0000       1       1       5.625927       5.040668      10.666594       5.147005       2.993619       1.000000     541.499386       0.000000            0
# Jump frustrated.
       353       176.5000       1       1       6.061189       4.599712      10.660900       5.147005       2.863928       1.000000     541.499386       0.000000            0
# Jump frustrated.
       354       177.0000       1       1       6.477609       4.176610      10.654219       5.147006       2.780166       1.000000     541.499386       0.000000            0
# Jump frustrated.
       355       177.5000       1       1       6.813879       3.840910      10.654789       5.147005       3.074737       1.000000     541.499386       0.000000            0
       356       178.0000       1       1       7.106542       3.558358      10.664900       5.147004       3.692039       1.000000     541.499386       0.000000            0
       357       178.5000       1       1       7.482723       3.181760      10.664483       5.147004       3.902922       1.000000     541.499386       0.000000            0
# Jump frustrated.
       358       179.0000       1       1       7.902011       2.732292      10.634303       5.147004       3.301938       1.000000     541.499386       0.000000            1
# Jump frustrated.
       359       179.5000       1       1       8.020739       2.589251      10.609990       5.147004       3.010438       1.000000     541.499386       0.000000            0
# Jump frustrated.
       360       180.0000       1       1       7.573949       3.051798      10.625747       5.147004       4.193298       1.000000     541.499386       0.000000            0
# Jump frustrated.
       361       180.5000       1       1       6.818495       3.854820      10.673315       5.147005       5.598232       1.000000     541.499386       0.000000            0
       362       181.0000       1       1       6.327070       4.351622      10.678692       5.147005       5.529592       1.000000     541.499386       0.000000            0
# Jump frustrated.
       363       181.5000       1       1       6.212965       4.437156      10.650121       5.147004       4.305766       1.000000     541.499386       0.000000            0
# Jump frustrated.
       364       182.0000       1       1       6.151267       4.494040      10.645307       5.147004       3.307504       1.000000     541.499386       0.000000            0
# Jump frustrated.
       365       182.5000       1       1       5.985489       4.671751      10.657240       5.147004       3.079097       1.000000     541.499386       0.000000            0
# Jump frustrated.
       366       183.0000       1       1       5.800134       4.864410      10.664543       5.147004       3.015038       1.000000     541.499386       0.000000            0
# Jump frustrated.
       367       183.5000       1       1       5.675197       4.991050      10.666247       5.147004       2.864351       1.000000     541.499386       0.000000            1
# Jump frustrated.
       368       184.0000       1       1       5.615333       5.049802      10.665135       5.147004       2.739640       1.000000     541.499386       0.000000            0
# Jump frustrated.
       369       184.5000       1       1       5.597162       5.067864      10.665026       5.147004       2.750241       1.000000     541.499386       0.000000            0
# Jump frustrated.
       370       185.0000       1       1       5.609798       5.056653      10.666452       5.147004       2.874172       1.000000     541.499386       0.000000            0
       371       185.5000       1       1       5.657480       5.009111      10.666591       5.147004       3.062020       1.000000     541.499386       0.000000            0
# Jump frustrated.
       372       186.0000       1       1       5.748616       4.919218      10.667833       5.147006       3.260672       1.000000     541.499386       0.000000            0
       373       186.5000       1       1       5.895198       4.772440      10.667638       5.147006       3.390483       1.000000     541.499386       0.000000            0
# Jump frustrated.
       374       187.0000       1       1       6.093980       4.571062      10.665042       5.147005       3.443231       1.000000     541.499386       0.000000            0
       375       187.5000       1       1       6.309690       4.350169      10.659859       5.147005       3.409882       1.000000     541.499386       0.000000            0
       376       188.0000       1       1       6.484014       4.172665      10.656679       5.147005       3.348440       1.000000     541.499386       0.000000            1
# Jump frustrated.
       377       188.5000       1       1       6.578419       4.078619      10.657039       5.147005       3.391380       1.000000     541.499386       0.000000            0
       378       189.0000       1       1       6.619210       4.044987      10.664198       5.147005       3.716876       1.000000     541.499386       0.000000            0
# Jump frustrated.
       379       189.5000       1       1       6.745822       3.938070      10.683892       5.147005       4.278106       1.000000     541.499386       0.000000            0
# Jump frustrated.
       380       190.0000       1       1       7.129347       3.546524      10.675871       5.147005       4.679081       1.000000     541.499386       0.000000            0
# Jump frustrated.
       381       190.5000       1       1       7.744423       2.917892      10.662315       5.147007       4.253202       1.000000     541.499386       0.000000            0
# Jump frustrated.
       382       191.0000       1       1       8.371892       2.266423      10.638315       5.147007       3.395059       1.000000     541.499386       0.000000            0
       383       191.5000       1       1       8.726682       1.895846      10.622527       5.147008       2.868277       1.000000     541.499386       0.000000            0
# Jump frustrated.
       384       192.0000       1       1       8.582968       2.037018      10.619986       5.147009       2.828274       1.000000     541.499386       0.000000            0
# Jump frustrated.
       385       192.5000       1       1       7.914855       2.716721      10.631577       5.147009       3.360029       1.000000     541.499386       0.000000            0
# Jump frustrated.
       386       193.0000       1       1       6.942590       3.724235      10.666826       5.147009       4.400905       1.000000     541.499386       0.000000            1
# Jump frustrated.
       387       193.5000       1       1       6.134352       4.562342      10.696695       5.147008       5.097458       1.000000     541.499386       0.000000            0
# Jump frustrated.
       388       194.0000       1       1       5.832818       4.845933      10.678751       5.147009       4.605997       1.000000     541.499386       0.000000            0
# Jump frustrated.
       389       194.5000       1       1       5.852580       4.800052      10.652632       5.147009       3.553757       1.000000     541.499386       0.000000            0
# Jump frustrated.
       390       195.0000       1       1       5.841186       4.810224      10.651410       5.147008       2.942291       1.000000     541.499386       0.000000            0
# Jump frustrated.
       391       195.5000       1       1       5.689132       4.967798      10.656930       5.147008       2.824757       1.000000     541.499386       0.000000            0
# Jump frustrated.
       392       196.0000       1       1       5.452937       5.211943      10.664880       5.147009       2.920025       1.000000     541.499386       0.000000            0
       393       196.5000       1       1       5.234255       5.438234      10.672489       5.147009       3.027260       1.000000     541.499386       0.000000            0
# Jump frustrated.
       394       197.0000       1       1       5.124236       5.550756      10.674992       5.147009       3.062053       1.000000     541.499386       0.000000            0
       395       197.5000       1       1       5.165685       5.509443      10.675128       5.147009       3.030103       1.000000     541.499386       0.000000            0
# Jump frustrated.
       396       198.0000       1       1       5.361520       5.312009      10.673529       5.147010       2.920909       1.000000     541.499386       0.000000            1
       397       198.5000       1       1       5.691500       4.979631      10.671132       5.147010       2.748061       1.000000     541.499386       0.000000            0
       398       199.0000       1       1       6.112303       4.553208      10.665510       5.147010       2.528000       1.000000     541.499386       0.000000            0
# Jump frustrated.
       399       199.5000       1       1       6.551726       4.107684      10.659411       5.147010       2.300597       1.000000     541.499386       0.000000            0
# Jump frustrated.
       400       200.0000       1       1       6.910781       3.739598      10.650380       5.147010       2.200249       1.000000     541.499386       0.000000            0
