#===============================================================================================================================================================================
#     Step |         Time |         State |                                     Energy |      Angular |     Gradient |      Density |           Expectation Value |    Runtime |
#          |              |  diag |   MCH |          kin |          pot |          tot |     Momentum |          RMS |        Total |           DM |            S |            |
#          |         [fs] |       |       |         [eV] |         [eV] |         [eV] |       [hbar] |     [eV/Ang] |              |      [Debye] |              |      [sec] |
#===============================================================================================================================================================================
         0         0.0000       2       2       0.116375       9.964469      10.080843       0.000205       2.196942       1.000000     541.499386       0.000000            2
         1         0.5000       2       2       0.134352       9.946407      10.080759       0.000205       2.104556       1.000000     541.499386       0.000000            1
# Jump frustrated.
         2         1.0000       2       2       0.186677       9.893467      10.080144       0.000205       1.950359       1.000000     541.499386       0.000000            1
         3         1.5000       2       2       0.264237       9.814784      10.079021       0.000205       1.742522       1.000000     541.499386       0.000000            0
         4         2.0000       2       2       0.351198       9.726552      10.077750       0.000205       1.491215       1.000000     541.499386       0.000000            0
         5         2.5000       2       2       0.429272       9.647454      10.076726       0.000205       1.222903       1.000000     541.499386       0.000000            0
# Surface Hop/Pointer State Switch: new state=      1 old state=      2 randnum=  0.005604217 gap= -9.439655 eV
         6         3.0000       1       1       9.922905       0.153820      10.076726       3.895140       1.168494       1.000000     541.499386       0.000000            0
         7         3.5000       1       1       9.492087       0.593116      10.085202       3.895140       2.190693       1.000000     541.499386       0.000000            0
         8         4.0000       1       1       8.538651       1.571357      10.110008       3.895140       3.832118       1.000000     541.499386       0.000000            1
# Jump frustrated.
         9         4.5000       1       1       7.414757       2.725233      10.139990       3.895140       5.201299       1.000000     541.499386       0.000000            0
        10         5.0000       1       1       6.559374       3.591782      10.151156       3.895139       5.561246       1.000000     541.499386       0.000000            0
# Jump frustrated.
        11         5.5000       1       1       6.120545       4.011355      10.131900       3.895139       4.797901       1.000000     541.499386       0.000000            0
# Jump frustrated.
        12         6.0000       1       1       5.867418       4.249064      10.116482       3.895140       3.758345       1.000000     541.499386       0.000000            0
        13         6.5000       1       1       5.560872       4.556737      10.117609       3.895140       3.175036       1.000000     541.499386       0.000000            0
# Jump frustrated.
        14         7.0000       1       1       5.161362       4.963023      10.124384       3.895140       3.111542       1.000000     541.499386       0.000000            0
# Jump frustrated.
        15         7.5000       1       1       4.735287       5.394636      10.129924       3.895140       3.292557       1.000000     541.499386       0.000000            0
# Jump frustrated.
        16         8.0000       1       1       4.364552       5.769781      10.134334       3.895139       3.447889       1.000000     541.499386       0.000000            0
# Jump frustrated.
        17         8.5000       1       1       4.124901       6.014134      10.139035       3.895138       3.452828       1.000000     541.499386       0.000000            0
# Jump frustrated.
        18         9.0000       1       1       4.057859       6.080153      10.138012       3.895138       3.335806       1.000000     541.499386       0.000000            1
        19         9.5000       1       1       4.145616       5.988183      10.133799       3.895138       3.217829       1.000000     541.499386       0.000000            0
# Jump frustrated.
        20        10.0000       1       1       4.337051       5.794279      10.131330       3.895138       3.206548       1.000000     541.499386       0.000000            0
# Jump frustrated.
        21        10.5000       1       1       4.597975       5.532487      10.130462       3.895138       3.337175       1.000000     541.499386       0.000000            0
# Jump frustrated.
        22        11.0000       1       1       4.921932       5.207583      10.129515       3.895138       3.500685       1.000000     541.499386       0.000000            0
        23        11.5000       1       1       5.292964       4.830570      10.123534       3.895138       3.622853       1.000000     541.499386       0.000000            0
# Jump frustrated.
        24        12.0000       1       1       5.668149       4.453349      10.121498       3.895138       3.802326       1.000000     541.499386       0.000000            0
# Jump frustrated.
        25        12.5000       1       1       6.050253       4.076959      10.127212       3.895137       4.099366       1.000000     541.499386       0.000000            0
# Jump frustrated.
        26        13.0000       1       1       6.532180       3.600502      10.132682       3.895136       4.250422       1.000000     541.499386       0.000000            0
# Jump frustrated.
        27        13.5000       1       1       7.157645       2.959829      10.117473       3.895136       3.796499       1.000000     541.499386       0.000000            0
# Jump frustrated.
        28        14.0000       1       1       7.729794       2.366074      10.095869       3.895136       2.747591       1.000000     541.499386       0.000000            1
# Jump frustrated.
        29        14.5000       1       1       7.937949       2.145389      10.083337       3.895136       1.995714       1.000000     541.499386       0.000000            0
        30        15.0000       1       1       7.636179       2.455968      10.092147       3.895136       2.572145       1.000000     541.499386       0.000000            0
        31        15.5000       1       1       6.981889       3.140446      10.122335       3.895137       3.986306       1.000000     541.499386       0.000000            0
# Jump frustrated.
        32        16.0000       1       1       6.438666       3.713855      10.152521       3.895137       4.786697       1.000000     541.499386       0.000000            0
        33        16.5000       1       1       6.360676       3.778421      10.139096       3.895137       4.423681       1.000000     541.499386       0.000000            0
# Jump frustrated.
        34        17.0000       1       1       6.583171       3.527424      10.110596       3.895137       3.695611       1.000000     541.499386       0.000000            0
        35        17.5000       1       1       6.738400       3.370682      10.109082       3.895137       3.736172       1.000000     541.499386       0.000000            0
# Jump frustrated.
        36        18.0000       1       1       6.710536       3.406390      10.116926       3.895137       4.250693       1.000000     541.499386       0.000000            0
        37        18.5000       1       1       6.571405       3.552752      10.124157       3.895137       4.753713       1.000000     541.499386       0.000000            0
# Jump frustrated.
        38        19.0000       1       1       6.422551       3.708042      10.130593       3.895137       5.069570       1.000000     541.499386       0.000000            1
# Jump frustrated.
        39        19.5000       1       1       6.342861       3.790047      10.132907       3.895137       5.201944       1.000000     541.499386       0.000000            0
# Jump frustrated.
        40        20.0000       1       1       6.376523       3.753923      10.130446       3.895137       4.997020       1.000000     541.499386       0.000000            0
        41        20.5000       1       1       6.498301       3.628529      10.126829       3.895137       4.630059       1.000000     541.499386       0.000000            0
        42        21.0000       1       1       6.651184       3.469710      10.120894       3.895137       3.993634       1.000000     541.499386       0.000000            0
# Jump frustrated.
        43        21.5000       1       1       6.776614       3.343485      10.120099       3.895138       3.270550       1.000000     541.499386       0.000000            0
# Jump frustrated.
        44        22.0000       1       1       6.809957       3.305286      10.115242       3.895138       2.777076       1.000000     541.499386       0.000000            0
        45        22.5000       1       1       6.706663       3.407636      10.114298       3.895138       2.744725       1.000000     541.499386       0.000000            0
# Jump frustrated.
        46        23.0000       1       1       6.491869       3.634134      10.126003       3.895138       3.361491       1.000000     541.499386       0.000000            0
# Jump frustrated.
        47        23.5000       1       1       6.316113       3.823264      10.139376       3.895138       4.093755       1.000000     541.499386       0.000000            0
# Jump frustrated.
        48        24.0000       1       1       6.352131       3.786932      10.139064       3.895139       4.291286       1.000000     541.499386       0.000000            1
# Jump frustrated.
        49        24.5000       1       1       6.592967       3.531369      10.124336       3.895140       3.875168       1.000000     541.499386       0.000000            0
# Jump frustrated.
        50        25.0000       1       1       6.837546       3.272069      10.109615       3.895140       3.236339       1.000000     541.499386       0.000000            0
# Jump frustrated.
        51        25.5000       1       1       6.872188       3.231170      10.103359       3.895139       2.828430       1.000000     541.499386       0.000000            0
# Jump frustrated.
        52        26.0000       1       1       6.592954       3.512269      10.105223       3.895139       2.944924       1.000000     541.499386       0.000000            0
        53        26.5000       1       1       6.037882       4.080696      10.118577       3.895139       3.574214       1.000000     541.499386       0.000000            0
# Jump frustrated.
        54        27.0000       1       1       5.408546       4.731126      10.139672       3.895139       4.294591       1.000000     541.499386       0.000000            0
# Jump frustrated.
        55        27.5000       1       1       4.977528       5.170006      10.147534       3.895139       4.438109       1.000000     541.499386       0.000000            0
        56        28.0000       1       1       4.841847       5.292494      10.134342       3.895139       3.933395       1.000000     541.499386       0.000000            0
# Jump frustrated.
        57        28.5000       1       1       4.855738       5.266751      10.122489       3.895139       3.279684       1.000000     541.499386       0.000000            1
# Jump frustrated.
        58        29.0000       1       1       4.852015       5.269450      10.121465       3.895139       2.980063       1.000000     541.499386       0.000000            0
# Jump frustrated.
        59        29.5000       1       1       4.788603       5.336922      10.125525       3.895139       3.057412       1.000000     541.499386       0.000000            0
# Jump frustrated.
        60        30.0000       1       1       4.711805       5.418926      10.130732       3.895139       3.307034       1.000000     541.499386       0.000000            0
# Jump frustrated.
        61        30.5000       1       1       4.693142       5.442178      10.135320       3.895139       3.551592       1.000000     541.499386       0.000000            0
# Jump frustrated.
        62        31.0000       1       1       4.790678       5.346472      10.137150       3.895140       3.733161       1.000000     541.499386       0.000000            0
        63        31.5000       1       1       5.032252       5.104818      10.137070       3.895140       3.861709       1.000000     541.499386       0.000000            0
        64        32.0000       1       1       5.415436       4.719293      10.134729       3.895140       3.915717       1.000000     541.499386       0.000000            0
# Jump frustrated.
        65        32.5000       1       1       5.907617       4.223529      10.131146       3.895139       3.882133       1.000000     541.499386       0.000000            0
# Jump frustrated.
        66        33.0000       1       1       6.454666       3.672126      10.126792       3.895139       3.745445       1.000000     541.499386       0.000000            0
        67        33.5000       1       1       7.000282       3.122800      10.123082       3.895139       3.578142       1.000000     541.499386       0.000000            1
# Jump frustrated.
        68        34.0000       1       1       7.487783       2.633056      10.120839       3.895138       3.314330       1.000000     541.499386       0.000000            0
# Jump frustrated.
        69        34.5000       1       1       7.882250       2.239642      10.121892       3.895139       3.102064       1.000000     541.499386       0.000000            0
# Jump frustrated.
        70        35.0000       1       1       8.196865       1.926779      10.123644       3.895139       2.870762       1.000000     541.499386       0.000000            0
# Jump frustrated.
        71        35.5000       1       1       8.444066       1.677651      10.121718       3.895138       2.495519       1.000000     541.499386       0.000000            0
        72        36.0000       1       1       8.591882       1.525476      10.117358       3.895137       2.049139       1.000000     541.499386       0.000000            0
        73        36.5000       1       1       8.580944       1.534403      10.115347       3.895137       1.868946       1.000000     541.499386       0.000000            0
# Jump frustrated.
        74        37.0000       1       1       8.380085       1.736612      10.116696       3.895137       2.119994       1.000000     541.499386       0.000000            0
# Jump frustrated.
        75        37.5000       1       1       8.005895       2.113832      10.119727       3.895138       2.601272       1.000000     541.499386       0.000000            0
        76        38.0000       1       1       7.496600       2.625375      10.121975       3.895138       3.228849       1.000000     541.499386       0.000000            1
        77        38.5000       1       1       6.901705       3.225357      10.127062       3.895137       3.739526       1.000000     541.499386       0.000000            0
# Jump frustrated.
        78        39.0000       1       1       6.302538       3.829907      10.132445       3.895137       3.925196       1.000000     541.499386       0.000000            0
# Jump frustrated.
        79        39.5000       1       1       5.767082       4.366570      10.133651       3.895137       4.092508       1.000000     541.499386       0.000000            0
# Jump frustrated.
        80        40.0000       1       1       5.324971       4.809602      10.134573       3.895137       4.261849       1.000000     541.499386       0.000000            0
        81        40.5000       1       1       5.003524       5.133675      10.137200       3.895137       4.327911       1.000000     541.499386       0.000000            0
        82        41.0000       1       1       4.824135       5.312632      10.136767       3.895137       4.283588       1.000000     541.499386       0.000000            0
# Jump frustrated.
        83        41.5000       1       1       4.790418       5.346057      10.136475       3.895137       4.156663       1.000000     541.499386       0.000000            0
# Jump frustrated.
        84        42.0000       1       1       4.902682       5.234157      10.136838       3.895137       3.981628       1.000000     541.499386       0.000000            0
# Jump frustrated.
        85        42.5000       1       1       5.154669       4.978801      10.133470       3.895137       3.758626       1.000000     541.499386       0.000000            1
        86        43.0000       1       1       5.508742       4.619849      10.128591       3.895137       3.441816       1.000000     541.499386       0.000000            0
# Jump frustrated.
        87        43.5000       1       1       5.896324       4.226228      10.122552       3.895138       2.964655       1.000000     541.499386       0.000000            0
# Jump frustrated.
        88        44.0000       1       1       6.224397       3.890736      10.115132       3.895138       2.447909       1.000000     541.499386       0.000000            0
        89        44.5000       1       1       6.385682       3.722159      10.107841       3.895138       2.235964       1.000000     541.499386       0.000000            0
# Jump frustrated.
        90        45.0000       1       1       6.293467       3.812883      10.106350       3.895138       2.826279       1.000000     541.499386       0.000000            0
        91        45.5000       1       1       5.963819       4.154811      10.118630       3.895138       4.104534       1.000000     541.499386       0.000000            0
# Jump frustrated.
        92        46.0000       1       1       5.607519       4.535561      10.143080       3.895137       5.360312       1.000000     541.499386       0.000000            0
# Jump frustrated.
        93        46.5000       1       1       5.542919       4.608639      10.151557       3.895136       5.821163       1.000000     541.499386       0.000000            0
        94        47.0000       1       1       5.872410       4.259445      10.131854       3.895135       5.205592       1.000000     541.499386       0.000000            0
        95        47.5000       1       1       6.356013       3.754546      10.110559       3.895135       4.061874       1.000000     541.499386       0.000000            1
        96        48.0000       1       1       6.691606       3.412411      10.104016       3.895135       3.030244       1.000000     541.499386       0.000000            0
# Jump frustrated.
        97        48.5000       1       1       6.757951       3.352412      10.110363       3.895135       2.484684       1.000000     541.499386       0.000000            0
# Jump frustrated.
        98        49.0000       1       1       6.610608       3.509155      10.119763       3.895135       2.353577       1.000000     541.499386       0.000000            0
        99        49.5000       1       1       6.360503       3.765134      10.125637       3.895135       2.408913       1.000000     541.499386       0.000000            0
# Jump frustrated.
       100        50.0000       1       1       6.097627       4.032323      10.129951       3.895134       2.575859       1.000000     541.499386       0.000000            0
# Jump frustrated.
       101        50.5000       1       1       5.890453       4.243667      10.134120       3.895133       2.817666       1.000000     541.499386       0.000000            0
# Jump frustrated.
       102        51.0000       1       1       5.797284       4.339373      10.136657       3.895133       3.036056       1.000000     541.499386       0.000000            0
# Jump frustrated.
       103        51.5000       1       1       5.854106       4.281866      10.135972       3.895133       3.125210       1.000000     541.499386       0.000000            0
# Jump frustrated.
       104        52.0000       1       1       6.048762       4.082564      10.131326       3.895134       3.045583       1.000000     541.499386       0.000000            1
       105        52.5000       1       1       6.326038       3.802088      10.128126       3.895134       2.891275       1.000000     541.499386       0.000000            0
       106        53.0000       1       1       6.628733       3.496906      10.125639       3.895134       2.755914       1.000000     541.499386       0.000000            0
       107        53.5000       1       1       6.919034       3.205219      10.124253       3.895135       2.686079       1.000000     541.499386       0.000000            0
       108        54.0000       1       1       7.169339       2.951732      10.121071       3.895134       2.633053       1.000000     541.499386       0.000000            0
       109        54.5000       1       1       7.342953       2.775059      10.118012       3.895134       2.603421       1.000000     541.499386       0.000000            0
       110        55.0000       1       1       7.392759       2.719213      10.111972       3.895134       2.662186       1.000000     541.499386       0.000000            0
       111        55.5000       1       1       7.226205       2.875956      10.102160       3.895134       3.000419       1.000000     541.499386       0.000000            0
# Jump frustrated.
       112        56.0000       1       1       6.800687       3.312137      10.112824       3.895135       3.834805       1.000000     541.499386       0.000000            0
       113        56.5000       1       1       6.302117       3.829699      10.131817       3.895135       4.533460       1.000000     541.499386       0.000000            0
# Jump frustrated.
       114        57.0000       1       1       6.000441       4.136749      10.137190       3.895136       4.650919       1.000000     541.499386       0.000000            1
       115        57.5000       1       1       6.010715       4.124916      10.135631       3.895137       4.483414       1.000000     541.499386       0.000000            0
# Jump frustrated.
       116        58.0000       1       1       6.313051       3.816413      10.129463       3.895137       4.162202       1.000000     541.499386       0.000000            0
# Jump frustrated.
       117        58.5000       1       1       6.779461       3.334973      10.114435       3.895136       3.476711       1.000000     541.499386       0.000000            0
       118        59.0000       1       1       7.167537       2.934708      10.102246       3.895136       2.787125       1.000000     541.499386       0.000000            0
# Jump frustrated.
       119        59.5000       1       1       7.280277       2.824262      10.104539       3.895135       2.599638       1.000000     541.499386       0.000000            0
# Jump frustrated.
       120        60.0000       1       1       7.093469       3.018166      10.111635       3.895136       2.734846       1.000000     541.499386       0.000000            0
# Jump frustrated.
       121        60.5000       1       1       6.677691       3.438154      10.115844       3.895136       2.869687       1.000000     541.499386       0.000000            0
# Jump frustrated.
       122        61.0000       1       1       6.098461       4.020490      10.118951       3.895136       2.972417       1.000000     541.499386       0.000000            0
# Jump frustrated.
       123        61.5000       1       1       5.410368       4.715348      10.125717       3.895136       3.176520       1.000000     541.499386       0.000000            1
# Jump frustrated.
       124        62.0000       1       1       4.693063       5.439479      10.132543       3.895135       3.544077       1.000000     541.499386       0.000000            0
# Jump frustrated.
       125        62.5000       1       1       4.079148       6.064790      10.143938       3.895136       4.017422       1.000000     541.499386       0.000000            0
       126        63.0000       1       1       3.742283       6.409001      10.151285       3.895136       4.191676       1.000000     541.499386       0.000000            0
       127        63.5000       1       1       3.775686       6.368933      10.144620       3.895136       3.853720       1.000000     541.499386       0.000000            0
# Jump frustrated.
       128        64.0000       1       1       4.090958       6.042161      10.133118       3.895137       3.302192       1.000000     541.499386       0.000000            0
# Jump frustrated.
       129        64.5000       1       1       4.519646       5.608056      10.127702       3.895138       3.038912       1.000000     541.499386       0.000000            0
# Jump frustrated.
       130        65.0000       1       1       4.959861       5.168345      10.128207       3.895138       3.203909       1.000000     541.499386       0.000000            0
# Jump frustrated.
       131        65.5000       1       1       5.400395       4.730088      10.130484       3.895137       3.542567       1.000000     541.499386       0.000000            0
       132        66.0000       1       1       5.866084       4.263804      10.129888       3.895137       3.797884       1.000000     541.499386       0.000000            0
       133        66.5000       1       1       6.347583       3.777383      10.124965       3.895137       3.789725       1.000000     541.499386       0.000000            1
       134        67.0000       1       1       6.765507       3.347430      10.112937       3.895137       3.598434       1.000000     541.499386       0.000000            0
# Jump frustrated.
       135        67.5000       1       1       6.971239       3.126744      10.097983       3.895136       3.409371       1.000000     541.499386       0.000000            0
# Jump frustrated.
       136        68.0000       1       1       6.823208       3.274560      10.097767       3.895137       3.857489       1.000000     541.499386       0.000000            0
# Jump frustrated.
       137        68.5000       1       1       6.424279       3.705343      10.129622       3.895136       5.030185       1.000000     541.499386       0.000000            0
# Jump frustrated.
       138        69.0000       1       1       6.219631       3.933503      10.153134       3.895135       5.667615       1.000000     541.499386       0.000000            0
       139        69.5000       1       1       6.517213       3.617733      10.134946       3.895136       5.362389       1.000000     541.499386       0.000000            0
# Jump frustrated.
       140        70.0000       1       1       7.119086       2.986402      10.105488       3.895136       4.413282       1.000000     541.499386       0.000000            0
# Jump frustrated.
       141        70.5000       1       1       7.622762       2.476106      10.098868       3.895136       3.688572       1.000000     541.499386       0.000000            0
# Jump frustrated.
       142        71.0000       1       1       7.831182       2.271613      10.102795       3.895136       3.352297       1.000000     541.499386       0.000000            1
# Jump frustrated.
       143        71.5000       1       1       7.739900       2.368773      10.108673       3.895136       3.212511       1.000000     541.499386       0.000000            0
       144        72.0000       1       1       7.417257       2.699283      10.116539       3.895135       3.171668       1.000000     541.499386       0.000000            0
       145        72.5000       1       1       6.959849       3.163906      10.123754       3.895136       3.216869       1.000000     541.499386       0.000000            0
# Jump frustrated.
       146        73.0000       1       1       6.470088       3.659255      10.129342       3.895137       3.238551       1.000000     541.499386       0.000000            0
# Jump frustrated.
       147        73.5000       1       1       6.026716       4.106023      10.132739       3.895137       3.261177       1.000000     541.499386       0.000000            0
# Jump frustrated.
       148        74.0000       1       1       5.672804       4.460615      10.133419       3.895136       3.237142       1.000000     541.499386       0.000000            0
# Jump frustrated.
       149        74.5000       1       1       5.419066       4.713687      10.132754       3.895136       3.188160       1.000000     541.499386       0.000000            0
       150        75.0000       1       1       5.263734       4.869392      10.133126       3.895136       3.164218       1.000000     541.499386       0.000000            0
       151        75.5000       1       1       5.209875       4.923370      10.133245       3.895137       3.214118       1.000000     541.499386       0.000000            1
# Jump frustrated.
       152        76.0000       1       1       5.267577       4.867109      10.134686       3.895138       3.395348       1.000000     541.499386       0.000000            0
# Jump frustrated.
       153        76.5000       1       1       5.462339       4.674450      10.136789       3.895139       3.657118       1.000000     541.499386       0.000000            0
       154        77.0000       1       1       5.822881       4.313215      10.136096       3.895140       3.831468       1.000000     541.499386       0.000000            0
       155        77.5000       1       1       6.331899       3.797105      10.129004       3.895140       3.828817       1.000000     541.499386       0.000000            0
# Jump frustrated.
       156        78.0000       1       1       6.893815       3.226395      10.120210       3.895140       3.745405       1.000000     541.499386       0.000000            0
# Jump frustrated.
       157        78.5000       1       1       7.373256       2.739766      10.113021       3.895139       3.808477       1.000000     541.499386       0.000000            0
# Jump frustrated.
       158        79.0000       1       1       7.664389       2.446210      10.110599       3.895139       4.025775       1.000000     541.499386       0.000000            0
       159        79.5000       1       1       7.756704       2.363791      10.120495       3.895140       4.302575       1.000000     541.499386       0.000000            0
       160        80.0000       1       1       7.762286       2.367320      10.129606       3.895140       4.232652       1.000000     541.499386       0.000000            0
# Jump frustrated.
       161        80.5000       1       1       7.764623       2.359638      10.124262       3.895140       3.694119       1.000000     541.499386       0.000000            1
       162        81.0000       1       1       7.708078       2.409049      10.117127       3.895140       2.971443       1.000000     541.499386       0.000000            0
       163        81.5000       1       1       7.501562       2.614372      10.115934       3.895141       2.431118       1.000000     541.499386       0.000000            0
       164        82.0000       1       1       7.121617       2.997198      10.118814       3.895141       2.237579       1.000000     541.499386       0.000000            0
# Jump frustrated.
       165        82.5000       1       1       6.606941       3.518705      10.125646       3.895141       2.368173       1.000000     541.499386       0.000000            0
# Jump frustrated.
       166        83.0000       1       1       6.039031       4.091699      10.130730       3.895142       2.562575       1.000000     541.499386       0.000000            0
# Jump frustrated.
       167        83.5000       1       1       5.482091       4.650990      10.133081       3.895142       2.859399       1.000000     541.499386       0.000000            0
       168        84.0000       1       1       4.986407       5.149868      10.136275       3.895143       3.067613       1.000000     541.499386       0.000000            0
       169        84.5000       1       1       4.599397       5.538300      10.137697       3.895143       3.228383       1.000000     541.499386       0.000000            0
       170        85.0000       1       1       4.337701       5.798223      10.135924       3.895143       3.348937       1.000000     541.499386       0.000000            0
       171        85.5000       1       1       4.186988       5.946662      10.133650       3.895144       3.541570       1.000000     541.499386       0.000000            0
       172        86.0000       1       1       4.124222       6.008944      10.133166       3.895145       3.824943       1.000000     541.499386       0.000000            0
# Jump frustrated.
       173        86.5000       1       1       4.152966       5.983201      10.136167       3.895146       4.155382       1.000000     541.499386       0.000000            1
# Jump frustrated.
       174        87.0000       1       1       4.320724       5.819607      10.140331       3.895145       4.406484       1.000000     541.499386       0.000000            0
       175        87.5000       1       1       4.683586       5.457126      10.140711       3.895144       4.464723       1.000000     541.499386       0.000000            0
# Jump frustrated.
       176        88.0000       1       1       5.246391       4.889530      10.135921       3.895144       4.294922       1.000000     541.499386       0.000000            0
# Jump frustrated.
       177        88.5000       1       1       5.946148       4.181800      10.127948       3.895144       3.968491       1.000000     541.499386       0.000000            0
# Jump frustrated.
       178        89.0000       1       1       6.664365       3.452479      10.116844       3.895145       3.501296       1.000000     541.499386       0.000000            0
       179        89.5000       1       1       7.276169       2.840662      10.116832       3.895145       3.230310       1.000000     541.499386       0.000000            0
# Jump frustrated.
       180        90.0000       1       1       7.728756       2.387250      10.116006       3.895145       3.280614       1.000000     541.499386       0.000000            0
# Jump frustrated.
       181        90.5000       1       1       8.027128       2.094940      10.122068       3.895146       3.181191       1.000000     541.499386       0.000000            1
       182        91.0000       1       1       8.200284       1.920136      10.120419       3.895146       3.199786       1.000000     541.499386       0.000000            0
# Jump frustrated.
       183        91.5000       1       1       8.252050       1.866781      10.118831       3.895146       3.256510       1.000000     541.499386       0.000000            0
# Jump frustrated.
       184        92.0000       1       1       8.177510       1.944841      10.122351       3.895146       3.365381       1.000000     541.499386       0.000000            0
# Jump frustrated.
       185        92.5000       1       1       7.996157       2.124836      10.120993       3.895146       3.282533       1.000000     541.499386       0.000000            0
# Jump frustrated.
       186        93.0000       1       1       7.693759       2.425450      10.119208       3.895146       3.099607       1.000000     541.499386       0.000000            0
# Jump frustrated.
       187        93.5000       1       1       7.254460       2.866613      10.121073       3.895146       3.038613       1.000000     541.499386       0.000000            0
# Jump frustrated.
       188        94.0000       1       1       6.735467       3.395387      10.130854       3.895146       2.937896       1.000000     541.499386       0.000000            0
# Jump frustrated.
       189        94.5000       1       1       6.230060       3.904022      10.134083       3.895146       2.944415       1.000000     541.499386       0.000000            1
       190        95.0000       1       1       5.806745       4.331276      10.138022       3.895145       3.022892       1.000000     541.499386       0.000000            0
# Jump frustrated.
       191        95.5000       1       1       5.518722       4.621095      10.139817       3.895144       3.051907       1.000000     541.499386       0.000000            0
# Jump frustrated.
       192        96.0000       1       1       5.391486       4.748150      10.139636       3.895144       3.070213       1.000000     541.499386       0.000000            0
       193        96.5000       1       1       5.423161       4.715348      10.138510       3.895145       3.086829       1.000000     541.499386       0.000000            0
# Jump frustrated.
       194        97.0000       1       1       5.599237       4.537845      10.137081       3.895144       3.115855       1.000000     541.499386       0.000000            0
       195        97.5000       1       1       5.894821       4.239099      10.133921       3.895143       3.141221       1.000000     541.499386       0.000000            0
# Jump frustrated.
       196        98.0000       1       1       6.252776       3.872882      10.125657       3.895143       3.159803       1.000000     541.499386       0.000000            0
       197        98.5000       1       1       6.574416       3.543825      10.118242       3.895144       3.260239       1.000000     541.499386       0.000000            1
       198        99.0000       1       1       6.759394       3.354281      10.113674       3.895144       3.637163       1.000000     541.499386       0.000000            0
# Jump frustrated.
       199        99.5000       1       1       6.770393       3.348675      10.119068       3.895145       4.304224       1.000000     541.499386       0.000000            0
       200       100.0000       1       1       6.716882       3.419054      10.135936       3.895145       4.826735       1.000000     541.499386       0.000000            0
       201       100.5000       1       1       6.774477       3.358433      10.132910       3.895144       4.652320       1.000000     541.499386       0.000000            0
       202       101.0000       1       1       6.926384       3.191310      10.117693       3.895143       3.985542       1.000000     541.499386       0.000000            0
       203       101.5000       1       1       6.992885       3.120101      10.112985       3.895143       3.385848       1.000000     541.499386       0.000000            0
# Jump frustrated.
       204       102.0000       1       1       6.881567       3.237398      10.118965       3.895143       3.053896       1.000000     541.499386       0.000000            0
# Jump frustrated.
       205       102.5000       1       1       6.623413       3.501266      10.124679       3.895143       2.895710       1.000000     541.499386       0.000000            1
# Jump frustrated.
       206       103.0000       1       1       6.276646       3.852328      10.128974       3.895144       2.846371       1.000000     541.499386       0.000000            0
# Jump frustrated.
       207       103.5000       1       1       5.889199       4.241590      10.130790       3.895143       2.896257       1.000000     541.499386       0.000000            0
# Jump frustrated.
       208       104.0000       1       1       5.491178       4.641233      10.132410       3.895143       3.050207       1.000000     541.499386       0.000000            0
       209       104.5000       1       1       5.112795       5.022606      10.135401       3.895143       3.226348       1.000000     541.499386       0.000000            0
       210       105.0000       1       1       4.796446       5.341282      10.137727       3.895143       3.332875       1.000000     541.499386       0.000000            0
       211       105.5000       1       1       4.575317       5.563213      10.138530       3.895144       3.384246       1.000000     541.499386       0.000000            0
       212       106.0000       1       1       4.462733       5.675943      10.138676       3.895144       3.432781       1.000000     541.499386       0.000000            0
# Jump frustrated.
       213       106.5000       1       1       4.464582       5.674905      10.139487       3.895145       3.519117       1.000000     541.499386       0.000000            0
# Jump frustrated.
       214       107.0000       1       1       4.595830       5.545151      10.140981       3.895144       3.634640       1.000000     541.499386       0.000000            1
# Jump frustrated.
       215       107.5000       1       1       4.872533       5.269035      10.141568       3.895145       3.715892       1.000000     541.499386       0.000000            0
       216       108.0000       1       1       5.294948       4.845518      10.140466       3.895145       3.725931       1.000000     541.499386       0.000000            0
       217       108.5000       1       1       5.842695       4.294530      10.137225       3.895145       3.666912       1.000000     541.499386       0.000000            0
       218       109.0000       1       1       6.471086       3.661123      10.132209       3.895145       3.570640       1.000000     541.499386       0.000000            0
# Jump frustrated.
       219       109.5000       1       1       7.117304       3.012976      10.130280       3.895145       3.486812       1.000000     541.499386       0.000000            0
# Jump frustrated.
       220       110.0000       1       1       7.734212       2.390779      10.124992       3.895144       3.573542       1.000000     541.499386       0.000000            0
# Jump frustrated.
       221       110.5000       1       1       8.306625       1.815502      10.122127       3.895143       3.507466       1.000000     541.499386       0.000000            0
# Jump frustrated.
       222       111.0000       1       1       8.793065       1.318908      10.111973       3.895144       2.970635       1.000000     541.499386       0.000000            0
# Jump frustrated.
       223       111.5000       1       1       9.037360       1.053379      10.090739       3.895144       2.032601       1.000000     541.499386       0.000000            1
# Jump frustrated.
       224       112.0000       1       1       8.826498       1.261608      10.088106       3.895145       2.198913       1.000000     541.499386       0.000000            0
       225       112.5000       1       1       8.177699       1.937782      10.115481       3.895145       3.890782       1.000000     541.499386       0.000000            0
# Jump frustrated.
       226       113.0000       1       1       7.473538       2.670218      10.143756       3.895146       5.060133       1.000000     541.499386       0.000000            0
# Jump frustrated.
       227       113.5000       1       1       7.072545       3.064462      10.137007       3.895146       4.893205       1.000000     541.499386       0.000000            0
# Jump frustrated.
       228       114.0000       1       1       6.912203       3.204597      10.116799       3.895145       3.942523       1.000000     541.499386       0.000000            0
       229       114.5000       1       1       6.732103       3.380024      10.112127       3.895144       3.078895       1.000000     541.499386       0.000000            0
       230       115.0000       1       1       6.390392       3.722990      10.113382       3.895144       2.692471       1.000000     541.499386       0.000000            0
# Jump frustrated.
       231       115.5000       1       1       5.892901       4.228926      10.121828       3.895144       2.714745       1.000000     541.499386       0.000000            0
# Jump frustrated.
       232       116.0000       1       1       5.326805       4.802751      10.129556       3.895144       2.839654       1.000000     541.499386       0.000000            0
       233       116.5000       1       1       4.792461       5.342942      10.135404       3.895144       2.959895       1.000000     541.499386       0.000000            1
# Jump frustrated.
       234       117.0000       1       1       4.360195       5.776632      10.136827       3.895145       3.003245       1.000000     541.499386       0.000000            0
# Jump frustrated.
       235       117.5000       1       1       4.063537       6.074547      10.138084       3.895145       3.047562       1.000000     541.499386       0.000000            0
# Jump frustrated.
       236       118.0000       1       1       3.923181       6.215927      10.139108       3.895146       3.102641       1.000000     541.499386       0.000000            0
       237       118.5000       1       1       3.961100       6.178351      10.139451       3.895146       3.188594       1.000000     541.499386       0.000000            0
       238       119.0000       1       1       4.188006       5.948530      10.136536       3.895146       3.315694       1.000000     541.499386       0.000000            0
# Jump frustrated.
       239       119.5000       1       1       4.578101       5.554493      10.132594       3.895146       3.543285       1.000000     541.499386       0.000000            0
# Jump frustrated.
       240       120.0000       1       1       5.091594       5.040875      10.132469       3.895146       3.974657       1.000000     541.499386       0.000000            0
       241       120.5000       1       1       5.761680       4.380687      10.142367       3.895146       4.477011       1.000000     541.499386       0.000000            1
       242       121.0000       1       1       6.670617       3.461406      10.132023       3.895147       4.403525       1.000000     541.499386       0.000000            0
# Jump frustrated.
       243       121.5000       1       1       7.709167       2.398253      10.107421       3.895147       3.409850       1.000000     541.499386       0.000000            0
       244       122.0000       1       1       8.528553       1.554541      10.083094       3.895147       2.307368       1.000000     541.499386       0.000000            0
# Jump frustrated.
       245       122.5000       1       1       8.808313       1.268874      10.077187       3.895147       2.443480       1.000000     541.499386       0.000000            0
       246       123.0000       1       1       8.502366       1.600007      10.102373       3.895147       3.828326       1.000000     541.499386       0.000000            0
       247       123.5000       1       1       7.944638       2.191062      10.135700       3.895147       4.970938       1.000000     541.499386       0.000000            0
# Jump frustrated.
       248       124.0000       1       1       7.568537       2.572020      10.140557       3.895146       5.122279       1.000000     541.499386       0.000000            0
# Jump frustrated.
       249       124.5000       1       1       7.455925       2.662951      10.118876       3.895145       4.528431       1.000000     541.499386       0.000000            1
# Jump frustrated.
       250       125.0000       1       1       7.343841       2.761149      10.104990       3.895144       4.095583       1.000000     541.499386       0.000000            0
       251       125.5000       1       1       7.065970       3.050137      10.116108       3.895143       3.826868       1.000000     541.499386       0.000000            0
       252       126.0000       1       1       6.656505       3.464727      10.121232       3.895142       3.617143       1.000000     541.499386       0.000000            0
# Jump frustrated.
       253       126.5000       1       1       6.197977       3.931427      10.129403       3.895141       3.563208       1.000000     541.499386       0.000000            0
# Jump frustrated.
       254       127.0000       1       1       5.784734       4.349131      10.133865       3.895140       3.533471       1.000000     541.499386       0.000000            0
       255       127.5000       1       1       5.485705       4.649952      10.135657       3.895140       3.548319       1.000000     541.499386       0.000000            0
       256       128.0000       1       1       5.330993       4.804827      10.135819       3.895141       3.600289       1.000000     541.499386       0.000000            0
# Jump frustrated.
       257       128.5000       1       1       5.325208       4.809602      10.134809       3.895142       3.627294       1.000000     541.499386       0.000000            1
       258       129.0000       1       1       5.450098       4.681301      10.131399       3.895141       3.657193       1.000000     541.499386       0.000000            0
# Jump frustrated.
       259       129.5000       1       1       5.650218       4.472656      10.122874       3.895140       3.669506       1.000000     541.499386       0.000000            0
       260       130.0000       1       1       5.837565       4.280620      10.118186       3.895140       3.802499       1.000000     541.499386       0.000000            0
       261       130.5000       1       1       5.935519       4.177025      10.112544       3.895140       4.189141       1.000000     541.499386       0.000000            0
# Jump frustrated.
       262       131.0000       1       1       5.923171       4.197370      10.120541       3.895138       5.112318       1.000000     541.499386       0.000000            0
# Jump frustrated.
       263       131.5000       1       1       5.974896       4.168305      10.143201       3.895138       6.092070       1.000000     541.499386       0.000000            0
# Jump frustrated.
       264       132.0000       1       1       6.357103       3.779874      10.136977       3.895137       6.066707       1.000000     541.499386       0.000000            0
# Jump frustrated.
       265       132.5000       1       1       6.981081       3.121139      10.102220       3.895137       5.010796       1.000000     541.499386       0.000000            0
       266       133.0000       1       1       7.380256       2.695546      10.075802       3.895138       3.677169       1.000000     541.499386       0.000000            0
       267       133.5000       1       1       7.179671       2.902114      10.081785       3.895139       3.413431       1.000000     541.499386       0.000000            1
       268       134.0000       1       1       6.450820       3.665068      10.115888       3.895140       4.301831       1.000000     541.499386       0.000000            0
       269       134.5000       1       1       5.644204       4.506081      10.150285       3.895140       5.078099       1.000000     541.499386       0.000000            0
# Jump frustrated.
       270       135.0000       1       1       5.202881       4.949321      10.152201       3.895140       4.966626       1.000000     541.499386       0.000000            0
# Jump frustrated.
       271       135.5000       1       1       5.176510       4.956172      10.132682       3.895141       4.211146       1.000000     541.499386       0.000000            0
# Jump frustrated.
       272       136.0000       1       1       5.312680       4.806903      10.119583       3.895142       3.446834       1.000000     541.499386       0.000000            0
# Jump frustrated.
       273       136.5000       1       1       5.403231       4.717424      10.120655       3.895142       3.109882       1.000000     541.499386       0.000000            0
# Jump frustrated.
       274       137.0000       1       1       5.420067       4.706836      10.126903       3.895141       3.069047       1.000000     541.499386       0.000000            0
# Jump frustrated.
       275       137.5000       1       1       5.416601       4.712857      10.129458       3.895141       3.092500       1.000000     541.499386       0.000000            1
# Jump frustrated.
       276       138.0000       1       1       5.436952       4.695418      10.132370       3.895142       3.170426       1.000000     541.499386       0.000000            0
# Jump frustrated.
       277       138.5000       1       1       5.511766       4.621095      10.132861       3.895142       3.277469       1.000000     541.499386       0.000000            0
       278       139.0000       1       1       5.655290       4.477847      10.133136       3.895142       3.484648       1.000000     541.499386       0.000000            0
# Jump frustrated.
       279       139.5000       1       1       5.880381       4.255500      10.135881       3.895141       3.824207       1.000000     541.499386       0.000000            0
# Jump frustrated.
       280       140.0000       1       1       6.217201       3.918140      10.135341       3.895141       4.205156       1.000000     541.499386       0.000000            0
# Jump frustrated.
       281       140.5000       1       1       6.643960       3.475730      10.119690       3.895142       4.436250       1.000000     541.499386       0.000000            0
       282       141.0000       1       1       6.996490       3.105776      10.102266       3.895141       4.622777       1.000000     541.499386       0.000000            0
       283       141.5000       1       1       7.072231       3.022110      10.094342       3.895140       5.346864       1.000000     541.499386       0.000000            0
       284       142.0000       1       1       6.874911       3.246118      10.121029       3.895138       6.733594       1.000000     541.499386       0.000000            0
       285       142.5000       1       1       6.880390       3.280580      10.160970       3.895136       7.520724       1.000000     541.499386       0.000000            1
# Jump frustrated.
       286       143.0000       1       1       7.545094       2.583853      10.128947       3.895135       6.463318       1.000000     541.499386       0.000000            0
       287       143.5000       1       1       8.488330       1.588796      10.077126       3.895136       4.337676       1.000000     541.499386       0.000000            0
       288       144.0000       1       1       8.995178       1.074140      10.069317       3.895137       3.048715       1.000000     541.499386       0.000000            0
       289       144.5000       1       1       8.811841       1.274480      10.086321       3.895137       3.191561       1.000000     541.499386       0.000000            0
       290       145.0000       1       1       8.125290       1.989891      10.115182       3.895136       4.064456       1.000000     541.499386       0.000000            0
# Jump frustrated.
       291       145.5000       1       1       7.315115       2.822808      10.137924       3.895135       4.792130       1.000000     541.499386       0.000000            0
# Jump frustrated.
       292       146.0000       1       1       6.705589       3.436493      10.142082       3.895134       4.795970       1.000000     541.499386       0.000000            0
# Jump frustrated.
       293       146.5000       1       1       6.349440       3.780497      10.129937       3.895133       4.278986       1.000000     541.499386       0.000000            0
       294       147.0000       1       1       6.091015       4.031908      10.122923       3.895134       3.732697       1.000000     541.499386       0.000000            1
# Jump frustrated.
       295       147.5000       1       1       5.792850       4.328785      10.121635       3.895134       3.402022       1.000000     541.499386       0.000000            0
# Jump frustrated.
       296       148.0000       1       1       5.422628       4.702477      10.125105       3.895135       3.298018       1.000000     541.499386       0.000000            0
# Jump frustrated.
       297       148.5000       1       1       5.017527       5.111669      10.129196       3.895135       3.322576       1.000000     541.499386       0.000000            0
# Jump frustrated.
       298       149.0000       1       1       4.630227       5.501554      10.131781       3.895135       3.381336       1.000000     541.499386       0.000000            0
       299       149.5000       1       1       4.301346       5.832271      10.133617       3.895135       3.499466       1.000000     541.499386       0.000000            0
# Jump frustrated.
       300       150.0000       1       1       4.066338       6.070188      10.136525       3.895135       3.717384       1.000000     541.499386       0.000000            0
# Jump frustrated.
       301       150.5000       1       1       3.979728       6.161742      10.141470       3.895135       4.031962       1.000000     541.499386       0.000000            1
       302       151.0000       1       1       4.120118       6.024929      10.145047       3.895135       4.280531       1.000000     541.499386       0.000000            0
# Jump frustrated.
       303       151.5000       1       1       4.534249       5.606603      10.140851       3.895136       4.273090       1.000000     541.499386       0.000000            0
# Jump frustrated.
       304       152.0000       1       1       5.151346       4.973611      10.124956       3.895138       3.955016       1.000000     541.499386       0.000000            0
# Jump frustrated.
       305       152.5000       1       1       5.774927       4.336051      10.110979       3.895138       3.600085       1.000000     541.499386       0.000000            0
# Jump frustrated.
       306       153.0000       1       1       6.182989       3.914610      10.097599       3.895136       3.607972       1.000000     541.499386       0.000000            0
# Jump frustrated.
       307       153.5000       1       1       6.216957       3.877034      10.093990       3.895134       4.359796       1.000000     541.499386       0.000000            0
# Jump frustrated.
       308       154.0000       1       1       5.922551       4.195709      10.118261       3.895135       5.740795       1.000000     541.499386       0.000000            0
# Jump frustrated.
       309       154.5000       1       1       5.681702       4.465805      10.147508       3.895136       6.783036       1.000000     541.499386       0.000000            0
       310       155.0000       1       1       5.869564       4.266711      10.136275       3.895136       6.744757       1.000000     541.499386       0.000000            0
# Jump frustrated.
       311       155.5000       1       1       6.370238       3.734616      10.104854       3.895137       5.943463       1.000000     541.499386       0.000000            1
       312       156.0000       1       1       6.837882       3.273314      10.111196       3.895138       5.442881       1.000000     541.499386       0.000000            0
# Jump frustrated.
       313       156.5000       1       1       7.222036       2.901491      10.123527       3.895137       5.008504       1.000000     541.499386       0.000000            0
       314       157.0000       1       1       7.593001       2.523232      10.116233       3.895135       4.151421       1.000000     541.499386       0.000000            0
       315       157.5000       1       1       7.855774       2.249192      10.104966       3.895134       3.095103       1.000000     541.499386       0.000000            0
       316       158.0000       1       1       7.854072       2.247323      10.101395       3.895134       2.449706       1.000000     541.499386       0.000000            0
       317       158.5000       1       1       7.583402       2.539841      10.123242       3.895134       2.526553       1.000000     541.499386       0.000000            0
       318       159.0000       1       1       7.209631       2.920383      10.130014       3.895135       2.735584       1.000000     541.499386       0.000000            0
# Jump frustrated.
       319       159.5000       1       1       6.876651       3.256498      10.133150       3.895136       2.839776       1.000000     541.499386       0.000000            0
# Jump frustrated.
       320       160.0000       1       1       6.616181       3.515799      10.131979       3.895137       2.975750       1.000000     541.499386       0.000000            1
# Jump frustrated.
       321       160.5000       1       1       6.412612       3.717592      10.130204       3.895137       3.184731       1.000000     541.499386       0.000000            0
# Jump frustrated.
       322       161.0000       1       1       6.246602       3.885130      10.131732       3.895138       3.475595       1.000000     541.499386       0.000000            0
       323       161.5000       1       1       6.116277       4.017168      10.133445       3.895138       3.746088       1.000000     541.499386       0.000000            0
# Jump frustrated.
       324       162.0000       1       1       6.035078       4.098757      10.133835       3.895138       4.017632       1.000000     541.499386       0.000000            0
# Jump frustrated.
       325       162.5000       1       1       5.997253       4.130936      10.128190       3.895140       4.236420       1.000000     541.499386       0.000000            0
# Jump frustrated.
       326       163.0000       1       1       5.928485       4.187405      10.115890       3.895142       4.429113       1.000000     541.499386       0.000000            0
# Jump frustrated.
       327       163.5000       1       1       5.677702       4.426360      10.104062       3.895144       4.756474       1.000000     541.499386       0.000000            1
       328       164.0000       1       1       5.149311       4.960531      10.109842       3.895146       5.508614       1.000000     541.499386       0.000000            0
# Jump frustrated.
       329       164.5000       1       1       4.559415       5.592901      10.152316       3.895145       6.629027       1.000000     541.499386       0.000000            0
# Jump frustrated.
       330       165.0000       1       1       4.469986       5.703762      10.173748       3.895143       7.046693       1.000000     541.499386       0.000000            0
# Jump frustrated.
       331       165.5000       1       1       5.156621       4.985444      10.142065       3.895141       6.407109       1.000000     541.499386       0.000000            0
# Jump frustrated.
       332       166.0000       1       1       6.214544       3.887829      10.102373       3.895141       5.361049       1.000000     541.499386       0.000000            0
# Jump frustrated.
       333       166.5000       1       1       7.066699       3.020034      10.086733       3.895141       4.575293       1.000000     541.499386       0.000000            0
# Jump frustrated.
       334       167.0000       1       1       7.397229       2.687657      10.084886       3.895141       3.916269       1.000000     541.499386       0.000000            0
# Jump frustrated.
       335       167.5000       1       1       7.147348       2.948825      10.096174       3.895141       4.112144       1.000000     541.499386       0.000000            0
       336       168.0000       1       1       6.584061       3.552752      10.136814       3.895139       5.264574       1.000000     541.499386       0.000000            1
       337       168.5000       1       1       6.277293       3.885961      10.163254       3.895137       5.886380       1.000000     541.499386       0.000000            0
# Jump frustrated.
       338       169.0000       1       1       6.546361       3.588461      10.134821       3.895134       5.144348       1.000000     541.499386       0.000000            0
       339       169.5000       1       1       7.041628       3.060310      10.101938       3.895133       3.612077       1.000000     541.499386       0.000000            0
# Jump frustrated.
       340       170.0000       1       1       7.276783       2.821355      10.098138       3.895134       2.632034       1.000000     541.499386       0.000000            0
# Jump frustrated.
       341       170.5000       1       1       7.130734       2.980382      10.111115       3.895134       2.420996       1.000000     541.499386       0.000000            0
       342       171.0000       1       1       6.723559       3.403483      10.127042       3.895134       2.656040       1.000000     541.499386       0.000000            0
# Jump frustrated.
       343       171.5000       1       1       6.243387       3.891981      10.135368       3.895134       2.946881       1.000000     541.499386       0.000000            0
# Jump frustrated.
       344       172.0000       1       1       5.821381       4.317990      10.139370       3.895135       3.216228       1.000000     541.499386       0.000000            0
# Jump frustrated.
       345       172.5000       1       1       5.523911       4.618188      10.142099       3.895135       3.451664       1.000000     541.499386       0.000000            0
# Jump frustrated.
       346       173.0000       1       1       5.382949       4.757700      10.140649       3.895134       3.605777       1.000000     541.499386       0.000000            1
# Jump frustrated.
       347       173.5000       1       1       5.379752       4.755832      10.135584       3.895134       3.763839       1.000000     541.499386       0.000000            0
       348       174.0000       1       1       5.457087       4.673412      10.130499       3.895134       3.975167       1.000000     541.499386       0.000000            0
       349       174.5000       1       1       5.536815       4.583726      10.120541       3.895136       4.302811       1.000000     541.499386       0.000000            0
# Jump frustrated.
       350       175.0000       1       1       5.527810       4.586217      10.114027       3.895139       4.955583       1.000000     541.499386       0.000000            0
# Jump frustrated.
       351       175.5000       1       1       5.436962       4.695210      10.132172       3.895140       6.042760       1.000000     541.499386       0.000000            0
       352       176.0000       1       1       5.540144       4.615697      10.155841       3.895142       6.796381       1.000000     541.499386       0.000000            0
       353       176.5000       1       1       6.122837       4.020905      10.143742       3.895143       6.566144       1.000000     541.499386       0.000000            0
# Jump frustrated.
       354       177.0000       1       1       6.991460       3.105776      10.097236       3.895143       5.298675       1.000000     541.499386       0.000000            0
# Jump frustrated.
       355       177.5000       1       1       7.559661       2.514513      10.074174       3.895142       4.378709       1.000000     541.499386       0.000000            0
# Jump frustrated.
       356       178.0000       1       1       7.507196       2.588421      10.095617       3.895141       4.790615       1.000000     541.499386       0.000000            1
# Jump frustrated.
       357       178.5000       1       1       7.079024       3.055950      10.134974       3.895144       5.612855       1.000000     541.499386       0.000000            0
# Jump frustrated.
       358       179.0000       1       1       6.749296       3.398086      10.147381       3.895145       5.585500       1.000000     541.499386       0.000000            0
# Jump frustrated.
       359       179.5000       1       1       6.687096       3.441683      10.128779       3.895144       4.546844       1.000000     541.499386       0.000000            0
# Jump frustrated.
       360       180.0000       1       1       6.684262       3.431926      10.116187       3.895144       3.330856       1.000000     541.499386       0.000000            0
# Jump frustrated.
       361       180.5000       1       1       6.557510       3.567700      10.125210       3.895144       2.729527       1.000000     541.499386       0.000000            0
       362       181.0000       1       1       6.281131       3.836550      10.117681       3.895143       2.878215       1.000000     541.499386       0.000000            0
       363       181.5000       1       1       5.880955       4.259029      10.139985       3.895143       3.598123       1.000000     541.499386       0.000000            1
       364       182.0000       1       1       5.515622       4.637911      10.153533       3.895144       3.745355       1.000000     541.499386       0.000000            0
# Jump frustrated.
       365       182.5000       1       1       5.332044       4.819982      10.152026       3.895145       3.689247       1.000000     541.499386       0.000000            0
# Jump frustrated.
       366       183.0000       1       1       5.344291       4.805242      10.149533       3.895144       3.671467       1.000000     541.499386       0.000000            0
# Jump frustrated.
       367       183.5000       1       1       5.512054       4.632306      10.144360       3.895144       3.790643       1.000000     541.499386       0.000000            0
       368       184.0000       1       1       5.766314       4.371967      10.138281       3.895143       3.982861       1.000000     541.499386       0.000000            1
# Jump frustrated.
       369       184.5000       1       1       6.044517       4.090661      10.135177       3.895143       4.211619       1.000000     541.499386       0.000000            0
       370       185.0000       1       1       6.295981       3.835097      10.131078       3.895144       4.379087       1.000000     541.499386       0.000000            0
# Jump frustrated.
       371       185.5000       1       1       6.462992       3.661123      10.124115       3.895144       4.444151       1.000000     541.499386       0.000000            0
       372       186.0000       1       1       6.468510       3.649705      10.118215       3.895142       4.495073       1.000000     541.499386       0.000000            0
# Jump frustrated.
       373       186.5000       1       1       6.280562       3.843401      10.123963       3.895141       4.915141       1.000000     541.499386       0.000000            0
# Jump frustrated.
       374       187.0000       1       1       6.053956       4.094605      10.148561       3.895140       5.834065       1.000000     541.499386       0.000000            0
# Jump frustrated.
       375       187.5000       1       1       6.164437       4.000144      10.164581       3.895140       6.372116       1.000000     541.499386       0.000000            0
       376       188.0000       1       1       6.811505       3.326461      10.137966       3.895141       5.814777       1.000000     541.499386       0.000000            1
       377       188.5000       1       1       7.637291       2.458667      10.095958       3.895141       4.503288       1.000000     541.499386       0.000000            0
# Jump frustrated.
       378       189.0000       1       1       8.109228       1.980342      10.089570       3.895139       3.510858       1.000000     541.499386       0.000000            0
# Jump frustrated.
       379       189.5000       1       1       8.034504       2.066291      10.100795       3.895139       3.031029       1.000000     541.499386       0.000000            0
# Jump frustrated.
       380       190.0000       1       1       7.519238       2.598801      10.118039       3.895140       3.089224       1.000000     541.499386       0.000000            0
# Jump frustrated.
       381       190.5000       1       1       6.801340       3.337257      10.138597       3.895141       3.482910       1.000000     541.499386       0.000000            0
       382       191.0000       1       1       6.142895       4.006580      10.149475       3.895141       3.707478       1.000000     541.499386       0.000000            1
       383       191.5000       1       1       5.704919       4.443384      10.148303       3.895141       3.512883       1.000000     541.499386       0.000000            0
       384       192.0000       1       1       5.478322       4.662824      10.141146       3.895141       3.131272       1.000000     541.499386       0.000000            0
# Jump frustrated.
       385       192.5000       1       1       5.371312       4.766212      10.137523       3.895141       2.923858       1.000000     541.499386       0.000000            0
# Jump frustrated.
       386       193.0000       1       1       5.321293       4.816453      10.137746       3.895140       2.976497       1.000000     541.499386       0.000000            0
# Jump frustrated.
       387       193.5000       1       1       5.317789       4.821643      10.139432       3.895141       3.169154       1.000000     541.499386       0.000000            0
       388       194.0000       1       1       5.367242       4.770779      10.138021       3.895142       3.383383       1.000000     541.499386       0.000000            0
       389       194.5000       1       1       5.454432       4.680886      10.135317       3.895141       3.607280       1.000000     541.499386       0.000000            1
# Jump frustrated.
       390       195.0000       1       1       5.546715       4.587048      10.133762       3.895141       3.809384       1.000000     541.499386       0.000000            0
# Jump frustrated.
       391       195.5000       1       1       5.615117       4.516877      10.131994       3.895140       3.989268       1.000000     541.499386       0.000000            0
# Jump frustrated.
       392       196.0000       1       1       5.639856       4.490718      10.130574       3.895141       4.212871       1.000000     541.499386       0.000000            0
# Jump frustrated.
       393       196.5000       1       1       5.614394       4.514801      10.129195       3.895143       4.470471       1.000000     541.499386       0.000000            0
# Jump frustrated.
       394       197.0000       1       1       5.541833       4.586009      10.127842       3.895143       4.717000       1.000000     541.499386       0.000000            0
# Jump frustrated.
       395       197.5000       1       1       5.448424       4.684000      10.132424       3.895143       5.000643       1.000000     541.499386       0.000000            1
# Jump frustrated.
       396       198.0000       1       1       5.432701       4.712234      10.144935       3.895140       5.372699       1.000000     541.499386       0.000000            0
# Jump frustrated.
       397       198.5000       1       1       5.675873       4.477431      10.153304       3.895137       5.479958       1.000000     541.499386       0.000000            0
# Jump frustrated.
       398       199.0000       1       1       6.257291       3.879317      10.136608       3.895137       4.928479       1.000000     541.499386       0.000000            0
       399       199.5000       1       1       6.957294       3.157470      10.114764       3.895136       3.929113       1.000000     541.499386       0.000000            0
       400       200.0000       1       1       7.431342       2.675200      10.106542       3.895134       3.229313       1.000000     541.499386       0.000000            0
