#===============================================================================================================================================================================
#     Step |         Time |         State |                                     Energy |      Angular |     Gradient |      Density |           Expectation Value |    Runtime |
#          |              |  diag |   MCH |          kin |          pot |          tot |     Momentum |          RMS |        Total |           DM |            S |            |
#          |         [fs] |       |       |         [eV] |         [eV] |         [eV] |       [hbar] |     [eV/Ang] |              |      [Debye] |              |      [sec] |
#===============================================================================================================================================================================
         0         0.0000       2       2       0.133448      10.269650      10.403097       0.000134       3.271045       1.000000     541.499386       0.000000            3
         1         0.5000       2       2       0.214111      10.187230      10.401342       0.000134       3.188381       1.000000     541.499386       0.000000            2
         2         1.0000       2       2       0.315239      10.084880      10.400119       0.000134       2.995545       1.000000     541.499386       0.000000            0
         3         1.5000       2       2       0.412787       9.985852      10.398639       0.000134       2.700837       1.000000     541.499386       0.000000            1
         4         2.0000       2       2       0.488227       9.910076      10.398303       0.000134       2.340369       1.000000     541.499386       0.000000            0
         5         2.5000       2       2       0.534605       9.863987      10.398592       0.000134       1.976050       1.000000     541.499386       0.000000            0
         6         3.0000       2       2       0.561931       9.838451      10.400382       0.000134       1.696425       1.000000     541.499386       0.000000            0
         7         3.5000       2       2       0.594277       9.807726      10.402002       0.000134       1.524025       1.000000     541.499386       0.000000            0
         8         4.0000       2       2       0.655136       9.747312      10.402448       0.000134       1.397099       1.000000     541.499386       0.000000            0
# Surface Hop/Pointer State Switch: new state=      1 old state=      2 randnum=  0.343616905 gap= -9.167483 eV
         9         4.5000       1       1       9.919779       0.482669      10.402448       2.388202       2.016839       1.000000     541.499386       0.000000            1
        10         5.0000       1       1       9.485763       0.922379      10.408142       2.388202       2.943562       1.000000     541.499386       0.000000            0
# Jump frustrated.
        11         5.5000       1       1       8.665287       1.771282      10.436569       2.388202       4.426645       1.000000     541.499386       0.000000            0
# Jump frustrated.
        12         6.0000       1       1       7.803298       2.653194      10.456492       2.388202       5.310244       1.000000     541.499386       0.000000            0
# Jump frustrated.
        13         6.5000       1       1       7.185569       3.269785      10.455354       2.388202       5.212810       1.000000     541.499386       0.000000            0
# Jump frustrated.
        14         7.0000       1       1       6.785619       3.654895      10.440514       2.388203       4.420988       1.000000     541.499386       0.000000            0
# Jump frustrated.
        15         7.5000       1       1       6.404306       4.030662      10.434968       2.388203       3.708290       1.000000     541.499386       0.000000            0
# Jump frustrated.
        16         8.0000       1       1       5.938260       4.501721      10.439981       2.388203       3.313096       1.000000     541.499386       0.000000            1
        17         8.5000       1       1       5.414693       5.031118      10.445810       2.388203       3.240553       1.000000     541.499386       0.000000            0
# Jump frustrated.
        18         9.0000       1       1       4.916118       5.536432      10.452549       2.388203       3.312456       1.000000     541.499386       0.000000            0
        19         9.5000       1       1       4.528227       5.927562      10.455789       2.388202       3.397384       1.000000     541.499386       0.000000            0
# Jump frustrated.
        20        10.0000       1       1       4.302223       6.153853      10.456076       2.388202       3.444871       1.000000     541.499386       0.000000            0
# Jump frustrated.
        21        10.5000       1       1       4.248492       6.206170      10.454662       2.388202       3.425217       1.000000     541.499386       0.000000            0
        22        11.0000       1       1       4.346687       6.104028      10.450714       2.388202       3.330248       1.000000     541.499386       0.000000            0
# Jump frustrated.
        23        11.5000       1       1       4.545609       5.899743      10.445352       2.388202       3.214429       1.000000     541.499386       0.000000            1
# Jump frustrated.
        24        12.0000       1       1       4.771238       5.667846      10.439084       2.388202       3.214150       1.000000     541.499386       0.000000            0
        25        12.5000       1       1       4.956901       5.479963      10.436864       2.388202       3.549845       1.000000     541.499386       0.000000            0
# Jump frustrated.
        26        13.0000       1       1       5.114252       5.330486      10.444738       2.388202       4.236547       1.000000     541.499386       0.000000            0
        27        13.5000       1       1       5.380529       5.075753      10.456282       2.388202       4.885979       1.000000     541.499386       0.000000            0
        28        14.0000       1       1       5.925430       4.530163      10.455593       2.388202       5.029509       1.000000     541.499386       0.000000            1
        29        14.5000       1       1       6.726769       3.705136      10.431905       2.388202       4.374928       1.000000     541.499386       0.000000            0
# Jump frustrated.
        30        15.0000       1       1       7.489428       2.918515      10.407942       2.388202       3.263829       1.000000     541.499386       0.000000            0
        31        15.5000       1       1       7.877803       2.524686      10.402489       2.388202       2.773504       1.000000     541.499386       0.000000            0
        32        16.0000       1       1       7.812439       2.610427      10.422866       2.388202       3.495893       1.000000     541.499386       0.000000            0
# Jump frustrated.
        33        16.5000       1       1       7.546162       2.901284      10.447446       2.388201       4.291056       1.000000     541.499386       0.000000            0
# Jump frustrated.
        34        17.0000       1       1       7.383545       3.062801      10.446346       2.388201       4.282556       1.000000     541.499386       0.000000            0
        35        17.5000       1       1       7.329440       3.099755      10.429196       2.388201       3.747422       1.000000     541.499386       0.000000            1
        36        18.0000       1       1       7.162719       3.260650      10.423369       2.388201       3.750255       1.000000     541.499386       0.000000            0
        37        18.5000       1       1       6.770831       3.660915      10.431747       2.388201       4.530199       1.000000     541.499386       0.000000            0
        38        19.0000       1       1       6.239097       4.205467      10.444564       2.388201       5.527109       1.000000     541.499386       0.000000            0
# Jump frustrated.
        39        19.5000       1       1       5.739181       4.717424      10.456605       2.388201       6.280696       1.000000     541.499386       0.000000            0
# Jump frustrated.
        40        20.0000       1       1       5.417639       5.042951      10.460590       2.388201       6.605544       1.000000     541.499386       0.000000            0
# Jump frustrated.
        41        20.5000       1       1       5.345599       5.115406      10.461005       2.388201       6.541690       1.000000     541.499386       0.000000            1
        42        21.0000       1       1       5.526329       4.931674      10.458003       2.388201       6.168315       1.000000     541.499386       0.000000            0
        43        21.5000       1       1       5.916040       4.537637      10.453677       2.388201       5.652984       1.000000     541.499386       0.000000            0
        44        22.0000       1       1       6.447542       4.000559      10.448102       2.388201       5.221829       1.000000     541.499386       0.000000            0
        45        22.5000       1       1       7.030486       3.408258      10.438745       2.388201       4.861253       1.000000     541.499386       0.000000            0
# Jump frustrated.
        46        23.0000       1       1       7.530767       2.899415      10.430183       2.388201       4.267339       1.000000     541.499386       0.000000            0
        47        23.5000       1       1       7.858876       2.578663      10.437539       2.388201       3.945615       1.000000     541.499386       0.000000            0
# Jump frustrated.
        48        24.0000       1       1       8.041368       2.398046      10.439414       2.388201       3.964672       1.000000     541.499386       0.000000            1
        49        24.5000       1       1       8.107989       2.324968      10.432957       2.388201       3.818661       1.000000     541.499386       0.000000            0
# Jump frustrated.
        50        25.0000       1       1       7.992296       2.435207      10.427503       2.388202       3.689790       1.000000     541.499386       0.000000            0
# Jump frustrated.
        51        25.5000       1       1       7.638247       2.796235      10.434481       2.388202       3.960411       1.000000     541.499386       0.000000            0
# Jump frustrated.
        52        26.0000       1       1       7.135108       3.315458      10.450567       2.388202       4.500064       1.000000     541.499386       0.000000            0
# Jump frustrated.
        53        26.5000       1       1       6.686460       3.774476      10.460936       2.388201       4.696503       1.000000     541.499386       0.000000            0
# Jump frustrated.
        54        27.0000       1       1       6.412855       4.043534      10.456389       2.388201       4.467645       1.000000     541.499386       0.000000            0
# Jump frustrated.
        55        27.5000       1       1       6.255430       4.192180      10.447610       2.388202       4.002549       1.000000     541.499386       0.000000            0
# Jump frustrated.
        56        28.0000       1       1       6.075278       4.365947      10.441225       2.388202       3.505536       1.000000     541.499386       0.000000            1
# Jump frustrated.
        57        28.5000       1       1       5.770693       4.671751      10.442444       2.388203       3.218850       1.000000     541.499386       0.000000            0
# Jump frustrated.
        58        29.0000       1       1       5.335169       5.112915      10.448084       2.388203       3.189462       1.000000     541.499386       0.000000            0
        59        29.5000       1       1       4.836701       5.616983      10.453684       2.388203       3.301959       1.000000     541.499386       0.000000            0
        60        30.0000       1       1       4.363586       6.095516      10.459101       2.388204       3.489057       1.000000     541.499386       0.000000            0
        61        30.5000       1       1       4.002710       6.461526      10.464236       2.388204       3.655648       1.000000     541.499386       0.000000            0
# Jump frustrated.
        62        31.0000       1       1       3.829385       6.637784      10.467169       2.388205       3.736312       1.000000     541.499386       0.000000            1
# Jump frustrated.
        63        31.5000       1       1       3.890937       6.577162      10.468100       2.388206       3.756308       1.000000     541.499386       0.000000            0
# Jump frustrated.
        64        32.0000       1       1       4.203996       6.263262      10.467258       2.388206       3.715205       1.000000     541.499386       0.000000            0
# Jump frustrated.
        65        32.5000       1       1       4.751822       5.712067      10.463888       2.388205       3.574375       1.000000     541.499386       0.000000            0
# Jump frustrated.
        66        33.0000       1       1       5.478396       4.978386      10.456782       2.388206       3.390775       1.000000     541.499386       0.000000            0
# Jump frustrated.
        67        33.5000       1       1       6.279364       4.167060      10.446424       2.388206       3.105036       1.000000     541.499386       0.000000            0
        68        34.0000       1       1       7.018206       3.419469      10.437675       2.388205       2.833678       1.000000     541.499386       0.000000            1
# Jump frustrated.
        69        34.5000       1       1       7.570608       2.858309      10.428917       2.388205       2.689879       1.000000     541.499386       0.000000            0
        70        35.0000       1       1       7.852533       2.580116      10.432649       2.388206       2.844166       1.000000     541.499386       0.000000            0
# Jump frustrated.
        71        35.5000       1       1       7.909905       2.536104      10.446009       2.388206       3.300723       1.000000     541.499386       0.000000            0
# Jump frustrated.
        72        36.0000       1       1       7.927345       2.532782      10.460127       2.388205       3.663051       1.000000     541.499386       0.000000            0
        73        36.5000       1       1       8.099643       2.364829      10.464472       2.388205       3.647330       1.000000     541.499386       0.000000            0
# Jump frustrated.
        74        37.0000       1       1       8.477634       1.973698      10.451332       2.388204       3.099096       1.000000     541.499386       0.000000            0
        75        37.5000       1       1       8.885289       1.544783      10.430073       2.388204       2.166770       1.000000     541.499386       0.000000            1
# Jump frustrated.
        76        38.0000       1       1       9.042360       1.376207      10.418567       2.388205       1.637645       1.000000     541.499386       0.000000            0
# Jump frustrated.
        77        38.5000       1       1       8.789332       1.633224      10.422555       2.388205       2.298730       1.000000     541.499386       0.000000            0
        78        39.0000       1       1       8.161730       2.274312      10.436042       2.388205       3.337334       1.000000     541.499386       0.000000            0
# Jump frustrated.
        79        39.5000       1       1       7.308274       3.143145      10.451419       2.388205       4.230393       1.000000     541.499386       0.000000            0
# Jump frustrated.
        80        40.0000       1       1       6.401901       4.054745      10.456646       2.388204       4.872592       1.000000     541.499386       0.000000            0
# Jump frustrated.
        81        40.5000       1       1       5.579134       4.884132      10.463266       2.388203       5.331024       1.000000     541.499386       0.000000            0
        82        41.0000       1       1       4.928523       5.536639      10.465162       2.388203       5.596432       1.000000     541.499386       0.000000            1
# Jump frustrated.
        83        41.5000       1       1       4.497259       5.969706      10.466965       2.388203       5.749730       1.000000     541.499386       0.000000            0
# Jump frustrated.
        84        42.0000       1       1       4.306901       6.160289      10.467190       2.388203       5.695618       1.000000     541.499386       0.000000            0
        85        42.5000       1       1       4.360520       6.106104      10.466623       2.388203       5.494796       1.000000     541.499386       0.000000            0
# Jump frustrated.
        86        43.0000       1       1       4.644300       5.819814      10.464114       2.388203       5.175391       1.000000     541.499386       0.000000            0
# Jump frustrated.
        87        43.5000       1       1       5.123357       5.336714      10.460071       2.388203       4.724660       1.000000     541.499386       0.000000            0
# Jump frustrated.
        88        44.0000       1       1       5.731605       4.721992      10.453596       2.388203       4.155671       1.000000     541.499386       0.000000            0
# Jump frustrated.
        89        44.5000       1       1       6.367475       4.072599      10.440074       2.388203       3.463685       1.000000     541.499386       0.000000            0
        90        45.0000       1       1       6.877742       3.549846      10.427588       2.388203       2.647540       1.000000     541.499386       0.000000            0
        91        45.5000       1       1       7.085789       3.333520      10.419309       2.388202       2.007338       1.000000     541.499386       0.000000            1
# Jump frustrated.
        92        46.0000       1       1       6.873371       3.544241      10.417611       2.388203       2.345955       1.000000     541.499386       0.000000            0
# Jump frustrated.
        93        46.5000       1       1       6.266552       4.165399      10.431951       2.388203       3.719798       1.000000     541.499386       0.000000            0
# Jump frustrated.
        94        47.0000       1       1       5.541126       4.927107      10.468232       2.388203       5.233074       1.000000     541.499386       0.000000            0
# Jump frustrated.
        95        47.5000       1       1       5.186507       5.305158      10.491666       2.388202       6.001452       1.000000     541.499386       0.000000            0
# Jump frustrated.
        96        48.0000       1       1       5.506118       4.968836      10.474954       2.388201       5.662335       1.000000     541.499386       0.000000            0
        97        48.5000       1       1       6.274356       4.160624      10.434980       2.388201       4.570715       1.000000     541.499386       0.000000            0
# Jump frustrated.
        98        49.0000       1       1       6.975878       3.442721      10.418599       2.388201       3.512143       1.000000     541.499386       0.000000            0
# Jump frustrated.
        99        49.5000       1       1       7.304546       3.120724      10.425270       2.388201       2.965042       1.000000     541.499386       0.000000            1
       100        50.0000       1       1       7.269870       3.165151      10.435021       2.388200       2.756127       1.000000     541.499386       0.000000            0
# Jump frustrated.
       101        50.5000       1       1       6.989280       3.452686      10.441966       2.388200       2.672787       1.000000     541.499386       0.000000            0
# Jump frustrated.
       102        51.0000       1       1       6.578945       3.871013      10.449959       2.388200       2.654651       1.000000     541.499386       0.000000            0
       103        51.5000       1       1       6.147744       4.307609      10.455353       2.388201       2.677463       1.000000     541.499386       0.000000            0
# Jump frustrated.
       104        52.0000       1       1       5.784064       4.675695      10.459760       2.388201       2.710001       1.000000     541.499386       0.000000            0
       105        52.5000       1       1       5.546414       4.915066      10.461480       2.388200       2.727367       1.000000     541.499386       0.000000            0
       106        53.0000       1       1       5.460532       5.000807      10.461339       2.388200       2.732568       1.000000     541.499386       0.000000            1
# Jump frustrated.
       107        53.5000       1       1       5.525109       4.935619      10.460728       2.388200       2.756765       1.000000     541.499386       0.000000            0
       108        54.0000       1       1       5.732515       4.728012      10.460527       2.388200       2.816309       1.000000     541.499386       0.000000            0
# Jump frustrated.
       109        54.5000       1       1       6.077159       4.382140      10.459299       2.388200       2.882312       1.000000     541.499386       0.000000            0
# Jump frustrated.
       110        55.0000       1       1       6.534457       3.919801      10.454258       2.388199       2.868028       1.000000     541.499386       0.000000            0
       111        55.5000       1       1       7.036948       3.411165      10.448113       2.388199       2.779769       1.000000     541.499386       0.000000            0
# Jump frustrated.
       112        56.0000       1       1       7.485404       2.952147      10.437551       2.388198       2.620768       1.000000     541.499386       0.000000            0
# Jump frustrated.
       113        56.5000       1       1       7.742902       2.681221      10.424123       2.388198       2.440127       1.000000     541.499386       0.000000            1
       114        57.0000       1       1       7.634627       2.776512      10.411139       2.388198       2.611014       1.000000     541.499386       0.000000            0
# Jump frustrated.
       115        57.5000       1       1       7.068768       3.353243      10.422010       2.388198       3.611866       1.000000     541.499386       0.000000            0
# Jump frustrated.
       116        58.0000       1       1       6.261073       4.194464      10.455537       2.388198       4.908538       1.000000     541.499386       0.000000            0
# Jump frustrated.
       117        58.5000       1       1       5.707494       4.766627      10.474121       2.388197       5.281135       1.000000     541.499386       0.000000            0
       118        59.0000       1       1       5.697933       4.766627      10.464560       2.388197       4.832773       1.000000     541.499386       0.000000            0
       119        59.5000       1       1       6.137300       4.311554      10.448854       2.388196       4.068914       1.000000     541.499386       0.000000            0
       120        60.0000       1       1       6.790866       3.646798      10.437664       2.388196       3.440784       1.000000     541.499386       0.000000            1
# Jump frustrated.
       121        60.5000       1       1       7.431013       2.994291      10.425304       2.388196       2.930330       1.000000     541.499386       0.000000            0
       122        61.0000       1       1       7.832678       2.588628      10.421307       2.388196       2.790642       1.000000     541.499386       0.000000            0
# Jump frustrated.
       123        61.5000       1       1       7.883278       2.540671      10.423949       2.388196       2.988560       1.000000     541.499386       0.000000            0
# Jump frustrated.
       124        62.0000       1       1       7.593801       2.838379      10.432180       2.388196       3.278778       1.000000     541.499386       0.000000            0
# Jump frustrated.
       125        62.5000       1       1       7.066439       3.376287      10.442726       2.388196       3.486885       1.000000     541.499386       0.000000            0
# Jump frustrated.
       126        63.0000       1       1       6.442189       4.006995      10.449184       2.388196       3.541297       1.000000     541.499386       0.000000            1
       127        63.5000       1       1       5.825108       4.630230      10.455337       2.388195       3.519863       1.000000     541.499386       0.000000            0
       128        64.0000       1       1       5.294971       5.162740      10.457711       2.388194       3.370197       1.000000     541.499386       0.000000            0
# Jump frustrated.
       129        64.5000       1       1       4.888558       5.569441      10.457999       2.388194       3.223184       1.000000     541.499386       0.000000            0
# Jump frustrated.
       130        65.0000       1       1       4.615866       5.842443      10.458310       2.388193       3.094108       1.000000     541.499386       0.000000            0
       131        65.5000       1       1       4.488754       5.970329      10.459083       2.388193       2.984281       1.000000     541.499386       0.000000            0
# Jump frustrated.
       132        66.0000       1       1       4.520277       5.940434      10.460710       2.388192       2.957034       1.000000     541.499386       0.000000            1
       133        66.5000       1       1       4.733149       5.730128      10.463277       2.388191       2.997339       1.000000     541.499386       0.000000            0
       134        67.0000       1       1       5.152703       5.310348      10.463051       2.388191       3.019991       1.000000     541.499386       0.000000            0
       135        67.5000       1       1       5.760734       4.694172      10.454906       2.388192       2.855149       1.000000     541.499386       0.000000            0
# Jump frustrated.
       136        68.0000       1       1       6.450995       3.989141      10.440136       2.388192       2.498074       1.000000     541.499386       0.000000            0
# Jump frustrated.
       137        68.5000       1       1       7.015328       3.400162      10.415490       2.388192       2.144845       1.000000     541.499386       0.000000            0
       138        69.0000       1       1       7.181886       3.218506      10.400392       2.388192       2.647644       1.000000     541.499386       0.000000            0
# Jump frustrated.
       139        69.5000       1       1       6.822633       3.589499      10.412132       2.388192       4.285060       1.000000     541.499386       0.000000            1
# Jump frustrated.
       140        70.0000       1       1       6.160062       4.279998      10.440060       2.388191       5.978278       1.000000     541.499386       0.000000            0
# Jump frustrated.
       141        70.5000       1       1       5.680058       4.781575      10.461632       2.388191       6.577950       1.000000     541.499386       0.000000            0
       142        71.0000       1       1       5.736040       4.736939      10.472979       2.388191       6.382651       1.000000     541.499386       0.000000            0
# Jump frustrated.
       143        71.5000       1       1       6.466792       3.996407      10.463200       2.388191       5.601991       1.000000     541.499386       0.000000            0
# Jump frustrated.
       144        72.0000       1       1       7.587543       2.818033      10.405576       2.388191       3.896800       1.000000     541.499386       0.000000            0
# Jump frustrated.
       145        72.5000       1       1       8.420403       1.972037      10.392441       2.388192       2.234022       1.000000     541.499386       0.000000            0
# Jump frustrated.
       146        73.0000       1       1       8.593633       1.806160      10.399793       2.388191       1.746853       1.000000     541.499386       0.000000            1
# Jump frustrated.
       147        73.5000       1       1       8.160385       2.261233      10.421618       2.388191       2.340644       1.000000     541.499386       0.000000            0
       148        74.0000       1       1       7.362362       3.076503      10.438866       2.388191       3.003736       1.000000     541.499386       0.000000            0
# Jump frustrated.
       149        74.5000       1       1       6.450502       4.002013      10.452514       2.388191       3.390296       1.000000     541.499386       0.000000            0
       150        75.0000       1       1       5.610722       4.850085      10.460807       2.388192       3.519978       1.000000     541.499386       0.000000            0
       151        75.5000       1       1       4.940067       5.522314      10.462382       2.388191       3.615107       1.000000     541.499386       0.000000            0
# Jump frustrated.
       152        76.0000       1       1       4.483694       5.980294      10.463988       2.388191       3.624928       1.000000     541.499386       0.000000            0
       153        76.5000       1       1       4.267405       6.197243      10.464648       2.388191       3.615759       1.000000     541.499386       0.000000            1
       154        77.0000       1       1       4.298788       6.165271      10.464059       2.388191       3.571413       1.000000     541.499386       0.000000            0
       155        77.5000       1       1       4.568114       5.894345      10.462459       2.388192       3.521342       1.000000     541.499386       0.000000            0
# Jump frustrated.
       156        78.0000       1       1       5.051058       5.408754      10.459812       2.388193       3.489637       1.000000     541.499386       0.000000            0
# Jump frustrated.
       157        78.5000       1       1       5.705810       4.747527      10.453337       2.388193       3.390218       1.000000     541.499386       0.000000            0
# Jump frustrated.
       158        79.0000       1       1       6.455434       3.988518      10.443952       2.388193       3.163348       1.000000     541.499386       0.000000            1
# Jump frustrated.
       159        79.5000       1       1       7.177753       3.255045      10.432798       2.388192       2.819783       1.000000     541.499386       0.000000            0
# Jump frustrated.
       160        80.0000       1       1       7.705480       2.714438      10.419918       2.388192       2.533293       1.000000     541.499386       0.000000            0
# Jump frustrated.
       161        80.5000       1       1       7.892802       2.524478      10.417280       2.388191       2.927359       1.000000     541.499386       0.000000            0
# Jump frustrated.
       162        81.0000       1       1       7.749824       2.682051      10.431875       2.388191       4.013418       1.000000     541.499386       0.000000            0
# Jump frustrated.
       163        81.5000       1       1       7.500756       2.947580      10.448336       2.388191       4.906803       1.000000     541.499386       0.000000            0
# Jump frustrated.
       164        82.0000       1       1       7.356330       3.075465      10.431795       2.388190       4.850158       1.000000     541.499386       0.000000            0
# Jump frustrated.
       165        82.5000       1       1       7.163811       3.236983      10.400795       2.388188       4.594561       1.000000     541.499386       0.000000            1
       166        83.0000       1       1       6.703321       3.726311      10.429632       2.388188       5.817616       1.000000     541.499386       0.000000            0
# Jump frustrated.
       167        83.5000       1       1       6.350069       4.122632      10.472701       2.388188       6.916235       1.000000     541.499386       0.000000            0
       168        84.0000       1       1       6.585845       3.863747      10.449592       2.388188       6.212841       1.000000     541.499386       0.000000            0
       169        84.5000       1       1       7.087918       3.308192      10.396111       2.388189       4.066938       1.000000     541.499386       0.000000            0
# Jump frustrated.
       170        85.0000       1       1       7.184311       3.217053      10.401363       2.388189       2.554140       1.000000     541.499386       0.000000            0
# Jump frustrated.
       171        85.5000       1       1       6.754961       3.674825      10.429786       2.388188       2.421959       1.000000     541.499386       0.000000            0
# Jump frustrated.
       172        86.0000       1       1       6.062785       4.380687      10.443472       2.388188       2.675096       1.000000     541.499386       0.000000            0
       173        86.5000       1       1       5.336995       5.117689      10.454684       2.388188       2.859745       1.000000     541.499386       0.000000            0
# Jump frustrated.
       174        87.0000       1       1       4.729190       5.733242      10.462433       2.388188       2.881579       1.000000     541.499386       0.000000            1
       175        87.5000       1       1       4.325114       6.137867      10.462981       2.388188       2.788741       1.000000     541.499386       0.000000            0
       176        88.0000       1       1       4.134182       6.326166      10.460348       2.388188       2.663273       1.000000     541.499386       0.000000            0
# Jump frustrated.
       177        88.5000       1       1       4.124886       6.333225      10.458111       2.388187       2.551098       1.000000     541.499386       0.000000            0
       178        89.0000       1       1       4.260349       6.195582      10.455931       2.388187       2.454706       1.000000     541.499386       0.000000            0
# Jump frustrated.
       179        89.5000       1       1       4.506361       5.947077      10.453438       2.388187       2.346685       1.000000     541.499386       0.000000            0
       180        90.0000       1       1       4.824941       5.624872      10.449813       2.388187       2.210236       1.000000     541.499386       0.000000            1
# Jump frustrated.
       181        90.5000       1       1       5.162617       5.281283      10.443900       2.388187       2.056316       1.000000     541.499386       0.000000            0
# Jump frustrated.
       182        91.0000       1       1       5.440257       4.995617      10.435874       2.388188       1.993465       1.000000     541.499386       0.000000            0
       183        91.5000       1       1       5.561069       4.867939      10.429008       2.388188       2.319783       1.000000     541.499386       0.000000            0
# Jump frustrated.
       184        92.0000       1       1       5.479896       4.954926      10.434822       2.388188       3.312294       1.000000     541.499386       0.000000            0
# Jump frustrated.
       185        92.5000       1       1       5.341537       5.118520      10.460057       2.388188       4.614795       1.000000     541.499386       0.000000            0
       186        93.0000       1       1       5.516574       4.968005      10.484579       2.388186       5.458640       1.000000     541.499386       0.000000            0
# Jump frustrated.
       187        93.5000       1       1       6.307027       4.161247      10.468274       2.388186       5.217955       1.000000     541.499386       0.000000            1
# Jump frustrated.
       188        94.0000       1       1       7.512138       2.911664      10.423802       2.388186       3.793515       1.000000     541.499386       0.000000            0
# Jump frustrated.
       189        94.5000       1       1       8.560045       1.836470      10.396515       2.388186       2.274103       1.000000     541.499386       0.000000            0
# Jump frustrated.
       190        95.0000       1       1       9.010825       1.367280      10.378105       2.388185       1.727466       1.000000     541.499386       0.000000            0
# Jump frustrated.
       191        95.5000       1       1       8.573912       1.780417      10.354328       2.388185       3.134315       1.000000     541.499386       0.000000            0
# Jump frustrated.
       192        96.0000       1       1       7.140242       3.247156      10.387397       2.388185       6.426954       1.000000     541.499386       0.000000            0
       193        96.5000       1       1       5.568565       4.929806      10.498370       2.388186       9.021619       1.000000     541.499386       0.000000            0
# Jump frustrated.
       194        97.0000       1       1       5.242923       5.261146      10.504069       2.388186       9.103906       1.000000     541.499386       0.000000            1
       195        97.5000       1       1       6.182715       4.210242      10.392957       2.388187       6.455168       1.000000     541.499386       0.000000            0
# Jump frustrated.
       196        98.0000       1       1       7.073200       3.302587      10.375786       2.388187       3.858849       1.000000     541.499386       0.000000            0
       197        98.5000       1       1       7.283510       3.126121      10.409631       2.388186       3.290044       1.000000     541.499386       0.000000            0
# Jump frustrated.
       198        99.0000       1       1       7.084051       3.351374      10.435425       2.388187       3.501859       1.000000     541.499386       0.000000            0
# Jump frustrated.
       199        99.5000       1       1       6.788761       3.656971      10.445732       2.388187       3.693061       1.000000     541.499386       0.000000            0
# Jump frustrated.
       200       100.0000       1       1       6.561893       3.889075      10.450967       2.388187       3.682019       1.000000     541.499386       0.000000            1
       201       100.5000       1       1       6.447205       3.999521      10.446727       2.388187       3.448754       1.000000     541.499386       0.000000            0
# Jump frustrated.
       202       101.0000       1       1       6.393285       4.046025      10.439310       2.388187       3.116790       1.000000     541.499386       0.000000            0
       203       101.5000       1       1       6.308792       4.125954      10.434745       2.388187       2.816277       1.000000     541.499386       0.000000            0
# Jump frustrated.
       204       102.0000       1       1       6.131992       4.301381      10.433373       2.388187       2.729600       1.000000     541.499386       0.000000            0
       205       102.5000       1       1       5.854194       4.583311      10.437504       2.388187       3.025633       1.000000     541.499386       0.000000            1
# Jump frustrated.
       206       103.0000       1       1       5.540507       4.903855      10.444362       2.388188       3.436817       1.000000     541.499386       0.000000            0
       207       103.5000       1       1       5.289759       5.157965      10.447724       2.388187       3.617899       1.000000     541.499386       0.000000            0
# Jump frustrated.
       208       104.0000       1       1       5.155728       5.292494      10.448222       2.388186       3.576768       1.000000     541.499386       0.000000            0
       209       104.5000       1       1       5.137968       5.307857      10.445825       2.388187       3.335840       1.000000     541.499386       0.000000            0
       210       105.0000       1       1       5.187009       5.253464      10.440473       2.388187       2.897696       1.000000     541.499386       0.000000            1
# Jump frustrated.
       211       105.5000       1       1       5.217374       5.219209      10.436583       2.388187       2.479409       1.000000     541.499386       0.000000            0
# Jump frustrated.
       212       106.0000       1       1       5.169325       5.269657      10.438982       2.388187       2.389629       1.000000     541.499386       0.000000            0
# Jump frustrated.
       213       106.5000       1       1       5.061035       5.383841      10.444876       2.388188       2.576187       1.000000     541.499386       0.000000            0
# Jump frustrated.
       214       107.0000       1       1       4.964573       5.485153      10.449726       2.388188       2.765841       1.000000     541.499386       0.000000            0
       215       107.5000       1       1       4.949940       5.503215      10.453155       2.388189       2.892270       1.000000     541.499386       0.000000            0
       216       108.0000       1       1       5.061289       5.391938      10.453227       2.388190       2.971039       1.000000     541.499386       0.000000            1
# Jump frustrated.
       217       108.5000       1       1       5.299741       5.149038      10.448779       2.388190       2.966438       1.000000     541.499386       0.000000            0
# Jump frustrated.
       218       109.0000       1       1       5.615993       4.824964      10.440957       2.388190       2.831560       1.000000     541.499386       0.000000            0
# Jump frustrated.
       219       109.5000       1       1       5.892924       4.531409      10.424333       2.388189       2.556285       1.000000     541.499386       0.000000            0
       220       110.0000       1       1       5.930522       4.473694      10.404217       2.388190       2.537423       1.000000     541.499386       0.000000            0
# Jump frustrated.
       221       110.5000       1       1       5.532767       4.867731      10.400499       2.388190       3.891662       1.000000     541.499386       0.000000            0
       222       111.0000       1       1       4.904414       5.554909      10.459323       2.388191       6.054436       1.000000     541.499386       0.000000            0
       223       111.5000       1       1       4.818706       5.675943      10.494649       2.388191       7.031865       1.000000     541.499386       0.000000            1
# Jump frustrated.
       224       112.0000       1       1       5.713856       4.731957      10.445813       2.388192       6.056388       1.000000     541.499386       0.000000            0
       225       112.5000       1       1       6.970518       3.413241      10.383759       2.388193       3.928810       1.000000     541.499386       0.000000            0
# Jump frustrated.
       226       113.0000       1       1       7.733863       2.656308      10.390171       2.388193       3.196875       1.000000     541.499386       0.000000            0
# Jump frustrated.
       227       113.5000       1       1       7.869795       2.547937      10.417732       2.388192       3.934755       1.000000     541.499386       0.000000            0
       228       114.0000       1       1       7.693317       2.748900      10.442217       2.388192       4.665199       1.000000     541.499386       0.000000            0
# Jump frustrated.
       229       114.5000       1       1       7.518493       2.928272      10.446766       2.388193       4.720409       1.000000     541.499386       0.000000            1
       230       115.0000       1       1       7.426984       3.012353      10.439336       2.388194       4.242731       1.000000     541.499386       0.000000            0
# Jump frustrated.
       231       115.5000       1       1       7.330177       3.103492      10.433670       2.388195       3.564315       1.000000     541.499386       0.000000            0
       232       116.0000       1       1       7.136176       3.296981      10.433158       2.388196       3.073714       1.000000     541.499386       0.000000            0
# Jump frustrated.
       233       116.5000       1       1       6.817656       3.617941      10.435597       2.388197       2.950986       1.000000     541.499386       0.000000            0
# Jump frustrated.
       234       117.0000       1       1       6.418643       4.022981      10.441624       2.388197       3.118514       1.000000     541.499386       0.000000            0
# Jump frustrated.
       235       117.5000       1       1       6.032370       4.416810      10.449180       2.388197       3.302274       1.000000     541.499386       0.000000            0
# Jump frustrated.
       236       118.0000       1       1       5.764375       4.689605      10.453980       2.388198       3.331732       1.000000     541.499386       0.000000            1
# Jump frustrated.
       237       118.5000       1       1       5.679065       4.775139      10.454204       2.388199       3.239117       1.000000     541.499386       0.000000            0
# Jump frustrated.
       238       119.0000       1       1       5.787536       4.665315      10.452851       2.388199       3.155277       1.000000     541.499386       0.000000            0
# Jump frustrated.
       239       119.5000       1       1       6.069306       4.380272      10.449578       2.388199       3.193750       1.000000     541.499386       0.000000            0
       240       120.0000       1       1       6.464892       3.974193      10.439085       2.388199       3.259566       1.000000     541.499386       0.000000            0
# Jump frustrated.
       241       120.5000       1       1       6.880272       3.557943      10.438215       2.388199       3.316049       1.000000     541.499386       0.000000            1
# Jump frustrated.
       242       121.0000       1       1       7.228053       3.197123      10.425176       2.388199       3.375112       1.000000     541.499386       0.000000            0
       243       121.5000       1       1       7.361541       3.047023      10.408564       2.388200       3.439768       1.000000     541.499386       0.000000            0
       244       122.0000       1       1       7.096437       3.306739      10.403176       2.388200       4.078974       1.000000     541.499386       0.000000            0
# Jump frustrated.
       245       122.5000       1       1       6.497237       3.945129      10.442366       2.388199       5.555081       1.000000     541.499386       0.000000            0
       246       123.0000       1       1       6.127177       4.350584      10.477761       2.388199       6.206832       1.000000     541.499386       0.000000            0
# Jump frustrated.
       247       123.5000       1       1       6.381902       4.059727      10.441629       2.388199       5.245933       1.000000     541.499386       0.000000            1
# Jump frustrated.
       248       124.0000       1       1       6.868872       3.535729      10.404601       2.388198       3.820888       1.000000     541.499386       0.000000            0
# Jump frustrated.
       249       124.5000       1       1       7.073363       3.333728      10.407090       2.388199       3.299696       1.000000     541.499386       0.000000            0
       250       125.0000       1       1       6.891694       3.524933      10.416627       2.388198       3.247178       1.000000     541.499386       0.000000            0
       251       125.5000       1       1       6.416970       4.008656      10.425626       2.388199       3.271327       1.000000     541.499386       0.000000            0
       252       126.0000       1       1       5.792306       4.646838      10.439144       2.388199       3.445503       1.000000     541.499386       0.000000            0
       253       126.5000       1       1       5.213110       5.239554      10.452665       2.388199       3.645620       1.000000     541.499386       0.000000            1
       254       127.0000       1       1       4.849503       5.605565      10.455067       2.388199       3.595475       1.000000     541.499386       0.000000            0
# Jump frustrated.
       255       127.5000       1       1       4.732682       5.714973      10.447655       2.388198       3.243753       1.000000     541.499386       0.000000            0
# Jump frustrated.
       256       128.0000       1       1       4.758408       5.681133      10.439541       2.388198       2.805441       1.000000     541.499386       0.000000            0
       257       128.5000       1       1       4.800197       5.636290      10.436487       2.388198       2.535942       1.000000     541.499386       0.000000            0
       258       129.0000       1       1       4.797331       5.641273      10.438604       2.388197       2.510480       1.000000     541.499386       0.000000            1
# Jump frustrated.
       259       129.5000       1       1       4.764794       5.678227      10.443021       2.388197       2.611659       1.000000     541.499386       0.000000            0
# Jump frustrated.
       260       130.0000       1       1       4.756144       5.690476      10.446620       2.388197       2.719863       1.000000     541.499386       0.000000            0
       261       130.5000       1       1       4.821695       5.626948      10.448643       2.388196       2.786254       1.000000     541.499386       0.000000            0
# Jump frustrated.
       262       131.0000       1       1       4.992114       5.457126      10.449240       2.388196       2.811791       1.000000     541.499386       0.000000            0
# Jump frustrated.
       263       131.5000       1       1       5.279856       5.168761      10.448617       2.388196       2.805389       1.000000     541.499386       0.000000            0
       264       132.0000       1       1       5.684524       4.763721      10.448244       2.388196       2.847826       1.000000     541.499386       0.000000            0
       265       132.5000       1       1       6.195806       4.250102      10.445909       2.388197       2.952131       1.000000     541.499386       0.000000            0
       266       133.0000       1       1       6.777913       3.660708      10.438621       2.388197       3.090658       1.000000     541.499386       0.000000            1
# Jump frustrated.
       267       133.5000       1       1       7.363246       3.069237      10.432483       2.388196       3.292682       1.000000     541.499386       0.000000            0
# Jump frustrated.
       268       134.0000       1       1       7.873384       2.553335      10.426719       2.388196       3.570818       1.000000     541.499386       0.000000            0
# Jump frustrated.
       269       134.5000       1       1       8.216310       2.198328      10.414639       2.388195       3.875599       1.000000     541.499386       0.000000            0
# Jump frustrated.
       270       135.0000       1       1       8.263162       2.144351      10.407513       2.388195       4.393708       1.000000     541.499386       0.000000            0
# Jump frustrated.
       271       135.5000       1       1       7.988576       2.437283      10.425860       2.388194       5.301852       1.000000     541.499386       0.000000            0
# Jump frustrated.
       272       136.0000       1       1       7.633204       2.817618      10.450822       2.388195       6.173871       1.000000     541.499386       0.000000            1
# Jump frustrated.
       273       136.5000       1       1       7.517965       2.930971      10.448937       2.388196       6.137551       1.000000     541.499386       0.000000            0
# Jump frustrated.
       274       137.0000       1       1       7.626342       2.798934      10.425276       2.388195       5.384601       1.000000     541.499386       0.000000            0
       275       137.5000       1       1       7.679630       2.741427      10.421057       2.388196       4.920543       1.000000     541.499386       0.000000            0
# Jump frustrated.
       276       138.0000       1       1       7.565860       2.863914      10.429774       2.388196       4.700165       1.000000     541.499386       0.000000            0
       277       138.5000       1       1       7.345251       3.088960      10.434211       2.388196       4.364965       1.000000     541.499386       0.000000            0
       278       139.0000       1       1       7.074206       3.362377      10.436583       2.388197       3.940849       1.000000     541.499386       0.000000            0
       279       139.5000       1       1       6.782435       3.655933      10.438368       2.388198       3.498496       1.000000     541.499386       0.000000            0
# Jump frustrated.
       280       140.0000       1       1       6.489812       3.950526      10.440338       2.388199       3.179528       1.000000     541.499386       0.000000            0
       281       140.5000       1       1       6.212701       4.228096      10.440797       2.388199       2.979824       1.000000     541.499386       0.000000            1
       282       141.0000       1       1       5.959323       4.481791      10.441114       2.388200       2.956069       1.000000     541.499386       0.000000            0
# Jump frustrated.
       283       141.5000       1       1       5.728357       4.712027      10.440383       2.388201       3.122523       1.000000     541.499386       0.000000            0
       284       142.0000       1       1       5.512604       4.926899      10.439503       2.388201       3.486087       1.000000     541.499386       0.000000            0
# Jump frustrated.
       285       142.5000       1       1       5.299896       5.137204      10.437100       2.388201       3.985320       1.000000     541.499386       0.000000            0
# Jump frustrated.
       286       143.0000       1       1       5.070500       5.364741      10.435241       2.388201       4.689304       1.000000     541.499386       0.000000            0
# Jump frustrated.
       287       143.5000       1       1       4.827885       5.611170      10.439055       2.388202       5.551903       1.000000     541.499386       0.000000            1
# Jump frustrated.
       288       144.0000       1       1       4.651533       5.797185      10.448718       2.388202       6.320222       1.000000     541.499386       0.000000            0
       289       144.5000       1       1       4.676375       5.776632      10.453007       2.388201       6.751577       1.000000     541.499386       0.000000            0
# Jump frustrated.
       290       145.0000       1       1       4.961694       5.481831      10.443525       2.388200       6.689619       1.000000     541.499386       0.000000            0
       291       145.5000       1       1       5.382104       5.042744      10.424847       2.388199       6.152733       1.000000     541.499386       0.000000            0
       292       146.0000       1       1       5.683952       4.724898      10.408850       2.388199       5.266104       1.000000     541.499386       0.000000            0
# Jump frustrated.
       293       146.5000       1       1       5.665812       4.742752      10.408564       2.388198       4.551651       1.000000     541.499386       0.000000            0
       294       147.0000       1       1       5.395317       5.042121      10.437438       2.388198       4.628429       1.000000     541.499386       0.000000            1
       295       147.5000       1       1       5.289949       5.180387      10.470335       2.388196       5.157629       1.000000     541.499386       0.000000            0
# Jump frustrated.
       296       148.0000       1       1       5.781449       4.684830      10.466280       2.388195       5.105928       1.000000     541.499386       0.000000            0
# Jump frustrated.
       297       148.5000       1       1       6.818847       3.610259      10.429106       2.388194       4.240202       1.000000     541.499386       0.000000            0
       298       149.0000       1       1       7.914373       2.485656      10.400028       2.388194       3.115050       1.000000     541.499386       0.000000            0
       299       149.5000       1       1       8.617194       1.774396      10.391590       2.388194       2.347046       1.000000     541.499386       0.000000            0
# Jump frustrated.
       300       150.0000       1       1       8.789204       1.617030      10.406234       2.388194       2.160310       1.000000     541.499386       0.000000            0
# Jump frustrated.
       301       150.5000       1       1       8.546403       1.874670      10.421073       2.388194       2.210812       1.000000     541.499386       0.000000            1
# Jump frustrated.
       302       151.0000       1       1       8.072514       2.358808      10.431322       2.388194       2.306257       1.000000     541.499386       0.000000            0
# Jump frustrated.
       303       151.5000       1       1       7.519605       2.918930      10.438535       2.388194       2.393873       1.000000     541.499386       0.000000            0
# Jump frustrated.
       304       152.0000       1       1       6.992824       3.451025      10.443849       2.388194       2.470961       1.000000     541.499386       0.000000            0
# Jump frustrated.
       305       152.5000       1       1       6.554128       3.885130      10.439258       2.388193       2.555944       1.000000     541.499386       0.000000            0
# Jump frustrated.
       306       153.0000       1       1       6.209869       4.228511      10.438381       2.388193       2.632015       1.000000     541.499386       0.000000            0
# Jump frustrated.
       307       153.5000       1       1       5.937718       4.500060      10.437778       2.388193       2.853092       1.000000     541.499386       0.000000            1
       308       154.0000       1       1       5.737571       4.703100      10.440671       2.388193       3.311617       1.000000     541.499386       0.000000            0
# Jump frustrated.
       309       154.5000       1       1       5.648905       4.796938      10.445843       2.388194       3.914298       1.000000     541.499386       0.000000            0
# Jump frustrated.
       310       155.0000       1       1       5.743482       4.707044      10.450526       2.388194       4.390938       1.000000     541.499386       0.000000            0
       311       155.5000       1       1       6.070793       4.374043      10.444837       2.388194       4.550266       1.000000     541.499386       0.000000            0
       312       156.0000       1       1       6.561378       3.867899      10.429277       2.388195       4.337447       1.000000     541.499386       0.000000            0
# Jump frustrated.
       313       156.5000       1       1       7.009825       3.402653      10.412478       2.388195       4.061393       1.000000     541.499386       0.000000            0
# Jump frustrated.
       314       157.0000       1       1       7.167855       3.228056      10.395911       2.388195       4.073328       1.000000     541.499386       0.000000            1
       315       157.5000       1       1       6.828227       3.561887      10.390114       2.388195       4.751537       1.000000     541.499386       0.000000            0
       316       158.0000       1       1       6.005047       4.409336      10.414384       2.388195       5.936011       1.000000     541.499386       0.000000            0
# Jump frustrated.
       317       158.5000       1       1       5.068448       5.385087      10.453534       2.388195       6.939258       1.000000     541.499386       0.000000            0
# Jump frustrated.
       318       159.0000       1       1       4.532380       5.936904      10.469285       2.388196       7.142791       1.000000     541.499386       0.000000            0
# Jump frustrated.
       319       159.5000       1       1       4.642947       5.814624      10.457571       2.388196       6.577502       1.000000     541.499386       0.000000            0
# Jump frustrated.
       320       160.0000       1       1       5.242270       5.192220      10.434491       2.388196       5.551971       1.000000     541.499386       0.000000            1
       321       160.5000       1       1       5.957658       4.456048      10.413705       2.388197       4.265050       1.000000     541.499386       0.000000            0
       322       161.0000       1       1       6.457526       3.954263      10.411789       2.388196       3.161770       1.000000     541.499386       0.000000            0
# Jump frustrated.
       323       161.5000       1       1       6.618032       3.800219      10.418252       2.388195       2.621369       1.000000     541.499386       0.000000            0
# Jump frustrated.
       324       162.0000       1       1       6.494370       3.934956      10.429326       2.388195       2.579409       1.000000     541.499386       0.000000            0
# Jump frustrated.
       325       162.5000       1       1       6.208544       4.227266      10.435810       2.388195       2.719344       1.000000     541.499386       0.000000            0
# Jump frustrated.
       326       163.0000       1       1       5.861168       4.579366      10.440534       2.388194       2.922586       1.000000     541.499386       0.000000            0
# Jump frustrated.
       327       163.5000       1       1       5.518411       4.924823      10.443234       2.388195       3.134365       1.000000     541.499386       0.000000            1
# Jump frustrated.
       328       164.0000       1       1       5.225286       5.219624      10.444911       2.388195       3.352339       1.000000     541.499386       0.000000            0
# Jump frustrated.
       329       164.5000       1       1       5.016631       5.430552      10.447183       2.388194       3.619652       1.000000     541.499386       0.000000            0
# Jump frustrated.
       330       165.0000       1       1       4.930279       5.518577      10.448856       2.388194       3.914972       1.000000     541.499386       0.000000            0
# Jump frustrated.
       331       165.5000       1       1       4.997041       5.451728      10.448769       2.388196       4.273120       1.000000     541.499386       0.000000            0
       332       166.0000       1       1       5.221425       5.225437      10.446862       2.388197       4.794147       1.000000     541.499386       0.000000            0
       333       166.5000       1       1       5.581742       4.862541      10.444284       2.388197       5.516677       1.000000     541.499386       0.000000            0
       334       167.0000       1       1       6.040069       4.400617      10.440686       2.388199       6.212343       1.000000     541.499386       0.000000            1
       335       167.5000       1       1       6.540446       3.894057      10.434504       2.388203       6.658513       1.000000     541.499386       0.000000            0
       336       168.0000       1       1       6.991463       3.431510      10.422973       2.388203       6.686041       1.000000     541.499386       0.000000            0
# Jump frustrated.
       337       168.5000       1       1       7.245178       3.163490      10.408668       2.388200       6.265821       1.000000     541.499386       0.000000            0
# Jump frustrated.
       338       169.0000       1       1       7.178801       3.232416      10.411217       2.388200       5.714450       1.000000     541.499386       0.000000            0
       339       169.5000       1       1       6.884735       3.551507      10.436242       2.388203       5.600840       1.000000     541.499386       0.000000            0
# Jump frustrated.
       340       170.0000       1       1       6.766171       3.704928      10.471099       2.388204       5.789542       1.000000     541.499386       0.000000            1
# Jump frustrated.
       341       170.5000       1       1       7.253291       3.210825      10.464116       2.388205       5.348852       1.000000     541.499386       0.000000            0
       342       171.0000       1       1       8.247075       2.173831      10.420906       2.388206       3.874427       1.000000     541.499386       0.000000            0
# Jump frustrated.
       343       171.5000       1       1       9.175186       1.226730      10.401916       2.388205       2.462498       1.000000     541.499386       0.000000            0
# Jump frustrated.
       344       172.0000       1       1       9.629614       0.768958      10.398572       2.388205       1.699524       1.000000     541.499386       0.000000            0
# Jump frustrated.
       345       172.5000       1       1       9.503795       0.899335      10.403130       2.388204       1.666790       1.000000     541.499386       0.000000            1
# Jump frustrated.
       346       173.0000       1       1       8.889652       1.535026      10.424678       2.388204       2.126823       1.000000     541.499386       0.000000            0
       347       173.5000       1       1       8.008712       2.428771      10.437484       2.388204       2.605871       1.000000     541.499386       0.000000            0
       348       174.0000       1       1       7.062696       3.384176      10.446872       2.388205       3.030411       1.000000     541.499386       0.000000            0
# Jump frustrated.
       349       174.5000       1       1       6.181118       4.271278      10.452396       2.388206       3.393672       1.000000     541.499386       0.000000            0
       350       175.0000       1       1       5.463911       4.991672      10.455584       2.388206       3.588323       1.000000     541.499386       0.000000            0
# Jump frustrated.
       351       175.5000       1       1       4.963510       5.493665      10.457175       2.388207       3.751288       1.000000     541.499386       0.000000            1
# Jump frustrated.
       352       176.0000       1       1       4.695823       5.761062      10.456885       2.388208       3.848320       1.000000     541.499386       0.000000            0
# Jump frustrated.
       353       176.5000       1       1       4.658376       5.796978      10.455354       2.388208       3.869033       1.000000     541.499386       0.000000            0
       354       177.0000       1       1       4.827094       5.625702      10.452796       2.388209       3.828051       1.000000     541.499386       0.000000            0
       355       177.5000       1       1       5.160463       5.288342      10.448805       2.388210       3.722301       1.000000     541.499386       0.000000            0
# Jump frustrated.
       356       178.0000       1       1       5.585963       4.853199      10.439162       2.388211       3.573195       1.000000     541.499386       0.000000            0
       357       178.5000       1       1       5.982423       4.447536      10.429959       2.388211       3.447706       1.000000     541.499386       0.000000            0
       358       179.0000       1       1       6.200681       4.218131      10.418812       2.388211       3.619802       1.000000     541.499386       0.000000            1
# Jump frustrated.
       359       179.5000       1       1       6.118348       4.297437      10.415785       2.388210       4.232873       1.000000     541.499386       0.000000            0
       360       180.0000       1       1       5.739712       4.687321      10.427034       2.388209       5.180466       1.000000     541.499386       0.000000            0
# Jump frustrated.
       361       180.5000       1       1       5.267767       5.181009      10.448777       2.388209       5.988871       1.000000     541.499386       0.000000            0
# Jump frustrated.
       362       181.0000       1       1       5.018789       5.444254      10.463044       2.388208       6.220328       1.000000     541.499386       0.000000            0
# Jump frustrated.
       363       181.5000       1       1       5.211548       5.247651      10.459199       2.388207       5.823405       1.000000     541.499386       0.000000            1
       364       182.0000       1       1       5.791883       4.643932      10.435814       2.388207       4.835245       1.000000     541.499386       0.000000            0
       365       182.5000       1       1       6.438208       3.975854      10.414062       2.388207       3.414092       1.000000     541.499386       0.000000            0
# Jump frustrated.
       366       183.0000       1       1       6.814990       3.596350      10.411340       2.388206       2.261832       1.000000     541.499386       0.000000            0
       367       183.5000       1       1       6.801741       3.616072      10.417814       2.388206       1.739289       1.000000     541.499386       0.000000            0
       368       184.0000       1       1       6.460585       3.970457      10.431042       2.388205       1.846412       1.000000     541.499386       0.000000            1
# Jump frustrated.
       369       184.5000       1       1       5.942752       4.498607      10.441360       2.388206       2.130209       1.000000     541.499386       0.000000            0
       370       185.0000       1       1       5.393478       5.055823      10.449301       2.388207       2.385432       1.000000     541.499386       0.000000            0
# Jump frustrated.
       371       185.5000       1       1       4.917704       5.534771      10.452475       2.388207       2.551715       1.000000     541.499386       0.000000            0
# Jump frustrated.
       372       186.0000       1       1       4.575872       5.878567      10.454439       2.388207       2.691803       1.000000     541.499386       0.000000            0
       373       186.5000       1       1       4.393245       6.061261      10.454506       2.388207       2.845669       1.000000     541.499386       0.000000            0
# Jump frustrated.
       374       187.0000       1       1       4.378730       6.076001      10.454730       2.388207       3.026775       1.000000     541.499386       0.000000            0
# Jump frustrated.
       375       187.5000       1       1       4.533385       5.920919      10.454304       2.388207       3.223387       1.000000     541.499386       0.000000            0
       376       188.0000       1       1       4.851491       5.601412      10.452903       2.388206       3.397976       1.000000     541.499386       0.000000            1
# Jump frustrated.
       377       188.5000       1       1       5.316317       5.134506      10.450822       2.388207       3.505250       1.000000     541.499386       0.000000            0
       378       189.0000       1       1       5.897010       4.550301      10.447311       2.388207       3.522004       1.000000     541.499386       0.000000            0
# Jump frustrated.
       379       189.5000       1       1       6.544922       3.898417      10.443339       2.388207       3.406495       1.000000     541.499386       0.000000            0
       380       190.0000       1       1       7.196468       3.240097      10.436565       2.388208       3.272892       1.000000     541.499386       0.000000            0
       381       190.5000       1       1       7.787679       2.644890      10.432569       2.388208       3.119772       1.000000     541.499386       0.000000            0
# Jump frustrated.
       382       191.0000       1       1       8.273661       2.152655      10.426316       2.388207       2.976881       1.000000     541.499386       0.000000            1
       383       191.5000       1       1       8.591271       1.824844      10.416115       2.388207       2.729373       1.000000     541.499386       0.000000            0
       384       192.0000       1       1       8.625725       1.783946      10.409671       2.388207       2.879407       1.000000     541.499386       0.000000            0
# Jump frustrated.
       385       192.5000       1       1       8.383506       2.046153      10.429658       2.388206       3.776995       1.000000     541.499386       0.000000            0
# Jump frustrated.
       386       193.0000       1       1       8.127980       2.319570      10.447551       2.388205       4.296749       1.000000     541.499386       0.000000            0
# Jump frustrated.
       387       193.5000       1       1       8.072489       2.363168      10.435657       2.388203       3.767004       1.000000     541.499386       0.000000            0
       388       194.0000       1       1       8.068578       2.348635      10.417213       2.388203       2.717509       1.000000     541.499386       0.000000            1
# Jump frustrated.
       389       194.5000       1       1       7.850389       2.568490      10.418879       2.388202       2.162454       1.000000     541.499386       0.000000            0
# Jump frustrated.
       390       195.0000       1       1       7.355727       3.070898      10.426625       2.388202       2.207492       1.000000     541.499386       0.000000            0
# Jump frustrated.
       391       195.5000       1       1       6.674662       3.759736      10.434398       2.388202       2.383281       1.000000     541.499386       0.000000            0
# Jump frustrated.
       392       196.0000       1       1       5.919633       4.522690      10.442323       2.388202       2.584851       1.000000     541.499386       0.000000            0
# Jump frustrated.
       393       196.5000       1       1       5.204159       5.243499      10.447658       2.388202       2.745982       1.000000     541.499386       0.000000            0
       394       197.0000       1       1       4.618800       5.834347      10.453147       2.388203       2.901173       1.000000     541.499386       0.000000            0
# Jump frustrated.
       395       197.5000       1       1       4.236027       6.219249      10.455276       2.388203       2.909728       1.000000     541.499386       0.000000            1
# Jump frustrated.
       396       198.0000       1       1       4.090364       6.364158      10.454523       2.388205       2.843137       1.000000     541.499386       0.000000            0
       397       198.5000       1       1       4.170225       6.281531      10.451756       2.388206       2.733409       1.000000     541.499386       0.000000            0
       398       199.0000       1       1       4.440256       6.008944      10.449200       2.388206       2.622230       1.000000     541.499386       0.000000            0
       399       199.5000       1       1       4.853678       5.590409      10.444088       2.388206       2.502000       1.000000     541.499386       0.000000            0
# Jump frustrated.
       400       200.0000       1       1       5.345299       5.092984      10.438283       2.388206       2.390825       1.000000     541.499386       0.000000            0
