#===============================================================================================================================================================================
#     Step |         Time |         State |                                     Energy |      Angular |     Gradient |      Density |           Expectation Value |    Runtime |
#          |              |  diag |   MCH |          kin |          pot |          tot |     Momentum |          RMS |        Total |           DM |            S |            |
#          |         [fs] |       |       |         [eV] |         [eV] |         [eV] |       [hbar] |     [eV/Ang] |              |      [Debye] |              |      [sec] |
#===============================================================================================================================================================================
         0         0.0000       2       2       0.052746      10.285013      10.337759       0.000144       2.993392       1.000000     541.499386       0.000000            4
         1         0.5000       2       2       0.094033      10.243284      10.337317       0.000144       2.936076       1.000000     541.499386       0.000000            2
# Surface Hop/Pointer State Switch: new state=      1 old state=      2 randnum=  0.158213810 gap= -9.917565 eV
         2         1.0000       1       1      10.124744       0.212573      10.337317       3.162094       1.261812       1.000000     541.499386       0.000000            0
         3         1.5000       1       1       9.692332       0.656851      10.349182       3.162094       2.586274       1.000000     541.499386       0.000000            1
# Jump frustrated.
         4         2.0000       1       1       8.878025       1.498695      10.376720       3.162094       4.122372       1.000000     541.499386       0.000000            0
# Jump frustrated.
         5         2.5000       1       1       8.063129       2.333065      10.396194       3.162094       4.902615       1.000000     541.499386       0.000000            0
         6         3.0000       1       1       7.505004       2.883429      10.388433       3.162094       4.585143       1.000000     541.499386       0.000000            0
# Jump frustrated.
         7         3.5000       1       1       7.120166       3.254422      10.374588       3.162093       3.788226       1.000000     541.499386       0.000000            0
# Jump frustrated.
         8         4.0000       1       1       6.712882       3.659462      10.372344       3.162093       3.199205       1.000000     541.499386       0.000000            0
# Jump frustrated.
         9         4.5000       1       1       6.214698       4.162700      10.377398       3.162094       3.003575       1.000000     541.499386       0.000000            0
        10         5.0000       1       1       5.668001       4.714103      10.382104       3.162094       3.060189       1.000000     541.499386       0.000000            1
# Jump frustrated.
        11         5.5000       1       1       5.147162       5.240385      10.387547       3.162094       3.224018       1.000000     541.499386       0.000000            0
# Jump frustrated.
        12         6.0000       1       1       4.734668       5.657881      10.392550       3.162094       3.300387       1.000000     541.499386       0.000000            0
# Jump frustrated.
        13         6.5000       1       1       4.494716       5.899535      10.394251       3.162095       3.297558       1.000000     541.499386       0.000000            0
# Jump frustrated.
        14         7.0000       1       1       4.446439       5.946454      10.392894       3.162096       3.232251       1.000000     541.499386       0.000000            0
        15         7.5000       1       1       4.568579       5.820437      10.389017       3.162096       3.129082       1.000000     541.499386       0.000000            0
# Jump frustrated.
        16         8.0000       1       1       4.803857       5.578991      10.382848       3.162096       3.008027       1.000000     541.499386       0.000000            0
# Jump frustrated.
        17         8.5000       1       1       5.063568       5.311386      10.374955       3.162096       2.991509       1.000000     541.499386       0.000000            1
# Jump frustrated.
        18         9.0000       1       1       5.260700       5.111877      10.372576       3.162096       3.266326       1.000000     541.499386       0.000000            0
        19         9.5000       1       1       5.387909       4.992503      10.380412       3.162095       3.848819       1.000000     541.499386       0.000000            0
# Jump frustrated.
        20        10.0000       1       1       5.561965       4.829947      10.391912       3.162095       4.434890       1.000000     541.499386       0.000000            0
# Jump frustrated.
        21        10.5000       1       1       5.934812       4.456878      10.391690       3.162096       4.646311       1.000000     541.499386       0.000000            0
# Jump frustrated.
        22        11.0000       1       1       6.500264       3.872674      10.372938       3.162096       4.195956       1.000000     541.499386       0.000000            0
# Jump frustrated.
        23        11.5000       1       1       7.027203       3.325423      10.352626       3.162097       3.376086       1.000000     541.499386       0.000000            1
# Jump frustrated.
        24        12.0000       1       1       7.230581       3.111589      10.342170       3.162097       3.039430       1.000000     541.499386       0.000000            0
# Jump frustrated.
        25        12.5000       1       1       7.016812       3.344523      10.361336       3.162097       3.894283       1.000000     541.499386       0.000000            0
        26        13.0000       1       1       6.666484       3.728180      10.394664       3.162097       4.929052       1.000000     541.499386       0.000000            0
        27        13.5000       1       1       6.600411       3.796898      10.397309       3.162096       4.941948       1.000000     541.499386       0.000000            0
# Jump frustrated.
        28        14.0000       1       1       6.861329       3.508947      10.370277       3.162096       3.928395       1.000000     541.499386       0.000000            0
        29        14.5000       1       1       7.126466       3.231585      10.358051       3.162096       2.982897       1.000000     541.499386       0.000000            0
# Jump frustrated.
        30        15.0000       1       1       7.175309       3.188818      10.364127       3.162096       2.847959       1.000000     541.499386       0.000000            0
# Jump frustrated.
        31        15.5000       1       1       7.030717       3.342862      10.373579       3.162096       3.188415       1.000000     541.499386       0.000000            1
# Jump frustrated.
        32        16.0000       1       1       6.804098       3.576420      10.380517       3.162095       3.614825       1.000000     541.499386       0.000000            0
# Jump frustrated.
        33        16.5000       1       1       6.593349       3.792123      10.385472       3.162095       3.992634       1.000000     541.499386       0.000000            0
# Jump frustrated.
        34        17.0000       1       1       6.460415       3.926652      10.387067       3.162096       4.279347       1.000000     541.499386       0.000000            0
        35        17.5000       1       1       6.426878       3.959038      10.385916       3.162096       4.480799       1.000000     541.499386       0.000000            0
        36        18.0000       1       1       6.477609       3.905891      10.383499       3.162096       4.668317       1.000000     541.499386       0.000000            0
        37        18.5000       1       1       6.595482       3.788801      10.384283       3.162096       4.705960       1.000000     541.499386       0.000000            1
        38        19.0000       1       1       6.767807       3.613581      10.381388       3.162096       4.570565       1.000000     541.499386       0.000000            0
        39        19.5000       1       1       6.963421       3.415317      10.378738       3.162095       4.352062       1.000000     541.499386       0.000000            0
        40        20.0000       1       1       7.140120       3.233454      10.373574       3.162095       3.905123       1.000000     541.499386       0.000000            0
        41        20.5000       1       1       7.271667       3.103907      10.375575       3.162095       3.407940       1.000000     541.499386       0.000000            0
# Jump frustrated.
        42        21.0000       1       1       7.357812       3.017958      10.375770       3.162095       2.997131       1.000000     541.499386       0.000000            0
# Jump frustrated.
        43        21.5000       1       1       7.397091       2.977890      10.374981       3.162096       2.670986       1.000000     541.499386       0.000000            0
# Jump frustrated.
        44        22.0000       1       1       7.393441       2.984119      10.377559       3.162095       2.539269       1.000000     541.499386       0.000000            0
# Jump frustrated.
        45        22.5000       1       1       7.375384       3.002803      10.378187       3.162095       2.482699       1.000000     541.499386       0.000000            1
# Jump frustrated.
        46        23.0000       1       1       7.342902       3.029792      10.372694       3.162095       2.365940       1.000000     541.499386       0.000000            0
# Jump frustrated.
        47        23.5000       1       1       7.236930       3.133388      10.370318       3.162095       2.361252       1.000000     541.499386       0.000000            0
# Jump frustrated.
        48        24.0000       1       1       7.028735       3.348260      10.376995       3.162095       2.618543       1.000000     541.499386       0.000000            0
# Jump frustrated.
        49        24.5000       1       1       6.774021       3.606938      10.380958       3.162095       2.849769       1.000000     541.499386       0.000000            0
        50        25.0000       1       1       6.526409       3.852536      10.378946       3.162094       2.822031       1.000000     541.499386       0.000000            0
# Jump frustrated.
        51        25.5000       1       1       6.257699       4.114120      10.371819       3.162094       2.662869       1.000000     541.499386       0.000000            0
# Jump frustrated.
        52        26.0000       1       1       5.909931       4.464352      10.374283       3.162094       2.722054       1.000000     541.499386       0.000000            0
# Jump frustrated.
        53        26.5000       1       1       5.496438       4.883302      10.379740       3.162094       3.002070       1.000000     541.499386       0.000000            0
# Jump frustrated.
        54        27.0000       1       1       5.096786       5.290626      10.387412       3.162094       3.279098       1.000000     541.499386       0.000000            0
        55        27.5000       1       1       4.797178       5.593316      10.390494       3.162094       3.410093       1.000000     541.499386       0.000000            0
        56        28.0000       1       1       4.647851       5.743415      10.391266       3.162095       3.460542       1.000000     541.499386       0.000000            1
# Jump frustrated.
        57        28.5000       1       1       4.657842       5.732204      10.390046       3.162095       3.450835       1.000000     541.499386       0.000000            0
# Jump frustrated.
        58        29.0000       1       1       4.807620       5.580237      10.387856       3.162095       3.417987       1.000000     541.499386       0.000000            0
        59        29.5000       1       1       5.064246       5.322182      10.386428       3.162095       3.416348       1.000000     541.499386       0.000000            0
# Jump frustrated.
        60        30.0000       1       1       5.400738       4.985444      10.386182       3.162095       3.490592       1.000000     541.499386       0.000000            0
# Jump frustrated.
        61        30.5000       1       1       5.806790       4.579366      10.386156       3.162095       3.640129       1.000000     541.499386       0.000000            0
# Jump frustrated.
        62        31.0000       1       1       6.274046       4.110176      10.384222       3.162095       3.774630       1.000000     541.499386       0.000000            0
# Jump frustrated.
        63        31.5000       1       1       6.783176       3.598633      10.381809       3.162095       3.929973       1.000000     541.499386       0.000000            1
# Jump frustrated.
        64        32.0000       1       1       7.307768       3.072351      10.380119       3.162095       3.925133       1.000000     541.499386       0.000000            0
# Jump frustrated.
        65        32.5000       1       1       7.822369       2.558941      10.381310       3.162094       3.648416       1.000000     541.499386       0.000000            0
# Jump frustrated.
        66        33.0000       1       1       8.304368       2.074595      10.378962       3.162094       3.158617       1.000000     541.499386       0.000000            0
        67        33.5000       1       1       8.715890       1.659174      10.375065       3.162094       2.593062       1.000000     541.499386       0.000000            0
# Jump frustrated.
        68        34.0000       1       1       8.993793       1.374754      10.368546       3.162094       2.038635       1.000000     541.499386       0.000000            0
        69        34.5000       1       1       9.058147       1.306451      10.364598       3.162094       1.766800       1.000000     541.499386       0.000000            0
# Jump frustrated.
        70        35.0000       1       1       8.864468       1.501394      10.365862       3.162095       1.982533       1.000000     541.499386       0.000000            1
# Jump frustrated.
        71        35.5000       1       1       8.433481       1.936537      10.370017       3.162095       2.497642       1.000000     541.499386       0.000000            0
        72        36.0000       1       1       7.837932       2.536519      10.374451       3.162095       3.070189       1.000000     541.499386       0.000000            0
        73        36.5000       1       1       7.171550       3.211448      10.382998       3.162094       3.569631       1.000000     541.499386       0.000000            0
        74        37.0000       1       1       6.525918       3.868522      10.394440       3.162094       3.895061       1.000000     541.499386       0.000000            0
# Jump frustrated.
        75        37.5000       1       1       5.984942       4.411413      10.396355       3.162095       3.921038       1.000000     541.499386       0.000000            0
# Jump frustrated.
        76        38.0000       1       1       5.584888       4.809186      10.394075       3.162095       3.963245       1.000000     541.499386       0.000000            0
# Jump frustrated.
        77        38.5000       1       1       5.321839       5.073885      10.395724       3.162095       4.021606       1.000000     541.499386       0.000000            0
        78        39.0000       1       1       5.189693       5.204677      10.394369       3.162095       4.071464       1.000000     541.499386       0.000000            1
# Jump frustrated.
        79        39.5000       1       1       5.180918       5.213396      10.394314       3.162095       4.117763       1.000000     541.499386       0.000000            0
# Jump frustrated.
        80        40.0000       1       1       5.291665       5.102119      10.393784       3.162095       4.098421       1.000000     541.499386       0.000000            0
# Jump frustrated.
        81        40.5000       1       1       5.516869       4.875828      10.392697       3.162094       4.004336       1.000000     541.499386       0.000000            0
        82        41.0000       1       1       5.842181       4.548225      10.390406       3.162094       3.820011       1.000000     541.499386       0.000000            0
# Jump frustrated.
        83        41.5000       1       1       6.235067       4.150244      10.385310       3.162094       3.463224       1.000000     541.499386       0.000000            0
        84        42.0000       1       1       6.629466       3.749771      10.379237       3.162094       2.974751       1.000000     541.499386       0.000000            0
# Jump frustrated.
        85        42.5000       1       1       6.938721       3.433171      10.371892       3.162094       2.371722       1.000000     541.499386       0.000000            1
# Jump frustrated.
        86        43.0000       1       1       7.056001       3.305493      10.361495       3.162094       1.777924       1.000000     541.499386       0.000000            0
        87        43.5000       1       1       6.840742       3.508325      10.349067       3.162094       2.096953       1.000000     541.499386       0.000000            0
# Jump frustrated.
        88        44.0000       1       1       6.196037       4.157717      10.353755       3.162093       3.997516       1.000000     541.499386       0.000000            0
        89        44.5000       1       1       5.356477       5.049802      10.406280       3.162093       6.273261       1.000000     541.499386       0.000000            0
        90        45.0000       1       1       4.976421       5.453597      10.430017       3.162093       7.085074       1.000000     541.499386       0.000000            0
        91        45.5000       1       1       5.366180       5.024889      10.391070       3.162093       6.106318       1.000000     541.499386       0.000000            1
# Jump frustrated.
        92        46.0000       1       1       6.035003       4.312177      10.347180       3.162093       3.982307       1.000000     541.499386       0.000000            0
        93        46.5000       1       1       6.389683       3.965889      10.355572       3.162093       2.587583       1.000000     541.499386       0.000000            0
# Jump frustrated.
        94        47.0000       1       1       6.362879       4.008448      10.371327       3.162093       2.219109       1.000000     541.499386       0.000000            0
        95        47.5000       1       1       6.128367       4.254047      10.382414       3.162093       2.260174       1.000000     541.499386       0.000000            0
# Jump frustrated.
        96        48.0000       1       1       5.835153       4.555076      10.390229       3.162093       2.384201       1.000000     541.499386       0.000000            1
# Jump frustrated.
        97        48.5000       1       1       5.596301       4.801090      10.397390       3.162093       2.476300       1.000000     541.499386       0.000000            0
# Jump frustrated.
        98        49.0000       1       1       5.490515       4.907384      10.397900       3.162093       2.467508       1.000000     541.499386       0.000000            0
        99        49.5000       1       1       5.523883       4.869185      10.393068       3.162093       2.361759       1.000000     541.499386       0.000000            0
# Jump frustrated.
       100        50.0000       1       1       5.644973       4.743790      10.388764       3.162093       2.222100       1.000000     541.499386       0.000000            0
# Jump frustrated.
       101        50.5000       1       1       5.790666       4.594106      10.384773       3.162093       2.088822       1.000000     541.499386       0.000000            0
       102        51.0000       1       1       5.923650       4.463522      10.387171       3.162093       2.078239       1.000000     541.499386       0.000000            1
# Jump frustrated.
       103        51.5000       1       1       6.062051       4.328162      10.390214       3.162093       2.188584       1.000000     541.499386       0.000000            0
# Jump frustrated.
       104        52.0000       1       1       6.251549       4.141524      10.393073       3.162093       2.341293       1.000000     541.499386       0.000000            0
       105        52.5000       1       1       6.532692       3.861671      10.394363       3.162092       2.487685       1.000000     541.499386       0.000000            0
       106        53.0000       1       1       6.930561       3.463689      10.394251       3.162092       2.581550       1.000000     541.499386       0.000000            0
# Jump frustrated.
       107        53.5000       1       1       7.441084       2.947995      10.389079       3.162093       2.590267       1.000000     541.499386       0.000000            0
       108        54.0000       1       1       7.996861       2.381230      10.378090       3.162093       2.415253       1.000000     541.499386       0.000000            0
# Jump frustrated.
       109        54.5000       1       1       8.474358       1.896053      10.370412       3.162093       2.123713       1.000000     541.499386       0.000000            0
# Jump frustrated.
       110        55.0000       1       1       8.723186       1.629694      10.352880       3.162093       1.856696       1.000000     541.499386       0.000000            0
       111        55.5000       1       1       8.548648       1.791420      10.340068       3.162093       2.265352       1.000000     541.499386       0.000000            1
# Jump frustrated.
       112        56.0000       1       1       7.859388       2.493752      10.353140       3.162093       3.921496       1.000000     541.499386       0.000000            0
       113        56.5000       1       1       6.997655       3.413656      10.411311       3.162092       5.816167       1.000000     541.499386       0.000000            0
# Jump frustrated.
       114        57.0000       1       1       6.695602       3.728595      10.424198       3.162092       6.018969       1.000000     541.499386       0.000000            0
# Jump frustrated.
       115        57.5000       1       1       7.110891       3.255460      10.366351       3.162092       4.299847       1.000000     541.499386       0.000000            0
       116        58.0000       1       1       7.572467       2.769661      10.342128       3.162092       2.425132       1.000000     541.499386       0.000000            0
       117        58.5000       1       1       7.574405       2.777343      10.351748       3.162093       2.198996       1.000000     541.499386       0.000000            0
# Jump frustrated.
       118        59.0000       1       1       7.145299       3.227226      10.372524       3.162093       2.787368       1.000000     541.499386       0.000000            0
       119        59.5000       1       1       6.517352       3.869767      10.387120       3.162092       3.241281       1.000000     541.499386       0.000000            0
# Jump frustrated.
       120        60.0000       1       1       5.900689       4.496946      10.397635       3.162091       3.516878       1.000000     541.499386       0.000000            1
# Jump frustrated.
       121        60.5000       1       1       5.433238       4.968005      10.401243       3.162091       3.456802       1.000000     541.499386       0.000000            0
       122        61.0000       1       1       5.159716       5.238309      10.398025       3.162092       3.133770       1.000000     541.499386       0.000000            0
# Jump frustrated.
       123        61.5000       1       1       5.028382       5.362665      10.391047       3.162092       2.667095       1.000000     541.499386       0.000000            0
# Jump frustrated.
       124        62.0000       1       1       4.939360       5.445708      10.385068       3.162092       2.239085       1.000000     541.499386       0.000000            0
# Jump frustrated.
       125        62.5000       1       1       4.805548       5.577538      10.383086       3.162092       2.072977       1.000000     541.499386       0.000000            0
# Jump frustrated.
       126        63.0000       1       1       4.602485       5.784314      10.386799       3.162091       2.214427       1.000000     541.499386       0.000000            1
       127        63.5000       1       1       4.373826       6.017248      10.391074       3.162091       2.463432       1.000000     541.499386       0.000000            0
# Jump frustrated.
       128        64.0000       1       1       4.183666       6.210114      10.393780       3.162091       2.673397       1.000000     541.499386       0.000000            0
# Jump frustrated.
       129        64.5000       1       1       4.068507       6.324298      10.392805       3.162091       2.809617       1.000000     541.499386       0.000000            0
# Jump frustrated.
       130        65.0000       1       1       4.021793       6.368933      10.390726       3.162090       2.949837       1.000000     541.499386       0.000000            0
# Jump frustrated.
       131        65.5000       1       1       4.017406       6.372670      10.390076       3.162090       3.151353       1.000000     541.499386       0.000000            0
       132        66.0000       1       1       4.040698       6.350249      10.390947       3.162090       3.383411       1.000000     541.499386       0.000000            0
# Jump frustrated.
       133        66.5000       1       1       4.096653       6.295233      10.391886       3.162090       3.558033       1.000000     541.499386       0.000000            1
# Jump frustrated.
       134        67.0000       1       1       4.196104       6.195374      10.391479       3.162090       3.612860       1.000000     541.499386       0.000000            0
       135        67.5000       1       1       4.338774       6.051918      10.390692       3.162089       3.548106       1.000000     541.499386       0.000000            0
# Jump frustrated.
       136        68.0000       1       1       4.522431       5.869432      10.391863       3.162090       3.466316       1.000000     541.499386       0.000000            0
# Jump frustrated.
       137        68.5000       1       1       4.773918       5.622381      10.396299       3.162090       3.465428       1.000000     541.499386       0.000000            0
# Jump frustrated.
       138        69.0000       1       1       5.156220       5.244952      10.401172       3.162090       3.511039       1.000000     541.499386       0.000000            1
# Jump frustrated.
       139        69.5000       1       1       5.733930       4.667806      10.401737       3.162091       3.492530       1.000000     541.499386       0.000000            0
# Jump frustrated.
       140        70.0000       1       1       6.508053       3.885961      10.394014       3.162091       3.235292       1.000000     541.499386       0.000000            0
       141        70.5000       1       1       7.375787       3.005294      10.381081       3.162090       2.737603       1.000000     541.499386       0.000000            0
# Jump frustrated.
       142        71.0000       1       1       8.147479       2.215352      10.362831       3.162090       2.002550       1.000000     541.499386       0.000000            0
# Jump frustrated.
       143        71.5000       1       1       8.564070       1.778133      10.342203       3.162090       1.432546       1.000000     541.499386       0.000000            0
# Jump frustrated.
       144        72.0000       1       1       8.394916       1.942557      10.337473       3.162090       2.733251       1.000000     541.499386       0.000000            0
# Jump frustrated.
       145        72.5000       1       1       7.691472       2.682466      10.373938       3.162090       5.248700       1.000000     541.499386       0.000000            1
       146        73.0000       1       1       7.058881       3.366322      10.425202       3.162091       6.927519       1.000000     541.499386       0.000000            0
       147        73.5000       1       1       7.142214       3.268332      10.410546       3.162091       6.702407       1.000000     541.499386       0.000000            0
# Jump frustrated.
       148        74.0000       1       1       7.764893       2.591120      10.356013       3.162090       4.919434       1.000000     541.499386       0.000000            0
# Jump frustrated.
       149        74.5000       1       1       8.244954       2.100130      10.345084       3.162090       3.331464       1.000000     541.499386       0.000000            0
       150        75.0000       1       1       8.277279       2.082692      10.359970       3.162090       2.775603       1.000000     541.499386       0.000000            1
# Jump frustrated.
       151        75.5000       1       1       7.968213       2.406350      10.374563       3.162089       2.760156       1.000000     541.499386       0.000000            0
       152        76.0000       1       1       7.496602       2.885713      10.382315       3.162089       2.832077       1.000000     541.499386       0.000000            0
# Jump frustrated.
       153        76.5000       1       1       6.977433       3.409296      10.386729       3.162089       2.893096       1.000000     541.499386       0.000000            0
# Jump frustrated.
       154        77.0000       1       1       6.491991       3.900286      10.392277       3.162090       2.899715       1.000000     541.499386       0.000000            0
# Jump frustrated.
       155        77.5000       1       1       6.109956       4.285811      10.395767       3.162090       2.849691       1.000000     541.499386       0.000000            0
# Jump frustrated.
       156        78.0000       1       1       5.864310       4.531617      10.395926       3.162090       2.830479       1.000000     541.499386       0.000000            0
       157        78.5000       1       1       5.755645       4.637703      10.393349       3.162089       2.858082       1.000000     541.499386       0.000000            0
# Jump frustrated.
       158        79.0000       1       1       5.761200       4.629399      10.390599       3.162089       2.909912       1.000000     541.499386       0.000000            1
       159        79.5000       1       1       5.845512       4.541167      10.386679       3.162090       3.008714       1.000000     541.499386       0.000000            0
# Jump frustrated.
       160        80.0000       1       1       5.953103       4.429474      10.382577       3.162090       3.222110       1.000000     541.499386       0.000000            0
# Jump frustrated.
       161        80.5000       1       1       6.058170       4.331069      10.389238       3.162090       3.506403       1.000000     541.499386       0.000000            0
       162        81.0000       1       1       6.207165       4.187405      10.394570       3.162089       3.772900       1.000000     541.499386       0.000000            0
# Jump frustrated.
       163        81.5000       1       1       6.451571       3.937862      10.389433       3.162089       3.751712       1.000000     541.499386       0.000000            0
# Jump frustrated.
       164        82.0000       1       1       6.716460       3.652404      10.368864       3.162088       3.334249       1.000000     541.499386       0.000000            0
# Jump frustrated.
       165        82.5000       1       1       6.744418       3.597180      10.341598       3.162089       2.919842       1.000000     541.499386       0.000000            0
# Jump frustrated.
       166        83.0000       1       1       6.235681       4.099380      10.335061       3.162089       4.017590       1.000000     541.499386       0.000000            0
       167        83.5000       1       1       5.315975       5.082189      10.398163       3.162089       6.338860       1.000000     541.499386       0.000000            1
# Jump frustrated.
       168        84.0000       1       1       4.801307       5.637536      10.438843       3.162089       7.309941       1.000000     541.499386       0.000000            0
# Jump frustrated.
       169        84.5000       1       1       5.232660       5.170422      10.403081       3.162088       6.375762       1.000000     541.499386       0.000000            0
# Jump frustrated.
       170        85.0000       1       1       6.137435       4.202560      10.339996       3.162088       3.987452       1.000000     541.499386       0.000000            0
       171        85.5000       1       1       6.706403       3.635172      10.341575       3.162088       2.236697       1.000000     541.499386       0.000000            0
# Jump frustrated.
       172        86.0000       1       1       6.711073       3.651988      10.363062       3.162087       2.370457       1.000000     541.499386       0.000000            0
       173        86.5000       1       1       6.356042       4.024227      10.380268       3.162087       3.124601       1.000000     541.499386       0.000000            1
# Jump frustrated.
       174        87.0000       1       1       5.864180       4.526426      10.390607       3.162087       3.894250       1.000000     541.499386       0.000000            0
       175        87.5000       1       1       5.399180       5.000807      10.399987       3.162087       4.484104       1.000000     541.499386       0.000000            0
# Jump frustrated.
       176        88.0000       1       1       5.074315       5.328825      10.403140       3.162087       4.836144       1.000000     541.499386       0.000000            0
# Jump frustrated.
       177        88.5000       1       1       4.939284       5.463769      10.403054       3.162087       4.992178       1.000000     541.499386       0.000000            0
# Jump frustrated.
       178        89.0000       1       1       4.996830       5.404809      10.401639       3.162087       4.983364       1.000000     541.499386       0.000000            0
# Jump frustrated.
       179        89.5000       1       1       5.228809       5.170629      10.399438       3.162087       4.796596       1.000000     541.499386       0.000000            0
# Jump frustrated.
       180        90.0000       1       1       5.600625       4.795277      10.395902       3.162087       4.422289       1.000000     541.499386       0.000000            1
# Jump frustrated.
       181        90.5000       1       1       6.058961       4.333145      10.392105       3.162087       3.888211       1.000000     541.499386       0.000000            0
# Jump frustrated.
       182        91.0000       1       1       6.542022       3.846308      10.388329       3.162086       3.320553       1.000000     541.499386       0.000000            0
# Jump frustrated.
       183        91.5000       1       1       7.001980       3.385837      10.387817       3.162086       2.857601       1.000000     541.499386       0.000000            0
# Jump frustrated.
       184        92.0000       1       1       7.429545       2.961489      10.391034       3.162086       2.685979       1.000000     541.499386       0.000000            0
# Jump frustrated.
       185        92.5000       1       1       7.855118       2.539218      10.394336       3.162086       2.721344       1.000000     541.499386       0.000000            1
       186        93.0000       1       1       8.318697       2.076048      10.394745       3.162086       2.774693       1.000000     541.499386       0.000000            0
# Jump frustrated.
       187        93.5000       1       1       8.827115       1.563468      10.390583       3.162086       2.634717       1.000000     541.499386       0.000000            0
# Jump frustrated.
       188        94.0000       1       1       9.295674       1.076216      10.371890       3.162086       2.225769       1.000000     541.499386       0.000000            0
       189        94.5000       1       1       9.516211       0.835807      10.352018       3.162086       1.724433       1.000000     541.499386       0.000000            0
# Jump frustrated.
       190        95.0000       1       1       9.270851       1.077877      10.348727       3.162086       1.929806       1.000000     541.499386       0.000000            0
# Jump frustrated.
       191        95.5000       1       1       8.518293       1.844982      10.363276       3.162085       3.289420       1.000000     541.499386       0.000000            1
# Jump frustrated.
       192        96.0000       1       1       7.504843       2.890696      10.395539       3.162085       4.864324       1.000000     541.499386       0.000000            0
       193        96.5000       1       1       6.696234       3.720291      10.416525       3.162086       5.622481       1.000000     541.499386       0.000000            0
       194        97.0000       1       1       6.349666       4.047894      10.397559       3.162085       5.181726       1.000000     541.499386       0.000000            0
# Jump frustrated.
       195        97.5000       1       1       6.235984       4.136957      10.372941       3.162086       4.159752       1.000000     541.499386       0.000000            0
# Jump frustrated.
       196        98.0000       1       1       6.024158       4.350169      10.374326       3.162087       3.609198       1.000000     541.499386       0.000000            0
# Jump frustrated.
       197        98.5000       1       1       5.655160       4.730296      10.385456       3.162088       3.531302       1.000000     541.499386       0.000000            1
       198        99.0000       1       1       5.242036       5.152567      10.394604       3.162088       3.550786       1.000000     541.499386       0.000000            0
       199        99.5000       1       1       4.894075       5.503630      10.397705       3.162089       3.537714       1.000000     541.499386       0.000000            0
# Jump frustrated.
       200       100.0000       1       1       4.658599       5.739263      10.397862       3.162088       3.525147       1.000000     541.499386       0.000000            0
       201       100.5000       1       1       4.542410       5.854900      10.397310       3.162088       3.496674       1.000000     541.499386       0.000000            0
# Jump frustrated.
       202       101.0000       1       1       4.529099       5.865073      10.394171       3.162088       3.448326       1.000000     541.499386       0.000000            0
# Jump frustrated.
       203       101.5000       1       1       4.577296       5.812963      10.390259       3.162089       3.477344       1.000000     541.499386       0.000000            1
       204       102.0000       1       1       4.647241       5.743415      10.390656       3.162089       3.697737       1.000000     541.499386       0.000000            0
       205       102.5000       1       1       4.751863       5.643349      10.395212       3.162089       4.026303       1.000000     541.499386       0.000000            0
# Jump frustrated.
       206       103.0000       1       1       4.958493       5.440933      10.399426       3.162090       4.169687       1.000000     541.499386       0.000000            0
# Jump frustrated.
       207       103.5000       1       1       5.328461       5.071186      10.399646       3.162092       4.006000       1.000000     541.499386       0.000000            0
# Jump frustrated.
       208       104.0000       1       1       5.849103       4.541997      10.391100       3.162092       3.446919       1.000000     541.499386       0.000000            0
# Jump frustrated.
       209       104.5000       1       1       6.406912       3.974193      10.381106       3.162092       2.619376       1.000000     541.499386       0.000000            0
# Jump frustrated.
       210       105.0000       1       1       6.857616       3.518082      10.375698       3.162093       1.887985       1.000000     541.499386       0.000000            1
# Jump frustrated.
       211       105.5000       1       1       7.093824       3.278712      10.372536       3.162092       1.483828       1.000000     541.499386       0.000000            0
# Jump frustrated.
       212       106.0000       1       1       7.055654       3.316289      10.371943       3.162092       1.636462       1.000000     541.499386       0.000000            0
       213       106.5000       1       1       6.744869       3.632473      10.377342       3.162092       2.255091       1.000000     541.499386       0.000000            0
# Jump frustrated.
       214       107.0000       1       1       6.257402       4.133635      10.391038       3.162092       2.983309       1.000000     541.499386       0.000000            0
# Jump frustrated.
       215       107.5000       1       1       5.773206       4.629607      10.402812       3.162091       3.552200       1.000000     541.499386       0.000000            0
       216       108.0000       1       1       5.454566       4.949944      10.404510       3.162091       3.768907       1.000000     541.499386       0.000000            0
# Jump frustrated.
       217       108.5000       1       1       5.338038       5.060183      10.398221       3.162091       3.791659       1.000000     541.499386       0.000000            0
       218       109.0000       1       1       5.350157       5.043366      10.393524       3.162092       3.942128       1.000000     541.499386       0.000000            0
# Jump frustrated.
       219       109.5000       1       1       5.422022       4.971742      10.393764       3.162092       4.271163       1.000000     541.499386       0.000000            1
# Jump frustrated.
       220       110.0000       1       1       5.549057       4.847801      10.396858       3.162092       4.600143       1.000000     541.499386       0.000000            0
# Jump frustrated.
       221       110.5000       1       1       5.768467       4.631268      10.399734       3.162093       4.764930       1.000000     541.499386       0.000000            0
# Jump frustrated.
       222       111.0000       1       1       6.109138       4.288925      10.398063       3.162093       4.704270       1.000000     541.499386       0.000000            0
# Jump frustrated.
       223       111.5000       1       1       6.560670       3.834059      10.394729       3.162094       4.396414       1.000000     541.499386       0.000000            0
# Jump frustrated.
       224       112.0000       1       1       7.074910       3.315458      10.390368       3.162095       3.926314       1.000000     541.499386       0.000000            0
# Jump frustrated.
       225       112.5000       1       1       7.586516       2.799349      10.385865       3.162095       3.387666       1.000000     541.499386       0.000000            0
# Jump frustrated.
       226       113.0000       1       1       8.034028       2.348012      10.382040       3.162095       2.899978       1.000000     541.499386       0.000000            1
# Jump frustrated.
       227       113.5000       1       1       8.378126       2.003801      10.381927       3.162095       2.656453       1.000000     541.499386       0.000000            0
# Jump frustrated.
       228       114.0000       1       1       8.628345       1.758203      10.386547       3.162096       2.772475       1.000000     541.499386       0.000000            0
# Jump frustrated.
       229       114.5000       1       1       8.831333       1.548313      10.379646       3.162097       3.016021       1.000000     541.499386       0.000000            0
# Jump frustrated.
       230       115.0000       1       1       8.948505       1.420635      10.369139       3.162098       3.015720       1.000000     541.499386       0.000000            0
# Jump frustrated.
       231       115.5000       1       1       8.891942       1.479803      10.371744       3.162098       2.744068       1.000000     541.499386       0.000000            0
# Jump frustrated.
       232       116.0000       1       1       8.618740       1.749483      10.368224       3.162098       2.599539       1.000000     541.499386       0.000000            0
# Jump frustrated.
       233       116.5000       1       1       8.104786       2.267461      10.372247       3.162098       2.890739       1.000000     541.499386       0.000000            0
# Jump frustrated.
       234       117.0000       1       1       7.401296       2.979344      10.380639       3.162099       3.396443       1.000000     541.499386       0.000000            1
       235       117.5000       1       1       6.627828       3.759528      10.387356       3.162100       3.861456       1.000000     541.499386       0.000000            0
       236       118.0000       1       1       5.904215       4.488642      10.392857       3.162101       4.091892       1.000000     541.499386       0.000000            0
# Jump frustrated.
       237       118.5000       1       1       5.319966       5.074300      10.394266       3.162100       3.964394       1.000000     541.499386       0.000000            0
# Jump frustrated.
       238       119.0000       1       1       4.899156       5.492211      10.391367       3.162100       3.656511       1.000000     541.499386       0.000000            0
# Jump frustrated.
       239       119.5000       1       1       4.612297       5.777670      10.389967       3.162100       3.378605       1.000000     541.499386       0.000000            1
# Jump frustrated.
       240       120.0000       1       1       4.432994       5.957042      10.390037       3.162100       3.236856       1.000000     541.499386       0.000000            0
       241       120.5000       1       1       4.359959       6.031365      10.391324       3.162100       3.205770       1.000000     541.499386       0.000000            0
# Jump frustrated.
       242       121.0000       1       1       4.405257       5.986937      10.392194       3.162099       3.223774       1.000000     541.499386       0.000000            0
# Jump frustrated.
       243       121.5000       1       1       4.577983       5.814001      10.391984       3.162099       3.236047       1.000000     541.499386       0.000000            0
# Jump frustrated.
       244       122.0000       1       1       4.871910       5.518162      10.390072       3.162100       3.210320       1.000000     541.499386       0.000000            0
       245       122.5000       1       1       5.249381       5.134921      10.384301       3.162100       3.159532       1.000000     541.499386       0.000000            1
# Jump frustrated.
       246       123.0000       1       1       5.633262       4.744206      10.377467       3.162101       3.153363       1.000000     541.499386       0.000000            0
# Jump frustrated.
       247       123.5000       1       1       5.942731       4.433004      10.375735       3.162102       3.272085       1.000000     541.499386       0.000000            0
# Jump frustrated.
       248       124.0000       1       1       6.146666       4.230587      10.377253       3.162102       3.494241       1.000000     541.499386       0.000000            0
       249       124.5000       1       1       6.273753       4.107477      10.381230       3.162103       3.736152       1.000000     541.499386       0.000000            0
       250       125.0000       1       1       6.394253       3.991425      10.385678       3.162103       3.846484       1.000000     541.499386       0.000000            0
# Jump frustrated.
       251       125.5000       1       1       6.571781       3.812053      10.383833       3.162103       3.626461       1.000000     541.499386       0.000000            1
       252       126.0000       1       1       6.784099       3.591160      10.375259       3.162104       3.114592       1.000000     541.499386       0.000000            0
# Jump frustrated.
       253       126.5000       1       1       6.921891       3.447496      10.369387       3.162104       2.722049       1.000000     541.499386       0.000000            0
       254       127.0000       1       1       6.896853       3.474485      10.371338       3.162104       2.883552       1.000000     541.499386       0.000000            0
# Jump frustrated.
       255       127.5000       1       1       6.721874       3.656556      10.378430       3.162103       3.400582       1.000000     541.499386       0.000000            0
       256       128.0000       1       1       6.481706       3.903192      10.384898       3.162103       3.909549       1.000000     541.499386       0.000000            0
# Jump frustrated.
       257       128.5000       1       1       6.257612       4.129691      10.387303       3.162102       4.262522       1.000000     541.499386       0.000000            1
# Jump frustrated.
       258       129.0000       1       1       6.083346       4.304288      10.387634       3.162102       4.548915       1.000000     541.499386       0.000000            0
# Jump frustrated.
       259       129.5000       1       1       5.969190       4.419717      10.388907       3.162102       4.735650       1.000000     541.499386       0.000000            0
       260       130.0000       1       1       5.928492       4.461238      10.389730       3.162102       4.768807       1.000000     541.499386       0.000000            0
# Jump frustrated.
       261       130.5000       1       1       5.969611       4.419509      10.389120       3.162102       4.624378       1.000000     541.499386       0.000000            0
       262       131.0000       1       1       6.087625       4.300551      10.388176       3.162102       4.318760       1.000000     541.499386       0.000000            0
       263       131.5000       1       1       6.269931       4.117649      10.387580       3.162102       3.982658       1.000000     541.499386       0.000000            1
# Jump frustrated.
       264       132.0000       1       1       6.503518       3.882847      10.386364       3.162102       3.718565       1.000000     541.499386       0.000000            0
       265       132.5000       1       1       6.779559       3.607561      10.387120       3.162103       3.617461       1.000000     541.499386       0.000000            0
       266       133.0000       1       1       7.118418       3.273522      10.391939       3.162103       3.762207       1.000000     541.499386       0.000000            0
       267       133.5000       1       1       7.534443       2.840870      10.375313       3.162104       3.889952       1.000000     541.499386       0.000000            0
# Jump frustrated.
       268       134.0000       1       1       7.972367       2.408011      10.380377       3.162105       3.554412       1.000000     541.499386       0.000000            0
# Jump frustrated.
       269       134.5000       1       1       8.361665       2.011067      10.372732       3.162106       3.146250       1.000000     541.499386       0.000000            0
# Jump frustrated.
       270       135.0000       1       1       8.622348       1.744501      10.366849       3.162105       2.668126       1.000000     541.499386       0.000000            1
# Jump frustrated.
       271       135.5000       1       1       8.651989       1.712322      10.364310       3.162105       2.349706       1.000000     541.499386       0.000000            0
# Jump frustrated.
       272       136.0000       1       1       8.414192       1.954806      10.368998       3.162105       2.369299       1.000000     541.499386       0.000000            0
       273       136.5000       1       1       7.954089       2.422751      10.376840       3.162105       2.671955       1.000000     541.499386       0.000000            0
       274       137.0000       1       1       7.373119       3.012768      10.385887       3.162106       3.041142       1.000000     541.499386       0.000000            0
       275       137.5000       1       1       6.786135       3.604239      10.390374       3.162106       3.271714       1.000000     541.499386       0.000000            0
# Jump frustrated.
       276       138.0000       1       1       6.268905       4.123047      10.391952       3.162106       3.373531       1.000000     541.499386       0.000000            1
# Jump frustrated.
       277       138.5000       1       1       5.844656       4.546979      10.391635       3.162106       3.375095       1.000000     541.499386       0.000000            0
# Jump frustrated.
       278       139.0000       1       1       5.509355       4.881018      10.390373       3.162107       3.304577       1.000000     541.499386       0.000000            0
# Jump frustrated.
       279       139.5000       1       1       5.247176       5.141772      10.388948       3.162107       3.246490       1.000000     541.499386       0.000000            0
       280       140.0000       1       1       5.044654       5.343773      10.388427       3.162107       3.223321       1.000000     541.499386       0.000000            0
       281       140.5000       1       1       4.898850       5.489513      10.388363       3.162107       3.226186       1.000000     541.499386       0.000000            0
# Jump frustrated.
       282       141.0000       1       1       4.813669       5.574839      10.388508       3.162107       3.221543       1.000000     541.499386       0.000000            0
       283       141.5000       1       1       4.789986       5.597675      10.387662       3.162108       3.220533       1.000000     541.499386       0.000000            1
# Jump frustrated.
       284       142.0000       1       1       4.821987       5.565081      10.387068       3.162108       3.226062       1.000000     541.499386       0.000000            0
       285       142.5000       1       1       4.901769       5.484738      10.386506       3.162107       3.245005       1.000000     541.499386       0.000000            0
# Jump frustrated.
       286       143.0000       1       1       5.026998       5.359966      10.386964       3.162108       3.254858       1.000000     541.499386       0.000000            0
# Jump frustrated.
       287       143.5000       1       1       5.204814       5.182255      10.387070       3.162109       3.165754       1.000000     541.499386       0.000000            0
# Jump frustrated.
       288       144.0000       1       1       5.436134       4.948698      10.384831       3.162109       2.894491       1.000000     541.499386       0.000000            0
# Jump frustrated.
       289       144.5000       1       1       5.690165       4.691058      10.381223       3.162110       2.490115       1.000000     541.499386       0.000000            0
# Jump frustrated.
       290       145.0000       1       1       5.906103       4.471203      10.377306       3.162110       2.159392       1.000000     541.499386       0.000000            1
       291       145.5000       1       1       6.033796       4.344148      10.377944       3.162110       2.162855       1.000000     541.499386       0.000000            0
# Jump frustrated.
       292       146.0000       1       1       6.082053       4.301381      10.383434       3.162109       2.434694       1.000000     541.499386       0.000000            0
       293       146.5000       1       1       6.118128       4.269825      10.387953       3.162109       2.658984       1.000000     541.499386       0.000000            0
       294       147.0000       1       1       6.198172       4.188443      10.386616       3.162109       2.701967       1.000000     541.499386       0.000000            0
       295       147.5000       1       1       6.312450       4.070730      10.383181       3.162109       2.688646       1.000000     541.499386       0.000000            0
# Jump frustrated.
       296       148.0000       1       1       6.410376       3.969834      10.380210       3.162110       2.851270       1.000000     541.499386       0.000000            1
# Jump frustrated.
       297       148.5000       1       1       6.453139       3.926652      10.379790       3.162111       3.286973       1.000000     541.499386       0.000000            0
       298       149.0000       1       1       6.445442       3.937862      10.383304       3.162111       3.786459       1.000000     541.499386       0.000000            0
# Jump frustrated.
       299       149.5000       1       1       6.425773       3.960284      10.386057       3.162111       4.315507       1.000000     541.499386       0.000000            0
# Jump frustrated.
       300       150.0000       1       1       6.438287       3.949073      10.387361       3.162110       4.814760       1.000000     541.499386       0.000000            0
       301       150.5000       1       1       6.511521       3.874542      10.386064       3.162111       5.217493       1.000000     541.499386       0.000000            0
# Jump frustrated.
       302       151.0000       1       1       6.654158       3.729841      10.383999       3.162112       5.510293       1.000000     541.499386       0.000000            0
       303       151.5000       1       1       6.866732       3.522027      10.388759       3.162112       5.528561       1.000000     541.499386       0.000000            1
# Jump frustrated.
       304       152.0000       1       1       7.165551       3.223073      10.388624       3.162112       5.308784       1.000000     541.499386       0.000000            0
       305       152.5000       1       1       7.540111       2.838794      10.378905       3.162112       4.937599       1.000000     541.499386       0.000000            0
       306       153.0000       1       1       7.897184       2.474445      10.371628       3.162112       4.309575       1.000000     541.499386       0.000000            0
# Jump frustrated.
       307       153.5000       1       1       8.126340       2.238812      10.365152       3.162112       3.597340       1.000000     541.499386       0.000000            0
       308       154.0000       1       1       8.180322       2.187740      10.368062       3.162111       3.137988       1.000000     541.499386       0.000000            0
# Jump frustrated.
       309       154.5000       1       1       8.079422       2.292374      10.371796       3.162112       3.090877       1.000000     541.499386       0.000000            1
# Jump frustrated.
       310       155.0000       1       1       7.877038       2.496866      10.373905       3.162111       3.245463       1.000000     541.499386       0.000000            0
# Jump frustrated.
       311       155.5000       1       1       7.610531       2.764056      10.374587       3.162110       3.497236       1.000000     541.499386       0.000000            0
# Jump frustrated.
       312       156.0000       1       1       7.302252       3.074635      10.376887       3.162111       3.888790       1.000000     541.499386       0.000000            0
# Jump frustrated.
       313       156.5000       1       1       7.003190       3.380232      10.383421       3.162111       4.354835       1.000000     541.499386       0.000000            0
# Jump frustrated.
       314       157.0000       1       1       6.789871       3.594897      10.384767       3.162111       4.507564       1.000000     541.499386       0.000000            0
# Jump frustrated.
       315       157.5000       1       1       6.665935       3.711987      10.377922       3.162110       4.222110       1.000000     541.499386       0.000000            1
# Jump frustrated.
       316       158.0000       1       1       6.533404       3.838834      10.372238       3.162110       3.781184       1.000000     541.499386       0.000000            0
# Jump frustrated.
       317       158.5000       1       1       6.298855       4.074052      10.372907       3.162110       3.458351       1.000000     541.499386       0.000000            0
# Jump frustrated.
       318       159.0000       1       1       5.945453       4.430928      10.376380       3.162110       3.313613       1.000000     541.499386       0.000000            0
# Jump frustrated.
       319       159.5000       1       1       5.506821       4.873129      10.379950       3.162110       3.339981       1.000000     541.499386       0.000000            0
# Jump frustrated.
       320       160.0000       1       1       5.031996       5.351870      10.383866       3.162111       3.455746       1.000000     541.499386       0.000000            0
# Jump frustrated.
       321       160.5000       1       1       4.579395       5.809226      10.388622       3.162112       3.661771       1.000000     541.499386       0.000000            0
       322       161.0000       1       1       4.229100       6.165894      10.394995       3.162113       3.844472       1.000000     541.499386       0.000000            0
# Jump frustrated.
       323       161.5000       1       1       4.065392       6.332187      10.397579       3.162113       3.859610       1.000000     541.499386       0.000000            1
       324       162.0000       1       1       4.126230       6.268659      10.394889       3.162113       3.631016       1.000000     541.499386       0.000000            0
# Jump frustrated.
       325       162.5000       1       1       4.372820       6.015795      10.388615       3.162115       3.216725       1.000000     541.499386       0.000000            0
# Jump frustrated.
       326       163.0000       1       1       4.711649       5.670961      10.382609       3.162114       2.827412       1.000000     541.499386       0.000000            0
# Jump frustrated.
       327       163.5000       1       1       5.058625       5.322805      10.381430       3.162113       2.682696       1.000000     541.499386       0.000000            0
# Jump frustrated.
       328       164.0000       1       1       5.381053       5.000599      10.381652       3.162113       2.737603       1.000000     541.499386       0.000000            0
# Jump frustrated.
       329       164.5000       1       1       5.675140       4.705798      10.380939       3.162112       2.777947       1.000000     541.499386       0.000000            0
# Jump frustrated.
       330       165.0000       1       1       5.924797       4.452726      10.377524       3.162111       2.707877       1.000000     541.499386       0.000000            1
# Jump frustrated.
       331       165.5000       1       1       6.082090       4.289548      10.371637       3.162111       2.608176       1.000000     541.499386       0.000000            0
       332       166.0000       1       1       6.079150       4.289132      10.368283       3.162110       2.783509       1.000000     541.499386       0.000000            0
# Jump frustrated.
       333       166.5000       1       1       5.900236       4.474525      10.374761       3.162111       3.453272       1.000000     541.499386       0.000000            0
       334       167.0000       1       1       5.669713       4.720746      10.390459       3.162111       4.246470       1.000000     541.499386       0.000000            0
       335       167.5000       1       1       5.608211       4.789879      10.398090       3.162113       4.541119       1.000000     541.499386       0.000000            0
# Jump frustrated.
       336       168.0000       1       1       5.818802       4.568986      10.387788       3.162114       4.148489       1.000000     541.499386       0.000000            1
# Jump frustrated.
       337       168.5000       1       1       6.173985       4.200484      10.374470       3.162112       3.655501       1.000000     541.499386       0.000000            0
       338       169.0000       1       1       6.484182       3.886999      10.371180       3.162113       3.698454       1.000000     541.499386       0.000000            0
# Jump frustrated.
       339       169.5000       1       1       6.672595       3.702437      10.375032       3.162115       4.205078       1.000000     541.499386       0.000000            0
# Jump frustrated.
       340       170.0000       1       1       6.775762       3.605692      10.381454       3.162116       4.774131       1.000000     541.499386       0.000000            0
# Jump frustrated.
       341       170.5000       1       1       6.869497       3.515176      10.384672       3.162116       5.153424       1.000000     541.499386       0.000000            1
       342       171.0000       1       1       7.006812       3.379401      10.386213       3.162116       5.335886       1.000000     541.499386       0.000000            0
# Jump frustrated.
       343       171.5000       1       1       7.200617       3.185082      10.385699       3.162116       5.312904       1.000000     541.499386       0.000000            0
# Jump frustrated.
       344       172.0000       1       1       7.443585       2.941144      10.384729       3.162117       5.103968       1.000000     541.499386       0.000000            0
# Jump frustrated.
       345       172.5000       1       1       7.715682       2.664820      10.380502       3.162118       4.707927       1.000000     541.499386       0.000000            0
# Jump frustrated.
       346       173.0000       1       1       7.998061       2.388911      10.386972       3.162117       4.425794       1.000000     541.499386       0.000000            0
       347       173.5000       1       1       8.322017       2.061931      10.383948       3.162117       4.408126       1.000000     541.499386       0.000000            1
# Jump frustrated.
       348       174.0000       1       1       8.644777       1.725193      10.369970       3.162117       3.555433       1.000000     541.499386       0.000000            0
# Jump frustrated.
       349       174.5000       1       1       8.852392       1.515718      10.368111       3.162117       2.776417       1.000000     541.499386       0.000000            0
       350       175.0000       1       1       8.900281       1.465685      10.365967       3.162117       2.239397       1.000000     541.499386       0.000000            0
       351       175.5000       1       1       8.761706       1.604989      10.366696       3.162117       1.877298       1.000000     541.499386       0.000000            0
# Jump frustrated.
       352       176.0000       1       1       8.418962       1.945464      10.364425       3.162117       1.760222       1.000000     541.499386       0.000000            0
# Jump frustrated.
       353       176.5000       1       1       7.852682       2.512022      10.364703       3.162117       2.074814       1.000000     541.499386       0.000000            1
# Jump frustrated.
       354       177.0000       1       1       7.078843       3.292622      10.371465       3.162117       2.964933       1.000000     541.499386       0.000000            0
# Jump frustrated.
       355       177.5000       1       1       6.240361       4.148998      10.389359       3.162117       4.002996       1.000000     541.499386       0.000000            0
       356       178.0000       1       1       5.594569       4.806487      10.401057       3.162119       4.599081       1.000000     541.499386       0.000000            0
# Jump frustrated.
       357       178.5000       1       1       5.292112       5.100666      10.392778       3.162120       4.504570       1.000000     541.499386       0.000000            0
# Jump frustrated.
       358       179.0000       1       1       5.234362       5.145094      10.379456       3.162119       4.075828       1.000000     541.499386       0.000000            0
       359       179.5000       1       1       5.235080       5.140941      10.376021       3.162120       3.760427       1.000000     541.499386       0.000000            1
# Jump frustrated.
       360       180.0000       1       1       5.206073       5.172705      10.378778       3.162120       3.658340       1.000000     541.499386       0.000000            0
# Jump frustrated.
       361       180.5000       1       1       5.151157       5.229174      10.380332       3.162121       3.643640       1.000000     541.499386       0.000000            0
# Jump frustrated.
       362       181.0000       1       1       5.082975       5.296023      10.378998       3.162123       3.609761       1.000000     541.499386       0.000000            0
# Jump frustrated.
       363       181.5000       1       1       4.986267       5.389654      10.375920       3.162123       3.552675       1.000000     541.499386       0.000000            0
# Jump frustrated.
       364       182.0000       1       1       4.821146       5.550134      10.371280       3.162120       3.522184       1.000000     541.499386       0.000000            0
# Jump frustrated.
       365       182.5000       1       1       4.554079       5.819399      10.373478       3.162119       3.673823       1.000000     541.499386       0.000000            1
       366       183.0000       1       1       4.240239       6.144303      10.384542       3.162119       4.039784       1.000000     541.499386       0.000000            0
       367       183.5000       1       1       4.049244       6.348380      10.397625       3.162119       4.397457       1.000000     541.499386       0.000000            0
# Jump frustrated.
       368       184.0000       1       1       4.169359       6.232743      10.402102       3.162119       4.444008       1.000000     541.499386       0.000000            0
# Jump frustrated.
       369       184.5000       1       1       4.656705       5.735319      10.392023       3.162119       4.003824       1.000000     541.499386       0.000000            0
       370       185.0000       1       1       5.372686       5.003714      10.376399       3.162119       3.292919       1.000000     541.499386       0.000000            0
# Jump frustrated.
       371       185.5000       1       1       6.089261       4.275430      10.364691       3.162118       2.545214       1.000000     541.499386       0.000000            0
# Jump frustrated.
       372       186.0000       1       1       6.633775       3.729633      10.363408       3.162118       2.029518       1.000000     541.499386       0.000000            1
# Jump frustrated.
       373       186.5000       1       1       6.942581       3.420922      10.363503       3.162118       1.831246       1.000000     541.499386       0.000000            0
       374       187.0000       1       1       7.012112       3.352827      10.364940       3.162119       2.010881       1.000000     541.499386       0.000000            0
# Jump frustrated.
       375       187.5000       1       1       6.872729       3.497114      10.369842       3.162118       2.579587       1.000000     541.499386       0.000000            0
# Jump frustrated.
       376       188.0000       1       1       6.610968       3.769286      10.380254       3.162117       3.294372       1.000000     541.499386       0.000000            0
# Jump frustrated.
       377       188.5000       1       1       6.369865       4.017376      10.387241       3.162116       3.753098       1.000000     541.499386       0.000000            0
# Jump frustrated.
       378       189.0000       1       1       6.257938       4.128030      10.385967       3.162117       3.852038       1.000000     541.499386       0.000000            0
       379       189.5000       1       1       6.264481       4.114743      10.379224       3.162118       3.844963       1.000000     541.499386       0.000000            0
       380       190.0000       1       1       6.303985       4.071768      10.375753       3.162118       4.118671       1.000000     541.499386       0.000000            1
# Jump frustrated.
       381       190.5000       1       1       6.320431       4.056613      10.377045       3.162118       4.626418       1.000000     541.499386       0.000000            0
# Jump frustrated.
       382       191.0000       1       1       6.319560       4.060350      10.379911       3.162118       5.152081       1.000000     541.499386       0.000000            0
# Jump frustrated.
       383       191.5000       1       1       6.335711       4.045402      10.381113       3.162116       5.527987       1.000000     541.499386       0.000000            0
       384       192.0000       1       1       6.394616       3.986650      10.381266       3.162114       5.676003       1.000000     541.499386       0.000000            0
# Jump frustrated.
       385       192.5000       1       1       6.503111       3.877034      10.380145       3.162114       5.609365       1.000000     541.499386       0.000000            0
# Jump frustrated.
       386       193.0000       1       1       6.661819       3.719045      10.380864       3.162113       5.422819       1.000000     541.499386       0.000000            1
       387       193.5000       1       1       6.883539       3.497322      10.380860       3.162114       5.241455       1.000000     541.499386       0.000000            0
       388       194.0000       1       1       7.207643       3.184666      10.392309       3.162114       5.144075       1.000000     541.499386       0.000000            0
# Jump frustrated.
       389       194.5000       1       1       7.694056       2.686826      10.380882       3.162113       4.716401       1.000000     541.499386       0.000000            0
# Jump frustrated.
       390       195.0000       1       1       8.237277       2.127119      10.364396       3.162113       3.662997       1.000000     541.499386       0.000000            0
# Jump frustrated.
       391       195.5000       1       1       8.629666       1.729761      10.359427       3.162114       2.586353       1.000000     541.499386       0.000000            0
# Jump frustrated.
       392       196.0000       1       1       8.771139       1.589626      10.360765       3.162115       1.832710       1.000000     541.499386       0.000000            1
# Jump frustrated.
       393       196.5000       1       1       8.644187       1.721456      10.365644       3.162115       1.788027       1.000000     541.499386       0.000000            0
       394       197.0000       1       1       8.300953       2.072311      10.373264       3.162115       2.233909       1.000000     541.499386       0.000000            0
       395       197.5000       1       1       7.823812       2.553543      10.377355       3.162115       2.735041       1.000000     541.499386       0.000000            0
# Jump frustrated.
       396       198.0000       1       1       7.288106       3.092697      10.380802       3.162115       3.195422       1.000000     541.499386       0.000000            0
       397       198.5000       1       1       6.750812       3.632681      10.383493       3.162114       3.555651       1.000000     541.499386       0.000000            0
# Jump frustrated.
       398       199.0000       1       1       6.244666       4.137372      10.382038       3.162114       3.783712       1.000000     541.499386       0.000000            1
       399       199.5000       1       1       5.771121       4.610507      10.381628       3.162113       3.953438       1.000000     541.499386       0.000000            0
# Jump frustrated.
       400       200.0000       1       1       5.325439       5.056653      10.382092       3.162111       4.019429       1.000000     541.499386       0.000000            0
