#===============================================================================================================================================================================
#     Step |         Time |         State |                                     Energy |      Angular |     Gradient |      Density |           Expectation Value |    Runtime |
#          |              |  diag |   MCH |          kin |          pot |          tot |     Momentum |          RMS |        Total |           DM |            S |            |
#          |         [fs] |       |       |         [eV] |         [eV] |         [eV] |       [hbar] |     [eV/Ang] |              |      [Debye] |              |      [sec] |
#===============================================================================================================================================================================
         0         0.0000       2       2       0.200939      10.256363      10.457302       0.000091       3.424831       1.000000     541.499386       0.000000            4
# Jump frustrated.
         1         0.5000       2       2       0.215009      10.242038      10.457047       0.000090       3.333952       1.000000     541.499386       0.000000            2
         2         1.0000       2       2       0.238690      10.218371      10.457062       0.000090       3.136975       1.000000     541.499386       0.000000            1
         3         1.5000       2       2       0.272915      10.184739      10.457654       0.000090       2.863348       1.000000     541.499386       0.000000            0
# Jump frustrated.
         4         2.0000       2       2       0.324992      10.133460      10.458452       0.000090       2.547180       1.000000     541.499386       0.000000            0
         5         2.5000       2       2       0.405674      10.053116      10.458790       0.000090       2.209434       1.000000     541.499386       0.000000            0
# Surface Hop/Pointer State Switch: new state=      1 old state=      2 randnum=  0.011468209 gap= -9.696257 eV
         6         3.0000       1       1      10.216945       0.241846      10.458790       2.806684       1.315218       1.000000     541.499386       0.000000            0
# Jump frustrated.
         7         3.5000       1       1       9.757797       0.706469      10.464266       2.806684       2.701701       1.000000     541.499386       0.000000            0
# Jump frustrated.
         8         4.0000       1       1       8.857088       1.639867      10.496955       2.806684       4.574372       1.000000     541.499386       0.000000            1
# Jump frustrated.
         9         4.5000       1       1       7.943777       2.580739      10.524516       2.806684       5.697392       1.000000     541.499386       0.000000            0
# Jump frustrated.
        10         5.0000       1       1       7.370941       3.145429      10.516369       2.806684       5.458672       1.000000     541.499386       0.000000            0
        11         5.5000       1       1       7.054288       3.441268      10.495556       2.806683       4.400967       1.000000     541.499386       0.000000            0
# Jump frustrated.
        12         6.0000       1       1       6.708492       3.782780      10.491272       2.806683       3.521492       1.000000     541.499386       0.000000            0
        13         6.5000       1       1       6.226432       4.271901      10.498333       2.806682       3.146959       1.000000     541.499386       0.000000            0
        14         7.0000       1       1       5.663688       4.841573      10.505261       2.806682       3.136129       1.000000     541.499386       0.000000            1
# Jump frustrated.
        15         7.5000       1       1       5.117397       5.394429      10.511826       2.806681       3.254643       1.000000     541.499386       0.000000            0
# Jump frustrated.
        16         8.0000       1       1       4.674627       5.841198      10.515825       2.806681       3.367042       1.000000     541.499386       0.000000            0
# Jump frustrated.
        17         8.5000       1       1       4.396095       6.121674      10.517769       2.806681       3.382672       1.000000     541.499386       0.000000            0
# Jump frustrated.
        18         9.0000       1       1       4.306855       6.210322      10.517177       2.806681       3.336256       1.000000     541.499386       0.000000            0
        19         9.5000       1       1       4.391654       6.121259      10.512913       2.806681       3.226441       1.000000     541.499386       0.000000            1
# Jump frustrated.
        20        10.0000       1       1       4.591474       5.914068      10.505542       2.806680       3.099509       1.000000     541.499386       0.000000            0
        21        10.5000       1       1       4.815646       5.682587      10.498233       2.806681       3.139539       1.000000     541.499386       0.000000            0
        22        11.0000       1       1       4.993800       5.504668      10.498468       2.806681       3.608973       1.000000     541.499386       0.000000            0
        23        11.5000       1       1       5.168705       5.341282      10.509987       2.806681       4.420227       1.000000     541.499386       0.000000            0
# Jump frustrated.
        24        12.0000       1       1       5.519513       5.002468      10.521981       2.806680       5.058318       1.000000     541.499386       0.000000            0
        25        12.5000       1       1       6.214761       4.303042      10.517803       2.806680       5.067121       1.000000     541.499386       0.000000            1
        26        13.0000       1       1       7.159222       3.327707      10.486929       2.806681       4.193131       1.000000     541.499386       0.000000            0
# Jump frustrated.
        27        13.5000       1       1       7.971384       2.490638      10.462022       2.806681       3.076549       1.000000     541.499386       0.000000            0
# Jump frustrated.
        28        14.0000       1       1       8.286024       2.167395      10.453419       2.806681       2.603482       1.000000     541.499386       0.000000            0
# Jump frustrated.
        29        14.5000       1       1       8.004342       2.466971      10.471313       2.806681       3.581320       1.000000     541.499386       0.000000            0
        30        15.0000       1       1       7.425107       3.084392      10.509499       2.806681       4.901138       1.000000     541.499386       0.000000            0
# Jump frustrated.
        31        15.5000       1       1       7.047751       3.471578      10.519329       2.806682       5.241256       1.000000     541.499386       0.000000            0
        32        16.0000       1       1       7.051710       3.446043      10.497753       2.806683       4.411300       1.000000     541.499386       0.000000            1
        33        16.5000       1       1       7.152149       3.326877      10.479025       2.806683       3.478894       1.000000     541.499386       0.000000            0
        34        17.0000       1       1       7.054611       3.428604      10.483214       2.806683       3.531523       1.000000     541.499386       0.000000            0
        35        17.5000       1       1       6.743265       3.752262      10.495527       2.806682       4.150952       1.000000     541.499386       0.000000            0
        36        18.0000       1       1       6.357831       4.147960      10.505791       2.806683       4.803378       1.000000     541.499386       0.000000            0
# Jump frustrated.
        37        18.5000       1       1       6.040240       4.472034      10.512274       2.806683       5.257595       1.000000     541.499386       0.000000            0
# Jump frustrated.
        38        19.0000       1       1       5.882765       4.631891      10.514655       2.806683       5.444954       1.000000     541.499386       0.000000            0
# Jump frustrated.
        39        19.5000       1       1       5.916157       4.597428      10.513585       2.806683       5.400000       1.000000     541.499386       0.000000            0
# Jump frustrated.
        40        20.0000       1       1       6.116822       4.392728      10.509550       2.806684       5.211316       1.000000     541.499386       0.000000            1
        41        20.5000       1       1       6.418203       4.083810      10.502013       2.806684       4.980459       1.000000     541.499386       0.000000            0
# Jump frustrated.
        42        21.0000       1       1       6.730797       3.766379      10.497177       2.806684       4.599623       1.000000     541.499386       0.000000            0
# Jump frustrated.
        43        21.5000       1       1       6.966539       3.520158      10.486698       2.806684       4.165007       1.000000     541.499386       0.000000            0
        44        22.0000       1       1       7.075162       3.416978      10.492140       2.806683       4.003385       1.000000     541.499386       0.000000            0
# Jump frustrated.
        45        22.5000       1       1       7.101057       3.396840      10.497897       2.806683       4.054544       1.000000     541.499386       0.000000            0
# Jump frustrated.
        46        23.0000       1       1       7.140753       3.358433      10.499186       2.806683       3.909352       1.000000     541.499386       0.000000            1
# Jump frustrated.
        47        23.5000       1       1       7.224883       3.272276      10.497159       2.806683       3.674450       1.000000     541.499386       0.000000            0
# Jump frustrated.
        48        24.0000       1       1       7.329029       3.167020      10.496049       2.806684       3.511534       1.000000     541.499386       0.000000            0
# Jump frustrated.
        49        24.5000       1       1       7.418926       3.073597      10.492523       2.806684       3.285750       1.000000     541.499386       0.000000            0
# Jump frustrated.
        50        25.0000       1       1       7.420103       3.064255      10.484358       2.806685       2.963446       1.000000     541.499386       0.000000            0
# Jump frustrated.
        51        25.5000       1       1       7.219223       3.260650      10.479873       2.806685       2.892283       1.000000     541.499386       0.000000            0
# Jump frustrated.
        52        26.0000       1       1       6.765971       3.723405      10.489376       2.806685       3.400725       1.000000     541.499386       0.000000            1
# Jump frustrated.
        53        26.5000       1       1       6.181107       4.326501      10.507609       2.806685       4.055122       1.000000     541.499386       0.000000            0
# Jump frustrated.
        54        27.0000       1       1       5.684547       4.830777      10.515325       2.806685       4.228258       1.000000     541.499386       0.000000            0
        55        27.5000       1       1       5.378566       5.129315      10.507882       2.806684       3.788082       1.000000     541.499386       0.000000            0
        56        28.0000       1       1       5.177536       5.323012      10.500548       2.806683       3.304153       1.000000     541.499386       0.000000            0
# Jump frustrated.
        57        28.5000       1       1       4.982938       5.519200      10.502139       2.806683       3.172901       1.000000     541.499386       0.000000            0
# Jump frustrated.
        58        29.0000       1       1       4.795792       5.711444      10.507236       2.806682       3.315347       1.000000     541.499386       0.000000            1
# Jump frustrated.
        59        29.5000       1       1       4.682689       5.829157      10.511846       2.806682       3.479773       1.000000     541.499386       0.000000            0
        60        30.0000       1       1       4.709952       5.804244      10.514196       2.806682       3.579843       1.000000     541.499386       0.000000            0
# Jump frustrated.
        61        30.5000       1       1       4.909327       5.603904      10.513231       2.806683       3.592322       1.000000     541.499386       0.000000            0
# Jump frustrated.
        62        31.0000       1       1       5.264781       5.243499      10.508280       2.806684       3.546015       1.000000     541.499386       0.000000            0
# Jump frustrated.
        63        31.5000       1       1       5.708998       4.791747      10.500745       2.806685       3.452033       1.000000     541.499386       0.000000            1
        64        32.0000       1       1       6.148068       4.348715      10.496783       2.806685       3.462686       1.000000     541.499386       0.000000            0
# Jump frustrated.
        65        32.5000       1       1       6.521506       3.975854      10.497361       2.806685       3.674094       1.000000     541.499386       0.000000            0
# Jump frustrated.
        66        33.0000       1       1       6.839263       3.663199      10.502462       2.806685       4.079576       1.000000     541.499386       0.000000            0
# Jump frustrated.
        67        33.5000       1       1       7.170140       3.337049      10.507189       2.806685       4.385268       1.000000     541.499386       0.000000            0
        68        34.0000       1       1       7.581403       2.923497      10.504901       2.806685       4.250839       1.000000     541.499386       0.000000            1
        69        34.5000       1       1       8.069455       2.431055      10.500510       2.806685       3.620543       1.000000     541.499386       0.000000            0
# Jump frustrated.
        70        35.0000       1       1       8.532815       1.957505      10.490320       2.806685       2.748784       1.000000     541.499386       0.000000            0
# Jump frustrated.
        71        35.5000       1       1       8.838487       1.649002      10.487489       2.806685       2.135555       1.000000     541.499386       0.000000            0
# Jump frustrated.
        72        36.0000       1       1       8.930690       1.559939      10.490629       2.806685       2.079559       1.000000     541.499386       0.000000            0
# Jump frustrated.
        73        36.5000       1       1       8.827913       1.663119      10.491032       2.806685       2.284651       1.000000     541.499386       0.000000            0
        74        37.0000       1       1       8.541098       1.948578      10.489676       2.806685       2.646462       1.000000     541.499386       0.000000            1
# Jump frustrated.
        75        37.5000       1       1       8.069827       2.419844      10.489671       2.806685       3.213753       1.000000     541.499386       0.000000            0
# Jump frustrated.
        76        38.0000       1       1       7.457127       3.039342      10.496469       2.806686       3.746860       1.000000     541.499386       0.000000            0
        77        38.5000       1       1       6.792024       3.711987      10.504010       2.806686       4.121245       1.000000     541.499386       0.000000            0
# Jump frustrated.
        78        39.0000       1       1       6.166182       4.341657      10.507838       2.806687       4.348661       1.000000     541.499386       0.000000            0
# Jump frustrated.
        79        39.5000       1       1       5.641476       4.868147      10.509623       2.806687       4.527818       1.000000     541.499386       0.000000            0
# Jump frustrated.
        80        40.0000       1       1       5.254317       5.257409      10.511725       2.806687       4.659188       1.000000     541.499386       0.000000            0
# Jump frustrated.
        81        40.5000       1       1       5.031640       5.481208      10.512849       2.806688       4.727050       1.000000     541.499386       0.000000            0
        82        41.0000       1       1       4.991980       5.521276      10.513256       2.806687       4.694856       1.000000     541.499386       0.000000            1
# Jump frustrated.
        83        41.5000       1       1       5.138337       5.373461      10.511798       2.806687       4.561810       1.000000     541.499386       0.000000            0
# Jump frustrated.
        84        42.0000       1       1       5.444657       5.063089      10.507746       2.806687       4.296377       1.000000     541.499386       0.000000            0
        85        42.5000       1       1       5.849784       4.652859      10.502643       2.806687       3.857856       1.000000     541.499386       0.000000            0
# Jump frustrated.
        86        43.0000       1       1       6.266650       4.228096      10.494746       2.806686       3.352903       1.000000     541.499386       0.000000            0
# Jump frustrated.
        87        43.5000       1       1       6.593674       3.894680      10.488355       2.806686       2.817375       1.000000     541.499386       0.000000            0
# Jump frustrated.
        88        44.0000       1       1       6.741981       3.742297      10.484278       2.806686       2.345701       1.000000     541.499386       0.000000            0
# Jump frustrated.
        89        44.5000       1       1       6.650448       3.830737      10.481185       2.806686       2.317523       1.000000     541.499386       0.000000            0
# Jump frustrated.
        90        45.0000       1       1       6.304889       4.181800      10.486688       2.806686       3.114164       1.000000     541.499386       0.000000            1
        91        45.5000       1       1       5.833188       4.675073      10.508261       2.806686       4.387961       1.000000     541.499386       0.000000            0
# Jump frustrated.
        92        46.0000       1       1       5.561123       4.971535      10.532658       2.806685       5.378099       1.000000     541.499386       0.000000            0
        93        46.5000       1       1       5.796494       4.730504      10.526997       2.806685       5.422483       1.000000     541.499386       0.000000            0
        94        47.0000       1       1       6.451970       4.039382      10.491352       2.806684       4.430232       1.000000     541.499386       0.000000            0
# Jump frustrated.
        95        47.5000       1       1       7.085335       3.386252      10.471588       2.806684       3.217904       1.000000     541.499386       0.000000            0
        96        48.0000       1       1       7.383829       3.093112      10.476941       2.806684       2.555149       1.000000     541.499386       0.000000            1
# Jump frustrated.
        97        48.5000       1       1       7.342957       3.143353      10.486310       2.806683       2.386291       1.000000     541.499386       0.000000            0
# Jump frustrated.
        98        49.0000       1       1       7.075751       3.416978      10.492729       2.806683       2.425568       1.000000     541.499386       0.000000            0
        99        49.5000       1       1       6.688229       3.810184      10.498413       2.806683       2.545930       1.000000     541.499386       0.000000            0
# Jump frustrated.
       100        50.0000       1       1       6.268533       4.234947      10.503480       2.806683       2.693929       1.000000     541.499386       0.000000            0
# Jump frustrated.
       101        50.5000       1       1       5.892093       4.616528      10.508620       2.806683       2.812179       1.000000     541.499386       0.000000            0
       102        51.0000       1       1       5.618300       4.892229      10.510529       2.806683       2.882379       1.000000     541.499386       0.000000            0
       103        51.5000       1       1       5.474873       5.035685      10.510558       2.806683       2.956161       1.000000     541.499386       0.000000            1
# Jump frustrated.
       104        52.0000       1       1       5.465994       5.044404      10.510399       2.806682       3.045808       1.000000     541.499386       0.000000            0
# Jump frustrated.
       105        52.5000       1       1       5.589596       4.920256      10.509852       2.806682       3.133127       1.000000     541.499386       0.000000            0
       106        53.0000       1       1       5.841877       4.668222      10.510098       2.806683       3.211019       1.000000     541.499386       0.000000            0
# Jump frustrated.
       107        53.5000       1       1       6.216596       4.290378      10.506974       2.806682       3.246366       1.000000     541.499386       0.000000            0
# Jump frustrated.
       108        54.0000       1       1       6.678844       3.823264      10.502107       2.806682       3.164986       1.000000     541.499386       0.000000            0
# Jump frustrated.
       109        54.5000       1       1       7.161535       3.334766      10.496301       2.806681       2.995053       1.000000     541.499386       0.000000            0
# Jump frustrated.
       110        55.0000       1       1       7.568701       2.917062      10.485763       2.806681       2.651279       1.000000     541.499386       0.000000            0
# Jump frustrated.
       111        55.5000       1       1       7.763348       2.710908      10.474256       2.806681       2.295437       1.000000     541.499386       0.000000            0
# Jump frustrated.
       112        56.0000       1       1       7.603964       2.862046      10.466010       2.806682       2.430044       1.000000     541.499386       0.000000            1
       113        56.5000       1       1       7.067029       3.409504      10.476533       2.806682       3.687198       1.000000     541.499386       0.000000            0
# Jump frustrated.
       114        57.0000       1       1       6.433417       4.087547      10.520963       2.806681       5.418360       1.000000     541.499386       0.000000            0
# Jump frustrated.
       115        57.5000       1       1       6.314044       4.233286      10.547330       2.806681       6.052669       1.000000     541.499386       0.000000            0
       116        58.0000       1       1       7.017191       3.490055      10.507246       2.806681       5.034488       1.000000     541.499386       0.000000            0
       117        58.5000       1       1       8.033864       2.431470      10.465334       2.806681       2.955204       1.000000     541.499386       0.000000            1
       118        59.0000       1       1       8.677558       1.780001      10.457560       2.806681       1.758028       1.000000     541.499386       0.000000            0
       119        59.5000       1       1       8.724690       1.743047      10.467737       2.806681       2.042825       1.000000     541.499386       0.000000            0
# Jump frustrated.
       120        60.0000       1       1       8.280476       2.206633      10.487108       2.806680       2.601772       1.000000     541.499386       0.000000            0
# Jump frustrated.
       121        60.5000       1       1       7.554076       2.943220      10.497296       2.806680       2.978295       1.000000     541.499386       0.000000            0
# Jump frustrated.
       122        61.0000       1       1       6.731777       3.777590      10.509367       2.806681       3.112895       1.000000     541.499386       0.000000            0
# Jump frustrated.
       123        61.5000       1       1       5.952247       4.564003      10.516250       2.806681       3.053288       1.000000     541.499386       0.000000            1
# Jump frustrated.
       124        62.0000       1       1       5.281123       5.232911      10.514034       2.806681       2.919027       1.000000     541.499386       0.000000            0
       125        62.5000       1       1       4.724884       5.790749      10.515634       2.806680       2.906501       1.000000     541.499386       0.000000            0
       126        63.0000       1       1       4.299723       6.217381      10.517104       2.806679       2.893903       1.000000     541.499386       0.000000            0
# Jump frustrated.
       127        63.5000       1       1       4.035659       6.482286      10.517945       2.806679       2.907552       1.000000     541.499386       0.000000            0
       128        64.0000       1       1       3.952446       6.566575      10.519020       2.806679       2.958726       1.000000     541.499386       0.000000            0
# Jump frustrated.
       129        64.5000       1       1       4.065091       6.454467      10.519559       2.806680       3.013532       1.000000     541.499386       0.000000            0
       130        65.0000       1       1       4.380200       6.138698      10.518898       2.806680       3.038240       1.000000     541.499386       0.000000            1
# Jump frustrated.
       131        65.5000       1       1       4.883248       5.631515      10.514763       2.806680       3.004201       1.000000     541.499386       0.000000            0
       132        66.0000       1       1       5.517182       4.990634      10.507817       2.806680       2.928997       1.000000     541.499386       0.000000            0
# Jump frustrated.
       133        66.5000       1       1       6.171424       4.324218      10.495642       2.806680       2.846353       1.000000     541.499386       0.000000            0
# Jump frustrated.
       134        67.0000       1       1       6.698278       3.785687      10.483965       2.806680       2.792418       1.000000     541.499386       0.000000            0
# Jump frustrated.
       135        67.5000       1       1       6.946168       3.527632      10.473800       2.806681       2.989097       1.000000     541.499386       0.000000            0
# Jump frustrated.
       136        68.0000       1       1       6.858425       3.622923      10.481348       2.806682       3.690237       1.000000     541.499386       0.000000            0
# Jump frustrated.
       137        68.5000       1       1       6.602293       3.896964      10.499257       2.806682       4.499882       1.000000     541.499386       0.000000            1
       138        69.0000       1       1       6.447557       4.052253      10.499811       2.806682       4.916915       1.000000     541.499386       0.000000            0
# Jump frustrated.
       139        69.5000       1       1       6.472624       4.017583      10.490207       2.806683       5.264415       1.000000     541.499386       0.000000            0
       140        70.0000       1       1       6.661718       3.841948      10.503666       2.806683       5.789656       1.000000     541.499386       0.000000            0
# Jump frustrated.
       141        70.5000       1       1       7.109224       3.388951      10.498175       2.806683       5.543869       1.000000     541.499386       0.000000            0
# Jump frustrated.
       142        71.0000       1       1       7.679096       2.787930      10.467027       2.806684       4.264093       1.000000     541.499386       0.000000            0
       143        71.5000       1       1       7.965082       2.498320      10.463402       2.806685       3.107324       1.000000     541.499386       0.000000            1
# Jump frustrated.
       144        72.0000       1       1       7.790398       2.687034      10.477432       2.806685       2.901274       1.000000     541.499386       0.000000            0
# Jump frustrated.
       145        72.5000       1       1       7.283949       3.210202      10.494151       2.806684       3.164597       1.000000     541.499386       0.000000            0
# Jump frustrated.
       146        73.0000       1       1       6.653611       3.853159      10.506770       2.806684       3.356651       1.000000     541.499386       0.000000            0
       147        73.5000       1       1       6.060632       4.452519      10.513151       2.806684       3.433804       1.000000     541.499386       0.000000            0
# Jump frustrated.
       148        74.0000       1       1       5.597277       4.917972      10.515249       2.806685       3.395364       1.000000     541.499386       0.000000            0
# Jump frustrated.
       149        74.5000       1       1       5.302642       5.214019      10.516661       2.806684       3.362064       1.000000     541.499386       0.000000            1
       150        75.0000       1       1       5.193412       5.324050      10.517463       2.806683       3.330857       1.000000     541.499386       0.000000            0
# Jump frustrated.
       151        75.5000       1       1       5.279989       5.237894      10.517882       2.806684       3.294353       1.000000     541.499386       0.000000            0
# Jump frustrated.
       152        76.0000       1       1       5.564980       4.952435      10.517415       2.806684       3.249992       1.000000     541.499386       0.000000            0
# Jump frustrated.
       153        76.5000       1       1       6.039636       4.475563      10.515199       2.806685       3.175912       1.000000     541.499386       0.000000            0
# Jump frustrated.
       154        77.0000       1       1       6.673416       3.836550      10.509967       2.806685       3.035148       1.000000     541.499386       0.000000            0
# Jump frustrated.
       155        77.5000       1       1       7.394820       3.103907      10.498727       2.806686       2.757364       1.000000     541.499386       0.000000            1
# Jump frustrated.
       156        78.0000       1       1       8.059978       2.425450      10.485427       2.806686       2.266581       1.000000     541.499386       0.000000            0
# Jump frustrated.
       157        78.5000       1       1       8.464174       2.004009      10.468183       2.806686       1.903866       1.000000     541.499386       0.000000            0
# Jump frustrated.
       158        79.0000       1       1       8.403054       2.053211      10.456265       2.806685       2.431138       1.000000     541.499386       0.000000            0
       159        79.5000       1       1       7.778515       2.685373      10.463888       2.806685       4.146571       1.000000     541.499386       0.000000            0
       160        80.0000       1       1       6.821663       3.677109      10.498772       2.806686       5.996043       1.000000     541.499386       0.000000            0
# Jump frustrated.
       161        80.5000       1       1       6.073200       4.455633      10.528833       2.806688       7.076298       1.000000     541.499386       0.000000            1
       162        81.0000       1       1       5.961588       4.562135      10.523722       2.806689       6.993601       1.000000     541.499386       0.000000            0
# Jump frustrated.
       163        81.5000       1       1       6.444443       4.050800      10.495243       2.806690       5.996844       1.000000     541.499386       0.000000            0
# Jump frustrated.
       164        82.0000       1       1       7.074294       3.389574      10.463868       2.806690       4.220663       1.000000     541.499386       0.000000            0
# Jump frustrated.
       165        82.5000       1       1       7.334286       3.127575      10.461861       2.806691       2.766782       1.000000     541.499386       0.000000            0
# Jump frustrated.
       166        83.0000       1       1       7.067984       3.413864      10.481847       2.806690       2.557625       1.000000     541.499386       0.000000            0
# Jump frustrated.
       167        83.5000       1       1       6.461380       4.040212      10.501593       2.806690       2.887064       1.000000     541.499386       0.000000            0
       168        84.0000       1       1       5.758783       4.756870      10.515653       2.806689       3.129959       1.000000     541.499386       0.000000            1
# Jump frustrated.
       169        84.5000       1       1       5.126610       5.393183      10.519793       2.806689       3.193029       1.000000     541.499386       0.000000            0
       170        85.0000       1       1       4.632732       5.887702      10.520433       2.806688       3.196175       1.000000     541.499386       0.000000            0
# Jump frustrated.
       171        85.5000       1       1       4.290411       6.230045      10.520455       2.806689       3.174656       1.000000     541.499386       0.000000            0
       172        86.0000       1       1       4.097104       6.422911      10.520015       2.806690       3.133282       1.000000     541.499386       0.000000            0
# Jump frustrated.
       173        86.5000       1       1       4.045833       6.473775      10.519608       2.806691       3.075786       1.000000     541.499386       0.000000            0
# Jump frustrated.
       174        87.0000       1       1       4.126953       6.391770      10.518723       2.806691       3.018687       1.000000     541.499386       0.000000            1
       175        87.5000       1       1       4.328784       6.188939      10.517722       2.806690       2.979716       1.000000     541.499386       0.000000            0
# Jump frustrated.
       176        88.0000       1       1       4.639637       5.877321      10.516958       2.806689       2.960693       1.000000     541.499386       0.000000            0
# Jump frustrated.
       177        88.5000       1       1       5.053773       5.463769      10.517542       2.806690       3.020518       1.000000     541.499386       0.000000            0
       178        89.0000       1       1       5.583164       4.935619      10.518782       2.806691       3.175495       1.000000     541.499386       0.000000            0
       179        89.5000       1       1       6.251589       4.265673      10.517262       2.806690       3.310919       1.000000     541.499386       0.000000            0
# Jump frustrated.
       180        90.0000       1       1       7.056892       3.454762      10.511654       2.806689       3.236748       1.000000     541.499386       0.000000            1
       181        90.5000       1       1       7.906135       2.586345      10.492480       2.806689       2.801511       1.000000     541.499386       0.000000            0
# Jump frustrated.
       182        91.0000       1       1       8.571347       1.893562      10.464909       2.806690       2.223529       1.000000     541.499386       0.000000            0
       183        91.5000       1       1       8.723369       1.717304      10.440673       2.806690       2.699832       1.000000     541.499386       0.000000            0
# Jump frustrated.
       184        92.0000       1       1       8.155396       2.296111      10.451507       2.806691       4.952298       1.000000     541.499386       0.000000            0
       185        92.5000       1       1       7.208680       3.301756      10.510437       2.806692       7.289348       1.000000     541.499386       0.000000            0
# Jump frustrated.
       186        93.0000       1       1       6.704191       3.842156      10.546347       2.806694       8.261863       1.000000     541.499386       0.000000            1
# Jump frustrated.
       187        93.5000       1       1       7.105167       3.407636      10.512803       2.806694       7.355015       1.000000     541.499386       0.000000            0
# Jump frustrated.
       188        94.0000       1       1       7.985465       2.474860      10.460325       2.806693       5.192331       1.000000     541.499386       0.000000            0
# Jump frustrated.
       189        94.5000       1       1       8.566099       1.880275      10.446374       2.806693       3.031248       1.000000     541.499386       0.000000            0
       190        95.0000       1       1       8.482442       1.980549      10.462992       2.806693       2.164143       1.000000     541.499386       0.000000            0
       191        95.5000       1       1       7.853918       2.631810      10.485729       2.806694       2.518508       1.000000     541.499386       0.000000            0
       192        96.0000       1       1       6.948801       3.555036      10.503837       2.806694       3.130405       1.000000     541.499386       0.000000            1
# Jump frustrated.
       193        96.5000       1       1       6.047874       4.469335      10.517209       2.806693       3.383573       1.000000     541.499386       0.000000            0
# Jump frustrated.
       194        97.0000       1       1       5.330839       5.188276      10.519115       2.806693       3.458858       1.000000     541.499386       0.000000            0
# Jump frustrated.
       195        97.5000       1       1       4.847408       5.672414      10.519822       2.806693       3.407063       1.000000     541.499386       0.000000            0
       196        98.0000       1       1       4.593498       5.923825      10.517323       2.806693       3.298734       1.000000     541.499386       0.000000            0
       197        98.5000       1       1       4.535249       5.979464      10.514712       2.806692       3.206370       1.000000     541.499386       0.000000            0
# Jump frustrated.
       198        99.0000       1       1       4.629769       5.882304      10.512073       2.806691       3.159473       1.000000     541.499386       0.000000            1
# Jump frustrated.
       199        99.5000       1       1       4.837701       5.672621      10.510323       2.806691       3.173605       1.000000     541.499386       0.000000            0
# Jump frustrated.
       200       100.0000       1       1       5.131580       5.378236      10.509815       2.806691       3.228379       1.000000     541.499386       0.000000            0
       201       100.5000       1       1       5.502202       5.008904      10.511106       2.806691       3.309534       1.000000     541.499386       0.000000            0
# Jump frustrated.
       202       101.0000       1       1       5.948176       4.558813      10.506989       2.806691       3.329974       1.000000     541.499386       0.000000            0
       203       101.5000       1       1       6.426242       4.074052      10.500294       2.806691       3.229883       1.000000     541.499386       0.000000            0
# Jump frustrated.
       204       102.0000       1       1       6.850034       3.642438      10.492473       2.806692       3.010847       1.000000     541.499386       0.000000            0
# Jump frustrated.
       205       102.5000       1       1       7.122541       3.360717      10.483258       2.806693       2.687249       1.000000     541.499386       0.000000            0
# Jump frustrated.
       206       103.0000       1       1       7.102150       3.362793      10.464943       2.806693       2.451035       1.000000     541.499386       0.000000            0
       207       103.5000       1       1       6.626124       3.836343      10.462467       2.806693       3.143646       1.000000     541.499386       0.000000            1
# Jump frustrated.
       208       104.0000       1       1       5.802033       4.701023      10.503057       2.806693       4.817640       1.000000     541.499386       0.000000            0
# Jump frustrated.
       209       104.5000       1       1       5.239584       5.307234      10.546818       2.806694       5.918076       1.000000     541.499386       0.000000            0
# Jump frustrated.
       210       105.0000       1       1       5.503599       5.029872      10.533471       2.806694       5.606425       1.000000     541.499386       0.000000            0
       211       105.5000       1       1       6.416140       4.062634      10.478773       2.806693       3.981390       1.000000     541.499386       0.000000            0
# Jump frustrated.
       212       106.0000       1       1       7.279628       3.177608      10.457236       2.806692       2.369858       1.000000     541.499386       0.000000            0
# Jump frustrated.
       213       106.5000       1       1       7.662992       2.804331      10.467323       2.806692       2.046777       1.000000     541.499386       0.000000            0
# Jump frustrated.
       214       107.0000       1       1       7.580336       2.902944      10.483280       2.806692       2.487177       1.000000     541.499386       0.000000            0
# Jump frustrated.
       215       107.5000       1       1       7.219908       3.277674      10.497582       2.806693       2.873635       1.000000     541.499386       0.000000            1
       216       108.0000       1       1       6.757223       3.746657      10.503880       2.806693       3.088209       1.000000     541.499386       0.000000            0
       217       108.5000       1       1       6.298181       4.210450      10.508630       2.806694       3.196264       1.000000     541.499386       0.000000            0
# Jump frustrated.
       218       109.0000       1       1       5.910876       4.601372      10.512248       2.806694       3.186032       1.000000     541.499386       0.000000            0
       219       109.5000       1       1       5.639237       4.873544      10.512782       2.806694       3.103991       1.000000     541.499386       0.000000            0
# Jump frustrated.
       220       110.0000       1       1       5.502677       5.011395      10.514072       2.806694       3.044711       1.000000     541.499386       0.000000            0
# Jump frustrated.
       221       110.5000       1       1       5.513379       5.001222      10.514601       2.806693       3.014346       1.000000     541.499386       0.000000            0
       222       111.0000       1       1       5.683431       4.831815      10.515247       2.806693       3.023339       1.000000     541.499386       0.000000            1
# Jump frustrated.
       223       111.5000       1       1       6.023962       4.491549      10.515511       2.806693       3.061733       1.000000     541.499386       0.000000            0
       224       112.0000       1       1       6.534928       3.976685      10.511612       2.806693       3.083454       1.000000     541.499386       0.000000            0
       225       112.5000       1       1       7.163964       3.337672      10.501636       2.806694       2.981218       1.000000     541.499386       0.000000            0
# Jump frustrated.
       226       113.0000       1       1       7.785643       2.706341      10.491985       2.806695       2.883791       1.000000     541.499386       0.000000            0
# Jump frustrated.
       227       113.5000       1       1       8.250637       2.230092      10.480729       2.806696       2.921506       1.000000     541.499386       0.000000            0
       228       114.0000       1       1       8.402258       2.066291      10.468548       2.806695       3.336595       1.000000     541.499386       0.000000            0
# Jump frustrated.
       229       114.5000       1       1       8.114184       2.351957      10.466141       2.806695       4.402235       1.000000     541.499386       0.000000            1
# Jump frustrated.
       230       115.0000       1       1       7.455362       3.035397      10.490760       2.806695       5.889318       1.000000     541.499386       0.000000            0
       231       115.5000       1       1       6.801364       3.724235      10.525599       2.806696       7.086946       1.000000     541.499386       0.000000            0
# Jump frustrated.
       232       116.0000       1       1       6.627167       3.898832      10.525999       2.806696       7.034955       1.000000     541.499386       0.000000            0
# Jump frustrated.
       233       116.5000       1       1       6.961770       3.534898      10.496669       2.806697       5.852491       1.000000     541.499386       0.000000            0
       234       117.0000       1       1       7.329444       3.135048      10.464492       2.806697       4.361136       1.000000     541.499386       0.000000            0
       235       117.5000       1       1       7.304622       3.169096      10.473718       2.806698       3.791887       1.000000     541.499386       0.000000            1
       236       118.0000       1       1       6.892286       3.603616      10.495902       2.806699       3.918841       1.000000     541.499386       0.000000            0
# Jump frustrated.
       237       118.5000       1       1       6.323218       4.183253      10.506471       2.806699       3.984889       1.000000     541.499386       0.000000            0
# Jump frustrated.
       238       119.0000       1       1       5.762948       4.748150      10.511098       2.806697       3.859886       1.000000     541.499386       0.000000            0
       239       119.5000       1       1       5.274748       5.237894      10.512642       2.806696       3.693076       1.000000     541.499386       0.000000            0
# Jump frustrated.
       240       120.0000       1       1       4.876290       5.637744      10.514033       2.806696       3.623438       1.000000     541.499386       0.000000            0
# Jump frustrated.
       241       120.5000       1       1       4.583176       5.931507      10.514682       2.806696       3.612426       1.000000     541.499386       0.000000            1
# Jump frustrated.
       242       121.0000       1       1       4.406811       6.108387      10.515199       2.806696       3.712250       1.000000     541.499386       0.000000            0
# Jump frustrated.
       243       121.5000       1       1       4.357851       6.158836      10.516687       2.806695       3.876586       1.000000     541.499386       0.000000            0
       244       122.0000       1       1       4.451661       6.065828      10.517489       2.806696       4.043367       1.000000     541.499386       0.000000            0
# Jump frustrated.
       245       122.5000       1       1       4.700922       5.816908      10.517830       2.806697       4.177918       1.000000     541.499386       0.000000            0
       246       123.0000       1       1       5.109548       5.407093      10.516640       2.806696       4.236395       1.000000     541.499386       0.000000            0
# Jump frustrated.
       247       123.5000       1       1       5.663266       4.849670      10.512936       2.806696       4.173549       1.000000     541.499386       0.000000            1
# Jump frustrated.
       248       124.0000       1       1       6.314989       4.191765      10.506754       2.806696       3.987890       1.000000     541.499386       0.000000            0
# Jump frustrated.
       249       124.5000       1       1       6.986976       3.512477      10.499453       2.806695       3.800208       1.000000     541.499386       0.000000            0
# Jump frustrated.
       250       125.0000       1       1       7.585517       2.905436      10.490952       2.806694       3.686050       1.000000     541.499386       0.000000            0
# Jump frustrated.
       251       125.5000       1       1       8.029415       2.460535      10.489951       2.806695       3.831716       1.000000     541.499386       0.000000            0
# Jump frustrated.
       252       126.0000       1       1       8.316170       2.175284      10.491454       2.806695       4.157450       1.000000     541.499386       0.000000            0
       253       126.5000       1       1       8.495524       1.990722      10.486246       2.806695       4.072164       1.000000     541.499386       0.000000            1
# Jump frustrated.
       254       127.0000       1       1       8.519606       1.956052      10.475657       2.806695       3.609452       1.000000     541.499386       0.000000            0
# Jump frustrated.
       255       127.5000       1       1       8.292598       2.191685      10.484283       2.806695       3.676935       1.000000     541.499386       0.000000            0
       256       128.0000       1       1       7.906380       2.596725      10.503105       2.806695       4.140312       1.000000     541.499386       0.000000            0
       257       128.5000       1       1       7.563586       2.941767      10.505353       2.806696       4.027445       1.000000     541.499386       0.000000            0
       258       129.0000       1       1       7.300607       3.198576      10.499183       2.806696       3.458464       1.000000     541.499386       0.000000            0
# Jump frustrated.
       259       129.5000       1       1       7.032947       3.467011      10.499958       2.806696       3.048907       1.000000     541.499386       0.000000            0
       260       130.0000       1       1       6.683457       3.803541      10.486998       2.806696       3.009986       1.000000     541.499386       0.000000            1
       261       130.5000       1       1       6.217582       4.284565      10.502147       2.806697       3.336415       1.000000     541.499386       0.000000            0
# Jump frustrated.
       262       131.0000       1       1       5.732953       4.781782      10.514736       2.806696       3.511754       1.000000     541.499386       0.000000            0
       263       131.5000       1       1       5.360468       5.159003      10.519471       2.806696       3.610969       1.000000     541.499386       0.000000            0
# Jump frustrated.
       264       132.0000       1       1       5.156705       5.362042      10.518747       2.806696       3.650098       1.000000     541.499386       0.000000            0
# Jump frustrated.
       265       132.5000       1       1       5.122504       5.395259      10.517763       2.806696       3.661231       1.000000     541.499386       0.000000            0
       266       133.0000       1       1       5.235818       5.280245      10.516063       2.806697       3.669224       1.000000     541.499386       0.000000            1
# Jump frustrated.
       267       133.5000       1       1       5.468585       5.045027      10.513612       2.806697       3.654171       1.000000     541.499386       0.000000            0
# Jump frustrated.
       268       134.0000       1       1       5.786695       4.725106      10.511801       2.806697       3.633382       1.000000     541.499386       0.000000            0
       269       134.5000       1       1       6.155656       4.353283      10.508939       2.806698       3.644910       1.000000     541.499386       0.000000            0
       270       135.0000       1       1       6.531928       3.971702      10.503630       2.806699       3.629777       1.000000     541.499386       0.000000            0
       271       135.5000       1       1       6.857205       3.642438      10.499643       2.806699       3.577988       1.000000     541.499386       0.000000            0
# Jump frustrated.
       272       136.0000       1       1       7.076263       3.419469      10.495733       2.806699       3.527915       1.000000     541.499386       0.000000            1
# Jump frustrated.
       273       136.5000       1       1       7.148116       3.346184      10.494301       2.806699       3.440605       1.000000     541.499386       0.000000            0
# Jump frustrated.
       274       137.0000       1       1       7.051888       3.444382      10.496269       2.806700       3.476050       1.000000     541.499386       0.000000            0
# Jump frustrated.
       275       137.5000       1       1       6.817738       3.686659      10.504396       2.806701       3.701234       1.000000     541.499386       0.000000            0
# Jump frustrated.
       276       138.0000       1       1       6.547220       3.967550      10.514770       2.806702       4.036359       1.000000     541.499386       0.000000            0
# Jump frustrated.
       277       138.5000       1       1       6.375726       4.145676      10.521402       2.806702       4.277481       1.000000     541.499386       0.000000            0
       278       139.0000       1       1       6.382064       4.135504      10.517567       2.806702       4.183116       1.000000     541.499386       0.000000            0
# Jump frustrated.
       279       139.5000       1       1       6.516798       3.990594      10.507393       2.806702       3.757097       1.000000     541.499386       0.000000            1
# Jump frustrated.
       280       140.0000       1       1       6.648037       3.852951      10.500988       2.806702       3.244319       1.000000     541.499386       0.000000            0
# Jump frustrated.
       281       140.5000       1       1       6.676180       3.823886      10.500066       2.806703       2.850864       1.000000     541.499386       0.000000            0
# Jump frustrated.
       282       141.0000       1       1       6.578303       3.924368      10.502671       2.806704       2.625752       1.000000     541.499386       0.000000            0
# Jump frustrated.
       283       141.5000       1       1       6.383097       4.122840      10.505936       2.806704       2.587795       1.000000     541.499386       0.000000            0
# Jump frustrated.
       284       142.0000       1       1       6.140767       4.369061      10.509828       2.806705       2.711734       1.000000     541.499386       0.000000            0
# Jump frustrated.
       285       142.5000       1       1       5.905934       4.606355      10.512288       2.806705       2.924724       1.000000     541.499386       0.000000            0
       286       143.0000       1       1       5.724007       4.790294      10.514301       2.806704       3.204465       1.000000     541.499386       0.000000            1
# Jump frustrated.
       287       143.5000       1       1       5.625607       4.889530      10.515137       2.806703       3.495448       1.000000     541.499386       0.000000            0
# Jump frustrated.
       288       144.0000       1       1       5.625903       4.889322      10.515226       2.806702       3.775444       1.000000     541.499386       0.000000            0
       289       144.5000       1       1       5.726959       4.787595      10.514555       2.806702       4.022161       1.000000     541.499386       0.000000            0
# Jump frustrated.
       290       145.0000       1       1       5.921099       4.592030      10.513129       2.806702       4.198994       1.000000     541.499386       0.000000            0
       291       145.5000       1       1       6.188940       4.322349      10.511289       2.806701       4.266146       1.000000     541.499386       0.000000            1
# Jump frustrated.
       292       146.0000       1       1       6.499207       4.009694      10.508901       2.806701       4.214222       1.000000     541.499386       0.000000            0
# Jump frustrated.
       293       146.5000       1       1       6.815677       3.690811      10.506488       2.806701       4.062629       1.000000     541.499386       0.000000            0
       294       147.0000       1       1       7.099192       3.404314      10.503506       2.806700       3.786573       1.000000     541.499386       0.000000            0
       295       147.5000       1       1       7.304273       3.195669      10.499942       2.806700       3.457161       1.000000     541.499386       0.000000            0
# Jump frustrated.
       296       148.0000       1       1       7.386296       3.111381      10.497678       2.806700       3.125985       1.000000     541.499386       0.000000            0
       297       148.5000       1       1       7.330439       3.170549      10.500988       2.806700       2.900777       1.000000     541.499386       0.000000            1
# Jump frustrated.
       298       149.0000       1       1       7.179260       3.326046      10.505307       2.806701       2.900887       1.000000     541.499386       0.000000            0
# Jump frustrated.
       299       149.5000       1       1       7.025286       3.486318      10.511605       2.806701       3.100541       1.000000     541.499386       0.000000            0
       300       150.0000       1       1       6.935529       3.570607      10.506135       2.806702       3.153772       1.000000     541.499386       0.000000            0
# Jump frustrated.
       301       150.5000       1       1       6.925912       3.580572      10.506484       2.806701       3.142626       1.000000     541.499386       0.000000            0
       302       151.0000       1       1       6.988130       3.514138      10.502267       2.806701       3.024912       1.000000     541.499386       0.000000            0
       303       151.5000       1       1       7.057382       3.438361      10.495744       2.806699       2.886390       1.000000     541.499386       0.000000            0
       304       152.0000       1       1       7.044652       3.449572      10.494224       2.806700       2.873602       1.000000     541.499386       0.000000            0
# Jump frustrated.
       305       152.5000       1       1       6.922653       3.577665      10.500319       2.806701       2.928217       1.000000     541.499386       0.000000            1
       306       153.0000       1       1       6.725708       3.781742      10.507451       2.806702       2.769920       1.000000     541.499386       0.000000            0
# Jump frustrated.
       307       153.5000       1       1       6.497155       4.010525      10.507680       2.806702       2.772676       1.000000     541.499386       0.000000            0
       308       154.0000       1       1       6.263531       4.245120      10.508651       2.806702       2.867169       1.000000     541.499386       0.000000            0
# Jump frustrated.
       309       154.5000       1       1       6.042059       4.469335      10.511394       2.806703       2.960704       1.000000     541.499386       0.000000            0
# Jump frustrated.
       310       155.0000       1       1       5.864993       4.648291      10.513284       2.806703       3.059367       1.000000     541.499386       0.000000            0
# Jump frustrated.
       311       155.5000       1       1       5.759554       4.755001      10.514555       2.806703       3.177548       1.000000     541.499386       0.000000            0
       312       156.0000       1       1       5.748834       4.767250      10.516084       2.806704       3.332326       1.000000     541.499386       0.000000            0
# Jump frustrated.
       313       156.5000       1       1       5.856629       4.660748      10.517377       2.806704       3.482229       1.000000     541.499386       0.000000            1
       314       157.0000       1       1       6.104704       4.413073      10.517777       2.806704       3.570702       1.000000     541.499386       0.000000            0
       315       157.5000       1       1       6.488990       4.023811      10.512801       2.806703       3.448777       1.000000     541.499386       0.000000            0
# Jump frustrated.
       316       158.0000       1       1       6.943833       3.561264      10.505097       2.806703       3.106942       1.000000     541.499386       0.000000            0
# Jump frustrated.
       317       158.5000       1       1       7.357742       3.139823      10.497566       2.806705       2.731849       1.000000     541.499386       0.000000            0
# Jump frustrated.
       318       159.0000       1       1       7.617081       2.874502      10.491583       2.806705       2.493825       1.000000     541.499386       0.000000            0
# Jump frustrated.
       319       159.5000       1       1       7.627451       2.859970      10.487421       2.806705       2.530915       1.000000     541.499386       0.000000            1
       320       160.0000       1       1       7.339456       3.149166      10.488622       2.806703       2.893626       1.000000     541.499386       0.000000            0
# Jump frustrated.
       321       160.5000       1       1       6.795171       3.705551      10.500722       2.806702       3.488896       1.000000     541.499386       0.000000            0
       322       161.0000       1       1       6.158061       4.353490      10.511551       2.806702       4.021272       1.000000     541.499386       0.000000            0
# Jump frustrated.
       323       161.5000       1       1       5.632839       4.888907      10.521746       2.806701       4.317085       1.000000     541.499386       0.000000            0
# Jump frustrated.
       324       162.0000       1       1       5.354187       5.166269      10.520456       2.806701       4.214722       1.000000     541.499386       0.000000            0
# Jump frustrated.
       325       162.5000       1       1       5.304282       5.206545      10.510827       2.806702       3.871118       1.000000     541.499386       0.000000            0
       326       163.0000       1       1       5.346201       5.156304      10.502506       2.806701       3.515873       1.000000     541.499386       0.000000            0
       327       163.5000       1       1       5.350088       5.150907      10.500994       2.806701       3.287933       1.000000     541.499386       0.000000            1
# Jump frustrated.
       328       164.0000       1       1       5.271356       5.233326      10.504682       2.806701       3.200881       1.000000     541.499386       0.000000            0
       329       164.5000       1       1       5.140844       5.368270      10.509114       2.806701       3.233041       1.000000     541.499386       0.000000            0
       330       165.0000       1       1       5.017167       5.495948      10.513115       2.806701       3.322337       1.000000     541.499386       0.000000            0
# Jump frustrated.
       331       165.5000       1       1       4.955515       5.560099      10.515614       2.806702       3.429583       1.000000     541.499386       0.000000            0
       332       166.0000       1       1       4.993969       5.522522      10.516491       2.806701       3.503425       1.000000     541.499386       0.000000            0
       333       166.5000       1       1       5.147158       5.368686      10.515844       2.806700       3.503989       1.000000     541.499386       0.000000            0
# Jump frustrated.
       334       167.0000       1       1       5.412271       5.103365      10.515635       2.806700       3.453567       1.000000     541.499386       0.000000            0
# Jump frustrated.
       335       167.5000       1       1       5.776169       4.737562      10.513731       2.806700       3.366345       1.000000     541.499386       0.000000            1
# Jump frustrated.
       336       168.0000       1       1       6.212808       4.298475      10.511283       2.806701       3.265442       1.000000     541.499386       0.000000            0
# Jump frustrated.
       337       168.5000       1       1       6.683661       3.824509      10.508170       2.806700       3.154239       1.000000     541.499386       0.000000            0
       338       169.0000       1       1       7.148655       3.358640      10.507296       2.806700       3.096696       1.000000     541.499386       0.000000            0
# Jump frustrated.
       339       169.5000       1       1       7.597434       2.911249      10.508683       2.806699       3.184909       1.000000     541.499386       0.000000            0
# Jump frustrated.
       340       170.0000       1       1       8.043394       2.463857      10.507251       2.806697       3.153698       1.000000     541.499386       0.000000            0
# Jump frustrated.
       341       170.5000       1       1       8.463877       2.031620      10.495497       2.806697       2.927919       1.000000     541.499386       0.000000            1
       342       171.0000       1       1       8.753175       1.737442      10.490618       2.806696       2.631537       1.000000     541.499386       0.000000            0
# Jump frustrated.
       343       171.5000       1       1       8.825420       1.666856      10.492276       2.806695       2.519658       1.000000     541.499386       0.000000            0
# Jump frustrated.
       344       172.0000       1       1       8.690601       1.804707      10.495308       2.806695       2.478084       1.000000     541.499386       0.000000            0
# Jump frustrated.
       345       172.5000       1       1       8.406466       2.098262      10.504728       2.806694       2.389622       1.000000     541.499386       0.000000            0
# Jump frustrated.
       346       173.0000       1       1       8.041382       2.463857      10.505239       2.806693       2.308316       1.000000     541.499386       0.000000            0
# Jump frustrated.
       347       173.5000       1       1       7.629719       2.877824      10.507543       2.806693       2.312130       1.000000     541.499386       0.000000            1
       348       174.0000       1       1       7.185655       3.323763      10.509418       2.806694       2.493367       1.000000     541.499386       0.000000            0
       349       174.5000       1       1       6.734464       3.777383      10.511846       2.806694       2.771704       1.000000     541.499386       0.000000            0
# Jump frustrated.
       350       175.0000       1       1       6.315605       4.199239      10.514843       2.806692       3.038028       1.000000     541.499386       0.000000            0
# Jump frustrated.
       351       175.5000       1       1       5.968764       4.548225      10.516989       2.806692       3.223799       1.000000     541.499386       0.000000            0
# Jump frustrated.
       352       176.0000       1       1       5.724749       4.793201      10.517950       2.806691       3.334937       1.000000     541.499386       0.000000            0
# Jump frustrated.
       353       176.5000       1       1       5.599855       4.917972      10.517827       2.806692       3.389688       1.000000     541.499386       0.000000            1
       354       177.0000       1       1       5.593884       4.923162      10.517046       2.806692       3.398134       1.000000     541.499386       0.000000            0
# Jump frustrated.
       355       177.5000       1       1       5.692115       4.823304      10.515418       2.806692       3.371839       1.000000     541.499386       0.000000            0
# Jump frustrated.
       356       178.0000       1       1       5.867183       4.645800      10.512983       2.806692       3.311630       1.000000     541.499386       0.000000            0
# Jump frustrated.
       357       178.5000       1       1       6.078934       4.430512      10.509447       2.806691       3.237375       1.000000     541.499386       0.000000            0
# Jump frustrated.
       358       179.0000       1       1       6.279356       4.226850      10.506206       2.806691       3.173977       1.000000     541.499386       0.000000            0
# Jump frustrated.
       359       179.5000       1       1       6.431701       4.074467      10.506169       2.806690       3.124057       1.000000     541.499386       0.000000            0
       360       180.0000       1       1       6.527086       3.978761      10.505847       2.806689       3.055884       1.000000     541.499386       0.000000            1
# Jump frustrated.
       361       180.5000       1       1       6.566999       3.938485      10.505484       2.806688       2.910290       1.000000     541.499386       0.000000            0
# Jump frustrated.
       362       181.0000       1       1       6.547672       3.956754      10.504426       2.806687       2.659369       1.000000     541.499386       0.000000            0
# Jump frustrated.
       363       181.5000       1       1       6.453466       4.049555      10.503020       2.806687       2.460353       1.000000     541.499386       0.000000            0
# Jump frustrated.
       364       182.0000       1       1       6.273549       4.231418      10.504967       2.806686       2.529212       1.000000     541.499386       0.000000            0
# Jump frustrated.
       365       182.5000       1       1       6.042290       4.468089      10.510379       2.806686       2.832381       1.000000     541.499386       0.000000            1
# Jump frustrated.
       366       183.0000       1       1       5.838386       4.677356      10.515743       2.806687       3.123369       1.000000     541.499386       0.000000            0
       367       183.5000       1       1       5.736274       4.781367      10.517641       2.806688       3.235795       1.000000     541.499386       0.000000            0
       368       184.0000       1       1       5.758212       4.756454      10.514666       2.806688       3.139680       1.000000     541.499386       0.000000            0
# Jump frustrated.
       369       184.5000       1       1       5.857938       4.649952      10.507891       2.806687       2.914582       1.000000     541.499386       0.000000            0
# Jump frustrated.
       370       185.0000       1       1       5.956090       4.550924      10.507014       2.806687       2.719638       1.000000     541.499386       0.000000            0
       371       185.5000       1       1       6.014289       4.493002      10.507291       2.806688       2.634394       1.000000     541.499386       0.000000            0
# Jump frustrated.
       372       186.0000       1       1       6.041617       4.467674      10.509291       2.806689       2.628309       1.000000     541.499386       0.000000            1
       373       186.5000       1       1       6.068134       4.445460      10.513594       2.806690       2.657208       1.000000     541.499386       0.000000            0
# Jump frustrated.
       374       187.0000       1       1       6.135499       4.376950      10.512448       2.806689       2.752099       1.000000     541.499386       0.000000            0
       375       187.5000       1       1       6.265145       4.246158      10.511303       2.806689       2.901716       1.000000     541.499386       0.000000            0
# Jump frustrated.
       376       188.0000       1       1       6.449146       4.063879      10.513025       2.806690       2.945659       1.000000     541.499386       0.000000            0
# Jump frustrated.
       377       188.5000       1       1       6.690605       3.825547      10.516153       2.806690       2.982301       1.000000     541.499386       0.000000            0
# Jump frustrated.
       378       189.0000       1       1       7.008634       3.505626      10.514260       2.806690       2.900086       1.000000     541.499386       0.000000            1
# Jump frustrated.
       379       189.5000       1       1       7.375334       3.133803      10.509137       2.806690       2.662226       1.000000     541.499386       0.000000            0
# Jump frustrated.
       380       190.0000       1       1       7.709477       2.793536      10.503012       2.806690       2.445142       1.000000     541.499386       0.000000            0
# Jump frustrated.
       381       190.5000       1       1       7.936675       2.564131      10.500806       2.806690       2.409237       1.000000     541.499386       0.000000            0
# Jump frustrated.
       382       191.0000       1       1       8.037697       2.464687      10.502385       2.806690       2.569060       1.000000     541.499386       0.000000            0
# Jump frustrated.
       383       191.5000       1       1       8.032932       2.469255      10.502187       2.806688       2.741939       1.000000     541.499386       0.000000            0
# Jump frustrated.
       384       192.0000       1       1       7.927159       2.572435      10.499594       2.806688       2.779812       1.000000     541.499386       0.000000            0
# Jump frustrated.
       385       192.5000       1       1       7.689702       2.807653      10.497356       2.806688       2.716657       1.000000     541.499386       0.000000            1
# Jump frustrated.
       386       193.0000       1       1       7.306224       3.195877      10.502101       2.806687       2.728094       1.000000     541.499386       0.000000            0
       387       193.5000       1       1       6.833500       3.675448      10.508948       2.806686       2.890377       1.000000     541.499386       0.000000            0
       388       194.0000       1       1       6.379554       4.136749      10.516304       2.806686       3.160995       1.000000     541.499386       0.000000            0
       389       194.5000       1       1       6.061590       4.457501      10.519091       2.806688       3.210461       1.000000     541.499386       0.000000            0
       390       195.0000       1       1       5.923292       4.591407      10.514699       2.806688       2.969115       1.000000     541.499386       0.000000            0
# Jump frustrated.
       391       195.5000       1       1       5.902613       4.606355      10.508968       2.806687       2.692456       1.000000     541.499386       0.000000            0
       392       196.0000       1       1       5.908750       4.598466      10.507216       2.806687       2.649582       1.000000     541.499386       0.000000            0
# Jump frustrated.
       393       196.5000       1       1       5.896663       4.611545      10.508208       2.806688       2.840718       1.000000     541.499386       0.000000            1
# Jump frustrated.
       394       197.0000       1       1       5.869283       4.641440      10.510724       2.806688       3.126572       1.000000     541.499386       0.000000            0
# Jump frustrated.
       395       197.5000       1       1       5.856362       4.657011      10.513373       2.806686       3.403221       1.000000     541.499386       0.000000            0
# Jump frustrated.
       396       198.0000       1       1       5.886727       4.626078      10.512805       2.806686       3.601769       1.000000     541.499386       0.000000            0
# Jump frustrated.
       397       198.5000       1       1       5.969364       4.544073      10.513437       2.806685       3.668273       1.000000     541.499386       0.000000            0
# Jump frustrated.
       398       199.0000       1       1       6.097887       4.412243      10.510130       2.806686       3.592679       1.000000     541.499386       0.000000            0
       399       199.5000       1       1       6.233473       4.272316      10.505789       2.806689       3.463237       1.000000     541.499386       0.000000            0
# Jump frustrated.
       400       200.0000       1       1       6.321808       4.181177      10.502985       2.806690       3.416950       1.000000     541.499386       0.000000            0
