#===============================================================================================================================================================================
#     Step |         Time |         State |                                     Energy |      Angular |     Gradient |      Density |           Expectation Value |    Runtime |
#          |              |  diag |   MCH |          kin |          pot |          tot |     Momentum |          RMS |        Total |           DM |            S |            |
#          |         [fs] |       |       |         [eV] |         [eV] |         [eV] |       [hbar] |     [eV/Ang] |              |      [Debye] |              |      [sec] |
#===============================================================================================================================================================================
         0         0.0000       2       2       0.076091       9.993949      10.070039       0.000201       2.512206       1.000000     541.499386       0.000000            2
         1         0.5000       2       2       0.070679       9.999554      10.070233       0.000201       2.544722       1.000000     541.499386       0.000000            2
         2         1.0000       2       2       0.111387       9.958033      10.069420       0.000201       2.472929       1.000000     541.499386       0.000000            0
         3         1.5000       2       2       0.188714       9.879765      10.068479       0.000201       2.315204       1.000000     541.499386       0.000000            0
# Jump frustrated.
         4         2.0000       2       2       0.287723       9.779906      10.067630       0.000201       2.091858       1.000000     541.499386       0.000000            0
         5         2.5000       2       2       0.394084       9.672989      10.067073       0.000200       1.820849       1.000000     541.499386       0.000000            0
# Jump frustrated.
         6         3.0000       2       2       0.497428       9.569186      10.066614       0.000200       1.527558       1.000000     541.499386       0.000000            0
         7         3.5000       2       2       0.592596       9.473895      10.066491       0.000200       1.260799       1.000000     541.499386       0.000000            0
         8         4.0000       2       2       0.680107       9.386700      10.066806       0.000200       1.094143       1.000000     541.499386       0.000000            0
# Surface Hop/Pointer State Switch: new state=      1 old state=      2 randnum=  0.083120739 gap= -8.923338 eV
         9         4.5000       1       1       9.688771       0.378035      10.066806       2.780945       1.354080       1.000000     541.499386       0.000000            1
        10         5.0000       1       1       9.189380       0.889578      10.078958       2.780945       2.486252       1.000000     541.499386       0.000000            0
# Jump frustrated.
        11         5.5000       1       1       8.278032       1.833356      10.111388       2.780944       3.992360       1.000000     541.499386       0.000000            0
        12         6.0000       1       1       7.362046       2.771945      10.133990       2.780944       4.880694       1.000000     541.499386       0.000000            0
# Jump frustrated.
        13         6.5000       1       1       6.743635       3.381685      10.125320       2.780944       4.593056       1.000000     541.499386       0.000000            0
        14         7.0000       1       1       6.349917       3.757245      10.107161       2.780944       3.716669       1.000000     541.499386       0.000000            0
# Jump frustrated.
        15         7.5000       1       1       5.940830       4.161662      10.102492       2.780945       3.026825       1.000000     541.499386       0.000000            0
# Jump frustrated.
        16         8.0000       1       1       5.419614       4.689190      10.108804       2.780945       2.813600       1.000000     541.499386       0.000000            0
# Jump frustrated.
        17         8.5000       1       1       4.835524       5.279830      10.115354       2.780945       2.869010       1.000000     541.499386       0.000000            0
# Jump frustrated.
        18         9.0000       1       1       4.279654       5.841821      10.121475       2.780944       2.993007       1.000000     541.499386       0.000000            0
# Jump frustrated.
        19         9.5000       1       1       3.829990       6.294195      10.124185       2.780944       3.101154       1.000000     541.499386       0.000000            1
# Jump frustrated.
        20        10.0000       1       1       3.533404       6.592941      10.126344       2.780945       3.164384       1.000000     541.499386       0.000000            0
# Jump frustrated.
        21        10.5000       1       1       3.413600       6.712937      10.126537       2.780946       3.171656       1.000000     541.499386       0.000000            0
# Jump frustrated.
        22        11.0000       1       1       3.473233       6.652108      10.125341       2.780946       3.134474       1.000000     541.499386       0.000000            0
# Jump frustrated.
        23        11.5000       1       1       3.688588       6.433084      10.121671       2.780946       3.076777       1.000000     541.499386       0.000000            0
# Jump frustrated.
        24        12.0000       1       1       4.014506       6.103612      10.118118       2.780947       3.062965       1.000000     541.499386       0.000000            0
        25        12.5000       1       1       4.408734       5.707499      10.116233       2.780948       3.143348       1.000000     541.499386       0.000000            0
# Jump frustrated.
        26        13.0000       1       1       4.851076       5.263014      10.114090       2.780948       3.309485       1.000000     541.499386       0.000000            0
# Jump frustrated.
        27        13.5000       1       1       5.315087       4.792578      10.107665       2.780947       3.488148       1.000000     541.499386       0.000000            0
        28        14.0000       1       1       5.754673       4.351207      10.105880       2.780947       3.737220       1.000000     541.499386       0.000000            0
        29        14.5000       1       1       6.174165       3.936617      10.110782       2.780947       4.090271       1.000000     541.499386       0.000000            0
# Jump frustrated.
        30        15.0000       1       1       6.638490       3.471163      10.109653       2.780947       4.176301       1.000000     541.499386       0.000000            1
        31        15.5000       1       1       7.131534       2.961074      10.092608       2.780946       3.637949       1.000000     541.499386       0.000000            0
# Jump frustrated.
        32        16.0000       1       1       7.437533       2.637623      10.075156       2.780945       2.967519       1.000000     541.499386       0.000000            0
        33        16.5000       1       1       7.359207       2.726894      10.086101       2.780945       3.421703       1.000000     541.499386       0.000000            0
        34        17.0000       1       1       7.070575       3.049722      10.120297       2.780945       4.321172       1.000000     541.499386       0.000000            0
        35        17.5000       1       1       6.942216       3.173663      10.115880       2.780946       4.346856       1.000000     541.499386       0.000000            0
        36        18.0000       1       1       7.003815       3.096018      10.099834       2.780946       3.785175       1.000000     541.499386       0.000000            0
# Jump frustrated.
        37        18.5000       1       1       7.031272       3.064255      10.095526       2.780946       3.437189       1.000000     541.499386       0.000000            0
# Jump frustrated.
        38        19.0000       1       1       6.897135       3.201690      10.098825       2.780946       3.664431       1.000000     541.499386       0.000000            0
# Jump frustrated.
        39        19.5000       1       1       6.612862       3.493169      10.106032       2.780946       4.146204       1.000000     541.499386       0.000000            1
# Jump frustrated.
        40        20.0000       1       1       6.268032       3.845270      10.113302       2.780946       4.612187       1.000000     541.499386       0.000000            0
        41        20.5000       1       1       5.965314       4.154603      10.119917       2.780946       4.917045       1.000000     541.499386       0.000000            0
# Jump frustrated.
        42        21.0000       1       1       5.791950       4.331692      10.123641       2.780945       4.957488       1.000000     541.499386       0.000000            0
# Jump frustrated.
        43        21.5000       1       1       5.783994       4.337297      10.121291       2.780945       4.739158       1.000000     541.499386       0.000000            0
# Jump frustrated.
        44        22.0000       1       1       5.907242       4.207751      10.114993       2.780945       4.271804       1.000000     541.499386       0.000000            0
# Jump frustrated.
        45        22.5000       1       1       6.081975       4.028379      10.110354       2.780946       3.711907       1.000000     541.499386       0.000000            0
# Jump frustrated.
        46        23.0000       1       1       6.230438       3.875996      10.106434       2.780946       3.140894       1.000000     541.499386       0.000000            0
# Jump frustrated.
        47        23.5000       1       1       6.298083       3.806863      10.104945       2.780946       2.738092       1.000000     541.499386       0.000000            1
        48        24.0000       1       1       6.272275       3.835512      10.107787       2.780946       2.714783       1.000000     541.499386       0.000000            0
# Jump frustrated.
        49        24.5000       1       1       6.197608       3.915648      10.113256       2.780946       3.005127       1.000000     541.499386       0.000000            0
# Jump frustrated.
        50        25.0000       1       1       6.151081       3.966720      10.117801       2.780945       3.349286       1.000000     541.499386       0.000000            0
# Jump frustrated.
        51        25.5000       1       1       6.207265       3.914610      10.121875       2.780945       3.567037       1.000000     541.499386       0.000000            0
# Jump frustrated.
        52        26.0000       1       1       6.403404       3.714893      10.118297       2.780946       3.472296       1.000000     541.499386       0.000000            0
# Jump frustrated.
        53        26.5000       1       1       6.680617       3.426528      10.107145       2.780946       3.110650       1.000000     541.499386       0.000000            0
# Jump frustrated.
        54        27.0000       1       1       6.896798       3.202313      10.099110       2.780947       2.700290       1.000000     541.499386       0.000000            0
# Jump frustrated.
        55        27.5000       1       1       6.937554       3.162037      10.099591       2.780947       2.488489       1.000000     541.499386       0.000000            1
# Jump frustrated.
        56        28.0000       1       1       6.780925       3.319403      10.100328       2.780947       2.432393       1.000000     541.499386       0.000000            0
# Jump frustrated.
        57        28.5000       1       1       6.431754       3.666728      10.098482       2.780947       2.481958       1.000000     541.499386       0.000000            0
        58        29.0000       1       1       5.887307       4.212733      10.100040       2.780946       2.767497       1.000000     541.499386       0.000000            0
# Jump frustrated.
        59        29.5000       1       1       5.215366       4.901779      10.117145       2.780946       3.352725       1.000000     541.499386       0.000000            0
        60        30.0000       1       1       4.603451       5.526674      10.130125       2.780946       3.832449       1.000000     541.499386       0.000000            0
# Jump frustrated.
        61        30.5000       1       1       4.239800       5.892477      10.132277       2.780946       3.855055       1.000000     541.499386       0.000000            0
# Jump frustrated.
        62        31.0000       1       1       4.158447       5.964724      10.123170       2.780946       3.436557       1.000000     541.499386       0.000000            0
        63        31.5000       1       1       4.240698       5.874830      10.115528       2.780946       3.024373       1.000000     541.499386       0.000000            0
# Jump frustrated.
        64        32.0000       1       1       4.369068       5.746114      10.115182       2.780945       2.897501       1.000000     541.499386       0.000000            1
# Jump frustrated.
        65        32.5000       1       1       4.505567       5.610132      10.115698       2.780944       2.952333       1.000000     541.499386       0.000000            0
# Jump frustrated.
        66        33.0000       1       1       4.643266       5.471658      10.114925       2.780945       3.122064       1.000000     541.499386       0.000000            0
# Jump frustrated.
        67        33.5000       1       1       4.773027       5.341282      10.114308       2.780945       3.422001       1.000000     541.499386       0.000000            0
# Jump frustrated.
        68        34.0000       1       1       4.892486       5.222738      10.115224       2.780944       3.830405       1.000000     541.499386       0.000000            0
        69        34.5000       1       1       5.024325       5.094230      10.118555       2.780944       4.263897       1.000000     541.499386       0.000000            0
        70        35.0000       1       1       5.221835       4.900533      10.122368       2.780942       4.536771       1.000000     541.499386       0.000000            0
        71        35.5000       1       1       5.535538       4.588293      10.123831       2.780942       4.537521       1.000000     541.499386       0.000000            0
# Jump frustrated.
        72        36.0000       1       1       5.975113       4.146299      10.121412       2.780941       4.310394       1.000000     541.499386       0.000000            0
# Jump frustrated.
        73        36.5000       1       1       6.507647       3.609429      10.117076       2.780942       3.968442       1.000000     541.499386       0.000000            1
# Jump frustrated.
        74        37.0000       1       1       7.073203       3.039549      10.112752       2.780942       3.527471       1.000000     541.499386       0.000000            0
        75        37.5000       1       1       7.607378       2.501434      10.108812       2.780942       2.950313       1.000000     541.499386       0.000000            0
# Jump frustrated.
        76        38.0000       1       1       8.044675       2.058609      10.103285       2.780942       2.389610       1.000000     541.499386       0.000000            0
# Jump frustrated.
        77        38.5000       1       1       8.327114       1.776680      10.103794       2.780942       2.064915       1.000000     541.499386       0.000000            0
# Jump frustrated.
        78        39.0000       1       1       8.434444       1.669970      10.104414       2.780942       2.054949       1.000000     541.499386       0.000000            0
# Jump frustrated.
        79        39.5000       1       1       8.379226       1.727062      10.106288       2.780942       2.300072       1.000000     541.499386       0.000000            0
# Jump frustrated.
        80        40.0000       1       1       8.184600       1.922835      10.107434       2.780942       2.700948       1.000000     541.499386       0.000000            0
        81        40.5000       1       1       7.872984       2.235697      10.108682       2.780942       3.207119       1.000000     541.499386       0.000000            0
# Jump frustrated.
        82        41.0000       1       1       7.464163       2.646343      10.110506       2.780941       3.806840       1.000000     541.499386       0.000000            1
        83        41.5000       1       1       7.002446       3.111174      10.113619       2.780940       4.231693       1.000000     541.499386       0.000000            0
# Jump frustrated.
        84        42.0000       1       1       6.537786       3.577873      10.115659       2.780940       4.607736       1.000000     541.499386       0.000000            0
# Jump frustrated.
        85        42.5000       1       1       6.111933       4.004712      10.116644       2.780941       4.736874       1.000000     541.499386       0.000000            0
# Jump frustrated.
        86        43.0000       1       1       5.744031       4.371344      10.115375       2.780941       4.736790       1.000000     541.499386       0.000000            0
# Jump frustrated.
        87        43.5000       1       1       5.421295       4.691474      10.112769       2.780941       4.626424       1.000000     541.499386       0.000000            0
# Jump frustrated.
        88        44.0000       1       1       5.125964       4.988351      10.114314       2.780942       4.417374       1.000000     541.499386       0.000000            0
        89        44.5000       1       1       4.882554       5.237686      10.120240       2.780942       4.178568       1.000000     541.499386       0.000000            0
# Jump frustrated.
        90        45.0000       1       1       4.762381       5.361419      10.123800       2.780942       3.926076       1.000000     541.499386       0.000000            0
# Jump frustrated.
        91        45.5000       1       1       4.810778       5.310141      10.120918       2.780942       3.672554       1.000000     541.499386       0.000000            0
        92        46.0000       1       1       4.996203       5.118312      10.114516       2.780942       3.456121       1.000000     541.499386       0.000000            1
        93        46.5000       1       1       5.239085       4.870430      10.109515       2.780942       3.400603       1.000000     541.499386       0.000000            0
        94        47.0000       1       1       5.483731       4.625870      10.109601       2.780942       3.511621       1.000000     541.499386       0.000000            0
# Jump frustrated.
        95        47.5000       1       1       5.719398       4.388576      10.107974       2.780942       3.471011       1.000000     541.499386       0.000000            0
# Jump frustrated.
        96        48.0000       1       1       5.905247       4.194256      10.099503       2.780942       3.171101       1.000000     541.499386       0.000000            0
# Jump frustrated.
        97        48.5000       1       1       5.929885       4.161662      10.091547       2.780942       3.114802       1.000000     541.499386       0.000000            0
# Jump frustrated.
        98        49.0000       1       1       5.725123       4.375704      10.100827       2.780942       3.769684       1.000000     541.499386       0.000000            0
        99        49.5000       1       1       5.420872       4.699778      10.120650       2.780942       4.593795       1.000000     541.499386       0.000000            0
# Jump frustrated.
       100        50.0000       1       1       5.260583       4.867109      10.127691       2.780943       4.925740       1.000000     541.499386       0.000000            1
# Jump frustrated.
       101        50.5000       1       1       5.340152       4.777630      10.117782       2.780944       4.614441       1.000000     541.499386       0.000000            0
       102        51.0000       1       1       5.544789       4.562758      10.107546       2.780944       3.989003       1.000000     541.499386       0.000000            0
       103        51.5000       1       1       5.721975       4.384008      10.105984       2.780945       3.474050       1.000000     541.499386       0.000000            0
# Jump frustrated.
       104        52.0000       1       1       5.825887       4.284773      10.110659       2.780945       3.222878       1.000000     541.499386       0.000000            0
       105        52.5000       1       1       5.886315       4.224774      10.111089       2.780944       3.029250       1.000000     541.499386       0.000000            0
# Jump frustrated.
       106        53.0000       1       1       5.918646       4.191765      10.110410       2.780944       2.825085       1.000000     541.499386       0.000000            0
# Jump frustrated.
       107        53.5000       1       1       5.916637       4.193426      10.110063       2.780944       2.634233       1.000000     541.499386       0.000000            0
       108        54.0000       1       1       5.870018       4.239099      10.109117       2.780944       2.554560       1.000000     541.499386       0.000000            0
# Jump frustrated.
       109        54.5000       1       1       5.768279       4.340619      10.108898       2.780945       2.726769       1.000000     541.499386       0.000000            1
# Jump frustrated.
       110        55.0000       1       1       5.626361       4.488019      10.114381       2.780945       3.242202       1.000000     541.499386       0.000000            0
# Jump frustrated.
       111        55.5000       1       1       5.533855       4.590992      10.124847       2.780945       3.858742       1.000000     541.499386       0.000000            0
# Jump frustrated.
       112        56.0000       1       1       5.623572       4.503797      10.127369       2.780946       4.097310       1.000000     541.499386       0.000000            0
       113        56.5000       1       1       5.919085       4.195709      10.114795       2.780946       3.748759       1.000000     541.499386       0.000000            0
       114        57.0000       1       1       6.272479       3.830945      10.103424       2.780945       3.203884       1.000000     541.499386       0.000000            0
# Jump frustrated.
       115        57.5000       1       1       6.531520       3.572267      10.103787       2.780946       3.018504       1.000000     541.499386       0.000000            0
       116        58.0000       1       1       6.687645       3.423206      10.110851       2.780946       3.168191       1.000000     541.499386       0.000000            0
       117        58.5000       1       1       6.822278       3.291791      10.114069       2.780945       3.248731       1.000000     541.499386       0.000000            1
# Jump frustrated.
       118        59.0000       1       1       6.980522       3.130896      10.111419       2.780945       3.077071       1.000000     541.499386       0.000000            0
# Jump frustrated.
       119        59.5000       1       1       7.126143       2.979551      10.105694       2.780945       2.718955       1.000000     541.499386       0.000000            0
# Jump frustrated.
       120        60.0000       1       1       7.173106       2.927650      10.100755       2.780945       2.421820       1.000000     541.499386       0.000000            0
# Jump frustrated.
       121        60.5000       1       1       7.059868       3.043494      10.103362       2.780944       2.453860       1.000000     541.499386       0.000000            0
       122        61.0000       1       1       6.815221       3.295943      10.111164       2.780944       2.778107       1.000000     541.499386       0.000000            0
# Jump frustrated.
       123        61.5000       1       1       6.545793       3.573305      10.119098       2.780944       3.138062       1.000000     541.499386       0.000000            0
       124        62.0000       1       1       6.375454       3.748318      10.123772       2.780944       3.213131       1.000000     541.499386       0.000000            0
       125        62.5000       1       1       6.353567       3.763058      10.116624       2.780945       2.929922       1.000000     541.499386       0.000000            0
# Jump frustrated.
       126        63.0000       1       1       6.402829       3.707627      10.110456       2.780945       2.700073       1.000000     541.499386       0.000000            1
       127        63.5000       1       1       6.430914       3.678977      10.109891       2.780945       2.739289       1.000000     541.499386       0.000000            0
       128        64.0000       1       1       6.412009       3.698492      10.110501       2.780945       2.876334       1.000000     541.499386       0.000000            0
# Jump frustrated.
       129        64.5000       1       1       6.341575       3.767210      10.108785       2.780944       2.957249       1.000000     541.499386       0.000000            0
# Jump frustrated.
       130        65.0000       1       1       6.184938       3.916894      10.101832       2.780944       3.006681       1.000000     541.499386       0.000000            0
       131        65.5000       1       1       5.872701       4.225190      10.097890       2.780945       3.305053       1.000000     541.499386       0.000000            0
       132        66.0000       1       1       5.406634       4.703100      10.109734       2.780945       4.166132       1.000000     541.499386       0.000000            0
# Jump frustrated.
       133        66.5000       1       1       5.021643       5.113330      10.134972       2.780945       4.996473       1.000000     541.499386       0.000000            0
# Jump frustrated.
       134        67.0000       1       1       5.036272       5.096514      10.132786       2.780945       4.910345       1.000000     541.499386       0.000000            0
# Jump frustrated.
       135        67.5000       1       1       5.425073       4.680263      10.105336       2.780945       4.047215       1.000000     541.499386       0.000000            0
# Jump frustrated.
       136        68.0000       1       1       5.848352       4.245743      10.094095       2.780945       3.618698       1.000000     541.499386       0.000000            1
# Jump frustrated.
       137        68.5000       1       1       6.096439       4.003881      10.100320       2.780944       3.945631       1.000000     541.499386       0.000000            0
# Jump frustrated.
       138        69.0000       1       1       6.200051       3.908590      10.108641       2.780944       4.393930       1.000000     541.499386       0.000000            0
# Jump frustrated.
       139        69.5000       1       1       6.246593       3.864785      10.111378       2.780945       4.625642       1.000000     541.499386       0.000000            0
# Jump frustrated.
       140        70.0000       1       1       6.270745       3.840495      10.111240       2.780946       4.635161       1.000000     541.499386       0.000000            0
# Jump frustrated.
       141        70.5000       1       1       6.265867       3.844232      10.110099       2.780947       4.460849       1.000000     541.499386       0.000000            0
       142        71.0000       1       1       6.214704       3.894680      10.109384       2.780947       4.157939       1.000000     541.499386       0.000000            0
# Jump frustrated.
       143        71.5000       1       1       6.107696       4.002843      10.110539       2.780947       3.853087       1.000000     541.499386       0.000000            1
       144        72.0000       1       1       5.969076       4.146299      10.115375       2.780947       3.682970       1.000000     541.499386       0.000000            0
# Jump frustrated.
       145        72.5000       1       1       5.870294       4.251348      10.121642       2.780947       3.640975       1.000000     541.499386       0.000000            0
# Jump frustrated.
       146        73.0000       1       1       5.890630       4.232456      10.123086       2.780947       3.538663       1.000000     541.499386       0.000000            0
# Jump frustrated.
       147        73.5000       1       1       6.050920       4.068862      10.119781       2.780948       3.259672       1.000000     541.499386       0.000000            0
# Jump frustrated.
       148        74.0000       1       1       6.301043       3.814129      10.115172       2.780948       2.908727       1.000000     541.499386       0.000000            0
# Jump frustrated.
       149        74.5000       1       1       6.571720       3.540504      10.112224       2.780948       2.619895       1.000000     541.499386       0.000000            0
# Jump frustrated.
       150        75.0000       1       1       6.818774       3.292622      10.111395       2.780948       2.444760       1.000000     541.499386       0.000000            0
# Jump frustrated.
       151        75.5000       1       1       7.022037       3.087922      10.109958       2.780948       2.341759       1.000000     541.499386       0.000000            0
# Jump frustrated.
       152        76.0000       1       1       7.158432       2.948410      10.106842       2.780949       2.318745       1.000000     541.499386       0.000000            1
# Jump frustrated.
       153        76.5000       1       1       7.185898       2.916646      10.102545       2.780949       2.434389       1.000000     541.499386       0.000000            0
# Jump frustrated.
       154        77.0000       1       1       7.055756       3.044947      10.100704       2.780948       2.760782       1.000000     541.499386       0.000000            0
# Jump frustrated.
       155        77.5000       1       1       6.760365       3.345769      10.106134       2.780948       3.345745       1.000000     541.499386       0.000000            0
# Jump frustrated.
       156        78.0000       1       1       6.378631       3.736692      10.115323       2.780948       4.025096       1.000000     541.499386       0.000000            0
       157        78.5000       1       1       6.049160       4.073637      10.122796       2.780947       4.576697       1.000000     541.499386       0.000000            0
       158        79.0000       1       1       5.899382       4.226435      10.125817       2.780947       4.710914       1.000000     541.499386       0.000000            0
       159        79.5000       1       1       5.947272       4.168513      10.115785       2.780947       4.446126       1.000000     541.499386       0.000000            0
       160        80.0000       1       1       6.065438       4.039174      10.104613       2.780947       4.087419       1.000000     541.499386       0.000000            0
# Jump frustrated.
       161        80.5000       1       1       6.088860       4.008033      10.096893       2.780947       3.869796       1.000000     541.499386       0.000000            1
# Jump frustrated.
       162        81.0000       1       1       5.912342       4.182838      10.095180       2.780947       3.921072       1.000000     541.499386       0.000000            0
# Jump frustrated.
       163        81.5000       1       1       5.525430       4.577498      10.102927       2.780947       4.371450       1.000000     541.499386       0.000000            0
# Jump frustrated.
       164        82.0000       1       1       5.043643       5.074300      10.117942       2.780947       5.073581       1.000000     541.499386       0.000000            0
# Jump frustrated.
       165        82.5000       1       1       4.685712       5.446746      10.132458       2.780947       5.632781       1.000000     541.499386       0.000000            0
       166        83.0000       1       1       4.660422       5.474980      10.135402       2.780946       5.584478       1.000000     541.499386       0.000000            0
# Jump frustrated.
       167        83.5000       1       1       5.004382       5.119558      10.123940       2.780946       4.886226       1.000000     541.499386       0.000000            0
# Jump frustrated.
       168        84.0000       1       1       5.560141       4.550924      10.111065       2.780945       3.900365       1.000000     541.499386       0.000000            0
# Jump frustrated.
       169        84.5000       1       1       6.129696       3.974401      10.104097       2.780944       3.003422       1.000000     541.499386       0.000000            0
# Jump frustrated.
       170        85.0000       1       1       6.588971       3.514553      10.103524       2.780944       2.370447       1.000000     541.499386       0.000000            0
       171        85.5000       1       1       6.890840       3.212278      10.103118       2.780945       2.025692       1.000000     541.499386       0.000000            1
       172        86.0000       1       1       7.025816       3.078164      10.103981       2.780945       1.909045       1.000000     541.499386       0.000000            0
# Jump frustrated.
       173        86.5000       1       1       6.988706       3.113250      10.101956       2.780946       1.961278       1.000000     541.499386       0.000000            0
       174        87.0000       1       1       6.767479       3.335181      10.102660       2.780945       2.213582       1.000000     541.499386       0.000000            0
       175        87.5000       1       1       6.381839       3.726311      10.108150       2.780945       2.638538       1.000000     541.499386       0.000000            0
       176        88.0000       1       1       5.915324       4.202145      10.117469       2.780945       3.115708       1.000000     541.499386       0.000000            0
# Jump frustrated.
       177        88.5000       1       1       5.488763       4.634797      10.123560       2.780945       3.528872       1.000000     541.499386       0.000000            0
       178        89.0000       1       1       5.195746       4.928768      10.124514       2.780945       3.910795       1.000000     541.499386       0.000000            0
# Jump frustrated.
       179        89.5000       1       1       5.056562       5.064957      10.121519       2.780945       4.300412       1.000000     541.499386       0.000000            0
# Jump frustrated.
       180        90.0000       1       1       5.037758       5.081358      10.119116       2.780945       4.730026       1.000000     541.499386       0.000000            1
# Jump frustrated.
       181        90.5000       1       1       5.100253       5.017623      10.117876       2.780945       5.116362       1.000000     541.499386       0.000000            0
# Jump frustrated.
       182        91.0000       1       1       5.220423       4.896589      10.117011       2.780945       5.342267       1.000000     541.499386       0.000000            0
# Jump frustrated.
       183        91.5000       1       1       5.385552       4.731334      10.116886       2.780944       5.355668       1.000000     541.499386       0.000000            0
       184        92.0000       1       1       5.591169       4.526219      10.117388       2.780943       5.163416       1.000000     541.499386       0.000000            0
# Jump frustrated.
       185        92.5000       1       1       5.844327       4.274392      10.118719       2.780943       4.796424       1.000000     541.499386       0.000000            0
       186        93.0000       1       1       6.154166       3.964021      10.118187       2.780942       4.304083       1.000000     541.499386       0.000000            0
# Jump frustrated.
       187        93.5000       1       1       6.501259       3.612335      10.113595       2.780941       3.763722       1.000000     541.499386       0.000000            0
# Jump frustrated.
       188        94.0000       1       1       6.824481       3.282449      10.106929       2.780941       3.317596       1.000000     541.499386       0.000000            1
# Jump frustrated.
       189        94.5000       1       1       7.037643       3.064255      10.101898       2.780940       3.075383       1.000000     541.499386       0.000000            0
# Jump frustrated.
       190        95.0000       1       1       7.077439       3.026885      10.104324       2.780939       3.090084       1.000000     541.499386       0.000000            0
       191        95.5000       1       1       6.978678       3.135256      10.113934       2.780939       3.119046       1.000000     541.499386       0.000000            0
# Jump frustrated.
       192        96.0000       1       1       6.820001       3.294698      10.114698       2.780940       3.078013       1.000000     541.499386       0.000000            0
# Jump frustrated.
       193        96.5000       1       1       6.639441       3.476976      10.116417       2.780941       3.202217       1.000000     541.499386       0.000000            0
       194        97.0000       1       1       6.472662       3.648044      10.120706       2.780941       3.425243       1.000000     541.499386       0.000000            0
# Jump frustrated.
       195        97.5000       1       1       6.378459       3.745826      10.124285       2.780941       3.587576       1.000000     541.499386       0.000000            0
# Jump frustrated.
       196        98.0000       1       1       6.408002       3.717592      10.125593       2.780942       3.627025       1.000000     541.499386       0.000000            0
# Jump frustrated.
       197        98.5000       1       1       6.577509       3.545486      10.122995       2.780943       3.538897       1.000000     541.499386       0.000000            0
# Jump frustrated.
       198        99.0000       1       1       6.850361       3.266463      10.116824       2.780944       3.261303       1.000000     541.499386       0.000000            0
# Jump frustrated.
       199        99.5000       1       1       7.132854       2.975399      10.108253       2.780944       2.904873       1.000000     541.499386       0.000000            1
       200       100.0000       1       1       7.312583       2.789799      10.102382       2.780943       2.686907       1.000000     541.499386       0.000000            0
# Jump frustrated.
       201       100.5000       1       1       7.314656       2.792290      10.106946       2.780943       2.713289       1.000000     541.499386       0.000000            0
       202       101.0000       1       1       7.164682       2.947787      10.112470       2.780943       2.897104       1.000000     541.499386       0.000000            0
       203       101.5000       1       1       6.940585       3.177608      10.118193       2.780943       3.142721       1.000000     541.499386       0.000000            0
       204       102.0000       1       1       6.714542       3.408051      10.122593       2.780944       3.291618       1.000000     541.499386       0.000000            0
       205       102.5000       1       1       6.536227       3.584516      10.120743       2.780944       3.201502       1.000000     541.499386       0.000000            0
       206       103.0000       1       1       6.386574       3.728595      10.115169       2.780944       2.900323       1.000000     541.499386       0.000000            0
       207       103.5000       1       1       6.198815       3.912742      10.111557       2.780943       2.600000       1.000000     541.499386       0.000000            1
# Jump frustrated.
       208       104.0000       1       1       5.928092       4.184084      10.112176       2.780943       2.491256       1.000000     541.499386       0.000000            0
# Jump frustrated.
       209       104.5000       1       1       5.583529       4.532239      10.115768       2.780943       2.576332       1.000000     541.499386       0.000000            0
# Jump frustrated.
       210       105.0000       1       1       5.218168       4.902609      10.120777       2.780943       2.750878       1.000000     541.499386       0.000000            0
# Jump frustrated.
       211       105.5000       1       1       4.908366       5.216925      10.125292       2.780943       2.825223       1.000000     541.499386       0.000000            0
       212       106.0000       1       1       4.711920       5.414151      10.126072       2.780942       2.756089       1.000000     541.499386       0.000000            0
# Jump frustrated.
       213       106.5000       1       1       4.639352       5.484945      10.124297       2.780942       2.598135       1.000000     541.499386       0.000000            0
       214       107.0000       1       1       4.667576       5.455050      10.122626       2.780942       2.451834       1.000000     541.499386       0.000000            0
# Jump frustrated.
       215       107.5000       1       1       4.768846       5.352908      10.121753       2.780941       2.385539       1.000000     541.499386       0.000000            0
# Jump frustrated.
       216       108.0000       1       1       4.926618       5.194711      10.121329       2.780940       2.383857       1.000000     541.499386       0.000000            1
       217       108.5000       1       1       5.132575       4.988351      10.120926       2.780940       2.382149       1.000000     541.499386       0.000000            0
# Jump frustrated.
       218       109.0000       1       1       5.379814       4.740884      10.120698       2.780940       2.385019       1.000000     541.499386       0.000000            0
# Jump frustrated.
       219       109.5000       1       1       5.658916       4.459577      10.118493       2.780939       2.410644       1.000000     541.499386       0.000000            0
# Jump frustrated.
       220       110.0000       1       1       5.942801       4.170381      10.113182       2.780939       2.441662       1.000000     541.499386       0.000000            0
# Jump frustrated.
       221       110.5000       1       1       6.187485       3.923745      10.111230       2.780939       2.449519       1.000000     541.499386       0.000000            0
# Jump frustrated.
       222       111.0000       1       1       6.360154       3.749771      10.109925       2.780939       2.421025       1.000000     541.499386       0.000000            0
       223       111.5000       1       1       6.436248       3.669842      10.106090       2.780939       2.330339       1.000000     541.499386       0.000000            0
# Jump frustrated.
       224       112.0000       1       1       6.369532       3.731917      10.101449       2.780940       2.319888       1.000000     541.499386       0.000000            1
# Jump frustrated.
       225       112.5000       1       1       6.127500       3.976892      10.104393       2.780940       2.696871       1.000000     541.499386       0.000000            0
# Jump frustrated.
       226       113.0000       1       1       5.780653       4.336674      10.117328       2.780941       3.473944       1.000000     541.499386       0.000000            0
       227       113.5000       1       1       5.546496       4.589331      10.135827       2.780942       4.145125       1.000000     541.499386       0.000000            0
       228       114.0000       1       1       5.667624       4.468297      10.135921       2.780943       4.055490       1.000000     541.499386       0.000000            0
       229       114.5000       1       1       6.137391       3.975439      10.112830       2.780942       3.213654       1.000000     541.499386       0.000000            0
# Jump frustrated.
       230       115.0000       1       1       6.683451       3.413864      10.097315       2.780942       2.592296       1.000000     541.499386       0.000000            0
       231       115.5000       1       1       7.062145       3.032491      10.094636       2.780941       2.863953       1.000000     541.499386       0.000000            0
# Jump frustrated.
       232       116.0000       1       1       7.220373       2.882184      10.102557       2.780941       3.439853       1.000000     541.499386       0.000000            0
# Jump frustrated.
       233       116.5000       1       1       7.222715       2.884052      10.106767       2.780940       3.888015       1.000000     541.499386       0.000000            1
# Jump frustrated.
       234       117.0000       1       1       7.136528       2.973115      10.109644       2.780940       4.146361       1.000000     541.499386       0.000000            0
# Jump frustrated.
       235       117.5000       1       1       7.009270       3.104323      10.113593       2.780940       4.232205       1.000000     541.499386       0.000000            0
       236       118.0000       1       1       6.872286       3.242173      10.114459       2.780939       4.100261       1.000000     541.499386       0.000000            0
# Jump frustrated.
       237       118.5000       1       1       6.741402       3.375249      10.116651       2.780940       3.830567       1.000000     541.499386       0.000000            0
       238       119.0000       1       1       6.619647       3.495453      10.115100       2.780941       3.543052       1.000000     541.499386       0.000000            0
       239       119.5000       1       1       6.493103       3.621678      10.114781       2.780941       3.303772       1.000000     541.499386       0.000000            0
       240       120.0000       1       1       6.363129       3.754131      10.117259       2.780941       3.105817       1.000000     541.499386       0.000000            0
# Jump frustrated.
       241       120.5000       1       1       6.258183       3.861671      10.119854       2.780941       2.945545       1.000000     541.499386       0.000000            0
       242       121.0000       1       1       6.208560       3.911912      10.120472       2.780941       2.818428       1.000000     541.499386       0.000000            1
# Jump frustrated.
       243       121.5000       1       1       6.230271       3.890528      10.120799       2.780941       2.717994       1.000000     541.499386       0.000000            0
# Jump frustrated.
       244       122.0000       1       1       6.323919       3.795237      10.119155       2.780940       2.616927       1.000000     541.499386       0.000000            0
# Jump frustrated.
       245       122.5000       1       1       6.468949       3.647006      10.115955       2.780940       2.509438       1.000000     541.499386       0.000000            0
       246       123.0000       1       1       6.618995       3.491924      10.110919       2.780940       2.426890       1.000000     541.499386       0.000000            0
# Jump frustrated.
       247       123.5000       1       1       6.709620       3.397255      10.106875       2.780941       2.396483       1.000000     541.499386       0.000000            0
# Jump frustrated.
       248       124.0000       1       1       6.674011       3.429434      10.103445       2.780941       2.493489       1.000000     541.499386       0.000000            0
# Jump frustrated.
       249       124.5000       1       1       6.474980       3.628321      10.103301       2.780941       2.779438       1.000000     541.499386       0.000000            0
# Jump frustrated.
       250       125.0000       1       1       6.121075       3.986442      10.107517       2.780941       3.239227       1.000000     541.499386       0.000000            0
       251       125.5000       1       1       5.690667       4.426360      10.117027       2.780942       3.702632       1.000000     541.499386       0.000000            1
# Jump frustrated.
       252       126.0000       1       1       5.323669       4.800259      10.123929       2.780944       3.979188       1.000000     541.499386       0.000000            0
# Jump frustrated.
       253       126.5000       1       1       5.129803       4.995202      10.125004       2.780944       3.984413       1.000000     541.499386       0.000000            0
# Jump frustrated.
       254       127.0000       1       1       5.119568       5.001845      10.121413       2.780943       3.858655       1.000000     541.499386       0.000000            0
# Jump frustrated.
       255       127.5000       1       1       5.237192       4.881226      10.118418       2.780943       3.730542       1.000000     541.499386       0.000000            0
# Jump frustrated.
       256       128.0000       1       1       5.427034       4.688982      10.116016       2.780942       3.609413       1.000000     541.499386       0.000000            0
# Jump frustrated.
       257       128.5000       1       1       5.651708       4.462484      10.114191       2.780941       3.458484       1.000000     541.499386       0.000000            0
# Jump frustrated.
       258       129.0000       1       1       5.881084       4.231210      10.112295       2.780942       3.275149       1.000000     541.499386       0.000000            0
# Jump frustrated.
       259       129.5000       1       1       6.084251       4.025472      10.109723       2.780943       3.083812       1.000000     541.499386       0.000000            0
# Jump frustrated.
       260       130.0000       1       1       6.231985       3.877241      10.109227       2.780943       2.930955       1.000000     541.499386       0.000000            1
# Jump frustrated.
       261       130.5000       1       1       6.290708       3.812883      10.103591       2.780942       2.861364       1.000000     541.499386       0.000000            0
# Jump frustrated.
       262       131.0000       1       1       6.238565       3.872674      10.111239       2.780941       2.896429       1.000000     541.499386       0.000000            0
# Jump frustrated.
       263       131.5000       1       1       6.124374       3.993293      10.117667       2.780941       2.969238       1.000000     541.499386       0.000000            0
# Jump frustrated.
       264       132.0000       1       1       6.024681       4.094605      10.119286       2.780941       3.014346       1.000000     541.499386       0.000000            0
# Jump frustrated.
       265       132.5000       1       1       5.967241       4.151489      10.118731       2.780940       3.055500       1.000000     541.499386       0.000000            0
# Jump frustrated.
       266       133.0000       1       1       5.955254       4.164361      10.119614       2.780940       3.098591       1.000000     541.499386       0.000000            0
       267       133.5000       1       1       5.990213       4.128237      10.118450       2.780940       3.138900       1.000000     541.499386       0.000000            0
       268       134.0000       1       1       6.065118       4.053084      10.118201       2.780940       3.161894       1.000000     541.499386       0.000000            0
# Jump frustrated.
       269       134.5000       1       1       6.176566       3.942637      10.119203       2.780940       3.207682       1.000000     541.499386       0.000000            0
# Jump frustrated.
       270       135.0000       1       1       6.339882       3.781950      10.121832       2.780940       3.289704       1.000000     541.499386       0.000000            1
       271       135.5000       1       1       6.584502       3.539881      10.124383       2.780941       3.351328       1.000000     541.499386       0.000000            0
# Jump frustrated.
       272       136.0000       1       1       6.939410       3.185289      10.124699       2.780942       3.360652       1.000000     541.499386       0.000000            0
       273       136.5000       1       1       7.397639       2.720251      10.117890       2.780941       3.263519       1.000000     541.499386       0.000000            0
# Jump frustrated.
       274       137.0000       1       1       7.874864       2.232583      10.107448       2.780941       2.961259       1.000000     541.499386       0.000000            0
# Jump frustrated.
       275       137.5000       1       1       8.244910       1.857231      10.102141       2.780940       2.600634       1.000000     541.499386       0.000000            0
# Jump frustrated.
       276       138.0000       1       1       8.416984       1.682426      10.099411       2.780940       2.376011       1.000000     541.499386       0.000000            0
# Jump frustrated.
       277       138.5000       1       1       8.354433       1.745954      10.100387       2.780940       2.290625       1.000000     541.499386       0.000000            0
# Jump frustrated.
       278       139.0000       1       1       8.060686       2.041378      10.102064       2.780940       2.302720       1.000000     541.499386       0.000000            0
       279       139.5000       1       1       7.564251       2.541086      10.105337       2.780940       2.431137       1.000000     541.499386       0.000000            1
       280       140.0000       1       1       6.940933       3.174909      10.115842       2.780940       2.532087       1.000000     541.499386       0.000000            0
       281       140.5000       1       1       6.293670       3.826793      10.120463       2.780941       2.633106       1.000000     541.499386       0.000000            0
# Jump frustrated.
       282       141.0000       1       1       5.701827       4.420755      10.122581       2.780942       2.624037       1.000000     541.499386       0.000000            0
# Jump frustrated.
       283       141.5000       1       1       5.202543       4.920048      10.122592       2.780941       2.560665       1.000000     541.499386       0.000000            0
# Jump frustrated.
       284       142.0000       1       1       4.802959       5.318860      10.121819       2.780940       2.486588       1.000000     541.499386       0.000000            0
       285       142.5000       1       1       4.500115       5.621550      10.121665       2.780939       2.482651       1.000000     541.499386       0.000000            0
       286       143.0000       1       1       4.296388       5.826250      10.122638       2.780939       2.563977       1.000000     541.499386       0.000000            1
       287       143.5000       1       1       4.205804       5.918220      10.124024       2.780940       2.710419       1.000000     541.499386       0.000000            0
# Jump frustrated.
       288       144.0000       1       1       4.247157       5.877529      10.124686       2.780939       2.884633       1.000000     541.499386       0.000000            0
# Jump frustrated.
       289       144.5000       1       1       4.430652       5.692967      10.123619       2.780939       3.054839       1.000000     541.499386       0.000000            0
# Jump frustrated.
       290       145.0000       1       1       4.744695       5.375952      10.120647       2.780939       3.187197       1.000000     541.499386       0.000000            0
# Jump frustrated.
       291       145.5000       1       1       5.154112       4.963438      10.117550       2.780939       3.251251       1.000000     541.499386       0.000000            0
# Jump frustrated.
       292       146.0000       1       1       5.608137       4.505043      10.113180       2.780940       3.190691       1.000000     541.499386       0.000000            0
# Jump frustrated.
       293       146.5000       1       1       6.046710       4.064295      10.111004       2.780940       3.075765       1.000000     541.499386       0.000000            0
# Jump frustrated.
       294       147.0000       1       1       6.423140       3.685621      10.108760       2.780939       2.939537       1.000000     541.499386       0.000000            1
# Jump frustrated.
       295       147.5000       1       1       6.678971       3.418846      10.097818       2.780939       2.730146       1.000000     541.499386       0.000000            0
       296       148.0000       1       1       6.719194       3.376079      10.095274       2.780939       2.738166       1.000000     541.499386       0.000000            0
# Jump frustrated.
       297       148.5000       1       1       6.571834       3.544241      10.116074       2.780939       3.295688       1.000000     541.499386       0.000000            0
# Jump frustrated.
       298       149.0000       1       1       6.497422       3.637248      10.134670       2.780939       3.724791       1.000000     541.499386       0.000000            0
# Jump frustrated.
       299       149.5000       1       1       6.717046       3.409504      10.126550       2.780939       3.361479       1.000000     541.499386       0.000000            0
       300       150.0000       1       1       7.130044       2.974153      10.104198       2.780938       2.526168       1.000000     541.499386       0.000000            0
# Jump frustrated.
       301       150.5000       1       1       7.468086       2.628074      10.096159       2.780939       2.071249       1.000000     541.499386       0.000000            0
# Jump frustrated.
       302       151.0000       1       1       7.598366       2.503510      10.101875       2.780939       2.209696       1.000000     541.499386       0.000000            0
# Jump frustrated.
       303       151.5000       1       1       7.564022       2.545031      10.109053       2.780939       2.417332       1.000000     541.499386       0.000000            0
       304       152.0000       1       1       7.446345       2.665650      10.111995       2.780938       2.475433       1.000000     541.499386       0.000000            1
# Jump frustrated.
       305       152.5000       1       1       7.289609       2.823224      10.112832       2.780939       2.423133       1.000000     541.499386       0.000000            0
       306       153.0000       1       1       7.111750       3.004672      10.116422       2.780938       2.418687       1.000000     541.499386       0.000000            0
# Jump frustrated.
       307       153.5000       1       1       6.881742       3.223281      10.105023       2.780938       2.556115       1.000000     541.499386       0.000000            0
# Jump frustrated.
       308       154.0000       1       1       6.513145       3.594274      10.107418       2.780939       3.105922       1.000000     541.499386       0.000000            0
# Jump frustrated.
       309       154.5000       1       1       6.094551       4.026718      10.121269       2.780939       3.350531       1.000000     541.499386       0.000000            0
       310       155.0000       1       1       5.838145       4.290378      10.128523       2.780939       3.216740       1.000000     541.499386       0.000000            0
       311       155.5000       1       1       5.813775       4.309478      10.123253       2.780939       3.089929       1.000000     541.499386       0.000000            0
       312       156.0000       1       1       5.972392       4.142147      10.114539       2.780940       2.927606       1.000000     541.499386       0.000000            0
       313       156.5000       1       1       6.232258       3.880978      10.113236       2.780940       2.701611       1.000000     541.499386       0.000000            1
# Jump frustrated.
       314       157.0000       1       1       6.509489       3.597803      10.107292       2.780940       2.507984       1.000000     541.499386       0.000000            0
       315       157.5000       1       1       6.696124       3.398501      10.094625       2.780940       2.484371       1.000000     541.499386       0.000000            0
# Jump frustrated.
       316       158.0000       1       1       6.607239       3.464727      10.071966       2.780939       2.934908       1.000000     541.499386       0.000000            0
# Jump frustrated.
       317       158.5000       1       1       6.026819       4.041043      10.067862       2.780940       4.465055       1.000000     541.499386       0.000000            0
# Jump frustrated.
       318       159.0000       1       1       5.069091       5.048972      10.118063       2.780943       6.561822       1.000000     541.499386       0.000000            0
       319       159.5000       1       1       4.409572       5.747360      10.156932       2.780945       7.522689       1.000000     541.499386       0.000000            0
# Jump frustrated.
       320       160.0000       1       1       4.582532       5.554493      10.137026       2.780946       6.847848       1.000000     541.499386       0.000000            0
       321       160.5000       1       1       5.349785       4.740261      10.090046       2.780946       5.137276       1.000000     541.499386       0.000000            0
# Jump frustrated.
       322       161.0000       1       1       6.108842       3.971910      10.080752       2.780945       3.633451       1.000000     541.499386       0.000000            1
# Jump frustrated.
       323       161.5000       1       1       6.534395       3.550261      10.084657       2.780945       2.743749       1.000000     541.499386       0.000000            0
       324       162.0000       1       1       6.600107       3.495038      10.095145       2.780945       2.235348       1.000000     541.499386       0.000000            0
# Jump frustrated.
       325       162.5000       1       1       6.386641       3.716969      10.103610       2.780945       2.090938       1.000000     541.499386       0.000000            0
       326       163.0000       1       1       5.995870       4.113913      10.109782       2.780945       2.187019       1.000000     541.499386       0.000000            0
       327       163.5000       1       1       5.514342       4.600334      10.114677       2.780946       2.367553       1.000000     541.499386       0.000000            0
# Jump frustrated.
       328       164.0000       1       1       5.015422       5.103780      10.119202       2.780946       2.608114       1.000000     541.499386       0.000000            0
# Jump frustrated.
       329       164.5000       1       1       4.567772       5.556569      10.124341       2.780945       2.830420       1.000000     541.499386       0.000000            0
# Jump frustrated.
       330       165.0000       1       1       4.233830       5.893099      10.126929       2.780945       2.993797       1.000000     541.499386       0.000000            0
       331       165.5000       1       1       4.051455       6.076001      10.127456       2.780946       3.098942       1.000000     541.499386       0.000000            1
       332       166.0000       1       1       4.029757       6.096969      10.126726       2.780947       3.177399       1.000000     541.499386       0.000000            0
# Jump frustrated.
       333       166.5000       1       1       4.160416       5.965346      10.125763       2.780948       3.256989       1.000000     541.499386       0.000000            0
# Jump frustrated.
       334       167.0000       1       1       4.430516       5.694420      10.124936       2.780947       3.349011       1.000000     541.499386       0.000000            0
# Jump frustrated.
       335       167.5000       1       1       4.829517       5.294778      10.124295       2.780945       3.455887       1.000000     541.499386       0.000000            0
# Jump frustrated.
       336       168.0000       1       1       5.347899       4.774309      10.122207       2.780943       3.553843       1.000000     541.499386       0.000000            0
# Jump frustrated.
       337       168.5000       1       1       5.965643       4.153358      10.119001       2.780943       3.570964       1.000000     541.499386       0.000000            0
       338       169.0000       1       1       6.640073       3.474692      10.114766       2.780943       3.457601       1.000000     541.499386       0.000000            0
# Jump frustrated.
       339       169.5000       1       1       7.307212       2.801010      10.108222       2.780943       3.240838       1.000000     541.499386       0.000000            0
# Jump frustrated.
       340       170.0000       1       1       7.877781       2.221788      10.099569       2.780944       2.922621       1.000000     541.499386       0.000000            0
       341       170.5000       1       1       8.232603       1.855778      10.088381       2.780944       2.588522       1.000000     541.499386       0.000000            1
# Jump frustrated.
       342       171.0000       1       1       8.242447       1.837301      10.079747       2.780944       2.473877       1.000000     541.499386       0.000000            0
# Jump frustrated.
       343       171.5000       1       1       7.837587       2.247323      10.084911       2.780943       2.993376       1.000000     541.499386       0.000000            0
# Jump frustrated.
       344       172.0000       1       1       7.157613       2.955884      10.113497       2.780942       4.105829       1.000000     541.499386       0.000000            0
# Jump frustrated.
       345       172.5000       1       1       6.635948       3.509570      10.145519       2.780940       4.879125       1.000000     541.499386       0.000000            0
       346       173.0000       1       1       6.629315       3.499605      10.128921       2.780941       4.664766       1.000000     541.499386       0.000000            0
# Jump frustrated.
       347       173.5000       1       1       6.979149       3.119893      10.099043       2.780942       3.820005       1.000000     541.499386       0.000000            0
       348       174.0000       1       1       7.276842       2.809314      10.086156       2.780942       3.055654       1.000000     541.499386       0.000000            0
# Jump frustrated.
       349       174.5000       1       1       7.274497       2.814504      10.089001       2.780942       2.696738       1.000000     541.499386       0.000000            0
# Jump frustrated.
       350       175.0000       1       1       6.950939       3.147712      10.098652       2.780942       2.701738       1.000000     541.499386       0.000000            1
# Jump frustrated.
       351       175.5000       1       1       6.420539       3.687074      10.107612       2.780941       2.842175       1.000000     541.499386       0.000000            0
# Jump frustrated.
       352       176.0000       1       1       5.826439       4.290586      10.117025       2.780940       2.930588       1.000000     541.499386       0.000000            0
       353       176.5000       1       1       5.292571       4.830362      10.122933       2.780941       2.989316       1.000000     541.499386       0.000000            0
# Jump frustrated.
       354       177.0000       1       1       4.891393       5.231665      10.123059       2.780941       2.976556       1.000000     541.499386       0.000000            0
       355       177.5000       1       1       4.635604       5.486398      10.122003       2.780942       2.918950       1.000000     541.499386       0.000000            0
       356       178.0000       1       1       4.513060       5.608263      10.121324       2.780942       2.819939       1.000000     541.499386       0.000000            0
# Jump frustrated.
       357       178.5000       1       1       4.507201       5.612623      10.119824       2.780942       2.687949       1.000000     541.499386       0.000000            0
       358       179.0000       1       1       4.597280       5.521484      10.118764       2.780941       2.555176       1.000000     541.499386       0.000000            1
# Jump frustrated.
       359       179.5000       1       1       4.766910       5.351247      10.118156       2.780941       2.459390       1.000000     541.499386       0.000000            0
# Jump frustrated.
       360       180.0000       1       1       5.002065       5.113745      10.115810       2.780941       2.421895       1.000000     541.499386       0.000000            0
# Jump frustrated.
       361       180.5000       1       1       5.279102       4.834307      10.113408       2.780941       2.468984       1.000000     541.499386       0.000000            0
       362       181.0000       1       1       5.574799       4.538052      10.112851       2.780941       2.656391       1.000000     541.499386       0.000000            0
       363       181.5000       1       1       5.881553       4.229342      10.110895       2.780942       2.862216       1.000000     541.499386       0.000000            0
       364       182.0000       1       1       6.173020       3.931011      10.104032       2.780941       2.899485       1.000000     541.499386       0.000000            0
       365       182.5000       1       1       6.378111       3.721952      10.100063       2.780941       2.874966       1.000000     541.499386       0.000000            0
# Jump frustrated.
       366       183.0000       1       1       6.455640       3.648459      10.104099       2.780941       3.026444       1.000000     541.499386       0.000000            1
# Jump frustrated.
       367       183.5000       1       1       6.460655       3.651158      10.111813       2.780941       3.171273       1.000000     541.499386       0.000000            0
# Jump frustrated.
       368       184.0000       1       1       6.486577       3.627491      10.114068       2.780941       3.009867       1.000000     541.499386       0.000000            0
       369       184.5000       1       1       6.560170       3.551092      10.111262       2.780941       2.687250       1.000000     541.499386       0.000000            0
# Jump frustrated.
       370       185.0000       1       1       6.630781       3.477599      10.108380       2.780940       2.504874       1.000000     541.499386       0.000000            0
# Jump frustrated.
       371       185.5000       1       1       6.643280       3.464105      10.107384       2.780940       2.466026       1.000000     541.499386       0.000000            0
# Jump frustrated.
       372       186.0000       1       1       6.568030       3.538843      10.106873       2.780941       2.474198       1.000000     541.499386       0.000000            0
       373       186.5000       1       1       6.394503       3.713025      10.107528       2.780941       2.554818       1.000000     541.499386       0.000000            0
# Jump frustrated.
       374       187.0000       1       1       6.140679       3.971287      10.111966       2.780942       2.720791       1.000000     541.499386       0.000000            0
# Jump frustrated.
       375       187.5000       1       1       5.864449       4.253424      10.117873       2.780942       2.908946       1.000000     541.499386       0.000000            1
# Jump frustrated.
       376       188.0000       1       1       5.639607       4.480961      10.120567       2.780942       3.028971       1.000000     541.499386       0.000000            0
# Jump frustrated.
       377       188.5000       1       1       5.512483       4.608431      10.120914       2.780943       3.102142       1.000000     541.499386       0.000000            0
       378       189.0000       1       1       5.498667       4.622133      10.120800       2.780944       3.111940       1.000000     541.499386       0.000000            0
# Jump frustrated.
       379       189.5000       1       1       5.592638       4.525388      10.118027       2.780945       3.017169       1.000000     541.499386       0.000000            0
# Jump frustrated.
       380       190.0000       1       1       5.756967       4.356189      10.113156       2.780946       2.874369       1.000000     541.499386       0.000000            0
# Jump frustrated.
       381       190.5000       1       1       5.928133       4.181800      10.109933       2.780947       2.808194       1.000000     541.499386       0.000000            0
       382       191.0000       1       1       6.054770       4.054122      10.108892       2.780948       2.946426       1.000000     541.499386       0.000000            0
       383       191.5000       1       1       6.118941       3.989556      10.108498       2.780949       3.318376       1.000000     541.499386       0.000000            0
# Jump frustrated.
       384       192.0000       1       1       6.140335       3.972325      10.112660       2.780949       3.828496       1.000000     541.499386       0.000000            1
# Jump frustrated.
       385       192.5000       1       1       6.203518       3.917309      10.120828       2.780948       4.193092       1.000000     541.499386       0.000000            0
# Jump frustrated.
       386       193.0000       1       1       6.416560       3.704098      10.120657       2.780949       4.043532       1.000000     541.499386       0.000000            0
       387       193.5000       1       1       6.773962       3.337049      10.111011       2.780949       3.415955       1.000000     541.499386       0.000000            0
       388       194.0000       1       1       7.135485       2.963150      10.098636       2.780948       2.638852       1.000000     541.499386       0.000000            0
       389       194.5000       1       1       7.323954       2.764471      10.088425       2.780948       1.999662       1.000000     541.499386       0.000000            0
# Jump frustrated.
       390       195.0000       1       1       7.198709       2.886751      10.085460       2.780947       2.145076       1.000000     541.499386       0.000000            0
# Jump frustrated.
       391       195.5000       1       1       6.747184       3.351582      10.098766       2.780947       3.373984       1.000000     541.499386       0.000000            1
# Jump frustrated.
       392       196.0000       1       1       6.192978       3.932049      10.125027       2.780947       4.649311       1.000000     541.499386       0.000000            0
# Jump frustrated.
       393       196.5000       1       1       5.853488       4.272939      10.126427       2.780948       4.914498       1.000000     541.499386       0.000000            0
# Jump frustrated.
       394       197.0000       1       1       5.763386       4.344978      10.108364       2.780951       4.223767       1.000000     541.499386       0.000000            0
# Jump frustrated.
       395       197.5000       1       1       5.679034       4.416603      10.095636       2.780952       3.416790       1.000000     541.499386       0.000000            0
       396       198.0000       1       1       5.418976       4.682962      10.101938       2.780951       3.054904       1.000000     541.499386       0.000000            0
# Jump frustrated.
       397       198.5000       1       1       5.011860       5.099628      10.111488       2.780949       3.015626       1.000000     541.499386       0.000000            0
# Jump frustrated.
       398       199.0000       1       1       4.568133       5.548473      10.116605       2.780948       3.070272       1.000000     541.499386       0.000000            0
       399       199.5000       1       1       4.170217       5.950814      10.121031       2.780946       3.132073       1.000000     541.499386       0.000000            0
# Jump frustrated.
       400       200.0000       1       1       3.881062       6.243539      10.124601       2.780946       3.179762       1.000000     541.499386       0.000000            1
