#===============================================================================================================================================================================
#     Step |         Time |         State |                                     Energy |      Angular |     Gradient |      Density |           Expectation Value |    Runtime |
#          |              |  diag |   MCH |          kin |          pot |          tot |     Momentum |          RMS |        Total |           DM |            S |            |
#          |         [fs] |       |       |         [eV] |         [eV] |         [eV] |       [hbar] |     [eV/Ang] |              |      [Debye] |              |      [sec] |
#===============================================================================================================================================================================
         0         0.0000       2       2       0.118846       9.906131      10.024977       0.000193       2.378999       1.000000     541.499386       0.000000            3
# Jump frustrated.
         1         0.5000       2       2       0.140920       9.883294      10.024215       0.000193       2.364336       1.000000     541.499386       0.000000            1
         2         1.0000       2       2       0.179069       9.844472      10.023541       0.000193       2.290549       1.000000     541.499386       0.000000            0
         3         1.5000       2       2       0.222894       9.800044      10.022938       0.000193       2.159115       1.000000     541.499386       0.000000            0
# Surface Hop/Pointer State Switch: new state=      1 old state=      2 randnum=  0.291561672 gap= -9.704146 eV
         4         2.0000       1       1       9.968146       0.054792      10.022938       5.320967       0.620659       1.000000     541.499386       0.000000            0
# Jump frustrated.
         5         2.5000       1       1       9.647883       0.364333      10.012217       5.320967       1.777123       1.000000     541.499386       0.000000            0
# Jump frustrated.
         6         3.0000       1       1       8.624838       1.409216      10.034054       5.320967       4.173501       1.000000     541.499386       0.000000            0
# Jump frustrated.
         7         3.5000       1       1       7.308505       2.783571      10.092076       5.320967       6.410875       1.000000     541.499386       0.000000            0
         8         4.0000       1       1       6.467994       3.646383      10.114377       5.320968       7.031946       1.000000     541.499386       0.000000            1
# Jump frustrated.
         9         4.5000       1       1       6.368111       3.698492      10.066603       5.320968       5.743897       1.000000     541.499386       0.000000            0
        10         5.0000       1       1       6.477488       3.563963      10.041452       5.320969       3.995925       1.000000     541.499386       0.000000            0
# Jump frustrated.
        11         5.5000       1       1       6.335100       3.713440      10.048540       5.320969       3.197643       1.000000     541.499386       0.000000            0
# Jump frustrated.
        12         6.0000       1       1       5.944116       4.120141      10.064256       5.320969       3.114045       1.000000     541.499386       0.000000            0
# Jump frustrated.
        13         6.5000       1       1       5.456880       4.613206      10.070086       5.320969       3.223044       1.000000     541.499386       0.000000            0
# Jump frustrated.
        14         7.0000       1       1       4.991840       5.086549      10.078389       5.320969       3.292785       1.000000     541.499386       0.000000            0
# Jump frustrated.
        15         7.5000       1       1       4.652628       5.431383      10.084010       5.320969       3.177095       1.000000     541.499386       0.000000            0
        16         8.0000       1       1       4.486786       5.592693      10.079479       5.320968       2.944068       1.000000     541.499386       0.000000            0
# Jump frustrated.
        17         8.5000       1       1       4.448700       5.626325      10.075025       5.320968       2.777746       1.000000     541.499386       0.000000            0
        18         9.0000       1       1       4.477794       5.594977      10.072770       5.320969       2.736552       1.000000     541.499386       0.000000            1
        19         9.5000       1       1       4.538003       5.532695      10.070698       5.320969       2.849969       1.000000     541.499386       0.000000            0
# Jump frustrated.
        20        10.0000       1       1       4.614792       5.456088      10.070880       5.320969       3.150455       1.000000     541.499386       0.000000            0
        21        10.5000       1       1       4.735011       5.341074      10.076085       5.320969       3.583545       1.000000     541.499386       0.000000            0
        22        11.0000       1       1       4.985067       5.098382      10.083449       5.320969       3.945202       1.000000     541.499386       0.000000            0
# Jump frustrated.
        23        11.5000       1       1       5.463801       4.621095      10.084896       5.320970       4.011851       1.000000     541.499386       0.000000            0
# Jump frustrated.
        24        12.0000       1       1       6.157822       3.909835      10.067658       5.320969       3.617877       1.000000     541.499386       0.000000            0
# Jump frustrated.
        25        12.5000       1       1       6.866530       3.186742      10.053272       5.320968       3.007952       1.000000     541.499386       0.000000            0
# Jump frustrated.
        26        13.0000       1       1       7.373771       2.674370      10.048141       5.320969       2.562011       1.000000     541.499386       0.000000            0
# Jump frustrated.
        27        13.5000       1       1       7.569792       2.472992      10.042784       5.320969       2.270809       1.000000     541.499386       0.000000            0
        28        14.0000       1       1       7.376951       2.657554      10.034505       5.320969       2.227856       1.000000     541.499386       0.000000            1
# Jump frustrated.
        29        14.5000       1       1       6.735974       3.299057      10.035031       5.320969       3.105897       1.000000     541.499386       0.000000            0
# Jump frustrated.
        30        15.0000       1       1       5.817676       4.257784      10.075460       5.320969       4.876235       1.000000     541.499386       0.000000            0
        31        15.5000       1       1       5.238967       4.877696      10.116663       5.320969       5.848966       1.000000     541.499386       0.000000            0
# Jump frustrated.
        32        16.0000       1       1       5.492230       4.600127      10.092357       5.320969       5.254206       1.000000     541.499386       0.000000            0
        33        16.5000       1       1       6.276225       3.767002      10.043228       5.320969       3.759264       1.000000     541.499386       0.000000            0
        34        17.0000       1       1       6.958483       3.080863      10.039346       5.320968       3.177719       1.000000     541.499386       0.000000            0
        35        17.5000       1       1       7.310534       2.739558      10.050093       5.320968       3.504206       1.000000     541.499386       0.000000            0
        36        18.0000       1       1       7.412912       2.646550      10.059463       5.320969       3.901711       1.000000     541.499386       0.000000            0
        37        18.5000       1       1       7.382279       2.684127      10.066407       5.320969       4.174096       1.000000     541.499386       0.000000            0
        38        19.0000       1       1       7.293421       2.772360      10.065781       5.320969       4.359579       1.000000     541.499386       0.000000            1
        39        19.5000       1       1       7.170031       2.896093      10.066125       5.320968       4.169851       1.000000     541.499386       0.000000            0
        40        20.0000       1       1       6.994843       3.068822      10.063665       5.320968       3.576565       1.000000     541.499386       0.000000            0
        41        20.5000       1       1       6.756651       3.311099      10.067749       5.320968       3.109806       1.000000     541.499386       0.000000            0
        42        21.0000       1       1       6.502032       3.572683      10.074715       5.320968       2.980888       1.000000     541.499386       0.000000            0
# Jump frustrated.
        43        21.5000       1       1       6.307265       3.769286      10.076551       5.320968       2.895510       1.000000     541.499386       0.000000            0
# Jump frustrated.
        44        22.0000       1       1       6.209975       3.866030      10.076006       5.320968       2.733390       1.000000     541.499386       0.000000            0
        45        22.5000       1       1       6.194944       3.878487      10.073431       5.320968       2.532913       1.000000     541.499386       0.000000            0
        46        23.0000       1       1       6.227129       3.845062      10.072191       5.320969       2.411482       1.000000     541.499386       0.000000            0
# Jump frustrated.
        47        23.5000       1       1       6.280701       3.789839      10.070540       5.320969       2.373855       1.000000     541.499386       0.000000            0
# Jump frustrated.
        48        24.0000       1       1       6.333593       3.734616      10.068208       5.320968       2.371076       1.000000     541.499386       0.000000            1
# Jump frustrated.
        49        24.5000       1       1       6.359332       3.707627      10.066959       5.320968       2.413639       1.000000     541.499386       0.000000            0
# Jump frustrated.
        50        25.0000       1       1       6.341832       3.725066      10.066898       5.320968       2.491795       1.000000     541.499386       0.000000            0
        51        25.5000       1       1       6.268977       3.795029      10.064006       5.320968       2.549196       1.000000     541.499386       0.000000            0
        52        26.0000       1       1       6.110831       3.950734      10.061565       5.320968       2.654546       1.000000     541.499386       0.000000            0
# Jump frustrated.
        53        26.5000       1       1       5.849918       4.215432      10.065350       5.320968       2.961498       1.000000     541.499386       0.000000            0
# Jump frustrated.
        54        27.0000       1       1       5.538405       4.534523      10.072928       5.320968       3.432836       1.000000     541.499386       0.000000            0
# Jump frustrated.
        55        27.5000       1       1       5.295737       4.786350      10.082086       5.320968       3.772583       1.000000     541.499386       0.000000            0
# Jump frustrated.
        56        28.0000       1       1       5.225676       4.852161      10.077837       5.320968       3.600922       1.000000     541.499386       0.000000            0
        57        28.5000       1       1       5.287752       4.778668      10.066420       5.320968       3.123953       1.000000     541.499386       0.000000            1
# Jump frustrated.
        58        29.0000       1       1       5.341894       4.720538      10.062432       5.320968       2.842026       1.000000     541.499386       0.000000            0
        59        29.5000       1       1       5.303512       4.759776      10.063288       5.320968       2.954581       1.000000     541.499386       0.000000            0
        60        30.0000       1       1       5.175689       4.892852      10.068541       5.320968       3.310681       1.000000     541.499386       0.000000            0
# Jump frustrated.
        61        30.5000       1       1       5.017615       5.056653      10.074269       5.320968       3.660373       1.000000     541.499386       0.000000            0
        62        31.0000       1       1       4.909548       5.170214      10.079762       5.320968       3.971862       1.000000     541.499386       0.000000            0
# Jump frustrated.
        63        31.5000       1       1       4.925411       5.157758      10.083168       5.320968       4.170650       1.000000     541.499386       0.000000            0
# Jump frustrated.
        64        32.0000       1       1       5.108862       4.974233      10.083096       5.320968       4.227956       1.000000     541.499386       0.000000            0
# Jump frustrated.
        65        32.5000       1       1       5.455608       4.623379      10.078986       5.320969       4.145121       1.000000     541.499386       0.000000            0
        66        33.0000       1       1       5.912817       4.160416      10.073233       5.320968       3.946476       1.000000     541.499386       0.000000            1
# Jump frustrated.
        67        33.5000       1       1       6.401891       3.666728      10.068620       5.320968       3.669319       1.000000     541.499386       0.000000            0
# Jump frustrated.
        68        34.0000       1       1       6.863922       3.204597      10.068519       5.320968       3.412160       1.000000     541.499386       0.000000            0
# Jump frustrated.
        69        34.5000       1       1       7.278709       2.785024      10.063733       5.320968       3.168284       1.000000     541.499386       0.000000            0
# Jump frustrated.
        70        35.0000       1       1       7.618326       2.441643      10.059969       5.320968       2.856284       1.000000     541.499386       0.000000            0
# Jump frustrated.
        71        35.5000       1       1       7.845829       2.214522      10.060351       5.320968       2.694912       1.000000     541.499386       0.000000            0
# Jump frustrated.
        72        36.0000       1       1       7.961468       2.100961      10.062429       5.320967       2.739139       1.000000     541.499386       0.000000            0
# Jump frustrated.
        73        36.5000       1       1       7.987385       2.075840      10.063225       5.320967       2.935000       1.000000     541.499386       0.000000            0
# Jump frustrated.
        74        37.0000       1       1       7.939655       2.123798      10.063453       5.320967       3.237825       1.000000     541.499386       0.000000            0
# Jump frustrated.
        75        37.5000       1       1       7.826209       2.237566      10.063775       5.320966       3.627856       1.000000     541.499386       0.000000            1
        76        38.0000       1       1       7.647980       2.414031      10.062011       5.320966       4.124296       1.000000     541.499386       0.000000            0
# Jump frustrated.
        77        38.5000       1       1       7.409172       2.656516      10.065688       5.320966       4.336956       1.000000     541.499386       0.000000            0
# Jump frustrated.
        78        39.0000       1       1       7.133830       2.933878      10.067708       5.320966       4.222846       1.000000     541.499386       0.000000            0
# Jump frustrated.
        79        39.5000       1       1       6.842414       3.225150      10.067563       5.320966       4.065010       1.000000     541.499386       0.000000            0
        80        40.0000       1       1       6.543360       3.526386      10.069747       5.320966       3.955229       1.000000     541.499386       0.000000            0
        81        40.5000       1       1       6.264968       3.806863      10.071831       5.320966       3.849416       1.000000     541.499386       0.000000            0
        82        41.0000       1       1       6.057110       4.019452      10.076561       5.320966       3.747933       1.000000     541.499386       0.000000            0
# Jump frustrated.
        83        41.5000       1       1       5.971415       4.106231      10.077646       5.320967       3.578666       1.000000     541.499386       0.000000            0
# Jump frustrated.
        84        42.0000       1       1       6.022137       4.052253      10.074390       5.320967       3.275425       1.000000     541.499386       0.000000            1
        85        42.5000       1       1       6.154127       3.912950      10.067077       5.320967       2.849933       1.000000     541.499386       0.000000            0
        86        43.0000       1       1       6.262457       3.798558      10.061016       5.320967       2.386708       1.000000     541.499386       0.000000            0
        87        43.5000       1       1       6.252709       3.805825      10.058533       5.320968       2.054206       1.000000     541.499386       0.000000            0
# Jump frustrated.
        88        44.0000       1       1       6.074428       3.982913      10.057341       5.320968       2.068237       1.000000     541.499386       0.000000            0
# Jump frustrated.
        89        44.5000       1       1       5.717926       4.341657      10.059583       5.320968       2.610416       1.000000     541.499386       0.000000            0
        90        45.0000       1       1       5.237784       4.829739      10.067523       5.320968       3.486703       1.000000     541.499386       0.000000            0
# Jump frustrated.
        91        45.5000       1       1       4.773463       5.305988      10.079452       5.320968       4.254671       1.000000     541.499386       0.000000            0
# Jump frustrated.
        92        46.0000       1       1       4.484971       5.598298      10.083269       5.320968       4.483526       1.000000     541.499386       0.000000            0
# Jump frustrated.
        93        46.5000       1       1       4.421264       5.655182      10.076447       5.320967       4.153927       1.000000     541.499386       0.000000            1
        94        47.0000       1       1       4.493129       5.575669      10.068798       5.320967       3.546729       1.000000     541.499386       0.000000            0
# Jump frustrated.
        95        47.5000       1       1       4.584493       5.481831      10.066324       5.320967       2.989344       1.000000     541.499386       0.000000            0
# Jump frustrated.
        96        48.0000       1       1       4.640558       5.427023      10.067581       5.320967       2.629552       1.000000     541.499386       0.000000            0
# Jump frustrated.
        97        48.5000       1       1       4.663812       5.406055      10.069866       5.320967       2.458743       1.000000     541.499386       0.000000            0
# Jump frustrated.
        98        49.0000       1       1       4.681043       5.390900      10.071943       5.320966       2.403628       1.000000     541.499386       0.000000            0
# Jump frustrated.
        99        49.5000       1       1       4.720382       5.352700      10.073082       5.320966       2.394736       1.000000     541.499386       0.000000            0
       100        50.0000       1       1       4.798266       5.274225      10.072490       5.320966       2.377425       1.000000     541.499386       0.000000            0
# Jump frustrated.
       101        50.5000       1       1       4.913408       5.157758      10.071165       5.320966       2.317295       1.000000     541.499386       0.000000            0
# Jump frustrated.
       102        51.0000       1       1       5.058925       5.013056      10.071981       5.320966       2.319390       1.000000     541.499386       0.000000            0
       103        51.5000       1       1       5.248322       4.828286      10.076608       5.320966       2.460358       1.000000     541.499386       0.000000            1
       104        52.0000       1       1       5.544862       4.539090      10.083952       5.320966       2.769260       1.000000     541.499386       0.000000            0
# Jump frustrated.
       105        52.5000       1       1       6.038246       4.043742      10.081988       5.320966       2.955867       1.000000     541.499386       0.000000            0
       106        53.0000       1       1       6.722467       3.347637      10.070104       5.320966       2.749193       1.000000     541.499386       0.000000            0
# Jump frustrated.
       107        53.5000       1       1       7.469399       2.594026      10.063425       5.320966       2.273192       1.000000     541.499386       0.000000            0
       108        54.0000       1       1       8.141195       1.917022      10.058216       5.320966       1.838514       1.000000     541.499386       0.000000            0
       109        54.5000       1       1       8.632496       1.418351      10.050847       5.320966       1.596341       1.000000     541.499386       0.000000            0
       110        55.0000       1       1       8.851759       1.195174      10.046933       5.320966       1.630620       1.000000     541.499386       0.000000            1
# Jump frustrated.
       111        55.5000       1       1       8.750014       1.299393      10.049406       5.320966       2.014213       1.000000     541.499386       0.000000            0
# Jump frustrated.
       112        56.0000       1       1       8.372673       1.686994      10.059667       5.320966       2.632692       1.000000     541.499386       0.000000            0
       113        56.5000       1       1       7.866054       2.205595      10.071648       5.320967       3.093678       1.000000     541.499386       0.000000            0
       114        57.0000       1       1       7.396034       2.679768      10.075801       5.320967       3.205887       1.000000     541.499386       0.000000            0
       115        57.5000       1       1       7.035214       3.039342      10.074555       5.320966       3.069169       1.000000     541.499386       0.000000            0
# Jump frustrated.
       116        58.0000       1       1       6.758303       3.312137      10.070440       5.320967       2.880761       1.000000     541.499386       0.000000            0
# Jump frustrated.
       117        58.5000       1       1       6.520669       3.550054      10.070723       5.320966       2.909735       1.000000     541.499386       0.000000            0
       118        59.0000       1       1       6.317719       3.754961      10.072680       5.320965       3.046432       1.000000     541.499386       0.000000            0
       119        59.5000       1       1       6.170836       3.903192      10.074028       5.320965       3.166858       1.000000     541.499386       0.000000            0
# Jump frustrated.
       120        60.0000       1       1       6.095203       3.978761      10.073963       5.320966       3.210209       1.000000     541.499386       0.000000            0
       121        60.5000       1       1       6.081774       3.989764      10.071538       5.320965       3.193304       1.000000     541.499386       0.000000            1
       122        61.0000       1       1       6.095491       3.973363      10.068854       5.320965       3.152675       1.000000     541.499386       0.000000            0
# Jump frustrated.
       123        61.5000       1       1       6.094960       3.971910      10.066870       5.320964       3.111406       1.000000     541.499386       0.000000            0
       124        62.0000       1       1       6.038980       4.024019      10.062999       5.320965       3.112725       1.000000     541.499386       0.000000            0
       125        62.5000       1       1       5.878412       4.181177      10.059589       5.320966       3.265323       1.000000     541.499386       0.000000            0
# Jump frustrated.
       126        63.0000       1       1       5.604016       4.464145      10.068160       5.320967       3.655954       1.000000     541.499386       0.000000            0
# Jump frustrated.
       127        63.5000       1       1       5.331870       4.749396      10.081265       5.320967       4.009753       1.000000     541.499386       0.000000            0
# Jump frustrated.
       128        64.0000       1       1       5.236863       4.848424      10.085287       5.320968       3.948323       1.000000     541.499386       0.000000            0
# Jump frustrated.
       129        64.5000       1       1       5.370010       4.704760      10.074771       5.320969       3.315376       1.000000     541.499386       0.000000            0
# Jump frustrated.
       130        65.0000       1       1       5.594113       4.466636      10.060749       5.320968       2.376651       1.000000     541.499386       0.000000            0
# Jump frustrated.
       131        65.5000       1       1       5.709334       4.344771      10.054105       5.320968       1.758682       1.000000     541.499386       0.000000            1
       132        66.0000       1       1       5.611333       4.446083      10.057416       5.320968       1.901763       1.000000     541.499386       0.000000            0
# Jump frustrated.
       133        66.5000       1       1       5.329130       4.736109      10.065239       5.320968       2.435801       1.000000     541.499386       0.000000            0
       134        67.0000       1       1       4.968675       5.104403      10.073077       5.320968       2.934916       1.000000     541.499386       0.000000            0
# Jump frustrated.
       135        67.5000       1       1       4.645053       5.434082      10.079135       5.320968       3.286246       1.000000     541.499386       0.000000            0
# Jump frustrated.
       136        68.0000       1       1       4.441580       5.639820      10.081400       5.320969       3.487541       1.000000     541.499386       0.000000            0
       137        68.5000       1       1       4.388480       5.691514      10.079993       5.320969       3.578383       1.000000     541.499386       0.000000            0
# Jump frustrated.
       138        69.0000       1       1       4.471818       5.606187      10.078006       5.320969       3.606823       1.000000     541.499386       0.000000            0
# Jump frustrated.
       139        69.5000       1       1       4.663274       5.413736      10.077010       5.320969       3.575335       1.000000     541.499386       0.000000            1
# Jump frustrated.
       140        70.0000       1       1       4.939725       5.135959      10.075684       5.320969       3.464310       1.000000     541.499386       0.000000            0
       141        70.5000       1       1       5.281734       4.792578      10.074312       5.320969       3.262720       1.000000     541.499386       0.000000            0
       142        71.0000       1       1       5.664761       4.407468      10.072229       5.320970       2.962982       1.000000     541.499386       0.000000            0
       143        71.5000       1       1       6.058559       4.011355      10.069914       5.320970       2.653288       1.000000     541.499386       0.000000            0
       144        72.0000       1       1       6.439224       3.631850      10.071075       5.320970       2.412696       1.000000     541.499386       0.000000            0
# Jump frustrated.
       145        72.5000       1       1       6.807851       3.264802      10.072653       5.320970       2.325740       1.000000     541.499386       0.000000            0
# Jump frustrated.
       146        73.0000       1       1       7.181355       2.891526      10.072881       5.320970       2.323774       1.000000     541.499386       0.000000            0
       147        73.5000       1       1       7.563079       2.507869      10.070948       5.320970       2.329942       1.000000     541.499386       0.000000            0
# Jump frustrated.
       148        74.0000       1       1       7.925551       2.141029      10.066580       5.320970       2.269886       1.000000     541.499386       0.000000            0
# Jump frustrated.
       149        74.5000       1       1       8.208041       1.853286      10.061328       5.320970       2.212879       1.000000     541.499386       0.000000            1
       150        75.0000       1       1       8.338488       1.718135      10.056622       5.320970       2.293361       1.000000     541.499386       0.000000            0
       151        75.5000       1       1       8.260974       1.794741      10.055715       5.320969       2.612703       1.000000     541.499386       0.000000            0
       152        76.0000       1       1       7.966866       2.091203      10.058069       5.320970       3.117006       1.000000     541.499386       0.000000            0
       153        76.5000       1       1       7.493079       2.565999      10.059078       5.320970       3.712661       1.000000     541.499386       0.000000            0
       154        77.0000       1       1       6.904423       3.158923      10.063346       5.320969       4.311527       1.000000     541.499386       0.000000            0
       155        77.5000       1       1       6.290741       3.779666      10.070407       5.320968       4.799241       1.000000     541.499386       0.000000            0
# Jump frustrated.
       156        78.0000       1       1       5.789312       4.295153      10.084465       5.320968       4.937224       1.000000     541.499386       0.000000            0
       157        78.5000       1       1       5.516465       4.567948      10.084413       5.320967       4.765365       1.000000     541.499386       0.000000            0
# Jump frustrated.
       158        79.0000       1       1       5.482376       4.597635      10.080012       5.320966       4.412522       1.000000     541.499386       0.000000            1
# Jump frustrated.
       159        79.5000       1       1       5.622697       4.451896      10.074593       5.320966       3.945007       1.000000     541.499386       0.000000            0
# Jump frustrated.
       160        80.0000       1       1       5.855593       4.214602      10.070195       5.320966       3.456964       1.000000     541.499386       0.000000            0
       161        80.5000       1       1       6.114611       3.953433      10.068044       5.320966       3.049647       1.000000     541.499386       0.000000            0
# Jump frustrated.
       162        81.0000       1       1       6.357786       3.708042      10.065828       5.320966       2.765616       1.000000     541.499386       0.000000            0
       163        81.5000       1       1       6.565294       3.501266      10.066560       5.320966       2.661342       1.000000     541.499386       0.000000            0
       164        82.0000       1       1       6.738412       3.328745      10.067157       5.320966       2.701570       1.000000     541.499386       0.000000            0
# Jump frustrated.
       165        82.5000       1       1       6.884747       3.182383      10.067129       5.320965       2.733603       1.000000     541.499386       0.000000            0
       166        83.0000       1       1       6.993028       3.069652      10.062680       5.320965       2.649050       1.000000     541.499386       0.000000            1
# Jump frustrated.
       167        83.5000       1       1       6.999004       3.055743      10.054747       5.320964       2.535988       1.000000     541.499386       0.000000            0
       168        84.0000       1       1       6.801370       3.247156      10.048526       5.320965       2.667382       1.000000     541.499386       0.000000            0
       169        84.5000       1       1       6.346217       3.705343      10.051560       5.320965       3.188561       1.000000     541.499386       0.000000            0
# Jump frustrated.
       170        85.0000       1       1       5.694872       4.369476      10.064349       5.320966       4.065156       1.000000     541.499386       0.000000            0
# Jump frustrated.
       171        85.5000       1       1       5.055141       5.026135      10.081276       5.320966       4.767665       1.000000     541.499386       0.000000            0
# Jump frustrated.
       172        86.0000       1       1       4.646636       5.436781      10.083416       5.320965       4.941915       1.000000     541.499386       0.000000            0
# Jump frustrated.
       173        86.5000       1       1       4.511394       5.564458      10.075853       5.320965       4.714629       1.000000     541.499386       0.000000            0
# Jump frustrated.
       174        87.0000       1       1       4.545949       5.523975      10.069924       5.320965       4.386969       1.000000     541.499386       0.000000            0
# Jump frustrated.
       175        87.5000       1       1       4.649990       5.419964      10.069955       5.320965       4.154121       1.000000     541.499386       0.000000            1
# Jump frustrated.
       176        88.0000       1       1       4.798892       5.274225      10.073117       5.320965       4.031054       1.000000     541.499386       0.000000            0
# Jump frustrated.
       177        88.5000       1       1       5.015352       5.059560      10.074912       5.320964       3.917101       1.000000     541.499386       0.000000            0
# Jump frustrated.
       178        89.0000       1       1       5.310147       4.762475      10.072622       5.320964       3.725885       1.000000     541.499386       0.000000            0
# Jump frustrated.
       179        89.5000       1       1       5.653555       4.415565      10.069120       5.320964       3.435201       1.000000     541.499386       0.000000            0
# Jump frustrated.
       180        90.0000       1       1       6.000675       4.068032      10.068706       5.320965       3.171106       1.000000     541.499386       0.000000            0
       181        90.5000       1       1       6.325417       3.742505      10.067921       5.320965       2.972325       1.000000     541.499386       0.000000            0
# Jump frustrated.
       182        91.0000       1       1       6.615014       3.452479      10.067493       5.320964       2.793630       1.000000     541.499386       0.000000            0
# Jump frustrated.
       183        91.5000       1       1       6.860492       3.206673      10.067165       5.320965       2.655369       1.000000     541.499386       0.000000            0
# Jump frustrated.
       184        92.0000       1       1       7.060483       3.007370      10.067853       5.320965       2.591189       1.000000     541.499386       0.000000            0
# Jump frustrated.
       185        92.5000       1       1       7.226981       2.843154      10.070135       5.320965       2.589115       1.000000     541.499386       0.000000            1
       186        93.0000       1       1       7.383484       2.688279      10.071764       5.320965       2.631365       1.000000     541.499386       0.000000            0
# Jump frustrated.
       187        93.5000       1       1       7.551121       2.520741      10.071862       5.320965       2.645798       1.000000     541.499386       0.000000            0
       188        94.0000       1       1       7.729723       2.339501      10.069223       5.320965       2.599987       1.000000     541.499386       0.000000            0
# Jump frustrated.
       189        94.5000       1       1       7.885267       2.178813      10.064081       5.320965       2.522717       1.000000     541.499386       0.000000            0
# Jump frustrated.
       190        95.0000       1       1       7.962384       2.098885      10.061269       5.320965       2.473153       1.000000     541.499386       0.000000            0
# Jump frustrated.
       191        95.5000       1       1       7.918036       2.142690      10.060726       5.320964       2.493328       1.000000     541.499386       0.000000            0
# Jump frustrated.
       192        96.0000       1       1       7.735489       2.326214      10.061703       5.320964       2.652827       1.000000     541.499386       0.000000            0
       193        96.5000       1       1       7.426132       2.638661      10.064794       5.320963       2.938714       1.000000     541.499386       0.000000            0
# Jump frustrated.
       194        97.0000       1       1       7.027719       3.042248      10.069967       5.320963       3.323792       1.000000     541.499386       0.000000            1
# Jump frustrated.
       195        97.5000       1       1       6.600998       3.473654      10.074652       5.320963       3.634731       1.000000     541.499386       0.000000            0
# Jump frustrated.
       196        98.0000       1       1       6.205304       3.871636      10.076939       5.320964       3.833099       1.000000     541.499386       0.000000            0
# Jump frustrated.
       197        98.5000       1       1       5.873768       4.203183      10.076952       5.320965       3.894670       1.000000     541.499386       0.000000            0
       198        99.0000       1       1       5.610749       4.464975      10.075724       5.320965       3.863560       1.000000     541.499386       0.000000            0
# Jump frustrated.
       199        99.5000       1       1       5.402215       4.671959      10.074173       5.320965       3.756871       1.000000     541.499386       0.000000            0
# Jump frustrated.
       200       100.0000       1       1       5.228457       4.844272      10.072729       5.320964       3.584908       1.000000     541.499386       0.000000            0
# Jump frustrated.
       201       100.5000       1       1       5.070824       5.001015      10.071839       5.320964       3.409452       1.000000     541.499386       0.000000            0
       202       101.0000       1       1       4.921095       5.151737      10.072832       5.320964       3.269454       1.000000     541.499386       0.000000            0
# Jump frustrated.
       203       101.5000       1       1       4.789835       5.284813      10.074647       5.320963       3.198627       1.000000     541.499386       0.000000            1
# Jump frustrated.
       204       102.0000       1       1       4.706166       5.371177      10.077343       5.320963       3.188200       1.000000     541.499386       0.000000            0
       205       102.5000       1       1       4.708795       5.370762      10.079557       5.320963       3.179135       1.000000     541.499386       0.000000            0
       206       103.0000       1       1       4.826825       5.252426      10.079251       5.320963       3.073418       1.000000     541.499386       0.000000            0
# Jump frustrated.
       207       103.5000       1       1       5.055217       5.020737      10.075955       5.320962       2.827200       1.000000     541.499386       0.000000            0
# Jump frustrated.
       208       104.0000       1       1       5.346118       4.724691      10.070809       5.320962       2.491842       1.000000     541.499386       0.000000            0
# Jump frustrated.
       209       104.5000       1       1       5.627677       4.438401      10.066078       5.320961       2.166585       1.000000     541.499386       0.000000            0
# Jump frustrated.
       210       105.0000       1       1       5.837240       4.226435      10.063675       5.320961       1.955594       1.000000     541.499386       0.000000            0
# Jump frustrated.
       211       105.5000       1       1       5.936418       4.125539      10.061957       5.320961       1.881072       1.000000     541.499386       0.000000            1
# Jump frustrated.
       212       106.0000       1       1       5.902198       4.158340      10.060538       5.320962       1.963036       1.000000     541.499386       0.000000            0
# Jump frustrated.
       213       106.5000       1       1       5.725329       4.335844      10.061173       5.320961       2.290946       1.000000     541.499386       0.000000            0
# Jump frustrated.
       214       107.0000       1       1       5.437018       4.630437      10.067456       5.320961       2.864882       1.000000     541.499386       0.000000            0
# Jump frustrated.
       215       107.5000       1       1       5.141018       4.936449      10.077467       5.320961       3.450741       1.000000     541.499386       0.000000            0
# Jump frustrated.
       216       108.0000       1       1       4.982959       5.100458      10.083418       5.320962       3.754063       1.000000     541.499386       0.000000            0
# Jump frustrated.
       217       108.5000       1       1       5.046097       5.033817      10.079913       5.320963       3.677424       1.000000     541.499386       0.000000            0
       218       109.0000       1       1       5.283783       4.787180      10.070963       5.320962       3.438752       1.000000     541.499386       0.000000            0
# Jump frustrated.
       219       109.5000       1       1       5.576656       4.488850      10.065505       5.320962       3.333188       1.000000     541.499386       0.000000            0
       220       110.0000       1       1       5.839216       4.226643      10.065859       5.320962       3.451439       1.000000     541.499386       0.000000            1
# Jump frustrated.
       221       110.5000       1       1       6.059744       4.008448      10.068193       5.320962       3.622671       1.000000     541.499386       0.000000            0
       222       111.0000       1       1       6.262043       3.807901      10.069944       5.320961       3.731837       1.000000     541.499386       0.000000            0
# Jump frustrated.
       223       111.5000       1       1       6.469896       3.600710      10.070605       5.320960       3.707430       1.000000     541.499386       0.000000            0
# Jump frustrated.
       224       112.0000       1       1       6.697431       3.373796      10.071227       5.320960       3.545441       1.000000     541.499386       0.000000            0
# Jump frustrated.
       225       112.5000       1       1       6.949209       3.122177      10.071386       5.320960       3.296627       1.000000     541.499386       0.000000            0
       226       113.0000       1       1       7.224627       2.846683      10.071310       5.320961       3.047716       1.000000     541.499386       0.000000            0
# Jump frustrated.
       227       113.5000       1       1       7.515018       2.556034      10.071052       5.320962       2.796029       1.000000     541.499386       0.000000            0
# Jump frustrated.
       228       114.0000       1       1       7.806866       2.265385      10.072251       5.320962       2.673494       1.000000     541.499386       0.000000            0
# Jump frustrated.
       229       114.5000       1       1       8.103223       1.969546      10.072769       5.320962       2.608997       1.000000     541.499386       0.000000            0
       230       115.0000       1       1       8.366214       1.686163      10.052377       5.320962       2.434645       1.000000     541.499386       0.000000            1
# Jump frustrated.
       231       115.5000       1       1       8.488394       1.568658      10.057052       5.320962       2.232667       1.000000     541.499386       0.000000            0
# Jump frustrated.
       232       116.0000       1       1       8.431734       1.627826      10.059560       5.320962       2.228666       1.000000     541.499386       0.000000            0
# Jump frustrated.
       233       116.5000       1       1       8.232946       1.827543      10.060489       5.320961       2.316074       1.000000     541.499386       0.000000            0
# Jump frustrated.
       234       117.0000       1       1       7.909431       2.152447      10.061879       5.320961       2.431313       1.000000     541.499386       0.000000            0
# Jump frustrated.
       235       117.5000       1       1       7.476912       2.585722      10.062634       5.320961       2.559413       1.000000     541.499386       0.000000            0
       236       118.0000       1       1       6.949578       3.115741      10.065319       5.320961       2.873559       1.000000     541.499386       0.000000            0
# Jump frustrated.
       237       118.5000       1       1       6.369873       3.701814      10.071687       5.320963       3.245422       1.000000     541.499386       0.000000            0
# Jump frustrated.
       238       119.0000       1       1       5.820685       4.256746      10.077430       5.320964       3.485699       1.000000     541.499386       0.000000            0
       239       119.5000       1       1       5.367565       4.710366      10.077931       5.320963       3.563982       1.000000     541.499386       0.000000            1
# Jump frustrated.
       240       120.0000       1       1       5.023579       5.052293      10.075873       5.320962       3.508377       1.000000     541.499386       0.000000            0
# Jump frustrated.
       241       120.5000       1       1       4.768790       5.305781      10.074571       5.320961       3.401295       1.000000     541.499386       0.000000            0
# Jump frustrated.
       242       121.0000       1       1       4.585249       5.489513      10.074761       5.320962       3.304128       1.000000     541.499386       0.000000            0
# Jump frustrated.
       243       121.5000       1       1       4.475556       5.600582      10.076138       5.320962       3.222766       1.000000     541.499386       0.000000            0
       244       122.0000       1       1       4.455934       5.620927      10.076862       5.320963       3.140075       1.000000     541.499386       0.000000            0
       245       122.5000       1       1       4.531562       5.542867      10.074429       5.320964       2.999051       1.000000     541.499386       0.000000            0
# Jump frustrated.
       246       123.0000       1       1       4.668060       5.399827      10.067887       5.320964       2.797890       1.000000     541.499386       0.000000            0
# Jump frustrated.
       247       123.5000       1       1       4.792476       5.270073      10.062549       5.320964       2.760215       1.000000     541.499386       0.000000            1
# Jump frustrated.
       248       124.0000       1       1       4.858680       5.207168      10.065848       5.320964       3.203953       1.000000     541.499386       0.000000            0
# Jump frustrated.
       249       124.5000       1       1       4.940870       5.139903      10.080774       5.320964       3.976445       1.000000     541.499386       0.000000            0
# Jump frustrated.
       250       125.0000       1       1       5.239504       4.850915      10.090419       5.320964       4.292768       1.000000     541.499386       0.000000            0
       251       125.5000       1       1       5.845372       4.227266      10.072637       5.320963       3.603362       1.000000     541.499386       0.000000            0
# Jump frustrated.
       252       126.0000       1       1       6.540892       3.507909      10.048802       5.320964       2.409571       1.000000     541.499386       0.000000            0
# Jump frustrated.
       253       126.5000       1       1       7.023317       3.021488      10.044805       5.320964       1.567934       1.000000     541.499386       0.000000            0
       254       127.0000       1       1       7.188594       2.864330      10.052924       5.320964       1.628193       1.000000     541.499386       0.000000            1
       255       127.5000       1       1       7.103335       2.955054      10.058388       5.320964       2.025734       1.000000     541.499386       0.000000            0
       256       128.0000       1       1       6.861970       3.205427      10.067397       5.320963       2.392593       1.000000     541.499386       0.000000            0
# Jump frustrated.
       257       128.5000       1       1       6.573044       3.502304      10.075348       5.320964       2.552624       1.000000     541.499386       0.000000            0
# Jump frustrated.
       258       129.0000       1       1       6.325748       3.750809      10.076557       5.320964       2.570783       1.000000     541.499386       0.000000            0
       259       129.5000       1       1       6.140883       3.933087      10.073971       5.320964       2.545780       1.000000     541.499386       0.000000            0
# Jump frustrated.
       260       130.0000       1       1       5.984929       4.086093      10.071023       5.320964       2.620209       1.000000     541.499386       0.000000            0
       261       130.5000       1       1       5.819238       4.251556      10.070793       5.320965       2.830385       1.000000     541.499386       0.000000            0
# Jump frustrated.
       262       131.0000       1       1       5.637982       4.434664      10.072646       5.320964       3.084424       1.000000     541.499386       0.000000            0
# Jump frustrated.
       263       131.5000       1       1       5.460693       4.614036      10.074729       5.320964       3.303398       1.000000     541.499386       0.000000            0
       264       132.0000       1       1       5.314607       4.762267      10.076874       5.320963       3.448712       1.000000     541.499386       0.000000            1
# Jump frustrated.
       265       132.5000       1       1       5.220750       4.856521      10.077270       5.320963       3.530860       1.000000     541.499386       0.000000            0
# Jump frustrated.
       266       133.0000       1       1       5.173731       4.898665      10.072395       5.320963       3.588387       1.000000     541.499386       0.000000            0
       267       133.5000       1       1       5.143588       4.928145      10.071733       5.320962       3.524281       1.000000     541.499386       0.000000            0
       268       134.0000       1       1       5.115998       4.957417      10.073415       5.320962       3.333932       1.000000     541.499386       0.000000            0
# Jump frustrated.
       269       134.5000       1       1       5.107384       4.967382      10.074766       5.320962       3.044794       1.000000     541.499386       0.000000            0
# Jump frustrated.
       270       135.0000       1       1       5.139445       4.936657      10.076102       5.320962       2.805598       1.000000     541.499386       0.000000            0
# Jump frustrated.
       271       135.5000       1       1       5.232619       4.844895      10.077514       5.320962       2.660105       1.000000     541.499386       0.000000            0
       272       136.0000       1       1       5.405617       4.672374      10.077990       5.320962       2.621841       1.000000     541.499386       0.000000            0
# Jump frustrated.
       273       136.5000       1       1       5.670714       4.406845      10.077559       5.320962       2.647729       1.000000     541.499386       0.000000            0
# Jump frustrated.
       274       137.0000       1       1       6.019330       4.053084      10.072414       5.320961       2.590599       1.000000     541.499386       0.000000            1
# Jump frustrated.
       275       137.5000       1       1       6.409444       3.659462      10.068906       5.320960       2.464051       1.000000     541.499386       0.000000            0
# Jump frustrated.
       276       138.0000       1       1       6.800683       3.268332      10.069015       5.320961       2.454766       1.000000     541.499386       0.000000            0
# Jump frustrated.
       277       138.5000       1       1       7.160861       2.900868      10.061730       5.320961       2.512636       1.000000     541.499386       0.000000            0
# Jump frustrated.
       278       139.0000       1       1       7.415514       2.637001      10.052515       5.320960       2.621860       1.000000     541.499386       0.000000            0
       279       139.5000       1       1       7.441044       2.596102      10.037146       5.320959       2.883055       1.000000     541.499386       0.000000            0
# Jump frustrated.
       280       140.0000       1       1       7.036315       2.974153      10.010468       5.320959       3.679932       1.000000     541.499386       0.000000            0
# Jump frustrated.
       281       140.5000       1       1       6.017004       3.997653      10.014656       5.320960       5.680122       1.000000     541.499386       0.000000            0
       282       141.0000       1       1       4.737931       5.359759      10.097690       5.320959       8.056446       1.000000     541.499386       0.000000            0
       283       141.5000       1       1       4.195875       5.938150      10.134025       5.320959       8.893579       1.000000     541.499386       0.000000            1
       284       142.0000       1       1       4.850411       5.223154      10.073564       5.320958       7.498593       1.000000     541.499386       0.000000            0
       285       142.5000       1       1       5.895611       4.102909       9.998520       5.320957       4.716571       1.000000     541.499386       0.000000            0
# Jump frustrated.
       286       143.0000       1       1       6.378533       3.637248      10.015781       5.320957       3.016371       1.000000     541.499386       0.000000            0
# Jump frustrated.
       287       143.5000       1       1       6.215426       3.829492      10.044917       5.320958       2.850264       1.000000     541.499386       0.000000            0
# Jump frustrated.
       288       144.0000       1       1       5.728931       4.336882      10.065812       5.320959       3.098015       1.000000     541.499386       0.000000            0
       289       144.5000       1       1       5.184640       4.888492      10.073132       5.320959       3.273233       1.000000     541.499386       0.000000            0
       290       145.0000       1       1       4.719504       5.359343      10.078848       5.320959       3.400326       1.000000     541.499386       0.000000            0
# Jump frustrated.
       291       145.5000       1       1       4.415970       5.667016      10.082986       5.320959       3.389421       1.000000     541.499386       0.000000            0
# Jump frustrated.
       292       146.0000       1       1       4.318188       5.764383      10.082572       5.320960       3.258263       1.000000     541.499386       0.000000            1
       293       146.5000       1       1       4.419332       5.660788      10.080120       5.320961       3.045304       1.000000     541.499386       0.000000            0
       294       147.0000       1       1       4.683025       5.393806      10.076831       5.320961       2.767860       1.000000     541.499386       0.000000            0
# Jump frustrated.
       295       147.5000       1       1       5.060039       5.013263      10.073303       5.320961       2.451563       1.000000     541.499386       0.000000            0
# Jump frustrated.
       296       148.0000       1       1       5.496009       4.573553      10.069562       5.320960       2.127668       1.000000     541.499386       0.000000            0
# Jump frustrated.
       297       148.5000       1       1       5.939511       4.127199      10.066711       5.320960       1.914121       1.000000     541.499386       0.000000            0
       298       149.0000       1       1       6.353020       3.711571      10.064591       5.320961       1.923670       1.000000     541.499386       0.000000            0
       299       149.5000       1       1       6.720049       3.345976      10.066025       5.320961       2.190474       1.000000     541.499386       0.000000            0
# Jump frustrated.
       300       150.0000       1       1       7.057802       3.010277      10.068079       5.320961       2.663661       1.000000     541.499386       0.000000            0
# Jump frustrated.
       301       150.5000       1       1       7.407827       2.662329      10.070156       5.320961       3.170042       1.000000     541.499386       0.000000            0
# Jump frustrated.
       302       151.0000       1       1       7.787923       2.275973      10.063896       5.320962       3.602352       1.000000     541.499386       0.000000            1
       303       151.5000       1       1       8.129304       1.925533      10.054837       5.320961       3.967349       1.000000     541.499386       0.000000            0
       304       152.0000       1       1       8.270824       1.763808      10.034632       5.320960       4.288285       1.000000     541.499386       0.000000            0
# Jump frustrated.
       305       152.5000       1       1       8.016231       2.005877      10.022108       5.320959       4.075317       1.000000     541.499386       0.000000            0
       306       153.0000       1       1       7.218029       2.807445      10.025474       5.320959       4.682082       1.000000     541.499386       0.000000            0
# Jump frustrated.
       307       153.5000       1       1       6.209847       3.893227      10.103074       5.320957       6.236898       1.000000     541.499386       0.000000            0
# Jump frustrated.
       308       154.0000       1       1       5.832950       4.288925      10.121875       5.320955       6.522314       1.000000     541.499386       0.000000            0
# Jump frustrated.
       309       154.5000       1       1       6.339319       3.721744      10.061063       5.320954       5.203873       1.000000     541.499386       0.000000            0
# Jump frustrated.
       310       155.0000       1       1       7.026692       2.994914      10.021606       5.320953       3.674457       1.000000     541.499386       0.000000            0
       311       155.5000       1       1       7.282630       2.750977      10.033607       5.320952       3.304219       1.000000     541.499386       0.000000            1
       312       156.0000       1       1       7.113124       2.939483      10.052607       5.320951       3.281605       1.000000     541.499386       0.000000            0
# Jump frustrated.
       313       156.5000       1       1       6.725674       3.339748      10.065422       5.320951       3.084731       1.000000     541.499386       0.000000            0
       314       157.0000       1       1       6.278763       3.793783      10.072546       5.320952       2.832004       1.000000     541.499386       0.000000            0
       315       157.5000       1       1       5.859714       4.213979      10.073693       5.320953       2.660844       1.000000     541.499386       0.000000            0
       316       158.0000       1       1       5.494360       4.577498      10.071858       5.320954       2.622740       1.000000     541.499386       0.000000            0
# Jump frustrated.
       317       158.5000       1       1       5.185384       4.889738      10.075122       5.320955       2.575994       1.000000     541.499386       0.000000            0
# Jump frustrated.
       318       159.0000       1       1       4.942654       5.130976      10.073630       5.320955       2.391873       1.000000     541.499386       0.000000            0
       319       159.5000       1       1       4.737151       5.332355      10.069506       5.320955       2.262181       1.000000     541.499386       0.000000            1
# Jump frustrated.
       320       160.0000       1       1       4.518668       5.550134      10.068801       5.320955       2.388972       1.000000     541.499386       0.000000            0
       321       160.5000       1       1       4.279991       5.791995      10.071986       5.320955       2.731010       1.000000     541.499386       0.000000            0
# Jump frustrated.
       322       161.0000       1       1       4.069515       6.007491      10.077006       5.320955       3.073073       1.000000     541.499386       0.000000            0
# Jump frustrated.
       323       161.5000       1       1       3.953566       6.125619      10.079185       5.320954       3.189329       1.000000     541.499386       0.000000            0
# Jump frustrated.
       324       162.0000       1       1       3.955158       6.120636      10.075794       5.320954       3.002805       1.000000     541.499386       0.000000            0
# Jump frustrated.
       325       162.5000       1       1       4.027669       6.042991      10.070661       5.320955       2.652761       1.000000     541.499386       0.000000            0
       326       163.0000       1       1       4.097372       5.970744      10.068116       5.320954       2.398851       1.000000     541.499386       0.000000            0
# Jump frustrated.
       327       163.5000       1       1       4.124551       5.944793      10.069345       5.320954       2.391436       1.000000     541.499386       0.000000            0
       328       164.0000       1       1       4.122313       5.950191      10.072504       5.320954       2.524432       1.000000     541.499386       0.000000            1
# Jump frustrated.
       329       164.5000       1       1       4.129114       5.945416      10.074530       5.320954       2.624138       1.000000     541.499386       0.000000            0
       330       165.0000       1       1       4.174000       5.900781      10.074781       5.320953       2.615885       1.000000     541.499386       0.000000            0
       331       165.5000       1       1       4.263985       5.810057      10.074042       5.320954       2.524059       1.000000     541.499386       0.000000            0
# Jump frustrated.
       332       166.0000       1       1       4.391323       5.682171      10.073494       5.320955       2.433317       1.000000     541.499386       0.000000            0
# Jump frustrated.
       333       166.5000       1       1       4.547954       5.526051      10.074006       5.320955       2.438024       1.000000     541.499386       0.000000            0
       334       167.0000       1       1       4.739594       5.336091      10.075686       5.320956       2.594536       1.000000     541.499386       0.000000            0
       335       167.5000       1       1       4.994609       5.084057      10.078666       5.320955       2.872492       1.000000     541.499386       0.000000            0
       336       168.0000       1       1       5.359214       4.722199      10.081414       5.320955       3.160386       1.000000     541.499386       0.000000            1
# Jump frustrated.
       337       168.5000       1       1       5.873409       4.208581      10.081990       5.320955       3.355388       1.000000     541.499386       0.000000            0
# Jump frustrated.
       338       169.0000       1       1       6.545984       3.534483      10.080467       5.320955       3.417208       1.000000     541.499386       0.000000            0
# Jump frustrated.
       339       169.5000       1       1       7.329602       2.738105      10.067707       5.320956       3.289288       1.000000     541.499386       0.000000            0
       340       170.0000       1       1       8.103294       1.951277      10.054571       5.320957       2.943698       1.000000     541.499386       0.000000            0
# Jump frustrated.
       341       170.5000       1       1       8.653801       1.375584      10.029385       5.320957       2.451616       1.000000     541.499386       0.000000            0
       342       171.0000       1       1       8.607854       1.373300       9.981154       5.320957       2.509653       1.000000     541.499386       0.000000            0
       343       171.5000       1       1       7.552808       2.437076       9.989884       5.320958       5.303986       1.000000     541.499386       0.000000            0
       344       172.0000       1       1       6.099832       4.037513      10.137346       5.320957       8.446744       1.000000     541.499386       0.000000            0
# Jump frustrated.
       345       172.5000       1       1       5.866593       4.281036      10.147629       5.320954       8.543070       1.000000     541.499386       0.000000            1
# Jump frustrated.
       346       173.0000       1       1       7.014088       3.010485      10.024572       5.320952       5.800528       1.000000     541.499386       0.000000            0
       347       173.5000       1       1       8.069686       1.925533       9.995219       5.320950       3.015592       1.000000     541.499386       0.000000            0
       348       174.0000       1       1       8.235522       1.798686      10.034208       5.320949       3.057888       1.000000     541.499386       0.000000            0
       349       174.5000       1       1       7.813222       2.251683      10.064905       5.320948       3.687876       1.000000     541.499386       0.000000            0
# Jump frustrated.
       350       175.0000       1       1       7.184434       2.894640      10.079074       5.320947       4.020270       1.000000     541.499386       0.000000            0
# Jump frustrated.
       351       175.5000       1       1       6.562073       3.519743      10.081816       5.320948       3.923253       1.000000     541.499386       0.000000            0
# Jump frustrated.
       352       176.0000       1       1       5.993071       4.086301      10.079372       5.320950       3.722669       1.000000     541.499386       0.000000            0
# Jump frustrated.
       353       176.5000       1       1       5.475759       4.607808      10.083567       5.320950       3.322169       1.000000     541.499386       0.000000            0
       354       177.0000       1       1       5.037363       5.048557      10.085919       5.320950       2.754810       1.000000     541.499386       0.000000            1
       355       177.5000       1       1       4.703040       5.385709      10.088749       5.320950       2.177366       1.000000     541.499386       0.000000            0
# Jump frustrated.
       356       178.0000       1       1       4.491404       5.597468      10.088872       5.320950       1.811680       1.000000     541.499386       0.000000            0
# Jump frustrated.
       357       178.5000       1       1       4.400745       5.685908      10.086653       5.320949       1.688991       1.000000     541.499386       0.000000            0
       358       179.0000       1       1       4.409272       5.674282      10.083555       5.320948       1.655606       1.000000     541.499386       0.000000            0
# Jump frustrated.
       359       179.5000       1       1       4.485242       5.596015      10.081256       5.320948       1.616572       1.000000     541.499386       0.000000            0
# Jump frustrated.
       360       180.0000       1       1       4.598349       5.481416      10.079765       5.320948       1.597226       1.000000     541.499386       0.000000            0
       361       180.5000       1       1       4.721362       5.356437      10.077799       5.320948       1.654326       1.000000     541.499386       0.000000            0
# Jump frustrated.
       362       181.0000       1       1       4.826730       5.249520      10.076250       5.320947       1.833889       1.000000     541.499386       0.000000            0
       363       181.5000       1       1       4.892781       5.183501      10.076281       5.320946       2.146325       1.000000     541.499386       0.000000            1
# Jump frustrated.
       364       182.0000       1       1       4.918537       5.159211      10.077748       5.320945       2.531350       1.000000     541.499386       0.000000            0
# Jump frustrated.
       365       182.5000       1       1       4.931099       5.149453      10.080553       5.320943       2.862462       1.000000     541.499386       0.000000            0
# Jump frustrated.
       366       183.0000       1       1       4.969439       5.112292      10.081731       5.320943       3.014876       1.000000     541.499386       0.000000            0
       367       183.5000       1       1       5.053554       5.026758      10.080311       5.320943       2.973605       1.000000     541.499386       0.000000            0
# Jump frustrated.
       368       184.0000       1       1       5.172730       4.905931      10.078661       5.320944       2.900412       1.000000     541.499386       0.000000            0
       369       184.5000       1       1       5.314327       4.765381      10.079709       5.320943       2.990342       1.000000     541.499386       0.000000            0
# Jump frustrated.
       370       185.0000       1       1       5.498015       4.584349      10.082364       5.320942       3.136016       1.000000     541.499386       0.000000            1
# Jump frustrated.
       371       185.5000       1       1       5.747616       4.332107      10.079723       5.320941       3.029694       1.000000     541.499386       0.000000            0
# Jump frustrated.
       372       186.0000       1       1       6.021030       4.050593      10.071623       5.320940       2.536188       1.000000     541.499386       0.000000            0
# Jump frustrated.
       373       186.5000       1       1       6.214361       3.851913      10.066274       5.320940       1.920854       1.000000     541.499386       0.000000            0
# Jump frustrated.
       374       187.0000       1       1       6.251364       3.816205      10.067569       5.320939       1.544278       1.000000     541.499386       0.000000            0
       375       187.5000       1       1       6.137228       3.935786      10.073015       5.320938       1.556219       1.000000     541.499386       0.000000            1
       376       188.0000       1       1       5.937102       4.141732      10.078834       5.320937       1.732281       1.000000     541.499386       0.000000            0
# Jump frustrated.
       377       188.5000       1       1       5.724248       4.357642      10.081891       5.320937       1.868447       1.000000     541.499386       0.000000            0
       378       189.0000       1       1       5.545850       4.537014      10.082864       5.320936       1.913290       1.000000     541.499386       0.000000            0
# Jump frustrated.
       379       189.5000       1       1       5.417494       4.664692      10.082186       5.320935       1.872586       1.000000     541.499386       0.000000            1
# Jump frustrated.
       380       190.0000       1       1       5.330428       4.750019      10.080446       5.320935       1.799532       1.000000     541.499386       0.000000            0
       381       190.5000       1       1       5.262659       4.816245      10.078904       5.320933       1.745193       1.000000     541.499386       0.000000            0
       382       191.0000       1       1       5.191789       4.886208      10.077997       5.320933       1.759647       1.000000     541.499386       0.000000            0
       383       191.5000       1       1       5.106842       4.971327      10.078169       5.320933       1.863114       1.000000     541.499386       0.000000            0
# Jump frustrated.
       384       192.0000       1       1       5.011144       5.067656      10.078800       5.320934       2.043464       1.000000     541.499386       0.000000            0
       385       192.5000       1       1       4.923672       5.157550      10.081222       5.320935       2.265276       1.000000     541.499386       0.000000            1
       386       193.0000       1       1       4.880191       5.203223      10.083414       5.320935       2.446277       1.000000     541.499386       0.000000            0
# Jump frustrated.
       387       193.5000       1       1       4.912850       5.170214      10.083064       5.320935       2.491807       1.000000     541.499386       0.000000            0
       388       194.0000       1       1       5.018227       5.061013      10.079240       5.320935       2.363293       1.000000     541.499386       0.000000            0
# Jump frustrated.
       389       194.5000       1       1       5.144750       4.928560      10.073310       5.320936       2.120264       1.000000     541.499386       0.000000            0
# Jump frustrated.
       390       195.0000       1       1       5.216173       4.853199      10.069372       5.320936       1.991105       1.000000     541.499386       0.000000            0
# Jump frustrated.
       391       195.5000       1       1       5.192338       4.879773      10.072111       5.320936       2.254043       1.000000     541.499386       0.000000            0
# Jump frustrated.
       392       196.0000       1       1       5.121406       4.958663      10.080069       5.320937       2.764337       1.000000     541.499386       0.000000            0
# Jump frustrated.
       393       196.5000       1       1       5.116471       4.968836      10.085307       5.320938       3.080103       1.000000     541.499386       0.000000            0
       394       197.0000       1       1       5.244938       4.835968      10.080906       5.320939       2.933756       1.000000     541.499386       0.000000            1
# Jump frustrated.
       395       197.5000       1       1       5.448675       4.623586      10.072261       5.320939       2.487128       1.000000     541.499386       0.000000            0
# Jump frustrated.
       396       198.0000       1       1       5.611459       4.458332      10.069791       5.320939       2.102058       1.000000     541.499386       0.000000            0
# Jump frustrated.
       397       198.5000       1       1       5.678192       4.394596      10.072789       5.320939       1.956254       1.000000     541.499386       0.000000            0
# Jump frustrated.
       398       199.0000       1       1       5.667937       4.407468      10.075405       5.320939       1.905553       1.000000     541.499386       0.000000            0
       399       199.5000       1       1       5.615132       4.462484      10.077616       5.320939       1.836362       1.000000     541.499386       0.000000            0
# Jump frustrated.
       400       200.0000       1       1       5.546877       4.531824      10.078701       5.320938       1.727685       1.000000     541.499386       0.000000            0
