#===============================================================================================================================================================================
#     Step |         Time |         State |                                     Energy |      Angular |     Gradient |      Density |           Expectation Value |    Runtime |
#          |              |  diag |   MCH |          kin |          pot |          tot |     Momentum |          RMS |        Total |           DM |            S |            |
#          |         [fs] |       |       |         [eV] |         [eV] |         [eV] |       [hbar] |     [eV/Ang] |              |      [Debye] |              |      [sec] |
#===============================================================================================================================================================================
         0         0.0000       2       2       0.223953       9.949313      10.173266       0.000139       2.572312       1.000000     541.499386       0.000000            4
         1         0.5000       2       2       0.283322       9.889523      10.172845       0.000139       2.398925       1.000000     541.499386       0.000000            2
# Surface Hop/Pointer State Switch: new state=      1 old state=      2 randnum=  0.069590303 gap= -9.817707 eV
         2         1.0000       1       1      10.157082       0.015762      10.172845       2.616349       0.429299       1.000000     541.499386       0.000000            0
# Jump frustrated.
         3         1.5000       1       1       9.761168       0.423916      10.185084       2.616349       2.116808       1.000000     541.499386       0.000000            0
         4         2.0000       1       1       8.854202       1.360636      10.214838       2.616349       3.956614       1.000000     541.499386       0.000000            0
# Jump frustrated.
         5         2.5000       1       1       7.851031       2.395347      10.246378       2.616349       5.217880       1.000000     541.499386       0.000000            0
         6         3.0000       1       1       7.160026       3.087922      10.247948       2.616349       5.266109       1.000000     541.499386       0.000000            1
         7         3.5000       1       1       6.806752       3.419262      10.226014       2.616349       4.324512       1.000000     541.499386       0.000000            0
         8         4.0000       1       1       6.517547       3.698285      10.215831       2.616349       3.424822       1.000000     541.499386       0.000000            0
# Jump frustrated.
         9         4.5000       1       1       6.111388       4.107477      10.218864       2.616349       3.035627       1.000000     541.499386       0.000000            0
        10         5.0000       1       1       5.589877       4.634174      10.224051       2.616350       3.091874       1.000000     541.499386       0.000000            0
        11         5.5000       1       1       5.048695       5.182255      10.230950       2.616350       3.246635       1.000000     541.499386       0.000000            0
        12         6.0000       1       1       4.586947       5.647916      10.234863       2.616350       3.410262       1.000000     541.499386       0.000000            1
# Jump frustrated.
        13         6.5000       1       1       4.273449       5.966592      10.240041       2.616350       3.483842       1.000000     541.499386       0.000000            0
# Jump frustrated.
        14         7.0000       1       1       4.161011       6.079322      10.240333       2.616350       3.296094       1.000000     541.499386       0.000000            0
# Jump frustrated.
        15         7.5000       1       1       4.232769       6.001262      10.234031       2.616350       3.073852       1.000000     541.499386       0.000000            0
        16         8.0000       1       1       4.412093       5.817115      10.229208       2.616350       2.906017       1.000000     541.499386       0.000000            0
# Jump frustrated.
        17         8.5000       1       1       4.626675       5.598298      10.224974       2.616350       2.847593       1.000000     541.499386       0.000000            0
        18         9.0000       1       1       4.810115       5.408546      10.218662       2.616350       2.979471       1.000000     541.499386       0.000000            1
# Jump frustrated.
        19         9.5000       1       1       4.917768       5.302252      10.220019       2.616350       3.512475       1.000000     541.499386       0.000000            0
        20        10.0000       1       1       5.015274       5.218379      10.233653       2.616350       4.337928       1.000000     541.499386       0.000000            0
# Jump frustrated.
        21        10.5000       1       1       5.321438       4.928145      10.249583       2.616350       4.906854       1.000000     541.499386       0.000000            0
# Jump frustrated.
        22        11.0000       1       1       6.016581       4.218754      10.235335       2.616350       4.603291       1.000000     541.499386       0.000000            0
# Jump frustrated.
        23        11.5000       1       1       6.906804       3.295943      10.202747       2.616350       3.363002       1.000000     541.499386       0.000000            0
# Jump frustrated.
        24        12.0000       1       1       7.524213       2.657554      10.181767       2.616350       2.232714       1.000000     541.499386       0.000000            1
        25        12.5000       1       1       7.574445       2.613749      10.188194       2.616350       2.404649       1.000000     541.499386       0.000000            0
# Jump frustrated.
        26        13.0000       1       1       7.132645       3.082732      10.215377       2.616351       3.629651       1.000000     541.499386       0.000000            0
        27        13.5000       1       1       6.603338       3.641193      10.244531       2.616351       4.563106       1.000000     541.499386       0.000000            0
        28        14.0000       1       1       6.380298       3.861671      10.241969       2.616351       4.436066       1.000000     541.499386       0.000000            0
# Jump frustrated.
        29        14.5000       1       1       6.461388       3.760151      10.221539       2.616352       3.588604       1.000000     541.499386       0.000000            0
        30        15.0000       1       1       6.574156       3.638701      10.212858       2.616351       3.030046       1.000000     541.499386       0.000000            0
# Jump frustrated.
        31        15.5000       1       1       6.549694       3.666728      10.216422       2.616351       3.122568       1.000000     541.499386       0.000000            1
# Jump frustrated.
        32        16.0000       1       1       6.395185       3.828246      10.223431       2.616351       3.516060       1.000000     541.499386       0.000000            0
# Jump frustrated.
        33        16.5000       1       1       6.195798       4.034815      10.230612       2.616351       3.918234       1.000000     541.499386       0.000000            0
# Jump frustrated.
        34        17.0000       1       1       6.047799       4.187820      10.235619       2.616352       4.192988       1.000000     541.499386       0.000000            0
# Jump frustrated.
        35        17.5000       1       1       6.016824       4.219999      10.236823       2.616352       4.351784       1.000000     541.499386       0.000000            0
        36        18.0000       1       1       6.124029       4.111629      10.235658       2.616352       4.424724       1.000000     541.499386       0.000000            0
# Jump frustrated.
        37        18.5000       1       1       6.352701       3.880978      10.233679       2.616353       4.439355       1.000000     541.499386       0.000000            0
# Jump frustrated.
        38        19.0000       1       1       6.648199       3.576004      10.224203       2.616353       4.297178       1.000000     541.499386       0.000000            0
        39        19.5000       1       1       6.916385       3.301133      10.217518       2.616352       4.023698       1.000000     541.499386       0.000000            1
# Jump frustrated.
        40        20.0000       1       1       7.042386       3.168058      10.210443       2.616353       3.478553       1.000000     541.499386       0.000000            0
# Jump frustrated.
        41        20.5000       1       1       6.970343       3.245287      10.215631       2.616353       3.568040       1.000000     541.499386       0.000000            0
# Jump frustrated.
        42        21.0000       1       1       6.807276       3.426528      10.233803       2.616353       4.117870       1.000000     541.499386       0.000000            0
        43        21.5000       1       1       6.779462       3.463274      10.242737       2.616353       4.341247       1.000000     541.499386       0.000000            0
# Jump frustrated.
        44        22.0000       1       1       7.002256       3.230132      10.232388       2.616353       3.883454       1.000000     541.499386       0.000000            0
        45        22.5000       1       1       7.340858       2.875748      10.216606       2.616354       3.062089       1.000000     541.499386       0.000000            0
# Jump frustrated.
        46        23.0000       1       1       7.570550       2.637208      10.207758       2.616354       2.386843       1.000000     541.499386       0.000000            1
        47        23.5000       1       1       7.551702       2.656308      10.208010       2.616354       2.109114       1.000000     541.499386       0.000000            0
# Jump frustrated.
        48        24.0000       1       1       7.253958       2.957337      10.211295       2.616354       2.220129       1.000000     541.499386       0.000000            0
# Jump frustrated.
        49        24.5000       1       1       6.726486       3.493377      10.219863       2.616354       2.625959       1.000000     541.499386       0.000000            0
# Jump frustrated.
        50        25.0000       1       1       6.089791       4.141732      10.231523       2.616354       3.073297       1.000000     541.499386       0.000000            0
# Jump frustrated.
        51        25.5000       1       1       5.497454       4.740469      10.237922       2.616354       3.237462       1.000000     541.499386       0.000000            0
        52        26.0000       1       1       5.024541       5.207583      10.232124       2.616354       3.129212       1.000000     541.499386       0.000000            0
        53        26.5000       1       1       4.637067       5.593316      10.230382       2.616354       3.102735       1.000000     541.499386       0.000000            0
        54        27.0000       1       1       4.315453       5.919258      10.234711       2.616354       3.176724       1.000000     541.499386       0.000000            1
# Jump frustrated.
        55        27.5000       1       1       4.090726       6.146587      10.237313       2.616354       3.281364       1.000000     541.499386       0.000000            0
# Jump frustrated.
        56        28.0000       1       1       3.998868       6.240217      10.239086       2.616354       3.384121       1.000000     541.499386       0.000000            0
        57        28.5000       1       1       4.063675       6.175652      10.239326       2.616354       3.443887       1.000000     541.499386       0.000000            0
# Jump frustrated.
        58        29.0000       1       1       4.287337       5.950191      10.237528       2.616354       3.446879       1.000000     541.499386       0.000000            0
# Jump frustrated.
        59        29.5000       1       1       4.643661       5.589994      10.233655       2.616354       3.403106       1.000000     541.499386       0.000000            0
        60        30.0000       1       1       5.075474       5.152152      10.227626       2.616354       3.352816       1.000000     541.499386       0.000000            1
        61        30.5000       1       1       5.507085       4.716594      10.223679       2.616354       3.380091       1.000000     541.499386       0.000000            0
        62        31.0000       1       1       5.892828       4.333353      10.226181       2.616353       3.570075       1.000000     541.499386       0.000000            0
        63        31.5000       1       1       6.245077       3.982290      10.227367       2.616354       3.894368       1.000000     541.499386       0.000000            0
# Jump frustrated.
        64        32.0000       1       1       6.614619       3.617110      10.231730       2.616354       4.169341       1.000000     541.499386       0.000000            0
        65        32.5000       1       1       7.082065       3.153941      10.236006       2.616354       4.187435       1.000000     541.499386       0.000000            0
# Jump frustrated.
        66        33.0000       1       1       7.690843       2.540048      10.230891       2.616354       3.705726       1.000000     541.499386       0.000000            0
# Jump frustrated.
        67        33.5000       1       1       8.348619       1.871348      10.219967       2.616354       2.857607       1.000000     541.499386       0.000000            1
# Jump frustrated.
        68        34.0000       1       1       8.878965       1.331572      10.210537       2.616354       1.993567       1.000000     541.499386       0.000000            0
        69        34.5000       1       1       9.143650       1.063759      10.207410       2.616354       1.540108       1.000000     541.499386       0.000000            0
        70        35.0000       1       1       9.089115       1.119190      10.208305       2.616354       1.756191       1.000000     541.499386       0.000000            0
# Jump frustrated.
        71        35.5000       1       1       8.732855       1.480010      10.212865       2.616355       2.367005       1.000000     541.499386       0.000000            0
# Jump frustrated.
        72        36.0000       1       1       8.149614       2.071688      10.221303       2.616354       2.986206       1.000000     541.499386       0.000000            0
# Jump frustrated.
        73        36.5000       1       1       7.438923       2.786270      10.225193       2.616355       3.581145       1.000000     541.499386       0.000000            1
        74        37.0000       1       1       6.706324       3.523272      10.229596       2.616355       3.958859       1.000000     541.499386       0.000000            0
# Jump frustrated.
        75        37.5000       1       1       6.053528       4.179309      10.232836       2.616355       4.037389       1.000000     541.499386       0.000000            0
# Jump frustrated.
        76        38.0000       1       1       5.533566       4.699570      10.233136       2.616354       4.084647       1.000000     541.499386       0.000000            0
        77        38.5000       1       1       5.159717       5.073885      10.233602       2.616354       4.138950       1.000000     541.499386       0.000000            0
# Jump frustrated.
        78        39.0000       1       1       4.940518       5.294985      10.235503       2.616354       4.152354       1.000000     541.499386       0.000000            0
        79        39.5000       1       1       4.884453       5.350001      10.234454       2.616354       4.110992       1.000000     541.499386       0.000000            0
# Jump frustrated.
        80        40.0000       1       1       4.985474       5.247236      10.232710       2.616354       3.980165       1.000000     541.499386       0.000000            1
# Jump frustrated.
        81        40.5000       1       1       5.214479       5.015132      10.229611       2.616354       3.766540       1.000000     541.499386       0.000000            0
# Jump frustrated.
        82        41.0000       1       1       5.527117       4.697909      10.225027       2.616354       3.452816       1.000000     541.499386       0.000000            0
# Jump frustrated.
        83        41.5000       1       1       5.855311       4.363248      10.218559       2.616354       3.025185       1.000000     541.499386       0.000000            0
        84        42.0000       1       1       6.099499       4.109345      10.208844       2.616355       2.524325       1.000000     541.499386       0.000000            0
        85        42.5000       1       1       6.145126       4.058274      10.203400       2.616355       2.212123       1.000000     541.499386       0.000000            0
# Jump frustrated.
        86        43.0000       1       1       5.915644       4.285188      10.200832       2.616355       2.587512       1.000000     541.499386       0.000000            1
# Jump frustrated.
        87        43.5000       1       1       5.427145       4.784274      10.211419       2.616355       3.880990       1.000000     541.499386       0.000000            0
# Jump frustrated.
        88        44.0000       1       1       4.914719       5.328410      10.243129       2.616355       5.394168       1.000000     541.499386       0.000000            0
# Jump frustrated.
        89        44.5000       1       1       4.823990       5.437819      10.261808       2.616355       6.118654       1.000000     541.499386       0.000000            0
# Jump frustrated.
        90        45.0000       1       1       5.379028       4.854652      10.233680       2.616356       5.515817       1.000000     541.499386       0.000000            0
# Jump frustrated.
        91        45.5000       1       1       6.210926       3.980214      10.191140       2.616357       3.833694       1.000000     541.499386       0.000000            0
# Jump frustrated.
        92        46.0000       1       1       6.752852       3.434832      10.187684       2.616357       2.409458       1.000000     541.499386       0.000000            0
# Jump frustrated.
        93        46.5000       1       1       6.839887       3.363415      10.203302       2.616357       1.853272       1.000000     541.499386       0.000000            1
# Jump frustrated.
        94        47.0000       1       1       6.606555       3.607561      10.214115       2.616357       1.872572       1.000000     541.499386       0.000000            0
# Jump frustrated.
        95        47.5000       1       1       6.208963       4.014054      10.223017       2.616357       2.091187       1.000000     541.499386       0.000000            0
        96        48.0000       1       1       5.771733       4.458954      10.230687       2.616357       2.294880       1.000000     541.499386       0.000000            0
        97        48.5000       1       1       5.398056       4.837006      10.235061       2.616356       2.412658       1.000000     541.499386       0.000000            0
        98        49.0000       1       1       5.143537       5.091531      10.235068       2.616356       2.474352       1.000000     541.499386       0.000000            0
        99        49.5000       1       1       5.016331       5.217756      10.234087       2.616356       2.526328       1.000000     541.499386       0.000000            0
       100        50.0000       1       1       5.007014       5.227098      10.234112       2.616356       2.598063       1.000000     541.499386       0.000000            1
# Jump frustrated.
       101        50.5000       1       1       5.112609       5.122049      10.234658       2.616355       2.692098       1.000000     541.499386       0.000000            0
# Jump frustrated.
       102        51.0000       1       1       5.337930       4.896796      10.234726       2.616355       2.789899       1.000000     541.499386       0.000000            0
# Jump frustrated.
       103        51.5000       1       1       5.682301       4.551547      10.233847       2.616354       2.862340       1.000000     541.499386       0.000000            0
       104        52.0000       1       1       6.132700       4.098550      10.231250       2.616354       2.852220       1.000000     541.499386       0.000000            0
       105        52.5000       1       1       6.659062       3.568738      10.227800       2.616353       2.766997       1.000000     541.499386       0.000000            0
# Jump frustrated.
       106        53.0000       1       1       7.211776       3.009446      10.221222       2.616353       2.624646       1.000000     541.499386       0.000000            0
# Jump frustrated.
       107        53.5000       1       1       7.716423       2.498527      10.214950       2.616354       2.377846       1.000000     541.499386       0.000000            1
# Jump frustrated.
       108        54.0000       1       1       8.085388       2.124005      10.209393       2.616354       2.169790       1.000000     541.499386       0.000000            0
       109        54.5000       1       1       8.213503       1.977850      10.191353       2.616354       2.224989       1.000000     541.499386       0.000000            0
# Jump frustrated.
       110        55.0000       1       1       7.971699       2.217428      10.189128       2.616354       2.981469       1.000000     541.499386       0.000000            0
       111        55.5000       1       1       7.375972       2.826753      10.202725       2.616355       4.212970       1.000000     541.499386       0.000000            0
# Jump frustrated.
       112        56.0000       1       1       6.702461       3.533030      10.235491       2.616354       5.679427       1.000000     541.499386       0.000000            0
# Jump frustrated.
       113        56.5000       1       1       6.458823       3.798974      10.257796       2.616354       6.284750       1.000000     541.499386       0.000000            1
       114        57.0000       1       1       6.909471       3.313382      10.222854       2.616354       5.278925       1.000000     541.499386       0.000000            0
# Jump frustrated.
       115        57.5000       1       1       7.599289       2.581570      10.180859       2.616354       3.180717       1.000000     541.499386       0.000000            0
       116        58.0000       1       1       7.902394       2.279918      10.182312       2.616354       1.990004       1.000000     541.499386       0.000000            0
# Jump frustrated.
       117        58.5000       1       1       7.682526       2.517627      10.200153       2.616355       2.201952       1.000000     541.499386       0.000000            0
# Jump frustrated.
       118        59.0000       1       1       7.115326       3.100170      10.215496       2.616354       2.613111       1.000000     541.499386       0.000000            0
       119        59.5000       1       1       6.403408       3.821395      10.224803       2.616354       2.852453       1.000000     541.499386       0.000000            0
# Jump frustrated.
       120        60.0000       1       1       5.684379       4.549056      10.233435       2.616355       2.956228       1.000000     541.499386       0.000000            1
# Jump frustrated.
       121        60.5000       1       1       5.049242       5.186200      10.235442       2.616354       2.932615       1.000000     541.499386       0.000000            0
# Jump frustrated.
       122        61.0000       1       1       4.544255       5.692967      10.237222       2.616354       2.953984       1.000000     541.499386       0.000000            0
       123        61.5000       1       1       4.195589       6.043822      10.239411       2.616354       3.004629       1.000000     541.499386       0.000000            0
# Jump frustrated.
       124        62.0000       1       1       4.030174       6.210114      10.240288       2.616354       2.988675       1.000000     541.499386       0.000000            0
# Jump frustrated.
       125        62.5000       1       1       4.054856       6.182918      10.237774       2.616354       2.834269       1.000000     541.499386       0.000000            0
# Jump frustrated.
       126        63.0000       1       1       4.231184       6.000847      10.232031       2.616354       2.536729       1.000000     541.499386       0.000000            1
       127        63.5000       1       1       4.472112       5.752342      10.224454       2.616354       2.199882       1.000000     541.499386       0.000000            0
# Jump frustrated.
       128        64.0000       1       1       4.669802       5.548473      10.218275       2.616354       2.010802       1.000000     541.499386       0.000000            0
# Jump frustrated.
       129        64.5000       1       1       4.736667       5.477887      10.214553       2.616354       2.137493       1.000000     541.499386       0.000000            0
# Jump frustrated.
       130        65.0000       1       1       4.638838       5.578991      10.217829       2.616354       2.574247       1.000000     541.499386       0.000000            1
# Jump frustrated.
       131        65.5000       1       1       4.440752       5.785767      10.226519       2.616354       3.085926       1.000000     541.499386       0.000000            0
       132        66.0000       1       1       4.278508       5.957042      10.235550       2.616354       3.554091       1.000000     541.499386       0.000000            0
# Jump frustrated.
       133        66.5000       1       1       4.296277       5.946662      10.242939       2.616353       3.938853       1.000000     541.499386       0.000000            0
       134        67.0000       1       1       4.593797       5.647293      10.241090       2.616353       4.081551       1.000000     541.499386       0.000000            0
       135        67.5000       1       1       5.143632       5.085303      10.228935       2.616354       3.908922       1.000000     541.499386       0.000000            0
       136        68.0000       1       1       5.783319       4.431550      10.214870       2.616354       3.538157       1.000000     541.499386       0.000000            1
# Jump frustrated.
       137        68.5000       1       1       6.328959       3.881601      10.210560       2.616354       3.253390       1.000000     541.499386       0.000000            0
# Jump frustrated.
       138        69.0000       1       1       6.682661       3.526179      10.208840       2.616354       3.161220       1.000000     541.499386       0.000000            0
       139        69.5000       1       1       6.803290       3.399331      10.202622       2.616354       3.129901       1.000000     541.499386       0.000000            0
# Jump frustrated.
       140        70.0000       1       1       6.627582       3.567492      10.195075       2.616354       3.345132       1.000000     541.499386       0.000000            0
       141        70.5000       1       1       6.148179       4.058482      10.206660       2.616354       4.436837       1.000000     541.499386       0.000000            0
# Jump frustrated.
       142        71.0000       1       1       5.676568       4.572100      10.248668       2.616354       5.865995       1.000000     541.499386       0.000000            0
       143        71.5000       1       1       5.748520       4.508572      10.257092       2.616354       6.246470       1.000000     541.499386       0.000000            1
# Jump frustrated.
       144        72.0000       1       1       6.479222       3.739183      10.218405       2.616353       5.280532       1.000000     541.499386       0.000000            0
# Jump frustrated.
       145        72.5000       1       1       7.378032       2.813881      10.191913       2.616353       3.705456       1.000000     541.499386       0.000000            0
       146        73.0000       1       1       7.975364       2.217428      10.192792       2.616353       2.750810       1.000000     541.499386       0.000000            0
# Jump frustrated.
       147        73.5000       1       1       8.196615       2.006915      10.203530       2.616352       2.369680       1.000000     541.499386       0.000000            0
# Jump frustrated.
       148        74.0000       1       1       8.135167       2.074802      10.209970       2.616352       2.187456       1.000000     541.499386       0.000000            0
# Jump frustrated.
       149        74.5000       1       1       7.863965       2.342822      10.206787       2.616352       2.131588       1.000000     541.499386       0.000000            0
       150        75.0000       1       1       7.381947       2.824677      10.206624       2.616352       2.461467       1.000000     541.499386       0.000000            1
# Jump frustrated.
       151        75.5000       1       1       6.731537       3.488394      10.219932       2.616353       3.156533       1.000000     541.499386       0.000000            0
# Jump frustrated.
       152        76.0000       1       1       6.098447       4.140279      10.238726       2.616353       3.869188       1.000000     541.499386       0.000000            0
       153        76.5000       1       1       5.724439       4.525804      10.250243       2.616352       4.321460       1.000000     541.499386       0.000000            0
       154        77.0000       1       1       5.763323       4.482829      10.246152       2.616350       4.284480       1.000000     541.499386       0.000000            0
# Jump frustrated.
       155        77.5000       1       1       6.163436       4.067616      10.231052       2.616351       3.898163       1.000000     541.499386       0.000000            0
       156        78.0000       1       1       6.714715       3.501266      10.215981       2.616351       3.451716       1.000000     541.499386       0.000000            1
# Jump frustrated.
       157        78.5000       1       1       7.196247       3.009446      10.205693       2.616351       3.171839       1.000000     541.499386       0.000000            0
       158        79.0000       1       1       7.449786       2.753675      10.203461       2.616351       3.131478       1.000000     541.499386       0.000000            0
# Jump frustrated.
       159        79.5000       1       1       7.421543       2.785232      10.206775       2.616351       3.205946       1.000000     541.499386       0.000000            0
# Jump frustrated.
       160        80.0000       1       1       7.096831       3.099132      10.195964       2.616351       3.331123       1.000000     541.499386       0.000000            0
# Jump frustrated.
       161        80.5000       1       1       6.411860       3.784026      10.195886       2.616352       3.967955       1.000000     541.499386       0.000000            0
       162        81.0000       1       1       5.491180       4.741507      10.232687       2.616351       5.207598       1.000000     541.499386       0.000000            0
# Jump frustrated.
       163        81.5000       1       1       4.857409       5.412491      10.269900       2.616350       6.094328       1.000000     541.499386       0.000000            0
# Jump frustrated.
       164        82.0000       1       1       4.964378       5.289380      10.253758       2.616349       5.757421       1.000000     541.499386       0.000000            0
       165        82.5000       1       1       5.616375       4.593276      10.209651       2.616349       4.311517       1.000000     541.499386       0.000000            1
       166        83.0000       1       1       6.231341       3.961737      10.193078       2.616348       2.864352       1.000000     541.499386       0.000000            0
# Jump frustrated.
       167        83.5000       1       1       6.485480       3.716969      10.202449       2.616348       2.452659       1.000000     541.499386       0.000000            0
       168        84.0000       1       1       6.414023       3.799804      10.213827       2.616347       2.714553       1.000000     541.499386       0.000000            0
# Jump frustrated.
       169        84.5000       1       1       6.141817       4.076959      10.218776       2.616347       3.061276       1.000000     541.499386       0.000000            0
# Jump frustrated.
       170        85.0000       1       1       5.740428       4.477639      10.218067       2.616347       3.352507       1.000000     541.499386       0.000000            0
# Jump frustrated.
       171        85.5000       1       1       5.216155       4.999977      10.216131       2.616347       3.650717       1.000000     541.499386       0.000000            0
# Jump frustrated.
       172        86.0000       1       1       4.577782       5.644179      10.221962       2.616347       4.050289       1.000000     541.499386       0.000000            1
       173        86.5000       1       1       3.934758       6.301669      10.236427       2.616347       4.603070       1.000000     541.499386       0.000000            0
       174        87.0000       1       1       3.511737       6.739303      10.251040       2.616347       5.060214       1.000000     541.499386       0.000000            0
# Jump frustrated.
       175        87.5000       1       1       3.526269       6.728508      10.254777       2.616346       5.216946       1.000000     541.499386       0.000000            0
# Jump frustrated.
       176        88.0000       1       1       4.028476       6.215720      10.244195       2.616346       5.062191       1.000000     541.499386       0.000000            0
# Jump frustrated.
       177        88.5000       1       1       4.864014       5.365779      10.229793       2.616346       4.782540       1.000000     541.499386       0.000000            0
# Jump frustrated.
       178        89.0000       1       1       5.795166       4.421793      10.216959       2.616347       4.577834       1.000000     541.499386       0.000000            0
# Jump frustrated.
       179        89.5000       1       1       6.634100       3.581195      10.215295       2.616348       4.394840       1.000000     541.499386       0.000000            0
# Jump frustrated.
       180        90.0000       1       1       7.309029       2.906058      10.215087       2.616348       4.172376       1.000000     541.499386       0.000000            1
# Jump frustrated.
       181        90.5000       1       1       7.807904       2.403651      10.211555       2.616348       3.713537       1.000000     541.499386       0.000000            0
# Jump frustrated.
       182        91.0000       1       1       8.078022       2.126496      10.204519       2.616349       3.229417       1.000000     541.499386       0.000000            0
       183        91.5000       1       1       8.062411       2.142897      10.205309       2.616350       3.106985       1.000000     541.499386       0.000000            0
       184        92.0000       1       1       7.807853       2.410294      10.218147       2.616350       3.546000       1.000000     541.499386       0.000000            0
# Jump frustrated.
       185        92.5000       1       1       7.513193       2.722327      10.235520       2.616351       4.030661       1.000000     541.499386       0.000000            0
# Jump frustrated.
       186        93.0000       1       1       7.402308       2.838379      10.240687       2.616352       4.175541       1.000000     541.499386       0.000000            0
       187        93.5000       1       1       7.552139       2.678314      10.230453       2.616352       3.968005       1.000000     541.499386       0.000000            1
       188        94.0000       1       1       7.821279       2.395139      10.216418       2.616353       3.452329       1.000000     541.499386       0.000000            0
       189        94.5000       1       1       7.983412       2.220750      10.204162       2.616353       2.921173       1.000000     541.499386       0.000000            0
# Jump frustrated.
       190        95.0000       1       1       7.872069       2.327667      10.199736       2.616352       2.773910       1.000000     541.499386       0.000000            0
# Jump frustrated.
       191        95.5000       1       1       7.421437       2.783986      10.205423       2.616352       3.194831       1.000000     541.499386       0.000000            0
# Jump frustrated.
       192        96.0000       1       1       6.744055       3.476353      10.220408       2.616352       3.744690       1.000000     541.499386       0.000000            0
       193        96.5000       1       1       6.018685       4.208581      10.227266       2.616353       4.103358       1.000000     541.499386       0.000000            0
# Jump frustrated.
       194        97.0000       1       1       5.372316       4.858804      10.231120       2.616352       4.277312       1.000000     541.499386       0.000000            1
# Jump frustrated.
       195        97.5000       1       1       4.870933       5.361004      10.231937       2.616351       4.321196       1.000000     541.499386       0.000000            0
       196        98.0000       1       1       4.527596       5.702724      10.230320       2.616350       4.249954       1.000000     541.499386       0.000000            0
# Jump frustrated.
       197        98.5000       1       1       4.341755       5.892061      10.233817       2.616349       4.308363       1.000000     541.499386       0.000000            0
# Jump frustrated.
       198        99.0000       1       1       4.359922       5.879605      10.239527       2.616349       4.434995       1.000000     541.499386       0.000000            0
# Jump frustrated.
       199        99.5000       1       1       4.644109       5.594561      10.238671       2.616348       4.355424       1.000000     541.499386       0.000000            0
# Jump frustrated.
       200       100.0000       1       1       5.174984       5.056030      10.231015       2.616347       4.048679       1.000000     541.499386       0.000000            1
       201       100.5000       1       1       5.831951       4.386292      10.218243       2.616348       3.587915       1.000000     541.499386       0.000000            0
# Jump frustrated.
       202       101.0000       1       1       6.450140       3.756207      10.206346       2.616348       3.138035       1.000000     541.499386       0.000000            0
       203       101.5000       1       1       6.885539       3.315043      10.200582       2.616348       2.766196       1.000000     541.499386       0.000000            0
       204       102.0000       1       1       7.038654       3.157885      10.196539       2.616347       2.587536       1.000000     541.499386       0.000000            0
# Jump frustrated.
       205       102.5000       1       1       6.843496       3.353035      10.196531       2.616348       2.777194       1.000000     541.499386       0.000000            0
# Jump frustrated.
       206       103.0000       1       1       6.364668       3.849837      10.214505       2.616348       3.373156       1.000000     541.499386       0.000000            1
# Jump frustrated.
       207       103.5000       1       1       5.859879       4.374666      10.234545       2.616348       3.906892       1.000000     541.499386       0.000000            0
# Jump frustrated.
       208       104.0000       1       1       5.596401       4.641648      10.238049       2.616348       3.903986       1.000000     541.499386       0.000000            0
       209       104.5000       1       1       5.625685       4.597428      10.223113       2.616348       3.335393       1.000000     541.499386       0.000000            0
# Jump frustrated.
       210       105.0000       1       1       5.769766       4.440893      10.210658       2.616348       2.841242       1.000000     541.499386       0.000000            0
# Jump frustrated.
       211       105.5000       1       1       5.841347       4.366777      10.208124       2.616348       2.926750       1.000000     541.499386       0.000000            0
       212       106.0000       1       1       5.772479       4.438401      10.210881       2.616348       3.438968       1.000000     541.499386       0.000000            1
# Jump frustrated.
       213       106.5000       1       1       5.592837       4.623586      10.216423       2.616348       4.038559       1.000000     541.499386       0.000000            0
# Jump frustrated.
       214       107.0000       1       1       5.383840       4.838874      10.222714       2.616348       4.478579       1.000000     541.499386       0.000000            0
# Jump frustrated.
       215       107.5000       1       1       5.233889       4.991672      10.225561       2.616348       4.631561       1.000000     541.499386       0.000000            0
# Jump frustrated.
       216       108.0000       1       1       5.189797       5.036515      10.226312       2.616347       4.618881       1.000000     541.499386       0.000000            0
# Jump frustrated.
       217       108.5000       1       1       5.271881       4.957002      10.228883       2.616346       4.587779       1.000000     541.499386       0.000000            0
# Jump frustrated.
       218       109.0000       1       1       5.518951       4.714518      10.233469       2.616347       4.603916       1.000000     541.499386       0.000000            0
# Jump frustrated.
       219       109.5000       1       1       5.978318       4.254462      10.232781       2.616347       4.560396       1.000000     541.499386       0.000000            1
# Jump frustrated.
       220       110.0000       1       1       6.627852       3.595312      10.223163       2.616347       4.289060       1.000000     541.499386       0.000000            0
# Jump frustrated.
       221       110.5000       1       1       7.349126       2.864745      10.213871       2.616347       3.966835       1.000000     541.499386       0.000000            0
# Jump frustrated.
       222       111.0000       1       1       8.008657       2.198951      10.207608       2.616347       3.576808       1.000000     541.499386       0.000000            0
       223       111.5000       1       1       8.518764       1.686994      10.205757       2.616347       3.229631       1.000000     541.499386       0.000000            0
       224       112.0000       1       1       8.840819       1.362090      10.202908       2.616347       2.885060       1.000000     541.499386       0.000000            0
       225       112.5000       1       1       8.933129       1.264515      10.197643       2.616347       2.444701       1.000000     541.499386       0.000000            0
# Jump frustrated.
       226       113.0000       1       1       8.738549       1.457796      10.196346       2.616347       2.262535       1.000000     541.499386       0.000000            1
# Jump frustrated.
       227       113.5000       1       1       8.238246       1.962072      10.200318       2.616347       2.710936       1.000000     541.499386       0.000000            0
# Jump frustrated.
       228       114.0000       1       1       7.490770       2.718798      10.209567       2.616348       3.555152       1.000000     541.499386       0.000000            0
       229       114.5000       1       1       6.633223       3.588668      10.221891       2.616349       4.418107       1.000000     541.499386       0.000000            0
       230       115.0000       1       1       5.864237       4.369061      10.233298       2.616348       4.791356       1.000000     541.499386       0.000000            0
# Jump frustrated.
       231       115.5000       1       1       5.306456       4.925861      10.232317       2.616348       4.861006       1.000000     541.499386       0.000000            0
       232       116.0000       1       1       4.954875       5.275055      10.229930       2.616347       4.900685       1.000000     541.499386       0.000000            0
# Jump frustrated.
       233       116.5000       1       1       4.763500       5.462524      10.226024       2.616347       4.848439       1.000000     541.499386       0.000000            0
       234       117.0000       1       1       4.680649       5.542452      10.223101       2.616347       4.710809       1.000000     541.499386       0.000000            1
# Jump frustrated.
       235       117.5000       1       1       4.663603       5.557607      10.221210       2.616348       4.477659       1.000000     541.499386       0.000000            0
# Jump frustrated.
       236       118.0000       1       1       4.676440       5.542037      10.218477       2.616347       4.139895       1.000000     541.499386       0.000000            0
# Jump frustrated.
       237       118.5000       1       1       4.664061       5.546604      10.210666       2.616347       3.752412       1.000000     541.499386       0.000000            0
       238       119.0000       1       1       4.541743       5.664317      10.206060       2.616347       3.596578       1.000000     541.499386       0.000000            0
       239       119.5000       1       1       4.283352       5.930469      10.213820       2.616347       4.095150       1.000000     541.499386       0.000000            0
       240       120.0000       1       1       4.060310       6.177728      10.238038       2.616348       5.011754       1.000000     541.499386       0.000000            0
# Jump frustrated.
       241       120.5000       1       1       4.207605       6.040085      10.247690       2.616347       5.277213       1.000000     541.499386       0.000000            1
       242       121.0000       1       1       4.842237       5.383218      10.225455       2.616348       4.452607       1.000000     541.499386       0.000000            0
# Jump frustrated.
       243       121.5000       1       1       5.675537       4.526634      10.202172       2.616348       3.190905       1.000000     541.499386       0.000000            0
       244       122.0000       1       1       6.355060       3.842363      10.197423       2.616348       2.285682       1.000000     541.499386       0.000000            0
# Jump frustrated.
       245       122.5000       1       1       6.754721       3.450610      10.205331       2.616348       2.069664       1.000000     541.499386       0.000000            0
# Jump frustrated.
       246       123.0000       1       1       6.926645       3.284525      10.211170       2.616348       2.208387       1.000000     541.499386       0.000000            0
# Jump frustrated.
       247       123.5000       1       1       6.945846       3.269577      10.215423       2.616348       2.504122       1.000000     541.499386       0.000000            0
# Jump frustrated.
       248       124.0000       1       1       6.872324       3.346599      10.218924       2.616348       2.827384       1.000000     541.499386       0.000000            0
# Jump frustrated.
       249       124.5000       1       1       6.750962       3.469087      10.220049       2.616348       3.103483       1.000000     541.499386       0.000000            1
# Jump frustrated.
       250       125.0000       1       1       6.596338       3.621678      10.218016       2.616348       3.344160       1.000000     541.499386       0.000000            0
       251       125.5000       1       1       6.390724       3.825547      10.216271       2.616347       3.609325       1.000000     541.499386       0.000000            0
# Jump frustrated.
       252       126.0000       1       1       6.118667       4.098757      10.217425       2.616347       3.934946       1.000000     541.499386       0.000000            0
# Jump frustrated.
       253       126.5000       1       1       5.800188       4.420755      10.220943       2.616346       4.280537       1.000000     541.499386       0.000000            0
# Jump frustrated.
       254       127.0000       1       1       5.496835       4.729881      10.226716       2.616345       4.591322       1.000000     541.499386       0.000000            0
# Jump frustrated.
       255       127.5000       1       1       5.303323       4.930013      10.233336       2.616346       4.793678       1.000000     541.499386       0.000000            0
# Jump frustrated.
       256       128.0000       1       1       5.310490       4.924823      10.235313       2.616347       4.792805       1.000000     541.499386       0.000000            1
# Jump frustrated.
       257       128.5000       1       1       5.547957       4.683169      10.231126       2.616347       4.550268       1.000000     541.499386       0.000000            0
# Jump frustrated.
       258       129.0000       1       1       5.954216       4.268372      10.222587       2.616348       4.050905       1.000000     541.499386       0.000000            0
# Jump frustrated.
       259       129.5000       1       1       6.406659       3.807278      10.213936       2.616348       3.488245       1.000000     541.499386       0.000000            0
# Jump frustrated.
       260       130.0000       1       1       6.782049       3.426113      10.208162       2.616349       2.994578       1.000000     541.499386       0.000000            0
# Jump frustrated.
       261       130.5000       1       1       6.991512       3.217053      10.208565       2.616350       2.859564       1.000000     541.499386       0.000000            1
# Jump frustrated.
       262       131.0000       1       1       7.033056       3.184874      10.217930       2.616350       3.375714       1.000000     541.499386       0.000000            0
# Jump frustrated.
       263       131.5000       1       1       7.005273       3.217260      10.222534       2.616350       4.206889       1.000000     541.499386       0.000000            0
       264       132.0000       1       1       7.059778       3.174909      10.234687       2.616350       4.634605       1.000000     541.499386       0.000000            0
# Jump frustrated.
       265       132.5000       1       1       7.301140       2.928688      10.229828       2.616350       4.423735       1.000000     541.499386       0.000000            0
# Jump frustrated.
       266       133.0000       1       1       7.656922       2.558733      10.215655       2.616351       3.828306       1.000000     541.499386       0.000000            0
       267       133.5000       1       1       7.936891       2.272859      10.209750       2.616351       3.188921       1.000000     541.499386       0.000000            1
       268       134.0000       1       1       8.007272       2.200820      10.208091       2.616351       2.798259       1.000000     541.499386       0.000000            0
       269       134.5000       1       1       7.835368       2.375624      10.210992       2.616351       2.652308       1.000000     541.499386       0.000000            0
# Jump frustrated.
       270       135.0000       1       1       7.449725       2.764886      10.214611       2.616351       2.710467       1.000000     541.499386       0.000000            0
# Jump frustrated.
       271       135.5000       1       1       6.905954       3.313382      10.219336       2.616351       2.911873       1.000000     541.499386       0.000000            0
       272       136.0000       1       1       6.263724       3.957793      10.221516       2.616351       3.217452       1.000000     541.499386       0.000000            0
       273       136.5000       1       1       5.579397       4.646631      10.226028       2.616351       3.603139       1.000000     541.499386       0.000000            1
# Jump frustrated.
       274       137.0000       1       1       4.921188       5.310348      10.231537       2.616351       4.027953       1.000000     541.499386       0.000000            0
# Jump frustrated.
       275       137.5000       1       1       4.374711       5.863412      10.238122       2.616351       4.451081       1.000000     541.499386       0.000000            0
# Jump frustrated.
       276       138.0000       1       1       4.033017       6.209284      10.242301       2.616352       4.705362       1.000000     541.499386       0.000000            0
# Jump frustrated.
       277       138.5000       1       1       3.956826       6.284437      10.241263       2.616352       4.694764       1.000000     541.499386       0.000000            0
# Jump frustrated.
       278       139.0000       1       1       4.134099       6.102159      10.236258       2.616353       4.458705       1.000000     541.499386       0.000000            1
# Jump frustrated.
       279       139.5000       1       1       4.494562       5.736357      10.230919       2.616352       4.128129       1.000000     541.499386       0.000000            0
# Jump frustrated.
       280       140.0000       1       1       4.951417       5.272979      10.224396       2.616351       3.794620       1.000000     541.499386       0.000000            0
# Jump frustrated.
       281       140.5000       1       1       5.411898       4.805034      10.216932       2.616351       3.475009       1.000000     541.499386       0.000000            0
# Jump frustrated.
       282       141.0000       1       1       5.768068       4.440062      10.208130       2.616351       3.196344       1.000000     541.499386       0.000000            0
       283       141.5000       1       1       5.919987       4.284980      10.204967       2.616351       3.154809       1.000000     541.499386       0.000000            0
# Jump frustrated.
       284       142.0000       1       1       5.845019       4.365947      10.210966       2.616350       3.528719       1.000000     541.499386       0.000000            0
# Jump frustrated.
       285       142.5000       1       1       5.652481       4.570439      10.222920       2.616349       4.099714       1.000000     541.499386       0.000000            0
# Jump frustrated.
       286       143.0000       1       1       5.534891       4.699778      10.234668       2.616348       4.661930       1.000000     541.499386       0.000000            1
# Jump frustrated.
       287       143.5000       1       1       5.699056       4.543865      10.242921       2.616349       4.886141       1.000000     541.499386       0.000000            0
# Jump frustrated.
       288       144.0000       1       1       6.229967       3.997445      10.227413       2.616350       4.347146       1.000000     541.499386       0.000000            0
# Jump frustrated.
       289       144.5000       1       1       6.909235       3.291584      10.200818       2.616350       3.199235       1.000000     541.499386       0.000000            0
       290       145.0000       1       1       7.379075       2.813466      10.192541       2.616349       2.567083       1.000000     541.499386       0.000000            0
# Jump frustrated.
       291       145.5000       1       1       7.470111       2.728140      10.198251       2.616349       2.932654       1.000000     541.499386       0.000000            0
# Jump frustrated.
       292       146.0000       1       1       7.230605       2.979759      10.210363       2.616349       3.675185       1.000000     541.499386       0.000000            0
# Jump frustrated.
       293       146.5000       1       1       6.801101       3.417393      10.218494       2.616349       4.331260       1.000000     541.499386       0.000000            1
# Jump frustrated.
       294       147.0000       1       1       6.302115       3.918970      10.221085       2.616348       4.786652       1.000000     541.499386       0.000000            0
       295       147.5000       1       1       5.804643       4.420755      10.225398       2.616348       5.213379       1.000000     541.499386       0.000000            0
# Jump frustrated.
       296       148.0000       1       1       5.385719       4.847801      10.233520       2.616347       5.594633       1.000000     541.499386       0.000000            0
       297       148.5000       1       1       5.169075       5.073885      10.242960       2.616347       5.791720       1.000000     541.499386       0.000000            0
# Jump frustrated.
       298       149.0000       1       1       5.268624       4.974441      10.243065       2.616346       5.666018       1.000000     541.499386       0.000000            0
# Jump frustrated.
       299       149.5000       1       1       5.684788       4.550301      10.235089       2.616345       5.326411       1.000000     541.499386       0.000000            1
# Jump frustrated.
       300       150.0000       1       1       6.300004       3.922915      10.222918       2.616343       4.832800       1.000000     541.499386       0.000000            0
# Jump frustrated.
       301       150.5000       1       1       6.942866       3.274767      10.217633       2.616342       4.139792       1.000000     541.499386       0.000000            0
# Jump frustrated.
       302       151.0000       1       1       7.483940       2.730008      10.213948       2.616343       3.570004       1.000000     541.499386       0.000000            0
# Jump frustrated.
       303       151.5000       1       1       7.859205       2.353203      10.212407       2.616344       2.967716       1.000000     541.499386       0.000000            0
       304       152.0000       1       1       8.016573       2.192515      10.209089       2.616343       2.660995       1.000000     541.499386       0.000000            0
# Jump frustrated.
       305       152.5000       1       1       7.924241       2.284277      10.208518       2.616342       2.859342       1.000000     541.499386       0.000000            0
# Jump frustrated.
       306       153.0000       1       1       7.590632       2.621638      10.212270       2.616342       3.527258       1.000000     541.499386       0.000000            1
       307       153.5000       1       1       7.076046       3.137540      10.213585       2.616342       4.300246       1.000000     541.499386       0.000000            0
# Jump frustrated.
       308       154.0000       1       1       6.444606       3.767625      10.212231       2.616342       5.034776       1.000000     541.499386       0.000000            0
# Jump frustrated.
       309       154.5000       1       1       5.780692       4.445460      10.226152       2.616341       5.988758       1.000000     541.499386       0.000000            0
# Jump frustrated.
       310       155.0000       1       1       5.353324       4.897834      10.251158       2.616339       6.723483       1.000000     541.499386       0.000000            0
# Jump frustrated.
       311       155.5000       1       1       5.449122       4.792785      10.241907       2.616340       6.455419       1.000000     541.499386       0.000000            0
       312       156.0000       1       1       5.921204       4.284150      10.205354       2.616341       5.174719       1.000000     541.499386       0.000000            0
# Jump frustrated.
       313       156.5000       1       1       6.290379       3.904022      10.194401       2.616341       3.931659       1.000000     541.499386       0.000000            1
# Jump frustrated.
       314       157.0000       1       1       6.293497       3.910666      10.204162       2.616341       3.553644       1.000000     541.499386       0.000000            0
# Jump frustrated.
       315       157.5000       1       1       5.984322       4.230587      10.214909       2.616341       3.726455       1.000000     541.499386       0.000000            0
       316       158.0000       1       1       5.503418       4.722407      10.225824       2.616341       4.207361       1.000000     541.499386       0.000000            0
# Jump frustrated.
       317       158.5000       1       1       5.022315       5.215680      10.237994       2.616341       4.675728       1.000000     541.499386       0.000000            0
# Jump frustrated.
       318       159.0000       1       1       4.715498       5.528543      10.244041       2.616341       4.803585       1.000000     541.499386       0.000000            0
       319       159.5000       1       1       4.665764       5.574008      10.239772       2.616340       4.491734       1.000000     541.499386       0.000000            0
# Jump frustrated.
       320       160.0000       1       1       4.817700       5.413321      10.231021       2.616339       3.918105       1.000000     541.499386       0.000000            1
# Jump frustrated.
       321       160.5000       1       1       5.050463       5.175196      10.225659       2.616339       3.389991       1.000000     541.499386       0.000000            0
# Jump frustrated.
       322       161.0000       1       1       5.275550       4.948698      10.224247       2.616339       3.080474       1.000000     541.499386       0.000000            0
# Jump frustrated.
       323       161.5000       1       1       5.467129       4.759361      10.226490       2.616339       3.017346       1.000000     541.499386       0.000000            0
       324       162.0000       1       1       5.651608       4.578743      10.230351       2.616339       3.115494       1.000000     541.499386       0.000000            0
# Jump frustrated.
       325       162.5000       1       1       5.876377       4.355774      10.232151       2.616339       3.184825       1.000000     541.499386       0.000000            0
       326       163.0000       1       1       6.165968       4.064295      10.230263       2.616339       3.108410       1.000000     541.499386       0.000000            1
# Jump frustrated.
       327       163.5000       1       1       6.494681       3.729633      10.224314       2.616338       2.886561       1.000000     541.499386       0.000000            0
# Jump frustrated.
       328       164.0000       1       1       6.783798       3.431926      10.215724       2.616337       2.594342       1.000000     541.499386       0.000000            0
# Jump frustrated.
       329       164.5000       1       1       6.913254       3.290338      10.203592       2.616336       2.525705       1.000000     541.499386       0.000000            0
       330       165.0000       1       1       6.758151       3.441268      10.199419       2.616337       3.261305       1.000000     541.499386       0.000000            0
# Jump frustrated.
       331       165.5000       1       1       6.342806       3.877034      10.219840       2.616339       4.748774       1.000000     541.499386       0.000000            0
# Jump frustrated.
       332       166.0000       1       1       6.015155       4.236608      10.251763       2.616341       5.918496       1.000000     541.499386       0.000000            1
# Jump frustrated.
       333       166.5000       1       1       6.176977       4.071768      10.248746       2.616342       5.862618       1.000000     541.499386       0.000000            0
# Jump frustrated.
       334       167.0000       1       1       6.770600       3.446666      10.217265       2.616343       4.798663       1.000000     541.499386       0.000000            0
# Jump frustrated.
       335       167.5000       1       1       7.351775       2.840455      10.192230       2.616343       3.870887       1.000000     541.499386       0.000000            0
# Jump frustrated.
       336       168.0000       1       1       7.581184       2.612295      10.193479       2.616343       3.889682       1.000000     541.499386       0.000000            0
# Jump frustrated.
       337       168.5000       1       1       7.427053       2.781287      10.208340       2.616343       4.427460       1.000000     541.499386       0.000000            0
       338       169.0000       1       1       7.068774       3.159338      10.228112       2.616343       5.006880       1.000000     541.499386       0.000000            0
       339       169.5000       1       1       6.766633       3.474485      10.241118       2.616343       5.290692       1.000000     541.499386       0.000000            0
# Jump frustrated.
       340       170.0000       1       1       6.681975       3.552960      10.234935       2.616343       5.129294       1.000000     541.499386       0.000000            0
# Jump frustrated.
       341       170.5000       1       1       6.749973       3.470748      10.220721       2.616343       4.640199       1.000000     541.499386       0.000000            1
       342       171.0000       1       1       6.793986       3.420300      10.214285       2.616343       4.083769       1.000000     541.499386       0.000000            0
# Jump frustrated.
       343       171.5000       1       1       6.705213       3.509778      10.214991       2.616343       3.610697       1.000000     541.499386       0.000000            0
# Jump frustrated.
       344       172.0000       1       1       6.474444       3.743750      10.218194       2.616343       3.244274       1.000000     541.499386       0.000000            0
# Jump frustrated.
       345       172.5000       1       1       6.137995       4.083602      10.221597       2.616343       3.023993       1.000000     541.499386       0.000000            0
# Jump frustrated.
       346       173.0000       1       1       5.741246       4.483037      10.224283       2.616342       3.017172       1.000000     541.499386       0.000000            0
# Jump frustrated.
       347       173.5000       1       1       5.336619       4.892852      10.229470       2.616341       3.316198       1.000000     541.499386       0.000000            1
       348       174.0000       1       1       5.005307       5.230627      10.235934       2.616341       3.775424       1.000000     541.499386       0.000000            0
# Jump frustrated.
       349       174.5000       1       1       4.842685       5.396505      10.239190       2.616341       4.139156       1.000000     541.499386       0.000000            0
# Jump frustrated.
       350       175.0000       1       1       4.896757       5.338998      10.235755       2.616340       4.250268       1.000000     541.499386       0.000000            0
# Jump frustrated.
       351       175.5000       1       1       5.123356       5.103572      10.226928       2.616340       4.124046       1.000000     541.499386       0.000000            0
       352       176.0000       1       1       5.408522       4.810640      10.219162       2.616340       3.939982       1.000000     541.499386       0.000000            0
# Jump frustrated.
       353       176.5000       1       1       5.656411       4.563796      10.220207       2.616340       3.971717       1.000000     541.499386       0.000000            1
# Jump frustrated.
       354       177.0000       1       1       5.877527       4.350169      10.227695       2.616341       4.234908       1.000000     541.499386       0.000000            0
# Jump frustrated.
       355       177.5000       1       1       6.145755       4.080073      10.225827       2.616341       4.298952       1.000000     541.499386       0.000000            0
# Jump frustrated.
       356       178.0000       1       1       6.435686       3.775929      10.211616       2.616341       4.024707       1.000000     541.499386       0.000000            0
# Jump frustrated.
       357       178.5000       1       1       6.561774       3.631228      10.193002       2.616341       3.886035       1.000000     541.499386       0.000000            0
       358       179.0000       1       1       6.330171       3.862709      10.192880       2.616341       4.685069       1.000000     541.499386       0.000000            0
# Jump frustrated.
       359       179.5000       1       1       5.831309       4.397710      10.229020       2.616340       6.203048       1.000000     541.499386       0.000000            0
       360       180.0000       1       1       5.562944       4.696664      10.259608       2.616340       6.938049       1.000000     541.499386       0.000000            1
       361       180.5000       1       1       5.882046       4.353283      10.235329       2.616339       6.217645       1.000000     541.499386       0.000000            0
# Jump frustrated.
       362       181.0000       1       1       6.506843       3.694132      10.200975       2.616336       4.624871       1.000000     541.499386       0.000000            0
       363       181.5000       1       1       6.956256       3.239474      10.195730       2.616335       3.446142       1.000000     541.499386       0.000000            0
       364       182.0000       1       1       7.068583       3.137332      10.205915       2.616335       3.110308       1.000000     541.499386       0.000000            0
# Jump frustrated.
       365       182.5000       1       1       6.927496       3.289923      10.217419       2.616334       3.258240       1.000000     541.499386       0.000000            0
# Jump frustrated.
       366       183.0000       1       1       6.673002       3.553375      10.226378       2.616334       3.501120       1.000000     541.499386       0.000000            0
       367       183.5000       1       1       6.424897       3.808524      10.233421       2.616334       3.644462       1.000000     541.499386       0.000000            0
# Jump frustrated.
       368       184.0000       1       1       6.262918       3.971495      10.234412       2.616335       3.533388       1.000000     541.499386       0.000000            1
       369       184.5000       1       1       6.197515       4.032946      10.230461       2.616335       3.227899       1.000000     541.499386       0.000000            0
       370       185.0000       1       1       6.173033       4.051838      10.224872       2.616335       2.791601       1.000000     541.499386       0.000000            0
# Jump frustrated.
       371       185.5000       1       1       6.107125       4.113497      10.220622       2.616334       2.422781       1.000000     541.499386       0.000000            0
       372       186.0000       1       1       5.946495       4.275846      10.222340       2.616334       2.392103       1.000000     541.499386       0.000000            0
# Jump frustrated.
       373       186.5000       1       1       5.711053       4.517707      10.228760       2.616334       2.665595       1.000000     541.499386       0.000000            0
# Jump frustrated.
       374       187.0000       1       1       5.479532       4.754794      10.234325       2.616332       2.948080       1.000000     541.499386       0.000000            0
# Jump frustrated.
       375       187.5000       1       1       5.324431       4.910498      10.234929       2.616331       3.122154       1.000000     541.499386       0.000000            0
       376       188.0000       1       1       5.263001       4.969251      10.232252       2.616329       3.281209       1.000000     541.499386       0.000000            1
# Jump frustrated.
       377       188.5000       1       1       5.270527       4.959286      10.229813       2.616327       3.547976       1.000000     541.499386       0.000000            0
       378       189.0000       1       1       5.319868       4.909253      10.229121       2.616327       3.901365       1.000000     541.499386       0.000000            0
# Jump frustrated.
       379       189.5000       1       1       5.405530       4.824757      10.230287       2.616328       4.248042       1.000000     541.499386       0.000000            0
# Jump frustrated.
       380       190.0000       1       1       5.544555       4.687529      10.232084       2.616328       4.491581       1.000000     541.499386       0.000000            0
# Jump frustrated.
       381       190.5000       1       1       5.757947       4.473902      10.231849       2.616328       4.570895       1.000000     541.499386       0.000000            0
       382       191.0000       1       1       6.044496       4.184499      10.228995       2.616329       4.469085       1.000000     541.499386       0.000000            1
# Jump frustrated.
       383       191.5000       1       1       6.367774       3.856273      10.224047       2.616328       4.199693       1.000000     541.499386       0.000000            0
# Jump frustrated.
       384       192.0000       1       1       6.657620       3.559396      10.217015       2.616327       3.704799       1.000000     541.499386       0.000000            0
# Jump frustrated.
       385       192.5000       1       1       6.821464       3.388536      10.210000       2.616327       3.089057       1.000000     541.499386       0.000000            0
       386       193.0000       1       1       6.773479       3.434209      10.207688       2.616328       2.564397       1.000000     541.499386       0.000000            0
# Jump frustrated.
       387       193.5000       1       1       6.502504       3.713855      10.216359       2.616327       2.529831       1.000000     541.499386       0.000000            0
       388       194.0000       1       1       6.123351       4.106023      10.229374       2.616327       2.973481       1.000000     541.499386       0.000000            1
# Jump frustrated.
       389       194.5000       1       1       5.815925       4.421170      10.237095       2.616327       3.322849       1.000000     541.499386       0.000000            0
# Jump frustrated.
       390       195.0000       1       1       5.680780       4.550509      10.231289       2.616327       3.269203       1.000000     541.499386       0.000000            0
# Jump frustrated.
       391       195.5000       1       1       5.660081       4.563588      10.223669       2.616327       3.202906       1.000000     541.499386       0.000000            0
# Jump frustrated.
       392       196.0000       1       1       5.653397       4.570231      10.223628       2.616327       3.479494       1.000000     541.499386       0.000000            0
       393       196.5000       1       1       5.643938       4.584556      10.228494       2.616327       3.927942       1.000000     541.499386       0.000000            0
# Jump frustrated.
       394       197.0000       1       1       5.676213       4.553623      10.229836       2.616327       4.207488       1.000000     541.499386       0.000000            1
# Jump frustrated.
       395       197.5000       1       1       5.760872       4.464975      10.225847       2.616329       4.175394       1.000000     541.499386       0.000000            0
# Jump frustrated.
       396       198.0000       1       1       5.845923       4.376327      10.222250       2.616329       3.962875       1.000000     541.499386       0.000000            0
       397       198.5000       1       1       5.875661       4.346432      10.222093       2.616328       3.774260       1.000000     541.499386       0.000000            0
# Jump frustrated.
       398       199.0000       1       1       5.839644       4.385254      10.224898       2.616330       3.688781       1.000000     541.499386       0.000000            0
       399       199.5000       1       1       5.769696       4.458539      10.228235       2.616331       3.703669       1.000000     541.499386       0.000000            0
# Jump frustrated.
       400       200.0000       1       1       5.710564       4.519783      10.230347       2.616332       3.751739       1.000000     541.499386       0.000000            0
