#===============================================================================================================================================================================
#     Step |         Time |         State |                                     Energy |      Angular |     Gradient |      Density |           Expectation Value |    Runtime |
#          |              |  diag |   MCH |          kin |          pot |          tot |     Momentum |          RMS |        Total |           DM |            S |            |
#          |         [fs] |       |       |         [eV] |         [eV] |         [eV] |       [hbar] |     [eV/Ang] |              |      [Debye] |              |      [sec] |
#===============================================================================================================================================================================
         0         0.0000       2       2       0.084559      10.197403      10.281962       0.000175       2.643486       1.000000     541.499386       0.000000            4
# Jump frustrated.
         1         0.5000       2       2       0.059340      10.223146      10.282486       0.000175       2.680855       1.000000     541.499386       0.000000            2
         2         1.0000       2       2       0.093263      10.189306      10.282569       0.000175       2.642083       1.000000     541.499386       0.000000            0
         3         1.5000       2       2       0.184573      10.096714      10.281286       0.000174       2.515383       1.000000     541.499386       0.000000            0
         4         2.0000       2       2       0.316258       9.963431      10.279689       0.000174       2.300870       1.000000     541.499386       0.000000            1
         5         2.5000       2       2       0.461770       9.816238      10.278007       0.000174       2.015367       1.000000     541.499386       0.000000            0
         6         3.0000       2       2       0.595227       9.681709      10.276935       0.000174       1.692724       1.000000     541.499386       0.000000            0
         7         3.5000       2       2       0.700682       9.576245      10.276927       0.000174       1.390902       1.000000     541.499386       0.000000            0
         8         4.0000       2       2       0.777355       9.500468      10.277823       0.000174       1.202566       1.000000     541.499386       0.000000            0
         9         4.5000       2       2       0.839702       9.439432      10.279134       0.000174       1.177977       1.000000     541.499386       0.000000            1
# Surface Hop/Pointer State Switch: new state=      1 old state=      2 randnum=  0.122319889 gap= -8.873720 eV
        10         5.0000       1       1       9.781933       0.497201      10.279134       4.081035       1.669676       1.000000     541.499386       0.000000            0
# Surface Hop/Pointer State Switch: new state=      2 old state=      1 randnum=  0.000953898 gap=  8.583279 eV
        11         5.5000       2       2       1.003089       9.276046      10.279134       0.757710       1.460543       1.000000     541.499386       0.000000            0
# Jump frustrated.
        12         6.0000       2       2       1.092357       9.186360      10.278716       0.757710       1.462355       1.000000     541.499386       0.000000            0
        13         6.5000       2       2       1.203969       9.073629      10.277598       0.757710       1.393598       1.000000     541.499386       0.000000            0
# Jump frustrated.
        14         7.0000       2       2       1.321064       8.955086      10.276150       0.757710       1.327207       1.000000     541.499386       0.000000            0
# Surface Hop/Pointer State Switch: new state=      1 old state=      2 randnum=  0.169105739 gap= -7.448502 eV
        15         7.5000       1       1       8.877107       1.399044      10.276150       6.161694       1.827008       1.000000     541.499386       0.000000            0
# Surface Hop/Pointer State Switch: new state=      2 old state=      1 randnum=  0.232305154 gap=  6.969555 eV
        16         8.0000       2       2       1.216846       9.059305      10.276150       1.767262       2.001066       1.000000     541.499386       0.000000            0
# Surface Hop/Pointer State Switch: new state=      1 old state=      2 randnum=  0.148854870 gap= -6.663958 eV
        17         8.5000       1       1       7.990835       2.285315      10.276150       7.534001       2.429663       1.000000     541.499386       0.000000            1
# Jump frustrated.
        18         9.0000       1       1       7.123296       3.160999      10.284295       7.534001       3.228579       1.000000     541.499386       0.000000            0
        19         9.5000       1       1       6.188268       4.104778      10.293046       7.534001       4.011526       1.000000     541.499386       0.000000            0
# Jump frustrated.
        20        10.0000       1       1       5.368419       4.935203      10.303622       7.534001       4.424182       1.000000     541.499386       0.000000            0
        21        10.5000       1       1       4.799151       5.504253      10.303404       7.534001       4.344165       1.000000     541.499386       0.000000            0
# Jump frustrated.
        22        11.0000       1       1       4.480292       5.816700      10.296992       7.534002       3.947505       1.000000     541.499386       0.000000            0
# Jump frustrated.
        23        11.5000       1       1       4.324001       5.968045      10.292046       7.534002       3.500856       1.000000     541.499386       0.000000            1
        24        12.0000       1       1       4.249424       6.041330      10.290755       7.534002       3.174098       1.000000     541.499386       0.000000            0
# Jump frustrated.
        25        12.5000       1       1       4.223079       6.068527      10.291605       7.534002       2.985336       1.000000     541.499386       0.000000            0
        26        13.0000       1       1       4.243152       6.048804      10.291956       7.534002       2.902019       1.000000     541.499386       0.000000            0
# Jump frustrated.
        27        13.5000       1       1       4.311071       5.979879      10.290950       7.534003       2.858828       1.000000     541.499386       0.000000            0
# Jump frustrated.
        28        14.0000       1       1       4.412197       5.876283      10.288480       7.534003       2.833636       1.000000     541.499386       0.000000            0
        29        14.5000       1       1       4.517952       5.768536      10.286488       7.534004       2.882552       1.000000     541.499386       0.000000            1
# Jump frustrated.
        30        15.0000       1       1       4.613474       5.674282      10.287756       7.534004       3.065752       1.000000     541.499386       0.000000            0
# Jump frustrated.
        31        15.5000       1       1       4.719399       5.570479      10.289878       7.534004       3.331017       1.000000     541.499386       0.000000            0
        32        16.0000       1       1       4.869180       5.419342      10.288521       7.534004       3.536657       1.000000     541.499386       0.000000            0
        33        16.5000       1       1       5.064318       5.220247      10.284565       7.534004       3.662639       1.000000     541.499386       0.000000            0
# Jump frustrated.
        34        17.0000       1       1       5.277600       5.005167      10.282767       7.534003       3.843609       1.000000     541.499386       0.000000            0
# Jump frustrated.
        35        17.5000       1       1       5.506872       4.779706      10.286578       7.534003       4.134459       1.000000     541.499386       0.000000            1
# Jump frustrated.
        36        18.0000       1       1       5.798525       4.488642      10.287167       7.534003       4.153993       1.000000     541.499386       0.000000            0
        37        18.5000       1       1       6.130347       4.143393      10.273740       7.534003       3.621244       1.000000     541.499386       0.000000            0
# Jump frustrated.
        38        19.0000       1       1       6.349344       3.916894      10.266238       7.534003       2.989978       1.000000     541.499386       0.000000            0
# Jump frustrated.
        39        19.5000       1       1       6.336890       3.932672      10.269563       7.534003       2.859472       1.000000     541.499386       0.000000            0
        40        20.0000       1       1       6.144413       4.138825      10.283238       7.534003       3.159920       1.000000     541.499386       0.000000            0
# Jump frustrated.
        41        20.5000       1       1       5.935719       4.354321      10.290040       7.534003       3.369131       1.000000     541.499386       0.000000            1
# Jump frustrated.
        42        21.0000       1       1       5.807114       4.479507      10.286621       7.534002       3.425842       1.000000     541.499386       0.000000            0
# Jump frustrated.
        43        21.5000       1       1       5.725412       4.557775      10.283187       7.534002       3.722002       1.000000     541.499386       0.000000            0
        44        22.0000       1       1       5.640398       4.644762      10.285160       7.534002       4.340183       1.000000     541.499386       0.000000            0
# Jump frustrated.
        45        22.5000       1       1       5.570604       4.719708      10.290312       7.534002       5.027833       1.000000     541.499386       0.000000            0
        46        23.0000       1       1       5.583049       4.711819      10.294868       7.534002       5.557369       1.000000     541.499386       0.000000            0
        47        23.5000       1       1       5.738749       4.556737      10.295486       7.534002       5.813880       1.000000     541.499386       0.000000            0
        48        24.0000       1       1       6.054788       4.238061      10.292849       7.534002       5.736181       1.000000     541.499386       0.000000            0
# Jump frustrated.
        49        24.5000       1       1       6.504752       3.785894      10.290647       7.534002       5.458662       1.000000     541.499386       0.000000            1
        50        25.0000       1       1       7.057436       3.233039      10.290474       7.534002       5.152696       1.000000     541.499386       0.000000            0
        51        25.5000       1       1       7.702588       2.587383      10.289970       7.534002       4.790733       1.000000     541.499386       0.000000            0
# Jump frustrated.
        52        26.0000       1       1       8.432463       1.853909      10.286373       7.534003       4.108136       1.000000     541.499386       0.000000            0
# Jump frustrated.
        53        26.5000       1       1       9.082629       1.181680      10.264309       7.534003       3.284058       1.000000     541.499386       0.000000            0
# Jump frustrated.
        54        27.0000       1       1       9.471646       0.796362      10.268008       7.534003       2.472449       1.000000     541.499386       0.000000            1
# Jump frustrated.
        55        27.5000       1       1       9.537067       0.724530      10.261598       7.534003       1.645664       1.000000     541.499386       0.000000            0
# Jump frustrated.
        56        28.0000       1       1       9.233074       1.033864      10.266938       7.534003       1.746527       1.000000     541.499386       0.000000            0
        57        28.5000       1       1       8.620504       1.660005      10.280509       7.534003       2.608473       1.000000     541.499386       0.000000            0
# Jump frustrated.
        58        29.0000       1       1       7.888028       2.407596      10.295623       7.534003       3.289578       1.000000     541.499386       0.000000            0
# Jump frustrated.
        59        29.5000       1       1       7.216168       3.082732      10.298899       7.534003       3.553633       1.000000     541.499386       0.000000            0
        60        30.0000       1       1       6.671456       3.623754      10.295210       7.534003       3.426679       1.000000     541.499386       0.000000            1
# Jump frustrated.
        61        30.5000       1       1       6.226015       4.067409      10.293424       7.534003       3.110877       1.000000     541.499386       0.000000            0
        62        31.0000       1       1       5.823201       4.467259      10.290459       7.534003       2.766461       1.000000     541.499386       0.000000            0
# Jump frustrated.
        63        31.5000       1       1       5.415755       4.874790      10.290545       7.534002       2.585928       1.000000     541.499386       0.000000            0
        64        32.0000       1       1       4.985900       5.305988      10.291889       7.534003       2.612150       1.000000     541.499386       0.000000            0
        65        32.5000       1       1       4.557737       5.738433      10.296169       7.534003       2.756038       1.000000     541.499386       0.000000            0
# Jump frustrated.
        66        33.0000       1       1       4.179262       6.120013      10.299275       7.534003       2.912751       1.000000     541.499386       0.000000            1
# Jump frustrated.
        67        33.5000       1       1       3.892715       6.407548      10.300263       7.534003       3.027551       1.000000     541.499386       0.000000            0
# Jump frustrated.
        68        34.0000       1       1       3.715043       6.584221      10.299264       7.534003       3.097793       1.000000     541.499386       0.000000            0
        69        34.5000       1       1       3.635730       6.661451      10.297181       7.534003       3.143699       1.000000     541.499386       0.000000            0
# Jump frustrated.
        70        35.0000       1       1       3.628746       6.667056      10.295802       7.534003       3.266726       1.000000     541.499386       0.000000            0
# Jump frustrated.
        71        35.5000       1       1       3.681002       6.616608      10.297609       7.534003       3.517617       1.000000     541.499386       0.000000            0
        72        36.0000       1       1       3.819168       6.482494      10.301662       7.534003       3.815331       1.000000     541.499386       0.000000            1
        73        36.5000       1       1       4.094493       6.208246      10.302739       7.534003       3.942128       1.000000     541.499386       0.000000            0
# Jump frustrated.
        74        37.0000       1       1       4.519285       5.778085      10.297371       7.534004       3.750077       1.000000     541.499386       0.000000            0
        75        37.5000       1       1       5.019010       5.267581      10.286591       7.534004       3.274335       1.000000     541.499386       0.000000            0
        76        38.0000       1       1       5.451545       4.825795      10.277340       7.534004       2.675388       1.000000     541.499386       0.000000            0
# Jump frustrated.
        77        38.5000       1       1       5.677337       4.593899      10.271235       7.534004       2.362783       1.000000     541.499386       0.000000            1
# Jump frustrated.
        78        39.0000       1       1       5.631919       4.642478      10.274398       7.534004       2.742676       1.000000     541.499386       0.000000            0
# Jump frustrated.
        79        39.5000       1       1       5.386278       4.902194      10.288472       7.534003       3.647708       1.000000     541.499386       0.000000            0
# Jump frustrated.
        80        40.0000       1       1       5.163201       5.143225      10.306426       7.534003       4.377046       1.000000     541.499386       0.000000            0
# Jump frustrated.
        81        40.5000       1       1       5.190890       5.115613      10.306504       7.534003       4.365304       1.000000     541.499386       0.000000            0
        82        41.0000       1       1       5.478283       4.812300      10.290584       7.534003       3.584636       1.000000     541.499386       0.000000            1
# Jump frustrated.
        83        41.5000       1       1       5.821632       4.456048      10.277680       7.534004       2.545544       1.000000     541.499386       0.000000            0
# Jump frustrated.
        84        42.0000       1       1       6.026174       4.249895      10.276068       7.534004       1.800894       1.000000     541.499386       0.000000            0
        85        42.5000       1       1       6.037096       4.244705      10.281801       7.534004       1.708676       1.000000     541.499386       0.000000            0
# Jump frustrated.
        86        43.0000       1       1       5.912970       4.375497      10.288466       7.534004       1.968621       1.000000     541.499386       0.000000            0
# Jump frustrated.
        87        43.5000       1       1       5.742692       4.550301      10.292994       7.534004       2.236604       1.000000     541.499386       0.000000            0
        88        44.0000       1       1       5.589960       4.704345      10.294305       7.534003       2.439581       1.000000     541.499386       0.000000            0
# Jump frustrated.
        89        44.5000       1       1       5.480550       4.813546      10.294096       7.534003       2.597706       1.000000     541.499386       0.000000            0
# Jump frustrated.
        90        45.0000       1       1       5.416944       4.876866      10.293810       7.534003       2.736217       1.000000     541.499386       0.000000            1
# Jump frustrated.
        91        45.5000       1       1       5.393278       4.899703      10.292980       7.534003       2.904341       1.000000     541.499386       0.000000            0
# Jump frustrated.
        92        46.0000       1       1       5.409000       4.885170      10.294170       7.534002       3.131925       1.000000     541.499386       0.000000            0
        93        46.5000       1       1       5.487487       4.809602      10.297088       7.534002       3.320752       1.000000     541.499386       0.000000            0
        94        47.0000       1       1       5.671126       4.627946      10.299072       7.534002       3.370763       1.000000     541.499386       0.000000            0
# Jump frustrated.
        95        47.5000       1       1       5.975584       4.319858      10.295442       7.534002       3.235798       1.000000     541.499386       0.000000            0
# Jump frustrated.
        96        48.0000       1       1       6.358411       3.931011      10.289423       7.534002       3.016745       1.000000     541.499386       0.000000            1
        97        48.5000       1       1       6.736820       3.546732      10.283552       7.534002       2.874501       1.000000     541.499386       0.000000            0
        98        49.0000       1       1       7.032254       3.247571      10.279825       7.534002       2.925670       1.000000     541.499386       0.000000            0
# Jump frustrated.
        99        49.5000       1       1       7.209049       3.070690      10.279740       7.534003       3.213713       1.000000     541.499386       0.000000            0
       100        50.0000       1       1       7.284027       3.001557      10.285584       7.534003       3.641041       1.000000     541.499386       0.000000            0
# Jump frustrated.
       101        50.5000       1       1       7.332756       2.957752      10.290508       7.534004       4.019538       1.000000     541.499386       0.000000            0
       102        51.0000       1       1       7.465477       2.835680      10.301157       7.534003       4.115188       1.000000     541.499386       0.000000            1
       103        51.5000       1       1       7.704059       2.577418      10.281476       7.534003       3.746907       1.000000     541.499386       0.000000            0
# Jump frustrated.
       104        52.0000       1       1       7.887545       2.380191      10.267736       7.534003       3.193135       1.000000     541.499386       0.000000            0
# Jump frustrated.
       105        52.5000       1       1       7.855583       2.412370      10.267954       7.534003       2.821158       1.000000     541.499386       0.000000            0
# Jump frustrated.
       106        53.0000       1       1       7.593259       2.681428      10.274687       7.534003       2.762712       1.000000     541.499386       0.000000            0
# Jump frustrated.
       107        53.5000       1       1       7.182653       3.101624      10.284276       7.534003       2.821015       1.000000     541.499386       0.000000            0
# Jump frustrated.
       108        54.0000       1       1       6.733470       3.556905      10.290374       7.534003       2.866324       1.000000     541.499386       0.000000            0
       109        54.5000       1       1       6.322189       3.969834      10.292023       7.534003       2.848139       1.000000     541.499386       0.000000            0
# Jump frustrated.
       110        55.0000       1       1       5.986168       4.305948      10.292117       7.534003       2.736192       1.000000     541.499386       0.000000            1
       111        55.5000       1       1       5.720119       4.569401      10.289520       7.534004       2.563288       1.000000     541.499386       0.000000            0
# Jump frustrated.
       112        56.0000       1       1       5.488286       4.799221      10.287507       7.534004       2.450723       1.000000     541.499386       0.000000            0
# Jump frustrated.
       113        56.5000       1       1       5.266055       5.022813      10.288868       7.534004       2.477312       1.000000     541.499386       0.000000            0
# Jump frustrated.
       114        57.0000       1       1       5.062193       5.229382      10.291574       7.534004       2.669012       1.000000     541.499386       0.000000            0
# Jump frustrated.
       115        57.5000       1       1       4.916956       5.378236      10.295191       7.534004       2.879043       1.000000     541.499386       0.000000            0
       116        58.0000       1       1       4.873235       5.422248      10.295483       7.534005       2.935528       1.000000     541.499386       0.000000            0
# Jump frustrated.
       117        58.5000       1       1       4.933996       5.358305      10.292301       7.534005       2.824092       1.000000     541.499386       0.000000            1
# Jump frustrated.
       118        59.0000       1       1       5.055811       5.232288      10.288100       7.534005       2.667612       1.000000     541.499386       0.000000            0
# Jump frustrated.
       119        59.5000       1       1       5.176857       5.107724      10.284582       7.534004       2.560330       1.000000     541.499386       0.000000            0
       120        60.0000       1       1       5.243150       5.038591      10.281741       7.534004       2.537505       1.000000     541.499386       0.000000            0
# Jump frustrated.
       121        60.5000       1       1       5.215946       5.063712      10.279658       7.534004       2.613040       1.000000     541.499386       0.000000            0
# Jump frustrated.
       122        61.0000       1       1       5.081496       5.200524      10.282021       7.534004       2.926510       1.000000     541.499386       0.000000            0
# Jump frustrated.
       123        61.5000       1       1       4.890207       5.400242      10.290448       7.534004       3.486764       1.000000     541.499386       0.000000            0
       124        62.0000       1       1       4.771012       5.528335      10.299347       7.534004       3.901808       1.000000     541.499386       0.000000            1
# Jump frustrated.
       125        62.5000       1       1       4.837286       5.458994      10.296281       7.534004       3.728731       1.000000     541.499386       0.000000            0
# Jump frustrated.
       126        63.0000       1       1       5.053957       5.232911      10.286868       7.534005       3.125746       1.000000     541.499386       0.000000            0
# Jump frustrated.
       127        63.5000       1       1       5.282490       4.997901      10.280391       7.534006       2.562654       1.000000     541.499386       0.000000            0
# Jump frustrated.
       128        64.0000       1       1       5.425315       4.856313      10.281628       7.534006       2.294685       1.000000     541.499386       0.000000            0
# Jump frustrated.
       129        64.5000       1       1       5.469534       4.814792      10.284326       7.534006       2.235396       1.000000     541.499386       0.000000            0
# Jump frustrated.
       130        65.0000       1       1       5.434935       4.849670      10.284605       7.534006       2.277481       1.000000     541.499386       0.000000            0
       131        65.5000       1       1       5.329520       4.954718      10.284238       7.534007       2.468632       1.000000     541.499386       0.000000            1
       132        66.0000       1       1       5.159294       5.126201      10.285495       7.534007       2.831913       1.000000     541.499386       0.000000            0
# Jump frustrated.
       133        66.5000       1       1       4.957608       5.332562      10.290170       7.534007       3.262747       1.000000     541.499386       0.000000            0
       134        67.0000       1       1       4.791893       5.503630      10.295522       7.534007       3.606895       1.000000     541.499386       0.000000            0
# Jump frustrated.
       135        67.5000       1       1       4.734978       5.562798      10.297775       7.534007       3.711554       1.000000     541.499386       0.000000            0
# Jump frustrated.
       136        68.0000       1       1       4.823740       5.473112      10.296851       7.534008       3.563365       1.000000     541.499386       0.000000            0
# Jump frustrated.
       137        68.5000       1       1       5.046510       5.247651      10.294161       7.534009       3.242848       1.000000     541.499386       0.000000            1
# Jump frustrated.
       138        69.0000       1       1       5.364651       4.927107      10.291758       7.534009       2.877962       1.000000     541.499386       0.000000            0
# Jump frustrated.
       139        69.5000       1       1       5.735995       4.552377      10.288372       7.534009       2.529784       1.000000     541.499386       0.000000            0
# Jump frustrated.
       140        70.0000       1       1       6.126580       4.161039      10.287619       7.534009       2.265212       1.000000     541.499386       0.000000            0
# Jump frustrated.
       141        70.5000       1       1       6.517026       3.768871      10.285896       7.534009       2.090120       1.000000     541.499386       0.000000            0
# Jump frustrated.
       142        71.0000       1       1       6.889164       3.396840      10.286004       7.534009       2.028605       1.000000     541.499386       0.000000            0
# Jump frustrated.
       143        71.5000       1       1       7.231870       3.055328      10.287198       7.534009       2.212013       1.000000     541.499386       0.000000            0
# Jump frustrated.
       144        72.0000       1       1       7.612118       2.693885      10.306003       7.534009       2.836768       1.000000     541.499386       0.000000            1
# Jump frustrated.
       145        72.5000       1       1       7.961386       2.315833      10.277219       7.534009       3.019117       1.000000     541.499386       0.000000            0
       146        73.0000       1       1       8.226113       2.121929      10.348042       7.534009       2.797785       1.000000     541.499386       0.000000            0
       147        73.5000       1       1       8.510928       1.818201      10.329129       7.534009       2.449655       1.000000     541.499386       0.000000            0
# Jump frustrated.
       148        74.0000       1       1       8.752354       1.567620      10.319974       7.534009       2.166968       1.000000     541.499386       0.000000            0
# Jump frustrated.
       149        74.5000       1       1       8.840766       1.476688      10.317454       7.534009       2.061756       1.000000     541.499386       0.000000            0
# Jump frustrated.
       150        75.0000       1       1       8.741159       1.578831      10.319989       7.534009       2.108349       1.000000     541.499386       0.000000            1
       151        75.5000       1       1       8.471503       1.851003      10.322505       7.534009       2.198438       1.000000     541.499386       0.000000            0
       152        76.0000       1       1       8.062940       2.261648      10.324588       7.534009       2.293361       1.000000     541.499386       0.000000            0
# Jump frustrated.
       153        76.5000       1       1       7.555456       2.772568      10.328024       7.534009       2.396692       1.000000     541.499386       0.000000            0
       154        77.0000       1       1       7.005165       3.327499      10.332664       7.534009       2.496890       1.000000     541.499386       0.000000            0
# Jump frustrated.
       155        77.5000       1       1       6.468805       3.866446      10.335251       7.534010       2.548125       1.000000     541.499386       0.000000            0
# Jump frustrated.
       156        78.0000       1       1       5.972603       4.359719      10.332322       7.534010       2.558432       1.000000     541.499386       0.000000            0
# Jump frustrated.
       157        78.5000       1       1       5.510231       4.825587      10.335818       7.534010       2.577203       1.000000     541.499386       0.000000            0
       158        79.0000       1       1       5.104974       5.232496      10.337470       7.534010       2.559769       1.000000     541.499386       0.000000            1
# Jump frustrated.
       159        79.5000       1       1       4.778558       5.556985      10.335543       7.534010       2.565570       1.000000     541.499386       0.000000            0
# Jump frustrated.
       160        80.0000       1       1       4.519313       5.816077      10.335391       7.534010       2.578987       1.000000     541.499386       0.000000            0
       161        80.5000       1       1       4.326444       6.009567      10.336011       7.534009       2.544696       1.000000     541.499386       0.000000            0
# Jump frustrated.
       162        81.0000       1       1       4.198925       6.134546      10.333471       7.534009       2.449745       1.000000     541.499386       0.000000            0
# Jump frustrated.
       163        81.5000       1       1       4.108149       6.221740      10.329890       7.534009       2.426579       1.000000     541.499386       0.000000            0
# Jump frustrated.
       164        82.0000       1       1       4.015778       6.313087      10.328865       7.534009       2.706499       1.000000     541.499386       0.000000            1
       165        82.5000       1       1       3.931859       6.402566      10.334424       7.534010       3.328190       1.000000     541.499386       0.000000            0
# Jump frustrated.
       166        83.0000       1       1       3.955021       6.389071      10.344092       7.534010       3.980504       1.000000     541.499386       0.000000            0
# Jump frustrated.
       167        83.5000       1       1       4.229530       6.119390      10.348921       7.534010       4.240435       1.000000     541.499386       0.000000            0
# Jump frustrated.
       168        84.0000       1       1       4.810398       5.529165      10.339564       7.534011       3.828210       1.000000     541.499386       0.000000            0
# Jump frustrated.
       169        84.5000       1       1       5.566623       4.757492      10.324116       7.534011       3.049681       1.000000     541.499386       0.000000            0
       170        85.0000       1       1       6.283183       4.031285      10.314468       7.534011       2.579541       1.000000     541.499386       0.000000            0
# Jump frustrated.
       171        85.5000       1       1       6.839014       3.481751      10.320765       7.534011       2.789138       1.000000     541.499386       0.000000            1
       172        86.0000       1       1       7.283715       3.047023      10.330738       7.534011       3.044532       1.000000     541.499386       0.000000            0
# Jump frustrated.
       173        86.5000       1       1       7.700642       2.620184      10.320827       7.534012       2.693188       1.000000     541.499386       0.000000            0
# Jump frustrated.
       174        87.0000       1       1       7.997116       2.313135      10.310251       7.534012       2.022022       1.000000     541.499386       0.000000            0
# Jump frustrated.
       175        87.5000       1       1       8.026238       2.284693      10.310931       7.534012       1.804715       1.000000     541.499386       0.000000            0
# Jump frustrated.
       176        88.0000       1       1       7.785553       2.534651      10.320204       7.534012       2.099131       1.000000     541.499386       0.000000            1
# Jump frustrated.
       177        88.5000       1       1       7.372736       2.955469      10.328204       7.534013       2.427205       1.000000     541.499386       0.000000            0
# Jump frustrated.
       178        89.0000       1       1       6.902119       3.432964      10.335083       7.534013       2.653162       1.000000     541.499386       0.000000            0
# Jump frustrated.
       179        89.5000       1       1       6.482704       3.859179      10.341884       7.534013       2.747943       1.000000     541.499386       0.000000            0
# Jump frustrated.
       180        90.0000       1       1       6.171657       4.173496      10.345153       7.534013       2.837801       1.000000     541.499386       0.000000            0
# Jump frustrated.
       181        90.5000       1       1       5.979852       4.364078      10.343930       7.534013       2.606952       1.000000     541.499386       0.000000            1
       182        91.0000       1       1       5.890328       4.450235      10.340563       7.534014       2.353248       1.000000     541.499386       0.000000            0
# Jump frustrated.
       183        91.5000       1       1       5.858704       4.479715      10.338419       7.534014       2.104143       1.000000     541.499386       0.000000            0
# Jump frustrated.
       184        92.0000       1       1       5.857112       4.481168      10.338280       7.534014       2.010479       1.000000     541.499386       0.000000            0
       185        92.5000       1       1       5.882198       4.455633      10.337830       7.534014       1.996993       1.000000     541.499386       0.000000            0
# Jump frustrated.
       186        93.0000       1       1       5.925341       4.412451      10.337792       7.534014       1.968520       1.000000     541.499386       0.000000            0
# Jump frustrated.
       187        93.5000       1       1       5.979774       4.358473      10.338247       7.534014       1.943016       1.000000     541.499386       0.000000            0
# Jump frustrated.
       188        94.0000       1       1       6.047489       4.290793      10.338282       7.534015       1.953423       1.000000     541.499386       0.000000            1
# Jump frustrated.
       189        94.5000       1       1       6.129931       4.207543      10.337475       7.534015       2.001356       1.000000     541.499386       0.000000            0
# Jump frustrated.
       190        95.0000       1       1       6.220528       4.115366      10.335894       7.534015       2.052933       1.000000     541.499386       0.000000            0
       191        95.5000       1       1       6.304171       4.030662      10.334833       7.534015       2.093663       1.000000     541.499386       0.000000            0
# Jump frustrated.
       192        96.0000       1       1       6.373939       3.962983      10.336922       7.534015       2.186641       1.000000     541.499386       0.000000            0
# Jump frustrated.
       193        96.5000       1       1       6.449678       3.889075      10.338753       7.534015       2.335346       1.000000     541.499386       0.000000            0
# Jump frustrated.
       194        97.0000       1       1       6.547930       3.787348      10.335278       7.534015       2.427514       1.000000     541.499386       0.000000            1
       195        97.5000       1       1       6.640781       3.689357      10.330139       7.534015       2.442939       1.000000     541.499386       0.000000            0
# Jump frustrated.
       196        98.0000       1       1       6.645285       3.672334      10.317619       7.534015       2.459668       1.000000     541.499386       0.000000            0
# Jump frustrated.
       197        98.5000       1       1       6.416689       3.886999      10.303688       7.534015       2.798331       1.000000     541.499386       0.000000            0
       198        99.0000       1       1       5.812517       4.487604      10.300121       7.534016       3.991291       1.000000     541.499386       0.000000            0
       199        99.5000       1       1       4.929850       5.410207      10.340056       7.534016       5.946294       1.000000     541.499386       0.000000            1
# Jump frustrated.
       200       100.0000       1       1       4.349708       6.029912      10.379620       7.534017       6.967201       1.000000     541.499386       0.000000            0
# Jump frustrated.
       201       100.5000       1       1       4.551063       5.799884      10.350947       7.534017       6.118448       1.000000     541.499386       0.000000            0
# Jump frustrated.
       202       101.0000       1       1       5.191946       5.109385      10.301332       7.534018       3.950316       1.000000     541.499386       0.000000            0
       203       101.5000       1       1       5.627570       4.669260      10.296830       7.534018       2.200051       1.000000     541.499386       0.000000            0
       204       102.0000       1       1       5.659965       4.653066      10.313032       7.534018       1.865094       1.000000     541.499386       0.000000            0
# Jump frustrated.
       205       102.5000       1       1       5.437487       4.890983      10.328470       7.534017       2.305529       1.000000     541.499386       0.000000            0
       206       103.0000       1       1       5.160137       5.178311      10.338448       7.534016       2.740434       1.000000     541.499386       0.000000            0
       207       103.5000       1       1       4.971121       5.372215      10.343336       7.534015       3.012501       1.000000     541.499386       0.000000            1
       208       104.0000       1       1       4.940932       5.402318      10.343250       7.534016       3.077209       1.000000     541.499386       0.000000            0
       209       104.5000       1       1       5.070026       5.270073      10.340099       7.534015       2.990537       1.000000     541.499386       0.000000            0
       210       105.0000       1       1       5.307510       5.027173      10.334683       7.534015       2.906415       1.000000     541.499386       0.000000            0
# Jump frustrated.
       211       105.5000       1       1       5.569195       4.758530      10.327725       7.534015       2.924186       1.000000     541.499386       0.000000            0
# Jump frustrated.
       212       106.0000       1       1       5.780224       4.549678      10.329903       7.534015       3.158746       1.000000     541.499386       0.000000            0
# Jump frustrated.
       213       106.5000       1       1       5.942039       4.390029      10.332068       7.534015       3.514011       1.000000     541.499386       0.000000            0
# Jump frustrated.
       214       107.0000       1       1       6.086005       4.246573      10.332578       7.534014       3.858806       1.000000     541.499386       0.000000            1
       215       107.5000       1       1       6.239699       4.096058      10.335757       7.534013       4.114082       1.000000     541.499386       0.000000            0
# Jump frustrated.
       216       108.0000       1       1       6.442040       3.895095      10.337135       7.534014       4.231491       1.000000     541.499386       0.000000            0
# Jump frustrated.
       217       108.5000       1       1       6.721795       3.615865      10.337660       7.534014       4.209292       1.000000     541.499386       0.000000            0
# Jump frustrated.
       218       109.0000       1       1       7.081508       3.253799      10.335307       7.534013       4.046961       1.000000     541.499386       0.000000            0
       219       109.5000       1       1       7.484144       2.844607      10.328751       7.534012       3.717188       1.000000     541.499386       0.000000            0
# Jump frustrated.
       220       110.0000       1       1       7.845111       2.473614      10.318726       7.534012       3.248286       1.000000     541.499386       0.000000            0
# Jump frustrated.
       221       110.5000       1       1       8.036161       2.272236      10.308397       7.534012       2.933910       1.000000     541.499386       0.000000            1
       222       111.0000       1       1       7.976421       2.339501      10.315922       7.534011       3.370014       1.000000     541.499386       0.000000            0
# Jump frustrated.
       223       111.5000       1       1       7.805695       2.536727      10.342421       7.534011       4.294779       1.000000     541.499386       0.000000            0
# Jump frustrated.
       224       112.0000       1       1       7.855173       2.496243      10.351416       7.534011       4.410185       1.000000     541.499386       0.000000            0
       225       112.5000       1       1       8.200068       2.121099      10.321166       7.534011       3.274063       1.000000     541.499386       0.000000            0
# Jump frustrated.
       226       113.0000       1       1       8.495774       1.806160      10.301934       7.534011       2.129792       1.000000     541.499386       0.000000            0
       227       113.5000       1       1       8.441256       1.863044      10.304300       7.534011       2.251318       1.000000     541.499386       0.000000            0
# Jump frustrated.
       228       114.0000       1       1       8.027531       2.292166      10.319698       7.534011       2.942119       1.000000     541.499386       0.000000            1
# Jump frustrated.
       229       114.5000       1       1       7.406618       2.922667      10.329285       7.534011       3.430494       1.000000     541.499386       0.000000            0
       230       115.0000       1       1       6.717987       3.617733      10.335720       7.534011       3.664057       1.000000     541.499386       0.000000            0
# Jump frustrated.
       231       115.5000       1       1       6.040851       4.299720      10.340571       7.534011       3.710738       1.000000     541.499386       0.000000            0
# Jump frustrated.
       232       116.0000       1       1       5.425094       4.918803      10.343897       7.534011       3.633083       1.000000     541.499386       0.000000            0
# Jump frustrated.
       233       116.5000       1       1       4.908260       5.436988      10.345248       7.534012       3.448657       1.000000     541.499386       0.000000            0
# Jump frustrated.
       234       117.0000       1       1       4.502495       5.841198      10.343693       7.534012       3.213421       1.000000     541.499386       0.000000            1
# Jump frustrated.
       235       117.5000       1       1       4.190494       6.151362      10.341856       7.534013       3.020274       1.000000     541.499386       0.000000            0
# Jump frustrated.
       236       118.0000       1       1       3.951307       6.390109      10.341416       7.534014       2.901742       1.000000     541.499386       0.000000            0
# Jump frustrated.
       237       118.5000       1       1       3.779081       6.563045      10.342126       7.534013       2.865479       1.000000     541.499386       0.000000            0
       238       119.0000       1       1       3.681608       6.661658      10.343266       7.534013       2.883648       1.000000     541.499386       0.000000            0
       239       119.5000       1       1       3.675047       6.669547      10.344594       7.534013       2.913848       1.000000     541.499386       0.000000            0
       240       120.0000       1       1       3.777794       6.568028      10.345822       7.534012       2.938948       1.000000     541.499386       0.000000            0
# Jump frustrated.
       241       120.5000       1       1       4.003542       6.342152      10.345694       7.534011       2.955500       1.000000     541.499386       0.000000            0
# Jump frustrated.
       242       121.0000       1       1       4.350249       5.992958      10.343207       7.534011       2.927960       1.000000     541.499386       0.000000            1
       243       121.5000       1       1       4.789865       5.550341      10.340207       7.534011       2.817708       1.000000     541.499386       0.000000            0
# Jump frustrated.
       244       122.0000       1       1       5.278386       5.058106      10.336492       7.534011       2.660843       1.000000     541.499386       0.000000            0
       245       122.5000       1       1       5.756342       4.573553      10.329895       7.534012       2.425741       1.000000     541.499386       0.000000            0
# Jump frustrated.
       246       123.0000       1       1       6.133892       4.186575      10.320467       7.534012       2.230932       1.000000     541.499386       0.000000            0
       247       123.5000       1       1       6.316489       4.000975      10.317463       7.534011       2.496079       1.000000     541.499386       0.000000            0
# Jump frustrated.
       248       124.0000       1       1       6.311211       4.018829      10.330040       7.534011       3.476518       1.000000     541.499386       0.000000            1
# Jump frustrated.
       249       124.5000       1       1       6.333899       4.018829      10.352728       7.534011       4.523015       1.000000     541.499386       0.000000            0
# Jump frustrated.
       250       125.0000       1       1       6.663669       3.685205      10.348874       7.534011       4.632229       1.000000     541.499386       0.000000            0
# Jump frustrated.
       251       125.5000       1       1       7.259154       3.064255      10.323408       7.534011       3.812929       1.000000     541.499386       0.000000            0
       252       126.0000       1       1       7.798196       2.513475      10.311671       7.534010       3.055546       1.000000     541.499386       0.000000            0
# Jump frustrated.
       253       126.5000       1       1       8.072607       2.241510      10.314117       7.534010       2.758453       1.000000     541.499386       0.000000            1
# Jump frustrated.
       254       127.0000       1       1       8.064406       2.253344      10.317750       7.534010       2.716719       1.000000     541.499386       0.000000            0
       255       127.5000       1       1       7.811320       2.509323      10.320643       7.534010       2.892023       1.000000     541.499386       0.000000            0
# Jump frustrated.
       256       128.0000       1       1       7.356899       2.968756      10.325654       7.534010       3.348594       1.000000     541.499386       0.000000            0
# Jump frustrated.
       257       128.5000       1       1       6.780534       3.553375      10.333910       7.534010       3.884666       1.000000     541.499386       0.000000            0
# Jump frustrated.
       258       129.0000       1       1       6.179900       4.160001      10.339901       7.534010       4.430603       1.000000     541.499386       0.000000            0
# Jump frustrated.
       259       129.5000       1       1       5.648694       4.696456      10.345150       7.534010       4.855482       1.000000     541.499386       0.000000            1
       260       130.0000       1       1       5.262949       5.085303      10.348252       7.534009       5.066323       1.000000     541.499386       0.000000            0
# Jump frustrated.
       261       130.5000       1       1       5.069017       5.281491      10.350508       7.534009       5.016401       1.000000     541.499386       0.000000            0
       262       131.0000       1       1       5.075466       5.272771      10.348238       7.534010       4.725969       1.000000     541.499386       0.000000            0
# Jump frustrated.
       263       131.5000       1       1       5.251819       5.093400      10.345219       7.534010       4.352283       1.000000     541.499386       0.000000            0
       264       132.0000       1       1       5.553798       4.789879      10.343677       7.534010       4.035182       1.000000     541.499386       0.000000            0
# Jump frustrated.
       265       132.5000       1       1       5.947537       4.392728      10.340265       7.534010       3.830926       1.000000     541.499386       0.000000            1
# Jump frustrated.
       266       133.0000       1       1       6.407233       3.930181      10.337414       7.534010       3.781082       1.000000     541.499386       0.000000            0
# Jump frustrated.
       267       133.5000       1       1       6.892792       3.434832      10.327624       7.534010       3.628067       1.000000     541.499386       0.000000            0
       268       134.0000       1       1       7.337991       2.984741      10.322732       7.534010       3.386279       1.000000     541.499386       0.000000            0
# Jump frustrated.
       269       134.5000       1       1       7.664265       2.652363      10.316629       7.534010       2.960310       1.000000     541.499386       0.000000            0
# Jump frustrated.
       270       135.0000       1       1       7.743740       2.557487      10.301227       7.534010       2.665347       1.000000     541.499386       0.000000            0
# Jump frustrated.
       271       135.5000       1       1       7.449536       2.859347      10.308883       7.534011       3.278173       1.000000     541.499386       0.000000            1
# Jump frustrated.
       272       136.0000       1       1       6.890201       3.445420      10.335621       7.534011       4.421129       1.000000     541.499386       0.000000            0
# Jump frustrated.
       273       136.5000       1       1       6.413474       3.936409      10.349883       7.534011       4.910275       1.000000     541.499386       0.000000            0
# Jump frustrated.
       274       137.0000       1       1       6.204913       4.130521      10.335434       7.534012       4.426953       1.000000     541.499386       0.000000            0
       275       137.5000       1       1       6.119303       4.204221      10.323524       7.534012       3.754585       1.000000     541.499386       0.000000            0
# Jump frustrated.
       276       138.0000       1       1       5.984115       4.342072      10.326187       7.534012       3.449577       1.000000     541.499386       0.000000            0
# Jump frustrated.
       277       138.5000       1       1       5.787003       4.544903      10.331907       7.534013       3.279358       1.000000     541.499386       0.000000            1
       278       139.0000       1       1       5.561437       4.769534      10.330970       7.534013       3.051908       1.000000     541.499386       0.000000            0
       279       139.5000       1       1       5.298853       5.033194      10.332046       7.534012       2.896495       1.000000     541.499386       0.000000            0
       280       140.0000       1       1       5.000686       5.335469      10.336155       7.534012       2.862762       1.000000     541.499386       0.000000            0
# Jump frustrated.
       281       140.5000       1       1       4.708212       5.632138      10.340350       7.534012       2.882475       1.000000     541.499386       0.000000            0
       282       141.0000       1       1       4.472024       5.870678      10.342702       7.534012       2.915859       1.000000     541.499386       0.000000            0
# Jump frustrated.
       283       141.5000       1       1       4.328481       6.015795      10.344276       7.534012       2.940754       1.000000     541.499386       0.000000            1
# Jump frustrated.
       284       142.0000       1       1       4.299210       6.045483      10.344693       7.534012       2.946455       1.000000     541.499386       0.000000            0
# Jump frustrated.
       285       142.5000       1       1       4.391909       5.952475      10.344384       7.534013       2.937605       1.000000     541.499386       0.000000            0
# Jump frustrated.
       286       143.0000       1       1       4.600404       5.742792      10.343196       7.534013       2.919089       1.000000     541.499386       0.000000            0
# Jump frustrated.
       287       143.5000       1       1       4.906651       5.434912      10.341563       7.534015       2.915664       1.000000     541.499386       0.000000            0
# Jump frustrated.
       288       144.0000       1       1       5.286012       5.053747      10.339759       7.534016       2.954943       1.000000     541.499386       0.000000            0
       289       144.5000       1       1       5.710896       4.626493      10.337389       7.534016       2.993778       1.000000     541.499386       0.000000            1
# Jump frustrated.
       290       145.0000       1       1       6.153238       4.182423      10.335661       7.534016       2.995957       1.000000     541.499386       0.000000            0
# Jump frustrated.
       291       145.5000       1       1       6.582612       3.749563      10.332175       7.534016       2.861492       1.000000     541.499386       0.000000            0
       292       146.0000       1       1       6.945397       3.379193      10.324591       7.534015       2.550796       1.000000     541.499386       0.000000            0
       293       146.5000       1       1       7.148905       3.168058      10.316963       7.534015       2.249824       1.000000     541.499386       0.000000            0
# Jump frustrated.
       294       147.0000       1       1       7.122127       3.199199      10.321326       7.534014       2.596619       1.000000     541.499386       0.000000            0
# Jump frustrated.
       295       147.5000       1       1       6.948787       3.391027      10.339815       7.534014       3.482323       1.000000     541.499386       0.000000            0
# Jump frustrated.
       296       148.0000       1       1       6.873032       3.480090      10.353123       7.534013       3.953882       1.000000     541.499386       0.000000            0
# Jump frustrated.
       297       148.5000       1       1       7.047255       3.293867      10.341122       7.534013       3.500318       1.000000     541.499386       0.000000            1
# Jump frustrated.
       298       149.0000       1       1       7.336582       2.986610      10.323192       7.534013       2.603707       1.000000     541.499386       0.000000            0
       299       149.5000       1       1       7.498337       2.816788      10.315125       7.534013       2.106311       1.000000     541.499386       0.000000            0
# Jump frustrated.
       300       150.0000       1       1       7.399996       2.915608      10.315605       7.534013       2.437575       1.000000     541.499386       0.000000            0
       301       150.5000       1       1       7.047118       3.275183      10.322300       7.534012       3.187038       1.000000     541.499386       0.000000            0
# Jump frustrated.
       302       151.0000       1       1       6.528458       3.801673      10.330131       7.534012       4.013708       1.000000     541.499386       0.000000            0
# Jump frustrated.
       303       151.5000       1       1       5.964341       4.372175      10.336516       7.534012       4.700842       1.000000     541.499386       0.000000            1
# Jump frustrated.
       304       152.0000       1       1       5.461004       4.881226      10.342230       7.534012       5.241967       1.000000     541.499386       0.000000            0
# Jump frustrated.
       305       152.5000       1       1       5.096454       5.248897      10.345351       7.534012       5.554673       1.000000     541.499386       0.000000            0
# Jump frustrated.
       306       153.0000       1       1       4.921327       5.425362      10.346689       7.534011       5.637273       1.000000     541.499386       0.000000            0
       307       153.5000       1       1       4.950834       5.393806      10.344640       7.534011       5.457146       1.000000     541.499386       0.000000            0
       308       154.0000       1       1       5.162229       5.179556      10.341785       7.534011       5.119477       1.000000     541.499386       0.000000            0
# Jump frustrated.
       309       154.5000       1       1       5.513832       4.825795      10.339627       7.534010       4.695494       1.000000     541.499386       0.000000            1
       310       155.0000       1       1       5.972241       4.366570      10.338810       7.534010       4.265240       1.000000     541.499386       0.000000            0
       311       155.5000       1       1       6.513517       3.822848      10.336365       7.534012       3.784154       1.000000     541.499386       0.000000            0
       312       156.0000       1       1       7.101716       3.229094      10.330810       7.534014       3.306382       1.000000     541.499386       0.000000            0
# Jump frustrated.
       313       156.5000       1       1       7.652820       2.667519      10.320339       7.534015       2.622635       1.000000     541.499386       0.000000            0
# Jump frustrated.
       314       157.0000       1       1       8.014398       2.291544      10.305941       7.534015       1.919672       1.000000     541.499386       0.000000            0
# Jump frustrated.
       315       157.5000       1       1       8.009247       2.286146      10.295393       7.534015       1.867689       1.000000     541.499386       0.000000            1
# Jump frustrated.
       316       158.0000       1       1       7.527271       2.771737      10.299008       7.534016       3.119269       1.000000     541.499386       0.000000            0
# Jump frustrated.
       317       158.5000       1       1       6.693531       3.637456      10.330987       7.534016       4.883211       1.000000     541.499386       0.000000            0
       318       159.0000       1       1       5.957015       4.408091      10.365106       7.534017       6.040630       1.000000     541.499386       0.000000            0
       319       159.5000       1       1       5.754606       4.603656      10.358262       7.534018       5.840688       1.000000     541.499386       0.000000            0
# Jump frustrated.
       320       160.0000       1       1       6.010899       4.314045      10.324944       7.534018       4.566011       1.000000     541.499386       0.000000            0
       321       160.5000       1       1       6.292566       4.018206      10.310772       7.534018       3.285149       1.000000     541.499386       0.000000            0
# Jump frustrated.
       322       161.0000       1       1       6.324048       3.990802      10.314850       7.534018       2.729005       1.000000     541.499386       0.000000            0
# Jump frustrated.
       323       161.5000       1       1       6.099963       4.224152      10.324114       7.534017       2.762750       1.000000     541.499386       0.000000            1
       324       162.0000       1       1       5.730997       4.602618      10.333615       7.534018       2.994474       1.000000     541.499386       0.000000            0
# Jump frustrated.
       325       162.5000       1       1       5.341935       4.998108      10.340043       7.534018       3.153820       1.000000     541.499386       0.000000            0
# Jump frustrated.
       326       163.0000       1       1       5.016039       5.325919      10.341958       7.534018       3.266162       1.000000     541.499386       0.000000            0
       327       163.5000       1       1       4.788088       5.554701      10.342789       7.534020       3.377085       1.000000     541.499386       0.000000            0
       328       164.0000       1       1       4.672603       5.670753      10.343356       7.534021       3.475730       1.000000     541.499386       0.000000            0
# Jump frustrated.
       329       164.5000       1       1       4.675443       5.667846      10.343290       7.534020       3.547113       1.000000     541.499386       0.000000            0
       330       165.0000       1       1       4.793703       5.548680      10.342383       7.534019       3.567481       1.000000     541.499386       0.000000            1
# Jump frustrated.
       331       165.5000       1       1       5.014590       5.326334      10.340924       7.534019       3.520006       1.000000     541.499386       0.000000            0
# Jump frustrated.
       332       166.0000       1       1       5.313442       5.024682      10.338123       7.534019       3.387342       1.000000     541.499386       0.000000            0
       333       166.5000       1       1       5.649078       4.685453      10.334530       7.534019       3.152311       1.000000     541.499386       0.000000            0
       334       167.0000       1       1       5.965241       4.365116      10.330357       7.534019       2.877012       1.000000     541.499386       0.000000            0
# Jump frustrated.
       335       167.5000       1       1       6.206583       4.121386      10.327970       7.534019       2.622012       1.000000     541.499386       0.000000            0
# Jump frustrated.
       336       168.0000       1       1       6.340527       3.987273      10.327800       7.534019       2.446734       1.000000     541.499386       0.000000            1
# Jump frustrated.
       337       168.5000       1       1       6.368334       3.961737      10.330071       7.534019       2.375015       1.000000     541.499386       0.000000            0
# Jump frustrated.
       338       169.0000       1       1       6.309353       4.020905      10.330258       7.534020       2.344021       1.000000     541.499386       0.000000            0
# Jump frustrated.
       339       169.5000       1       1       6.183636       4.147960      10.331596       7.534019       2.327510       1.000000     541.499386       0.000000            0
       340       170.0000       1       1       6.015577       4.317782      10.333359       7.534018       2.364104       1.000000     541.499386       0.000000            0
       341       170.5000       1       1       5.843217       4.494663      10.337880       7.534018       2.544618       1.000000     541.499386       0.000000            1
# Jump frustrated.
       342       171.0000       1       1       5.742496       4.603241      10.345737       7.534018       2.845945       1.000000     541.499386       0.000000            0
# Jump frustrated.
       343       171.5000       1       1       5.813945       4.536599      10.350545       7.534018       3.070509       1.000000     541.499386       0.000000            0
# Jump frustrated.
       344       172.0000       1       1       6.114275       4.233286      10.347561       7.534018       3.099209       1.000000     541.499386       0.000000            0
       345       172.5000       1       1       6.608921       3.732332      10.341253       7.534018       3.117339       1.000000     541.499386       0.000000            0
# Jump frustrated.
       346       173.0000       1       1       7.154167       3.168473      10.322640       7.534019       3.461582       1.000000     541.499386       0.000000            0
# Jump frustrated.
       347       173.5000       1       1       7.569412       2.745164      10.314576       7.534018       3.735620       1.000000     541.499386       0.000000            1
       348       174.0000       1       1       7.779848       2.551259      10.331107       7.534018       3.622745       1.000000     541.499386       0.000000            0
# Jump frustrated.
       349       174.5000       1       1       7.838874       2.495205      10.334079       7.534017       3.557548       1.000000     541.499386       0.000000            0
       350       175.0000       1       1       7.799993       2.531744      10.331738       7.534017       3.465927       1.000000     541.499386       0.000000            0
# Jump frustrated.
       351       175.5000       1       1       7.663373       2.669802      10.333175       7.534018       3.335951       1.000000     541.499386       0.000000            0
# Jump frustrated.
       352       176.0000       1       1       7.440395       2.894433      10.334827       7.534019       3.199677       1.000000     541.499386       0.000000            0
# Jump frustrated.
       353       176.5000       1       1       7.154207       3.181552      10.335759       7.534019       3.096657       1.000000     541.499386       0.000000            0
# Jump frustrated.
       354       177.0000       1       1       6.826059       3.511646      10.337705       7.534018       3.082926       1.000000     541.499386       0.000000            0
       355       177.5000       1       1       6.486405       3.854612      10.341017       7.534017       3.205663       1.000000     541.499386       0.000000            1
# Jump frustrated.
       356       178.0000       1       1       6.187364       4.158340      10.345704       7.534017       3.374076       1.000000     541.499386       0.000000            0
# Jump frustrated.
       357       178.5000       1       1       5.992495       4.356812      10.349307       7.534017       3.452557       1.000000     541.499386       0.000000            0
# Jump frustrated.
       358       179.0000       1       1       5.942588       4.405807      10.348395       7.534016       3.328262       1.000000     541.499386       0.000000            0
       359       179.5000       1       1       6.017633       4.324841      10.342474       7.534015       2.979732       1.000000     541.499386       0.000000            0
# Jump frustrated.
       360       180.0000       1       1       6.128686       4.204429      10.333115       7.534015       2.506047       1.000000     541.499386       0.000000            0
# Jump frustrated.
       361       180.5000       1       1       6.154788       4.172250      10.327038       7.534015       2.156057       1.000000     541.499386       0.000000            1
       362       181.0000       1       1       6.005961       4.319235      10.325196       7.534015       2.287662       1.000000     541.499386       0.000000            0
       363       181.5000       1       1       5.666578       4.662824      10.329402       7.534016       2.965122       1.000000     541.499386       0.000000            0
       364       182.0000       1       1       5.238503       5.106479      10.344982       7.534015       3.839577       1.000000     541.499386       0.000000            0
# Jump frustrated.
       365       182.5000       1       1       4.951070       5.408961      10.360031       7.534012       4.372245       1.000000     541.499386       0.000000            0
# Jump frustrated.
       366       183.0000       1       1       5.000149       5.356229      10.356378       7.534011       4.164123       1.000000     541.499386       0.000000            0
# Jump frustrated.
       367       183.5000       1       1       5.339047       4.999354      10.338400       7.534011       3.421081       1.000000     541.499386       0.000000            1
# Jump frustrated.
       368       184.0000       1       1       5.733402       4.593899      10.327300       7.534010       2.898537       1.000000     541.499386       0.000000            0
# Jump frustrated.
       369       184.5000       1       1       6.011592       4.316536      10.328129       7.534010       2.939144       1.000000     541.499386       0.000000            0
# Jump frustrated.
       370       185.0000       1       1       6.146998       4.183253      10.330251       7.534011       3.116887       1.000000     541.499386       0.000000            0
# Jump frustrated.
       371       185.5000       1       1       6.154120       4.175779      10.329899       7.534011       3.223821       1.000000     541.499386       0.000000            0
# Jump frustrated.
       372       186.0000       1       1       6.042583       4.289963      10.332546       7.534012       3.298521       1.000000     541.499386       0.000000            0
# Jump frustrated.
       373       186.5000       1       1       5.836918       4.496946      10.333864       7.534014       3.330152       1.000000     541.499386       0.000000            0
# Jump frustrated.
       374       187.0000       1       1       5.563499       4.771610      10.335109       7.534016       3.379680       1.000000     541.499386       0.000000            0
       375       187.5000       1       1       5.253549       5.085303      10.338852       7.534017       3.482748       1.000000     541.499386       0.000000            1
# Jump frustrated.
       376       188.0000       1       1       4.969512       5.375329      10.344841       7.534017       3.633308       1.000000     541.499386       0.000000            0
# Jump frustrated.
       377       188.5000       1       1       4.800320       5.550134      10.350454       7.534017       3.792090       1.000000     541.499386       0.000000            0
# Jump frustrated.
       378       189.0000       1       1       4.827523       5.525013      10.352537       7.534016       3.850284       1.000000     541.499386       0.000000            0
# Jump frustrated.
       379       189.5000       1       1       5.079408       5.269865      10.349273       7.534016       3.743652       1.000000     541.499386       0.000000            0
       380       190.0000       1       1       5.511359       4.832438      10.343797       7.534017       3.526096       1.000000     541.499386       0.000000            0
       381       190.5000       1       1       6.043543       4.296399      10.339942       7.534017       3.339755       1.000000     541.499386       0.000000            0
# Jump frustrated.
       382       191.0000       1       1       6.602821       3.733993      10.336814       7.534018       3.115558       1.000000     541.499386       0.000000            0
# Jump frustrated.
       383       191.5000       1       1       7.127161       3.204597      10.331757       7.534018       2.833896       1.000000     541.499386       0.000000            0
       384       192.0000       1       1       7.568338       2.762810      10.331148       7.534018       2.541645       1.000000     541.499386       0.000000            1
# Jump frustrated.
       385       192.5000       1       1       7.902346       2.428356      10.330703       7.534019       2.363875       1.000000     541.499386       0.000000            0
# Jump frustrated.
       386       193.0000       1       1       8.118744       2.209747      10.328490       7.534019       2.322868       1.000000     541.499386       0.000000            0
# Jump frustrated.
       387       193.5000       1       1       8.214183       2.117569      10.331753       7.534019       2.494785       1.000000     541.499386       0.000000            0
# Jump frustrated.
       388       194.0000       1       1       8.236559       2.101584      10.338143       7.534020       2.894212       1.000000     541.499386       0.000000            0
       389       194.5000       1       1       8.274010       2.066913      10.340924       7.534019       3.188742       1.000000     541.499386       0.000000            0
# Jump frustrated.
       390       195.0000       1       1       8.361062       1.973906      10.334967       7.534020       3.116938       1.000000     541.499386       0.000000            1
# Jump frustrated.
       391       195.5000       1       1       8.418777       1.906226      10.325003       7.534021       2.777038       1.000000     541.499386       0.000000            0
# Jump frustrated.
       392       196.0000       1       1       8.317514       2.002763      10.320277       7.534021       2.500762       1.000000     541.499386       0.000000            0
# Jump frustrated.
       393       196.5000       1       1       7.988955       2.336179      10.325134       7.534021       2.500537       1.000000     541.499386       0.000000            0
# Jump frustrated.
       394       197.0000       1       1       7.461815       2.868274      10.330090       7.534021       2.723116       1.000000     541.499386       0.000000            0
# Jump frustrated.
       395       197.5000       1       1       6.805304       3.531577      10.336881       7.534021       3.075901       1.000000     541.499386       0.000000            0
# Jump frustrated.
       396       198.0000       1       1       6.097598       4.245535      10.343133       7.534021       3.460508       1.000000     541.499386       0.000000            0
# Jump frustrated.
       397       198.5000       1       1       5.431192       4.917557      10.348749       7.534021       3.807364       1.000000     541.499386       0.000000            0
       398       199.0000       1       1       4.898523       5.454635      10.353158       7.534021       4.010169       1.000000     541.499386       0.000000            1
       399       199.5000       1       1       4.564684       5.789919      10.354603       7.534019       4.056047       1.000000     541.499386       0.000000            0
# Jump frustrated.
       400       200.0000       1       1       4.452428       5.900988      10.353416       7.534018       3.899156       1.000000     541.499386       0.000000            0
