#===============================================================================================================================================================================
#     Step |         Time |         State |                                     Energy |      Angular |     Gradient |      Density |           Expectation Value |    Runtime |
#          |              |  diag |   MCH |          kin |          pot |          tot |     Momentum |          RMS |        Total |           DM |            S |            |
#          |         [fs] |       |       |         [eV] |         [eV] |         [eV] |       [hbar] |     [eV/Ang] |              |      [Debye] |              |      [sec] |
#===============================================================================================================================================================================
         0         0.0000       2       2       0.163874      10.188061      10.351935       0.000073       3.032974       1.000000     541.499386       0.000000            2
# Jump frustrated.
         1         0.5000       2       2       0.257988      10.092146      10.350134       0.000074       2.875863       1.000000     541.499386       0.000000            2
         2         1.0000       2       2       0.369179       9.979416      10.348595       0.000073       2.619596       1.000000     541.499386       0.000000            0
         3         1.5000       2       2       0.472536       9.874990      10.347527       0.000073       2.304485       1.000000     541.499386       0.000000            0
         4         2.0000       2       2       0.554530       9.793193      10.347723       0.000073       1.975172       1.000000     541.499386       0.000000            0
         5         2.5000       2       2       0.616489       9.732157      10.348646       0.000073       1.686739       1.000000     541.499386       0.000000            0
         6         3.0000       2       2       0.672357       9.677556      10.349914       0.000073       1.479122       1.000000     541.499386       0.000000            1
         7         3.5000       2       2       0.738510       9.611953      10.350463       0.000074       1.332359       1.000000     541.499386       0.000000            0
         8         4.0000       2       2       0.822279       9.527665      10.349944       0.000074       1.222683       1.000000     541.499386       0.000000            0
         9         4.5000       2       2       0.918732       9.430505      10.349237       0.000074       1.158451       1.000000     541.499386       0.000000            0
        10         5.0000       2       2       1.016059       9.332515      10.348573       0.000074       1.168711       1.000000     541.499386       0.000000            0
        11         5.5000       2       2       1.103801       9.244697      10.348498       0.000074       1.256475       1.000000     541.499386       0.000000            0
        12         6.0000       2       2       1.177419       9.170997      10.348416       0.000074       1.385877       1.000000     541.499386       0.000000            0
        13         6.5000       2       2       1.237376       9.111414      10.348790       0.000075       1.534710       1.000000     541.499386       0.000000            0
# Surface Hop/Pointer State Switch: new state=      1 old state=      2 randnum=  0.208719847 gap= -7.650088 eV
        14         7.0000       1       1       8.936460       1.412330      10.348790       3.681343       2.103839       1.000000     541.499386       0.000000            0
# Surface Hop/Pointer State Switch: new state=      2 old state=      1 randnum=  0.201897210 gap=  7.286569 eV
        15         7.5000       2       2       1.076897       9.271894      10.348790       0.258957       2.297920       1.000000     541.499386       0.000000            1
        16         8.0000       2       2       1.047495       9.304073      10.351568       0.258957       2.620914       1.000000     541.499386       0.000000            0
# Jump frustrated.
        17         8.5000       2       2       1.097330       9.255285      10.352615       0.258957       2.764200       1.000000     541.499386       0.000000            0
# Jump frustrated.
        18         9.0000       2       2       1.239774       9.110999      10.350773       0.258957       2.702891       1.000000     541.499386       0.000000            0
        19         9.5000       2       2       1.447810       8.899240      10.347050       0.258957       2.522043       1.000000     541.499386       0.000000            0
        20        10.0000       2       2       1.673814       8.670665      10.344480       0.258957       2.347506       1.000000     541.499386       0.000000            0
# Surface Hop/Pointer State Switch: new state=      1 old state=      2 randnum=  0.262639196 gap= -5.595823 eV
        21        10.5000       1       1       7.474960       2.869520      10.344480       2.026694       1.884285       1.000000     541.499386       0.000000            0
# Surface Hop/Pointer State Switch: new state=      2 old state=      1 randnum=  0.028664781 gap=  5.377629 eV
        22        11.0000       2       2       1.957197       8.387283      10.344480       0.491131       2.650445       1.000000     541.499386       0.000000            0
        23        11.5000       2       2       1.992060       8.355727      10.347787       0.491131       2.838533       1.000000     541.499386       0.000000            0
        24        12.0000       2       2       2.047197       8.302787      10.349984       0.491131       2.932293       1.000000     541.499386       0.000000            1
        25        12.5000       2       2       2.149868       8.200229      10.350098       0.491131       2.897982       1.000000     541.499386       0.000000            0
# Jump frustrated.
        26        13.0000       2       2       2.301040       8.047016      10.348056       0.491131       2.761801       1.000000     541.499386       0.000000            0
        27        13.5000       2       2       2.471180       7.872834      10.344014       0.491131       2.580988       1.000000     541.499386       0.000000            0
        28        14.0000       2       2       2.615743       7.725641      10.341384       0.491131       2.393930       1.000000     541.499386       0.000000            0
# Surface Hop/Pointer State Switch: new state=      1 old state=      2 randnum=  0.498307192 gap= -3.503150 eV
        29        14.5000       1       1       6.207957       4.133428      10.341384       5.143823       1.814783       1.000000     541.499386       0.000000            0
# Jump frustrated.
        30        15.0000       1       1       6.024156       4.318405      10.342561       5.143824       2.164328       1.000000     541.499386       0.000000            0
# Jump frustrated.
        31        15.5000       1       1       5.918830       4.423869      10.342699       5.143824       2.449691       1.000000     541.499386       0.000000            0
        32        16.0000       1       1       5.907078       4.433834      10.340912       5.143824       2.632413       1.000000     541.499386       0.000000            0
# Jump frustrated.
        33        16.5000       1       1       5.977859       4.360134      10.337993       5.143825       2.728460       1.000000     541.499386       0.000000            1
# Jump frustrated.
        34        17.0000       1       1       6.105193       4.230380      10.335572       5.143825       2.767717       1.000000     541.499386       0.000000            0
        35        17.5000       1       1       6.259936       4.074467      10.334404       5.143824       2.840214       1.000000     541.499386       0.000000            0
# Jump frustrated.
        36        18.0000       1       1       6.420967       3.912742      10.333709       5.143824       2.982665       1.000000     541.499386       0.000000            0
# Jump frustrated.
        37        18.5000       1       1       6.589341       3.745826      10.335168       5.143824       3.190246       1.000000     541.499386       0.000000            0
# Jump frustrated.
        38        19.0000       1       1       6.782620       3.554206      10.336826       5.143825       3.426237       1.000000     541.499386       0.000000            0
# Jump frustrated.
        39        19.5000       1       1       7.011912       3.323970      10.335882       5.143825       3.642981       1.000000     541.499386       0.000000            0
# Jump frustrated.
        40        20.0000       1       1       7.283866       3.052629      10.336494       5.143824       3.875150       1.000000     541.499386       0.000000            1
# Jump frustrated.
        41        20.5000       1       1       7.557426       2.752015      10.309440       5.143824       3.909848       1.000000     541.499386       0.000000            0
        42        21.0000       1       1       7.756594       2.565792      10.322386       5.143824       3.459792       1.000000     541.499386       0.000000            0
        43        21.5000       1       1       7.842225       2.478597      10.320822       5.143823       3.061281       1.000000     541.499386       0.000000            0
# Jump frustrated.
        44        22.0000       1       1       7.801301       2.519911      10.321212       5.143823       2.734883       1.000000     541.499386       0.000000            0
        45        22.5000       1       1       7.624644       2.697622      10.322266       5.143823       2.469169       1.000000     541.499386       0.000000            0
# Jump frustrated.
        46        23.0000       1       1       7.323021       2.999481      10.322503       5.143823       2.225839       1.000000     541.499386       0.000000            0
        47        23.5000       1       1       6.903576       3.419054      10.322630       5.143823       1.986609       1.000000     541.499386       0.000000            0
# Jump frustrated.
        48        24.0000       1       1       6.362480       3.959453      10.321933       5.143823       1.799440       1.000000     541.499386       0.000000            0
# Jump frustrated.
        49        24.5000       1       1       5.694463       4.627531      10.321994       5.143824       1.833254       1.000000     541.499386       0.000000            1
# Jump frustrated.
        50        25.0000       1       1       4.935247       5.394014      10.329261       5.143824       2.049948       1.000000     541.499386       0.000000            0
        51        25.5000       1       1       4.198293       6.143680      10.341973       5.143824       2.230804       1.000000     541.499386       0.000000            0
# Jump frustrated.
        52        26.0000       1       1       3.615278       6.727677      10.342955       5.143824       2.197410       1.000000     541.499386       0.000000            0
        53        26.5000       1       1       3.201364       7.139568      10.340932       5.143824       2.166852       1.000000     541.499386       0.000000            0
        54        27.0000       1       1       2.911456       7.429802      10.341258       5.143823       2.202460       1.000000     541.499386       0.000000            0
        55        27.5000       1       1       2.739290       7.605022      10.344311       5.143823       2.273433       1.000000     541.499386       0.000000            0
# Jump frustrated.
        56        28.0000       1       1       2.695938       7.647996      10.343934       5.143823       2.318301       1.000000     541.499386       0.000000            0
# Jump frustrated.
        57        28.5000       1       1       2.787797       7.554989      10.342785       5.143823       2.383544       1.000000     541.499386       0.000000            0
# Jump frustrated.
        58        29.0000       1       1       3.003729       7.337002      10.340731       5.143823       2.475519       1.000000     541.499386       0.000000            0
        59        29.5000       1       1       3.320118       7.018534      10.338651       5.143824       2.556160       1.000000     541.499386       0.000000            1
# Jump frustrated.
        60        30.0000       1       1       3.707946       6.627611      10.335557       5.143824       2.587499       1.000000     541.499386       0.000000            0
# Jump frustrated.
        61        30.5000       1       1       4.127544       6.205339      10.332883       5.143824       2.531058       1.000000     541.499386       0.000000            0
# Jump frustrated.
        62        31.0000       1       1       4.543832       5.788466      10.332298       5.143824       2.510826       1.000000     541.499386       0.000000            0
# Jump frustrated.
        63        31.5000       1       1       4.950419       5.383426      10.333845       5.143824       2.635778       1.000000     541.499386       0.000000            0
# Jump frustrated.
        64        32.0000       1       1       5.377690       4.960531      10.338222       5.143824       2.874071       1.000000     541.499386       0.000000            0
# Jump frustrated.
        65        32.5000       1       1       5.866837       4.469127      10.335964       5.143824       2.864273       1.000000     541.499386       0.000000            0
        66        33.0000       1       1       6.384402       3.942222      10.326624       5.143824       2.535484       1.000000     541.499386       0.000000            0
# Jump frustrated.
        67        33.5000       1       1       6.811593       3.505833      10.317426       5.143824       2.110322       1.000000     541.499386       0.000000            0
# Jump frustrated.
        68        34.0000       1       1       7.039294       3.277259      10.316553       5.143824       1.897682       1.000000     541.499386       0.000000            1
        69        34.5000       1       1       7.046614       3.273937      10.320551       5.143825       1.963089       1.000000     541.499386       0.000000            0
# Jump frustrated.
        70        35.0000       1       1       6.878594       3.444797      10.323391       5.143825       2.157776       1.000000     541.499386       0.000000            0
        71        35.5000       1       1       6.594020       3.733370      10.327390       5.143826       2.412939       1.000000     541.499386       0.000000            0
# Jump frustrated.
        72        36.0000       1       1       6.249852       4.080488      10.330340       5.143826       2.699918       1.000000     541.499386       0.000000            0
# Jump frustrated.
        73        36.5000       1       1       5.895651       4.437363      10.333014       5.143825       2.966919       1.000000     541.499386       0.000000            0
# Jump frustrated.
        74        37.0000       1       1       5.570849       4.763721      10.334569       5.143826       3.197493       1.000000     541.499386       0.000000            0
# Jump frustrated.
        75        37.5000       1       1       5.309102       5.027588      10.336691       5.143826       3.359814       1.000000     541.499386       0.000000            0
# Jump frustrated.
        76        38.0000       1       1       5.138772       5.198864      10.337635       5.143825       3.429479       1.000000     541.499386       0.000000            0
# Jump frustrated.
        77        38.5000       1       1       5.074847       5.262184      10.337030       5.143825       3.406658       1.000000     541.499386       0.000000            0
# Jump frustrated.
        78        39.0000       1       1       5.113684       5.221908      10.335592       5.143826       3.294161       1.000000     541.499386       0.000000            1
        79        39.5000       1       1       5.239031       5.096098      10.335130       5.143826       3.146012       1.000000     541.499386       0.000000            0
        80        40.0000       1       1       5.437719       4.897004      10.334723       5.143826       2.993049       1.000000     541.499386       0.000000            0
        81        40.5000       1       1       5.702401       4.632098      10.334500       5.143827       2.838469       1.000000     541.499386       0.000000            0
# Jump frustrated.
        82        41.0000       1       1       6.023349       4.309893      10.333242       5.143827       2.672344       1.000000     541.499386       0.000000            0
# Jump frustrated.
        83        41.5000       1       1       6.379304       3.951564      10.330868       5.143826       2.474238       1.000000     541.499386       0.000000            0
        84        42.0000       1       1       6.727037       3.598633      10.325670       5.143826       2.229707       1.000000     541.499386       0.000000            0
# Jump frustrated.
        85        42.5000       1       1       6.994293       3.326046      10.320339       5.143826       1.957369       1.000000     541.499386       0.000000            0
        86        43.0000       1       1       7.073535       3.234284      10.307819       5.143826       1.873510       1.000000     541.499386       0.000000            0
        87        43.5000       1       1       6.834408       3.467426      10.301834       5.143826       2.554116       1.000000     541.499386       0.000000            0
# Jump frustrated.
        88        44.0000       1       1       6.261266       4.058274      10.319540       5.143827       4.048104       1.000000     541.499386       0.000000            1
# Jump frustrated.
        89        44.5000       1       1       5.649394       4.703930      10.353324       5.143826       5.339792       1.000000     541.499386       0.000000            0
# Jump frustrated.
        90        45.0000       1       1       5.410813       4.938318      10.349130       5.143825       5.168798       1.000000     541.499386       0.000000            0
# Jump frustrated.
        91        45.5000       1       1       5.496289       4.819151      10.315441       5.143824       3.659223       1.000000     541.499386       0.000000            0
# Jump frustrated.
        92        46.0000       1       1       5.491289       4.815830      10.307119       5.143824       2.340926       1.000000     541.499386       0.000000            0
# Jump frustrated.
        93        46.5000       1       1       5.191659       5.123295      10.314953       5.143824       2.022697       1.000000     541.499386       0.000000            0
# Jump frustrated.
        94        47.0000       1       1       4.658072       5.669715      10.327787       5.143824       2.327081       1.000000     541.499386       0.000000            0
# Jump frustrated.
        95        47.5000       1       1       4.043085       6.292949      10.336035       5.143825       2.633358       1.000000     541.499386       0.000000            0
# Jump frustrated.
        96        48.0000       1       1       3.468266       6.872794      10.341060       5.143826       2.867064       1.000000     541.499386       0.000000            1
# Jump frustrated.
        97        48.5000       1       1       3.000990       7.343023      10.344013       5.143826       2.965694       1.000000     541.499386       0.000000            0
        98        49.0000       1       1       2.664375       7.678514      10.342890       5.143827       2.957113       1.000000     541.499386       0.000000            0
        99        49.5000       1       1       2.436316       7.903560      10.339876       5.143827       2.910960       1.000000     541.499386       0.000000            0
       100        50.0000       1       1       2.275114       8.062794      10.337908       5.143827       2.899533       1.000000     541.499386       0.000000            0
       101        50.5000       1       1       2.152148       8.186112      10.338260       5.143827       2.968477       1.000000     541.499386       0.000000            0
       102        51.0000       1       1       2.069053       8.271231      10.340284       5.143827       3.095542       1.000000     541.499386       0.000000            0
# Jump frustrated.
       103        51.5000       1       1       2.054059       8.288877      10.342937       5.143827       3.221059       1.000000     541.499386       0.000000            0
# Jump frustrated.
       104        52.0000       1       1       2.144206       8.200229      10.344435       5.143827       3.283410       1.000000     541.499386       0.000000            1
       105        52.5000       1       1       2.364143       7.980374      10.344518       5.143827       3.265731       1.000000     541.499386       0.000000            0
# Jump frustrated.
       106        53.0000       1       1       2.713656       7.628897      10.342552       5.143827       3.189341       1.000000     541.499386       0.000000            0
       107        53.5000       1       1       3.169187       7.170502      10.339689       5.143827       3.102767       1.000000     541.499386       0.000000            0
# Jump frustrated.
       108        54.0000       1       1       3.692194       6.643804      10.335998       5.143827       3.044992       1.000000     541.499386       0.000000            0
# Jump frustrated.
       109        54.5000       1       1       4.237686       6.095723      10.333409       5.143827       2.998802       1.000000     541.499386       0.000000            0
# Jump frustrated.
       110        55.0000       1       1       4.768906       5.562175      10.331080       5.143827       2.973302       1.000000     541.499386       0.000000            0
# Jump frustrated.
       111        55.5000       1       1       5.248948       5.077206      10.326154       5.143826       2.860127       1.000000     541.499386       0.000000            0
# Jump frustrated.
       112        56.0000       1       1       5.609428       4.709328      10.318755       5.143826       2.634533       1.000000     541.499386       0.000000            1
# Jump frustrated.
       113        56.5000       1       1       5.773849       4.542827      10.316677       5.143826       2.509261       1.000000     541.499386       0.000000            0
       114        57.0000       1       1       5.714714       4.605109      10.319823       5.143826       2.755238       1.000000     541.499386       0.000000            0
       115        57.5000       1       1       5.506847       4.825795      10.332642       5.143826       3.383544       1.000000     541.499386       0.000000            0
# Jump frustrated.
       116        58.0000       1       1       5.337737       5.009111      10.346848       5.143826       4.049127       1.000000     541.499386       0.000000            0
       117        58.5000       1       1       5.397109       4.948283      10.345392       5.143826       4.109416       1.000000     541.499386       0.000000            0
       118        59.0000       1       1       5.677947       4.653066      10.331014       5.143827       3.638223       1.000000     541.499386       0.000000            0
       119        59.5000       1       1       6.006684       4.316329      10.323013       5.143826       3.137236       1.000000     541.499386       0.000000            1
# Jump frustrated.
       120        60.0000       1       1       6.249707       4.072599      10.322306       5.143826       2.875422       1.000000     541.499386       0.000000            0
# Jump frustrated.
       121        60.5000       1       1       6.379770       3.945544      10.325314       5.143826       2.796657       1.000000     541.499386       0.000000            0
# Jump frustrated.
       122        61.0000       1       1       6.430037       3.899248      10.329285       5.143826       2.828413       1.000000     541.499386       0.000000            0
# Jump frustrated.
       123        61.5000       1       1       6.454224       3.878902      10.333126       5.143826       2.887446       1.000000     541.499386       0.000000            0
# Jump frustrated.
       124        62.0000       1       1       6.502570       3.826793      10.329363       5.143827       2.980075       1.000000     541.499386       0.000000            0
# Jump frustrated.
       125        62.5000       1       1       6.538257       3.787140      10.325397       5.143827       2.899455       1.000000     541.499386       0.000000            0
       126        63.0000       1       1       6.515716       3.816205      10.331921       5.143826       2.777413       1.000000     541.499386       0.000000            0
       127        63.5000       1       1       6.496372       3.843609      10.339981       5.143827       2.725204       1.000000     541.499386       0.000000            0
       128        64.0000       1       1       6.537460       3.801880      10.339340       5.143828       2.685226       1.000000     541.499386       0.000000            1
       129        64.5000       1       1       6.638300       3.699323      10.337623       5.143828       2.635197       1.000000     541.499386       0.000000            0
       130        65.0000       1       1       6.769627       3.565416      10.335044       5.143828       2.596450       1.000000     541.499386       0.000000            0
       131        65.5000       1       1       6.892072       3.440437      10.332509       5.143828       2.577850       1.000000     541.499386       0.000000            0
# Jump frustrated.
       132        66.0000       1       1       6.960912       3.369436      10.330348       5.143829       2.594582       1.000000     541.499386       0.000000            0
       133        66.5000       1       1       6.932712       3.395179      10.327891       5.143829       2.698182       1.000000     541.499386       0.000000            0
       134        67.0000       1       1       6.768098       3.558358      10.326456       5.143829       2.936427       1.000000     541.499386       0.000000            0
# Jump frustrated.
       135        67.5000       1       1       6.455745       3.874127      10.329872       5.143829       3.295725       1.000000     541.499386       0.000000            0
# Jump frustrated.
       136        68.0000       1       1       6.056870       4.281659      10.338529       5.143829       3.591870       1.000000     541.499386       0.000000            0
# Jump frustrated.
       137        68.5000       1       1       5.683751       4.662201      10.345952       5.143829       3.639005       1.000000     541.499386       0.000000            0
       138        69.0000       1       1       5.415741       4.929183      10.344924       5.143828       3.356508       1.000000     541.499386       0.000000            0
       139        69.5000       1       1       5.246520       5.091946      10.338466       5.143827       2.801232       1.000000     541.499386       0.000000            1
       140        70.0000       1       1       5.105003       5.229382      10.334385       5.143827       2.227439       1.000000     541.499386       0.000000            0
# Jump frustrated.
       141        70.5000       1       1       4.914510       5.417266      10.331775       5.143827       1.928794       1.000000     541.499386       0.000000            0
       142        71.0000       1       1       4.645040       5.690891      10.335930       5.143828       1.968390       1.000000     541.499386       0.000000            0
# Jump frustrated.
       143        71.5000       1       1       4.325306       6.013511      10.338817       5.143829       2.144641       1.000000     541.499386       0.000000            0
# Jump frustrated.
       144        72.0000       1       1       3.970025       6.364366      10.334391       5.143829       2.413428       1.000000     541.499386       0.000000            0
# Jump frustrated.
       145        72.5000       1       1       3.539279       6.792866      10.332145       5.143830       2.841441       1.000000     541.499386       0.000000            0
# Jump frustrated.
       146        73.0000       1       1       3.013500       7.324130      10.337630       5.143830       3.430650       1.000000     541.499386       0.000000            0
       147        73.5000       1       1       2.462243       7.883837      10.346080       5.143830       4.016422       1.000000     541.499386       0.000000            1
       148        74.0000       1       1       2.022945       8.331437      10.354382       5.143830       4.347453       1.000000     541.499386       0.000000            0
       149        74.5000       1       1       1.803481       8.551499      10.354980       5.143830       4.387953       1.000000     541.499386       0.000000            0
# Jump frustrated.
       150        75.0000       1       1       1.819060       8.531362      10.350422       5.143829       4.172389       1.000000     541.499386       0.000000            0
# Jump frustrated.
       151        75.5000       1       1       2.005657       8.338495      10.344152       5.143828       3.816090       1.000000     541.499386       0.000000            0
# Jump frustrated.
       152        76.0000       1       1       2.272782       8.067361      10.340143       5.143828       3.435251       1.000000     541.499386       0.000000            0
       153        76.5000       1       1       2.553222       7.785639      10.338861       5.143828       3.084358       1.000000     541.499386       0.000000            0
       154        77.0000       1       1       2.816197       7.522810      10.339007       5.143828       2.735750       1.000000     541.499386       0.000000            0
       155        77.5000       1       1       3.048667       7.289045      10.337712       5.143827       2.381491       1.000000     541.499386       0.000000            0
# Jump frustrated.
       156        78.0000       1       1       3.241649       7.096594      10.338243       5.143827       2.129998       1.000000     541.499386       0.000000            0
# Jump frustrated.
       157        78.5000       1       1       3.405084       6.936114      10.341198       5.143827       2.081614       1.000000     541.499386       0.000000            1
       158        79.0000       1       1       3.576177       6.768160      10.344337       5.143827       2.169487       1.000000     541.499386       0.000000            0
# Jump frustrated.
       159        79.5000       1       1       3.795388       6.549966      10.345354       5.143826       2.230879       1.000000     541.499386       0.000000            0
       160        80.0000       1       1       4.073241       6.269282      10.342524       5.143826       2.150179       1.000000     541.499386       0.000000            0
# Jump frustrated.
       161        80.5000       1       1       4.374439       5.963478      10.337917       5.143826       1.938971       1.000000     541.499386       0.000000            0
# Jump frustrated.
       162        81.0000       1       1       4.638770       5.694835      10.333605       5.143826       1.745424       1.000000     541.499386       0.000000            0
       163        81.5000       1       1       4.818804       5.514425      10.333229       5.143826       1.742187       1.000000     541.499386       0.000000            0
       164        82.0000       1       1       4.918117       5.420172      10.338289       5.143827       1.929304       1.000000     541.499386       0.000000            0
# Jump frustrated.
       165        82.5000       1       1       4.998592       5.343980      10.342573       5.143827       2.070572       1.000000     541.499386       0.000000            0
# Jump frustrated.
       166        83.0000       1       1       5.106391       5.233949      10.340340       5.143827       1.986352       1.000000     541.499386       0.000000            0
# Jump frustrated.
       167        83.5000       1       1       5.216102       5.118935      10.335037       5.143828       1.793840       1.000000     541.499386       0.000000            1
       168        84.0000       1       1       5.284381       5.051255      10.335637       5.143828       1.678868       1.000000     541.499386       0.000000            0
       169        84.5000       1       1       5.291831       5.041498      10.333329       5.143828       1.648516       1.000000     541.499386       0.000000            0
# Jump frustrated.
       170        85.0000       1       1       5.205624       5.122672      10.328296       5.143829       1.693329       1.000000     541.499386       0.000000            0
# Jump frustrated.
       171        85.5000       1       1       5.014215       5.326749      10.340964       5.143829       1.846356       1.000000     541.499386       0.000000            0
       172        86.0000       1       1       4.808658       5.536432      10.345090       5.143829       2.020566       1.000000     541.499386       0.000000            0
       173        86.5000       1       1       4.689709       5.659542      10.349251       5.143828       2.072764       1.000000     541.499386       0.000000            0
# Jump frustrated.
       174        87.0000       1       1       4.683811       5.662449      10.346260       5.143828       1.921691       1.000000     541.499386       0.000000            0
       175        87.5000       1       1       4.750648       5.587918      10.338566       5.143828       1.606946       1.000000     541.499386       0.000000            1
       176        88.0000       1       1       4.797992       5.534148      10.332140       5.143828       1.274087       1.000000     541.499386       0.000000            0
       177        88.5000       1       1       4.743709       5.586050      10.329758       5.143828       1.185154       1.000000     541.499386       0.000000            0
# Jump frustrated.
       178        89.0000       1       1       4.555914       5.776217      10.332131       5.143827       1.510193       1.000000     541.499386       0.000000            0
       179        89.5000       1       1       4.258098       6.076831      10.334929       5.143828       2.050129       1.000000     541.499386       0.000000            0
       180        90.0000       1       1       3.911102       6.429347      10.340449       5.143828       2.606574       1.000000     541.499386       0.000000            0
       181        90.5000       1       1       3.609262       6.737227      10.346489       5.143829       2.919755       1.000000     541.499386       0.000000            0
# Jump frustrated.
       182        91.0000       1       1       3.425983       6.919298      10.345281       5.143830       2.877195       1.000000     541.499386       0.000000            1
       183        91.5000       1       1       3.353111       6.987600      10.340712       5.143830       2.580550       1.000000     541.499386       0.000000            0
# Jump frustrated.
       184        92.0000       1       1       3.328314       7.008569      10.336883       5.143830       2.199217       1.000000     541.499386       0.000000            0
       185        92.5000       1       1       3.291195       7.043862      10.335057       5.143829       1.914549       1.000000     541.499386       0.000000            0
       186        93.0000       1       1       3.213876       7.122129      10.336005       5.143829       1.845158       1.000000     541.499386       0.000000            0
# Jump frustrated.
       187        93.5000       1       1       3.109871       7.229047      10.338918       5.143829       1.939662       1.000000     541.499386       0.000000            0
# Jump frustrated.
       188        94.0000       1       1       3.018083       7.323508      10.341591       5.143830       2.074446       1.000000     541.499386       0.000000            0
       189        94.5000       1       1       2.975637       7.367520      10.343158       5.143830       2.189210       1.000000     541.499386       0.000000            0
# Jump frustrated.
       190        95.0000       1       1       3.006228       7.337625      10.343853       5.143830       2.281537       1.000000     541.499386       0.000000            0
       191        95.5000       1       1       3.122861       7.221158      10.344019       5.143831       2.345893       1.000000     541.499386       0.000000            1
# Jump frustrated.
       192        96.0000       1       1       3.324736       7.017080      10.341817       5.143831       2.404425       1.000000     541.499386       0.000000            0
       193        96.5000       1       1       3.574955       6.758818      10.333773       5.143832       2.463385       1.000000     541.499386       0.000000            0
       194        97.0000       1       1       3.779056       6.546229      10.325285       5.143832       2.616626       1.000000     541.499386       0.000000            0
# Jump frustrated.
       195        97.5000       1       1       3.835169       6.488307      10.323476       5.143832       3.073658       1.000000     541.499386       0.000000            0
       196        98.0000       1       1       3.719768       6.608719      10.328487       5.143832       3.823273       1.000000     541.499386       0.000000            0
       197        98.5000       1       1       3.529027       6.812588      10.341615       5.143833       4.500226       1.000000     541.499386       0.000000            0
       198        99.0000       1       1       3.440989       6.907257      10.348245       5.143833       4.636569       1.000000     541.499386       0.000000            0
       199        99.5000       1       1       3.541343       6.797433      10.338776       5.143832       4.061181       1.000000     541.499386       0.000000            1
# Jump frustrated.
       200       100.0000       1       1       3.727584       6.600622      10.328206       5.143832       3.273056       1.000000     541.499386       0.000000            0
       201       100.5000       1       1       3.870808       6.458619      10.329427       5.143832       2.905569       1.000000     541.499386       0.000000            0
# Jump frustrated.
       202       101.0000       1       1       3.970545       6.365404      10.335949       5.143833       2.919179       1.000000     541.499386       0.000000            0
# Jump frustrated.
       203       101.5000       1       1       4.095129       6.241463      10.336592       5.143833       2.828895       1.000000     541.499386       0.000000            0
# Jump frustrated.
       204       102.0000       1       1       4.252158       6.081191      10.333349       5.143833       2.526763       1.000000     541.499386       0.000000            0
       205       102.5000       1       1       4.383991       5.946869      10.330860       5.143833       2.255961       1.000000     541.499386       0.000000            0
# Jump frustrated.
       206       103.0000       1       1       4.441742       5.889570      10.331312       5.143832       2.212255       1.000000     541.499386       0.000000            1
# Jump frustrated.
       207       103.5000       1       1       4.422162       5.911784      10.333946       5.143832       2.354520       1.000000     541.499386       0.000000            0
       208       104.0000       1       1       4.353211       5.982163      10.335374       5.143833       2.552465       1.000000     541.499386       0.000000            0
       209       104.5000       1       1       4.265084       6.072056      10.337140       5.143833       2.757654       1.000000     541.499386       0.000000            0
# Jump frustrated.
       210       105.0000       1       1       4.189302       6.150739      10.340041       5.143834       2.972245       1.000000     541.499386       0.000000            0
# Jump frustrated.
       211       105.5000       1       1       4.165412       6.176897      10.342310       5.143834       3.172753       1.000000     541.499386       0.000000            0
# Jump frustrated.
       212       106.0000       1       1       4.228372       6.115031      10.343403       5.143834       3.365539       1.000000     541.499386       0.000000            0
# Jump frustrated.
       213       106.5000       1       1       4.396979       5.946662      10.343641       5.143833       3.533988       1.000000     541.499386       0.000000            0
# Jump frustrated.
       214       107.0000       1       1       4.670471       5.671168      10.341639       5.143833       3.669923       1.000000     541.499386       0.000000            0
# Jump frustrated.
       215       107.5000       1       1       5.018338       5.317407      10.335744       5.143832       3.674009       1.000000     541.499386       0.000000            1
       216       108.0000       1       1       5.354611       4.971535      10.326146       5.143833       3.552064       1.000000     541.499386       0.000000            0
       217       108.5000       1       1       5.584044       4.746074      10.330118       5.143833       3.424858       1.000000     541.499386       0.000000            0
# Jump frustrated.
       218       109.0000       1       1       5.705260       4.626700      10.331960       5.143833       3.300079       1.000000     541.499386       0.000000            0
# Jump frustrated.
       219       109.5000       1       1       5.712924       4.612168      10.325092       5.143833       3.069850       1.000000     541.499386       0.000000            0
       220       110.0000       1       1       5.561847       4.765797      10.327644       5.143833       2.775344       1.000000     541.499386       0.000000            0
       221       110.5000       1       1       5.263853       5.064335      10.328188       5.143832       2.421127       1.000000     541.499386       0.000000            0
# Jump frustrated.
       222       111.0000       1       1       4.831553       5.494703      10.326256       5.143833       2.325279       1.000000     541.499386       0.000000            0
# Jump frustrated.
       223       111.5000       1       1       4.309316       6.028044      10.337359       5.143833       2.845009       1.000000     541.499386       0.000000            0
# Jump frustrated.
       224       112.0000       1       1       3.863141       6.488930      10.352071       5.143833       3.420801       1.000000     541.499386       0.000000            1
# Jump frustrated.
       225       112.5000       1       1       3.666939       6.683665      10.350603       5.143834       3.491046       1.000000     541.499386       0.000000            0
       226       113.0000       1       1       3.699731       6.635292      10.335024       5.143834       3.006115       1.000000     541.499386       0.000000            0
# Jump frustrated.
       227       113.5000       1       1       3.768538       6.557440      10.325978       5.143834       2.368594       1.000000     541.499386       0.000000            0
# Jump frustrated.
       228       114.0000       1       1       3.728453       6.600207      10.328660       5.143834       2.010485       1.000000     541.499386       0.000000            0
       229       114.5000       1       1       3.569031       6.764216      10.333247       5.143833       1.936742       1.000000     541.499386       0.000000            0
# Jump frustrated.
       230       115.0000       1       1       3.340521       6.998396      10.338917       5.143834       2.006729       1.000000     541.499386       0.000000            0
# Jump frustrated.
       231       115.5000       1       1       3.104865       7.236728      10.341593       5.143834       2.090796       1.000000     541.499386       0.000000            0
       232       116.0000       1       1       2.899915       7.441013      10.340927       5.143834       2.179565       1.000000     541.499386       0.000000            0
# Jump frustrated.
       233       116.5000       1       1       2.736412       7.605852      10.342265       5.143834       2.278014       1.000000     541.499386       0.000000            1
# Jump frustrated.
       234       117.0000       1       1       2.639476       7.706957      10.346433       5.143833       2.356523       1.000000     541.499386       0.000000            0
       235       117.5000       1       1       2.647236       7.699067      10.346304       5.143833       2.381532       1.000000     541.499386       0.000000            0
# Jump frustrated.
       236       118.0000       1       1       2.762751       7.580317      10.343067       5.143833       2.357000       1.000000     541.499386       0.000000            0
       237       118.5000       1       1       2.961544       7.382053      10.343597       5.143833       2.319083       1.000000     541.499386       0.000000            0
# Jump frustrated.
       238       119.0000       1       1       3.239083       7.105728      10.344811       5.143833       2.282610       1.000000     541.499386       0.000000            0
       239       119.5000       1       1       3.599663       6.743040      10.342703       5.143833       2.221443       1.000000     541.499386       0.000000            0
# Jump frustrated.
       240       120.0000       1       1       4.019975       6.319108      10.339083       5.143832       2.116158       1.000000     541.499386       0.000000            0
# Jump frustrated.
       241       120.5000       1       1       4.438204       5.891439      10.329642       5.143832       2.002762       1.000000     541.499386       0.000000            1
       242       121.0000       1       1       4.750963       5.572140      10.323103       5.143832       1.990419       1.000000     541.499386       0.000000            0
       243       121.5000       1       1       4.872645       5.450690      10.323335       5.143831       2.331543       1.000000     541.499386       0.000000            0
# Jump frustrated.
       244       122.0000       1       1       4.817470       5.514218      10.331688       5.143830       2.977430       1.000000     541.499386       0.000000            0
# Jump frustrated.
       245       122.5000       1       1       4.705592       5.636498      10.342090       5.143830       3.549311       1.000000     541.499386       0.000000            0
# Jump frustrated.
       246       123.0000       1       1       4.681101       5.663487      10.344587       5.143829       3.717944       1.000000     541.499386       0.000000            0
       247       123.5000       1       1       4.775918       5.558853      10.334771       5.143829       3.448523       1.000000     541.499386       0.000000            0
# Jump frustrated.
       248       124.0000       1       1       4.876273       5.450898      10.327170       5.143830       3.094525       1.000000     541.499386       0.000000            0
# Jump frustrated.
       249       124.5000       1       1       4.864362       5.461693      10.326055       5.143830       2.973485       1.000000     541.499386       0.000000            0
# Jump frustrated.
       250       125.0000       1       1       4.710989       5.618436      10.329425       5.143830       2.981411       1.000000     541.499386       0.000000            0
# Jump frustrated.
       251       125.5000       1       1       4.453622       5.881266      10.334888       5.143831       2.931426       1.000000     541.499386       0.000000            1
# Jump frustrated.
       252       126.0000       1       1       4.153758       6.184164      10.337922       5.143831       2.793209       1.000000     541.499386       0.000000            0
# Jump frustrated.
       253       126.5000       1       1       3.859133       6.481664      10.340797       5.143831       2.635045       1.000000     541.499386       0.000000            0
# Jump frustrated.
       254       127.0000       1       1       3.607947       6.735566      10.343514       5.143832       2.522624       1.000000     541.499386       0.000000            0
# Jump frustrated.
       255       127.5000       1       1       3.432750       6.912447      10.345197       5.143832       2.457868       1.000000     541.499386       0.000000            0
# Jump frustrated.
       256       128.0000       1       1       3.354274       6.991337      10.345611       5.143832       2.394173       1.000000     541.499386       0.000000            0
# Jump frustrated.
       257       128.5000       1       1       3.376396       6.968293      10.344689       5.143832       2.290785       1.000000     541.499386       0.000000            0
# Jump frustrated.
       258       129.0000       1       1       3.484574       6.858054      10.342628       5.143832       2.139132       1.000000     541.499386       0.000000            0
       259       129.5000       1       1       3.648872       6.690931      10.339803       5.143832       1.988878       1.000000     541.499386       0.000000            1
       260       130.0000       1       1       3.832689       6.504708      10.337397       5.143831       1.932186       1.000000     541.499386       0.000000            0
# Jump frustrated.
       261       130.5000       1       1       4.007698       6.329696      10.337393       5.143831       2.058539       1.000000     541.499386       0.000000            0
# Jump frustrated.
       262       131.0000       1       1       4.175346       6.165064      10.340410       5.143831       2.352283       1.000000     541.499386       0.000000            0
# Jump frustrated.
       263       131.5000       1       1       4.373116       5.970329      10.343445       5.143831       2.669478       1.000000     541.499386       0.000000            0
# Jump frustrated.
       264       132.0000       1       1       4.638779       5.703762      10.342541       5.143831       2.838959       1.000000     541.499386       0.000000            0
       265       132.5000       1       1       4.966057       5.373668      10.339725       5.143831       2.824979       1.000000     541.499386       0.000000            0
# Jump frustrated.
       266       133.0000       1       1       5.295888       5.036723      10.332611       5.143831       2.808950       1.000000     541.499386       0.000000            0
       267       133.5000       1       1       5.541531       4.785312      10.326843       5.143832       2.760755       1.000000     541.499386       0.000000            0
# Jump frustrated.
       268       134.0000       1       1       5.618115       4.704345      10.322460       5.143832       2.687569       1.000000     541.499386       0.000000            1
# Jump frustrated.
       269       134.5000       1       1       5.476347       4.846348      10.322695       5.143833       2.686985       1.000000     541.499386       0.000000            0
# Jump frustrated.
       270       135.0000       1       1       5.133945       5.193673      10.327619       5.143832       2.850674       1.000000     541.499386       0.000000            0
# Jump frustrated.
       271       135.5000       1       1       4.706600       5.632553      10.339153       5.143832       3.125624       1.000000     541.499386       0.000000            0
# Jump frustrated.
       272       136.0000       1       1       4.356080       5.988598      10.344678       5.143832       3.311094       1.000000     541.499386       0.000000            0
# Jump frustrated.
       273       136.5000       1       1       4.176753       6.167970      10.344724       5.143832       3.243734       1.000000     541.499386       0.000000            0
# Jump frustrated.
       274       137.0000       1       1       4.173426       6.168801      10.342226       5.143832       2.919757       1.000000     541.499386       0.000000            0
       275       137.5000       1       1       4.259652       6.070395      10.330048       5.143831       2.516420       1.000000     541.499386       0.000000            0
       276       138.0000       1       1       4.286251       6.036971      10.323221       5.143831       2.270372       1.000000     541.499386       0.000000            1
       277       138.5000       1       1       4.158106       6.168385      10.326491       5.143831       2.234101       1.000000     541.499386       0.000000            0
       278       139.0000       1       1       3.896889       6.437028      10.333917       5.143831       2.262202       1.000000     541.499386       0.000000            0
# Jump frustrated.
       279       139.5000       1       1       3.581596       6.757157      10.338753       5.143830       2.224014       1.000000     541.499386       0.000000            0
# Jump frustrated.
       280       140.0000       1       1       3.270795       7.068982      10.339777       5.143830       2.121164       1.000000     541.499386       0.000000            0
# Jump frustrated.
       281       140.5000       1       1       2.981124       7.357763      10.338887       5.143830       2.082024       1.000000     541.499386       0.000000            0
# Jump frustrated.
       282       141.0000       1       1       2.702213       7.635540      10.337753       5.143831       2.233675       1.000000     541.499386       0.000000            0
# Jump frustrated.
       283       141.5000       1       1       2.429422       7.910203      10.339625       5.143831       2.611135       1.000000     541.499386       0.000000            0
       284       142.0000       1       1       2.194904       8.149158      10.344062       5.143831       3.100278       1.000000     541.499386       0.000000            1
# Jump frustrated.
       285       142.5000       1       1       2.068588       8.280158      10.348745       5.143831       3.489167       1.000000     541.499386       0.000000            0
       286       143.0000       1       1       2.114009       8.234484      10.348494       5.143831       3.586742       1.000000     541.499386       0.000000            0
# Jump frustrated.
       287       143.5000       1       1       2.327336       8.015044      10.342380       5.143831       3.358196       1.000000     541.499386       0.000000            0
       288       144.0000       1       1       2.623069       7.711109      10.334178       5.143831       2.940277       1.000000     541.499386       0.000000            0
# Jump frustrated.
       289       144.5000       1       1       2.888352       7.441220      10.329572       5.143831       2.508162       1.000000     541.499386       0.000000            0
       290       145.0000       1       1       3.051349       7.278665      10.330013       5.143831       2.179656       1.000000     541.499386       0.000000            0
# Jump frustrated.
       291       145.5000       1       1       3.099557       7.231953      10.331510       5.143831       2.008811       1.000000     541.499386       0.000000            0
# Jump frustrated.
       292       146.0000       1       1       3.041751       7.288837      10.330588       5.143831       2.009710       1.000000     541.499386       0.000000            0
# Jump frustrated.
       293       146.5000       1       1       2.876149       7.454507      10.330656       5.143830       2.260291       1.000000     541.499386       0.000000            1
       294       147.0000       1       1       2.616238       7.718375      10.334613       5.143830       2.810420       1.000000     541.499386       0.000000            0
       295       147.5000       1       1       2.338120       8.005495      10.343615       5.143830       3.484800       1.000000     541.499386       0.000000            0
# Jump frustrated.
       296       148.0000       1       1       2.178074       8.173241      10.351314       5.143830       3.897638       1.000000     541.499386       0.000000            0
# Jump frustrated.
       297       148.5000       1       1       2.235124       8.112827      10.347951       5.143830       3.748594       1.000000     541.499386       0.000000            0
# Jump frustrated.
       298       149.0000       1       1       2.468159       7.869928      10.338086       5.143830       3.136893       1.000000     541.499386       0.000000            0
       299       149.5000       1       1       2.742054       7.589659      10.331713       5.143830       2.432664       1.000000     541.499386       0.000000            0
       300       150.0000       1       1       2.953063       7.378316      10.331379       5.143830       1.931433       1.000000     541.499386       0.000000            0
# Jump frustrated.
       301       150.5000       1       1       3.078835       7.255413      10.334248       5.143830       1.725244       1.000000     541.499386       0.000000            0
# Jump frustrated.
       302       151.0000       1       1       3.147999       7.188771      10.336770       5.143830       1.727445       1.000000     541.499386       0.000000            0
       303       151.5000       1       1       3.197443       7.141229      10.338672       5.143830       1.842055       1.000000     541.499386       0.000000            1
# Jump frustrated.
       304       152.0000       1       1       3.254841       7.084553      10.339394       5.143830       1.973362       1.000000     541.499386       0.000000            0
# Jump frustrated.
       305       152.5000       1       1       3.331333       7.007115      10.338449       5.143830       2.049962       1.000000     541.499386       0.000000            0
# Jump frustrated.
       306       153.0000       1       1       3.412941       6.921789      10.334730       5.143830       2.078944       1.000000     541.499386       0.000000            0
# Jump frustrated.
       307       153.5000       1       1       3.439359       6.885250      10.324609       5.143830       2.156064       1.000000     541.499386       0.000000            0
# Jump frustrated.
       308       154.0000       1       1       3.315296       7.006493      10.321788       5.143831       2.628469       1.000000     541.499386       0.000000            0
# Jump frustrated.
       309       154.5000       1       1       3.045204       7.289668      10.334872       5.143830       3.532044       1.000000     541.499386       0.000000            1
# Jump frustrated.
       310       155.0000       1       1       2.829587       7.523225      10.352811       5.143830       4.266157       1.000000     541.499386       0.000000            0
# Jump frustrated.
       311       155.5000       1       1       2.895047       7.456583      10.351631       5.143830       4.237025       1.000000     541.499386       0.000000            0
# Jump frustrated.
       312       156.0000       1       1       3.232428       7.103860      10.336288       5.143829       3.569888       1.000000     541.499386       0.000000            0
# Jump frustrated.
       313       156.5000       1       1       3.637065       6.689270      10.326335       5.143829       2.843052       1.000000     541.499386       0.000000            0
# Jump frustrated.
       314       157.0000       1       1       3.929712       6.392393      10.322105       5.143830       2.329851       1.000000     541.499386       0.000000            0
# Jump frustrated.
       315       157.5000       1       1       4.028963       6.294195      10.323158       5.143831       2.165993       1.000000     541.499386       0.000000            0
# Jump frustrated.
       316       158.0000       1       1       3.947504       6.382843      10.330347       5.143831       2.437306       1.000000     541.499386       0.000000            1
# Jump frustrated.
       317       158.5000       1       1       3.778174       6.559101      10.337275       5.143830       2.778314       1.000000     541.499386       0.000000            0
# Jump frustrated.
       318       159.0000       1       1       3.620280       6.721241      10.341521       5.143830       2.896387       1.000000     541.499386       0.000000            0
# Jump frustrated.
       319       159.5000       1       1       3.526739       6.813626      10.340365       5.143830       2.766394       1.000000     541.499386       0.000000            0
# Jump frustrated.
       320       160.0000       1       1       3.453456       6.871548      10.325005       5.143830       2.588396       1.000000     541.499386       0.000000            0
# Jump frustrated.
       321       160.5000       1       1       3.305862       7.032859      10.338720       5.143830       3.008349       1.000000     541.499386       0.000000            0
# Jump frustrated.
       322       161.0000       1       1       3.232792       7.114240      10.347032       5.143829       3.047168       1.000000     541.499386       0.000000            0
       323       161.5000       1       1       3.378111       6.967047      10.345158       5.143830       2.964890       1.000000     541.499386       0.000000            1
# Jump frustrated.
       324       162.0000       1       1       3.683317       6.635708      10.319025       5.143830       2.448309       1.000000     541.499386       0.000000            0
       325       162.5000       1       1       3.958408       6.374331      10.332739       5.143830       1.949635       1.000000     541.499386       0.000000            0
# Jump frustrated.
       326       163.0000       1       1       4.152497       6.184579      10.337075       5.143830       1.854746       1.000000     541.499386       0.000000            0
       327       163.5000       1       1       4.299670       6.024722      10.324391       5.143830       1.798436       1.000000     541.499386       0.000000            0
# Jump frustrated.
       328       164.0000       1       1       4.312428       6.009567      10.321995       5.143830       2.007642       1.000000     541.499386       0.000000            0
       329       164.5000       1       1       4.156681       6.170254      10.326935       5.143829       2.477774       1.000000     541.499386       0.000000            0
# Jump frustrated.
       330       165.0000       1       1       3.904484       6.431423      10.335907       5.143829       3.171869       1.000000     541.499386       0.000000            1
# Jump frustrated.
       331       165.5000       1       1       3.703582       6.647333      10.350915       5.143829       3.841009       1.000000     541.499386       0.000000            0
       332       166.0000       1       1       3.741534       6.613909      10.355443       5.143829       3.936622       1.000000     541.499386       0.000000            0
       333       166.5000       1       1       4.054589       6.285268      10.339857       5.143829       3.197375       1.000000     541.499386       0.000000            0
# Jump frustrated.
       334       167.0000       1       1       4.445825       5.877529      10.323354       5.143830       2.054313       1.000000     541.499386       0.000000            0
# Jump frustrated.
       335       167.5000       1       1       4.689297       5.629647      10.318944       5.143830       1.157652       1.000000     541.499386       0.000000            1
       336       168.0000       1       1       4.701733       5.621343      10.323076       5.143830       1.095321       1.000000     541.499386       0.000000            0
# Jump frustrated.
       337       168.5000       1       1       4.522358       5.806528      10.328886       5.143830       1.528756       1.000000     541.499386       0.000000            0
       338       169.0000       1       1       4.233771       6.101536      10.335308       5.143830       2.101692       1.000000     541.499386       0.000000            0
# Jump frustrated.
       339       169.5000       1       1       3.942942       6.400489      10.343431       5.143830       2.626474       1.000000     541.499386       0.000000            0
       340       170.0000       1       1       3.756194       6.587958      10.344152       5.143830       2.817694       1.000000     541.499386       0.000000            1
       341       170.5000       1       1       3.693544       6.644842      10.338387       5.143831       2.552337       1.000000     541.499386       0.000000            0
# Jump frustrated.
       342       171.0000       1       1       3.693201       6.642974      10.336175       5.143830       2.037501       1.000000     541.499386       0.000000            0
       343       171.5000       1       1       3.686859       6.645673      10.332532       5.143831       1.553838       1.000000     541.499386       0.000000            1
       344       172.0000       1       1       3.624936       6.708370      10.333305       5.143831       1.434235       1.000000     541.499386       0.000000            0
# Jump frustrated.
       345       172.5000       1       1       3.507223       6.829612      10.336835       5.143831       1.649855       1.000000     541.499386       0.000000            0
# Jump frustrated.
       346       173.0000       1       1       3.382050       6.958951      10.341000       5.143831       1.902477       1.000000     541.499386       0.000000            1
       347       173.5000       1       1       3.302405       7.039710      10.342114       5.143831       1.969251       1.000000     541.499386       0.000000            0
# Jump frustrated.
       348       174.0000       1       1       3.285277       7.056941      10.342217       5.143832       1.972819       1.000000     541.499386       0.000000            1
# Jump frustrated.
       349       174.5000       1       1       3.328475       7.013551      10.342026       5.143832       1.965286       1.000000     541.499386       0.000000            0
# Jump frustrated.
       350       175.0000       1       1       3.425564       6.914938      10.340502       5.143832       1.951276       1.000000     541.499386       0.000000            0
# Jump frustrated.
       351       175.5000       1       1       3.545503       6.789129      10.334632       5.143832       1.908726       1.000000     541.499386       0.000000            0
       352       176.0000       1       1       3.651633       6.687609      10.339242       5.143832       1.951038       1.000000     541.499386       0.000000            0
# Jump frustrated.
       353       176.5000       1       1       3.777407       6.566990      10.344396       5.143832       1.988940       1.000000     541.499386       0.000000            1
# Jump frustrated.
       354       177.0000       1       1       3.978320       6.366027      10.344347       5.143832       1.963078       1.000000     541.499386       0.000000            0
       355       177.5000       1       1       4.259261       6.082021      10.341282       5.143832       1.862935       1.000000     541.499386       0.000000            0
# Jump frustrated.
       356       178.0000       1       1       4.577278       5.757117      10.334395       5.143832       1.606042       1.000000     541.499386       0.000000            0
# Jump frustrated.
       357       178.5000       1       1       4.839674       5.484115      10.323789       5.143832       1.120194       1.000000     541.499386       0.000000            0
# Jump frustrated.
       358       179.0000       1       1       4.913304       5.401487      10.314792       5.143833       0.761612       1.000000     541.499386       0.000000            0
# Jump frustrated.
       359       179.5000       1       1       4.704060       5.613661      10.317721       5.143833       1.652206       1.000000     541.499386       0.000000            0
       360       180.0000       1       1       4.287288       6.048597      10.335885       5.143833       2.876090       1.000000     541.499386       0.000000            0
       361       180.5000       1       1       3.932256       6.423119      10.355375       5.143833       3.659773       1.000000     541.499386       0.000000            1
# Jump frustrated.
       362       181.0000       1       1       3.895059       6.457996      10.353055       5.143833       3.597501       1.000000     541.499386       0.000000            0
# Jump frustrated.
       363       181.5000       1       1       4.160831       6.175029      10.335860       5.143833       2.933363       1.000000     541.499386       0.000000            0
# Jump frustrated.
       364       182.0000       1       1       4.492939       5.828534      10.321473       5.143834       2.170048       1.000000     541.499386       0.000000            0
       365       182.5000       1       1       4.679619       5.641480      10.321100       5.143834       1.670236       1.000000     541.499386       0.000000            0
       366       183.0000       1       1       4.655025       5.668469      10.323494       5.143833       1.558131       1.000000     541.499386       0.000000            0
# Jump frustrated.
       367       183.5000       1       1       4.449465       5.879605      10.329069       5.143833       1.720623       1.000000     541.499386       0.000000            0
# Jump frustrated.
       368       184.0000       1       1       4.137569       6.198281      10.335850       5.143833       1.936261       1.000000     541.499386       0.000000            0
# Jump frustrated.
       369       184.5000       1       1       3.809187       6.531074      10.340261       5.143833       2.102758       1.000000     541.499386       0.000000            0
       370       185.0000       1       1       3.532911       6.809889      10.342800       5.143833       2.207664       1.000000     541.499386       0.000000            1
# Jump frustrated.
       371       185.5000       1       1       3.353302       6.991752      10.345054       5.143833       2.246634       1.000000     541.499386       0.000000            0
       372       186.0000       1       1       3.302432       7.044692      10.347125       5.143832       2.244062       1.000000     541.499386       0.000000            0
# Jump frustrated.
       373       186.5000       1       1       3.402359       6.945041      10.347400       5.143832       2.203537       1.000000     541.499386       0.000000            0
       374       187.0000       1       1       3.655682       6.690100      10.345782       5.143833       2.104222       1.000000     541.499386       0.000000            0
# Jump frustrated.
       375       187.5000       1       1       4.039216       6.303330      10.342546       5.143833       1.929238       1.000000     541.499386       0.000000            0
# Jump frustrated.
       376       188.0000       1       1       4.505232       5.831856      10.337087       5.143834       1.682381       1.000000     541.499386       0.000000            0
       377       188.5000       1       1       4.977609       5.351662      10.329271       5.143834       1.334667       1.000000     541.499386       0.000000            1
       378       189.0000       1       1       5.348312       4.972573      10.320885       5.143834       0.900761       1.000000     541.499386       0.000000            0
       379       189.5000       1       1       5.505312       4.810847      10.316159       5.143835       0.787835       1.000000     541.499386       0.000000            0
       380       190.0000       1       1       5.394510       4.924408      10.318918       5.143835       1.488026       1.000000     541.499386       0.000000            0
       381       190.5000       1       1       5.074111       5.256163      10.330274       5.143835       2.489326       1.000000     541.499386       0.000000            0
       382       191.0000       1       1       4.748685       5.601828      10.350513       5.143835       3.285211       1.000000     541.499386       0.000000            0
# Jump frustrated.
       383       191.5000       1       1       4.678264       5.676566      10.354830       5.143835       3.351959       1.000000     541.499386       0.000000            1
# Jump frustrated.
       384       192.0000       1       1       4.920361       5.418719      10.339080       5.143835       2.694232       1.000000     541.499386       0.000000            0
# Jump frustrated.
       385       192.5000       1       1       5.273429       5.049595      10.323024       5.143836       1.892228       1.000000     541.499386       0.000000            0
# Jump frustrated.
       386       193.0000       1       1       5.497963       4.819567      10.317530       5.143837       1.628730       1.000000     541.499386       0.000000            0
       387       193.5000       1       1       5.487747       4.834307      10.322054       5.143837       1.991793       1.000000     541.499386       0.000000            0
       388       194.0000       1       1       5.278562       5.052086      10.330648       5.143838       2.388986       1.000000     541.499386       0.000000            0
# Jump frustrated.
       389       194.5000       1       1       4.970699       5.366817      10.337516       5.143838       2.580265       1.000000     541.499386       0.000000            0
       390       195.0000       1       1       4.653555       5.687361      10.340916       5.143839       2.607313       1.000000     541.499386       0.000000            1
# Jump frustrated.
       391       195.5000       1       1       4.378072       5.963893      10.341965       5.143839       2.520184       1.000000     541.499386       0.000000            0
# Jump frustrated.
       392       196.0000       1       1       4.164453       6.177728      10.342181       5.143840       2.385697       1.000000     541.499386       0.000000            0
# Jump frustrated.
       393       196.5000       1       1       4.015891       6.326166      10.342058       5.143840       2.226742       1.000000     541.499386       0.000000            0
# Jump frustrated.
       394       197.0000       1       1       3.929378       6.412323      10.341701       5.143840       2.068706       1.000000     541.499386       0.000000            0
       395       197.5000       1       1       3.900995       6.440557      10.341553       5.143841       1.932043       1.000000     541.499386       0.000000            1
# Jump frustrated.
       396       198.0000       1       1       3.928262       6.413153      10.341415       5.143841       1.826098       1.000000     541.499386       0.000000            0
# Jump frustrated.
       397       198.5000       1       1       4.009947       6.331564      10.341511       5.143842       1.748911       1.000000     541.499386       0.000000            0
# Jump frustrated.
       398       199.0000       1       1       4.144667       6.196620      10.341287       5.143842       1.687593       1.000000     541.499386       0.000000            0
       399       199.5000       1       1       4.327919       6.012473      10.340392       5.143842       1.619709       1.000000     541.499386       0.000000            0
# Jump frustrated.
       400       200.0000       1       1       4.547603       5.791165      10.338767       5.143841       1.528968       1.000000     541.499386       0.000000            0
