#===============================================================================================================================================================================
#     Step |         Time |         State |                                     Energy |      Angular |     Gradient |      Density |           Expectation Value |    Runtime |
#          |              |  diag |   MCH |          kin |          pot |          tot |     Momentum |          RMS |        Total |           DM |            S |            |
#          |         [fs] |       |       |         [eV] |         [eV] |         [eV] |       [hbar] |     [eV/Ang] |              |      [Debye] |              |      [sec] |
#===============================================================================================================================================================================
         0         0.0000       2       2       0.074467       9.938725      10.013192       0.000054       2.029347       1.000000     541.499386       0.000000            3
         1         0.5000       2       2       0.127817       9.884540      10.012357       0.000054       1.920318       1.000000     541.499386       0.000000            0
         2         1.0000       2       2       0.196305       9.815200      10.011504       0.000054       1.767467       1.000000     541.499386       0.000000            1
         3         1.5000       2       2       0.265079       9.745444      10.010523       0.000054       1.581350       1.000000     541.499386       0.000000            0
         4         2.0000       2       2       0.321355       9.688767      10.010122       0.000054       1.391593       1.000000     541.499386       0.000000            0
         5         2.5000       2       2       0.357966       9.652229      10.010194       0.000054       1.239446       1.000000     541.499386       0.000000            0
         6         3.0000       2       2       0.375996       9.634790      10.010785       0.000054       1.163138       1.000000     541.499386       0.000000            0
         7         3.5000       2       2       0.384793       9.626693      10.011486       0.000054       1.154949       1.000000     541.499386       0.000000            0
         8         4.0000       2       2       0.397341       9.615067      10.012408       0.000054       1.152018       1.000000     541.499386       0.000000            0
# Jump frustrated.
         9         4.5000       2       2       0.422469       9.589739      10.012208       0.000054       1.100442       1.000000     541.499386       0.000000            1
# Jump frustrated.
        10         5.0000       2       2       0.459281       9.552370      10.011651       0.000054       0.991484       1.000000     541.499386       0.000000            0
        11         5.5000       2       2       0.497684       9.512925      10.010609       0.000054       0.862304       1.000000     541.499386       0.000000            0
# Surface Hop/Pointer State Switch: new state=      1 old state=      2 randnum=  0.167055597 gap= -8.851091 eV
        12         6.0000       1       1       9.375764       0.634844      10.010609       1.891953       2.268231       1.000000     541.499386       0.000000            0
# Jump frustrated.
        13         6.5000       1       1       9.148126       0.865703      10.013828       1.891953       2.636986       1.000000     541.499386       0.000000            0
        14         7.0000       1       1       8.431389       1.596477      10.027866       1.891954       3.724992       1.000000     541.499386       0.000000            0
# Jump frustrated.
        15         7.5000       1       1       7.478978       2.573473      10.052451       1.891954       4.744819       1.000000     541.499386       0.000000            0
        16         8.0000       1       1       6.640251       3.427981      10.068232       1.891955       5.228557       1.000000     541.499386       0.000000            0
# Jump frustrated.
        17         8.5000       1       1       6.101736       3.956339      10.058075       1.891956       4.819571       1.000000     541.499386       0.000000            0
# Jump frustrated.
        18         9.0000       1       1       5.763756       4.281036      10.044792       1.891956       4.000065       1.000000     541.499386       0.000000            0
# Jump frustrated.
        19         9.5000       1       1       5.430445       4.611337      10.041782       1.891956       3.372392       1.000000     541.499386       0.000000            0
        20        10.0000       1       1       5.033153       5.014717      10.047870       1.891957       3.165872       1.000000     541.499386       0.000000            0
        21        10.5000       1       1       4.614957       5.436988      10.051946       1.891957       3.212263       1.000000     541.499386       0.000000            1
# Jump frustrated.
        22        11.0000       1       1       4.247040       5.810680      10.057720       1.891958       3.368768       1.000000     541.499386       0.000000            0
# Jump frustrated.
        23        11.5000       1       1       4.004995       6.057108      10.062104       1.891958       3.495969       1.000000     541.499386       0.000000            0
# Jump frustrated.
        24        12.0000       1       1       3.944781       6.117522      10.062303       1.891958       3.487288       1.000000     541.499386       0.000000            0
        25        12.5000       1       1       4.069923       5.989429      10.059352       1.891957       3.368505       1.000000     541.499386       0.000000            0
        26        13.0000       1       1       4.337064       5.717880      10.054943       1.891957       3.209727       1.000000     541.499386       0.000000            0
# Jump frustrated.
        27        13.5000       1       1       4.682270       5.367440      10.049710       1.891957       3.089724       1.000000     541.499386       0.000000            0
        28        14.0000       1       1       5.047825       4.999769      10.047594       1.891957       3.101408       1.000000     541.499386       0.000000            0
# Jump frustrated.
        29        14.5000       1       1       5.404333       4.641233      10.045566       1.891958       3.286909       1.000000     541.499386       0.000000            0
        30        15.0000       1       1       5.745151       4.299097      10.044248       1.891957       3.568792       1.000000     541.499386       0.000000            0
        31        15.5000       1       1       6.099746       3.950111      10.049857       1.891957       3.916937       1.000000     541.499386       0.000000            0
        32        16.0000       1       1       6.567074       3.487772      10.054846       1.891957       4.094213       1.000000     541.499386       0.000000            1
# Jump frustrated.
        33        16.5000       1       1       7.193713       2.847513      10.041226       1.891957       3.596957       1.000000     541.499386       0.000000            0
# Jump frustrated.
        34        17.0000       1       1       7.777557       2.236113      10.013670       1.891956       2.603864       1.000000     541.499386       0.000000            0
        35        17.5000       1       1       7.982294       2.023731      10.006025       1.891956       2.182794       1.000000     541.499386       0.000000            0
# Jump frustrated.
        36        18.0000       1       1       7.684610       2.338255      10.022865       1.891955       3.086847       1.000000     541.499386       0.000000            0
# Jump frustrated.
        37        18.5000       1       1       7.122152       2.926612      10.048763       1.891955       4.226230       1.000000     541.499386       0.000000            0
# Jump frustrated.
        38        19.0000       1       1       6.658255       3.399747      10.058001       1.891955       4.663018       1.000000     541.499386       0.000000            0
# Jump frustrated.
        39        19.5000       1       1       6.419164       3.627076      10.046240       1.891955       4.648309       1.000000     541.499386       0.000000            0
# Jump frustrated.
        40        20.0000       1       1       6.265811       3.771777      10.037588       1.891955       4.876942       1.000000     541.499386       0.000000            0
# Jump frustrated.
        41        20.5000       1       1       6.067704       3.973986      10.041690       1.891956       5.373614       1.000000     541.499386       0.000000            0
        42        21.0000       1       1       5.846817       4.202560      10.049378       1.891957       5.737763       1.000000     541.499386       0.000000            0
# Jump frustrated.
        43        21.5000       1       1       5.690815       4.363040      10.053856       1.891956       5.756796       1.000000     541.499386       0.000000            1
# Jump frustrated.
        44        22.0000       1       1       5.661438       4.393558      10.054996       1.891955       5.451089       1.000000     541.499386       0.000000            0
# Jump frustrated.
        45        22.5000       1       1       5.773097       4.280828      10.053926       1.891955       4.912436       1.000000     541.499386       0.000000            0
        46        23.0000       1       1       6.004888       4.046648      10.051536       1.891955       4.217722       1.000000     541.499386       0.000000            0
# Jump frustrated.
        47        23.5000       1       1       6.306106       3.740013      10.046120       1.891956       3.571139       1.000000     541.499386       0.000000            0
        48        24.0000       1       1       6.595330       3.443136      10.038466       1.891956       3.091068       1.000000     541.499386       0.000000            0
        49        24.5000       1       1       6.782604       3.254214      10.036819       1.891955       2.845897       1.000000     541.499386       0.000000            0
        50        25.0000       1       1       6.834444       3.204181      10.038625       1.891955       2.905732       1.000000     541.499386       0.000000            0
# Jump frustrated.
        51        25.5000       1       1       6.768557       3.270408      10.038965       1.891956       3.172728       1.000000     541.499386       0.000000            0
# Jump frustrated.
        52        26.0000       1       1       6.612314       3.428604      10.040917       1.891957       3.644920       1.000000     541.499386       0.000000            0
        53        26.5000       1       1       6.442628       3.611090      10.053718       1.891958       4.398371       1.000000     541.499386       0.000000            0
# Jump frustrated.
        54        27.0000       1       1       6.429520       3.632058      10.061578       1.891958       4.931929       1.000000     541.499386       0.000000            1
# Jump frustrated.
        55        27.5000       1       1       6.657608       3.389781      10.047389       1.891959       4.730840       1.000000     541.499386       0.000000            0
# Jump frustrated.
        56        28.0000       1       1       6.945854       3.081901      10.027756       1.891959       4.037762       1.000000     541.499386       0.000000            0
        57        28.5000       1       1       7.018245       3.002180      10.020425       1.891959       3.437929       1.000000     541.499386       0.000000            0
# Jump frustrated.
        58        29.0000       1       1       6.736345       3.288054      10.024399       1.891958       3.301274       1.000000     541.499386       0.000000            0
# Jump frustrated.
        59        29.5000       1       1       6.149245       3.889490      10.038735       1.891958       3.639445       1.000000     541.499386       0.000000            0
# Jump frustrated.
        60        30.0000       1       1       5.455572       4.598881      10.054453       1.891958       4.038910       1.000000     541.499386       0.000000            0
# Jump frustrated.
        61        30.5000       1       1       4.885840       5.177480      10.063321       1.891959       4.109700       1.000000     541.499386       0.000000            0
        62        31.0000       1       1       4.538819       5.518577      10.057397       1.891959       3.804717       1.000000     541.499386       0.000000            0
# Jump frustrated.
        63        31.5000       1       1       4.356095       5.694835      10.050931       1.891959       3.429656       1.000000     541.499386       0.000000            0
# Jump frustrated.
        64        32.0000       1       1       4.247307       5.802375      10.049682       1.891959       3.236072       1.000000     541.499386       0.000000            0
        65        32.5000       1       1       4.175262       5.875038      10.050300       1.891959       3.216839       1.000000     541.499386       0.000000            1
        66        33.0000       1       1       4.142335       5.909500      10.051836       1.891959       3.331939       1.000000     541.499386       0.000000            0
        67        33.5000       1       1       4.166049       5.887494      10.053543       1.891959       3.521636       1.000000     541.499386       0.000000            0
# Jump frustrated.
        68        34.0000       1       1       4.273371       5.782445      10.055816       1.891959       3.748238       1.000000     541.499386       0.000000            0
# Jump frustrated.
        69        34.5000       1       1       4.497828       5.559891      10.057719       1.891959       3.973408       1.000000     541.499386       0.000000            0
        70        35.0000       1       1       4.870441       5.188068      10.058509       1.891960       4.133140       1.000000     541.499386       0.000000            0
        71        35.5000       1       1       5.408305       4.648707      10.057011       1.891961       4.202609       1.000000     541.499386       0.000000            0
# Jump frustrated.
        72        36.0000       1       1       6.111782       3.945544      10.057326       1.891961       4.125556       1.000000     541.499386       0.000000            0
# Jump frustrated.
        73        36.5000       1       1       6.984537       3.071936      10.056473       1.891961       4.032519       1.000000     541.499386       0.000000            0
# Jump frustrated.
        74        37.0000       1       1       7.908681       2.124628      10.033309       1.891961       3.110729       1.000000     541.499386       0.000000            0
        75        37.5000       1       1       8.611207       1.408594      10.019800       1.891961       1.973044       1.000000     541.499386       0.000000            0
# Jump frustrated.
        76        38.0000       1       1       8.928334       1.097392      10.025725       1.891961       1.477153       1.000000     541.499386       0.000000            1
# Jump frustrated.
        77        38.5000       1       1       8.899573       1.138913      10.038485       1.891961       2.121613       1.000000     541.499386       0.000000            0
# Jump frustrated.
        78        39.0000       1       1       8.705432       1.346934      10.052367       1.891961       2.881588       1.000000     541.499386       0.000000            0
        79        39.5000       1       1       8.515219       1.536894      10.052114       1.891960       3.184784       1.000000     541.499386       0.000000            0
# Jump frustrated.
        80        40.0000       1       1       8.341385       1.700903      10.042288       1.891961       3.293341       1.000000     541.499386       0.000000            0
# Jump frustrated.
        81        40.5000       1       1       8.064825       1.972037      10.036862       1.891960       3.590534       1.000000     541.499386       0.000000            0
        82        41.0000       1       1       7.606624       2.435415      10.042039       1.891960       4.138691       1.000000     541.499386       0.000000            0
# Jump frustrated.
        83        41.5000       1       1       7.009568       3.037681      10.047249       1.891960       4.471503       1.000000     541.499386       0.000000            0
# Jump frustrated.
        84        42.0000       1       1       6.371168       3.681884      10.053052       1.891960       4.648806       1.000000     541.499386       0.000000            0
# Jump frustrated.
        85        42.5000       1       1       5.771165       4.284980      10.056146       1.891960       4.663868       1.000000     541.499386       0.000000            0
# Jump frustrated.
        86        43.0000       1       1       5.255952       4.800675      10.056627       1.891960       4.510186       1.000000     541.499386       0.000000            0
        87        43.5000       1       1       4.839171       5.217756      10.056927       1.891959       4.237788       1.000000     541.499386       0.000000            1
        88        44.0000       1       1       4.526240       5.531657      10.057896       1.891959       3.877031       1.000000     541.499386       0.000000            0
# Jump frustrated.
        89        44.5000       1       1       4.319518       5.738433      10.057951       1.891959       3.498251       1.000000     541.499386       0.000000            0
# Jump frustrated.
        90        45.0000       1       1       4.203334       5.851578      10.054912       1.891959       3.203233       1.000000     541.499386       0.000000            0
        91        45.5000       1       1       4.158676       5.896213      10.054890       1.891959       3.100634       1.000000     541.499386       0.000000            0
# Jump frustrated.
        92        46.0000       1       1       4.188589       5.867979      10.056568       1.891959       3.181442       1.000000     541.499386       0.000000            0
# Jump frustrated.
        93        46.5000       1       1       4.321693       5.737187      10.058880       1.891959       3.352054       1.000000     541.499386       0.000000            0
# Jump frustrated.
        94        47.0000       1       1       4.591113       5.467506      10.058619       1.891959       3.474333       1.000000     541.499386       0.000000            0
# Jump frustrated.
        95        47.5000       1       1       4.996120       5.058729      10.054850       1.891959       3.478453       1.000000     541.499386       0.000000            0
# Jump frustrated.
        96        48.0000       1       1       5.480790       4.565456      10.046247       1.891959       3.437055       1.000000     541.499386       0.000000            0
# Jump frustrated.
        97        48.5000       1       1       5.935078       4.100418      10.035496       1.891959       3.493933       1.000000     541.499386       0.000000            1
        98        49.0000       1       1       6.231202       3.796898      10.028100       1.891959       3.856530       1.000000     541.499386       0.000000            0
# Jump frustrated.
        99        49.5000       1       1       6.274885       3.747487      10.022373       1.891959       4.606038       1.000000     541.499386       0.000000            0
# Jump frustrated.
       100        50.0000       1       1       6.067937       3.969003      10.036940       1.891958       5.926420       1.000000     541.499386       0.000000            0
# Jump frustrated.
       101        50.5000       1       1       5.924986       4.153565      10.078551       1.891956       7.138691       1.000000     541.499386       0.000000            0
# Jump frustrated.
       102        51.0000       1       1       6.332983       3.742297      10.075280       1.891956       6.848353       1.000000     541.499386       0.000000            0
# Jump frustrated.
       103        51.5000       1       1       7.193478       2.825715      10.019193       1.891956       4.929257       1.000000     541.499386       0.000000            0
# Jump frustrated.
       104        52.0000       1       1       7.855304       2.148710      10.004015       1.891955       3.021494       1.000000     541.499386       0.000000            0
       105        52.5000       1       1       7.989565       2.031828      10.021393       1.891955       2.332212       1.000000     541.499386       0.000000            0
# Jump frustrated.
       106        53.0000       1       1       7.728032       2.310643      10.038676       1.891955       2.602732       1.000000     541.499386       0.000000            0
# Jump frustrated.
       107        53.5000       1       1       7.304738       2.747447      10.052186       1.891955       3.062425       1.000000     541.499386       0.000000            0
# Jump frustrated.
       108        54.0000       1       1       6.895053       3.162037      10.057090       1.891954       3.346923       1.000000     541.499386       0.000000            1
# Jump frustrated.
       109        54.5000       1       1       6.590405       3.471578      10.061984       1.891953       3.379746       1.000000     541.499386       0.000000            0
# Jump frustrated.
       110        55.0000       1       1       6.423471       3.636625      10.060096       1.891952       3.097748       1.000000     541.499386       0.000000            0
# Jump frustrated.
       111        55.5000       1       1       6.353047       3.700361      10.053407       1.891952       2.696177       1.000000     541.499386       0.000000            0
# Jump frustrated.
       112        56.0000       1       1       6.280545       3.768040      10.048585       1.891952       2.438554       1.000000     541.499386       0.000000            0
       113        56.5000       1       1       6.144586       3.905268      10.049854       1.891951       2.294991       1.000000     541.499386       0.000000            0
# Jump frustrated.
       114        57.0000       1       1       5.938423       4.111629      10.050051       1.891951       2.269887       1.000000     541.499386       0.000000            0
# Jump frustrated.
       115        57.5000       1       1       5.666052       4.384008      10.050061       1.891951       2.371859       1.000000     541.499386       0.000000            0
       116        58.0000       1       1       5.339373       4.711404      10.050777       1.891951       2.619880       1.000000     541.499386       0.000000            0
# Jump frustrated.
       117        58.5000       1       1       4.992427       5.063089      10.055516       1.891951       3.040669       1.000000     541.499386       0.000000            0
# Jump frustrated.
       118        59.0000       1       1       4.701250       5.361835      10.063085       1.891951       3.580939       1.000000     541.499386       0.000000            0
       119        59.5000       1       1       4.600112       5.472489      10.072600       1.891952       4.014997       1.000000     541.499386       0.000000            1
       120        60.0000       1       1       4.818350       5.253672      10.072021       1.891952       4.040525       1.000000     541.499386       0.000000            0
# Jump frustrated.
       121        60.5000       1       1       5.355348       4.705798      10.061146       1.891953       3.678441       1.000000     541.499386       0.000000            0
       122        61.0000       1       1       6.049677       3.994539      10.044215       1.891954       3.156343       1.000000     541.499386       0.000000            0
# Jump frustrated.
       123        61.5000       1       1       6.659221       3.367983      10.027203       1.891954       2.645438       1.000000     541.499386       0.000000            0
       124        62.0000       1       1       6.947402       3.063632      10.011034       1.891954       2.353722       1.000000     541.499386       0.000000            0
       125        62.5000       1       1       6.696475       3.299057       9.995532       1.891954       2.944020       1.000000     541.499386       0.000000            0
# Jump frustrated.
       126        63.0000       1       1       5.856280       4.167060      10.023339       1.891953       5.123342       1.000000     541.499386       0.000000            0
# Jump frustrated.
       127        63.5000       1       1       5.001019       5.086341      10.087359       1.891954       6.892364       1.000000     541.499386       0.000000            0
# Jump frustrated.
       128        64.0000       1       1       4.922621       5.163363      10.085984       1.891953       7.049373       1.000000     541.499386       0.000000            0
# Jump frustrated.
       129        64.5000       1       1       5.620040       4.408091      10.028131       1.891952       5.734133       1.000000     541.499386       0.000000            1
# Jump frustrated.
       130        65.0000       1       1       6.396515       3.611920      10.008435       1.891952       4.243075       1.000000     541.499386       0.000000            0
# Jump frustrated.
       131        65.5000       1       1       6.817969       3.201275      10.019243       1.891951       3.465301       1.000000     541.499386       0.000000            0
       132        66.0000       1       1       6.903784       3.125291      10.029075       1.891951       3.106033       1.000000     541.499386       0.000000            0
# Jump frustrated.
       133        66.5000       1       1       6.757636       3.278089      10.035725       1.891950       2.989211       1.000000     541.499386       0.000000            0
       134        67.0000       1       1       6.461510       3.578496      10.040006       1.891949       2.997951       1.000000     541.499386       0.000000            0
       135        67.5000       1       1       6.081411       3.963398      10.044809       1.891949       3.059033       1.000000     541.499386       0.000000            0
# Jump frustrated.
       136        68.0000       1       1       5.675537       4.371344      10.046881       1.891950       3.062745       1.000000     541.499386       0.000000            0
       137        68.5000       1       1       5.273103       4.776385      10.049488       1.891949       3.116234       1.000000     541.499386       0.000000            0
       138        69.0000       1       1       4.900005       5.152983      10.052988       1.891949       3.350002       1.000000     541.499386       0.000000            0
       139        69.5000       1       1       4.616921       5.443424      10.060345       1.891949       3.790946       1.000000     541.499386       0.000000            0
# Jump frustrated.
       140        70.0000       1       1       4.537888       5.531657      10.069545       1.891949       4.243644       1.000000     541.499386       0.000000            1
# Jump frustrated.
       141        70.5000       1       1       4.794932       5.278792      10.073724       1.891949       4.477062       1.000000     541.499386       0.000000            0
# Jump frustrated.
       142        71.0000       1       1       5.445874       4.617981      10.063855       1.891949       4.409685       1.000000     541.499386       0.000000            0
       143        71.5000       1       1       6.371929       3.672749      10.044678       1.891950       3.850304       1.000000     541.499386       0.000000            0
# Jump frustrated.
       144        72.0000       1       1       7.331037       2.699490      10.030527       1.891950       3.288103       1.000000     541.499386       0.000000            0
# Jump frustrated.
       145        72.5000       1       1       8.107640       1.915776      10.023416       1.891949       2.677742       1.000000     541.499386       0.000000            0
# Jump frustrated.
       146        73.0000       1       1       8.517573       1.492259      10.009832       1.891950       2.321953       1.000000     541.499386       0.000000            0
       147        73.5000       1       1       8.369586       1.622221       9.991806       1.891951       2.662121       1.000000     541.499386       0.000000            0
# Jump frustrated.
       148        74.0000       1       1       7.506648       2.488147       9.994795       1.891952       4.448931       1.000000     541.499386       0.000000            0
# Jump frustrated.
       149        74.5000       1       1       6.202797       3.864370      10.067167       1.891952       6.919591       1.000000     541.499386       0.000000            0
       150        75.0000       1       1       5.377413       4.727805      10.105218       1.891951       7.682360       1.000000     541.499386       0.000000            0
       151        75.5000       1       1       5.537397       4.524766      10.062163       1.891950       6.516457       1.000000     541.499386       0.000000            1
       152        76.0000       1       1       6.141813       3.869767      10.011580       1.891950       4.406969       1.000000     541.499386       0.000000            0
# Jump frustrated.
       153        76.5000       1       1       6.490065       3.527632      10.017697       1.891950       3.247195       1.000000     541.499386       0.000000            0
# Jump frustrated.
       154        77.0000       1       1       6.456712       3.576627      10.033339       1.891950       3.095589       1.000000     541.499386       0.000000            0
# Jump frustrated.
       155        77.5000       1       1       6.200183       3.845685      10.045868       1.891950       3.236891       1.000000     541.499386       0.000000            0
# Jump frustrated.
       156        78.0000       1       1       5.872498       4.179931      10.052429       1.891950       3.356776       1.000000     541.499386       0.000000            0
       157        78.5000       1       1       5.561825       4.492587      10.054412       1.891949       3.416945       1.000000     541.499386       0.000000            0
# Jump frustrated.
       158        79.0000       1       1       5.292200       4.761229      10.053430       1.891949       3.529113       1.000000     541.499386       0.000000            0
# Jump frustrated.
       159        79.5000       1       1       5.067101       4.988143      10.055244       1.891948       3.838676       1.000000     541.499386       0.000000            0
       160        80.0000       1       1       4.923776       5.136997      10.060773       1.891948       4.207756       1.000000     541.499386       0.000000            0
# Jump frustrated.
       161        80.5000       1       1       4.934791       5.128485      10.063276       1.891948       4.307665       1.000000     541.499386       0.000000            0
# Jump frustrated.
       162        81.0000       1       1       5.130744       4.928768      10.059511       1.891948       4.010775       1.000000     541.499386       0.000000            1
# Jump frustrated.
       163        81.5000       1       1       5.457715       4.596597      10.054313       1.891948       3.461586       1.000000     541.499386       0.000000            0
       164        82.0000       1       1       5.825652       4.224359      10.050011       1.891949       2.891125       1.000000     541.499386       0.000000            0
# Jump frustrated.
       165        82.5000       1       1       6.159012       3.887829      10.046842       1.891949       2.442743       1.000000     541.499386       0.000000            0
# Jump frustrated.
       166        83.0000       1       1       6.404572       3.640778      10.045350       1.891949       2.218435       1.000000     541.499386       0.000000            0
       167        83.5000       1       1       6.542268       3.505003      10.047271       1.891948       2.292431       1.000000     541.499386       0.000000            0
       168        84.0000       1       1       6.603518       3.449364      10.052883       1.891948       2.569550       1.000000     541.499386       0.000000            0
       169        84.5000       1       1       6.657938       3.398708      10.056646       1.891948       2.871081       1.000000     541.499386       0.000000            0
       170        85.0000       1       1       6.757314       3.296774      10.054088       1.891949       3.033075       1.000000     541.499386       0.000000            0
       171        85.5000       1       1       6.886635       3.161622      10.048257       1.891949       3.033072       1.000000     541.499386       0.000000            0
# Jump frustrated.
       172        86.0000       1       1       6.978283       3.062386      10.040669       1.891950       2.945368       1.000000     541.499386       0.000000            0
       173        86.5000       1       1       6.927075       3.101624      10.028698       1.891950       2.855148       1.000000     541.499386       0.000000            1
       174        87.0000       1       1       6.597763       3.421960      10.019724       1.891950       3.011289       1.000000     541.499386       0.000000            0
       175        87.5000       1       1       5.919178       4.106854      10.026032       1.891949       4.063938       1.000000     541.499386       0.000000            0
# Jump frustrated.
       176        88.0000       1       1       5.138480       4.929806      10.068285       1.891949       5.520602       1.000000     541.499386       0.000000            0
# Jump frustrated.
       177        88.5000       1       1       4.807197       5.279207      10.086405       1.891949       6.009754       1.000000     541.499386       0.000000            0
# Jump frustrated.
       178        89.0000       1       1       5.161863       4.893682      10.055545       1.891950       5.037963       1.000000     541.499386       0.000000            0
# Jump frustrated.
       179        89.5000       1       1       5.826686       4.199239      10.025925       1.891950       3.601311       1.000000     541.499386       0.000000            0
# Jump frustrated.
       180        90.0000       1       1       6.351069       3.667559      10.018628       1.891950       2.975698       1.000000     541.499386       0.000000            0
# Jump frustrated.
       181        90.5000       1       1       6.608845       3.422998      10.031843       1.891950       3.087777       1.000000     541.499386       0.000000            0
# Jump frustrated.
       182        91.0000       1       1       6.709326       3.331444      10.040770       1.891950       3.227488       1.000000     541.499386       0.000000            0
# Jump frustrated.
       183        91.5000       1       1       6.714193       3.313382      10.027575       1.891950       3.202073       1.000000     541.499386       0.000000            0
# Jump frustrated.
       184        92.0000       1       1       6.531313       3.496906      10.028219       1.891950       3.320090       1.000000     541.499386       0.000000            1
# Jump frustrated.
       185        92.5000       1       1       6.171957       3.867484      10.039441       1.891950       3.262881       1.000000     541.499386       0.000000            0
# Jump frustrated.
       186        93.0000       1       1       5.739346       4.303250      10.042595       1.891950       3.222382       1.000000     541.499386       0.000000            0
# Jump frustrated.
       187        93.5000       1       1       5.306624       4.741714      10.048338       1.891950       3.241955       1.000000     541.499386       0.000000            0
       188        94.0000       1       1       4.935837       5.114991      10.050828       1.891950       3.195535       1.000000     541.499386       0.000000            0
# Jump frustrated.
       189        94.5000       1       1       4.667760       5.384256      10.052016       1.891950       3.063753       1.000000     541.499386       0.000000            0
# Jump frustrated.
       190        95.0000       1       1       4.526068       5.527712      10.053781       1.891951       2.907480       1.000000     541.499386       0.000000            0
# Jump frustrated.
       191        95.5000       1       1       4.532418       5.522730      10.055148       1.891951       2.775858       1.000000     541.499386       0.000000            0
# Jump frustrated.
       192        96.0000       1       1       4.708569       5.347510      10.056078       1.891951       2.696288       1.000000     541.499386       0.000000            0
# Jump frustrated.
       193        96.5000       1       1       5.066340       4.987935      10.054275       1.891951       2.645447       1.000000     541.499386       0.000000            0
       194        97.0000       1       1       5.590073       4.460615      10.050688       1.891951       2.615305       1.000000     541.499386       0.000000            1
# Jump frustrated.
       195        97.5000       1       1       6.228622       3.816205      10.044827       1.891951       2.568347       1.000000     541.499386       0.000000            0
# Jump frustrated.
       196        98.0000       1       1       6.895213       3.141277      10.036489       1.891951       2.532125       1.000000     541.499386       0.000000            0
# Jump frustrated.
       197        98.5000       1       1       7.477366       2.549391      10.026756       1.891951       2.621638       1.000000     541.499386       0.000000            0
# Jump frustrated.
       198        99.0000       1       1       7.844125       2.175076      10.019202       1.891951       2.839978       1.000000     541.499386       0.000000            0
       199        99.5000       1       1       7.916921       2.108435      10.025355       1.891951       3.335615       1.000000     541.499386       0.000000            0
# Jump frustrated.
       200       100.0000       1       1       7.745215       2.286146      10.031361       1.891950       3.858289       1.000000     541.499386       0.000000            0
       201       100.5000       1       1       7.455878       2.584269      10.040146       1.891950       4.186834       1.000000     541.499386       0.000000            0
# Jump frustrated.
       202       101.0000       1       1       7.168945       2.874295      10.043240       1.891950       4.248570       1.000000     541.499386       0.000000            0
# Jump frustrated.
       203       101.5000       1       1       6.927680       3.110966      10.038646       1.891950       3.963764       1.000000     541.499386       0.000000            0
# Jump frustrated.
       204       102.0000       1       1       6.676788       3.356772      10.033560       1.891950       3.588281       1.000000     541.499386       0.000000            0
# Jump frustrated.
       205       102.5000       1       1       6.331931       3.699530      10.031462       1.891949       3.441823       1.000000     541.499386       0.000000            1
# Jump frustrated.
       206       103.0000       1       1       5.870397       4.166852      10.037249       1.891948       3.543960       1.000000     541.499386       0.000000            0
# Jump frustrated.
       207       103.5000       1       1       5.361374       4.685453      10.046827       1.891948       3.676629       1.000000     541.499386       0.000000            0
# Jump frustrated.
       208       104.0000       1       1       4.913807       5.138658      10.052465       1.891948       3.677615       1.000000     541.499386       0.000000            0
# Jump frustrated.
       209       104.5000       1       1       4.597944       5.455673      10.053617       1.891948       3.564790       1.000000     541.499386       0.000000            0
       210       105.0000       1       1       4.433308       5.620720      10.054028       1.891948       3.425501       1.000000     541.499386       0.000000            0
# Jump frustrated.
       211       105.5000       1       1       4.421598       5.632553      10.054151       1.891947       3.308831       1.000000     541.499386       0.000000            0
# Jump frustrated.
       212       106.0000       1       1       4.563068       5.490758      10.053826       1.891946       3.215395       1.000000     541.499386       0.000000            0
       213       106.5000       1       1       4.850131       5.201147      10.051279       1.891947       3.116381       1.000000     541.499386       0.000000            0
# Jump frustrated.
       214       107.0000       1       1       5.251725       4.793616      10.045341       1.891946       2.962202       1.000000     541.499386       0.000000            0
# Jump frustrated.
       215       107.5000       1       1       5.714758       4.328993      10.043751       1.891946       2.845296       1.000000     541.499386       0.000000            1
       216       108.0000       1       1       6.204882       3.838211      10.043093       1.891945       2.913830       1.000000     541.499386       0.000000            0
       217       108.5000       1       1       6.725169       3.318365      10.043534       1.891945       3.064749       1.000000     541.499386       0.000000            0
# Jump frustrated.
       218       109.0000       1       1       7.271187       2.768623      10.039810       1.891945       3.066226       1.000000     541.499386       0.000000            0
# Jump frustrated.
       219       109.5000       1       1       7.772923       2.255628      10.028551       1.891944       2.793030       1.000000     541.499386       0.000000            0
# Jump frustrated.
       220       110.0000       1       1       8.092978       1.926156      10.019134       1.891944       2.460373       1.000000     541.499386       0.000000            0
# Jump frustrated.
       221       110.5000       1       1       8.107231       1.908925      10.016156       1.891944       2.453521       1.000000     541.499386       0.000000            0
# Jump frustrated.
       222       111.0000       1       1       7.786743       2.234452      10.021195       1.891944       2.989692       1.000000     541.499386       0.000000            0
       223       111.5000       1       1       7.226535       2.806407      10.032942       1.891944       3.776754       1.000000     541.499386       0.000000            0
       224       112.0000       1       1       6.618703       3.427566      10.046269       1.891945       4.358427       1.000000     541.499386       0.000000            0
# Jump frustrated.
       225       112.5000       1       1       6.141204       3.907759      10.048964       1.891945       4.477391       1.000000     541.499386       0.000000            0
# Jump frustrated.
       226       113.0000       1       1       5.852336       4.193633      10.045969       1.891944       4.246250       1.000000     541.499386       0.000000            1
# Jump frustrated.
       227       113.5000       1       1       5.697627       4.344356      10.041982       1.891944       4.060223       1.000000     541.499386       0.000000            0
       228       114.0000       1       1       5.606388       4.435702      10.042090       1.891944       4.039143       1.000000     541.499386       0.000000            0
# Jump frustrated.
       229       114.5000       1       1       5.561485       4.483867      10.045353       1.891944       4.027937       1.000000     541.499386       0.000000            0
       230       115.0000       1       1       5.587295       4.460615      10.047910       1.891944       3.943123       1.000000     541.499386       0.000000            0
# Jump frustrated.
       231       115.5000       1       1       5.698585       4.347470      10.046054       1.891944       3.754484       1.000000     541.499386       0.000000            0
# Jump frustrated.
       232       116.0000       1       1       5.869905       4.172458      10.042362       1.891945       3.507967       1.000000     541.499386       0.000000            0
# Jump frustrated.
       233       116.5000       1       1       6.051412       3.987688      10.039100       1.891945       3.249356       1.000000     541.499386       0.000000            0
# Jump frustrated.
       234       117.0000       1       1       6.179614       3.851083      10.030697       1.891945       3.009785       1.000000     541.499386       0.000000            0
# Jump frustrated.
       235       117.5000       1       1       6.174127       3.853574      10.027701       1.891945       2.952577       1.000000     541.499386       0.000000            0
       236       118.0000       1       1       6.011188       4.021943      10.033131       1.891945       3.301615       1.000000     541.499386       0.000000            0
       237       118.5000       1       1       5.804529       4.244289      10.048818       1.891945       3.851318       1.000000     541.499386       0.000000            1
       238       119.0000       1       1       5.758542       4.296606      10.055148       1.891945       4.008310       1.000000     541.499386       0.000000            0
# Jump frustrated.
       239       119.5000       1       1       5.954580       4.088792      10.043372       1.891945       3.613586       1.000000     541.499386       0.000000            0
# Jump frustrated.
       240       120.0000       1       1       6.241044       3.787970      10.029015       1.891946       3.292252       1.000000     541.499386       0.000000            0
# Jump frustrated.
       241       120.5000       1       1       6.406701       3.615034      10.021736       1.891946       3.529325       1.000000     541.499386       0.000000            0
       242       121.0000       1       1       6.330513       3.689565      10.020078       1.891946       4.007004       1.000000     541.499386       0.000000            0
       243       121.5000       1       1       5.980153       4.043119      10.023272       1.891946       4.536365       1.000000     541.499386       0.000000            0
# Jump frustrated.
       244       122.0000       1       1       5.421297       4.612791      10.034088       1.891946       5.142091       1.000000     541.499386       0.000000            0
# Jump frustrated.
       245       122.5000       1       1       4.848084       5.203223      10.051308       1.891946       5.735816       1.000000     541.499386       0.000000            0
       246       123.0000       1       1       4.526499       5.536016      10.062516       1.891946       6.045947       1.000000     541.499386       0.000000            0
# Jump frustrated.
       247       123.5000       1       1       4.616406       5.441971      10.058377       1.891947       5.993014       1.000000     541.499386       0.000000            0
# Jump frustrated.
       248       124.0000       1       1       5.071507       4.976725      10.048232       1.891948       5.752599       1.000000     541.499386       0.000000            1
# Jump frustrated.
       249       124.5000       1       1       5.735694       4.302419      10.038113       1.891947       5.387959       1.000000     541.499386       0.000000            0
       250       125.0000       1       1       6.447512       3.584101      10.031613       1.891946       4.895343       1.000000     541.499386       0.000000            0
       251       125.5000       1       1       7.075498       2.951732      10.027230       1.891947       4.302671       1.000000     541.499386       0.000000            0
       252       126.0000       1       1       7.535486       2.490846      10.026332       1.891947       3.713438       1.000000     541.499386       0.000000            0
# Jump frustrated.
       253       126.5000       1       1       7.805734       2.225317      10.031051       1.891947       3.175886       1.000000     541.499386       0.000000            0
       254       127.0000       1       1       7.929777       2.108019      10.037797       1.891947       2.902626       1.000000     541.499386       0.000000            0
# Jump frustrated.
       255       127.5000       1       1       7.990190       2.052173      10.042363       1.891947       2.759322       1.000000     541.499386       0.000000            0
# Jump frustrated.
       256       128.0000       1       1       8.039244       2.001102      10.040346       1.891947       2.513126       1.000000     541.499386       0.000000            0
# Jump frustrated.
       257       128.5000       1       1       8.051118       1.981795      10.032913       1.891946       2.199509       1.000000     541.499386       0.000000            0
# Jump frustrated.
       258       129.0000       1       1       7.946893       2.081861      10.028754       1.891946       2.215149       1.000000     541.499386       0.000000            0
# Jump frustrated.
       259       129.5000       1       1       7.692038       2.342200      10.034238       1.891946       2.689566       1.000000     541.499386       0.000000            1
       260       130.0000       1       1       7.349561       2.691393      10.040954       1.891946       3.197100       1.000000     541.499386       0.000000            0
# Jump frustrated.
       261       130.5000       1       1       7.004891       3.037473      10.042364       1.891946       3.448722       1.000000     541.499386       0.000000            0
# Jump frustrated.
       262       131.0000       1       1       6.670311       3.367568      10.037879       1.891946       3.474268       1.000000     541.499386       0.000000            0
       263       131.5000       1       1       6.282301       3.751432      10.033733       1.891947       3.509317       1.000000     541.499386       0.000000            0
# Jump frustrated.
       264       132.0000       1       1       5.776044       4.257576      10.033620       1.891947       3.661915       1.000000     541.499386       0.000000            0
# Jump frustrated.
       265       132.5000       1       1       5.137590       4.899080      10.036670       1.891947       4.010486       1.000000     541.499386       0.000000            0
# Jump frustrated.
       266       133.0000       1       1       4.432286       5.614076      10.046362       1.891947       4.494306       1.000000     541.499386       0.000000            0
# Jump frustrated.
       267       133.5000       1       1       3.812011       6.245615      10.057626       1.891947       4.888854       1.000000     541.499386       0.000000            0
       268       134.0000       1       1       3.438540       6.624082      10.062622       1.891946       5.067004       1.000000     541.499386       0.000000            0
# Jump frustrated.
       269       134.5000       1       1       3.385721       6.673907      10.059628       1.891947       5.006885       1.000000     541.499386       0.000000            0
# Jump frustrated.
       270       135.0000       1       1       3.610563       6.441180      10.051743       1.891947       4.730401       1.000000     541.499386       0.000000            1
       271       135.5000       1       1       3.991977       6.051295      10.043272       1.891948       4.339501       1.000000     541.499386       0.000000            0
# Jump frustrated.
       272       136.0000       1       1       4.405686       5.634422      10.040108       1.891947       3.964477       1.000000     541.499386       0.000000            0
# Jump frustrated.
       273       136.5000       1       1       4.783901       5.256163      10.040064       1.891948       3.700891       1.000000     541.499386       0.000000            0
       274       137.0000       1       1       5.106370       4.932505      10.038874       1.891948       3.503230       1.000000     541.499386       0.000000            0
# Jump frustrated.
       275       137.5000       1       1       5.343458       4.688982      10.032440       1.891948       3.317409       1.000000     541.499386       0.000000            0
# Jump frustrated.
       276       138.0000       1       1       5.414509       4.606563      10.021071       1.891947       3.171634       1.000000     541.499386       0.000000            0
       277       138.5000       1       1       5.224511       4.796730      10.021241       1.891947       3.510823       1.000000     541.499386       0.000000            0
# Jump frustrated.
       278       139.0000       1       1       4.844510       5.198033      10.042543       1.891946       4.458443       1.000000     541.499386       0.000000            0
# Jump frustrated.
       279       139.5000       1       1       4.639628       5.434082      10.073709       1.891945       5.297519       1.000000     541.499386       0.000000            0
# Jump frustrated.
       280       140.0000       1       1       5.020734       5.053539      10.074273       1.891945       5.222861       1.000000     541.499386       0.000000            0
# Jump frustrated.
       281       140.5000       1       1       5.986640       4.055783      10.042423       1.891945       4.289742       1.000000     541.499386       0.000000            1
# Jump frustrated.
       282       141.0000       1       1       7.107495       2.912079      10.019574       1.891945       3.176645       1.000000     541.499386       0.000000            0
       283       141.5000       1       1       7.970672       2.042623      10.013296       1.891945       2.451959       1.000000     541.499386       0.000000            0
       284       142.0000       1       1       8.416257       1.595854      10.012112       1.891944       2.070459       1.000000     541.499386       0.000000            0
       285       142.5000       1       1       8.423023       1.592948      10.015971       1.891944       2.095775       1.000000     541.499386       0.000000            0
# Jump frustrated.
       286       143.0000       1       1       8.029692       1.991552      10.021245       1.891945       2.567294       1.000000     541.499386       0.000000            0
       287       143.5000       1       1       7.327961       2.701981      10.029943       1.891945       3.324311       1.000000     541.499386       0.000000            0
# Jump frustrated.
       288       144.0000       1       1       6.475372       3.572060      10.047432       1.891945       4.240250       1.000000     541.499386       0.000000            0
# Jump frustrated.
       289       144.5000       1       1       5.697572       4.365532      10.063104       1.891945       5.131228       1.000000     541.499386       0.000000            0
# Jump frustrated.
       290       145.0000       1       1       5.206523       4.860673      10.067196       1.891943       5.814325       1.000000     541.499386       0.000000            0
       291       145.5000       1       1       5.068711       4.991257      10.059968       1.891943       6.300699       1.000000     541.499386       0.000000            0
# Jump frustrated.
       292       146.0000       1       1       5.192119       4.857559      10.049677       1.891943       6.601613       1.000000     541.499386       0.000000            1
       293       146.5000       1       1       5.427792       4.615282      10.043074       1.891943       6.658835       1.000000     541.499386       0.000000            0
       294       147.0000       1       1       5.687726       4.358888      10.046614       1.891943       6.420458       1.000000     541.499386       0.000000            0
# Jump frustrated.
       295       147.5000       1       1       5.968871       4.077374      10.046245       1.891943       5.866107       1.000000     541.499386       0.000000            0
       296       148.0000       1       1       6.263834       3.779043      10.042877       1.891943       5.067210       1.000000     541.499386       0.000000            0
# Jump frustrated.
       297       148.5000       1       1       6.531141       3.508532      10.039673       1.891943       4.216692       1.000000     541.499386       0.000000            0
       298       149.0000       1       1       6.713332       3.320233      10.033565       1.891943       3.435886       1.000000     541.499386       0.000000            0
# Jump frustrated.
       299       149.5000       1       1       6.746027       3.285771      10.031797       1.891943       2.949610       1.000000     541.499386       0.000000            0
# Jump frustrated.
       300       150.0000       1       1       6.604926       3.427151      10.032077       1.891944       2.964919       1.000000     541.499386       0.000000            0
# Jump frustrated.
       301       150.5000       1       1       6.319350       3.714270      10.033620       1.891944       3.394993       1.000000     541.499386       0.000000            0
# Jump frustrated.
       302       151.0000       1       1       5.945485       4.091699      10.037183       1.891944       4.109536       1.000000     541.499386       0.000000            0
       303       151.5000       1       1       5.595530       4.456671      10.052201       1.891944       5.088358       1.000000     541.499386       0.000000            1
# Jump frustrated.
       304       152.0000       1       1       5.505956       4.564626      10.070583       1.891944       5.867603       1.000000     541.499386       0.000000            0
# Jump frustrated.
       305       152.5000       1       1       5.880973       4.176402      10.057375       1.891944       5.719012       1.000000     541.499386       0.000000            0
       306       153.0000       1       1       6.534525       3.490055      10.024581       1.891946       4.669537       1.000000     541.499386       0.000000            0
# Jump frustrated.
       307       153.5000       1       1       7.004598       3.003011      10.007608       1.891947       3.745148       1.000000     541.499386       0.000000            0
# Jump frustrated.
       308       154.0000       1       1       7.014070       2.999481      10.013551       1.891948       3.523183       1.000000     541.499386       0.000000            0
# Jump frustrated.
       309       154.5000       1       1       6.590129       3.439607      10.029736       1.891948       3.944193       1.000000     541.499386       0.000000            0
# Jump frustrated.
       310       155.0000       1       1       5.966912       4.086508      10.053421       1.891948       4.623200       1.000000     541.499386       0.000000            0
# Jump frustrated.
       311       155.5000       1       1       5.465887       4.603033      10.068920       1.891949       4.931549       1.000000     541.499386       0.000000            0
# Jump frustrated.
       312       156.0000       1       1       5.267830       4.791540      10.059370       1.891950       4.538048       1.000000     541.499386       0.000000            0
       313       156.5000       1       1       5.269244       4.775762      10.045006       1.891951       3.797810       1.000000     541.499386       0.000000            0
       314       157.0000       1       1       5.278875       4.762475      10.041350       1.891951       3.177409       1.000000     541.499386       0.000000            1
# Jump frustrated.
       315       157.5000       1       1       5.219433       4.826002      10.045436       1.891952       2.869463       1.000000     541.499386       0.000000            0
# Jump frustrated.
       316       158.0000       1       1       5.124308       4.926484      10.050792       1.891952       2.792516       1.000000     541.499386       0.000000            0
       317       158.5000       1       1       5.059681       4.994994      10.054675       1.891951       2.820810       1.000000     541.499386       0.000000            0
# Jump frustrated.
       318       159.0000       1       1       5.075640       4.980046      10.055687       1.891950       2.887317       1.000000     541.499386       0.000000            0
       319       159.5000       1       1       5.191170       4.863787      10.054957       1.891950       2.971039       1.000000     541.499386       0.000000            0
       320       160.0000       1       1       5.396805       4.655973      10.052778       1.891950       3.096653       1.000000     541.499386       0.000000            0
       321       160.5000       1       1       5.666313       4.384631      10.050945       1.891950       3.273449       1.000000     541.499386       0.000000            0
# Jump frustrated.
       322       161.0000       1       1       5.965962       4.081318      10.047281       1.891950       3.402196       1.000000     541.499386       0.000000            0
# Jump frustrated.
       323       161.5000       1       1       6.247890       3.793783      10.041674       1.891951       3.375804       1.000000     541.499386       0.000000            0
       324       162.0000       1       1       6.447949       3.589499      10.037447       1.891950       3.262894       1.000000     541.499386       0.000000            1
# Jump frustrated.
       325       162.5000       1       1       6.546052       3.498775      10.044827       1.891950       3.514852       1.000000     541.499386       0.000000            0
       326       163.0000       1       1       6.693144       3.375457      10.068600       1.891949       4.208167       1.000000     541.499386       0.000000            0
       327       163.5000       1       1       7.159740       2.908550      10.068289       1.891949       4.206475       1.000000     541.499386       0.000000            0
       328       164.0000       1       1       7.903817       2.124420      10.028238       1.891950       3.020724       1.000000     541.499386       0.000000            0
# Jump frustrated.
       329       164.5000       1       1       8.462583       1.537517      10.000100       1.891950       1.573293       1.000000     541.499386       0.000000            0
# Jump frustrated.
       330       165.0000       1       1       8.429509       1.567205       9.996714       1.891949       1.691042       1.000000     541.499386       0.000000            0
# Jump frustrated.
       331       165.5000       1       1       7.735983       2.273689      10.009672       1.891950       3.232893       1.000000     541.499386       0.000000            0
# Jump frustrated.
       332       166.0000       1       1       6.645899       3.398293      10.044192       1.891950       5.008151       1.000000     541.499386       0.000000            0
# Jump frustrated.
       333       166.5000       1       1       5.735449       4.344563      10.080012       1.891949       5.887175       1.000000     541.499386       0.000000            0
# Jump frustrated.
       334       167.0000       1       1       5.426221       4.638534      10.064755       1.891949       5.631763       1.000000     541.499386       0.000000            1
       335       167.5000       1       1       5.520495       4.506911      10.027407       1.891947       4.941522       1.000000     541.499386       0.000000            0
       336       168.0000       1       1       5.549360       4.473694      10.023054       1.891947       4.960743       1.000000     541.499386       0.000000            0
       337       168.5000       1       1       5.353587       4.684207      10.037794       1.891948       5.391363       1.000000     541.499386       0.000000            0
# Jump frustrated.
       338       169.0000       1       1       5.058994       4.989596      10.048590       1.891947       5.609171       1.000000     541.499386       0.000000            0
# Jump frustrated.
       339       169.5000       1       1       4.806200       5.246613      10.052813       1.891945       5.503234       1.000000     541.499386       0.000000            0
# Jump frustrated.
       340       170.0000       1       1       4.653301       5.398581      10.051882       1.891942       5.181041       1.000000     541.499386       0.000000            0
# Jump frustrated.
       341       170.5000       1       1       4.611491       5.442178      10.053669       1.891941       4.822982       1.000000     541.499386       0.000000            0
# Jump frustrated.
       342       171.0000       1       1       4.715714       5.343150      10.058864       1.891941       4.535184       1.000000     541.499386       0.000000            0
# Jump frustrated.
       343       171.5000       1       1       5.036398       5.025305      10.061703       1.891940       4.255958       1.000000     541.499386       0.000000            0
# Jump frustrated.
       344       172.0000       1       1       5.606326       4.448989      10.055315       1.891940       3.800107       1.000000     541.499386       0.000000            0
# Jump frustrated.
       345       172.5000       1       1       6.311243       3.719876      10.031118       1.891939       3.126747       1.000000     541.499386       0.000000            1
       346       173.0000       1       1       6.856314       3.152695      10.009009       1.891939       2.534869       1.000000     541.499386       0.000000            0
# Jump frustrated.
       347       173.5000       1       1       6.918887       3.076088       9.994975       1.891940       3.425483       1.000000     541.499386       0.000000            0
# Jump frustrated.
       348       174.0000       1       1       6.440129       3.582648      10.022777       1.891941       5.837345       1.000000     541.499386       0.000000            0
# Jump frustrated.
       349       174.5000       1       1       5.962128       4.121386      10.083515       1.891940       7.869208       1.000000     541.499386       0.000000            0
# Jump frustrated.
       350       175.0000       1       1       6.247270       3.827623      10.074893       1.891939       7.933772       1.000000     541.499386       0.000000            0
       351       175.5000       1       1       7.154124       2.839002       9.993126       1.891940       5.893266       1.000000     541.499386       0.000000            0
# Jump frustrated.
       352       176.0000       1       1       7.691396       2.273274       9.964670       1.891938       3.892898       1.000000     541.499386       0.000000            0
       353       176.5000       1       1       7.334354       2.660875       9.995230       1.891938       4.262033       1.000000     541.499386       0.000000            0
# Jump frustrated.
       354       177.0000       1       1       6.484036       3.571645      10.055681       1.891938       5.700156       1.000000     541.499386       0.000000            0
# Jump frustrated.
       355       177.5000       1       1       5.905708       4.172665      10.078373       1.891937       6.053871       1.000000     541.499386       0.000000            0
# Jump frustrated.
       356       178.0000       1       1       5.910831       4.139448      10.050279       1.891937       4.967292       1.000000     541.499386       0.000000            1
       357       178.5000       1       1       6.150618       3.874127      10.024746       1.891936       3.323472       1.000000     541.499386       0.000000            0
# Jump frustrated.
       358       179.0000       1       1       6.207875       3.816620      10.024495       1.891935       2.352756       1.000000     541.499386       0.000000            0
# Jump frustrated.
       359       179.5000       1       1       5.996022       4.042081      10.038103       1.891935       2.231819       1.000000     541.499386       0.000000            0
# Jump frustrated.
       360       180.0000       1       1       5.636384       4.411620      10.048004       1.891934       2.346242       1.000000     541.499386       0.000000            0
       361       180.5000       1       1       5.256785       4.796522      10.053308       1.891934       2.435862       1.000000     541.499386       0.000000            0
# Jump frustrated.
       362       181.0000       1       1       4.921929       5.133052      10.054982       1.891934       2.526006       1.000000     541.499386       0.000000            0
# Jump frustrated.
       363       181.5000       1       1       4.660306       5.396090      10.056395       1.891936       2.645372       1.000000     541.499386       0.000000            0
# Jump frustrated.
       364       182.0000       1       1       4.491315       5.566535      10.057850       1.891937       2.761114       1.000000     541.499386       0.000000            0
       365       182.5000       1       1       4.432658       5.626118      10.058776       1.891936       2.818912       1.000000     541.499386       0.000000            0
       366       183.0000       1       1       4.494274       5.564043      10.058317       1.891936       2.788263       1.000000     541.499386       0.000000            0
       367       183.5000       1       1       4.670567       5.386332      10.056899       1.891936       2.705235       1.000000     541.499386       0.000000            1
# Jump frustrated.
       368       184.0000       1       1       4.947266       5.110216      10.057482       1.891935       2.650229       1.000000     541.499386       0.000000            0
# Jump frustrated.
       369       184.5000       1       1       5.326636       4.731749      10.058385       1.891934       2.665597       1.000000     541.499386       0.000000            0
# Jump frustrated.
       370       185.0000       1       1       5.808566       4.244705      10.053271       1.891934       2.674360       1.000000     541.499386       0.000000            0
       371       185.5000       1       1       6.336449       3.706796      10.043246       1.891934       2.529204       1.000000     541.499386       0.000000            0
# Jump frustrated.
       372       186.0000       1       1       6.779939       3.247779      10.027717       1.891934       2.241591       1.000000     541.499386       0.000000            0
# Jump frustrated.
       373       186.5000       1       1       6.945887       3.067369      10.013256       1.891933       2.148251       1.000000     541.499386       0.000000            0
# Jump frustrated.
       374       187.0000       1       1       6.713785       3.306739      10.020524       1.891934       3.063468       1.000000     541.499386       0.000000            0
# Jump frustrated.
       375       187.5000       1       1       6.279690       3.774684      10.054374       1.891935       4.305237       1.000000     541.499386       0.000000            0
# Jump frustrated.
       376       188.0000       1       1       6.040467       4.014677      10.055144       1.891935       4.657749       1.000000     541.499386       0.000000            0
# Jump frustrated.
       377       188.5000       1       1       6.071971       3.960076      10.032047       1.891936       4.377011       1.000000     541.499386       0.000000            0
       378       189.0000       1       1       6.143053       3.892604      10.035657       1.891936       4.670778       1.000000     541.499386       0.000000            1
       379       189.5000       1       1       6.243614       3.808524      10.052137       1.891936       5.085885       1.000000     541.499386       0.000000            0
# Jump frustrated.
       380       190.0000       1       1       6.486893       3.552752      10.039645       1.891935       4.556774       1.000000     541.499386       0.000000            0
# Jump frustrated.
       381       190.5000       1       1       6.715628       3.311514      10.027142       1.891935       3.554785       1.000000     541.499386       0.000000            0
# Jump frustrated.
       382       191.0000       1       1       6.709515       3.319818      10.029333       1.891935       3.004534       1.000000     541.499386       0.000000            0
# Jump frustrated.
       383       191.5000       1       1       6.437541       3.601332      10.038873       1.891936       3.012833       1.000000     541.499386       0.000000            0
       384       192.0000       1       1       5.999344       4.049555      10.048899       1.891937       3.240272       1.000000     541.499386       0.000000            0
# Jump frustrated.
       385       192.5000       1       1       5.521117       4.534108      10.055225       1.891937       3.388313       1.000000     541.499386       0.000000            0
# Jump frustrated.
       386       193.0000       1       1       5.090415       4.966552      10.056967       1.891937       3.441328       1.000000     541.499386       0.000000            0
# Jump frustrated.
       387       193.5000       1       1       4.751091       5.306611      10.057703       1.891935       3.402717       1.000000     541.499386       0.000000            0
# Jump frustrated.
       388       194.0000       1       1       4.529896       5.529996      10.059892       1.891934       3.365336       1.000000     541.499386       0.000000            0
       389       194.5000       1       1       4.459538       5.602658      10.062196       1.891934       3.304016       1.000000     541.499386       0.000000            1
       390       195.0000       1       1       4.570160       5.492419      10.062579       1.891934       3.213690       1.000000     541.499386       0.000000            0
# Jump frustrated.
       391       195.5000       1       1       4.873200       5.188276      10.061476       1.891935       3.098112       1.000000     541.499386       0.000000            0
# Jump frustrated.
       392       196.0000       1       1       5.346588       4.709535      10.056123       1.891934       2.895084       1.000000     541.499386       0.000000            0
       393       196.5000       1       1       5.942094       4.112044      10.054139       1.891934       2.727550       1.000000     541.499386       0.000000            0
       394       197.0000       1       1       6.601326       3.446043      10.047369       1.891934       2.563568       1.000000     541.499386       0.000000            0
       395       197.5000       1       1       7.227704       2.805992      10.033696       1.891934       2.437832       1.000000     541.499386       0.000000            0
       396       198.0000       1       1       7.664873       2.353618      10.018491       1.891934       2.502079       1.000000     541.499386       0.000000            0
# Jump frustrated.
       397       198.5000       1       1       7.734877       2.276181      10.011057       1.891934       3.215698       1.000000     541.499386       0.000000            0
       398       199.0000       1       1       7.409129       2.621845      10.030974       1.891934       4.581602       1.000000     541.499386       0.000000            0
# Jump frustrated.
       399       199.5000       1       1       6.995889       3.070068      10.065956       1.891934       5.704355       1.000000     541.499386       0.000000            1
# Jump frustrated.
       400       200.0000       1       1       6.940040       3.128820      10.068860       1.891933       5.738666       1.000000     541.499386       0.000000            0
