#===============================================================================================================================================================================
#     Step |         Time |         State |                                     Energy |      Angular |     Gradient |      Density |           Expectation Value |    Runtime |
#          |              |  diag |   MCH |          kin |          pot |          tot |     Momentum |          RMS |        Total |           DM |            S |            |
#          |         [fs] |       |       |         [eV] |         [eV] |         [eV] |       [hbar] |     [eV/Ang] |              |      [Debye] |              |      [sec] |
#===============================================================================================================================================================================
         0         0.0000       2       2       0.107765      10.095261      10.203026       0.000097       2.284697       1.000000     541.499386       0.000000            2
# Jump frustrated.
         1         0.5000       2       2       0.188021      10.014294      10.202315       0.000097       2.087092       1.000000     541.499386       0.000000            2
         2         1.0000       2       2       0.283056       9.918380      10.201436       0.000097       1.845999       1.000000     541.499386       0.000000            0
         3         1.5000       2       2       0.378968       9.821635      10.200604       0.000097       1.581554       1.000000     541.499386       0.000000            0
# Jump frustrated.
         4         2.0000       2       2       0.464678       9.735479      10.200157       0.000097       1.313551       1.000000     541.499386       0.000000            0
# Jump frustrated.
         5         2.5000       2       2       0.533763       9.666346      10.200109       0.000097       1.066669       1.000000     541.499386       0.000000            1
         6         3.0000       2       2       0.584504       9.615690      10.200194       0.000097       0.864966       1.000000     541.499386       0.000000            0
         7         3.5000       2       2       0.618417       9.582058      10.200474       0.000097       0.726905       1.000000     541.499386       0.000000            0
         8         4.0000       2       2       0.638547       9.562335      10.200882       0.000097       0.659356       1.000000     541.499386       0.000000            0
         9         4.5000       2       2       0.647934       9.552993      10.200927       0.000097       0.643808       1.000000     541.499386       0.000000            0
        10         5.0000       2       2       0.648072       9.552785      10.200857       0.000097       0.654457       1.000000     541.499386       0.000000            0
# Surface Hop/Pointer State Switch: new state=      1 old state=      2 randnum=  0.030859863 gap= -8.884931 eV
        11         5.5000       1       1       9.523453       0.677404      10.200857       0.446131       2.342140       1.000000     541.499386       0.000000            0
# Jump frustrated.
        12         6.0000       1       1       9.121412       1.084520      10.205932       0.446131       2.935269       1.000000     541.499386       0.000000            0
# Jump frustrated.
        13         6.5000       1       1       8.345159       1.880898      10.226057       0.446131       3.900922       1.000000     541.499386       0.000000            0
# Jump frustrated.
        14         7.0000       1       1       7.433822       2.807653      10.241475       0.446131       4.638244       1.000000     541.499386       0.000000            0
        15         7.5000       1       1       6.640169       3.610675      10.250844       0.446130       4.876507       1.000000     541.499386       0.000000            0
        16         8.0000       1       1       6.063961       4.179101      10.243062       0.446131       4.536605       1.000000     541.499386       0.000000            1
# Jump frustrated.
        17         8.5000       1       1       5.625999       4.607185      10.233185       0.446131       3.925318       1.000000     541.499386       0.000000            0
# Jump frustrated.
        18         9.0000       1       1       5.204476       5.027588      10.232065       0.446131       3.501973       1.000000     541.499386       0.000000            0
# Jump frustrated.
        19         9.5000       1       1       4.759690       5.475811      10.235500       0.446131       3.409133       1.000000     541.499386       0.000000            0
        20        10.0000       1       1       4.327043       5.911992      10.239034       0.446131       3.510826       1.000000     541.499386       0.000000            0
        21        10.5000       1       1       3.975210       6.268452      10.243662       0.446131       3.627427       1.000000     541.499386       0.000000            0
# Jump frustrated.
        22        11.0000       1       1       3.775172       6.471698      10.246870       0.446131       3.701525       1.000000     541.499386       0.000000            0
# Jump frustrated.
        23        11.5000       1       1       3.770904       6.476058      10.246963       0.446131       3.663423       1.000000     541.499386       0.000000            0
# Jump frustrated.
        24        12.0000       1       1       3.958455       6.284645      10.243100       0.446131       3.528841       1.000000     541.499386       0.000000            0
        25        12.5000       1       1       4.288174       5.950191      10.238366       0.446131       3.383901       1.000000     541.499386       0.000000            0
        26        13.0000       1       1       4.694181       5.540584      10.234765       0.446132       3.325293       1.000000     541.499386       0.000000            1
# Jump frustrated.
        27        13.5000       1       1       5.121596       5.109385      10.230981       0.446132       3.363048       1.000000     541.499386       0.000000            0
# Jump frustrated.
        28        14.0000       1       1       5.539015       4.691474      10.230488       0.446131       3.559225       1.000000     541.499386       0.000000            0
# Jump frustrated.
        29        14.5000       1       1       5.959637       4.274185      10.233822       0.446131       3.892374       1.000000     541.499386       0.000000            0
        30        15.0000       1       1       6.444953       3.793576      10.238529       0.446131       4.049312       1.000000     541.499386       0.000000            0
        31        15.5000       1       1       7.042616       3.191310      10.233926       0.446132       3.791585       1.000000     541.499386       0.000000            0
        32        16.0000       1       1       7.678929       2.537350      10.216278       0.446132       3.020901       1.000000     541.499386       0.000000            0
# Jump frustrated.
        33        16.5000       1       1       8.118570       2.078747      10.197317       0.446132       2.160803       1.000000     541.499386       0.000000            0
# Jump frustrated.
        34        17.0000       1       1       8.148421       2.053627      10.202047       0.446133       2.185909       1.000000     541.499386       0.000000            0
# Jump frustrated.
        35        17.5000       1       1       7.795593       2.423374      10.218967       0.446133       2.969277       1.000000     541.499386       0.000000            0
# Jump frustrated.
        36        18.0000       1       1       7.278887       2.954431      10.233318       0.446133       3.718961       1.000000     541.499386       0.000000            0
# Jump frustrated.
        37        18.5000       1       1       6.807868       3.427151      10.235018       0.446132       4.065384       1.000000     541.499386       0.000000            1
        38        19.0000       1       1       6.429043       3.801050      10.230093       0.446132       4.489678       1.000000     541.499386       0.000000            0
# Jump frustrated.
        39        19.5000       1       1       6.086207       4.142562      10.228769       0.446133       5.164801       1.000000     541.499386       0.000000            0
# Jump frustrated.
        40        20.0000       1       1       5.761314       4.472449      10.233763       0.446133       5.894311       1.000000     541.499386       0.000000            0
# Jump frustrated.
        41        20.5000       1       1       5.507519       4.731957      10.239476       0.446132       6.406490       1.000000     541.499386       0.000000            0
# Jump frustrated.
        42        21.0000       1       1       5.398663       4.844272      10.242935       0.446132       6.554251       1.000000     541.499386       0.000000            0
# Jump frustrated.
        43        21.5000       1       1       5.480227       4.762683      10.242910       0.446132       6.317878       1.000000     541.499386       0.000000            0
# Jump frustrated.
        44        22.0000       1       1       5.749932       4.490718      10.240650       0.446132       5.768236       1.000000     541.499386       0.000000            0
        45        22.5000       1       1       6.173935       4.065333      10.239268       0.446131       5.160232       1.000000     541.499386       0.000000            0
        46        23.0000       1       1       6.697486       3.530539      10.228024       0.446131       4.420271       1.000000     541.499386       0.000000            0
# Jump frustrated.
        47        23.5000       1       1       7.161888       3.047646      10.209534       0.446132       3.399416       1.000000     541.499386       0.000000            1
# Jump frustrated.
        48        24.0000       1       1       7.406164       2.814089      10.220253       0.446131       2.664020       1.000000     541.499386       0.000000            0
# Jump frustrated.
        49        24.5000       1       1       7.423295       2.794781      10.218076       0.446131       2.578873       1.000000     541.499386       0.000000            0
# Jump frustrated.
        50        25.0000       1       1       7.260303       2.963358      10.223660       0.446131       3.005267       1.000000     541.499386       0.000000            0
# Jump frustrated.
        51        25.5000       1       1       7.001149       3.232001      10.233150       0.446131       3.690362       1.000000     541.499386       0.000000            0
# Jump frustrated.
        52        26.0000       1       1       6.798777       3.445420      10.244197       0.446132       4.257303       1.000000     541.499386       0.000000            0
# Jump frustrated.
        53        26.5000       1       1       6.778199       3.461406      10.239605       0.446132       4.358756       1.000000     541.499386       0.000000            0
# Jump frustrated.
        54        27.0000       1       1       6.878578       3.345354      10.223931       0.446132       3.996622       1.000000     541.499386       0.000000            0
# Jump frustrated.
        55        27.5000       1       1       6.894095       3.321894      10.215989       0.446131       3.577886       1.000000     541.499386       0.000000            0
# Jump frustrated.
        56        28.0000       1       1       6.684644       3.533860      10.218505       0.446132       3.383006       1.000000     541.499386       0.000000            0
        57        28.5000       1       1       6.264876       3.962775      10.227651       0.446132       3.412302       1.000000     541.499386       0.000000            0
        58        29.0000       1       1       5.740824       4.495286      10.236109       0.446132       3.505029       1.000000     541.499386       0.000000            1
        59        29.5000       1       1       5.224840       5.015547      10.240387       0.446132       3.487231       1.000000     541.499386       0.000000            0
# Jump frustrated.
        60        30.0000       1       1       4.776859       5.462939      10.239798       0.446133       3.387296       1.000000     541.499386       0.000000            0
# Jump frustrated.
        61        30.5000       1       1       4.404274       5.835800      10.240074       0.446134       3.361096       1.000000     541.499386       0.000000            0
# Jump frustrated.
        62        31.0000       1       1       4.112830       6.128940      10.241771       0.446134       3.381978       1.000000     541.499386       0.000000            0
# Jump frustrated.
        63        31.5000       1       1       3.921668       6.321391      10.243060       0.446134       3.431302       1.000000     541.499386       0.000000            0
        64        32.0000       1       1       3.847679       6.396130      10.243808       0.446133       3.511204       1.000000     541.499386       0.000000            0
        65        32.5000       1       1       3.901116       6.342775      10.243891       0.446133       3.617780       1.000000     541.499386       0.000000            0
# Jump frustrated.
        66        33.0000       1       1       4.086902       6.156967      10.243869       0.446133       3.753102       1.000000     541.499386       0.000000            0
        67        33.5000       1       1       4.408669       5.835800      10.244469       0.446132       3.912016       1.000000     541.499386       0.000000            0
# Jump frustrated.
        68        34.0000       1       1       4.873928       5.369931      10.243859       0.446132       4.054265       1.000000     541.499386       0.000000            0
        69        34.5000       1       1       5.481220       4.761022      10.242241       0.446132       4.058084       1.000000     541.499386       0.000000            1
# Jump frustrated.
        70        35.0000       1       1       6.193581       4.039382      10.232963       0.446132       3.865795       1.000000     541.499386       0.000000            0
        71        35.5000       1       1       6.928470       3.296774      10.225244       0.446133       3.462486       1.000000     541.499386       0.000000            0
        72        36.0000       1       1       7.592619       2.631188      10.223806       0.446132       3.017600       1.000000     541.499386       0.000000            0
# Jump frustrated.
        73        36.5000       1       1       8.137352       2.086844      10.224195       0.446133       2.627234       1.000000     541.499386       0.000000            0
# Jump frustrated.
        74        37.0000       1       1       8.539740       1.681181      10.220921       0.446133       2.251438       1.000000     541.499386       0.000000            0
# Jump frustrated.
        75        37.5000       1       1       8.763335       1.455305      10.218640       0.446134       1.996765       1.000000     541.499386       0.000000            0
        76        38.0000       1       1       8.782561       1.437866      10.220427       0.446134       2.098535       1.000000     541.499386       0.000000            0
# Jump frustrated.
        77        38.5000       1       1       8.629893       1.596477      10.226371       0.446134       2.404463       1.000000     541.499386       0.000000            0
# Jump frustrated.
        78        39.0000       1       1       8.370069       1.856608      10.226677       0.446134       2.605233       1.000000     541.499386       0.000000            0
# Jump frustrated.
        79        39.5000       1       1       8.016529       2.207671      10.224200       0.446133       2.793950       1.000000     541.499386       0.000000            1
        80        40.0000       1       1       7.546348       2.677484      10.223832       0.446133       3.126441       1.000000     541.499386       0.000000            0
        81        40.5000       1       1       6.978058       3.252346      10.230404       0.446133       3.523219       1.000000     541.499386       0.000000            0
        82        41.0000       1       1       6.374974       3.859595      10.234569       0.446134       3.906398       1.000000     541.499386       0.000000            0
# Jump frustrated.
        83        41.5000       1       1       5.805606       4.434457      10.240062       0.446134       4.257756       1.000000     541.499386       0.000000            0
        84        42.0000       1       1       5.327232       4.914650      10.241882       0.446133       4.473195       1.000000     541.499386       0.000000            0
# Jump frustrated.
        85        42.5000       1       1       4.970336       5.270903      10.241239       0.446133       4.570765       1.000000     541.499386       0.000000            0
# Jump frustrated.
        86        43.0000       1       1       4.735710       5.505498      10.241208       0.446133       4.516728       1.000000     541.499386       0.000000            0
        87        43.5000       1       1       4.621629       5.620720      10.242348       0.446133       4.318850       1.000000     541.499386       0.000000            0
        88        44.0000       1       1       4.623629       5.614284      10.237913       0.446133       4.044871       1.000000     541.499386       0.000000            0
        89        44.5000       1       1       4.711834       5.523560      10.235394       0.446133       3.698291       1.000000     541.499386       0.000000            0
# Jump frustrated.
        90        45.0000       1       1       4.846594       5.385709      10.232303       0.446133       3.356893       1.000000     541.499386       0.000000            1
# Jump frustrated.
        91        45.5000       1       1       4.988925       5.239139      10.228064       0.446134       3.048120       1.000000     541.499386       0.000000            0
# Jump frustrated.
        92        46.0000       1       1       5.090229       5.134506      10.224735       0.446133       2.974354       1.000000     541.499386       0.000000            0
        93        46.5000       1       1       5.135181       5.093400      10.228581       0.446134       3.330891       1.000000     541.499386       0.000000            0
        94        47.0000       1       1       5.200857       5.037138      10.237996       0.446134       3.903731       1.000000     541.499386       0.000000            0
# Jump frustrated.
        95        47.5000       1       1       5.426119       4.816660      10.242779       0.446134       4.247073       1.000000     541.499386       0.000000            0
# Jump frustrated.
        96        48.0000       1       1       5.864161       4.366362      10.230523       0.446134       4.109967       1.000000     541.499386       0.000000            0
# Jump frustrated.
        97        48.5000       1       1       6.354231       3.853574      10.207805       0.446134       3.704133       1.000000     541.499386       0.000000            0
# Jump frustrated.
        98        49.0000       1       1       6.651805       3.556282      10.208087       0.446134       3.960570       1.000000     541.499386       0.000000            0
# Jump frustrated.
        99        49.5000       1       1       6.762234       3.468049      10.230283       0.446134       4.748481       1.000000     541.499386       0.000000            0
       100        50.0000       1       1       6.929555       3.308400      10.237955       0.446135       4.864399       1.000000     541.499386       0.000000            1
       101        50.5000       1       1       7.234254       2.986817      10.221071       0.446134       3.987504       1.000000     541.499386       0.000000            0
       102        51.0000       1       1       7.457791       2.745994      10.203785       0.446134       2.863535       1.000000     541.499386       0.000000            0
# Jump frustrated.
       103        51.5000       1       1       7.399159       2.812428      10.211587       0.446135       2.398393       1.000000     541.499386       0.000000            0
# Jump frustrated.
       104        52.0000       1       1       7.090725       3.132142      10.222867       0.446135       2.563480       1.000000     541.499386       0.000000            0
       105        52.5000       1       1       6.678088       3.554206      10.232293       0.446136       2.907109       1.000000     541.499386       0.000000            0
       106        53.0000       1       1       6.294729       3.944506      10.239235       0.446135       3.205872       1.000000     541.499386       0.000000            0
# Jump frustrated.
       107        53.5000       1       1       6.037662       4.205052      10.242713       0.446134       3.343445       1.000000     541.499386       0.000000            0
# Jump frustrated.
       108        54.0000       1       1       5.953194       4.289340      10.242534       0.446134       3.299265       1.000000     541.499386       0.000000            0
# Jump frustrated.
       109        54.5000       1       1       6.031085       4.207543      10.238628       0.446134       3.122615       1.000000     541.499386       0.000000            0
# Jump frustrated.
       110        55.0000       1       1       6.212127       4.020074      10.232202       0.446134       2.856425       1.000000     541.499386       0.000000            0
       111        55.5000       1       1       6.403424       3.821395      10.224820       0.446134       2.544905       1.000000     541.499386       0.000000            1
       112        56.0000       1       1       6.496112       3.720706      10.216818       0.446134       2.307857       1.000000     541.499386       0.000000            0
# Jump frustrated.
       113        56.5000       1       1       6.383748       3.827416      10.211164       0.446134       2.422971       1.000000     541.499386       0.000000            0
# Jump frustrated.
       114        57.0000       1       1       6.013461       4.200277      10.213738       0.446134       3.176431       1.000000     541.499386       0.000000            0
# Jump frustrated.
       115        57.5000       1       1       5.482984       4.748773      10.231757       0.446134       4.316357       1.000000     541.499386       0.000000            0
       116        58.0000       1       1       5.093214       5.163571      10.256785       0.446133       5.206083       1.000000     541.499386       0.000000            0
# Jump frustrated.
       117        58.5000       1       1       5.171921       5.085095      10.257016       0.446134       5.183806       1.000000     541.499386       0.000000            0
       118        59.0000       1       1       5.731667       4.503797      10.235465       0.446135       4.354247       1.000000     541.499386       0.000000            0
       119        59.5000       1       1       6.465723       3.744996      10.210719       0.446135       3.251297       1.000000     541.499386       0.000000            0
# Jump frustrated.
       120        60.0000       1       1       7.027965       3.172002      10.199968       0.446135       2.418430       1.000000     541.499386       0.000000            0
# Jump frustrated.
       121        60.5000       1       1       7.201759       2.988893      10.190653       0.446134       2.281803       1.000000     541.499386       0.000000            0
# Jump frustrated.
       122        61.0000       1       1       6.876331       3.310061      10.186392       0.446134       3.169736       1.000000     541.499386       0.000000            1
# Jump frustrated.
       123        61.5000       1       1       6.121358       4.094813      10.216171       0.446134       5.106670       1.000000     541.499386       0.000000            0
       124        62.0000       1       1       5.457754       4.805034      10.262788       0.446133       6.495786       1.000000     541.499386       0.000000            0
# Jump frustrated.
       125        62.5000       1       1       5.451058       4.798806      10.249864       0.446134       6.347571       1.000000     541.499386       0.000000            0
# Jump frustrated.
       126        63.0000       1       1       5.927949       4.264427      10.192376       0.446133       4.876210       1.000000     541.499386       0.000000            0
# Jump frustrated.
       127        63.5000       1       1       6.235686       3.954263      10.189950       0.446133       3.761604       1.000000     541.499386       0.000000            0
       128        64.0000       1       1       6.138523       4.069900      10.208423       0.446132       3.719722       1.000000     541.499386       0.000000            0
       129        64.5000       1       1       5.834401       4.392728      10.227129       0.446132       3.932376       1.000000     541.499386       0.000000            0
# Jump frustrated.
       130        65.0000       1       1       5.567881       4.669260      10.237141       0.446132       3.890106       1.000000     541.499386       0.000000            0
# Jump frustrated.
       131        65.5000       1       1       5.459943       4.774724      10.234667       0.446132       3.558766       1.000000     541.499386       0.000000            0
# Jump frustrated.
       132        66.0000       1       1       5.476786       4.750849      10.227635       0.446132       3.188227       1.000000     541.499386       0.000000            1
# Jump frustrated.
       133        66.5000       1       1       5.516836       4.704968      10.221804       0.446132       3.011441       1.000000     541.499386       0.000000            0
# Jump frustrated.
       134        67.0000       1       1       5.486848       4.729466      10.216313       0.446132       3.054239       1.000000     541.499386       0.000000            0
# Jump frustrated.
       135        67.5000       1       1       5.318580       4.895551      10.214130       0.446132       3.325016       1.000000     541.499386       0.000000            0
# Jump frustrated.
       136        68.0000       1       1       4.998583       5.219209      10.217792       0.446132       3.885560       1.000000     541.499386       0.000000            0
# Jump frustrated.
       137        68.5000       1       1       4.616085       5.614907      10.230992       0.446132       4.767538       1.000000     541.499386       0.000000            0
# Jump frustrated.
       138        69.0000       1       1       4.403109       5.848879      10.251989       0.446132       5.659824       1.000000     541.499386       0.000000            0
       139        69.5000       1       1       4.662752       5.599752      10.262504       0.446132       6.024897       1.000000     541.499386       0.000000            0
# Jump frustrated.
       140        70.0000       1       1       5.512509       4.733202      10.245712       0.446132       5.551485       1.000000     541.499386       0.000000            0
       141        70.5000       1       1       6.737841       3.484242      10.222083       0.446132       4.658681       1.000000     541.499386       0.000000            0
       142        71.0000       1       1       7.927945       2.263101      10.191047       0.446132       3.565146       1.000000     541.499386       0.000000            1
# Jump frustrated.
       143        71.5000       1       1       8.689963       1.486446      10.176409       0.446132       2.790125       1.000000     541.499386       0.000000            0
       144        72.0000       1       1       8.746749       1.407555      10.154304       0.446131       2.874989       1.000000     541.499386       0.000000            0
# Jump frustrated.
       145        72.5000       1       1       7.919451       2.235490      10.154941       0.446131       4.856011       1.000000     541.499386       0.000000            0
       146        73.0000       1       1       6.549490       3.694548      10.244038       0.446131       7.851535       1.000000     541.499386       0.000000            0
       147        73.5000       1       1       5.800986       4.488019      10.289005       0.446131       8.813222       1.000000     541.499386       0.000000            0
       148        74.0000       1       1       6.245057       3.976062      10.221119       0.446131       7.226364       1.000000     541.499386       0.000000            0
# Jump frustrated.
       149        74.5000       1       1       7.052442       3.108682      10.161125       0.446131       4.621646       1.000000     541.499386       0.000000            0
# Jump frustrated.
       150        75.0000       1       1       7.384285       2.796442      10.180727       0.446131       3.400038       1.000000     541.499386       0.000000            0
       151        75.5000       1       1       7.243798       2.962943      10.206741       0.446131       3.274708       1.000000     541.499386       0.000000            0
# Jump frustrated.
       152        76.0000       1       1       6.892763       3.323555      10.216318       0.446130       3.327065       1.000000     541.499386       0.000000            0
# Jump frustrated.
       153        76.5000       1       1       6.481274       3.740013      10.221288       0.446130       3.310158       1.000000     541.499386       0.000000            1
# Jump frustrated.
       154        77.0000       1       1       6.070472       4.151282      10.221753       0.446130       3.298408       1.000000     541.499386       0.000000            0
# Jump frustrated.
       155        77.5000       1       1       5.668726       4.552792      10.221519       0.446130       3.519029       1.000000     541.499386       0.000000            0
# Jump frustrated.
       156        78.0000       1       1       5.276868       4.946829      10.223697       0.446130       3.983280       1.000000     541.499386       0.000000            0
# Jump frustrated.
       157        78.5000       1       1       4.941777       5.288134      10.229912       0.446130       4.529132       1.000000     541.499386       0.000000            0
# Jump frustrated.
       158        79.0000       1       1       4.751276       5.481001      10.232277       0.446130       4.761166       1.000000     541.499386       0.000000            0
# Jump frustrated.
       159        79.5000       1       1       4.736417       5.489720      10.226137       0.446130       4.519474       1.000000     541.499386       0.000000            0
       160        80.0000       1       1       4.826254       5.395259      10.221513       0.446130       4.062976       1.000000     541.499386       0.000000            0
# Jump frustrated.
       161        80.5000       1       1       4.948144       5.274640      10.222784       0.446131       3.704874       1.000000     541.499386       0.000000            0
# Jump frustrated.
       162        81.0000       1       1       5.094852       5.129731      10.224582       0.446131       3.397091       1.000000     541.499386       0.000000            0
# Jump frustrated.
       163        81.5000       1       1       5.275631       4.948075      10.223706       0.446132       3.010783       1.000000     541.499386       0.000000            0
# Jump frustrated.
       164        82.0000       1       1       5.465435       4.757492      10.222927       0.446132       2.568086       1.000000     541.499386       0.000000            1
# Jump frustrated.
       165        82.5000       1       1       5.631150       4.591615      10.222765       0.446131       2.380775       1.000000     541.499386       0.000000            0
       166        83.0000       1       1       5.778100       4.447744      10.225843       0.446131       2.615341       1.000000     541.499386       0.000000            0
# Jump frustrated.
       167        83.5000       1       1       5.949083       4.280828      10.229912       0.446131       3.075324       1.000000     541.499386       0.000000            0
       168        84.0000       1       1       6.187814       4.037721      10.225535       0.446131       3.329014       1.000000     541.499386       0.000000            0
# Jump frustrated.
       169        84.5000       1       1       6.456218       3.761812      10.218030       0.446131       3.231496       1.000000     541.499386       0.000000            0
       170        85.0000       1       1       6.651887       3.558358      10.210244       0.446131       2.989256       1.000000     541.499386       0.000000            0
# Jump frustrated.
       171        85.5000       1       1       6.644316       3.548185      10.192501       0.446131       2.723462       1.000000     541.499386       0.000000            0
       172        86.0000       1       1       6.293800       3.900908      10.194709       0.446132       3.331581       1.000000     541.499386       0.000000            0
       173        86.5000       1       1       5.732142       4.501306      10.233448       0.446132       4.809944       1.000000     541.499386       0.000000            0
# Jump frustrated.
       174        87.0000       1       1       5.489412       4.770572      10.259984       0.446132       5.495994       1.000000     541.499386       0.000000            1
# Jump frustrated.
       175        87.5000       1       1       5.861526       4.363248      10.224774       0.446132       4.559293       1.000000     541.499386       0.000000            0
       176        88.0000       1       1       6.440496       3.747902      10.188398       0.446133       2.911998       1.000000     541.499386       0.000000            0
# Jump frustrated.
       177        88.5000       1       1       6.728046       3.465350      10.193396       0.446133       2.370644       1.000000     541.499386       0.000000            0
       178        89.0000       1       1       6.691405       3.523895      10.215300       0.446133       2.941465       1.000000     541.499386       0.000000            0
# Jump frustrated.
       179        89.5000       1       1       6.573214       3.656556      10.229770       0.446134       3.446631       1.000000     541.499386       0.000000            0
# Jump frustrated.
       180        90.0000       1       1       6.562417       3.667351      10.229768       0.446134       3.435417       1.000000     541.499386       0.000000            0
       181        90.5000       1       1       6.647188       3.571437      10.218625       0.446134       2.996294       1.000000     541.499386       0.000000            0
# Jump frustrated.
       182        91.0000       1       1       6.678152       3.532822      10.210974       0.446134       2.614320       1.000000     541.499386       0.000000            0
# Jump frustrated.
       183        91.5000       1       1       6.538110       3.673995      10.212105       0.446134       2.575406       1.000000     541.499386       0.000000            0
       184        92.0000       1       1       6.225188       3.992255      10.217443       0.446134       2.687056       1.000000     541.499386       0.000000            1
# Jump frustrated.
       185        92.5000       1       1       5.809503       4.413904      10.223407       0.446134       2.760433       1.000000     541.499386       0.000000            0
# Jump frustrated.
       186        93.0000       1       1       5.377885       4.851330      10.229215       0.446134       2.778738       1.000000     541.499386       0.000000            0
       187        93.5000       1       1       5.009522       5.223361      10.232883       0.446134       2.720001       1.000000     541.499386       0.000000            0
# Jump frustrated.
       188        94.0000       1       1       4.751058       5.481831      10.232890       0.446134       2.641452       1.000000     541.499386       0.000000            0
# Jump frustrated.
       189        94.5000       1       1       4.618213       5.615737      10.233950       0.446134       2.623501       1.000000     541.499386       0.000000            0
# Jump frustrated.
       190        95.0000       1       1       4.629047       5.605980      10.235026       0.446135       2.614504       1.000000     541.499386       0.000000            0
# Jump frustrated.
       191        95.5000       1       1       4.793030       5.440102      10.233132       0.446136       2.588236       1.000000     541.499386       0.000000            0
# Jump frustrated.
       192        96.0000       1       1       5.087467       5.142187      10.229654       0.446136       2.568167       1.000000     541.499386       0.000000            0
       193        96.5000       1       1       5.465756       4.759361      10.225117       0.446136       2.563233       1.000000     541.499386       0.000000            0
       194        97.0000       1       1       5.865257       4.354113      10.219370       0.446137       2.614882       1.000000     541.499386       0.000000            0
# Jump frustrated.
       195        97.5000       1       1       6.220827       3.996200      10.217027       0.446137       2.856518       1.000000     541.499386       0.000000            1
# Jump frustrated.
       196        98.0000       1       1       6.513617       3.708665      10.222281       0.446136       3.381497       1.000000     541.499386       0.000000            0
# Jump frustrated.
       197        98.5000       1       1       6.797576       3.427566      10.225142       0.446136       3.886136       1.000000     541.499386       0.000000            0
# Jump frustrated.
       198        99.0000       1       1       7.102771       3.111589      10.214360       0.446135       4.089485       1.000000     541.499386       0.000000            0
# Jump frustrated.
       199        99.5000       1       1       7.353138       2.857686      10.210825       0.446134       4.312722       1.000000     541.499386       0.000000            0
       200       100.0000       1       1       7.518699       2.700321      10.219020       0.446135       4.745758       1.000000     541.499386       0.000000            0
       201       100.5000       1       1       7.682043       2.531744      10.213787       0.446135       4.645283       1.000000     541.499386       0.000000            0
       202       101.0000       1       1       7.814806       2.393478      10.208285       0.446136       3.986684       1.000000     541.499386       0.000000            0
# Jump frustrated.
       203       101.5000       1       1       7.784384       2.419844      10.204229       0.446137       3.433953       1.000000     541.499386       0.000000            0
       204       102.0000       1       1       7.516498       2.691809      10.208307       0.446137       3.200710       1.000000     541.499386       0.000000            0
# Jump frustrated.
       205       102.5000       1       1       7.029406       3.186120      10.215526       0.446137       3.182455       1.000000     541.499386       0.000000            1
# Jump frustrated.
       206       103.0000       1       1       6.412702       3.810807      10.223509       0.446137       3.233850       1.000000     541.499386       0.000000            0
# Jump frustrated.
       207       103.5000       1       1       5.768728       4.462068      10.230796       0.446137       3.301486       1.000000     541.499386       0.000000            0
       208       104.0000       1       1       5.187431       5.047519      10.234949       0.446137       3.320064       1.000000     541.499386       0.000000            0
# Jump frustrated.
       209       104.5000       1       1       4.734043       5.503630      10.237673       0.446138       3.296765       1.000000     541.499386       0.000000            0
       210       105.0000       1       1       4.449869       5.789711      10.239581       0.446138       3.257280       1.000000     541.499386       0.000000            0
       211       105.5000       1       1       4.360191       5.880020      10.240212       0.446139       3.196094       1.000000     541.499386       0.000000            0
# Jump frustrated.
       212       106.0000       1       1       4.474035       5.765214      10.239249       0.446139       3.105741       1.000000     541.499386       0.000000            0
       213       106.5000       1       1       4.779467       5.457749      10.237216       0.446139       2.975202       1.000000     541.499386       0.000000            0
# Jump frustrated.
       214       107.0000       1       1       5.243707       4.990012      10.233719       0.446139       2.833786       1.000000     541.499386       0.000000            1
       215       107.5000       1       1       5.809498       4.418056      10.227554       0.446139       2.662387       1.000000     541.499386       0.000000            0
# Jump frustrated.
       216       108.0000       1       1       6.394149       3.825962      10.220112       0.446138       2.554744       1.000000     541.499386       0.000000            0
# Jump frustrated.
       217       108.5000       1       1       6.900771       3.312344      10.213115       0.446138       2.611364       1.000000     541.499386       0.000000            0
# Jump frustrated.
       218       109.0000       1       1       7.233207       2.974153      10.207361       0.446138       2.951452       1.000000     541.499386       0.000000            0
# Jump frustrated.
       219       109.5000       1       1       7.326441       2.879485      10.205926       0.446137       3.516038       1.000000     541.499386       0.000000            0
# Jump frustrated.
       220       110.0000       1       1       7.169038       3.038304      10.207342       0.446138       4.194996       1.000000     541.499386       0.000000            0
       221       110.5000       1       1       6.820531       3.395179      10.215710       0.446137       4.864762       1.000000     541.499386       0.000000            0
# Jump frustrated.
       222       111.0000       1       1       6.424200       3.803956      10.228156       0.446136       5.441702       1.000000     541.499386       0.000000            0
       223       111.5000       1       1       6.163989       4.068862      10.232850       0.446136       5.552620       1.000000     541.499386       0.000000            0
# Jump frustrated.
       224       112.0000       1       1       6.097027       4.125123      10.222150       0.446136       5.049837       1.000000     541.499386       0.000000            0
# Jump frustrated.
       225       112.5000       1       1       6.073722       4.137787      10.211509       0.446135       4.435118       1.000000     541.499386       0.000000            1
       226       113.0000       1       1       5.932987       4.281243      10.214231       0.446134       4.113924       1.000000     541.499386       0.000000            0
# Jump frustrated.
       227       113.5000       1       1       5.666333       4.556529      10.222863       0.446134       4.095806       1.000000     541.499386       0.000000            0
# Jump frustrated.
       228       114.0000       1       1       5.377359       4.854652      10.232011       0.446134       4.114893       1.000000     541.499386       0.000000            0
# Jump frustrated.
       229       114.5000       1       1       5.182936       5.054370      10.237305       0.446135       4.077937       1.000000     541.499386       0.000000            0
       230       115.0000       1       1       5.158801       5.080113      10.238914       0.446135       3.986711       1.000000     541.499386       0.000000            0
# Jump frustrated.
       231       115.5000       1       1       5.336013       4.901986      10.237999       0.446134       3.814941       1.000000     541.499386       0.000000            0
# Jump frustrated.
       232       116.0000       1       1       5.706091       4.528710      10.234801       0.446135       3.510096       1.000000     541.499386       0.000000            0
# Jump frustrated.
       233       116.5000       1       1       6.225124       4.005542      10.230666       0.446135       3.151921       1.000000     541.499386       0.000000            0
# Jump frustrated.
       234       117.0000       1       1       6.822080       3.401615      10.223695       0.446135       2.739496       1.000000     541.499386       0.000000            0
# Jump frustrated.
       235       117.5000       1       1       7.396708       2.821147      10.217855       0.446135       2.307574       1.000000     541.499386       0.000000            1
       236       118.0000       1       1       7.850723       2.361299      10.212022       0.446135       2.122628       1.000000     541.499386       0.000000            0
# Jump frustrated.
       237       118.5000       1       1       8.100590       2.105113      10.205703       0.446135       2.335610       1.000000     541.499386       0.000000            0
# Jump frustrated.
       238       119.0000       1       1       8.079737       2.124836      10.204573       0.446135       2.952159       1.000000     541.499386       0.000000            0
       239       119.5000       1       1       7.792122       2.417353      10.209475       0.446135       3.727686       1.000000     541.499386       0.000000            0
       240       120.0000       1       1       7.324609       2.893187      10.217796       0.446135       4.363083       1.000000     541.499386       0.000000            0
# Jump frustrated.
       241       120.5000       1       1       6.738788       3.469295      10.208083       0.446135       4.775033       1.000000     541.499386       0.000000            0
# Jump frustrated.
       242       121.0000       1       1       5.980051       4.226850      10.206902       0.446135       5.550093       1.000000     541.499386       0.000000            0
# Jump frustrated.
       243       121.5000       1       1       5.116880       5.114783      10.231663       0.446136       6.605853       1.000000     541.499386       0.000000            0
       244       122.0000       1       1       4.473306       5.778916      10.252222       0.446138       7.360437       1.000000     541.499386       0.000000            0
# Jump frustrated.
       245       122.5000       1       1       4.313265       5.933167      10.246432       0.446139       7.480551       1.000000     541.499386       0.000000            0
       246       123.0000       1       1       4.572632       5.658297      10.230929       0.446140       7.212070       1.000000     541.499386       0.000000            1
# Jump frustrated.
       247       123.5000       1       1       5.018585       5.202808      10.221393       0.446142       6.727097       1.000000     541.499386       0.000000            0
       248       124.0000       1       1       5.479651       4.738808      10.218459       0.446143       6.064607       1.000000     541.499386       0.000000            0
       249       124.5000       1       1       5.879015       4.339996      10.219011       0.446143       5.251854       1.000000     541.499386       0.000000            0
# Jump frustrated.
       250       125.0000       1       1       6.192784       4.027341      10.220125       0.446143       4.409432       1.000000     541.499386       0.000000            0
       251       125.5000       1       1       6.415589       3.804579      10.220168       0.446143       3.653356       1.000000     541.499386       0.000000            0
# Jump frustrated.
       252       126.0000       1       1       6.540577       3.679185      10.219762       0.446143       3.099280       1.000000     541.499386       0.000000            0
       253       126.5000       1       1       6.571141       3.652196      10.223337       0.446143       2.994350       1.000000     541.499386       0.000000            0
       254       127.0000       1       1       6.558437       3.672126      10.230563       0.446143       3.357745       1.000000     541.499386       0.000000            0
# Jump frustrated.
       255       127.5000       1       1       6.613379       3.625622      10.239001       0.446143       3.855583       1.000000     541.499386       0.000000            1
# Jump frustrated.
       256       128.0000       1       1       6.850506       3.389159      10.239665       0.446144       4.001457       1.000000     541.499386       0.000000            0
       257       128.5000       1       1       7.267932       2.959621      10.227553       0.446144       3.593335       1.000000     541.499386       0.000000            0
# Jump frustrated.
       258       129.0000       1       1       7.706470       2.507869      10.214340       0.446144       2.925340       1.000000     541.499386       0.000000            0
       259       129.5000       1       1       7.967975       2.237773      10.205748       0.446145       2.473164       1.000000     541.499386       0.000000            0
       260       130.0000       1       1       7.934378       2.271406      10.205783       0.446145       2.666219       1.000000     541.499386       0.000000            0
       261       130.5000       1       1       7.586766       2.621015      10.207781       0.446145       3.377658       1.000000     541.499386       0.000000            0
# Jump frustrated.
       262       131.0000       1       1       6.970387       3.244457      10.214844       0.446145       4.275963       1.000000     541.499386       0.000000            0
       263       131.5000       1       1       6.193266       4.031493      10.224759       0.446144       5.007636       1.000000     541.499386       0.000000            0
       264       132.0000       1       1       5.422507       4.815207      10.237714       0.446143       5.313339       1.000000     541.499386       0.000000            1
# Jump frustrated.
       265       132.5000       1       1       4.804364       5.440102      10.244466       0.446142       5.407046       1.000000     541.499386       0.000000            0
       266       133.0000       1       1       4.418472       5.825420      10.243892       0.446141       5.256088       1.000000     541.499386       0.000000            0
       267       133.5000       1       1       4.260167       5.979048      10.239215       0.446141       4.983378       1.000000     541.499386       0.000000            0
# Jump frustrated.
       268       134.0000       1       1       4.259755       5.974481      10.234236       0.446141       4.692525       1.000000     541.499386       0.000000            0
       269       134.5000       1       1       4.338338       5.893099      10.231437       0.446141       4.431380       1.000000     541.499386       0.000000            0
       270       135.0000       1       1       4.448781       5.783068      10.231849       0.446141       4.223604       1.000000     541.499386       0.000000            0
# Jump frustrated.
       271       135.5000       1       1       4.587018       5.646463      10.233481       0.446141       4.088085       1.000000     541.499386       0.000000            0
# Jump frustrated.
       272       136.0000       1       1       4.771918       5.462524      10.234442       0.446142       4.004349       1.000000     541.499386       0.000000            0
# Jump frustrated.
       273       136.5000       1       1       5.006488       5.223984      10.230472       0.446142       3.910107       1.000000     541.499386       0.000000            0
# Jump frustrated.
       274       137.0000       1       1       5.243363       4.979008      10.222371       0.446142       3.805747       1.000000     541.499386       0.000000            1
# Jump frustrated.
       275       137.5000       1       1       5.391041       4.824342      10.215383       0.446142       3.898078       1.000000     541.499386       0.000000            0
# Jump frustrated.
       276       138.0000       1       1       5.397453       4.822266      10.219718       0.446143       4.421745       1.000000     541.499386       0.000000            0
       277       138.5000       1       1       5.389767       4.852369      10.242136       0.446143       5.215436       1.000000     541.499386       0.000000            0
       278       139.0000       1       1       5.673065       4.580404      10.253469       0.446142       5.413985       1.000000     541.499386       0.000000            0
# Jump frustrated.
       279       139.5000       1       1       6.375231       3.853159      10.228390       0.446141       4.474638       1.000000     541.499386       0.000000            0
# Jump frustrated.
       280       140.0000       1       1       7.194151       3.007370      10.201521       0.446141       3.037655       1.000000     541.499386       0.000000            0
       281       140.5000       1       1       7.745340       2.454099      10.199439       0.446141       2.267788       1.000000     541.499386       0.000000            0
# Jump frustrated.
       282       141.0000       1       1       7.911631       2.295903      10.207535       0.446140       2.320631       1.000000     541.499386       0.000000            0
       283       141.5000       1       1       7.754933       2.457421      10.212354       0.446140       2.594672       1.000000     541.499386       0.000000            0
# Jump frustrated.
       284       142.0000       1       1       7.352653       2.863499      10.216152       0.446140       3.085799       1.000000     541.499386       0.000000            0
# Jump frustrated.
       285       142.5000       1       1       6.772928       3.446873      10.219802       0.446140       3.957724       1.000000     541.499386       0.000000            1
       286       143.0000       1       1       6.094269       4.132597      10.226867       0.446140       5.253790       1.000000     541.499386       0.000000            0
# Jump frustrated.
       287       143.5000       1       1       5.431469       4.806487      10.237956       0.446139       6.737305       1.000000     541.499386       0.000000            0
# Jump frustrated.
       288       144.0000       1       1       4.927712       5.316784      10.244496       0.446139       8.095949       1.000000     541.499386       0.000000            0
# Jump frustrated.
       289       144.5000       1       1       4.691457       5.555531      10.246988       0.446139       9.194400       1.000000     541.499386       0.000000            0
# Jump frustrated.
       290       145.0000       1       1       4.769524       5.475811      10.245335       0.446139       9.781766       1.000000     541.499386       0.000000            0
       291       145.5000       1       1       5.144937       5.095060      10.239998       0.446139       9.595245       1.000000     541.499386       0.000000            0
# Jump frustrated.
       292       146.0000       1       1       5.739469       4.492794      10.232263       0.446140       8.631822       1.000000     541.499386       0.000000            0
       293       146.5000       1       1       6.429552       3.795237      10.224788       0.446142       7.019978       1.000000     541.499386       0.000000            0
# Jump frustrated.
       294       147.0000       1       1       7.090052       3.129443      10.219495       0.446141       5.421326       1.000000     541.499386       0.000000            0
       295       147.5000       1       1       7.635595       2.579494      10.215088       0.446141       3.942497       1.000000     541.499386       0.000000            1
# Jump frustrated.
       296       148.0000       1       1       8.004404       2.208501      10.212905       0.446142       2.802937       1.000000     541.499386       0.000000            0
# Jump frustrated.
       297       148.5000       1       1       8.153752       2.056741      10.210493       0.446141       2.281862       1.000000     541.499386       0.000000            0
       298       149.0000       1       1       8.057862       2.153693      10.211555       0.446141       2.578162       1.000000     541.499386       0.000000            0
# Jump frustrated.
       299       149.5000       1       1       7.741101       2.478182      10.219283       0.446141       3.420752       1.000000     541.499386       0.000000            0
       300       150.0000       1       1       7.314357       2.917892      10.232249       0.446140       4.400747       1.000000     541.499386       0.000000            0
# Jump frustrated.
       301       150.5000       1       1       6.950895       3.290753      10.241648       0.446140       5.040462       1.000000     541.499386       0.000000            0
# Jump frustrated.
       302       151.0000       1       1       6.754627       3.481751      10.236378       0.446140       5.179028       1.000000     541.499386       0.000000            0
       303       151.5000       1       1       6.669867       3.556905      10.226771       0.446139       5.029153       1.000000     541.499386       0.000000            0
# Jump frustrated.
       304       152.0000       1       1       6.569241       3.652196      10.221437       0.446138       4.805795       1.000000     541.499386       0.000000            0
# Jump frustrated.
       305       152.5000       1       1       6.372416       3.849422      10.221838       0.446139       4.533317       1.000000     541.499386       0.000000            0
# Jump frustrated.
       306       153.0000       1       1       6.054865       4.165814      10.220679       0.446138       4.284787       1.000000     541.499386       0.000000            1
# Jump frustrated.
       307       153.5000       1       1       5.612607       4.610092      10.222699       0.446139       4.311844       1.000000     541.499386       0.000000            0
# Jump frustrated.
       308       154.0000       1       1       5.109174       5.127032      10.236206       0.446140       4.699147       1.000000     541.499386       0.000000            0
# Jump frustrated.
       309       154.5000       1       1       4.731790       5.518785      10.250575       0.446140       5.035052       1.000000     541.499386       0.000000            0
# Jump frustrated.
       310       155.0000       1       1       4.652408       5.594561      10.246970       0.446141       4.879188       1.000000     541.499386       0.000000            0
# Jump frustrated.
       311       155.5000       1       1       4.828669       5.402733      10.231402       0.446141       4.278068       1.000000     541.499386       0.000000            0
       312       156.0000       1       1       5.060000       5.160872      10.220872       0.446142       3.646269       1.000000     541.499386       0.000000            0
       313       156.5000       1       1       5.197208       5.024474      10.221682       0.446142       3.278752       1.000000     541.499386       0.000000            0
# Jump frustrated.
       314       157.0000       1       1       5.224101       5.002676      10.226776       0.446142       3.152783       1.000000     541.499386       0.000000            0
# Jump frustrated.
       315       157.5000       1       1       5.199065       5.032986      10.232051       0.446142       3.133048       1.000000     541.499386       0.000000            0
# Jump frustrated.
       316       158.0000       1       1       5.186258       5.048557      10.234814       0.446142       3.128108       1.000000     541.499386       0.000000            0
# Jump frustrated.
       317       158.5000       1       1       5.215530       5.017208      10.232738       0.446142       3.035495       1.000000     541.499386       0.000000            1
# Jump frustrated.
       318       159.0000       1       1       5.259090       4.968005      10.227096       0.446142       2.833103       1.000000     541.499386       0.000000            0
# Jump frustrated.
       319       159.5000       1       1       5.247388       4.974026      10.221414       0.446142       2.661510       1.000000     541.499386       0.000000            0
# Jump frustrated.
       320       160.0000       1       1       5.121743       5.100666      10.222409       0.446141       2.844504       1.000000     541.499386       0.000000            0
# Jump frustrated.
       321       160.5000       1       1       4.929040       5.307234      10.236274       0.446141       3.523040       1.000000     541.499386       0.000000            0
# Jump frustrated.
       322       161.0000       1       1       4.876740       5.376575      10.253314       0.446139       4.119057       1.000000     541.499386       0.000000            0
       323       161.5000       1       1       5.170080       5.078244      10.248324       0.446138       3.917964       1.000000     541.499386       0.000000            0
# Jump frustrated.
       324       162.0000       1       1       5.747834       4.478885      10.226719       0.446138       2.990820       1.000000     541.499386       0.000000            0
       325       162.5000       1       1       6.348316       3.867484      10.215800       0.446137       2.117907       1.000000     541.499386       0.000000            0
# Jump frustrated.
       326       163.0000       1       1       6.794006       3.423206      10.217212       0.446137       1.977598       1.000000     541.499386       0.000000            0
# Jump frustrated.
       327       163.5000       1       1       7.069651       3.151864      10.221515       0.446137       2.390602       1.000000     541.499386       0.000000            1
# Jump frustrated.
       328       164.0000       1       1       7.224064       2.998859      10.222923       0.446138       2.880073       1.000000     541.499386       0.000000            0
       329       164.5000       1       1       7.265630       2.950071      10.215701       0.446138       3.271120       1.000000     541.499386       0.000000            0
# Jump frustrated.
       330       165.0000       1       1       7.120771       3.084392      10.205163       0.446138       3.593135       1.000000     541.499386       0.000000            0
       331       165.5000       1       1       6.684450       3.516006      10.200456       0.446138       4.131206       1.000000     541.499386       0.000000            0
# Jump frustrated.
       332       166.0000       1       1       5.968286       4.247196      10.215482       0.446137       5.236362       1.000000     541.499386       0.000000            0
       333       166.5000       1       1       5.316055       4.939771      10.255826       0.446135       6.372258       1.000000     541.499386       0.000000            0
# Jump frustrated.
       334       167.0000       1       1       5.235811       5.023229      10.259040       0.446133       6.604150       1.000000     541.499386       0.000000            0
# Jump frustrated.
       335       167.5000       1       1       5.758339       4.458747      10.217086       0.446133       5.824590       1.000000     541.499386       0.000000            0
       336       168.0000       1       1       6.374543       3.821603      10.196146       0.446133       5.215289       1.000000     541.499386       0.000000            1
# Jump frustrated.
       337       168.5000       1       1       6.724614       3.481751      10.206365       0.446133       5.234958       1.000000     541.499386       0.000000            0
# Jump frustrated.
       338       169.0000       1       1       6.859353       3.361962      10.221315       0.446134       5.277309       1.000000     541.499386       0.000000            0
       339       169.5000       1       1       6.940063       3.282241      10.222305       0.446135       4.992073       1.000000     541.499386       0.000000            0
# Jump frustrated.
       340       170.0000       1       1       7.005749       3.210825      10.216574       0.446136       4.383384       1.000000     541.499386       0.000000            0
       341       170.5000       1       1       6.996252       3.214977      10.211229       0.446136       3.662215       1.000000     541.499386       0.000000            0
# Jump frustrated.
       342       171.0000       1       1       6.832389       3.372342      10.204731       0.446135       3.093240       1.000000     541.499386       0.000000            0
# Jump frustrated.
       343       171.5000       1       1       6.431811       3.768040      10.199851       0.446135       3.223220       1.000000     541.499386       0.000000            0
# Jump frustrated.
       344       172.0000       1       1       5.807058       4.411413      10.218470       0.446134       4.417644       1.000000     541.499386       0.000000            0
# Jump frustrated.
       345       172.5000       1       1       5.255151       4.997485      10.252636       0.446134       5.748211       1.000000     541.499386       0.000000            0
# Jump frustrated.
       346       173.0000       1       1       5.211334       5.046273      10.257607       0.446133       6.012008       1.000000     541.499386       0.000000            1
# Jump frustrated.
       347       173.5000       1       1       5.737899       4.489265      10.227164       0.446132       5.091515       1.000000     541.499386       0.000000            0
# Jump frustrated.
       348       174.0000       1       1       6.450653       3.751224      10.201877       0.446131       3.772468       1.000000     541.499386       0.000000            0
# Jump frustrated.
       349       174.5000       1       1       6.979350       3.219129      10.198478       0.446132       2.938261       1.000000     541.499386       0.000000            0
# Jump frustrated.
       350       175.0000       1       1       7.199553       2.998859      10.198411       0.446133       2.636825       1.000000     541.499386       0.000000            0
# Jump frustrated.
       351       175.5000       1       1       7.090046       3.107644      10.197690       0.446133       2.746309       1.000000     541.499386       0.000000            0
       352       176.0000       1       1       6.639599       3.556905      10.196504       0.446134       3.313875       1.000000     541.499386       0.000000            0
# Jump frustrated.
       353       176.5000       1       1       5.873304       4.328993      10.202296       0.446134       4.498813       1.000000     541.499386       0.000000            0
       354       177.0000       1       1       5.001762       5.232911      10.234673       0.446135       5.916003       1.000000     541.499386       0.000000            0
# Jump frustrated.
       355       177.5000       1       1       4.490636       5.768536      10.259171       0.446134       6.586740       1.000000     541.499386       0.000000            0
# Jump frustrated.
       356       178.0000       1       1       4.647412       5.592070      10.239482       0.446132       5.902035       1.000000     541.499386       0.000000            1
# Jump frustrated.
       357       178.5000       1       1       5.223928       4.981500      10.205427       0.446132       4.329338       1.000000     541.499386       0.000000            0
# Jump frustrated.
       358       179.0000       1       1       5.749743       4.448159      10.197902       0.446133       2.987137       1.000000     541.499386       0.000000            0
# Jump frustrated.
       359       179.5000       1       1       6.026709       4.180969      10.207679       0.446133       2.461448       1.000000     541.499386       0.000000            0
       360       180.0000       1       1       6.118814       4.098134      10.216948       0.446132       2.432303       1.000000     541.499386       0.000000            0
       361       180.5000       1       1       6.136452       4.084640      10.221092       0.446133       2.490648       1.000000     541.499386       0.000000            0
       362       181.0000       1       1       6.136671       4.084640      10.221311       0.446134       2.493346       1.000000     541.499386       0.000000            0
# Jump frustrated.
       363       181.5000       1       1       6.118863       4.098757      10.217620       0.446135       2.426439       1.000000     541.499386       0.000000            0
# Jump frustrated.
       364       182.0000       1       1       6.027905       4.181177      10.209082       0.446135       2.406979       1.000000     541.499386       0.000000            0
# Jump frustrated.
       365       182.5000       1       1       5.762162       4.440270      10.202431       0.446135       2.818018       1.000000     541.499386       0.000000            0
# Jump frustrated.
       366       183.0000       1       1       5.293479       4.921709      10.215189       0.446135       3.851962       1.000000     541.499386       0.000000            0
# Jump frustrated.
       367       183.5000       1       1       4.834300       5.409584      10.243885       0.446135       4.917468       1.000000     541.499386       0.000000            1
       368       184.0000       1       1       4.746554       5.506744      10.253298       0.446135       5.149322       1.000000     541.499386       0.000000            0
# Jump frustrated.
       369       184.5000       1       1       5.143921       5.085718      10.229639       0.446135       4.326192       1.000000     541.499386       0.000000            0
       370       185.0000       1       1       5.743934       4.462068      10.206002       0.446134       3.142266       1.000000     541.499386       0.000000            0
# Jump frustrated.
       371       185.5000       1       1       6.212747       3.989972      10.202718       0.446134       2.472147       1.000000     541.499386       0.000000            0
       372       186.0000       1       1       6.439958       3.770532      10.210489       0.446134       2.532473       1.000000     541.499386       0.000000            0
# Jump frustrated.
       373       186.5000       1       1       6.491927       3.725896      10.217823       0.446134       2.821098       1.000000     541.499386       0.000000            0
# Jump frustrated.
       374       187.0000       1       1       6.460480       3.759321      10.219801       0.446135       3.066653       1.000000     541.499386       0.000000            0
# Jump frustrated.
       375       187.5000       1       1       6.407084       3.815997      10.223081       0.446135       3.120171       1.000000     541.499386       0.000000            0
       376       188.0000       1       1       6.347316       3.867899      10.215215       0.446134       3.002570       1.000000     541.499386       0.000000            0
# Jump frustrated.
       377       188.5000       1       1       6.208530       3.997445      10.205976       0.446134       2.989054       1.000000     541.499386       0.000000            1
       378       189.0000       1       1       5.925087       4.287264      10.212351       0.446133       3.411334       1.000000     541.499386       0.000000            0
       379       189.5000       1       1       5.596168       4.633759      10.229927       0.446132       4.190943       1.000000     541.499386       0.000000            0
# Jump frustrated.
       380       190.0000       1       1       5.457527       4.782613      10.240139       0.446131       4.639854       1.000000     541.499386       0.000000            0
       381       190.5000       1       1       5.617286       4.607393      10.224678       0.446130       4.338641       1.000000     541.499386       0.000000            0
       382       191.0000       1       1       5.897919       4.310308      10.208227       0.446129       3.745235       1.000000     541.499386       0.000000            0
       383       191.5000       1       1       6.072032       4.134881      10.206913       0.446128       3.384725       1.000000     541.499386       0.000000            0
# Jump frustrated.
       384       192.0000       1       1       6.078295       4.135296      10.213591       0.446128       3.276715       1.000000     541.499386       0.000000            0
# Jump frustrated.
       385       192.5000       1       1       5.985387       4.236400      10.221787       0.446130       3.251215       1.000000     541.499386       0.000000            1
# Jump frustrated.
       386       193.0000       1       1       5.894322       4.333145      10.227467       0.446130       3.237647       1.000000     541.499386       0.000000            0
# Jump frustrated.
       387       193.5000       1       1       5.877172       4.350169      10.227341       0.446130       3.171864       1.000000     541.499386       0.000000            0
       388       194.0000       1       1       5.946888       4.277091      10.223979       0.446130       3.022447       1.000000     541.499386       0.000000            0
# Jump frustrated.
       389       194.5000       1       1       6.074809       4.145884      10.220693       0.446130       2.828868       1.000000     541.499386       0.000000            0
       390       195.0000       1       1       6.196759       4.012601      10.209360       0.446130       2.559895       1.000000     541.499386       0.000000            0
# Jump frustrated.
       391       195.5000       1       1       6.177785       4.015507      10.193292       0.446130       2.386248       1.000000     541.499386       0.000000            0
       392       196.0000       1       1       5.835195       4.344563      10.179759       0.446130       2.981972       1.000000     541.499386       0.000000            0
# Jump frustrated.
       393       196.5000       1       1       5.121826       5.080320      10.202146       0.446129       4.817163       1.000000     541.499386       0.000000            0
       394       197.0000       1       1       4.498416       5.760854      10.259270       0.446130       6.533041       1.000000     541.499386       0.000000            0
# Jump frustrated.
       395       197.5000       1       1       4.671980       5.585219      10.257199       0.446132       6.537171       1.000000     541.499386       0.000000            1
# Jump frustrated.
       396       198.0000       1       1       5.615076       4.581442      10.196518       0.446131       4.944777       1.000000     541.499386       0.000000            0
       397       198.5000       1       1       6.554482       3.617941      10.172422       0.446129       3.452454       1.000000     541.499386       0.000000            0
       398       199.0000       1       1       6.974805       3.206880      10.181685       0.446129       3.498478       1.000000     541.499386       0.000000            0
# Jump frustrated.
       399       199.5000       1       1       6.905148       3.291791      10.196939       0.446128       4.105027       1.000000     541.499386       0.000000            0
# Jump frustrated.
       400       200.0000       1       1       6.565324       3.653857      10.219181       0.446128       4.704243       1.000000     541.499386       0.000000            0
