#===============================================================================================================================================================================
#     Step |         Time |         State |                                     Energy |      Angular |     Gradient |      Density |           Expectation Value |    Runtime |
#          |              |  diag |   MCH |          kin |          pot |          tot |     Momentum |          RMS |        Total |           DM |            S |            |
#          |         [fs] |       |       |         [eV] |         [eV] |         [eV] |       [hbar] |     [eV/Ang] |              |      [Debye] |              |      [sec] |
#===============================================================================================================================================================================
         0         0.0000       2       2       0.160409      10.166054      10.326464       0.000157       3.006111       1.000000     541.499386       0.000000            4
         1         0.5000       2       2       0.272923      10.052286      10.325209       0.000157       2.797421       1.000000     541.499386       0.000000            2
# Surface Hop/Pointer State Switch: new state=      1 old state=      2 randnum=  0.186905909 gap= -9.882272 eV
         2         1.0000       1       1      10.281835       0.043374      10.325209       1.686362       0.733997       1.000000     541.499386       0.000000            1
         3         1.5000       1       1      10.120188       0.200117      10.320305       1.686362       1.254067       1.000000     541.499386       0.000000            0
# Jump frustrated.
         4         2.0000       1       1       9.340058       0.992550      10.332608       1.686362       3.008518       1.000000     541.499386       0.000000            0
         5         2.5000       1       1       8.182647       2.186287      10.368934       1.686362       4.883263       1.000000     541.499386       0.000000            0
         6         3.0000       1       1       7.162636       3.236983      10.399619       1.686362       5.908330       1.000000     541.499386       0.000000            0
         7         3.5000       1       1       6.652623       3.730048      10.382672       1.686361       5.405129       1.000000     541.499386       0.000000            0
# Jump frustrated.
         8         4.0000       1       1       6.466801       3.888660      10.355460       1.686360       4.152318       1.000000     541.499386       0.000000            1
         9         4.5000       1       1       6.234026       4.119933      10.353959       1.686359       3.310214       1.000000     541.499386       0.000000            0
# Jump frustrated.
        10         5.0000       1       1       5.845158       4.518953      10.364111       1.686359       3.134697       1.000000     541.499386       0.000000            0
# Jump frustrated.
        11         5.5000       1       1       5.372557       4.997070      10.369627       1.686359       3.297791       1.000000     541.499386       0.000000            0
        12         6.0000       1       1       4.917474       5.459617      10.377091       1.686359       3.438249       1.000000     541.499386       0.000000            0
        13         6.5000       1       1       4.567594       5.816077      10.383672       1.686360       3.491762       1.000000     541.499386       0.000000            0
        14         7.0000       1       1       4.396262       5.989429      10.385690       1.686360       3.345471       1.000000     541.499386       0.000000            1
# Jump frustrated.
        15         7.5000       1       1       4.402281       5.976972      10.379253       1.686360       3.118839       1.000000     541.499386       0.000000            0
# Jump frustrated.
        16         8.0000       1       1       4.505604       5.866733      10.372337       1.686360       2.935594       1.000000     541.499386       0.000000            0
# Jump frustrated.
        17         8.5000       1       1       4.614824       5.752550      10.367373       1.686360       2.916813       1.000000     541.499386       0.000000            0
# Jump frustrated.
        18         9.0000       1       1       4.662833       5.700441      10.363274       1.686360       3.200080       1.000000     541.499386       0.000000            0
# Jump frustrated.
        19         9.5000       1       1       4.642473       5.726807      10.369280       1.686359       3.918830       1.000000     541.499386       0.000000            0
# Jump frustrated.
        20        10.0000       1       1       4.682574       5.703762      10.386337       1.686360       4.838796       1.000000     541.499386       0.000000            0
# Jump frustrated.
        21        10.5000       1       1       5.041781       5.357890      10.399671       1.686360       5.389805       1.000000     541.499386       0.000000            1
# Jump frustrated.
        22        11.0000       1       1       5.892474       4.496324      10.388798       1.686360       5.109696       1.000000     541.499386       0.000000            0
        23        11.5000       1       1       7.031224       3.320856      10.352080       1.686360       3.904435       1.000000     541.499386       0.000000            0
# Jump frustrated.
        24        12.0000       1       1       7.964033       2.363791      10.327823       1.686361       2.618611       1.000000     541.499386       0.000000            0
# Jump frustrated.
        25        12.5000       1       1       8.332080       1.992175      10.324255       1.686361       2.074348       1.000000     541.499386       0.000000            0
        26        13.0000       1       1       8.048301       2.284485      10.332786       1.686361       2.836777       1.000000     541.499386       0.000000            0
        27        13.5000       1       1       7.300593       3.064047      10.364640       1.686361       4.373981       1.000000     541.499386       0.000000            0
# Jump frustrated.
        28        14.0000       1       1       6.581736       3.820772      10.402509       1.686361       5.467295       1.000000     541.499386       0.000000            0
        29        14.5000       1       1       6.370272       4.026718      10.396990       1.686361       5.127494       1.000000     541.499386       0.000000            1
# Jump frustrated.
        30        15.0000       1       1       6.593456       3.767417      10.360873       1.686361       3.861422       1.000000     541.499386       0.000000            0
# Jump frustrated.
        31        15.5000       1       1       6.813482       3.538635      10.352118       1.686361       3.145851       1.000000     541.499386       0.000000            0
# Jump frustrated.
        32        16.0000       1       1       6.810379       3.550676      10.361056       1.686361       3.484005       1.000000     541.499386       0.000000            0
# Jump frustrated.
        33        16.5000       1       1       6.645119       3.725896      10.371015       1.686361       4.132085       1.000000     541.499386       0.000000            0
        34        17.0000       1       1       6.447298       3.932049      10.379347       1.686362       4.698702       1.000000     541.499386       0.000000            0
# Jump frustrated.
        35        17.5000       1       1       6.322550       4.060558      10.383107       1.686362       5.032909       1.000000     541.499386       0.000000            1
# Jump frustrated.
        36        18.0000       1       1       6.320851       4.061388      10.382239       1.686362       5.127366       1.000000     541.499386       0.000000            0
# Jump frustrated.
        37        18.5000       1       1       6.423929       3.953848      10.377777       1.686362       5.023231       1.000000     541.499386       0.000000            0
# Jump frustrated.
        38        19.0000       1       1       6.572160       3.802088      10.374248       1.686363       4.714542       1.000000     541.499386       0.000000            0
# Jump frustrated.
        39        19.5000       1       1       6.685185       3.678977      10.364162       1.686362       4.162990       1.000000     541.499386       0.000000            0
# Jump frustrated.
        40        20.0000       1       1       6.656515       3.702229      10.358744       1.686362       3.641679       1.000000     541.499386       0.000000            0
# Jump frustrated.
        41        20.5000       1       1       6.436477       3.928312      10.364789       1.686362       3.632457       1.000000     541.499386       0.000000            0
# Jump frustrated.
        42        21.0000       1       1       6.154626       4.229757      10.384383       1.686362       4.098874       1.000000     541.499386       0.000000            1
# Jump frustrated.
        43        21.5000       1       1       6.065728       4.327747      10.393475       1.686362       4.350366       1.000000     541.499386       0.000000            0
        44        22.0000       1       1       6.293216       4.090453      10.383669       1.686362       4.058107       1.000000     541.499386       0.000000            0
# Jump frustrated.
        45        22.5000       1       1       6.721679       3.648251      10.369930       1.686363       3.510453       1.000000     541.499386       0.000000            0
# Jump frustrated.
        46        23.0000       1       1       7.148293       3.213524      10.361817       1.686362       3.005012       1.000000     541.499386       0.000000            1
        47        23.5000       1       1       7.425200       2.934708      10.359908       1.686362       2.654856       1.000000     541.499386       0.000000            0
        48        24.0000       1       1       7.483455       2.874295      10.357749       1.686363       2.458503       1.000000     541.499386       0.000000            0
# Jump frustrated.
        49        24.5000       1       1       7.287623       3.069652      10.357276       1.686363       2.446137       1.000000     541.499386       0.000000            0
        50        25.0000       1       1       6.833963       3.527424      10.361387       1.686362       2.708582       1.000000     541.499386       0.000000            0
# Jump frustrated.
        51        25.5000       1       1       6.185457       4.185122      10.370578       1.686362       3.335123       1.000000     541.499386       0.000000            0
# Jump frustrated.
        52        26.0000       1       1       5.511558       4.880395      10.391953       1.686362       3.994312       1.000000     541.499386       0.000000            0
        53        26.5000       1       1       5.044386       5.352700      10.397086       1.686362       4.110481       1.000000     541.499386       0.000000            1
# Jump frustrated.
        54        27.0000       1       1       4.859658       5.525636      10.385294       1.686362       3.723240       1.000000     541.499386       0.000000            0
# Jump frustrated.
        55        27.5000       1       1       4.837846       5.540169      10.378015       1.686362       3.362537       1.000000     541.499386       0.000000            0
# Jump frustrated.
        56        28.0000       1       1       4.870861       5.508197      10.379058       1.686362       3.279272       1.000000     541.499386       0.000000            0
# Jump frustrated.
        57        28.5000       1       1       4.944357       5.437611      10.381968       1.686361       3.377343       1.000000     541.499386       0.000000            0
# Jump frustrated.
        58        29.0000       1       1       5.080754       5.301629      10.382383       1.686361       3.499914       1.000000     541.499386       0.000000            0
        59        29.5000       1       1       5.286098       5.094645      10.380743       1.686361       3.585398       1.000000     541.499386       0.000000            1
# Jump frustrated.
        60        30.0000       1       1       5.530215       4.845310      10.375525       1.686361       3.593935       1.000000     541.499386       0.000000            0
        61        30.5000       1       1       5.745232       4.625455      10.370686       1.686361       3.669707       1.000000     541.499386       0.000000            0
# Jump frustrated.
        62        31.0000       1       1       5.873319       4.497569      10.370888       1.686361       3.976559       1.000000     541.499386       0.000000            0
# Jump frustrated.
        63        31.5000       1       1       5.926074       4.451273      10.377347       1.686361       4.544662       1.000000     541.499386       0.000000            0
# Jump frustrated.
        64        32.0000       1       1       6.020039       4.370722      10.390761       1.686360       5.182067       1.000000     541.499386       0.000000            0
# Jump frustrated.
        65        32.5000       1       1       6.350404       4.048932      10.399336       1.686360       5.447005       1.000000     541.499386       0.000000            0
# Jump frustrated.
        66        33.0000       1       1       7.015317       3.371720      10.387036       1.686360       4.987711       1.000000     541.499386       0.000000            0
# Jump frustrated.
        67        33.5000       1       1       7.859693       2.507247      10.366940       1.686360       3.968011       1.000000     541.499386       0.000000            1
# Jump frustrated.
        68        34.0000       1       1       8.593859       1.763808      10.357667       1.686361       2.836027       1.000000     541.499386       0.000000            0
# Jump frustrated.
        69        34.5000       1       1       9.024342       1.332817      10.357159       1.686360       2.077386       1.000000     541.499386       0.000000            0
# Jump frustrated.
        70        35.0000       1       1       9.117670       1.243754      10.361424       1.686360       1.900451       1.000000     541.499386       0.000000            0
# Jump frustrated.
        71        35.5000       1       1       8.917773       1.447416      10.365189       1.686360       2.281532       1.000000     541.499386       0.000000            0
# Jump frustrated.
        72        36.0000       1       1       8.489929       1.880483      10.370412       1.686360       2.927351       1.000000     541.499386       0.000000            0
# Jump frustrated.
        73        36.5000       1       1       7.911182       2.463442      10.374624       1.686360       3.580782       1.000000     541.499386       0.000000            0
# Jump frustrated.
        74        37.0000       1       1       7.273250       3.112212      10.385461       1.686360       4.047156       1.000000     541.499386       0.000000            0
# Jump frustrated.
        75        37.5000       1       1       6.664625       3.723405      10.388030       1.686361       4.270167       1.000000     541.499386       0.000000            1
# Jump frustrated.
        76        38.0000       1       1       6.132810       4.254877      10.387688       1.686361       4.427668       1.000000     541.499386       0.000000            0
# Jump frustrated.
        77        38.5000       1       1       5.687751       4.700608      10.388360       1.686361       4.608332       1.000000     541.499386       0.000000            0
# Jump frustrated.
        78        39.0000       1       1       5.342823       5.048141      10.390964       1.686361       4.735939       1.000000     541.499386       0.000000            0
        79        39.5000       1       1       5.126377       5.266128      10.392506       1.686360       4.761051       1.000000     541.499386       0.000000            0
# Jump frustrated.
        80        40.0000       1       1       5.061695       5.330694      10.392389       1.686360       4.666496       1.000000     541.499386       0.000000            1
# Jump frustrated.
        81        40.5000       1       1       5.146749       5.242669      10.389418       1.686359       4.417476       1.000000     541.499386       0.000000            0
        82        41.0000       1       1       5.345952       5.039422      10.385374       1.686360       4.027713       1.000000     541.499386       0.000000            0
        83        41.5000       1       1       5.598914       4.780744      10.379658       1.686360       3.532920       1.000000     541.499386       0.000000            0
        84        42.0000       1       1       5.820792       4.551339      10.372131       1.686361       3.021227       1.000000     541.499386       0.000000            0
        85        42.5000       1       1       5.941614       4.433211      10.374825       1.686361       2.708950       1.000000     541.499386       0.000000            0
        86        43.0000       1       1       5.965775       4.410374      10.376149       1.686361       2.693948       1.000000     541.499386       0.000000            0
        87        43.5000       1       1       5.912683       4.461238      10.373921       1.686360       2.986486       1.000000     541.499386       0.000000            1
# Jump frustrated.
        88        44.0000       1       1       5.784079       4.591822      10.375902       1.686360       3.581540       1.000000     541.499386       0.000000            0
        89        44.5000       1       1       5.635478       4.749603      10.385081       1.686360       4.375766       1.000000     541.499386       0.000000            0
# Jump frustrated.
        90        45.0000       1       1       5.612269       4.782613      10.394882       1.686360       4.992628       1.000000     541.499386       0.000000            0
# Jump frustrated.
        91        45.5000       1       1       5.831931       4.555076      10.387007       1.686360       4.909121       1.000000     541.499386       0.000000            0
        92        46.0000       1       1       6.194715       4.175364      10.370079       1.686360       4.156497       1.000000     541.499386       0.000000            0
# Jump frustrated.
        93        46.5000       1       1       6.477389       3.887622      10.365011       1.686360       3.306044       1.000000     541.499386       0.000000            1
# Jump frustrated.
        94        47.0000       1       1       6.564374       3.803333      10.367708       1.686359       2.770259       1.000000     541.499386       0.000000            0
        95        47.5000       1       1       6.476753       3.898209      10.374962       1.686359       2.568324       1.000000     541.499386       0.000000            0
# Jump frustrated.
        96        48.0000       1       1       6.304698       4.076959      10.381657       1.686359       2.530723       1.000000     541.499386       0.000000            0
# Jump frustrated.
        97        48.5000       1       1       6.138560       4.246573      10.385133       1.686358       2.512272       1.000000     541.499386       0.000000            0
# Jump frustrated.
        98        49.0000       1       1       6.029392       4.355982      10.385373       1.686358       2.476811       1.000000     541.499386       0.000000            1
# Jump frustrated.
        99        49.5000       1       1       5.990177       4.395427      10.385604       1.686359       2.461614       1.000000     541.499386       0.000000            0
       100        50.0000       1       1       6.018131       4.366985      10.385116       1.686359       2.486106       1.000000     541.499386       0.000000            0
# Jump frustrated.
       101        50.5000       1       1       6.101231       4.282489      10.383719       1.686359       2.562503       1.000000     541.499386       0.000000            0
       102        51.0000       1       1       6.225128       4.160001      10.385129       1.686358       2.727887       1.000000     541.499386       0.000000            0
       103        51.5000       1       1       6.395968       3.991010      10.386978       1.686358       2.933474       1.000000     541.499386       0.000000            0
# Jump frustrated.
       104        52.0000       1       1       6.633607       3.754131      10.387738       1.686358       3.055346       1.000000     541.499386       0.000000            1
# Jump frustrated.
       105        52.5000       1       1       6.942723       3.442513      10.385237       1.686358       3.010930       1.000000     541.499386       0.000000            0
# Jump frustrated.
       106        53.0000       1       1       7.286879       3.092074      10.378952       1.686358       2.826645       1.000000     541.499386       0.000000            0
# Jump frustrated.
       107        53.5000       1       1       7.593726       2.779626      10.373352       1.686358       2.639283       1.000000     541.499386       0.000000            0
# Jump frustrated.
       108        54.0000       1       1       7.796140       2.574303      10.370444       1.686359       2.582304       1.000000     541.499386       0.000000            0
       109        54.5000       1       1       7.852245       2.513890      10.366135       1.686359       2.652346       1.000000     541.499386       0.000000            0
# Jump frustrated.
       110        55.0000       1       1       7.740728       2.625997      10.366726       1.686360       2.795065       1.000000     541.499386       0.000000            1
# Jump frustrated.
       111        55.5000       1       1       7.479802       2.891111      10.370912       1.686361       3.174366       1.000000     541.499386       0.000000            0
# Jump frustrated.
       112        56.0000       1       1       7.150365       3.229509      10.379875       1.686360       3.815181       1.000000     541.499386       0.000000            0
# Jump frustrated.
       113        56.5000       1       1       6.924773       3.469087      10.393860       1.686360       4.271956       1.000000     541.499386       0.000000            0
# Jump frustrated.
       114        57.0000       1       1       6.956563       3.428604      10.385167       1.686360       3.877265       1.000000     541.499386       0.000000            0
# Jump frustrated.
       115        57.5000       1       1       7.138675       3.228679      10.367354       1.686360       2.947356       1.000000     541.499386       0.000000            0
# Jump frustrated.
       116        58.0000       1       1       7.220705       3.141277      10.361982       1.686360       2.364416       1.000000     541.499386       0.000000            0
# Jump frustrated.
       117        58.5000       1       1       7.090116       3.278297      10.368412       1.686360       2.391578       1.000000     541.499386       0.000000            1
# Jump frustrated.
       118        59.0000       1       1       6.789282       3.585554      10.374836       1.686360       2.595476       1.000000     541.499386       0.000000            0
# Jump frustrated.
       119        59.5000       1       1       6.392208       3.985197      10.377405       1.686360       2.742286       1.000000     541.499386       0.000000            0
       120        60.0000       1       1       5.951552       4.428436      10.379989       1.686360       2.814155       1.000000     541.499386       0.000000            0
# Jump frustrated.
       121        60.5000       1       1       5.502451       4.879150      10.381601       1.686359       2.910700       1.000000     541.499386       0.000000            0
       122        61.0000       1       1       5.073359       5.311179      10.384538       1.686359       3.075456       1.000000     541.499386       0.000000            1
# Jump frustrated.
       123        61.5000       1       1       4.708119       5.680926      10.389044       1.686359       3.327745       1.000000     541.499386       0.000000            0
# Jump frustrated.
       124        62.0000       1       1       4.483454       5.912199      10.395654       1.686359       3.576706       1.000000     541.499386       0.000000            0
# Jump frustrated.
       125        62.5000       1       1       4.484434       5.912407      10.396841       1.686359       3.616301       1.000000     541.499386       0.000000            0
       126        63.0000       1       1       4.722169       5.666601      10.388770       1.686359       3.342604       1.000000     541.499386       0.000000            0
       127        63.5000       1       1       5.084876       5.291664      10.376540       1.686358       2.899253       1.000000     541.499386       0.000000            0
       128        64.0000       1       1       5.404013       4.964476      10.368489       1.686358       2.670332       1.000000     541.499386       0.000000            0
       129        64.5000       1       1       5.562495       4.805242      10.367737       1.686358       2.881008       1.000000     541.499386       0.000000            1
# Jump frustrated.
       130        65.0000       1       1       5.558422       4.817906      10.376328       1.686358       3.391645       1.000000     541.499386       0.000000            0
# Jump frustrated.
       131        65.5000       1       1       5.501531       4.884132      10.385663       1.686358       3.944853       1.000000     541.499386       0.000000            0
# Jump frustrated.
       132        66.0000       1       1       5.545819       4.848009      10.393827       1.686358       4.372997       1.000000     541.499386       0.000000            0
# Jump frustrated.
       133        66.5000       1       1       5.804290       4.586217      10.390507       1.686357       4.473154       1.000000     541.499386       0.000000            0
       134        67.0000       1       1       6.244584       4.132182      10.376766       1.686357       4.138121       1.000000     541.499386       0.000000            0
       135        67.5000       1       1       6.693685       3.671503      10.365188       1.686357       3.600486       1.000000     541.499386       0.000000            0
# Jump frustrated.
       136        68.0000       1       1       6.977643       3.384176      10.361819       1.686358       3.236724       1.000000     541.499386       0.000000            0
# Jump frustrated.
       137        68.5000       1       1       7.038948       3.330198      10.369147       1.686358       3.349895       1.000000     541.499386       0.000000            1
# Jump frustrated.
       138        69.0000       1       1       6.975376       3.407636      10.383012       1.686359       3.766723       1.000000     541.499386       0.000000            0
       139        69.5000       1       1       6.963915       3.426735      10.390650       1.686359       4.042590       1.000000     541.499386       0.000000            0
       140        70.0000       1       1       7.108965       3.277674      10.386639       1.686359       4.006023       1.000000     541.499386       0.000000            0
       141        70.5000       1       1       7.362779       3.013806      10.376586       1.686359       3.778415       1.000000     541.499386       0.000000            0
       142        71.0000       1       1       7.599311       2.771945      10.371255       1.686359       3.458706       1.000000     541.499386       0.000000            0
# Jump frustrated.
       143        71.5000       1       1       7.729421       2.642191      10.371612       1.686358       3.161910       1.000000     541.499386       0.000000            0
       144        72.0000       1       1       7.739417       2.635963      10.375379       1.686358       2.957921       1.000000     541.499386       0.000000            1
# Jump frustrated.
       145        72.5000       1       1       7.668180       2.710701      10.378881       1.686358       2.825026       1.000000     541.499386       0.000000            0
# Jump frustrated.
       146        73.0000       1       1       7.557863       2.821770      10.379634       1.686358       2.741540       1.000000     541.499386       0.000000            0
# Jump frustrated.
       147        73.5000       1       1       7.423477       2.955884      10.379361       1.686359       2.713855       1.000000     541.499386       0.000000            0
       148        74.0000       1       1       7.262734       3.115949      10.378682       1.686359       2.761233       1.000000     541.499386       0.000000            0
# Jump frustrated.
       149        74.5000       1       1       7.071000       3.307777      10.378777       1.686359       2.898044       1.000000     541.499386       0.000000            0
# Jump frustrated.
       150        75.0000       1       1       6.850367       3.528670      10.379037       1.686359       3.135737       1.000000     541.499386       0.000000            0
# Jump frustrated.
       151        75.5000       1       1       6.615919       3.765549      10.381468       1.686358       3.469858       1.000000     541.499386       0.000000            1
# Jump frustrated.
       152        76.0000       1       1       6.419472       3.969834      10.389306       1.686358       3.785937       1.000000     541.499386       0.000000            0
       153        76.5000       1       1       6.334646       4.055783      10.390429       1.686358       3.899925       1.000000     541.499386       0.000000            0
       154        77.0000       1       1       6.347644       4.034399      10.382043       1.686358       3.826249       1.000000     541.499386       0.000000            0
       155        77.5000       1       1       6.354293       4.020490      10.374783       1.686358       3.697884       1.000000     541.499386       0.000000            0
# Jump frustrated.
       156        78.0000       1       1       6.244952       4.123670      10.368622       1.686358       3.699883       1.000000     541.499386       0.000000            0
       157        78.5000       1       1       5.941943       4.424284      10.366228       1.686358       4.000578       1.000000     541.499386       0.000000            0
# Jump frustrated.
       158        79.0000       1       1       5.458773       4.919010      10.377784       1.686359       4.606893       1.000000     541.499386       0.000000            1
       159        79.5000       1       1       4.987048       5.412491      10.399539       1.686358       5.230540       1.000000     541.499386       0.000000            0
# Jump frustrated.
       160        80.0000       1       1       4.823787       5.586880      10.410667       1.686358       5.460473       1.000000     541.499386       0.000000            0
# Jump frustrated.
       161        80.5000       1       1       5.114549       5.284397      10.398946       1.686359       5.097082       1.000000     541.499386       0.000000            0
# Jump frustrated.
       162        81.0000       1       1       5.706393       4.669260      10.375652       1.686359       4.294066       1.000000     541.499386       0.000000            0
# Jump frustrated.
       163        81.5000       1       1       6.285037       4.076751      10.361788       1.686359       3.379674       1.000000     541.499386       0.000000            1
# Jump frustrated.
       164        82.0000       1       1       6.631539       3.731709      10.363248       1.686359       2.775412       1.000000     541.499386       0.000000            0
# Jump frustrated.
       165        82.5000       1       1       6.726325       3.645345      10.371670       1.686359       2.569569       1.000000     541.499386       0.000000            0
# Jump frustrated.
       166        83.0000       1       1       6.651476       3.725689      10.377165       1.686359       2.593386       1.000000     541.499386       0.000000            0
       167        83.5000       1       1       6.473681       3.903815      10.377495       1.686360       2.731939       1.000000     541.499386       0.000000            0
# Jump frustrated.
       168        84.0000       1       1       6.214333       4.163946      10.378278       1.686361       3.005400       1.000000     541.499386       0.000000            0
# Jump frustrated.
       169        84.5000       1       1       5.893912       4.487604      10.381516       1.686361       3.391227       1.000000     541.499386       0.000000            1
# Jump frustrated.
       170        85.0000       1       1       5.557894       4.827663      10.385557       1.686360       3.912093       1.000000     541.499386       0.000000            0
       171        85.5000       1       1       5.286798       5.106686      10.393484       1.686360       4.529412       1.000000     541.499386       0.000000            0
# Jump frustrated.
       172        86.0000       1       1       5.203083       5.198241      10.401324       1.686359       5.080536       1.000000     541.499386       0.000000            0
# Jump frustrated.
       173        86.5000       1       1       5.414557       4.987313      10.401869       1.686357       5.477425       1.000000     541.499386       0.000000            0
       174        87.0000       1       1       5.923899       4.468089      10.391988       1.686356       5.737334       1.000000     541.499386       0.000000            0
       175        87.5000       1       1       6.596394       3.781119      10.377513       1.686355       5.932338       1.000000     541.499386       0.000000            0
# Jump frustrated.
       176        88.0000       1       1       7.254195       3.121554      10.375749       1.686355       6.001442       1.000000     541.499386       0.000000            1
       177        88.5000       1       1       7.801070       2.570567      10.371637       1.686355       5.815019       1.000000     541.499386       0.000000            0
       178        89.0000       1       1       8.167957       2.191892      10.359849       1.686355       5.336659       1.000000     541.499386       0.000000            0
       179        89.5000       1       1       8.274479       2.088920      10.363399       1.686355       4.472664       1.000000     541.499386       0.000000            0
# Jump frustrated.
       180        90.0000       1       1       8.140959       2.226355      10.367314       1.686356       3.894488       1.000000     541.499386       0.000000            0
# Jump frustrated.
       181        90.5000       1       1       7.833225       2.528007      10.361232       1.686357       3.556462       1.000000     541.499386       0.000000            0
# Jump frustrated.
       182        91.0000       1       1       7.358677       3.008616      10.367293       1.686358       4.238060       1.000000     541.499386       0.000000            0
       183        91.5000       1       1       6.907271       3.491093      10.398364       1.686358       5.656871       1.000000     541.499386       0.000000            0
       184        92.0000       1       1       6.865304       3.535521      10.400825       1.686357       6.122798       1.000000     541.499386       0.000000            1
# Jump frustrated.
       185        92.5000       1       1       7.260118       3.112834      10.372953       1.686356       5.095648       1.000000     541.499386       0.000000            0
# Jump frustrated.
       186        93.0000       1       1       7.662543       2.688695      10.351238       1.686356       3.625459       1.000000     541.499386       0.000000            0
# Jump frustrated.
       187        93.5000       1       1       7.745678       2.613749      10.359426       1.686356       2.851419       1.000000     541.499386       0.000000            0
# Jump frustrated.
       188        94.0000       1       1       7.498703       2.871388      10.370092       1.686356       2.696279       1.000000     541.499386       0.000000            0
       189        94.5000       1       1       7.041228       3.338295      10.379523       1.686356       2.783749       1.000000     541.499386       0.000000            0
# Jump frustrated.
       190        95.0000       1       1       6.461515       3.916271      10.377786       1.686356       2.956421       1.000000     541.499386       0.000000            0
# Jump frustrated.
       191        95.5000       1       1       5.790108       4.593899      10.384007       1.686356       3.268278       1.000000     541.499386       0.000000            1
       192        96.0000       1       1       5.099068       5.295401      10.394469       1.686356       3.688947       1.000000     541.499386       0.000000            0
# Jump frustrated.
       193        96.5000       1       1       4.543694       5.861128      10.404822       1.686357       4.081850       1.000000     541.499386       0.000000            0
# Jump frustrated.
       194        97.0000       1       1       4.270982       6.136829      10.407811       1.686357       4.183234       1.000000     541.499386       0.000000            0
# Jump frustrated.
       195        97.5000       1       1       4.324264       6.076416      10.400680       1.686358       3.901770       1.000000     541.499386       0.000000            0
       196        98.0000       1       1       4.605614       5.783691      10.389305       1.686359       3.479372       1.000000     541.499386       0.000000            0
       197        98.5000       1       1       4.952095       5.429099      10.381194       1.686360       3.281219       1.000000     541.499386       0.000000            0
       198        99.0000       1       1       5.250608       5.131392      10.381999       1.686360       3.497433       1.000000     541.499386       0.000000            0
# Jump frustrated.
       199        99.5000       1       1       5.502452       4.885586      10.388038       1.686359       3.924910       1.000000     541.499386       0.000000            1
# Jump frustrated.
       200       100.0000       1       1       5.790359       4.603864      10.394222       1.686358       4.237025       1.000000     541.499386       0.000000            0
# Jump frustrated.
       201       100.5000       1       1       6.173092       4.212526      10.385618       1.686358       4.106090       1.000000     541.499386       0.000000            0
       202       101.0000       1       1       6.555300       3.813091      10.368391       1.686359       3.608143       1.000000     541.499386       0.000000            0
# Jump frustrated.
       203       101.5000       1       1       6.702650       3.647006      10.349656       1.686358       3.434291       1.000000     541.499386       0.000000            0
# Jump frustrated.
       204       102.0000       1       1       6.443546       3.912327      10.355872       1.686358       4.406312       1.000000     541.499386       0.000000            1
# Jump frustrated.
       205       102.5000       1       1       5.998500       4.406638      10.405137       1.686358       5.820193       1.000000     541.499386       0.000000            0
# Jump frustrated.
       206       103.0000       1       1       5.957260       4.467051      10.424311       1.686358       6.178924       1.000000     541.499386       0.000000            0
# Jump frustrated.
       207       103.5000       1       1       6.575319       3.817451      10.392770       1.686358       5.199406       1.000000     541.499386       0.000000            0
# Jump frustrated.
       208       104.0000       1       1       7.433898       2.921629      10.355527       1.686358       3.436830       1.000000     541.499386       0.000000            0
# Jump frustrated.
       209       104.5000       1       1       8.011100       2.346352      10.357451       1.686357       2.641481       1.000000     541.499386       0.000000            0
# Jump frustrated.
       210       105.0000       1       1       8.206897       2.163243      10.370140       1.686357       2.769764       1.000000     541.499386       0.000000            1
       211       105.5000       1       1       8.131420       2.245455      10.376875       1.686357       3.035534       1.000000     541.499386       0.000000            0
# Jump frustrated.
       212       106.0000       1       1       7.880417       2.499358      10.379774       1.686357       3.291940       1.000000     541.499386       0.000000            0
# Jump frustrated.
       213       106.5000       1       1       7.510896       2.873464      10.384360       1.686357       3.667132       1.000000     541.499386       0.000000            0
# Jump frustrated.
       214       107.0000       1       1       7.106517       3.287016      10.393534       1.686356       4.060802       1.000000     541.499386       0.000000            0
# Jump frustrated.
       215       107.5000       1       1       6.791520       3.609637      10.401156       1.686355       4.414901       1.000000     541.499386       0.000000            0
# Jump frustrated.
       216       108.0000       1       1       6.664862       3.733993      10.398855       1.686355       4.424072       1.000000     541.499386       0.000000            1
       217       108.5000       1       1       6.691307       3.694132      10.385440       1.686355       4.046693       1.000000     541.499386       0.000000            0
# Jump frustrated.
       218       109.0000       1       1       6.700150       3.672334      10.372484       1.686355       3.608211       1.000000     541.499386       0.000000            0
# Jump frustrated.
       219       109.5000       1       1       6.524689       3.844647      10.369336       1.686355       3.514911       1.000000     541.499386       0.000000            0
       220       110.0000       1       1       6.139169       4.239307      10.378475       1.686355       4.042744       1.000000     541.499386       0.000000            0
# Jump frustrated.
       221       110.5000       1       1       5.739105       4.662616      10.401722       1.686354       4.824113       1.000000     541.499386       0.000000            0
# Jump frustrated.
       222       111.0000       1       1       5.645404       4.764759      10.410162       1.686351       5.064866       1.000000     541.499386       0.000000            0
       223       111.5000       1       1       5.964361       4.425945      10.390306       1.686351       4.426759       1.000000     541.499386       0.000000            0
# Jump frustrated.
       224       112.0000       1       1       6.446294       3.923953      10.370246       1.686351       3.414794       1.000000     541.499386       0.000000            0
       225       112.5000       1       1       6.760902       3.595935      10.356836       1.686351       2.714889       1.000000     541.499386       0.000000            1
       226       113.0000       1       1       6.688935       3.659047      10.347982       1.686351       2.699372       1.000000     541.499386       0.000000            0
# Jump frustrated.
       227       113.5000       1       1       6.135739       4.216055      10.351794       1.686351       3.784194       1.000000     541.499386       0.000000            0
       228       114.0000       1       1       5.251840       5.135751      10.387592       1.686352       5.674596       1.000000     541.499386       0.000000            0
# Jump frustrated.
       229       114.5000       1       1       4.581288       5.850125      10.431413       1.686352       6.984400       1.000000     541.499386       0.000000            0
# Jump frustrated.
       230       115.0000       1       1       4.652159       5.764176      10.416334       1.686352       6.606355       1.000000     541.499386       0.000000            1
# Jump frustrated.
       231       115.5000       1       1       5.288624       5.082189      10.370813       1.686353       4.919615       1.000000     541.499386       0.000000            0
       232       116.0000       1       1       5.904578       4.453764      10.358342       1.686354       3.412389       1.000000     541.499386       0.000000            0
# Jump frustrated.
       233       116.5000       1       1       6.187226       4.173703      10.360929       1.686353       2.818734       1.000000     541.499386       0.000000            0
# Jump frustrated.
       234       117.0000       1       1       6.154378       4.224152      10.378530       1.686352       3.162692       1.000000     541.499386       0.000000            0
# Jump frustrated.
       235       117.5000       1       1       6.023343       4.374251      10.397594       1.686352       3.810841       1.000000     541.499386       0.000000            0
       236       118.0000       1       1       6.048866       4.354736      10.403602       1.686352       4.181250       1.000000     541.499386       0.000000            0
# Jump frustrated.
       237       118.5000       1       1       6.325261       4.067616      10.392877       1.686353       3.997370       1.000000     541.499386       0.000000            0
       238       119.0000       1       1       6.710473       3.663614      10.374088       1.686353       3.505016       1.000000     541.499386       0.000000            0
# Jump frustrated.
       239       119.5000       1       1       6.952930       3.410542      10.363472       1.686352       3.392259       1.000000     541.499386       0.000000            1
# Jump frustrated.
       240       120.0000       1       1       6.923302       3.449364      10.372666       1.686351       3.952220       1.000000     541.499386       0.000000            0
# Jump frustrated.
       241       120.5000       1       1       6.739507       3.654064      10.393571       1.686351       4.743438       1.000000     541.499386       0.000000            0
# Jump frustrated.
       242       121.0000       1       1       6.673816       3.731917      10.405732       1.686350       5.036878       1.000000     541.499386       0.000000            0
# Jump frustrated.
       243       121.5000       1       1       6.879934       3.516629      10.396563       1.686351       4.549714       1.000000     541.499386       0.000000            0
# Jump frustrated.
       244       122.0000       1       1       7.248889       3.132972      10.381862       1.686352       3.670780       1.000000     541.499386       0.000000            0
# Jump frustrated.
       245       122.5000       1       1       7.574986       2.800594      10.375581       1.686352       2.972396       1.000000     541.499386       0.000000            0
# Jump frustrated.
       246       123.0000       1       1       7.745137       2.631395      10.376532       1.686352       2.684608       1.000000     541.499386       0.000000            1
# Jump frustrated.
       247       123.5000       1       1       7.743168       2.634094      10.377262       1.686351       2.655539       1.000000     541.499386       0.000000            0
       248       124.0000       1       1       7.575808       2.801425      10.377233       1.686351       2.723435       1.000000     541.499386       0.000000            0
# Jump frustrated.
       249       124.5000       1       1       7.251385       3.128197      10.379582       1.686350       2.908522       1.000000     541.499386       0.000000            0
# Jump frustrated.
       250       125.0000       1       1       6.816171       3.569984      10.386155       1.686350       3.283230       1.000000     541.499386       0.000000            0
# Jump frustrated.
       251       125.5000       1       1       6.373574       4.021320      10.394894       1.686350       3.746259       1.000000     541.499386       0.000000            0
# Jump frustrated.
       252       126.0000       1       1       6.087251       4.320066      10.407316       1.686350       3.885919       1.000000     541.499386       0.000000            0
# Jump frustrated.
       253       126.5000       1       1       6.072009       4.328370      10.400379       1.686350       3.553498       1.000000     541.499386       0.000000            1
# Jump frustrated.
       254       127.0000       1       1       6.245914       4.139241      10.385154       1.686350       2.960566       1.000000     541.499386       0.000000            0
# Jump frustrated.
       255       127.5000       1       1       6.390981       3.981460      10.372441       1.686349       2.554594       1.000000     541.499386       0.000000            0
       256       128.0000       1       1       6.338262       4.032738      10.371001       1.686348       2.652615       1.000000     541.499386       0.000000            0
       257       128.5000       1       1       6.066067       4.312384      10.378451       1.686348       3.294107       1.000000     541.499386       0.000000            0
# Jump frustrated.
       258       129.0000       1       1       5.715719       4.681716      10.397435       1.686348       4.160953       1.000000     541.499386       0.000000            0
       259       129.5000       1       1       5.550337       4.859427      10.409765       1.686349       4.560318       1.000000     541.499386       0.000000            0
# Jump frustrated.
       260       130.0000       1       1       5.722052       4.675280      10.397332       1.686349       4.182182       1.000000     541.499386       0.000000            0
# Jump frustrated.
       261       130.5000       1       1       6.062436       4.309063      10.371498       1.686349       3.355544       1.000000     541.499386       0.000000            1
       262       131.0000       1       1       6.261121       4.105816      10.366936       1.686349       2.756331       1.000000     541.499386       0.000000            0
# Jump frustrated.
       263       131.5000       1       1       6.190074       4.184499      10.374573       1.686349       2.735711       1.000000     541.499386       0.000000            0
       264       132.0000       1       1       5.913394       4.469542      10.382936       1.686349       3.019732       1.000000     541.499386       0.000000            0
# Jump frustrated.
       265       132.5000       1       1       5.568825       4.827041      10.395865       1.686349       3.310824       1.000000     541.499386       0.000000            0
       266       133.0000       1       1       5.309115       5.091946      10.401061       1.686350       3.349871       1.000000     541.499386       0.000000            1
# Jump frustrated.
       267       133.5000       1       1       5.194115       5.202393      10.396508       1.686350       3.148607       1.000000     541.499386       0.000000            0
       268       134.0000       1       1       5.178989       5.213604      10.392592       1.686351       2.940221       1.000000     541.499386       0.000000            0
# Jump frustrated.
       269       134.5000       1       1       5.204534       5.186822      10.391357       1.686351       2.900060       1.000000     541.499386       0.000000            0
# Jump frustrated.
       270       135.0000       1       1       5.243942       5.147585      10.391527       1.686351       3.055308       1.000000     541.499386       0.000000            0
# Jump frustrated.
       271       135.5000       1       1       5.299868       5.094022      10.393890       1.686352       3.396112       1.000000     541.499386       0.000000            0
# Jump frustrated.
       272       136.0000       1       1       5.411253       4.988143      10.399396       1.686352       3.850294       1.000000     541.499386       0.000000            0
# Jump frustrated.
       273       136.5000       1       1       5.657356       4.747942      10.405299       1.686351       4.233993       1.000000     541.499386       0.000000            1
       274       137.0000       1       1       6.113554       4.291624      10.405178       1.686352       4.336131       1.000000     541.499386       0.000000            0
# Jump frustrated.
       275       137.5000       1       1       6.771785       3.623131      10.394916       1.686352       4.035199       1.000000     541.499386       0.000000            0
# Jump frustrated.
       276       138.0000       1       1       7.524992       2.857063      10.382055       1.686352       3.443865       1.000000     541.499386       0.000000            0
# Jump frustrated.
       277       138.5000       1       1       8.212510       2.161997      10.374507       1.686352       2.702727       1.000000     541.499386       0.000000            0
       278       139.0000       1       1       8.692017       1.679312      10.371329       1.686352       2.134671       1.000000     541.499386       0.000000            0
# Jump frustrated.
       279       139.5000       1       1       8.906066       1.467346      10.373413       1.686352       1.938094       1.000000     541.499386       0.000000            0
       280       140.0000       1       1       8.884777       1.495996      10.380772       1.686352       2.080327       1.000000     541.499386       0.000000            1
# Jump frustrated.
       281       140.5000       1       1       8.708855       1.676613      10.385468       1.686351       2.342187       1.000000     541.499386       0.000000            0
# Jump frustrated.
       282       141.0000       1       1       8.443077       1.943388      10.386464       1.686351       2.642054       1.000000     541.499386       0.000000            0
# Jump frustrated.
       283       141.5000       1       1       8.112075       2.272236      10.384311       1.686350       3.038842       1.000000     541.499386       0.000000            0
       284       142.0000       1       1       7.712339       2.676653      10.388993       1.686349       3.553193       1.000000     541.499386       0.000000            0
# Jump frustrated.
       285       142.5000       1       1       7.282626       3.113665      10.396291       1.686347       3.719825       1.000000     541.499386       0.000000            0
# Jump frustrated.
       286       143.0000       1       1       6.883806       3.511231      10.395037       1.686347       3.751033       1.000000     541.499386       0.000000            0
       287       143.5000       1       1       6.536654       3.859595      10.396249       1.686348       3.862212       1.000000     541.499386       0.000000            1
# Jump frustrated.
       288       144.0000       1       1       6.258859       4.138410      10.397270       1.686349       3.895449       1.000000     541.499386       0.000000            0
       289       144.5000       1       1       6.057640       4.336674      10.394314       1.686348       3.787615       1.000000     541.499386       0.000000            0
# Jump frustrated.
       290       145.0000       1       1       5.907831       4.484698      10.392528       1.686348       3.606717       1.000000     541.499386       0.000000            0
# Jump frustrated.
       291       145.5000       1       1       5.787018       4.605940      10.392958       1.686348       3.398706       1.000000     541.499386       0.000000            0
# Jump frustrated.
       292       146.0000       1       1       5.699881       4.694380      10.394261       1.686349       3.224403       1.000000     541.499386       0.000000            0
       293       146.5000       1       1       5.666805       4.727805      10.394609       1.686350       3.061345       1.000000     541.499386       0.000000            0
# Jump frustrated.
       294       147.0000       1       1       5.694826       4.698117      10.392942       1.686350       2.850025       1.000000     541.499386       0.000000            1
# Jump frustrated.
       295       147.5000       1       1       5.756352       4.632306      10.388658       1.686349       2.562978       1.000000     541.499386       0.000000            0
# Jump frustrated.
       296       148.0000       1       1       5.787677       4.596597      10.384275       1.686349       2.324108       1.000000     541.499386       0.000000            0
# Jump frustrated.
       297       148.5000       1       1       5.723161       4.660125      10.383286       1.686349       2.327211       1.000000     541.499386       0.000000            0
       298       149.0000       1       1       5.543022       4.843649      10.386671       1.686350       2.597365       1.000000     541.499386       0.000000            0
# Jump frustrated.
       299       149.5000       1       1       5.280825       5.110008      10.390833       1.686349       2.946585       1.000000     541.499386       0.000000            0
# Jump frustrated.
       300       150.0000       1       1       4.991486       5.402733      10.394219       1.686349       3.251068       1.000000     541.499386       0.000000            0
# Jump frustrated.
       301       150.5000       1       1       4.726306       5.670753      10.397059       1.686349       3.518865       1.000000     541.499386       0.000000            1
# Jump frustrated.
       302       151.0000       1       1       4.537475       5.863619      10.401094       1.686348       3.786120       1.000000     541.499386       0.000000            0
# Jump frustrated.
       303       151.5000       1       1       4.485901       5.918220      10.404121       1.686348       3.950439       1.000000     541.499386       0.000000            0
       304       152.0000       1       1       4.611790       5.791165      10.402954       1.686349       3.918680       1.000000     541.499386       0.000000            0
       305       152.5000       1       1       4.894841       5.501761      10.396602       1.686349       3.704794       1.000000     541.499386       0.000000            0
       306       153.0000       1       1       5.250675       5.137827      10.388502       1.686350       3.410866       1.000000     541.499386       0.000000            0
# Jump frustrated.
       307       153.5000       1       1       5.592882       4.796522      10.389404       1.686350       3.243680       1.000000     541.499386       0.000000            0
# Jump frustrated.
       308       154.0000       1       1       5.915117       4.477639      10.392756       1.686350       3.193724       1.000000     541.499386       0.000000            0
# Jump frustrated.
       309       154.5000       1       1       6.252318       4.139448      10.391767       1.686349       3.099786       1.000000     541.499386       0.000000            1
# Jump frustrated.
       310       155.0000       1       1       6.613760       3.777175      10.390935       1.686347       2.930527       1.000000     541.499386       0.000000            0
       311       155.5000       1       1       6.987724       3.401200      10.388924       1.686345       2.740409       1.000000     541.499386       0.000000            0
# Jump frustrated.
       312       156.0000       1       1       7.338816       3.043702      10.382518       1.686344       2.584450       1.000000     541.499386       0.000000            0
# Jump frustrated.
       313       156.5000       1       1       7.607316       2.771530      10.378846       1.686344       2.548825       1.000000     541.499386       0.000000            1
# Jump frustrated.
       314       157.0000       1       1       7.752650       2.626828      10.379478       1.686344       2.749314       1.000000     541.499386       0.000000            0
       315       157.5000       1       1       7.798530       2.587798      10.386328       1.686345       3.160877       1.000000     541.499386       0.000000            0
# Jump frustrated.
       316       158.0000       1       1       7.834218       2.557903      10.392120       1.686345       3.507136       1.000000     541.499386       0.000000            0
# Jump frustrated.
       317       158.5000       1       1       7.938798       2.452023      10.390821       1.686344       3.558543       1.000000     541.499386       0.000000            0
# Jump frustrated.
       318       159.0000       1       1       8.104576       2.280748      10.385324       1.686343       3.361068       1.000000     541.499386       0.000000            0
# Jump frustrated.
       319       159.5000       1       1       8.262485       2.118400      10.380885       1.686344       3.113493       1.000000     541.499386       0.000000            0
       320       160.0000       1       1       8.338754       2.037641      10.376395       1.686344       2.957462       1.000000     541.499386       0.000000            0
# Jump frustrated.
       321       160.5000       1       1       8.259524       2.111341      10.370865       1.686344       2.998090       1.000000     541.499386       0.000000            1
       322       161.0000       1       1       7.948037       2.420052      10.368089       1.686344       3.389206       1.000000     541.499386       0.000000            0
# Jump frustrated.
       323       161.5000       1       1       7.405234       2.977060      10.382293       1.686344       3.917846       1.000000     541.499386       0.000000            0
       324       162.0000       1       1       6.736122       3.653649      10.389771       1.686343       4.544278       1.000000     541.499386       0.000000            0
       325       162.5000       1       1       6.108556       4.297852      10.406408       1.686343       5.048027       1.000000     541.499386       0.000000            0
# Jump frustrated.
       326       163.0000       1       1       5.701481       4.707874      10.409355       1.686343       4.974167       1.000000     541.499386       0.000000            0
# Jump frustrated.
       327       163.5000       1       1       5.549961       4.849462      10.399423       1.686342       4.401396       1.000000     541.499386       0.000000            0
# Jump frustrated.
       328       164.0000       1       1       5.521356       4.868147      10.389503       1.686342       3.619125       1.000000     541.499386       0.000000            1
       329       164.5000       1       1       5.469610       4.916104      10.385714       1.686343       2.911717       1.000000     541.499386       0.000000            0
# Jump frustrated.
       330       165.0000       1       1       5.317584       5.067034      10.384617       1.686342       2.501139       1.000000     541.499386       0.000000            0
# Jump frustrated.
       331       165.5000       1       1       5.058572       5.331524      10.390096       1.686342       2.642212       1.000000     541.499386       0.000000            0
       332       166.0000       1       1       4.775350       5.624042      10.399392       1.686341       3.188424       1.000000     541.499386       0.000000            0
# Jump frustrated.
       333       166.5000       1       1       4.611217       5.796147      10.407364       1.686341       3.743557       1.000000     541.499386       0.000000            0
       334       167.0000       1       1       4.683235       5.723693      10.406928       1.686340       3.941145       1.000000     541.499386       0.000000            1
# Jump frustrated.
       335       167.5000       1       1       4.986817       5.411660      10.398477       1.686339       3.770790       1.000000     541.499386       0.000000            0
       336       168.0000       1       1       5.406070       4.984614      10.390683       1.686338       3.537020       1.000000     541.499386       0.000000            0
# Jump frustrated.
       337       168.5000       1       1       5.817000       4.569609      10.386609       1.686338       3.396737       1.000000     541.499386       0.000000            0
       338       169.0000       1       1       6.146060       4.239722      10.385782       1.686340       3.236883       1.000000     541.499386       0.000000            0
# Jump frustrated.
       339       169.5000       1       1       6.369507       4.015922      10.385429       1.686340       2.962376       1.000000     541.499386       0.000000            0
# Jump frustrated.
       340       170.0000       1       1       6.474061       3.908175      10.382235       1.686341       2.518562       1.000000     541.499386       0.000000            0
       341       170.5000       1       1       6.424577       3.957377      10.381954       1.686340       2.070873       1.000000     541.499386       0.000000            0
       342       171.0000       1       1       6.209544       4.177855      10.387399       1.686339       1.986209       1.000000     541.499386       0.000000            1
       343       171.5000       1       1       5.894284       4.501721      10.396005       1.686338       2.263928       1.000000     541.499386       0.000000            0
       344       172.0000       1       1       5.594382       4.808356      10.402738       1.686338       2.565712       1.000000     541.499386       0.000000            0
# Jump frustrated.
       345       172.5000       1       1       5.405446       4.999977      10.405422       1.686338       2.719121       1.000000     541.499386       0.000000            0
       346       173.0000       1       1       5.367429       5.036931      10.404360       1.686338       2.691225       1.000000     541.499386       0.000000            0
# Jump frustrated.
       347       173.5000       1       1       5.465968       4.935411      10.401379       1.686339       2.561454       1.000000     541.499386       0.000000            0
       348       174.0000       1       1       5.659677       4.739638      10.399315       1.686339       2.444481       1.000000     541.499386       0.000000            1
       349       174.5000       1       1       5.916450       4.482414      10.398864       1.686338       2.380279       1.000000     541.499386       0.000000            0
       350       175.0000       1       1       6.224598       4.174326      10.398924       1.686338       2.368612       1.000000     541.499386       0.000000            0
       351       175.5000       1       1       6.577202       3.820149      10.397352       1.686338       2.361000       1.000000     541.499386       0.000000            0
       352       176.0000       1       1       6.953050       3.441891      10.394941       1.686339       2.336526       1.000000     541.499386       0.000000            0
# Jump frustrated.
       353       176.5000       1       1       7.317324       3.074843      10.392166       1.686339       2.318252       1.000000     541.499386       0.000000            0
# Jump frustrated.
       354       177.0000       1       1       7.633473       2.757828      10.391300       1.686339       2.345846       1.000000     541.499386       0.000000            0
       355       177.5000       1       1       7.887014       2.506209      10.393223       1.686340       2.454444       1.000000     541.499386       0.000000            1
# Jump frustrated.
       356       178.0000       1       1       8.094249       2.300678      10.394927       1.686340       2.554463       1.000000     541.499386       0.000000            0
# Jump frustrated.
       357       178.5000       1       1       8.272984       2.121099      10.394083       1.686341       2.523237       1.000000     541.499386       0.000000            0
       358       179.0000       1       1       8.404573       1.983871      10.388444       1.686342       2.349385       1.000000     541.499386       0.000000            0
       359       179.5000       1       1       8.422151       1.959581      10.381732       1.686342       2.229485       1.000000     541.499386       0.000000            0
# Jump frustrated.
       360       180.0000       1       1       8.246429       2.133347      10.379776       1.686342       2.424271       1.000000     541.499386       0.000000            0
# Jump frustrated.
       361       180.5000       1       1       7.875163       2.512437      10.387600       1.686343       2.843565       1.000000     541.499386       0.000000            0
# Jump frustrated.
       362       181.0000       1       1       7.378303       3.010069      10.388373       1.686344       3.371553       1.000000     541.499386       0.000000            0
# Jump frustrated.
       363       181.5000       1       1       6.852251       3.548808      10.401059       1.686344       3.794106       1.000000     541.499386       0.000000            1
# Jump frustrated.
       364       182.0000       1       1       6.438841       3.968588      10.407429       1.686344       3.898764       1.000000     541.499386       0.000000            0
       365       182.5000       1       1       6.220139       4.184499      10.404638       1.686343       3.814358       1.000000     541.499386       0.000000            0
       366       183.0000       1       1       6.173579       4.227681      10.401260       1.686342       3.476489       1.000000     541.499386       0.000000            0
# Jump frustrated.
       367       183.5000       1       1       6.232754       4.161454      10.394208       1.686341       2.924212       1.000000     541.499386       0.000000            0
# Jump frustrated.
       368       184.0000       1       1       6.311464       4.079865      10.391329       1.686340       2.429966       1.000000     541.499386       0.000000            0
# Jump frustrated.
       369       184.5000       1       1       6.344883       4.045402      10.390286       1.686340       2.210522       1.000000     541.499386       0.000000            0
       370       185.0000       1       1       6.302025       4.087131      10.389156       1.686341       2.187452       1.000000     541.499386       0.000000            0
# Jump frustrated.
       371       185.5000       1       1       6.168063       4.222075      10.390138       1.686340       2.362726       1.000000     541.499386       0.000000            1
       372       186.0000       1       1       5.954293       4.438609      10.392902       1.686340       2.664740       1.000000     541.499386       0.000000            0
       373       186.5000       1       1       5.706418       4.692512      10.398930       1.686340       2.990671       1.000000     541.499386       0.000000            0
       374       187.0000       1       1       5.486534       4.913820      10.400354       1.686341       3.238282       1.000000     541.499386       0.000000            0
       375       187.5000       1       1       5.336958       5.064957      10.401915       1.686342       3.331806       1.000000     541.499386       0.000000            0
       376       188.0000       1       1       5.276349       5.125994      10.402343       1.686342       3.325653       1.000000     541.499386       0.000000            0
       377       188.5000       1       1       5.305202       5.094645      10.399847       1.686343       3.242314       1.000000     541.499386       0.000000            1
# Jump frustrated.
       378       189.0000       1       1       5.393403       5.003714      10.397116       1.686343       3.101778       1.000000     541.499386       0.000000            0
# Jump frustrated.
       379       189.5000       1       1       5.505277       4.891191      10.396468       1.686344       2.951383       1.000000     541.499386       0.000000            0
# Jump frustrated.
       380       190.0000       1       1       5.623485       4.773063      10.396548       1.686345       2.846832       1.000000     541.499386       0.000000            0
# Jump frustrated.
       381       190.5000       1       1       5.742792       4.653482      10.396274       1.686345       2.778049       1.000000     541.499386       0.000000            0
       382       191.0000       1       1       5.863071       4.533485      10.396556       1.686346       2.731574       1.000000     541.499386       0.000000            0
       383       191.5000       1       1       5.988588       4.407260      10.395849       1.686347       2.661098       1.000000     541.499386       0.000000            1
# Jump frustrated.
       384       192.0000       1       1       6.119422       4.274392      10.393814       1.686346       2.511049       1.000000     541.499386       0.000000            0
# Jump frustrated.
       385       192.5000       1       1       6.242976       4.150244      10.393220       1.686345       2.286811       1.000000     541.499386       0.000000            0
# Jump frustrated.
       386       193.0000       1       1       6.344099       4.048724      10.392823       1.686345       2.088291       1.000000     541.499386       0.000000            0
# Jump frustrated.
       387       193.5000       1       1       6.411235       3.980837      10.392072       1.686346       1.974363       1.000000     541.499386       0.000000            0
# Jump frustrated.
       388       194.0000       1       1       6.434289       3.957585      10.391874       1.686345       2.033959       1.000000     541.499386       0.000000            0
       389       194.5000       1       1       6.412462       3.980629      10.393091       1.686345       2.296046       1.000000     541.499386       0.000000            1
       390       195.0000       1       1       6.356935       4.036683      10.393618       1.686345       2.678159       1.000000     541.499386       0.000000            0
       391       195.5000       1       1       6.288157       4.107477      10.395634       1.686345       3.060656       1.000000     541.499386       0.000000            0
# Jump frustrated.
       392       196.0000       1       1       6.235158       4.162492      10.397650       1.686346       3.317207       1.000000     541.499386       0.000000            0
# Jump frustrated.
       393       196.5000       1       1       6.223596       4.175156      10.398752       1.686346       3.435833       1.000000     541.499386       0.000000            0
       394       197.0000       1       1       6.269319       4.130106      10.399425       1.686345       3.453750       1.000000     541.499386       0.000000            0
       395       197.5000       1       1       6.380443       4.018414      10.398856       1.686345       3.376082       1.000000     541.499386       0.000000            1
       396       198.0000       1       1       6.552731       3.845062      10.397793       1.686344       3.267389       1.000000     541.499386       0.000000            0
       397       198.5000       1       1       6.772080       3.623754      10.395834       1.686343       3.170105       1.000000     541.499386       0.000000            0
       398       199.0000       1       1       7.011401       3.378778      10.390179       1.686343       3.191377       1.000000     541.499386       0.000000            0
# Jump frustrated.
       399       199.5000       1       1       7.226823       3.163075      10.389898       1.686344       3.250971       1.000000     541.499386       0.000000            0
# Jump frustrated.
       400       200.0000       1       1       7.408441       2.985157      10.393598       1.686343       3.078561       1.000000     541.499386       0.000000            0
