#===============================================================================================================================================================================
#     Step |         Time |         State |                                     Energy |      Angular |     Gradient |      Density |           Expectation Value |    Runtime |
#          |              |  diag |   MCH |          kin |          pot |          tot |     Momentum |          RMS |        Total |           DM |            S |            |
#          |         [fs] |       |       |         [eV] |         [eV] |         [eV] |       [hbar] |     [eV/Ang] |              |      [Debye] |              |      [sec] |
#===============================================================================================================================================================================
         0         0.0000       2       2       0.206163       9.833261      10.039425       0.000141       2.220516       1.000000     541.499386       0.000000            2
# Jump frustrated.
         1         0.5000       2       2       0.223545       9.816238      10.039783       0.000141       2.073370       1.000000     541.499386       0.000000            1
         2         1.0000       2       2       0.250688       9.789456      10.040144       0.000140       1.878593       1.000000     541.499386       0.000000            1
         3         1.5000       2       2       0.291181       9.748765      10.039947       0.000140       1.644184       1.000000     541.499386       0.000000            0
         4         2.0000       2       2       0.345654       9.694165      10.039819       0.000141       1.376002       1.000000     541.499386       0.000000            0
         5         2.5000       2       2       0.409334       9.630015      10.039348       0.000141       1.078930       1.000000     541.499386       0.000000            0
# Jump frustrated.
         6         3.0000       2       2       0.472782       9.565657      10.038439       0.000141       0.783511       1.000000     541.499386       0.000000            0
         7         3.5000       2       2       0.525711       9.512302      10.038012       0.000141       0.571054       1.000000     541.499386       0.000000            0
         8         4.0000       2       2       0.561757       9.476386      10.038143       0.000141       0.579352       1.000000     541.499386       0.000000            0
         9         4.5000       2       2       0.581894       9.456871      10.038765       0.000141       0.762917       1.000000     541.499386       0.000000            0
# Jump frustrated.
        10         5.0000       2       2       0.593638       9.445868      10.039506       0.000141       0.977183       1.000000     541.499386       0.000000            0
# Surface Hop/Pointer State Switch: new state=      1 old state=      2 randnum=  0.002094127 gap= -8.552138 eV
        11         5.5000       1       1       9.159063       0.880443      10.039506      10.570344       2.437382       1.000000     541.499386       0.000000            0
# Jump frustrated.
        12         6.0000       1       1       8.764135       1.282992      10.047126      10.570344       3.225379       1.000000     541.499386       0.000000            1
# Jump frustrated.
        13         6.5000       1       1       8.002881       2.063592      10.066472      10.570343       4.396366       1.000000     541.499386       0.000000            0
        14         7.0000       1       1       7.149258       2.937407      10.086665      10.570343       5.291488       1.000000     541.499386       0.000000            0
# Jump frustrated.
        15         7.5000       1       1       6.484042       3.608183      10.092226      10.570343       5.495075       1.000000     541.499386       0.000000            0
        16         8.0000       1       1       6.087709       3.993086      10.080794      10.570343       4.899107       1.000000     541.499386       0.000000            0
# Jump frustrated.
        17         8.5000       1       1       5.815941       4.254462      10.070403      10.570343       4.074304       1.000000     541.499386       0.000000            0
        18         9.0000       1       1       5.512101       4.558190      10.070291      10.570343       3.472965       1.000000     541.499386       0.000000            0
# Jump frustrated.
        19         9.5000       1       1       5.145536       4.931051      10.076587      10.570343       3.254756       1.000000     541.499386       0.000000            0
# Jump frustrated.
        20        10.0000       1       1       4.779396       5.302459      10.081856      10.570343       3.225261       1.000000     541.499386       0.000000            0
# Jump frustrated.
        21        10.5000       1       1       4.490367       5.595807      10.086174      10.570342       3.273725       1.000000     541.499386       0.000000            0
# Jump frustrated.
        22        11.0000       1       1       4.330370       5.756079      10.086449      10.570342       3.298508       1.000000     541.499386       0.000000            0
# Jump frustrated.
        23        11.5000       1       1       4.306900       5.776425      10.083325      10.570342       3.247619       1.000000     541.499386       0.000000            0
        24        12.0000       1       1       4.378154       5.699610      10.077764      10.570343       3.144737       1.000000     541.499386       0.000000            1
# Jump frustrated.
        25        12.5000       1       1       4.472320       5.600167      10.072487      10.570343       3.121279       1.000000     541.499386       0.000000            0
# Jump frustrated.
        26        13.0000       1       1       4.531324       5.540169      10.071492      10.570344       3.367048       1.000000     541.499386       0.000000            0
        27        13.5000       1       1       4.565468       5.511104      10.076571      10.570343       3.898199       1.000000     541.499386       0.000000            0
# Jump frustrated.
        28        14.0000       1       1       4.686634       5.401695      10.088329      10.570342       4.507096       1.000000     541.499386       0.000000            0
# Jump frustrated.
        29        14.5000       1       1       5.082864       5.013679      10.096543      10.570341       4.795491       1.000000     541.499386       0.000000            0
# Jump frustrated.
        30        15.0000       1       1       5.851061       4.228511      10.079573      10.570341       4.318810       1.000000     541.499386       0.000000            0
# Jump frustrated.
        31        15.5000       1       1       6.780378       3.268539      10.048917      10.570341       3.095509       1.000000     541.499386       0.000000            0
# Jump frustrated.
        32        16.0000       1       1       7.471295       2.563093      10.034388      10.570341       2.129930       1.000000     541.499386       0.000000            0
# Jump frustrated.
        33        16.5000       1       1       7.679865       2.356317      10.036181      10.570341       2.457469       1.000000     541.499386       0.000000            0
# Jump frustrated.
        34        17.0000       1       1       7.425239       2.625375      10.050614      10.570340       3.547827       1.000000     541.499386       0.000000            1
# Jump frustrated.
        35        17.5000       1       1       6.952643       3.122384      10.075027      10.570341       4.643689       1.000000     541.499386       0.000000            0
        36        18.0000       1       1       6.612039       3.473654      10.085694      10.570340       5.052901       1.000000     541.499386       0.000000            0
# Jump frustrated.
        37        18.5000       1       1       6.544498       3.524726      10.069224      10.570340       4.680526       1.000000     541.499386       0.000000            0
# Jump frustrated.
        38        19.0000       1       1       6.546502       3.506664      10.053166      10.570340       4.376833       1.000000     541.499386       0.000000            0
# Jump frustrated.
        39        19.5000       1       1       6.387870       3.670258      10.058127      10.570339       4.800461       1.000000     541.499386       0.000000            0
# Jump frustrated.
        40        20.0000       1       1       6.076088       3.994539      10.070626      10.570339       5.541961       1.000000     541.499386       0.000000            0
# Jump frustrated.
        41        20.5000       1       1       5.770182       4.312177      10.082359      10.570339       6.001096       1.000000     541.499386       0.000000            0
# Jump frustrated.
        42        21.0000       1       1       5.616214       4.470373      10.086586      10.570340       6.045762       1.000000     541.499386       0.000000            0
# Jump frustrated.
        43        21.5000       1       1       5.674136       4.410997      10.085134      10.570340       5.768179       1.000000     541.499386       0.000000            0
# Jump frustrated.
        44        22.0000       1       1       5.928595       4.152735      10.081330      10.570339       5.299359       1.000000     541.499386       0.000000            0
# Jump frustrated.
        45        22.5000       1       1       6.324023       3.751432      10.075455      10.570339       4.736564       1.000000     541.499386       0.000000            1
# Jump frustrated.
        46        23.0000       1       1       6.782562       3.287639      10.070201      10.570339       4.056629       1.000000     541.499386       0.000000            0
        47        23.5000       1       1       7.213229       2.846475      10.059704      10.570339       3.556953       1.000000     541.499386       0.000000            0
        48        24.0000       1       1       7.494436       2.558733      10.053169      10.570339       3.304527       1.000000     541.499386       0.000000            0
# Jump frustrated.
        49        24.5000       1       1       7.553336       2.508907      10.062243      10.570339       3.634285       1.000000     541.499386       0.000000            0
        50        25.0000       1       1       7.484302       2.588213      10.072516      10.570340       4.125287       1.000000     541.499386       0.000000            0
# Jump frustrated.
        51        25.5000       1       1       7.406964       2.662329      10.069293      10.570339       4.248243       1.000000     541.499386       0.000000            0
# Jump frustrated.
        52        26.0000       1       1       7.298501       2.758450      10.056952      10.570339       3.901948       1.000000     541.499386       0.000000            0
# Jump frustrated.
        53        26.5000       1       1       7.002755       3.044324      10.047079      10.570339       3.791756       1.000000     541.499386       0.000000            0
        54        27.0000       1       1       6.438909       3.620847      10.059756      10.570340       4.364611       1.000000     541.499386       0.000000            0
# Jump frustrated.
        55        27.5000       1       1       5.778115       4.304288      10.082403      10.570340       5.064950       1.000000     541.499386       0.000000            0
# Jump frustrated.
        56        28.0000       1       1       5.305047       4.785519      10.090566      10.570340       5.302354       1.000000     541.499386       0.000000            1
        57        28.5000       1       1       5.135901       4.945376      10.081277      10.570339       4.884312       1.000000     541.499386       0.000000            0
        58        29.0000       1       1       5.140046       4.927107      10.067152      10.570339       4.100761       1.000000     541.499386       0.000000            0
# Jump frustrated.
        59        29.5000       1       1       5.106274       4.956172      10.062446      10.570338       3.401636       1.000000     541.499386       0.000000            0
# Jump frustrated.
        60        30.0000       1       1       4.931761       5.135959      10.067720      10.570338       3.084595       1.000000     541.499386       0.000000            0
# Jump frustrated.
        61        30.5000       1       1       4.653834       5.421210      10.075044      10.570338       3.060063       1.000000     541.499386       0.000000            0
        62        31.0000       1       1       4.359508       5.720786      10.080295      10.570338       3.170695       1.000000     541.499386       0.000000            0
# Jump frustrated.
        63        31.5000       1       1       4.128785       5.955797      10.084582      10.570338       3.309902       1.000000     541.499386       0.000000            0
# Jump frustrated.
        64        32.0000       1       1       4.025387       6.061883      10.087270      10.570337       3.404400       1.000000     541.499386       0.000000            0
# Jump frustrated.
        65        32.5000       1       1       4.084312       6.002716      10.087028      10.570337       3.459827       1.000000     541.499386       0.000000            0
# Jump frustrated.
        66        33.0000       1       1       4.307441       5.777878      10.085319      10.570336       3.519456       1.000000     541.499386       0.000000            0
        67        33.5000       1       1       4.674390       5.408754      10.083143      10.570336       3.643895       1.000000     541.499386       0.000000            1
# Jump frustrated.
        68        34.0000       1       1       5.161683       4.920256      10.081939      10.570336       3.846582       1.000000     541.499386       0.000000            0
# Jump frustrated.
        69        34.5000       1       1       5.759104       4.322349      10.081453      10.570336       4.017184       1.000000     541.499386       0.000000            0
        70        35.0000       1       1       6.450185       3.626868      10.077053      10.570336       3.948546       1.000000     541.499386       0.000000            0
        71        35.5000       1       1       7.167745       2.899415      10.067160      10.570337       3.579349       1.000000     541.499386       0.000000            0
# Jump frustrated.
        72        36.0000       1       1       7.793044       2.268084      10.061128      10.570337       3.022480       1.000000     541.499386       0.000000            0
# Jump frustrated.
        73        36.5000       1       1       8.210307       1.845190      10.055497      10.570336       2.549847       1.000000     541.499386       0.000000            0
# Jump frustrated.
        74        37.0000       1       1       8.351323       1.703395      10.054718      10.570336       2.354462       1.000000     541.499386       0.000000            0
# Jump frustrated.
        75        37.5000       1       1       8.223352       1.839169      10.062521      10.570337       2.750553       1.000000     541.499386       0.000000            0
        76        38.0000       1       1       7.959903       2.119023      10.078925      10.570337       3.447807       1.000000     541.499386       0.000000            0
# Jump frustrated.
        77        38.5000       1       1       7.771589       2.312719      10.084308      10.570336       3.676561       1.000000     541.499386       0.000000            0
# Jump frustrated.
        78        39.0000       1       1       7.723739       2.347182      10.070921      10.570336       3.317625       1.000000     541.499386       0.000000            1
# Jump frustrated.
        79        39.5000       1       1       7.658523       2.400122      10.058644      10.570336       3.064504       1.000000     541.499386       0.000000            0
# Jump frustrated.
        80        40.0000       1       1       7.400890       2.656723      10.057614      10.570335       3.467604       1.000000     541.499386       0.000000            0
# Jump frustrated.
        81        40.5000       1       1       6.922901       3.145429      10.068330      10.570335       4.204822       1.000000     541.499386       0.000000            0
# Jump frustrated.
        82        41.0000       1       1       6.323671       3.753093      10.076763      10.570336       4.837842       1.000000     541.499386       0.000000            0
# Jump frustrated.
        83        41.5000       1       1       5.725884       4.357642      10.083527      10.570337       5.328106       1.000000     541.499386       0.000000            0
# Jump frustrated.
        84        42.0000       1       1       5.225341       4.862956      10.088298      10.570337       5.562678       1.000000     541.499386       0.000000            0
# Jump frustrated.
        85        42.5000       1       1       4.884449       5.204884      10.089333      10.570338       5.559671       1.000000     541.499386       0.000000            0
# Jump frustrated.
        86        43.0000       1       1       4.724328       5.363911      10.088239      10.570338       5.366238       1.000000     541.499386       0.000000            0
# Jump frustrated.
        87        43.5000       1       1       4.734432       5.352700      10.087132      10.570338       5.014831       1.000000     541.499386       0.000000            0
# Jump frustrated.
        88        44.0000       1       1       4.895385       5.190975      10.086359      10.570338       4.566393       1.000000     541.499386       0.000000            0
# Jump frustrated.
        89        44.5000       1       1       5.175033       4.905931      10.080964      10.570338       4.104608       1.000000     541.499386       0.000000            1
# Jump frustrated.
        90        45.0000       1       1       5.520188       4.558398      10.078586      10.570338       3.719940       1.000000     541.499386       0.000000            0
# Jump frustrated.
        91        45.5000       1       1       5.891281       4.186367      10.077648      10.570337       3.280289       1.000000     541.499386       0.000000            0
# Jump frustrated.
        92        46.0000       1       1       6.254230       3.817866      10.072096      10.570336       2.766808       1.000000     541.499386       0.000000            0
# Jump frustrated.
        93        46.5000       1       1       6.529517       3.532199      10.061716      10.570335       2.209172       1.000000     541.499386       0.000000            0
# Jump frustrated.
        94        47.0000       1       1       6.586017       3.466388      10.052405      10.570334       2.013368       1.000000     541.499386       0.000000            0
        95        47.5000       1       1       6.318976       3.734408      10.053384      10.570334       2.919304       1.000000     541.499386       0.000000            0
        96        48.0000       1       1       5.797013       4.277506      10.074520      10.570334       4.492622       1.000000     541.499386       0.000000            0
        97        48.5000       1       1       5.356692       4.747942      10.104634      10.570334       5.768215       1.000000     541.499386       0.000000            0
# Jump frustrated.
        98        49.0000       1       1       5.392117       4.715971      10.108088      10.570335       6.067038       1.000000     541.499386       0.000000            0
# Jump frustrated.
        99        49.5000       1       1       5.945307       4.134881      10.080188      10.570335       5.338977       1.000000     541.499386       0.000000            1
# Jump frustrated.
       100        50.0000       1       1       6.662651       3.393934      10.056585      10.570335       4.116525       1.000000     541.499386       0.000000            0
       101        50.5000       1       1       7.154650       2.892356      10.047007      10.570335       2.993910       1.000000     541.499386       0.000000            0
       102        51.0000       1       1       7.263608       2.791875      10.055483      10.570335       2.367730       1.000000     541.499386       0.000000            0
# Jump frustrated.
       103        51.5000       1       1       7.053269       3.011938      10.065207      10.570334       2.194866       1.000000     541.499386       0.000000            0
# Jump frustrated.
       104        52.0000       1       1       6.660013       3.414279      10.074292      10.570334       2.231753       1.000000     541.499386       0.000000            0
# Jump frustrated.
       105        52.5000       1       1       6.203388       3.876203      10.079591      10.570334       2.364244       1.000000     541.499386       0.000000            0
# Jump frustrated.
       106        53.0000       1       1       5.768266       4.315291      10.083556      10.570334       2.553079       1.000000     541.499386       0.000000            0
       107        53.5000       1       1       5.416329       4.670713      10.087042      10.570334       2.726045       1.000000     541.499386       0.000000            0
# Jump frustrated.
       108        54.0000       1       1       5.190093       4.898457      10.088550      10.570334       2.871100       1.000000     541.499386       0.000000            0
       109        54.5000       1       1       5.113667       4.976102      10.089768      10.570334       2.988659       1.000000     541.499386       0.000000            0
       110        55.0000       1       1       5.199936       4.889945      10.089881      10.570334       3.050541       1.000000     541.499386       0.000000            1
# Jump frustrated.
       111        55.5000       1       1       5.447262       4.640610      10.087872      10.570334       3.036834       1.000000     541.499386       0.000000            0
# Jump frustrated.
       112        56.0000       1       1       5.827372       4.255500      10.082872      10.570334       2.934513       1.000000     541.499386       0.000000            0
# Jump frustrated.
       113        56.5000       1       1       6.274935       3.801257      10.076192      10.570334       2.767086       1.000000     541.499386       0.000000            0
       114        57.0000       1       1       6.698428       3.370889      10.069318      10.570333       2.613205       1.000000     541.499386       0.000000            0
       115        57.5000       1       1       6.993026       3.065915      10.058941      10.570333       2.528821       1.000000     541.499386       0.000000            0
# Jump frustrated.
       116        58.0000       1       1       7.035896       3.013806      10.049702      10.570334       2.731094       1.000000     541.499386       0.000000            0
# Jump frustrated.
       117        58.5000       1       1       6.749291       3.303832      10.053123      10.570333       3.475202       1.000000     541.499386       0.000000            0
# Jump frustrated.
       118        59.0000       1       1       6.242423       3.831153      10.073576      10.570334       4.525031       1.000000     541.499386       0.000000            0
# Jump frustrated.
       119        59.5000       1       1       5.818506       4.266918      10.085424      10.570334       5.151411       1.000000     541.499386       0.000000            0
# Jump frustrated.
       120        60.0000       1       1       5.718149       4.369891      10.088041      10.570334       5.273212       1.000000     541.499386       0.000000            0
# Jump frustrated.
       121        60.5000       1       1       6.027835       4.065540      10.093375      10.570334       5.020637       1.000000     541.499386       0.000000            1
       122        61.0000       1       1       6.719491       3.355526      10.075018      10.570333       4.263508       1.000000     541.499386       0.000000            0
# Jump frustrated.
       123        61.5000       1       1       7.529002       2.521779      10.050782      10.570332       3.090483       1.000000     541.499386       0.000000            0
       124        62.0000       1       1       8.079766       1.962487      10.042254      10.570332       2.275842       1.000000     541.499386       0.000000            0
# Jump frustrated.
       125        62.5000       1       1       8.148763       1.890240      10.039003      10.570332       2.169920       1.000000     541.499386       0.000000            0
       126        63.0000       1       1       7.737501       2.316249      10.053750      10.570331       2.495059       1.000000     541.499386       0.000000            0
# Jump frustrated.
       127        63.5000       1       1       6.988099       3.074843      10.062941      10.570331       2.851871       1.000000     541.499386       0.000000            0
       128        64.0000       1       1       6.055865       4.015300      10.071165      10.570330       3.169948       1.000000     541.499386       0.000000            0
# Jump frustrated.
       129        64.5000       1       1       5.111449       4.974026      10.085475      10.570330       3.463080       1.000000     541.499386       0.000000            0
       130        65.0000       1       1       4.314231       5.778708      10.092940      10.570330       3.760185       1.000000     541.499386       0.000000            0
# Jump frustrated.
       131        65.5000       1       1       3.800669       6.297932      10.098601      10.570330       3.845943       1.000000     541.499386       0.000000            0
# Jump frustrated.
       132        66.0000       1       1       3.632661       6.461941      10.094602      10.570330       3.647745       1.000000     541.499386       0.000000            1
# Jump frustrated.
       133        66.5000       1       1       3.762915       6.325959      10.088874      10.570330       3.335684       1.000000     541.499386       0.000000            0
# Jump frustrated.
       134        67.0000       1       1       4.099584       5.984861      10.084445      10.570330       3.079508       1.000000     541.499386       0.000000            0
       135        67.5000       1       1       4.572128       5.510481      10.082609      10.570330       2.957463       1.000000     541.499386       0.000000            0
       136        68.0000       1       1       5.136941       4.941016      10.077957      10.570330       2.857237       1.000000     541.499386       0.000000            0
       137        68.5000       1       1       5.739761       4.332107      10.071868      10.570330       2.708288       1.000000     541.499386       0.000000            0
# Jump frustrated.
       138        69.0000       1       1       6.283446       3.774891      10.058337      10.570330       2.564231       1.000000     541.499386       0.000000            0
# Jump frustrated.
       139        69.5000       1       1       6.607468       3.436493      10.043960      10.570329       2.754774       1.000000     541.499386       0.000000            0
# Jump frustrated.
       140        70.0000       1       1       6.578340       3.468257      10.046597      10.570329       3.834689       1.000000     541.499386       0.000000            0
       141        70.5000       1       1       6.318256       3.751432      10.069687      10.570328       5.174935       1.000000     541.499386       0.000000            0
# Jump frustrated.
       142        71.0000       1       1       6.159627       3.917102      10.076729      10.570329       5.548513       1.000000     541.499386       0.000000            0
       143        71.5000       1       1       6.212566       3.845270      10.057836      10.570330       5.122860       1.000000     541.499386       0.000000            1
# Jump frustrated.
       144        72.0000       1       1       6.412389       3.664652      10.077041      10.570330       5.294190       1.000000     541.499386       0.000000            0
# Jump frustrated.
       145        72.5000       1       1       6.903858       3.173663      10.077521      10.570330       5.318726       1.000000     541.499386       0.000000            0
       146        73.0000       1       1       7.660593       2.382683      10.043275      10.570330       4.295941       1.000000     541.499386       0.000000            0
# Jump frustrated.
       147        73.5000       1       1       8.231714       1.789966      10.021680      10.570330       2.771756       1.000000     541.499386       0.000000            0
# Jump frustrated.
       148        74.0000       1       1       8.242029       1.790174      10.032203      10.570330       2.272867       1.000000     541.499386       0.000000            0
# Jump frustrated.
       149        74.5000       1       1       7.727152       2.324138      10.051290      10.570329       2.784666       1.000000     541.499386       0.000000            0
       150        75.0000       1       1       6.931367       3.138993      10.070360      10.570329       3.358309       1.000000     541.499386       0.000000            0
# Jump frustrated.
       151        75.5000       1       1       6.110400       3.970249      10.080649      10.570328       3.627844       1.000000     541.499386       0.000000            0
# Jump frustrated.
       152        76.0000       1       1       5.436208       4.648914      10.085123      10.570328       3.571126       1.000000     541.499386       0.000000            0
# Jump frustrated.
       153        76.5000       1       1       4.966476       5.117482      10.083958      10.570328       3.357437       1.000000     541.499386       0.000000            0
       154        77.0000       1       1       4.687632       5.394636      10.082269      10.570328       3.171411       1.000000     541.499386       0.000000            1
       155        77.5000       1       1       4.578880       5.503215      10.082094      10.570329       3.080641       1.000000     541.499386       0.000000            0
# Jump frustrated.
       156        78.0000       1       1       4.634644       5.447368      10.082012      10.570329       3.048748       1.000000     541.499386       0.000000            0
# Jump frustrated.
       157        78.5000       1       1       4.850701       5.229797      10.080498      10.570329       3.037453       1.000000     541.499386       0.000000            0
# Jump frustrated.
       158        79.0000       1       1       5.205046       4.871884      10.076930      10.570329       3.033409       1.000000     541.499386       0.000000            0
       159        79.5000       1       1       5.650033       4.421378      10.071411      10.570329       3.081816       1.000000     541.499386       0.000000            0
# Jump frustrated.
       160        80.0000       1       1       6.099733       3.961322      10.061054      10.570329       3.229198       1.000000     541.499386       0.000000            0
       161        80.5000       1       1       6.430620       3.622716      10.053336      10.570330       3.734255       1.000000     541.499386       0.000000            0
# Jump frustrated.
       162        81.0000       1       1       6.566825       3.487149      10.053973      10.570330       4.627784       1.000000     541.499386       0.000000            0
       163        81.5000       1       1       6.553382       3.504380      10.057762      10.570330       5.441261       1.000000     541.499386       0.000000            0
       164        82.0000       1       1       6.487547       3.569153      10.056701      10.570330       5.834764       1.000000     541.499386       0.000000            0
# Jump frustrated.
       165        82.5000       1       1       6.437564       3.624584      10.062148      10.570329       6.009596       1.000000     541.499386       0.000000            1
       166        83.0000       1       1       6.498687       3.565832      10.064519      10.570329       5.709331       1.000000     541.499386       0.000000            0
# Jump frustrated.
       167        83.5000       1       1       6.679012       3.372550      10.051562      10.570328       4.775159       1.000000     541.499386       0.000000            0
# Jump frustrated.
       168        84.0000       1       1       6.811849       3.235945      10.047794      10.570327       3.994632       1.000000     541.499386       0.000000            0
       169        84.5000       1       1       6.791798       3.263557      10.055355      10.570326       3.791841       1.000000     541.499386       0.000000            0
# Jump frustrated.
       170        85.0000       1       1       6.642534       3.415109      10.057644      10.570327       3.625859       1.000000     541.499386       0.000000            0
       171        85.5000       1       1       6.381966       3.679600      10.061566      10.570326       3.412183       1.000000     541.499386       0.000000            0
# Jump frustrated.
       172        86.0000       1       1       6.023187       4.041873      10.065060      10.570326       3.255900       1.000000     541.499386       0.000000            0
       173        86.5000       1       1       5.593582       4.475148      10.068730      10.570326       3.254298       1.000000     541.499386       0.000000            0
       174        87.0000       1       1       5.135920       4.939356      10.075276      10.570326       3.414809       1.000000     541.499386       0.000000            0
# Jump frustrated.
       175        87.5000       1       1       4.716510       5.363911      10.080420      10.570326       3.578949       1.000000     541.499386       0.000000            1
       176        88.0000       1       1       4.400300       5.683209      10.083509      10.570325       3.699842       1.000000     541.499386       0.000000            0
# Jump frustrated.
       177        88.5000       1       1       4.230078       5.855107      10.085186      10.570326       3.763120       1.000000     541.499386       0.000000            0
       178        89.0000       1       1       4.225692       5.859260      10.084952      10.570326       3.748833       1.000000     541.499386       0.000000            0
       179        89.5000       1       1       4.383944       5.698780      10.082724      10.570326       3.648397       1.000000     541.499386       0.000000            0
# Jump frustrated.
       180        90.0000       1       1       4.677841       5.401695      10.079536      10.570326       3.484790       1.000000     541.499386       0.000000            0
       181        90.5000       1       1       5.064132       5.011395      10.075527      10.570326       3.332660       1.000000     541.499386       0.000000            0
# Jump frustrated.
       182        91.0000       1       1       5.492528       4.578743      10.071271      10.570325       3.320642       1.000000     541.499386       0.000000            0
# Jump frustrated.
       183        91.5000       1       1       5.935529       4.137995      10.073524      10.570325       3.600475       1.000000     541.499386       0.000000            0
# Jump frustrated.
       184        92.0000       1       1       6.451689       3.630605      10.082294      10.570324       3.977549       1.000000     541.499386       0.000000            0
       185        92.5000       1       1       7.124786       2.949863      10.074649      10.570323       3.853339       1.000000     541.499386       0.000000            0
       186        93.0000       1       1       7.839272       2.206840      10.046112      10.570322       3.013486       1.000000     541.499386       0.000000            0
       187        93.5000       1       1       8.232863       1.786645      10.019507      10.570322       2.205722       1.000000     541.499386       0.000000            1
       188        94.0000       1       1       7.983783       2.037433      10.021216      10.570322       2.998350       1.000000     541.499386       0.000000            0
       189        94.5000       1       1       7.178669       2.884675      10.063344      10.570322       4.805460       1.000000     541.499386       0.000000            0
       190        95.0000       1       1       6.418188       3.694963      10.113151      10.570321       6.098006       1.000000     541.499386       0.000000            0
       191        95.5000       1       1       6.313906       3.789216      10.103122      10.570322       5.973335       1.000000     541.499386       0.000000            0
       192        96.0000       1       1       6.771986       3.287431      10.059417      10.570323       4.785975       1.000000     541.499386       0.000000            0
# Jump frustrated.
       193        96.5000       1       1       7.221888       2.819902      10.041790      10.570324       3.517970       1.000000     541.499386       0.000000            0
# Jump frustrated.
       194        97.0000       1       1       7.301186       2.744126      10.045312      10.570325       2.705524       1.000000     541.499386       0.000000            0
# Jump frustrated.
       195        97.5000       1       1       6.997670       3.061348      10.059018      10.570325       2.427960       1.000000     541.499386       0.000000            0
       196        98.0000       1       1       6.466904       3.604862      10.071765      10.570324       2.474298       1.000000     541.499386       0.000000            0
       197        98.5000       1       1       5.880003       4.203183      10.083187      10.570324       2.627720       1.000000     541.499386       0.000000            1
       198        99.0000       1       1       5.378936       4.709535      10.088471      10.570324       2.654166       1.000000     541.499386       0.000000            0
       199        99.5000       1       1       5.031423       5.056446      10.087869      10.570324       2.597360       1.000000     541.499386       0.000000            0
       200       100.0000       1       1       4.830932       5.254710      10.085641      10.570324       2.529572       1.000000     541.499386       0.000000            0
       201       100.5000       1       1       4.742054       5.340659      10.082713      10.570324       2.474412       1.000000     541.499386       0.000000            0
# Jump frustrated.
       202       101.0000       1       1       4.719711       5.359343      10.079054      10.570325       2.476581       1.000000     541.499386       0.000000            0
# Jump frustrated.
       203       101.5000       1       1       4.722506       5.356022      10.078528      10.570324       2.645621       1.000000     541.499386       0.000000            0
# Jump frustrated.
       204       102.0000       1       1       4.751361       5.331939      10.083300      10.570324       3.014407       1.000000     541.499386       0.000000            0
       205       102.5000       1       1       4.873977       5.216095      10.090072      10.570323       3.390091       1.000000     541.499386       0.000000            0
# Jump frustrated.
       206       103.0000       1       1       5.177263       4.912367      10.089630      10.570323       3.460436       1.000000     541.499386       0.000000            0
# Jump frustrated.
       207       103.5000       1       1       5.655860       4.422831      10.078691      10.570323       3.082889       1.000000     541.499386       0.000000            1
# Jump frustrated.
       208       104.0000       1       1       6.173406       3.893227      10.066633      10.570323       2.501213       1.000000     541.499386       0.000000            0
       209       104.5000       1       1       6.560750       3.499398      10.060148      10.570323       2.156752       1.000000     541.499386       0.000000            0
       210       105.0000       1       1       6.731340       3.332067      10.063407      10.570324       2.432891       1.000000     541.499386       0.000000            0
# Jump frustrated.
       211       105.5000       1       1       6.726854       3.341617      10.068470      10.570324       2.960893       1.000000     541.499386       0.000000            0
# Jump frustrated.
       212       106.0000       1       1       6.626419       3.440437      10.066856      10.570323       3.220674       1.000000     541.499386       0.000000            0
# Jump frustrated.
       213       106.5000       1       1       6.413475       3.640362      10.053838      10.570323       3.250174       1.000000     541.499386       0.000000            0
       214       107.0000       1       1       5.990273       4.060142      10.050415      10.570323       3.838874       1.000000     541.499386       0.000000            0
# Jump frustrated.
       215       107.5000       1       1       5.431125       4.651613      10.082738      10.570322       5.273958       1.000000     541.499386       0.000000            0
# Jump frustrated.
       216       108.0000       1       1       5.195731       4.913405      10.109136      10.570321       5.925818       1.000000     541.499386       0.000000            0
       217       108.5000       1       1       5.593046       4.488019      10.081065      10.570321       5.091458       1.000000     541.499386       0.000000            0
# Jump frustrated.
       218       109.0000       1       1       6.265918       3.778836      10.044754      10.570322       3.424931       1.000000     541.499386       0.000000            1
# Jump frustrated.
       219       109.5000       1       1       6.688034       3.355734      10.043768      10.570323       2.628730       1.000000     541.499386       0.000000            0
# Jump frustrated.
       220       110.0000       1       1       6.733589       3.324385      10.057974      10.570323       2.706668       1.000000     541.499386       0.000000            0
       221       110.5000       1       1       6.530484       3.539466      10.069949      10.570322       2.925945       1.000000     541.499386       0.000000            0
# Jump frustrated.
       222       111.0000       1       1       6.219813       3.853367      10.073180      10.570322       3.095670       1.000000     541.499386       0.000000            0
# Jump frustrated.
       223       111.5000       1       1       5.875820       4.200484      10.076304      10.570323       3.243901       1.000000     541.499386       0.000000            0
       224       112.0000       1       1       5.543380       4.536184      10.079564      10.570323       3.465450       1.000000     541.499386       0.000000            0
# Jump frustrated.
       225       112.5000       1       1       5.280390       4.805242      10.085632      10.570322       3.844520       1.000000     541.499386       0.000000            0
       226       113.0000       1       1       5.177032       4.915066      10.092097      10.570321       4.206822       1.000000     541.499386       0.000000            0
# Jump frustrated.
       227       113.5000       1       1       5.315059       4.775554      10.090613      10.570321       4.242266       1.000000     541.499386       0.000000            0
       228       114.0000       1       1       5.663706       4.413904      10.077610      10.570320       3.812920       1.000000     541.499386       0.000000            0
# Jump frustrated.
       229       114.5000       1       1       6.044159       4.017376      10.061535      10.570321       3.173243       1.000000     541.499386       0.000000            0
       230       115.0000       1       1       6.226761       3.822848      10.049609      10.570320       2.949835       1.000000     541.499386       0.000000            1
# Jump frustrated.
       231       115.5000       1       1       6.065572       3.985612      10.051184      10.570320       3.676627       1.000000     541.499386       0.000000            0
# Jump frustrated.
       232       116.0000       1       1       5.625880       4.447121      10.073001      10.570320       5.059612       1.000000     541.499386       0.000000            0
       233       116.5000       1       1       5.259827       4.843234      10.103061      10.570319       6.154283       1.000000     541.499386       0.000000            0
       234       117.0000       1       1       5.372600       4.734863      10.107463      10.570318       6.388754       1.000000     541.499386       0.000000            0
       235       117.5000       1       1       6.036459       4.047478      10.083938      10.570319       5.563215       1.000000     541.499386       0.000000            0
# Jump frustrated.
       236       118.0000       1       1       6.924894       3.131727      10.056621      10.570319       4.020003       1.000000     541.499386       0.000000            0
# Jump frustrated.
       237       118.5000       1       1       7.608677       2.431055      10.039732      10.570318       2.510107       1.000000     541.499386       0.000000            0
       238       119.0000       1       1       7.807756       2.225317      10.033073      10.570318       1.865288       1.000000     541.499386       0.000000            0
       239       119.5000       1       1       7.428884       2.611673      10.040556      10.570318       2.993434       1.000000     541.499386       0.000000            0
# Jump frustrated.
       240       120.0000       1       1       6.662910       3.421130      10.084040      10.570317       4.883065       1.000000     541.499386       0.000000            0
# Jump frustrated.
       241       120.5000       1       1       6.086181       4.035022      10.121203      10.570315       5.791045       1.000000     541.499386       0.000000            1
       242       121.0000       1       1       6.080288       4.005127      10.085415      10.570314       4.890585       1.000000     541.499386       0.000000            0
# Jump frustrated.
       243       121.5000       1       1       6.289273       3.764303      10.053576      10.570314       3.640391       1.000000     541.499386       0.000000            0
       244       122.0000       1       1       6.255986       3.797936      10.053922      10.570314       3.445460       1.000000     541.499386       0.000000            0
# Jump frustrated.
       245       122.5000       1       1       5.918583       4.151282      10.069865      10.570314       3.991387       1.000000     541.499386       0.000000            0
       246       123.0000       1       1       5.467647       4.619434      10.087081      10.570313       4.566776       1.000000     541.499386       0.000000            0
# Jump frustrated.
       247       123.5000       1       1       5.133169       4.963438      10.096607      10.570313       4.897816       1.000000     541.499386       0.000000            0
# Jump frustrated.
       248       124.0000       1       1       5.047778       5.048349      10.096127      10.570314       4.871136       1.000000     541.499386       0.000000            0
# Jump frustrated.
       249       124.5000       1       1       5.203009       4.885793      10.088802      10.570314       4.563496       1.000000     541.499386       0.000000            0
# Jump frustrated.
       250       125.0000       1       1       5.489430       4.590162      10.079592      10.570315       4.087688       1.000000     541.499386       0.000000            0
# Jump frustrated.
       251       125.5000       1       1       5.761803       4.308647      10.070450      10.570315       3.471851       1.000000     541.499386       0.000000            1
# Jump frustrated.
       252       126.0000       1       1       5.879156       4.182838      10.061993      10.570315       2.813337       1.000000     541.499386       0.000000            0
# Jump frustrated.
       253       126.5000       1       1       5.739846       4.321519      10.061365      10.570314       2.461298       1.000000     541.499386       0.000000            0
# Jump frustrated.
       254       127.0000       1       1       5.360268       4.713687      10.073956      10.570314       2.867142       1.000000     541.499386       0.000000            0
# Jump frustrated.
       255       127.5000       1       1       4.935478       5.159003      10.094481      10.570315       3.642166       1.000000     541.499386       0.000000            0
       256       128.0000       1       1       4.745461       5.360589      10.106050      10.570315       4.097902       1.000000     541.499386       0.000000            0
# Jump frustrated.
       257       128.5000       1       1       4.947395       5.152360      10.099755      10.570314       3.921244       1.000000     541.499386       0.000000            0
# Jump frustrated.
       258       129.0000       1       1       5.466556       4.620472      10.087028      10.570314       3.373216       1.000000     541.499386       0.000000            0
# Jump frustrated.
       259       129.5000       1       1       6.108372       3.967135      10.075506      10.570313       2.891422       1.000000     541.499386       0.000000            0
       260       130.0000       1       1       6.703196       3.364246      10.067442      10.570313       2.620574       1.000000     541.499386       0.000000            0
# Jump frustrated.
       261       130.5000       1       1       7.118703       2.942597      10.061300      10.570313       2.414870       1.000000     541.499386       0.000000            0
       262       131.0000       1       1       7.284309       2.777343      10.061652      10.570313       2.394976       1.000000     541.499386       0.000000            0
# Jump frustrated.
       263       131.5000       1       1       7.172581       2.883637      10.056218      10.570313       2.784812       1.000000     541.499386       0.000000            1
# Jump frustrated.
       264       132.0000       1       1       6.782393       3.285978      10.068372      10.570312       3.881864       1.000000     541.499386       0.000000            0
# Jump frustrated.
       265       132.5000       1       1       6.323946       3.775514      10.099461      10.570312       5.108050       1.000000     541.499386       0.000000            0
       266       133.0000       1       1       6.171985       3.934333      10.106318      10.570314       5.405462       1.000000     541.499386       0.000000            0
       267       133.5000       1       1       6.412507       3.667559      10.080065      10.570316       4.646425       1.000000     541.499386       0.000000            0
       268       134.0000       1       1       6.756646       3.308192      10.064838      10.570316       3.694001       1.000000     541.499386       0.000000            0
# Jump frustrated.
       269       134.5000       1       1       6.963772       3.102454      10.066226      10.570316       3.097515       1.000000     541.499386       0.000000            0
# Jump frustrated.
       270       135.0000       1       1       6.997562       3.072766      10.070328      10.570316       2.762278       1.000000     541.499386       0.000000            0
# Jump frustrated.
       271       135.5000       1       1       6.886618       3.184459      10.071077      10.570316       2.602144       1.000000     541.499386       0.000000            0
# Jump frustrated.
       272       136.0000       1       1       6.632344       3.437531      10.069875      10.570317       2.725177       1.000000     541.499386       0.000000            0
# Jump frustrated.
       273       136.5000       1       1       6.216953       3.852121      10.069074      10.570317       3.238750       1.000000     541.499386       0.000000            0
# Jump frustrated.
       274       137.0000       1       1       5.641141       4.430720      10.071861      10.570317       4.102933       1.000000     541.499386       0.000000            1
# Jump frustrated.
       275       137.5000       1       1       4.983633       5.101289      10.084921      10.570318       5.106524       1.000000     541.499386       0.000000            0
       276       138.0000       1       1       4.450469       5.652484      10.102953      10.570317       5.920815       1.000000     541.499386       0.000000            0
       277       138.5000       1       1       4.297157       5.812548      10.109705      10.570316       6.106079       1.000000     541.499386       0.000000            0
       278       139.0000       1       1       4.613095       5.482662      10.095757      10.570314       5.467880       1.000000     541.499386       0.000000            0
# Jump frustrated.
       279       139.5000       1       1       5.210124       4.864617      10.074741      10.570314       4.255915       1.000000     541.499386       0.000000            0
# Jump frustrated.
       280       140.0000       1       1       5.787762       4.275430      10.063193      10.570313       2.980946       1.000000     541.499386       0.000000            0
# Jump frustrated.
       281       140.5000       1       1       6.166296       3.899040      10.065336      10.570312       2.221001       1.000000     541.499386       0.000000            0
       282       141.0000       1       1       6.341732       3.730464      10.072196      10.570313       2.242251       1.000000     541.499386       0.000000            0
       283       141.5000       1       1       6.393511       3.684167      10.077678      10.570312       2.722957       1.000000     541.499386       0.000000            0
       284       142.0000       1       1       6.394017       3.684790      10.078807      10.570311       3.306894       1.000000     541.499386       0.000000            0
# Jump frustrated.
       285       142.5000       1       1       6.376626       3.702437      10.079063      10.570312       3.868958       1.000000     541.499386       0.000000            1
       286       143.0000       1       1       6.343501       3.731502      10.075002      10.570313       4.289852       1.000000     541.499386       0.000000            0
# Jump frustrated.
       287       143.5000       1       1       6.238348       3.823471      10.061819      10.570313       4.537503       1.000000     541.499386       0.000000            0
# Jump frustrated.
       288       144.0000       1       1       5.908313       4.137580      10.045893      10.570312       4.828390       1.000000     541.499386       0.000000            0
       289       144.5000       1       1       5.249654       4.805242      10.054896      10.570313       5.729532       1.000000     541.499386       0.000000            0
       290       145.0000       1       1       4.570935       5.542452      10.113387      10.570314       7.258433       1.000000     541.499386       0.000000            0
       291       145.5000       1       1       4.614147       5.515048      10.129195      10.570315       7.587770       1.000000     541.499386       0.000000            0
# Jump frustrated.
       292       146.0000       1       1       5.555068       4.514801      10.069869      10.570316       6.313935       1.000000     541.499386       0.000000            0
# Jump frustrated.
       293       146.5000       1       1       6.646275       3.383138      10.029413      10.570316       4.914337       1.000000     541.499386       0.000000            0
       294       147.0000       1       1       7.260130       2.777758      10.037888      10.570315       4.332678       1.000000     541.499386       0.000000            0
       295       147.5000       1       1       7.311224       2.731462      10.042686      10.570316       3.904774       1.000000     541.499386       0.000000            1
       296       148.0000       1       1       6.895484       3.161414      10.056898      10.570317       3.616376       1.000000     541.499386       0.000000            0
# Jump frustrated.
       297       148.5000       1       1       6.238648       3.843401      10.082050      10.570317       3.911193       1.000000     541.499386       0.000000            0
# Jump frustrated.
       298       149.0000       1       1       5.707092       4.396465      10.103557      10.570316       4.327680       1.000000     541.499386       0.000000            0
       299       149.5000       1       1       5.574953       4.523935      10.098888      10.570316       4.140971       1.000000     541.499386       0.000000            0
# Jump frustrated.
       300       150.0000       1       1       5.788870       4.290793      10.079663      10.570316       3.350270       1.000000     541.499386       0.000000            0
       301       150.5000       1       1       6.072995       3.993293      10.066288      10.570315       2.447794       1.000000     541.499386       0.000000            0
       302       151.0000       1       1       6.196412       3.867899      10.064311      10.570315       2.053581       1.000000     541.499386       0.000000            0
# Jump frustrated.
       303       151.5000       1       1       6.098688       3.972740      10.071429      10.570315       2.212055       1.000000     541.499386       0.000000            0
# Jump frustrated.
       304       152.0000       1       1       5.847182       4.232248      10.079430      10.570314       2.529461       1.000000     541.499386       0.000000            0
# Jump frustrated.
       305       152.5000       1       1       5.548977       4.537430      10.086407      10.570314       2.823330       1.000000     541.499386       0.000000            0
       306       153.0000       1       1       5.300492       4.790502      10.090994      10.570315       3.010806       1.000000     541.499386       0.000000            0
       307       153.5000       1       1       5.169029       4.924616      10.093645      10.570315       3.107002       1.000000     541.499386       0.000000            1
# Jump frustrated.
       308       154.0000       1       1       5.196022       4.899080      10.095101      10.570315       3.123274       1.000000     541.499386       0.000000            0
       309       154.5000       1       1       5.399202       4.693134      10.092336      10.570314       3.048386       1.000000     541.499386       0.000000            0
# Jump frustrated.
       310       155.0000       1       1       5.753289       4.333768      10.087057      10.570314       2.875295       1.000000     541.499386       0.000000            0
       311       155.5000       1       1       6.192675       3.888660      10.081334      10.570314       2.652062       1.000000     541.499386       0.000000            0
# Jump frustrated.
       312       156.0000       1       1       6.627606       3.442929      10.070535      10.570313       2.487889       1.000000     541.499386       0.000000            0
# Jump frustrated.
       313       156.5000       1       1       6.918829       3.138785      10.057614      10.570313       2.538611       1.000000     541.499386       0.000000            0
       314       157.0000       1       1       6.899050       3.149581      10.048630      10.570313       3.194635       1.000000     541.499386       0.000000            0
# Jump frustrated.
       315       157.5000       1       1       6.509132       3.551299      10.060432      10.570313       4.475283       1.000000     541.499386       0.000000            0
# Jump frustrated.
       316       158.0000       1       1       5.966882       4.122840      10.089721      10.570313       5.695837       1.000000     541.499386       0.000000            0
       317       158.5000       1       1       5.638054       4.452934      10.090988      10.570314       6.006853       1.000000     541.499386       0.000000            0
# Jump frustrated.
       318       159.0000       1       1       5.582550       4.489888      10.072437      10.570314       5.782960       1.000000     541.499386       0.000000            1
# Jump frustrated.
       319       159.5000       1       1       5.611708       4.462276      10.073984      10.570314       5.789958       1.000000     541.499386       0.000000            0
       320       160.0000       1       1       5.674400       4.405807      10.080207      10.570314       5.666919       1.000000     541.499386       0.000000            0
# Jump frustrated.
       321       160.5000       1       1       5.797350       4.279582      10.076933      10.570313       5.067171       1.000000     541.499386       0.000000            0
# Jump frustrated.
       322       161.0000       1       1       5.904627       4.164361      10.068988      10.570312       4.211280       1.000000     541.499386       0.000000            0
# Jump frustrated.
       323       161.5000       1       1       5.877048       4.191142      10.068190      10.570312       3.497548       1.000000     541.499386       0.000000            0
# Jump frustrated.
       324       162.0000       1       1       5.680104       4.394181      10.074285      10.570312       3.188506       1.000000     541.499386       0.000000            0
# Jump frustrated.
       325       162.5000       1       1       5.381879       4.700193      10.082072      10.570312       3.203270       1.000000     541.499386       0.000000            0
# Jump frustrated.
       326       163.0000       1       1       5.087977       4.999977      10.087953      10.570313       3.274898       1.000000     541.499386       0.000000            0
       327       163.5000       1       1       4.875349       5.213396      10.088745      10.570313       3.280008       1.000000     541.499386       0.000000            0
# Jump frustrated.
       328       164.0000       1       1       4.765436       5.322389      10.087825      10.570312       3.310392       1.000000     541.499386       0.000000            0
# Jump frustrated.
       329       164.5000       1       1       4.746346       5.340451      10.086797      10.570312       3.494727       1.000000     541.499386       0.000000            1
       330       165.0000       1       1       4.806057       5.280868      10.086925      10.570312       3.884550       1.000000     541.499386       0.000000            0
       331       165.5000       1       1       4.948141       5.139488      10.087629      10.570311       4.456177       1.000000     541.499386       0.000000            0
       332       166.0000       1       1       5.191698       4.897627      10.089325      10.570311       5.107478       1.000000     541.499386       0.000000            0
# Jump frustrated.
       333       166.5000       1       1       5.559548       4.529333      10.088881      10.570311       5.718041       1.000000     541.499386       0.000000            0
# Jump frustrated.
       334       167.0000       1       1       6.049608       4.034192      10.083799      10.570311       6.091215       1.000000     541.499386       0.000000            0
# Jump frustrated.
       335       167.5000       1       1       6.615824       3.461198      10.077022      10.570312       6.164855       1.000000     541.499386       0.000000            0
# Jump frustrated.
       336       168.0000       1       1       7.169002       2.900038      10.069040      10.570312       5.927008       1.000000     541.499386       0.000000            0
# Jump frustrated.
       337       168.5000       1       1       7.602381       2.462404      10.064785      10.570311       5.655833       1.000000     541.499386       0.000000            0
# Jump frustrated.
       338       169.0000       1       1       7.789099       2.250853      10.039952      10.570312       4.905129       1.000000     541.499386       0.000000            0
       339       169.5000       1       1       7.677301       2.392440      10.069741      10.570312       4.175406       1.000000     541.499386       0.000000            0
# Jump frustrated.
       340       170.0000       1       1       7.562573       2.537765      10.100338      10.570312       4.189291       1.000000     541.499386       0.000000            1
# Jump frustrated.
       341       170.5000       1       1       7.780109       2.309190      10.089299      10.570312       3.629530       1.000000     541.499386       0.000000            0
# Jump frustrated.
       342       171.0000       1       1       8.208509       1.852041      10.060550      10.570311       2.562961       1.000000     541.499386       0.000000            0
# Jump frustrated.
       343       171.5000       1       1       8.470876       1.572603      10.043479      10.570310       2.015479       1.000000     541.499386       0.000000            0
# Jump frustrated.
       344       172.0000       1       1       8.327243       1.720626      10.047869      10.570309       2.634606       1.000000     541.499386       0.000000            0
# Jump frustrated.
       345       172.5000       1       1       7.815727       2.248361      10.064088      10.570308       3.518452       1.000000     541.499386       0.000000            0
# Jump frustrated.
       346       173.0000       1       1       7.136246       2.939483      10.075730      10.570307       4.083416       1.000000     541.499386       0.000000            0
# Jump frustrated.
       347       173.5000       1       1       6.465875       3.616072      10.081948      10.570306       4.250098       1.000000     541.499386       0.000000            0
# Jump frustrated.
       348       174.0000       1       1       5.879094       4.201315      10.080409      10.570306       4.101305       1.000000     541.499386       0.000000            0
# Jump frustrated.
       349       174.5000       1       1       5.378945       4.702684      10.081629      10.570308       3.874207       1.000000     541.499386       0.000000            0
# Jump frustrated.
       350       175.0000       1       1       4.967241       5.117067      10.084308      10.570309       3.741244       1.000000     541.499386       0.000000            1
# Jump frustrated.
       351       175.5000       1       1       4.671127       5.415812      10.086939      10.570310       3.691281       1.000000     541.499386       0.000000            0
# Jump frustrated.
       352       176.0000       1       1       4.521408       5.566327      10.087735      10.570311       3.635728       1.000000     541.499386       0.000000            0
       353       176.5000       1       1       4.529922       5.557400      10.087321      10.570311       3.582069       1.000000     541.499386       0.000000            0
# Jump frustrated.
       354       177.0000       1       1       4.690698       5.395259      10.085957      10.570311       3.521838       1.000000     541.499386       0.000000            0
       355       177.5000       1       1       4.978970       5.103157      10.082127      10.570311       3.455303       1.000000     541.499386       0.000000            0
# Jump frustrated.
       356       178.0000       1       1       5.337225       4.737770      10.074995      10.570313       3.382072       1.000000     541.499386       0.000000            0
# Jump frustrated.
       357       178.5000       1       1       5.676247       4.391898      10.068145      10.570313       3.373653       1.000000     541.499386       0.000000            0
       358       179.0000       1       1       5.893849       4.167060      10.060909      10.570312       3.568544       1.000000     541.499386       0.000000            0
# Jump frustrated.
       359       179.5000       1       1       5.918353       4.142355      10.060708      10.570311       4.056058       1.000000     541.499386       0.000000            0
       360       180.0000       1       1       5.768731       4.296191      10.064922      10.570312       4.650343       1.000000     541.499386       0.000000            0
       361       180.5000       1       1       5.542953       4.527464      10.070417      10.570311       5.073261       1.000000     541.499386       0.000000            1
# Jump frustrated.
       362       181.0000       1       1       5.378474       4.703930      10.082404      10.570308       5.373212       1.000000     541.499386       0.000000            0
# Jump frustrated.
       363       181.5000       1       1       5.474690       4.619642      10.094331      10.570305       5.447638       1.000000     541.499386       0.000000            0
# Jump frustrated.
       364       182.0000       1       1       5.963907       4.118272      10.082179      10.570304       4.869686       1.000000     541.499386       0.000000            0
# Jump frustrated.
       365       182.5000       1       1       6.671205       3.385837      10.057042      10.570305       3.790311       1.000000     541.499386       0.000000            0
# Jump frustrated.
       366       183.0000       1       1       7.257461       2.791875      10.049336      10.570305       3.005645       1.000000     541.499386       0.000000            0
       367       183.5000       1       1       7.540258       2.510361      10.050619      10.570306       2.618914       1.000000     541.499386       0.000000            0
       368       184.0000       1       1       7.504814       2.553335      10.058150      10.570308       2.535053       1.000000     541.499386       0.000000            0
# Jump frustrated.
       369       184.5000       1       1       7.210362       2.853742      10.064104      10.570308       2.768590       1.000000     541.499386       0.000000            0
       370       185.0000       1       1       6.758976       3.315458      10.074435      10.570308       3.139504       1.000000     541.499386       0.000000            0
# Jump frustrated.
       371       185.5000       1       1       6.274722       3.808524      10.083246      10.570309       3.387668       1.000000     541.499386       0.000000            0
# Jump frustrated.
       372       186.0000       1       1       5.865175       4.222075      10.087251      10.570309       3.478725       1.000000     541.499386       0.000000            1
# Jump frustrated.
       373       186.5000       1       1       5.586791       4.501306      10.088097      10.570310       3.587599       1.000000     541.499386       0.000000            0
       374       187.0000       1       1       5.457173       4.631268      10.088440      10.570310       3.705337       1.000000     541.499386       0.000000            0
       375       187.5000       1       1       5.478051       4.608639      10.086689      10.570310       3.743659       1.000000     541.499386       0.000000            0
# Jump frustrated.
       376       188.0000       1       1       5.632790       4.451896      10.084685      10.570310       3.677412       1.000000     541.499386       0.000000            0
# Jump frustrated.
       377       188.5000       1       1       5.882422       4.196747      10.079170      10.570311       3.494201       1.000000     541.499386       0.000000            0
       378       189.0000       1       1       6.151915       3.919801      10.071715      10.570311       3.203516       1.000000     541.499386       0.000000            0
# Jump frustrated.
       379       189.5000       1       1       6.344300       3.722782      10.067082      10.570311       3.064203       1.000000     541.499386       0.000000            0
# Jump frustrated.
       380       190.0000       1       1       6.417444       3.654687      10.072132      10.570309       3.366605       1.000000     541.499386       0.000000            0
       381       190.5000       1       1       6.456406       3.628529      10.084934      10.570307       3.933129       1.000000     541.499386       0.000000            0
       382       191.0000       1       1       6.629521       3.459122      10.088643      10.570306       4.103512       1.000000     541.499386       0.000000            0
# Jump frustrated.
       383       191.5000       1       1       6.979715       3.092074      10.071789      10.570305       3.535222       1.000000     541.499386       0.000000            1
# Jump frustrated.
       384       192.0000       1       1       7.313897       2.739558      10.053455      10.570305       2.704786       1.000000     541.499386       0.000000            0
# Jump frustrated.
       385       192.5000       1       1       7.381369       2.663159      10.044528      10.570306       2.421480       1.000000     541.499386       0.000000            0
# Jump frustrated.
       386       193.0000       1       1       7.036634       3.002803      10.039437      10.570306       3.153990       1.000000     541.499386       0.000000            0
# Jump frustrated.
       387       193.5000       1       1       6.246857       3.794822      10.041678      10.570305       4.255000       1.000000     541.499386       0.000000            0
# Jump frustrated.
       388       194.0000       1       1       5.100315       4.960324      10.060639      10.570304       5.647253       1.000000     541.499386       0.000000            0
       389       194.5000       1       1       3.995306       6.116069      10.111374      10.570304       7.055159       1.000000     541.499386       0.000000            0
# Jump frustrated.
       390       195.0000       1       1       3.591387       6.532735      10.124122      10.570303       7.183407       1.000000     541.499386       0.000000            0
# Jump frustrated.
       391       195.5000       1       1       4.031078       6.042784      10.073861      10.570300       5.756814       1.000000     541.499386       0.000000            0
       392       196.0000       1       1       4.699000       5.344811      10.043811      10.570298       4.024284       1.000000     541.499386       0.000000            0
# Jump frustrated.
       393       196.5000       1       1       5.084462       4.971327      10.055789      10.570297       3.314853       1.000000     541.499386       0.000000            0
# Jump frustrated.
       394       197.0000       1       1       5.196837       4.874790      10.071627      10.570297       3.244794       1.000000     541.499386       0.000000            1
# Jump frustrated.
       395       197.5000       1       1       5.210412       4.869600      10.080012      10.570297       3.212053       1.000000     541.499386       0.000000            0
       396       198.0000       1       1       5.239254       4.844064      10.083318      10.570296       3.084891       1.000000     541.499386       0.000000            0
# Jump frustrated.
       397       198.5000       1       1       5.325657       4.757077      10.082734      10.570296       2.905107       1.000000     541.499386       0.000000            0
# Jump frustrated.
       398       199.0000       1       1       5.459327       4.620887      10.080214      10.570296       2.707463       1.000000     541.499386       0.000000            0
# Jump frustrated.
       399       199.5000       1       1       5.601211       4.476601      10.077812      10.570297       2.564389       1.000000     541.499386       0.000000            0
# Jump frustrated.
       400       200.0000       1       1       5.718746       4.360134      10.078880      10.570296       2.624752       1.000000     541.499386       0.000000            0
