#===============================================================================================================================================================================
#     Step |         Time |         State |                                     Energy |      Angular |     Gradient |      Density |           Expectation Value |    Runtime |
#          |              |  diag |   MCH |          kin |          pot |          tot |     Momentum |          RMS |        Total |           DM |            S |            |
#          |         [fs] |       |       |         [eV] |         [eV] |         [eV] |       [hbar] |     [eV/Ang] |              |      [Debye] |              |      [sec] |
#===============================================================================================================================================================================
         0         0.0000       2       2       0.141151      10.362450      10.503601       0.000124       3.466371       1.000000     541.499386       0.000000            3
         1         0.5000       2       2       0.099937      10.404387      10.504323       0.000124       3.521730       1.000000     541.499386       0.000000            1
# Surface Hop/Pointer State Switch: new state=      1 old state=      2 randnum=  0.766476819 gap= ********* eV
         2         1.0000       1       1      10.224486       0.279838      10.504323       4.568062       1.789683       1.000000     541.499386       0.000000            0
         3         1.5000       1       1       9.871016       0.643564      10.514580       4.568063       2.567869       1.000000     541.499386       0.000000            0
# Jump frustrated.
         4         2.0000       1       1       9.059281       1.484370      10.543651       4.568063       4.050491       1.000000     541.499386       0.000000            0
         5         2.5000       1       1       8.179080       2.391817      10.570897       4.568063       5.088348       1.000000     541.499386       0.000000            0
# Jump frustrated.
         6         3.0000       1       1       7.588255       2.979966      10.568221       4.568063       5.009839       1.000000     541.499386       0.000000            1
         7         3.5000       1       1       7.263614       3.284317      10.547931       4.568063       4.080301       1.000000     541.499386       0.000000            0
         8         4.0000       1       1       6.939314       3.603824      10.543137       4.568063       3.329987       1.000000     541.499386       0.000000            0
# Jump frustrated.
         9         4.5000       1       1       6.485444       4.061803      10.547247       4.568063       3.105787       1.000000     541.499386       0.000000            0
# Jump frustrated.
        10         5.0000       1       1       5.930556       4.623794      10.554350       4.568063       3.120914       1.000000     541.499386       0.000000            0
# Jump frustrated.
        11         5.5000       1       1       5.353402       5.206545      10.559947       4.568063       3.234239       1.000000     541.499386       0.000000            0
# Jump frustrated.
        12         6.0000       1       1       4.849379       5.718295      10.567674       4.568063       3.368567       1.000000     541.499386       0.000000            0
# Jump frustrated.
        13         6.5000       1       1       4.517108       6.054202      10.571310       4.568063       3.334269       1.000000     541.499386       0.000000            0
# Jump frustrated.
        14         7.0000       1       1       4.397492       6.172122      10.569614       4.568063       3.252012       1.000000     541.499386       0.000000            0
# Jump frustrated.
        15         7.5000       1       1       4.468029       6.098007      10.566036       4.568063       3.153097       1.000000     541.499386       0.000000            0
        16         8.0000       1       1       4.672993       5.887286      10.560280       4.568063       3.040278       1.000000     541.499386       0.000000            0
# Jump frustrated.
        17         8.5000       1       1       4.931889       5.621135      10.553024       4.568063       2.967406       1.000000     541.499386       0.000000            1
        18         9.0000       1       1       5.149156       5.397128      10.546283       4.568063       3.101176       1.000000     541.499386       0.000000            0
# Jump frustrated.
        19         9.5000       1       1       5.262216       5.286266      10.548482       4.568063       3.636832       1.000000     541.499386       0.000000            0
# Jump frustrated.
        20        10.0000       1       1       5.333066       5.228759      10.561825       4.568064       4.405046       1.000000     541.499386       0.000000            0
# Jump frustrated.
        21        10.5000       1       1       5.558051       5.016170      10.574221       4.568064       4.954757       1.000000     541.499386       0.000000            0
        22        11.0000       1       1       6.083667       4.478054      10.561721       4.568064       4.833822       1.000000     541.499386       0.000000            0
# Jump frustrated.
        23        11.5000       1       1       6.766047       3.767417      10.533464       4.568064       4.064539       1.000000     541.499386       0.000000            0
        24        12.0000       1       1       7.230283       3.281826      10.512109       4.568064       3.341790       1.000000     541.499386       0.000000            0
        25        12.5000       1       1       7.203372       3.314213      10.517585       4.568063       3.728923       1.000000     541.499386       0.000000            0
# Jump frustrated.
        26        13.0000       1       1       6.805032       3.749771      10.554803       4.568063       4.977762       1.000000     541.499386       0.000000            1
        27        13.5000       1       1       6.523835       4.057444      10.581279       4.568063       5.646974       1.000000     541.499386       0.000000            0
# Jump frustrated.
        28        14.0000       1       1       6.686900       3.873504      10.560405       4.568063       4.994900       1.000000     541.499386       0.000000            0
# Jump frustrated.
        29        14.5000       1       1       7.065256       3.466388      10.531644       4.568063       3.620777       1.000000     541.499386       0.000000            0
# Jump frustrated.
        30        15.0000       1       1       7.271186       3.259612      10.530798       4.568063       2.812772       1.000000     541.499386       0.000000            0
# Jump frustrated.
        31        15.5000       1       1       7.205088       3.337049      10.542137       4.568063       2.826526       1.000000     541.499386       0.000000            0
# Jump frustrated.
        32        16.0000       1       1       6.974827       3.577458      10.552285       4.568063       3.150027       1.000000     541.499386       0.000000            0
# Jump frustrated.
        33        16.5000       1       1       6.719139       3.840703      10.559842       4.568063       3.453863       1.000000     541.499386       0.000000            0
        34        17.0000       1       1       6.534357       4.028171      10.562529       4.568063       3.680945       1.000000     541.499386       0.000000            1
# Jump frustrated.
        35        17.5000       1       1       6.458764       4.103325      10.562089       4.568062       3.865840       1.000000     541.499386       0.000000            0
# Jump frustrated.
        36        18.0000       1       1       6.485048       4.075090      10.560138       4.568062       4.044349       1.000000     541.499386       0.000000            0
        37        18.5000       1       1       6.584035       3.974401      10.558436       4.568062       4.228441       1.000000     541.499386       0.000000            0
        38        19.0000       1       1       6.723214       3.832398      10.555613       4.568063       4.357843       1.000000     541.499386       0.000000            0
        39        19.5000       1       1       6.866244       3.686866      10.553110       4.568062       4.380947       1.000000     541.499386       0.000000            0
# Jump frustrated.
        40        20.0000       1       1       6.982093       3.570607      10.552699       4.568062       4.306445       1.000000     541.499386       0.000000            0
# Jump frustrated.
        41        20.5000       1       1       7.063890       3.489848      10.553738       4.568062       4.150547       1.000000     541.499386       0.000000            0
# Jump frustrated.
        42        21.0000       1       1       7.129355       3.425905      10.555260       4.568062       3.898517       1.000000     541.499386       0.000000            0
# Jump frustrated.
        43        21.5000       1       1       7.196541       3.357395      10.553936       4.568062       3.551198       1.000000     541.499386       0.000000            1
# Jump frustrated.
        44        22.0000       1       1       7.261493       3.291999      10.553492       4.568062       3.226996       1.000000     541.499386       0.000000            0
        45        22.5000       1       1       7.321999       3.233039      10.555038       4.568061       3.043307       1.000000     541.499386       0.000000            0
# Jump frustrated.
        46        23.0000       1       1       7.389190       3.164944      10.554134       4.568061       2.856616       1.000000     541.499386       0.000000            0
# Jump frustrated.
        47        23.5000       1       1       7.429465       3.115118      10.544583       4.568061       2.509444       1.000000     541.499386       0.000000            0
# Jump frustrated.
        48        24.0000       1       1       7.326224       3.210617      10.536841       4.568062       2.272337       1.000000     541.499386       0.000000            0
# Jump frustrated.
        49        24.5000       1       1       6.996226       3.547355      10.543581       4.568062       2.587868       1.000000     541.499386       0.000000            0
# Jump frustrated.
        50        25.0000       1       1       6.509909       4.046025      10.555934       4.568063       3.228996       1.000000     541.499386       0.000000            0
# Jump frustrated.
        51        25.5000       1       1       6.045950       4.521859      10.567809       4.568063       3.626458       1.000000     541.499386       0.000000            1
# Jump frustrated.
        52        26.0000       1       1       5.734509       4.827248      10.561757       4.568063       3.407974       1.000000     541.499386       0.000000            0
        53        26.5000       1       1       5.524810       5.028211      10.553021       4.568063       3.029676       1.000000     541.499386       0.000000            0
# Jump frustrated.
        54        27.0000       1       1       5.313486       5.241008      10.554494       4.568063       2.966751       1.000000     541.499386       0.000000            0
# Jump frustrated.
        55        27.5000       1       1       5.092609       5.466676      10.559285       4.568063       3.138753       1.000000     541.499386       0.000000            0
# Jump frustrated.
        56        28.0000       1       1       4.915602       5.647293      10.562895       4.568063       3.312331       1.000000     541.499386       0.000000            0
# Jump frustrated.
        57        28.5000       1       1       4.832990       5.731582      10.564572       4.568063       3.424158       1.000000     541.499386       0.000000            0
        58        29.0000       1       1       4.866388       5.697327      10.563714       4.568063       3.458985       1.000000     541.499386       0.000000            0
# Jump frustrated.
        59        29.5000       1       1       5.004542       5.557192      10.561734       4.568063       3.461810       1.000000     541.499386       0.000000            0
# Jump frustrated.
        60        30.0000       1       1       5.216483       5.343565      10.560049       4.568062       3.509568       1.000000     541.499386       0.000000            1
# Jump frustrated.
        61        30.5000       1       1       5.474323       5.085303      10.559626       4.568063       3.666002       1.000000     541.499386       0.000000            0
        62        31.0000       1       1       5.765639       4.794031      10.559670       4.568063       3.914564       1.000000     541.499386       0.000000            0
# Jump frustrated.
        63        31.5000       1       1       6.094892       4.466636      10.561528       4.568063       4.264917       1.000000     541.499386       0.000000            0
# Jump frustrated.
        64        32.0000       1       1       6.488248       4.075505      10.563753       4.568062       4.665819       1.000000     541.499386       0.000000            0
# Jump frustrated.
        65        32.5000       1       1       6.982798       3.579741      10.562540       4.568062       4.878645       1.000000     541.499386       0.000000            0
        66        33.0000       1       1       7.586590       2.969586      10.556176       4.568061       4.654941       1.000000     541.499386       0.000000            0
        67        33.5000       1       1       8.223306       2.323307      10.546614       4.568060       3.936710       1.000000     541.499386       0.000000            0
        68        34.0000       1       1       8.763365       1.778133      10.541498       4.568060       3.078209       1.000000     541.499386       0.000000            0
# Jump frustrated.
        69        34.5000       1       1       9.113251       1.426240      10.539491       4.568060       2.356210       1.000000     541.499386       0.000000            1
# Jump frustrated.
        70        35.0000       1       1       9.226397       1.312057      10.538453       4.568060       1.943024       1.000000     541.499386       0.000000            0
        71        35.5000       1       1       9.093098       1.446793      10.539891       4.568060       1.909360       1.000000     541.499386       0.000000            0
# Jump frustrated.
        72        36.0000       1       1       8.740484       1.802215      10.542700       4.568059       2.169901       1.000000     541.499386       0.000000            0
# Jump frustrated.
        73        36.5000       1       1       8.220873       2.326214      10.547086       4.568059       2.554926       1.000000     541.499386       0.000000            0
# Jump frustrated.
        74        37.0000       1       1       7.592818       2.956299      10.549117       4.568059       3.003999       1.000000     541.499386       0.000000            0
# Jump frustrated.
        75        37.5000       1       1       6.924562       3.627491      10.552052       4.568059       3.394520       1.000000     541.499386       0.000000            0
# Jump frustrated.
        76        38.0000       1       1       6.294146       4.269410      10.563556       4.568059       3.627240       1.000000     541.499386       0.000000            0
        77        38.5000       1       1       5.773224       4.791540      10.564764       4.568059       3.670753       1.000000     541.499386       0.000000            0
        78        39.0000       1       1       5.387103       5.176650      10.563753       4.568058       3.761815       1.000000     541.499386       0.000000            0
# Jump frustrated.
        79        39.5000       1       1       5.137497       5.425362      10.562859       4.568058       3.846903       1.000000     541.499386       0.000000            1
# Jump frustrated.
        80        40.0000       1       1       5.024072       5.539130      10.563202       4.568058       4.039570       1.000000     541.499386       0.000000            0
        81        40.5000       1       1       5.054945       5.509858      10.564803       4.568058       4.254187       1.000000     541.499386       0.000000            0
# Jump frustrated.
        82        41.0000       1       1       5.251712       5.313462      10.565174       4.568057       4.413691       1.000000     541.499386       0.000000            0
        83        41.5000       1       1       5.614697       4.945791      10.560488       4.568057       4.359452       1.000000     541.499386       0.000000            0
# Jump frustrated.
        84        42.0000       1       1       6.088307       4.464145      10.552452       4.568057       4.037638       1.000000     541.499386       0.000000            0
# Jump frustrated.
        85        42.5000       1       1       6.562125       3.979591      10.541717       4.568057       3.490785       1.000000     541.499386       0.000000            0
# Jump frustrated.
        86        43.0000       1       1       6.885890       3.644307      10.530197       4.568057       2.780753       1.000000     541.499386       0.000000            0
# Jump frustrated.
        87        43.5000       1       1       6.912181       3.611090      10.523271       4.568057       2.165532       1.000000     541.499386       0.000000            0
# Jump frustrated.
        88        44.0000       1       1       6.562537       3.962567      10.525104       4.568057       2.550240       1.000000     541.499386       0.000000            1
# Jump frustrated.
        89        44.5000       1       1       5.921409       4.625455      10.546863       4.568057       4.203547       1.000000     541.499386       0.000000            0
# Jump frustrated.
        90        45.0000       1       1       5.386882       5.194919      10.581801       4.568057       5.549391       1.000000     541.499386       0.000000            0
        91        45.5000       1       1       5.389137       5.184124      10.573260       4.568056       5.511323       1.000000     541.499386       0.000000            0
# Jump frustrated.
        92        46.0000       1       1       5.818716       4.713272      10.531988       4.568055       4.127248       1.000000     541.499386       0.000000            0
# Jump frustrated.
        93        46.5000       1       1       6.169636       4.351622      10.521258       4.568055       2.635818       1.000000     541.499386       0.000000            0
# Jump frustrated.
        94        47.0000       1       1       6.195493       4.339581      10.535074       4.568055       2.086707       1.000000     541.499386       0.000000            0
        95        47.5000       1       1       5.986099       4.559436      10.545535       4.568055       2.108123       1.000000     541.499386       0.000000            0
        96        48.0000       1       1       5.678724       4.873337      10.552061       4.568055       2.232720       1.000000     541.499386       0.000000            0
        97        48.5000       1       1       5.369887       5.186822      10.556710       4.568055       2.332929       1.000000     541.499386       0.000000            0
# Jump frustrated.
        98        49.0000       1       1       5.132279       5.428476      10.560755       4.568055       2.352022       1.000000     541.499386       0.000000            1
        99        49.5000       1       1       5.012582       5.549718      10.562301       4.568056       2.332993       1.000000     541.499386       0.000000            0
# Jump frustrated.
       100        50.0000       1       1       5.029655       5.533525      10.563180       4.568056       2.375255       1.000000     541.499386       0.000000            0
       101        50.5000       1       1       5.190886       5.371177      10.562063       4.568055       2.485339       1.000000     541.499386       0.000000            0
       102        51.0000       1       1       5.482513       5.075545      10.558058       4.568055       2.557287       1.000000     541.499386       0.000000            0
       103        51.5000       1       1       5.873164       4.682131      10.555296       4.568055       2.579929       1.000000     541.499386       0.000000            0
       104        52.0000       1       1       6.326517       4.226435      10.552952       4.568056       2.561479       1.000000     541.499386       0.000000            0
# Jump frustrated.
       105        52.5000       1       1       6.815000       3.739183      10.554183       4.568056       2.512691       1.000000     541.499386       0.000000            0
# Jump frustrated.
       106        53.0000       1       1       7.342906       3.212486      10.555392       4.568055       2.460180       1.000000     541.499386       0.000000            0
# Jump frustrated.
       107        53.5000       1       1       7.898160       2.651118      10.549278       4.568054       2.340353       1.000000     541.499386       0.000000            1
# Jump frustrated.
       108        54.0000       1       1       8.414707       2.128988      10.543694       4.568053       2.174904       1.000000     541.499386       0.000000            0
# Jump frustrated.
       109        54.5000       1       1       8.809241       1.728515      10.537756       4.568054       2.018922       1.000000     541.499386       0.000000            0
# Jump frustrated.
       110        55.0000       1       1       8.981900       1.543953      10.525853       4.568054       1.946531       1.000000     541.499386       0.000000            0
# Jump frustrated.
       111        55.5000       1       1       8.791069       1.724155      10.515224       4.568054       2.402263       1.000000     541.499386       0.000000            0
# Jump frustrated.
       112        56.0000       1       1       8.166162       2.357978      10.524140       4.568055       3.738745       1.000000     541.499386       0.000000            0
# Jump frustrated.
       113        56.5000       1       1       7.327776       3.236568      10.564344       4.568056       5.442716       1.000000     541.499386       0.000000            0
       114        57.0000       1       1       6.845929       3.743958      10.589887       4.568057       6.007492       1.000000     541.499386       0.000000            0
# Jump frustrated.
       115        57.5000       1       1       7.020082       3.533860      10.553942       4.568056       4.895212       1.000000     541.499386       0.000000            0
# Jump frustrated.
       116        58.0000       1       1       7.436923       3.085015      10.521938       4.568057       3.202093       1.000000     541.499386       0.000000            0
       117        58.5000       1       1       7.592414       2.928272      10.520686       4.568057       2.474742       1.000000     541.499386       0.000000            1
       118        59.0000       1       1       7.387423       3.153733      10.541156       4.568057       2.701296       1.000000     541.499386       0.000000            0
       119        59.5000       1       1       6.992855       3.561887      10.554742       4.568057       2.928421       1.000000     541.499386       0.000000            0
# Jump frustrated.
       120        60.0000       1       1       6.578953       3.979176      10.558129       4.568058       2.941073       1.000000     541.499386       0.000000            0
# Jump frustrated.
       121        60.5000       1       1       6.203643       4.356604      10.560248       4.568058       2.872811       1.000000     541.499386       0.000000            0
       122        61.0000       1       1       5.876919       4.682754      10.559673       4.568058       2.728185       1.000000     541.499386       0.000000            0
# Jump frustrated.
       123        61.5000       1       1       5.589400       4.970289      10.559689       4.568058       2.606485       1.000000     541.499386       0.000000            0
# Jump frustrated.
       124        62.0000       1       1       5.335458       5.225645      10.561103       4.568058       2.485722       1.000000     541.499386       0.000000            0
# Jump frustrated.
       125        62.5000       1       1       5.126594       5.435950      10.562544       4.568058       2.305495       1.000000     541.499386       0.000000            0
# Jump frustrated.
       126        63.0000       1       1       4.972775       5.589164      10.561939       4.568057       2.016461       1.000000     541.499386       0.000000            0
# Jump frustrated.
       127        63.5000       1       1       4.863764       5.696081      10.559845       4.568057       1.639586       1.000000     541.499386       0.000000            1
# Jump frustrated.
       128        64.0000       1       1       4.768547       5.788673      10.557221       4.568058       1.309562       1.000000     541.499386       0.000000            0
# Jump frustrated.
       129        64.5000       1       1       4.649590       5.905556      10.555146       4.568058       1.282481       1.000000     541.499386       0.000000            0
# Jump frustrated.
       130        65.0000       1       1       4.482440       6.073094      10.555534       4.568058       1.632378       1.000000     541.499386       0.000000            0
# Jump frustrated.
       131        65.5000       1       1       4.268563       6.288590      10.557152       4.568058       2.140130       1.000000     541.499386       0.000000            0
# Jump frustrated.
       132        66.0000       1       1       4.031558       6.527960      10.559518       4.568058       2.645598       1.000000     541.499386       0.000000            0
       133        66.5000       1       1       3.803785       6.757572      10.561357       4.568058       3.075668       1.000000     541.499386       0.000000            0
# Jump frustrated.
       134        67.0000       1       1       3.615917       6.946909      10.562826       4.568058       3.379771       1.000000     541.499386       0.000000            0
# Jump frustrated.
       135        67.5000       1       1       3.491005       7.072511      10.563516       4.568058       3.534841       1.000000     541.499386       0.000000            1
# Jump frustrated.
       136        68.0000       1       1       3.442287       7.121714      10.564001       4.568059       3.525488       1.000000     541.499386       0.000000            0
       137        68.5000       1       1       3.472573       7.090988      10.563561       4.568060       3.367479       1.000000     541.499386       0.000000            0
       138        69.0000       1       1       3.572812       6.988846      10.561658       4.568060       3.068301       1.000000     541.499386       0.000000            0
# Jump frustrated.
       139        69.5000       1       1       3.720988       6.837916      10.558904       4.568060       2.669622       1.000000     541.499386       0.000000            0
# Jump frustrated.
       140        70.0000       1       1       3.881393       6.674322      10.555716       4.568060       2.248854       1.000000     541.499386       0.000000            0
       141        70.5000       1       1       4.018027       6.536887      10.554914       4.568060       1.956162       1.000000     541.499386       0.000000            0
# Jump frustrated.
       142        71.0000       1       1       4.120056       6.435783      10.555839       4.568060       1.896840       1.000000     541.499386       0.000000            0
# Jump frustrated.
       143        71.5000       1       1       4.198266       6.358138      10.556403       4.568060       1.991749       1.000000     541.499386       0.000000            0
       144        72.0000       1       1       4.270255       6.287967      10.558222       4.568060       2.102060       1.000000     541.499386       0.000000            1
# Jump frustrated.
       145        72.5000       1       1       4.358029       6.200980      10.559009       4.568060       2.121112       1.000000     541.499386       0.000000            0
# Jump frustrated.
       146        73.0000       1       1       4.469523       6.087419      10.556942       4.568060       2.024861       1.000000     541.499386       0.000000            0
       147        73.5000       1       1       4.580886       5.973028      10.553914       4.568060       1.910794       1.000000     541.499386       0.000000            0
# Jump frustrated.
       148        74.0000       1       1       4.652422       5.899535      10.551958       4.568060       1.876750       1.000000     541.499386       0.000000            0
       149        74.5000       1       1       4.655711       5.895798      10.551509       4.568060       1.924494       1.000000     541.499386       0.000000            0
# Jump frustrated.
       150        75.0000       1       1       4.587395       5.966384      10.553780       4.568060       2.033080       1.000000     541.499386       0.000000            0
# Jump frustrated.
       151        75.5000       1       1       4.471547       6.084928      10.556475       4.568060       2.172960       1.000000     541.499386       0.000000            0
# Jump frustrated.
       152        76.0000       1       1       4.341619       6.215927      10.557546       4.568061       2.302388       1.000000     541.499386       0.000000            0
       153        76.5000       1       1       4.220881       6.338208      10.559089       4.568061       2.424635       1.000000     541.499386       0.000000            0
       154        77.0000       1       1       4.130455       6.430177      10.560632       4.568062       2.531110       1.000000     541.499386       0.000000            1
       155        77.5000       1       1       4.093626       6.468377      10.562003       4.568061       2.597009       1.000000     541.499386       0.000000            0
# Jump frustrated.
       156        78.0000       1       1       4.124667       6.437028      10.561695       4.568060       2.608213       1.000000     541.499386       0.000000            0
# Jump frustrated.
       157        78.5000       1       1       4.220161       6.339661      10.559822       4.568060       2.559655       1.000000     541.499386       0.000000            0
       158        79.0000       1       1       4.352000       6.204094      10.556094       4.568059       2.461386       1.000000     541.499386       0.000000            0
       159        79.5000       1       1       4.470601       6.082021      10.552622       4.568059       2.365008       1.000000     541.499386       0.000000            0
       160        80.0000       1       1       4.524809       6.025552      10.550361       4.568060       2.387762       1.000000     541.499386       0.000000            0
# Jump frustrated.
       161        80.5000       1       1       4.487041       6.063959      10.551000       4.568060       2.636696       1.000000     541.499386       0.000000            0
# Jump frustrated.
       162        81.0000       1       1       4.384880       6.172953      10.557833       4.568060       3.096563       1.000000     541.499386       0.000000            0
# Jump frustrated.
       163        81.5000       1       1       4.320932       6.246238      10.567170       4.568059       3.532928       1.000000     541.499386       0.000000            0
# Jump frustrated.
       164        82.0000       1       1       4.422278       6.148248      10.570526       4.568059       3.652339       1.000000     541.499386       0.000000            1
# Jump frustrated.
       165        82.5000       1       1       4.734152       5.830610      10.564762       4.568059       3.364134       1.000000     541.499386       0.000000            0
       166        83.0000       1       1       5.176746       5.377613      10.554359       4.568060       2.892549       1.000000     541.499386       0.000000            0
# Jump frustrated.
       167        83.5000       1       1       5.615621       4.932712      10.548333       4.568060       2.620823       1.000000     541.499386       0.000000            0
# Jump frustrated.
       168        84.0000       1       1       5.962292       4.585802      10.548094       4.568060       2.801302       1.000000     541.499386       0.000000            0
       169        84.5000       1       1       6.210518       4.340826      10.551345       4.568060       3.267156       1.000000     541.499386       0.000000            0
# Jump frustrated.
       170        85.0000       1       1       6.405461       4.149206      10.554666       4.568060       3.764251       1.000000     541.499386       0.000000            0
# Jump frustrated.
       171        85.5000       1       1       6.592017       3.960491      10.552508       4.568060       4.186246       1.000000     541.499386       0.000000            0
# Jump frustrated.
       172        86.0000       1       1       6.772758       3.777590      10.550348       4.568060       4.455224       1.000000     541.499386       0.000000            1
# Jump frustrated.
       173        86.5000       1       1       6.919726       3.627698      10.547424       4.568060       4.664280       1.000000     541.499386       0.000000            0
# Jump frustrated.
       174        87.0000       1       1       7.007385       3.538635      10.546020       4.568060       4.780879       1.000000     541.499386       0.000000            0
# Jump frustrated.
       175        87.5000       1       1       7.044970       3.506456      10.551426       4.568060       4.886715       1.000000     541.499386       0.000000            0
       176        88.0000       1       1       7.126487       3.435455      10.561942       4.568061       4.982533       1.000000     541.499386       0.000000            0
# Jump frustrated.
       177        88.5000       1       1       7.387671       3.176362      10.564033       4.568062       4.835427       1.000000     541.499386       0.000000            0
# Jump frustrated.
       178        89.0000       1       1       7.845990       2.705926      10.551916       4.568063       4.201642       1.000000     541.499386       0.000000            0
# Jump frustrated.
       179        89.5000       1       1       8.341874       2.197290      10.539164       4.568063       3.434035       1.000000     541.499386       0.000000            0
       180        90.0000       1       1       8.677362       1.854117      10.531479       4.568062       2.884471       1.000000     541.499386       0.000000            0
# Jump frustrated.
       181        90.5000       1       1       8.729867       1.801177      10.531044       4.568063       2.809492       1.000000     541.499386       0.000000            1
# Jump frustrated.
       182        91.0000       1       1       8.488592       2.048644      10.537236       4.568063       3.222563       1.000000     541.499386       0.000000            0
# Jump frustrated.
       183        91.5000       1       1       8.039544       2.507662      10.547205       4.568062       3.855086       1.000000     541.499386       0.000000            0
# Jump frustrated.
       184        92.0000       1       1       7.520189       3.034982      10.555171       4.568062       4.365396       1.000000     541.499386       0.000000            0
# Jump frustrated.
       185        92.5000       1       1       7.051113       3.504380      10.555493       4.568062       4.405168       1.000000     541.499386       0.000000            0
# Jump frustrated.
       186        93.0000       1       1       6.654378       3.896756      10.551134       4.568062       4.081973       1.000000     541.499386       0.000000            0
       187        93.5000       1       1       6.284813       4.265050      10.549863       4.568062       3.603681       1.000000     541.499386       0.000000            0
       188        94.0000       1       1       5.907352       4.644347      10.551699       4.568063       3.248028       1.000000     541.499386       0.000000            0
# Jump frustrated.
       189        94.5000       1       1       5.540085       5.017831      10.557916       4.568063       3.048193       1.000000     541.499386       0.000000            1
# Jump frustrated.
       190        95.0000       1       1       5.239886       5.321144      10.561029       4.568062       2.953782       1.000000     541.499386       0.000000            0
# Jump frustrated.
       191        95.5000       1       1       5.046650       5.514218      10.560868       4.568062       2.923269       1.000000     541.499386       0.000000            0
# Jump frustrated.
       192        96.0000       1       1       4.959336       5.598714      10.558049       4.568063       2.910981       1.000000     541.499386       0.000000            0
# Jump frustrated.
       193        96.5000       1       1       4.940204       5.613661      10.553865       4.568063       2.940905       1.000000     541.499386       0.000000            0
# Jump frustrated.
       194        97.0000       1       1       4.935475       5.614907      10.550382       4.568063       3.113620       1.000000     541.499386       0.000000            0
       195        97.5000       1       1       4.904084       5.645010      10.549094       4.568062       3.554635       1.000000     541.499386       0.000000            0
# Jump frustrated.
       196        98.0000       1       1       4.856113       5.698987      10.555100       4.568062       4.311485       1.000000     541.499386       0.000000            0
# Jump frustrated.
       197        98.5000       1       1       4.909802       5.659335      10.569136       4.568062       5.096690       1.000000     541.499386       0.000000            0
       198        99.0000       1       1       5.255303       5.318860      10.574163       4.568061       5.360801       1.000000     541.499386       0.000000            1
# Jump frustrated.
       199        99.5000       1       1       5.948156       4.611545      10.559701       4.568061       4.844554       1.000000     541.499386       0.000000            0
       200       100.0000       1       1       6.813121       3.729633      10.542754       4.568060       3.895035       1.000000     541.499386       0.000000            0
# Jump frustrated.
       201       100.5000       1       1       7.594467       2.936369      10.530836       4.568060       2.955119       1.000000     541.499386       0.000000            0
       202       101.0000       1       1       8.110945       2.417976      10.528921       4.568060       2.236880       1.000000     541.499386       0.000000            0
       203       101.5000       1       1       8.298258       2.231130      10.529388       4.568060       1.873620       1.000000     541.499386       0.000000            0
       204       102.0000       1       1       8.147742       2.378946      10.526688       4.568060       1.969172       1.000000     541.499386       0.000000            0
       205       102.5000       1       1       7.681691       2.854157      10.535848       4.568061       2.558175       1.000000     541.499386       0.000000            0
# Jump frustrated.
       206       103.0000       1       1       7.030476       3.525141      10.555616       4.568062       3.348897       1.000000     541.499386       0.000000            1
# Jump frustrated.
       207       103.5000       1       1       6.422793       4.142977      10.565770       4.568062       3.878081       1.000000     541.499386       0.000000            0
       208       104.0000       1       1       6.039374       4.526842      10.566215       4.568063       3.918434       1.000000     541.499386       0.000000            0
# Jump frustrated.
       209       104.5000       1       1       5.896202       4.662616      10.558819       4.568063       3.720633       1.000000     541.499386       0.000000            0
# Jump frustrated.
       210       105.0000       1       1       5.888490       4.664692      10.553182       4.568062       3.585365       1.000000     541.499386       0.000000            0
# Jump frustrated.
       211       105.5000       1       1       5.921039       4.631475      10.552514       4.568061       3.633293       1.000000     541.499386       0.000000            0
       212       106.0000       1       1       5.959781       4.593276      10.553057       4.568061       3.716734       1.000000     541.499386       0.000000            0
# Jump frustrated.
       213       106.5000       1       1       5.996059       4.555699      10.551758       4.568062       3.711137       1.000000     541.499386       0.000000            0
# Jump frustrated.
       214       107.0000       1       1       6.011349       4.539298      10.550647       4.568062       3.651094       1.000000     541.499386       0.000000            0
# Jump frustrated.
       215       107.5000       1       1       5.993259       4.558605      10.551865       4.568062       3.603389       1.000000     541.499386       0.000000            1
       216       108.0000       1       1       5.961653       4.594106      10.555760       4.568062       3.612178       1.000000     541.499386       0.000000            0
       217       108.5000       1       1       5.968137       4.590992      10.559129       4.568061       3.666709       1.000000     541.499386       0.000000            0
# Jump frustrated.
       218       109.0000       1       1       6.055734       4.500891      10.556625       4.568061       3.673980       1.000000     541.499386       0.000000            0
# Jump frustrated.
       219       109.5000       1       1       6.200165       4.347470      10.547635       4.568061       3.610392       1.000000     541.499386       0.000000            0
# Jump frustrated.
       220       110.0000       1       1       6.294866       4.243044      10.537909       4.568061       3.713102       1.000000     541.499386       0.000000            0
       221       110.5000       1       1       6.241426       4.297852      10.539277       4.568061       4.359181       1.000000     541.499386       0.000000            0
       222       111.0000       1       1       6.111582       4.446706      10.558287       4.568062       5.356667       1.000000     541.499386       0.000000            0
# Jump frustrated.
       223       111.5000       1       1       6.169427       4.402693      10.572120       4.568063       5.911521       1.000000     541.499386       0.000000            0
# Jump frustrated.
       224       112.0000       1       1       6.595117       3.965682      10.560798       4.568063       5.522489       1.000000     541.499386       0.000000            1
       225       112.5000       1       1       7.248773       3.293867      10.542640       4.568063       4.547777       1.000000     541.499386       0.000000            0
# Jump frustrated.
       226       113.0000       1       1       7.838177       2.690771      10.528948       4.568063       3.590949       1.000000     541.499386       0.000000            0
# Jump frustrated.
       227       113.5000       1       1       8.175612       2.356109      10.531721       4.568063       2.867099       1.000000     541.499386       0.000000            0
# Jump frustrated.
       228       114.0000       1       1       8.243927       2.294242      10.538170       4.568064       2.419727       1.000000     541.499386       0.000000            0
# Jump frustrated.
       229       114.5000       1       1       8.110918       2.432301      10.543219       4.568064       2.159114       1.000000     541.499386       0.000000            0
# Jump frustrated.
       230       115.0000       1       1       7.844547       2.703227      10.547774       4.568064       2.161786       1.000000     541.499386       0.000000            0
       231       115.5000       1       1       7.512672       3.041003      10.553674       4.568064       2.436614       1.000000     541.499386       0.000000            0
# Jump frustrated.
       232       116.0000       1       1       7.189951       3.367360      10.557311       4.568063       2.734609       1.000000     541.499386       0.000000            0
       233       116.5000       1       1       6.920718       3.635172      10.555890       4.568062       2.918336       1.000000     541.499386       0.000000            0
       234       117.0000       1       1       6.691733       3.860633      10.552366       4.568061       3.060807       1.000000     541.499386       0.000000            1
# Jump frustrated.
       235       117.5000       1       1       6.463891       4.086301      10.550192       4.568059       3.292676       1.000000     541.499386       0.000000            0
       236       118.0000       1       1       6.221025       4.330654      10.551678       4.568059       3.662246       1.000000     541.499386       0.000000            0
# Jump frustrated.
       237       118.5000       1       1       5.991475       4.563588      10.555063       4.568059       4.076247       1.000000     541.499386       0.000000            0
# Jump frustrated.
       238       119.0000       1       1       5.831363       4.727389      10.558752       4.568059       4.323819       1.000000     541.499386       0.000000            0
# Jump frustrated.
       239       119.5000       1       1       5.773383       4.781367      10.554750       4.568059       4.215815       1.000000     541.499386       0.000000            0
# Jump frustrated.
       240       120.0000       1       1       5.767127       4.778461      10.545588       4.568058       3.843066       1.000000     541.499386       0.000000            0
       241       120.5000       1       1       5.685628       4.849462      10.535090       4.568058       3.432450       1.000000     541.499386       0.000000            0
# Jump frustrated.
       242       121.0000       1       1       5.409393       5.123918      10.533311       4.568058       3.543992       1.000000     541.499386       0.000000            0
# Jump frustrated.
       243       121.5000       1       1       4.969815       5.580859      10.550675       4.568057       4.394532       1.000000     541.499386       0.000000            1
       244       122.0000       1       1       4.653197       5.923410      10.576607       4.568057       5.124488       1.000000     541.499386       0.000000            0
       245       122.5000       1       1       4.766800       5.804451      10.571252       4.568058       4.954105       1.000000     541.499386       0.000000            0
# Jump frustrated.
       246       123.0000       1       1       5.255646       5.288550      10.544195       4.568058       3.946082       1.000000     541.499386       0.000000            0
# Jump frustrated.
       247       123.5000       1       1       5.762052       4.765381      10.527433       4.568059       2.888610       1.000000     541.499386       0.000000            0
# Jump frustrated.
       248       124.0000       1       1       6.016208       4.513970      10.530179       4.568060       2.513258       1.000000     541.499386       0.000000            0
# Jump frustrated.
       249       124.5000       1       1       6.003264       4.537845      10.541109       4.568060       2.749223       1.000000     541.499386       0.000000            0
       250       125.0000       1       1       5.859966       4.694588      10.554554       4.568060       3.228413       1.000000     541.499386       0.000000            0
       251       125.5000       1       1       5.779546       4.788426      10.567972       4.568059       3.690058       1.000000     541.499386       0.000000            0
# Jump frustrated.
       252       126.0000       1       1       5.948295       4.625247      10.573542       4.568059       3.870946       1.000000     541.499386       0.000000            0
# Jump frustrated.
       253       126.5000       1       1       6.436100       4.128030      10.564130       4.568059       3.637696       1.000000     541.499386       0.000000            1
       254       127.0000       1       1       7.127164       3.418016      10.545180       4.568060       3.219178       1.000000     541.499386       0.000000            0
# Jump frustrated.
       255       127.5000       1       1       7.779242       2.744748      10.523991       4.568060       2.837982       1.000000     541.499386       0.000000            0
       256       128.0000       1       1       8.153743       2.363998      10.517741       4.568060       2.766990       1.000000     541.499386       0.000000            0
# Jump frustrated.
       257       128.5000       1       1       8.202068       2.330781      10.532850       4.568058       3.143498       1.000000     541.499386       0.000000            0
# Jump frustrated.
       258       129.0000       1       1       8.061853       2.480050      10.541903       4.568058       3.595329       1.000000     541.499386       0.000000            0
       259       129.5000       1       1       7.892200       2.657969      10.550169       4.568058       3.939065       1.000000     541.499386       0.000000            0
       260       130.0000       1       1       7.815663       2.736652      10.552314       4.568058       3.930878       1.000000     541.499386       0.000000            1
# Jump frustrated.
       261       130.5000       1       1       7.848604       2.693677      10.542281       4.568058       3.431374       1.000000     541.499386       0.000000            0
       262       131.0000       1       1       7.837597       2.685581      10.523177       4.568057       2.684967       1.000000     541.499386       0.000000            0
# Jump frustrated.
       263       131.5000       1       1       7.543078       2.971662      10.514741       4.568057       2.771609       1.000000     541.499386       0.000000            0
# Jump frustrated.
       264       132.0000       1       1       6.877545       3.652196      10.529740       4.568056       4.215896       1.000000     541.499386       0.000000            0
       265       132.5000       1       1       6.112487       4.454595      10.567082       4.568055       5.824509       1.000000     541.499386       0.000000            0
       266       133.0000       1       1       5.743256       4.837213      10.580470       4.568054       6.370113       1.000000     541.499386       0.000000            0
# Jump frustrated.
       267       133.5000       1       1       5.937086       4.611545      10.548631       4.568053       5.438968       1.000000     541.499386       0.000000            0
       268       134.0000       1       1       6.307204       4.217301      10.524505       4.568053       3.896872       1.000000     541.499386       0.000000            0
# Jump frustrated.
       269       134.5000       1       1       6.459982       4.069070      10.529052       4.568054       3.038940       1.000000     541.499386       0.000000            1
# Jump frustrated.
       270       135.0000       1       1       6.359622       4.182423      10.542044       4.568054       2.897213       1.000000     541.499386       0.000000            0
       271       135.5000       1       1       6.143289       4.409544      10.552833       4.568054       3.040713       1.000000     541.499386       0.000000            0
       272       136.0000       1       1       5.939508       4.616735      10.556243       4.568054       3.197960       1.000000     541.499386       0.000000            0
# Jump frustrated.
       273       136.5000       1       1       5.811069       4.745659      10.556728       4.568055       3.261174       1.000000     541.499386       0.000000            0
       274       137.0000       1       1       5.755619       4.794239      10.549858       4.568055       3.195247       1.000000     541.499386       0.000000            0
# Jump frustrated.
       275       137.5000       1       1       5.699475       4.841573      10.541048       4.568055       3.033351       1.000000     541.499386       0.000000            0
       276       138.0000       1       1       5.524790       5.006205      10.530995       4.568056       2.897784       1.000000     541.499386       0.000000            0
# Jump frustrated.
       277       138.5000       1       1       5.152990       5.381765      10.534754       4.568058       3.260607       1.000000     541.499386       0.000000            0
       278       139.0000       1       1       4.696632       5.862166      10.558798       4.568058       4.254323       1.000000     541.499386       0.000000            1
# Jump frustrated.
       279       139.5000       1       1       4.525977       6.057939      10.583916       4.568056       5.038250       1.000000     541.499386       0.000000            0
       280       140.0000       1       1       4.957530       5.614284      10.571814       4.568056       4.872175       1.000000     541.499386       0.000000            0
       281       140.5000       1       1       5.848532       4.691681      10.540214       4.568056       3.986254       1.000000     541.499386       0.000000            0
# Jump frustrated.
       282       141.0000       1       1       6.767308       3.758698      10.526006       4.568056       3.198428       1.000000     541.499386       0.000000            0
# Jump frustrated.
       283       141.5000       1       1       7.412491       3.108267      10.520758       4.568056       2.740307       1.000000     541.499386       0.000000            0
# Jump frustrated.
       284       142.0000       1       1       7.636316       2.874502      10.510818       4.568056       2.522727       1.000000     541.499386       0.000000            0
# Jump frustrated.
       285       142.5000       1       1       7.333181       3.174286      10.507467       4.568056       2.994797       1.000000     541.499386       0.000000            0
# Jump frustrated.
       286       143.0000       1       1       6.583549       3.956754      10.540303       4.568057       4.405918       1.000000     541.499386       0.000000            0
       287       143.5000       1       1       5.859812       4.721992      10.581804       4.568058       5.617259       1.000000     541.499386       0.000000            1
# Jump frustrated.
       288       144.0000       1       1       5.688285       4.892229      10.580514       4.568060       5.542518       1.000000     541.499386       0.000000            0
# Jump frustrated.
       289       144.5000       1       1       6.066664       4.478262      10.544925       4.568062       4.292785       1.000000     541.499386       0.000000            0
# Jump frustrated.
       290       145.0000       1       1       6.536634       3.989349      10.525982       4.568062       2.819057       1.000000     541.499386       0.000000            0
# Jump frustrated.
       291       145.5000       1       1       6.759066       3.775307      10.534373       4.568063       2.290194       1.000000     541.499386       0.000000            0
# Jump frustrated.
       292       146.0000       1       1       6.751914       3.795444      10.547358       4.568063       2.395911       1.000000     541.499386       0.000000            0
# Jump frustrated.
       293       146.5000       1       1       6.658717       3.896549      10.555265       4.568065       2.564006       1.000000     541.499386       0.000000            0
# Jump frustrated.
       294       147.0000       1       1       6.591161       3.968588      10.559749       4.568065       2.656301       1.000000     541.499386       0.000000            0
       295       147.5000       1       1       6.609393       3.950942      10.560334       4.568065       2.665625       1.000000     541.499386       0.000000            0
# Jump frustrated.
       296       148.0000       1       1       6.722905       3.834474      10.557380       4.568065       2.641312       1.000000     541.499386       0.000000            0
# Jump frustrated.
       297       148.5000       1       1       6.896493       3.656140      10.552633       4.568065       2.661259       1.000000     541.499386       0.000000            1
# Jump frustrated.
       298       149.0000       1       1       7.075667       3.473862      10.549529       4.568065       2.800446       1.000000     541.499386       0.000000            0
# Jump frustrated.
       299       149.5000       1       1       7.225419       3.324593      10.550012       4.568066       3.059608       1.000000     541.499386       0.000000            0
# Jump frustrated.
       300       150.0000       1       1       7.345720       3.204804      10.550524       4.568066       3.312099       1.000000     541.499386       0.000000            0
       301       150.5000       1       1       7.441454       3.108060      10.549514       4.568066       3.433053       1.000000     541.499386       0.000000            0
# Jump frustrated.
       302       151.0000       1       1       7.514183       3.039134      10.553317       4.568067       3.446531       1.000000     541.499386       0.000000            0
       303       151.5000       1       1       7.589379       2.965434      10.554813       4.568069       3.313056       1.000000     541.499386       0.000000            0
# Jump frustrated.
       304       152.0000       1       1       7.677136       2.873672      10.550808       4.568071       3.023275       1.000000     541.499386       0.000000            0
       305       152.5000       1       1       7.713424       2.823639      10.537062       4.568071       2.770108       1.000000     541.499386       0.000000            0
# Jump frustrated.
       306       153.0000       1       1       7.521424       3.000312      10.521735       4.568069       2.867743       1.000000     541.499386       0.000000            1
# Jump frustrated.
       307       153.5000       1       1       6.983900       3.540919      10.524819       4.568068       3.404120       1.000000     541.499386       0.000000            0
# Jump frustrated.
       308       154.0000       1       1       6.095100       4.430512      10.525613       4.568069       4.832368       1.000000     541.499386       0.000000            0
# Jump frustrated.
       309       154.5000       1       1       5.042579       5.526466      10.569045       4.568071       6.738294       1.000000     541.499386       0.000000            0
# Jump frustrated.
       310       155.0000       1       1       4.401567       6.198281      10.599848       4.568070       7.661387       1.000000     541.499386       0.000000            0
# Jump frustrated.
       311       155.5000       1       1       4.594105       5.986315      10.580419       4.568071       7.152732       1.000000     541.499386       0.000000            0
       312       156.0000       1       1       5.359512       5.174366      10.533878       4.568072       5.521276       1.000000     541.499386       0.000000            0
# Jump frustrated.
       313       156.5000       1       1       6.085484       4.433626      10.519110       4.568072       3.897330       1.000000     541.499386       0.000000            0
       314       157.0000       1       1       6.456443       4.072806      10.529250       4.568072       3.090831       1.000000     541.499386       0.000000            0
       315       157.5000       1       1       6.514055       4.025680      10.539734       4.568073       2.881657       1.000000     541.499386       0.000000            1
       316       158.0000       1       1       6.382086       4.163946      10.546031       4.568073       2.932147       1.000000     541.499386       0.000000            0
# Jump frustrated.
       317       158.5000       1       1       6.155586       4.395427      10.551013       4.568072       3.105729       1.000000     541.499386       0.000000            0
# Jump frustrated.
       318       159.0000       1       1       5.907758       4.648084      10.555842       4.568072       3.340651       1.000000     541.499386       0.000000            0
       319       159.5000       1       1       5.711191       4.849047      10.560237       4.568071       3.570242       1.000000     541.499386       0.000000            0
# Jump frustrated.
       320       160.0000       1       1       5.631141       4.931259      10.562399       4.568071       3.751815       1.000000     541.499386       0.000000            0
# Jump frustrated.
       321       160.5000       1       1       5.700493       4.859842      10.560336       4.568073       3.860060       1.000000     541.499386       0.000000            0
       322       161.0000       1       1       5.897850       4.657218      10.555069       4.568072       3.915135       1.000000     541.499386       0.000000            0
# Jump frustrated.
       323       161.5000       1       1       6.163336       4.388783      10.552119       4.568071       3.982778       1.000000     541.499386       0.000000            0
       324       162.0000       1       1       6.449334       4.102079      10.551413       4.568072       4.074597       1.000000     541.499386       0.000000            0
# Jump frustrated.
       325       162.5000       1       1       6.744901       3.808108      10.553009       4.568073       4.178912       1.000000     541.499386       0.000000            1
       326       163.0000       1       1       7.081709       3.476976      10.558685       4.568072       4.271664       1.000000     541.499386       0.000000            0
# Jump frustrated.
       327       163.5000       1       1       7.517709       3.040172      10.557881       4.568073       4.198107       1.000000     541.499386       0.000000            0
       328       164.0000       1       1       8.039258       2.507662      10.546920       4.568075       3.683252       1.000000     541.499386       0.000000            0
# Jump frustrated.
       329       164.5000       1       1       8.484594       2.041793      10.526387       4.568075       2.910485       1.000000     541.499386       0.000000            0
# Jump frustrated.
       330       165.0000       1       1       8.603864       1.907887      10.511751       4.568075       2.437731       1.000000     541.499386       0.000000            0
# Jump frustrated.
       331       165.5000       1       1       8.269730       2.255835      10.525565       4.568075       3.211486       1.000000     541.499386       0.000000            0
       332       166.0000       1       1       7.708019       2.849382      10.557400       4.568075       4.243333       1.000000     541.499386       0.000000            0
# Jump frustrated.
       333       166.5000       1       1       7.315058       3.247363      10.562421       4.568076       4.288367       1.000000     541.499386       0.000000            0
# Jump frustrated.
       334       167.0000       1       1       7.167039       3.374419      10.541457       4.568075       3.488424       1.000000     541.499386       0.000000            1
# Jump frustrated.
       335       167.5000       1       1       7.015560       3.519743      10.535303       4.568074       3.016039       1.000000     541.499386       0.000000            0
# Jump frustrated.
       336       168.0000       1       1       6.698711       3.839249      10.537960       4.568074       3.189114       1.000000     541.499386       0.000000            0
       337       168.5000       1       1       6.230606       4.315706      10.546312       4.568074       3.626584       1.000000     541.499386       0.000000            0
# Jump frustrated.
       338       169.0000       1       1       5.692539       4.860880      10.553420       4.568075       4.085199       1.000000     541.499386       0.000000            0
# Jump frustrated.
       339       169.5000       1       1       5.182015       5.377197      10.559213       4.568075       4.376060       1.000000     541.499386       0.000000            0
# Jump frustrated.
       340       170.0000       1       1       4.778334       5.783691      10.562025       4.568076       4.499964       1.000000     541.499386       0.000000            0
# Jump frustrated.
       341       170.5000       1       1       4.522167       6.040292      10.562459       4.568077       4.451967       1.000000     541.499386       0.000000            0
       342       171.0000       1       1       4.422774       6.139736      10.562510       4.568078       4.312194       1.000000     541.499386       0.000000            0
       343       171.5000       1       1       4.481628       6.081606      10.563234       4.568078       4.174570       1.000000     541.499386       0.000000            0
# Jump frustrated.
       344       172.0000       1       1       4.708747       5.855730      10.564478       4.568078       4.086370       1.000000     541.499386       0.000000            1
# Jump frustrated.
       345       172.5000       1       1       5.116300       5.446330      10.562630       4.568079       4.008964       1.000000     541.499386       0.000000            0
# Jump frustrated.
       346       173.0000       1       1       5.676394       4.878735      10.555128       4.568080       3.737890       1.000000     541.499386       0.000000            0
# Jump frustrated.
       347       173.5000       1       1       6.277501       4.267126      10.544627       4.568080       3.227989       1.000000     541.499386       0.000000            0
       348       174.0000       1       1       6.777049       3.759113      10.536162       4.568081       2.923696       1.000000     541.499386       0.000000            0
       349       174.5000       1       1       7.074666       3.459122      10.533788       4.568081       3.302126       1.000000     541.499386       0.000000            0
# Jump frustrated.
       350       175.0000       1       1       7.214046       3.338918      10.552964       4.568082       4.350356       1.000000     541.499386       0.000000            0
# Jump frustrated.
       351       175.5000       1       1       7.460940       3.108267      10.569207       4.568083       4.972149       1.000000     541.499386       0.000000            0
       352       176.0000       1       1       8.000228       2.554581      10.554809       4.568083       4.553690       1.000000     541.499386       0.000000            0
       353       176.5000       1       1       8.639772       1.891278      10.531051       4.568082       3.585218       1.000000     541.499386       0.000000            1
       354       177.0000       1       1       9.060916       1.465478      10.526394       4.568082       2.963098       1.000000     541.499386       0.000000            0
       355       177.5000       1       1       9.142735       1.389909      10.532644       4.568082       2.715138       1.000000     541.499386       0.000000            0
# Jump frustrated.
       356       178.0000       1       1       8.926647       1.612048      10.538695       4.568083       2.510346       1.000000     541.499386       0.000000            0
# Jump frustrated.
       357       178.5000       1       1       8.471817       2.068159      10.539976       4.568084       2.406716       1.000000     541.499386       0.000000            0
# Jump frustrated.
       358       179.0000       1       1       7.824195       2.722534      10.546730       4.568084       2.593789       1.000000     541.499386       0.000000            0
# Jump frustrated.
       359       179.5000       1       1       7.089575       3.469502      10.559077       4.568084       2.837328       1.000000     541.499386       0.000000            0
# Jump frustrated.
       360       180.0000       1       1       6.406944       4.157717      10.564662       4.568084       2.999073       1.000000     541.499386       0.000000            0
       361       180.5000       1       1       5.861034       4.705176      10.566209       4.568084       3.044793       1.000000     541.499386       0.000000            1
# Jump frustrated.
       362       181.0000       1       1       5.461787       5.101911      10.563698       4.568084       3.077472       1.000000     541.499386       0.000000            0
# Jump frustrated.
       363       181.5000       1       1       5.178785       5.383426      10.562211       4.568084       3.199534       1.000000     541.499386       0.000000            0
       364       182.0000       1       1       4.985876       5.576500      10.562376       4.568084       3.384136       1.000000     541.499386       0.000000            0
       365       182.5000       1       1       4.879314       5.684247      10.563562       4.568084       3.543630       1.000000     541.499386       0.000000            0
# Jump frustrated.
       366       183.0000       1       1       4.870048       5.694420      10.564468       4.568085       3.647811       1.000000     541.499386       0.000000            0
# Jump frustrated.
       367       183.5000       1       1       4.969637       5.594977      10.564613       4.568085       3.689553       1.000000     541.499386       0.000000            0
# Jump frustrated.
       368       184.0000       1       1       5.177727       5.385294      10.563021       4.568085       3.706124       1.000000     541.499386       0.000000            0
# Jump frustrated.
       369       184.5000       1       1       5.465185       5.091531      10.556717       4.568085       3.666778       1.000000     541.499386       0.000000            1
       370       185.0000       1       1       5.757701       4.790917      10.548618       4.568086       3.595695       1.000000     541.499386       0.000000            0
       371       185.5000       1       1       5.953087       4.588293      10.541380       4.568087       3.583408       1.000000     541.499386       0.000000            0
       372       186.0000       1       1       5.978429       4.563380      10.541809       4.568087       3.708742       1.000000     541.499386       0.000000            0
# Jump frustrated.
       373       186.5000       1       1       5.845696       4.696871      10.542567       4.568086       3.917381       1.000000     541.499386       0.000000            0
# Jump frustrated.
       374       187.0000       1       1       5.608658       4.934165      10.542823       4.568086       4.204465       1.000000     541.499386       0.000000            0
# Jump frustrated.
       375       187.5000       1       1       5.368985       5.188068      10.557053       4.568085       4.778233       1.000000     541.499386       0.000000            1
# Jump frustrated.
       376       188.0000       1       1       5.398741       5.179971      10.578713       4.568085       5.295428       1.000000     541.499386       0.000000            0
       377       188.5000       1       1       5.968260       4.599504      10.567764       4.568084       4.913561       1.000000     541.499386       0.000000            0
# Jump frustrated.
       378       189.0000       1       1       6.888844       3.632058      10.520902       4.568084       3.614194       1.000000     541.499386       0.000000            0
# Jump frustrated.
       379       189.5000       1       1       7.612478       2.897754      10.510232       4.568086       3.003042       1.000000     541.499386       0.000000            0
# Jump frustrated.
       380       190.0000       1       1       7.875162       2.649665      10.524827       4.568086       3.524227       1.000000     541.499386       0.000000            0
# Jump frustrated.
       381       190.5000       1       1       7.795383       2.746824      10.542207       4.568087       4.083290       1.000000     541.499386       0.000000            1
       382       191.0000       1       1       7.583157       2.967925      10.551082       4.568087       4.244003       1.000000     541.499386       0.000000            0
# Jump frustrated.
       383       191.5000       1       1       7.345752       3.203351      10.549103       4.568089       3.954336       1.000000     541.499386       0.000000            0
       384       192.0000       1       1       7.084233       3.466388      10.550621       4.568090       3.572080       1.000000     541.499386       0.000000            0
# Jump frustrated.
       385       192.5000       1       1       6.796332       3.755999      10.552331       4.568091       3.328007       1.000000     541.499386       0.000000            0
# Jump frustrated.
       386       193.0000       1       1       6.510632       4.046648      10.557280       4.568092       3.214496       1.000000     541.499386       0.000000            0
# Jump frustrated.
       387       193.5000       1       1       6.283276       4.277506      10.560782       4.568091       3.142436       1.000000     541.499386       0.000000            1
# Jump frustrated.
       388       194.0000       1       1       6.159724       4.401655      10.561379       4.568092       3.039194       1.000000     541.499386       0.000000            0
# Jump frustrated.
       389       194.5000       1       1       6.152262       4.408091      10.560353       4.568092       2.899268       1.000000     541.499386       0.000000            0
# Jump frustrated.
       390       195.0000       1       1       6.244249       4.312799      10.557048       4.568093       2.742837       1.000000     541.499386       0.000000            0
# Jump frustrated.
       391       195.5000       1       1       6.395327       4.157302      10.552630       4.568093       2.640801       1.000000     541.499386       0.000000            0
# Jump frustrated.
       392       196.0000       1       1       6.556841       3.993708      10.550550       4.568093       2.734705       1.000000     541.499386       0.000000            0
# Jump frustrated.
       393       196.5000       1       1       6.715158       3.838004      10.553162       4.568093       3.137211       1.000000     541.499386       0.000000            0
       394       197.0000       1       1       6.929529       3.629567      10.559096       4.568093       3.584860       1.000000     541.499386       0.000000            0
# Jump frustrated.
       395       197.5000       1       1       7.275859       3.280165      10.556024       4.568092       3.654416       1.000000     541.499386       0.000000            0
       396       198.0000       1       1       7.700092       2.838794      10.538886       4.568092       3.189184       1.000000     541.499386       0.000000            1
# Jump frustrated.
       397       198.5000       1       1       7.974588       2.548975      10.523563       4.568092       2.711962       1.000000     541.499386       0.000000            0
# Jump frustrated.
       398       199.0000       1       1       7.896642       2.629942      10.526584       4.568092       3.007743       1.000000     541.499386       0.000000            0
       399       199.5000       1       1       7.485541       3.056366      10.541907       4.568093       3.825938       1.000000     541.499386       0.000000            0
       400       200.0000       1       1       6.941584       3.613789      10.555373       4.568095       4.519110       1.000000     541.499386       0.000000            0
