#===============================================================================================================================================================================
#     Step |         Time |         State |                                     Energy |      Angular |     Gradient |      Density |           Expectation Value |    Runtime |
#          |              |  diag |   MCH |          kin |          pot |          tot |     Momentum |          RMS |        Total |           DM |            S |            |
#          |         [fs] |       |       |         [eV] |         [eV] |         [eV] |       [hbar] |     [eV/Ang] |              |      [Debye] |              |      [sec] |
#===============================================================================================================================================================================
         0         0.0000       2       2       0.070898      10.665763      10.736661       0.000221       3.935071       1.000000     541.499386       0.000000            3
         1         0.5000       2       2       0.090881      10.645418      10.736298       0.000222       3.895310       1.000000     541.499386       0.000000            2
         2         1.0000       2       2       0.174704      10.560922      10.735625       0.000221       3.733353       1.000000     541.499386       0.000000            0
         3         1.5000       2       2       0.312896      10.422033      10.734929       0.000221       3.432991       1.000000     541.499386       0.000000            0
         4         2.0000       2       2       0.493345      10.240585      10.733930       0.000221       2.993595       1.000000     541.499386       0.000000            1
         5         2.5000       2       2       0.702583      10.030280      10.732863       0.000221       2.483825       1.000000     541.499386       0.000000            0
         6         3.0000       2       2       0.928084       9.804196      10.732280       0.000221       1.972019       1.000000     541.499386       0.000000            0
         7         3.5000       2       2       1.158740       9.572923      10.731663       0.000221       1.511273       1.000000     541.499386       0.000000            0
# Jump frustrated.
         8         4.0000       2       2       1.384028       9.347047      10.731075       0.000221       1.148211       1.000000     541.499386       0.000000            0
         9         4.5000       2       2       1.592392       9.137780      10.730172       0.000221       0.923634       1.000000     541.499386       0.000000            0
        10         5.0000       2       2       1.771863       8.957993      10.729856       0.000221       0.894895       1.000000     541.499386       0.000000            1
# Jump frustrated.
        11         5.5000       2       2       1.915832       8.813706      10.729538       0.000221       1.044224       1.000000     541.499386       0.000000            0
# Jump frustrated.
        12         6.0000       2       2       2.023098       8.706581      10.729679       0.000222       1.279105       1.000000     541.499386       0.000000            0
# Jump frustrated.
        13         6.5000       2       2       2.095359       8.634750      10.730108       0.000222       1.538449       1.000000     541.499386       0.000000            0
        14         7.0000       2       2       2.139771       8.591152      10.730923       0.000222       1.767147       1.000000     541.499386       0.000000            0
        15         7.5000       2       2       2.165324       8.566032      10.731356       0.000222       1.984782       1.000000     541.499386       0.000000            0
# Jump frustrated.
        16         8.0000       2       2       2.178745       8.552330      10.731075       0.000222       2.173969       1.000000     541.499386       0.000000            0
        17         8.5000       2       2       2.187264       8.544441      10.731704       0.000222       2.336493       1.000000     541.499386       0.000000            1
        18         9.0000       2       2       2.199864       8.532192      10.732056       0.000222       2.457228       1.000000     541.499386       0.000000            0
# Surface Hop/Pointer State Switch: new state=      1 old state=      2 randnum=  0.038928443 gap= -5.147808 eV
        19         9.5000       1       1       7.371963       3.360094      10.732056       6.918595       1.888691       1.000000     541.499386       0.000000            0
        20        10.0000       1       1       7.099038       3.641608      10.740646       6.918595       1.821940       1.000000     541.499386       0.000000            0
# Surface Hop/Pointer State Switch: new state=      2 old state=      1 randnum=  0.579030138 gap=  4.462084 eV
        21        10.5000       2       2       2.212814       8.527832      10.740646       1.618410       2.689132       1.000000     541.499386       0.000000            0
# Surface Hop/Pointer State Switch: new state=      1 old state=      2 randnum=  0.068812403 gap= -4.186798 eV
        22        11.0000       1       1       6.494280       4.246365      10.740646       6.896730       1.931845       1.000000     541.499386       0.000000            0
# Jump frustrated.
        23        11.5000       1       1       6.095902       4.648084      10.743986       6.896729       2.031615       1.000000     541.499386       0.000000            0
        24        12.0000       1       1       5.727289       5.017416      10.744704       6.896729       2.126449       1.000000     541.499386       0.000000            0
# Jump frustrated.
        25        12.5000       1       1       5.401330       5.343150      10.744480       6.896730       2.265682       1.000000     541.499386       0.000000            1
# Jump frustrated.
        26        13.0000       1       1       5.120534       5.623626      10.744160       6.896729       2.582234       1.000000     541.499386       0.000000            0
# Jump frustrated.
        27        13.5000       1       1       4.899516       5.846803      10.746319       6.896729       3.010379       1.000000     541.499386       0.000000            0
# Jump frustrated.
        28        14.0000       1       1       4.778775       5.969706      10.748481       6.896729       3.371001       1.000000     541.499386       0.000000            0
# Jump frustrated.
        29        14.5000       1       1       4.802065       5.946869      10.748935       6.896730       3.522891       1.000000     541.499386       0.000000            0
# Jump frustrated.
        30        15.0000       1       1       4.979677       5.766459      10.746136       6.896729       3.449476       1.000000     541.499386       0.000000            0
# Jump frustrated.
        31        15.5000       1       1       5.279446       5.463147      10.742593       6.896729       3.257690       1.000000     541.499386       0.000000            0
# Jump frustrated.
        32        16.0000       1       1       5.650430       5.089455      10.739885       6.896729       3.072282       1.000000     541.499386       0.000000            0
# Jump frustrated.
        33        16.5000       1       1       6.051649       4.687114      10.738763       6.896730       2.963986       1.000000     541.499386       0.000000            0
# Jump frustrated.
        34        17.0000       1       1       6.459999       4.277714      10.737713       6.896730       2.922775       1.000000     541.499386       0.000000            1
        35        17.5000       1       1       6.856010       3.879733      10.735743       6.896730       2.907221       1.000000     541.499386       0.000000            0
# Jump frustrated.
        36        18.0000       1       1       7.212150       3.520989      10.733139       6.896730       2.891747       1.000000     541.499386       0.000000            0
# Jump frustrated.
        37        18.5000       1       1       7.499715       3.232416      10.732131       6.896729       2.893508       1.000000     541.499386       0.000000            0
        38        19.0000       1       1       7.704627       3.028131      10.732758       6.896728       2.929067       1.000000     541.499386       0.000000            0
# Jump frustrated.
        39        19.5000       1       1       7.831163       2.902737      10.733900       6.896728       2.962687       1.000000     541.499386       0.000000            0
        40        20.0000       1       1       7.888914       2.844815      10.733729       6.896727       2.916401       1.000000     541.499386       0.000000            0
        41        20.5000       1       1       7.875312       2.857271      10.732583       6.896727       2.772529       1.000000     541.499386       0.000000            1
        42        21.0000       1       1       7.774938       2.956714      10.731652       6.896726       2.620838       1.000000     541.499386       0.000000            0
# Jump frustrated.
        43        21.5000       1       1       7.570032       3.160376      10.730408       6.896726       2.512392       1.000000     541.499386       0.000000            0
# Jump frustrated.
        44        22.0000       1       1       7.245206       3.484658      10.729864       6.896725       2.497041       1.000000     541.499386       0.000000            0
# Jump frustrated.
        45        22.5000       1       1       6.796953       3.934125      10.731078       6.896725       2.644719       1.000000     541.499386       0.000000            0
# Jump frustrated.
        46        23.0000       1       1       6.245058       4.488434      10.733492       6.896725       2.994554       1.000000     541.499386       0.000000            0
# Jump frustrated.
        47        23.5000       1       1       5.636563       5.101704      10.738267       6.896725       3.533409       1.000000     541.499386       0.000000            0
# Jump frustrated.
        48        24.0000       1       1       5.042434       5.700233      10.742667       6.896724       4.136577       1.000000     541.499386       0.000000            1
        49        24.5000       1       1       4.538765       6.209699      10.748464       6.896724       4.743804       1.000000     541.499386       0.000000            0
# Jump frustrated.
        50        25.0000       1       1       4.190258       6.561177      10.751434       6.896724       5.223407       1.000000     541.499386       0.000000            0
        51        25.5000       1       1       4.037215       6.715013      10.752228       6.896724       5.477358       1.000000     541.499386       0.000000            0
# Jump frustrated.
        52        26.0000       1       1       4.088575       6.662281      10.750856       6.896724       5.488801       1.000000     541.499386       0.000000            0
# Jump frustrated.
        53        26.5000       1       1       4.320293       6.427063      10.747356       6.896724       5.257706       1.000000     541.499386       0.000000            0
        54        27.0000       1       1       4.683819       6.059600      10.743419       6.896724       4.833497       1.000000     541.499386       0.000000            0
# Jump frustrated.
        55        27.5000       1       1       5.122373       5.616983      10.739356       6.896724       4.294530       1.000000     541.499386       0.000000            1
# Jump frustrated.
        56        28.0000       1       1       5.578307       5.157135      10.735442       6.896724       3.700767       1.000000     541.499386       0.000000            0
        57        28.5000       1       1       5.994158       4.737562      10.731720       6.896724       3.111241       1.000000     541.499386       0.000000            0
        58        29.0000       1       1       6.317332       4.412035      10.729367       6.896724       2.643034       1.000000     541.499386       0.000000            0
# Jump frustrated.
        59        29.5000       1       1       6.506106       4.221037      10.727144       6.896724       2.416339       1.000000     541.499386       0.000000            0
# Jump frustrated.
        60        30.0000       1       1       6.545805       4.184084      10.729888       6.896724       2.563299       1.000000     541.499386       0.000000            0
        61        30.5000       1       1       6.483111       4.254047      10.737158       6.896724       2.926023       1.000000     541.499386       0.000000            0
# Jump frustrated.
        62        31.0000       1       1       6.407803       4.333353      10.741156       6.896723       3.137194       1.000000     541.499386       0.000000            0
# Jump frustrated.
        63        31.5000       1       1       6.363591       4.373421      10.737011       6.896724       3.035729       1.000000     541.499386       0.000000            1
        64        32.0000       1       1       6.302482       4.428851      10.731333       6.896724       2.797600       1.000000     541.499386       0.000000            0
        65        32.5000       1       1       6.149830       4.581442      10.731272       6.896723       2.676412       1.000000     541.499386       0.000000            0
        66        33.0000       1       1       5.882481       4.852161      10.734642       6.896723       2.689559       1.000000     541.499386       0.000000            0
# Jump frustrated.
        67        33.5000       1       1       5.520486       5.215680      10.736166       6.896722       2.837828       1.000000     541.499386       0.000000            0
# Jump frustrated.
        68        34.0000       1       1       5.105538       5.635045      10.740582       6.896722       2.955516       1.000000     541.499386       0.000000            0
        69        34.5000       1       1       4.691293       6.052541      10.743834       6.896722       3.039153       1.000000     541.499386       0.000000            1
        70        35.0000       1       1       4.326207       6.420420      10.746627       6.896723       3.095106       1.000000     541.499386       0.000000            0
# Jump frustrated.
        71        35.5000       1       1       4.047305       6.700896      10.748201       6.896722       3.139208       1.000000     541.499386       0.000000            0
# Jump frustrated.
        72        36.0000       1       1       3.879622       6.869472      10.749094       6.896722       3.171959       1.000000     541.499386       0.000000            0
        73        36.5000       1       1       3.833482       6.914938      10.748420       6.896722       3.171839       1.000000     541.499386       0.000000            0
# Jump frustrated.
        74        37.0000       1       1       3.901253       6.845598      10.746850       6.896723       3.137344       1.000000     541.499386       0.000000            0
        75        37.5000       1       1       4.059938       6.684910      10.744848       6.896722       3.094171       1.000000     541.499386       0.000000            0
# Jump frustrated.
        76        38.0000       1       1       4.280162       6.462979      10.743141       6.896722       3.085075       1.000000     541.499386       0.000000            1
# Jump frustrated.
        77        38.5000       1       1       4.534037       6.207000      10.741038       6.896722       3.130823       1.000000     541.499386       0.000000            0
# Jump frustrated.
        78        39.0000       1       1       4.799777       5.940434      10.740210       6.896722       3.249077       1.000000     541.499386       0.000000            0
# Jump frustrated.
        79        39.5000       1       1       5.068685       5.671376      10.740061       6.896722       3.431099       1.000000     541.499386       0.000000            0
# Jump frustrated.
        80        40.0000       1       1       5.343941       5.395674      10.739615       6.896722       3.586143       1.000000     541.499386       0.000000            0
# Jump frustrated.
        81        40.5000       1       1       5.630975       5.108762      10.739737       6.896722       3.674879       1.000000     541.499386       0.000000            0
        82        41.0000       1       1       5.932532       4.806072      10.738605       6.896722       3.699753       1.000000     541.499386       0.000000            0
# Jump frustrated.
        83        41.5000       1       1       6.237557       4.499438      10.736994       6.896722       3.560847       1.000000     541.499386       0.000000            0
# Jump frustrated.
        84        42.0000       1       1       6.528204       4.208581      10.736785       6.896722       3.421800       1.000000     541.499386       0.000000            1
# Jump frustrated.
        85        42.5000       1       1       6.795012       3.941184      10.736196       6.896722       3.253775       1.000000     541.499386       0.000000            0
        86        43.0000       1       1       7.028875       3.707627      10.736502       6.896722       3.079241       1.000000     541.499386       0.000000            0
# Jump frustrated.
        87        43.5000       1       1       7.224499       3.512269      10.736768       6.896722       2.929256       1.000000     541.499386       0.000000            0
# Jump frustrated.
        88        44.0000       1       1       7.377876       3.358018      10.735893       6.896722       2.773369       1.000000     541.499386       0.000000            0
# Jump frustrated.
        89        44.5000       1       1       7.473323       3.260235      10.733558       6.896722       2.580039       1.000000     541.499386       0.000000            0
# Jump frustrated.
        90        45.0000       1       1       7.486983       3.246325      10.733309       6.896722       2.360757       1.000000     541.499386       0.000000            1
        91        45.5000       1       1       7.415437       3.322517      10.737954       6.896722       2.147293       1.000000     541.499386       0.000000            0
        92        46.0000       1       1       7.279195       3.455593      10.734788       6.896722       1.919894       1.000000     541.499386       0.000000            0
# Jump frustrated.
        93        46.5000       1       1       7.044173       3.683337      10.727510       6.896721       2.008515       1.000000     541.499386       0.000000            0
        94        47.0000       1       1       6.667027       4.064087      10.731114       6.896722       2.492268       1.000000     541.499386       0.000000            0
# Jump frustrated.
        95        47.5000       1       1       6.184533       4.553000      10.737533       6.896722       3.137697       1.000000     541.499386       0.000000            1
# Jump frustrated.
        96        48.0000       1       1       5.657691       5.081566      10.739257       6.896721       3.886837       1.000000     541.499386       0.000000            0
# Jump frustrated.
        97        48.5000       1       1       5.122011       5.617813      10.739824       6.896720       4.698376       1.000000     541.499386       0.000000            0
# Jump frustrated.
        98        49.0000       1       1       4.602948       6.139528      10.742476       6.896720       5.393526       1.000000     541.499386       0.000000            0
        99        49.5000       1       1       4.140871       6.604982      10.745853       6.896721       5.846647       1.000000     541.499386       0.000000            0
# Jump frustrated.
       100        50.0000       1       1       3.781671       6.966217      10.747888       6.896721       6.011433       1.000000     541.499386       0.000000            0
       101        50.5000       1       1       3.547513       7.198944      10.746457       6.896721       5.842868       1.000000     541.499386       0.000000            1
# Jump frustrated.
       102        51.0000       1       1       3.424786       7.319978      10.744764       6.896721       5.454788       1.000000     541.499386       0.000000            0
# Jump frustrated.
       103        51.5000       1       1       3.386891       7.356309      10.743200       6.896720       4.946363       1.000000     541.499386       0.000000            0
       104        52.0000       1       1       3.410070       7.331812      10.741882       6.896721       4.398465       1.000000     541.499386       0.000000            0
# Jump frustrated.
       105        52.5000       1       1       3.472761       7.268077      10.740838       6.896721       3.887362       1.000000     541.499386       0.000000            0
# Jump frustrated.
       106        53.0000       1       1       3.558040       7.182750      10.740790       6.896721       3.450503       1.000000     541.499386       0.000000            0
       107        53.5000       1       1       3.658045       7.083099      10.741144       6.896721       3.086884       1.000000     541.499386       0.000000            1
       108        54.0000       1       1       3.772054       6.969331      10.741385       6.896721       2.786736       1.000000     541.499386       0.000000            0
       109        54.5000       1       1       3.899459       6.841861      10.741320       6.896721       2.539458       1.000000     541.499386       0.000000            0
# Jump frustrated.
       110        55.0000       1       1       4.035251       6.705048      10.740299       6.896721       2.334839       1.000000     541.499386       0.000000            0
       111        55.5000       1       1       4.164247       6.573841      10.738088       6.896721       2.155472       1.000000     541.499386       0.000000            0
       112        56.0000       1       1       4.258887       6.477304      10.736190       6.896721       2.020121       1.000000     541.499386       0.000000            1
# Jump frustrated.
       113        56.5000       1       1       4.300163       6.437028      10.737191       6.896720       1.980121       1.000000     541.499386       0.000000            0
# Jump frustrated.
       114        57.0000       1       1       4.295796       6.443464      10.739260       6.896720       2.040852       1.000000     541.499386       0.000000            0
       115        57.5000       1       1       4.269647       6.471283      10.740930       6.896721       2.157666       1.000000     541.499386       0.000000            0
# Jump frustrated.
       116        58.0000       1       1       4.242864       6.498895      10.741759       6.896721       2.289849       1.000000     541.499386       0.000000            0
       117        58.5000       1       1       4.225493       6.516126      10.741619       6.896721       2.420836       1.000000     541.499386       0.000000            0
       118        59.0000       1       1       4.220239       6.521524      10.741763       6.896721       2.549621       1.000000     541.499386       0.000000            0
       119        59.5000       1       1       4.226719       6.514465      10.741185       6.896721       2.661792       1.000000     541.499386       0.000000            0
# Jump frustrated.
       120        60.0000       1       1       4.239250       6.500971      10.740221       6.896721       2.734050       1.000000     541.499386       0.000000            1
       121        60.5000       1       1       4.247078       6.492667      10.739745       6.896721       2.750668       1.000000     541.499386       0.000000            0
       122        61.0000       1       1       4.241943       6.498064      10.740007       6.896722       2.725178       1.000000     541.499386       0.000000            0
# Jump frustrated.
       123        61.5000       1       1       4.224273       6.516749      10.741022       6.896722       2.680121       1.000000     541.499386       0.000000            0
       124        62.0000       1       1       4.195806       6.544568      10.740374       6.896721       2.633988       1.000000     541.499386       0.000000            0
# Jump frustrated.
       125        62.5000       1       1       4.149246       6.590242      10.739488       6.896721       2.612295       1.000000     541.499386       0.000000            0
       126        63.0000       1       1       4.073615       6.665395      10.739010       6.896721       2.629250       1.000000     541.499386       0.000000            1
# Jump frustrated.
       127        63.5000       1       1       3.962072       6.776672      10.738744       6.896721       2.674792       1.000000     541.499386       0.000000            0
       128        64.0000       1       1       3.810927       6.927602      10.738529       6.896721       2.744917       1.000000     541.499386       0.000000            0
# Jump frustrated.
       129        64.5000       1       1       3.623215       7.116524      10.739739       6.896721       2.846260       1.000000     541.499386       0.000000            0
       130        65.0000       1       1       3.422560       7.320601      10.743161       6.896720       2.958996       1.000000     541.499386       0.000000            0
       131        65.5000       1       1       3.252826       7.492914      10.745740       6.896720       3.030052       1.000000     541.499386       0.000000            1
       132        66.0000       1       1       3.152035       7.594226      10.746262       6.896720       3.043884       1.000000     541.499386       0.000000            0
# Jump frustrated.
       133        66.5000       1       1       3.134615       7.611458      10.746072       6.896720       3.035832       1.000000     541.499386       0.000000            0
# Jump frustrated.
       134        67.0000       1       1       3.197511       7.547930      10.745441       6.896720       3.054968       1.000000     541.499386       0.000000            0
       135        67.5000       1       1       3.332327       7.413193      10.745521       6.896720       3.140749       1.000000     541.499386       0.000000            0
# Jump frustrated.
       136        68.0000       1       1       3.537555       7.209116      10.746671       6.896721       3.316254       1.000000     541.499386       0.000000            0
       137        68.5000       1       1       3.825838       6.921997      10.747834       6.896721       3.550124       1.000000     541.499386       0.000000            1
       138        69.0000       1       1       4.213094       6.535434      10.748527       6.896721       3.718504       1.000000     541.499386       0.000000            0
# Jump frustrated.
       139        69.5000       1       1       4.706950       6.041538      10.748488       6.896721       3.831678       1.000000     541.499386       0.000000            0
# Jump frustrated.
       140        70.0000       1       1       5.292781       5.447784      10.740564       6.896722       3.775353       1.000000     541.499386       0.000000            0
# Jump frustrated.
       141        70.5000       1       1       5.915149       4.822266      10.737414       6.896722       3.534382       1.000000     541.499386       0.000000            0
       142        71.0000       1       1       6.527710       4.210450      10.738160       6.896723       3.302281       1.000000     541.499386       0.000000            0
# Jump frustrated.
       143        71.5000       1       1       7.121663       3.614412      10.736075       6.896724       3.004241       1.000000     541.499386       0.000000            0
# Jump frustrated.
       144        72.0000       1       1       7.674260       3.056988      10.731248       6.896724       2.691596       1.000000     541.499386       0.000000            1
       145        72.5000       1       1       8.122361       2.600669      10.723031       6.896724       2.570233       1.000000     541.499386       0.000000            0
# Jump frustrated.
       146        73.0000       1       1       8.384069       2.334726      10.718795       6.896723       2.973078       1.000000     541.499386       0.000000            0
       147        73.5000       1       1       8.406880       2.310851      10.717731       6.896723       3.909479       1.000000     541.499386       0.000000            0
# Jump frustrated.
       148        74.0000       1       1       8.185789       2.533197      10.718986       6.896723       5.190060       1.000000     541.499386       0.000000            0
# Jump frustrated.
       149        74.5000       1       1       7.771448       2.954638      10.726086       6.896723       6.430587       1.000000     541.499386       0.000000            0
# Jump frustrated.
       150        75.0000       1       1       7.268429       3.465973      10.734402       6.896723       7.327995       1.000000     541.499386       0.000000            1
       151        75.5000       1       1       6.794625       3.943883      10.738508       6.896723       7.570580       1.000000     541.499386       0.000000            0
# Jump frustrated.
       152        76.0000       1       1       6.410964       4.326501      10.737465       6.896724       7.261960       1.000000     541.499386       0.000000            0
# Jump frustrated.
       153        76.5000       1       1       6.113537       4.622548      10.736086       6.896724       6.676274       1.000000     541.499386       0.000000            0
# Jump frustrated.
       154        77.0000       1       1       5.888874       4.849047      10.737921       6.896724       6.004746       1.000000     541.499386       0.000000            0
       155        77.5000       1       1       5.741112       4.997070      10.738182       6.896724       5.318625       1.000000     541.499386       0.000000            0
# Jump frustrated.
       156        78.0000       1       1       5.673416       5.064957      10.738374       6.896724       4.741874       1.000000     541.499386       0.000000            0
       157        78.5000       1       1       5.672745       5.064335      10.737080       6.896724       4.233405       1.000000     541.499386       0.000000            1
       158        79.0000       1       1       5.707931       5.026343      10.734274       6.896724       3.820593       1.000000     541.499386       0.000000            0
# Jump frustrated.
       159        79.5000       1       1       5.740846       4.991672      10.732518       6.896724       3.571133       1.000000     541.499386       0.000000            0
# Jump frustrated.
       160        80.0000       1       1       5.736470       4.993541      10.730011       6.896724       3.478087       1.000000     541.499386       0.000000            0
# Jump frustrated.
       161        80.5000       1       1       5.660502       5.066411      10.726913       6.896725       3.491092       1.000000     541.499386       0.000000            0
       162        81.0000       1       1       5.478129       5.246405      10.724534       6.896725       3.557510       1.000000     541.499386       0.000000            0
# Jump frustrated.
       163        81.5000       1       1       5.149647       5.571517      10.721164       6.896725       3.855599       1.000000     541.499386       0.000000            0
# Jump frustrated.
       164        82.0000       1       1       4.674146       6.054825      10.728971       6.896725       4.536889       1.000000     541.499386       0.000000            1
# Jump frustrated.
       165        82.5000       1       1       4.198303       6.549551      10.747854       6.896724       5.324262       1.000000     541.499386       0.000000            0
       166        83.0000       1       1       3.988376       6.770859      10.759235       6.896723       5.732392       1.000000     541.499386       0.000000            0
# Jump frustrated.
       167        83.5000       1       1       4.199186       6.552042      10.751228       6.896723       5.575027       1.000000     541.499386       0.000000            0
# Jump frustrated.
       168        84.0000       1       1       4.727448       6.004999      10.732447       6.896721       5.003728       1.000000     541.499386       0.000000            0
       169        84.5000       1       1       5.311933       5.408338      10.720272       6.896721       4.317745       1.000000     541.499386       0.000000            0
# Jump frustrated.
       170        85.0000       1       1       5.743577       4.972780      10.716357       6.896721       3.885875       1.000000     541.499386       0.000000            1
       171        85.5000       1       1       5.936217       4.781160      10.717376       6.896720       3.656828       1.000000     541.499386       0.000000            0
       172        86.0000       1       1       5.885709       4.838044      10.723752       6.896720       3.602358       1.000000     541.499386       0.000000            0
# Jump frustrated.
       173        86.5000       1       1       5.667335       5.064542      10.731877       6.896721       3.646436       1.000000     541.499386       0.000000            0
# Jump frustrated.
       174        87.0000       1       1       5.394149       5.345226      10.739375       6.896721       3.662125       1.000000     541.499386       0.000000            0
# Jump frustrated.
       175        87.5000       1       1       5.164241       5.578368      10.742610       6.896721       3.545985       1.000000     541.499386       0.000000            0
# Jump frustrated.
       176        88.0000       1       1       5.024242       5.718087      10.742329       6.896720       3.303570       1.000000     541.499386       0.000000            1
# Jump frustrated.
       177        88.5000       1       1       4.972200       5.768951      10.741151       6.896720       3.017552       1.000000     541.499386       0.000000            0
# Jump frustrated.
       178        89.0000       1       1       4.989047       5.751304      10.740351       6.896721       2.780234       1.000000     541.499386       0.000000            0
# Jump frustrated.
       179        89.5000       1       1       5.062097       5.678227      10.740324       6.896721       2.642054       1.000000     541.499386       0.000000            0
# Jump frustrated.
       180        90.0000       1       1       5.189886       5.550756      10.740642       6.896721       2.602925       1.000000     541.499386       0.000000            0
       181        90.5000       1       1       5.378674       5.362873      10.741547       6.896722       2.646183       1.000000     541.499386       0.000000            0
       182        91.0000       1       1       5.634221       5.106686      10.740908       6.896723       2.710778       1.000000     541.499386       0.000000            0
       183        91.5000       1       1       5.946362       4.791540      10.737902       6.896723       2.722587       1.000000     541.499386       0.000000            0
# Jump frustrated.
       184        92.0000       1       1       6.279882       4.454179      10.734061       6.896723       2.626911       1.000000     541.499386       0.000000            1
# Jump frustrated.
       185        92.5000       1       1       6.573637       4.154603      10.728240       6.896722       2.448620       1.000000     541.499386       0.000000            0
       186        93.0000       1       1       6.745371       3.976685      10.722056       6.896721       2.290576       1.000000     541.499386       0.000000            0
       187        93.5000       1       1       6.726947       3.995369      10.722316       6.896720       2.452837       1.000000     541.499386       0.000000            0
# Jump frustrated.
       188        94.0000       1       1       6.546999       4.186367      10.733366       6.896720       3.002691       1.000000     541.499386       0.000000            0
# Jump frustrated.
       189        94.5000       1       1       6.372690       4.374666      10.747357       6.896720       3.444317       1.000000     541.499386       0.000000            0
# Jump frustrated.
       190        95.0000       1       1       6.372608       4.370929      10.743537       6.896719       3.337018       1.000000     541.499386       0.000000            0
# Jump frustrated.
       191        95.5000       1       1       6.505990       4.219377      10.725367       6.896719       2.858398       1.000000     541.499386       0.000000            1
# Jump frustrated.
       192        96.0000       1       1       6.555081       4.158340      10.713422       6.896718       2.741336       1.000000     541.499386       0.000000            0
# Jump frustrated.
       193        96.5000       1       1       6.410836       4.309478      10.720314       6.896717       2.915471       1.000000     541.499386       0.000000            0
# Jump frustrated.
       194        97.0000       1       1       6.134306       4.593068      10.727374       6.896717       3.161606       1.000000     541.499386       0.000000            0
# Jump frustrated.
       195        97.5000       1       1       5.811418       4.921501      10.732919       6.896717       3.457139       1.000000     541.499386       0.000000            0
       196        98.0000       1       1       5.507363       5.226060      10.733423       6.896716       3.576938       1.000000     541.499386       0.000000            0
# Jump frustrated.
       197        98.5000       1       1       5.237843       5.494495      10.732339       6.896716       3.624451       1.000000     541.499386       0.000000            1
# Jump frustrated.
       198        99.0000       1       1       4.984985       5.747775      10.732759       6.896716       3.698091       1.000000     541.499386       0.000000            0
       199        99.5000       1       1       4.743533       5.989636      10.733169       6.896717       3.844446       1.000000     541.499386       0.000000            0
# Jump frustrated.
       200       100.0000       1       1       4.522698       6.212190      10.734889       6.896716       4.030802       1.000000     541.499386       0.000000            0
# Jump frustrated.
       201       100.5000       1       1       4.346730       6.391355      10.738085       6.896716       4.244212       1.000000     541.499386       0.000000            0
       202       101.0000       1       1       4.254316       6.487061      10.741377       6.896716       4.465231       1.000000     541.499386       0.000000            0
# Jump frustrated.
       203       101.5000       1       1       4.286778       6.456128      10.742906       6.896716       4.654175       1.000000     541.499386       0.000000            1
# Jump frustrated.
       204       102.0000       1       1       4.469082       6.272604      10.741686       6.896715       4.761922       1.000000     541.499386       0.000000            0
# Jump frustrated.
       205       102.5000       1       1       4.795754       5.943340      10.739094       6.896715       4.737671       1.000000     541.499386       0.000000            0
# Jump frustrated.
       206       103.0000       1       1       5.241014       5.495948      10.736962       6.896715       4.575860       1.000000     541.499386       0.000000            0
# Jump frustrated.
       207       103.5000       1       1       5.769840       4.963438      10.733278       6.896715       4.236004       1.000000     541.499386       0.000000            0
# Jump frustrated.
       208       104.0000       1       1       6.322641       4.402070      10.724711       6.896715       3.713420       1.000000     541.499386       0.000000            0
# Jump frustrated.
       209       104.5000       1       1       6.790514       3.922499      10.713014       6.896715       3.113021       1.000000     541.499386       0.000000            0
# Jump frustrated.
       210       105.0000       1       1       7.026987       3.674825      10.701812       6.896716       2.840958       1.000000     541.499386       0.000000            1
# Jump frustrated.
       211       105.5000       1       1       6.910549       3.788386      10.698935       6.896717       3.431317       1.000000     541.499386       0.000000            0
       212       106.0000       1       1       6.481222       4.239722      10.720944       6.896717       4.887825       1.000000     541.499386       0.000000            0
       213       106.5000       1       1       6.105635       4.651198      10.756833       6.896717       6.088376       1.000000     541.499386       0.000000            0
# Jump frustrated.
       214       107.0000       1       1       6.207143       4.543035      10.750178       6.896715       6.058047       1.000000     541.499386       0.000000            0
# Jump frustrated.
       215       107.5000       1       1       6.725702       3.990802      10.716504       6.896714       5.196466       1.000000     541.499386       0.000000            0
# Jump frustrated.
       216       108.0000       1       1       7.265192       3.441268      10.706459       6.896715       4.611993       1.000000     541.499386       0.000000            0
# Jump frustrated.
       217       108.5000       1       1       7.601759       3.106191      10.707950       6.896716       4.323156       1.000000     541.499386       0.000000            0
# Jump frustrated.
       218       109.0000       1       1       7.704932       3.004672      10.709604       6.896716       3.834016       1.000000     541.499386       0.000000            1
# Jump frustrated.
       219       109.5000       1       1       7.560846       3.149166      10.710011       6.896716       3.267577       1.000000     541.499386       0.000000            0
       220       110.0000       1       1       7.162816       3.551092      10.713907       6.896716       2.861871       1.000000     541.499386       0.000000            0
# Jump frustrated.
       221       110.5000       1       1       6.545750       4.173911      10.719661       6.896717       2.711750       1.000000     541.499386       0.000000            0
# Jump frustrated.
       222       111.0000       1       1       5.783844       4.944338      10.728182       6.896717       2.751501       1.000000     541.499386       0.000000            0
# Jump frustrated.
       223       111.5000       1       1       4.963106       5.769366      10.732471       6.896718       2.954530       1.000000     541.499386       0.000000            0
# Jump frustrated.
       224       112.0000       1       1       4.170614       6.570104      10.740718       6.896718       3.401209       1.000000     541.499386       0.000000            0
       225       112.5000       1       1       3.528148       7.221780      10.749928       6.896718       3.859201       1.000000     541.499386       0.000000            1
# Jump frustrated.
       226       113.0000       1       1       3.170024       7.582600      10.752624       6.896719       3.992818       1.000000     541.499386       0.000000            0
# Jump frustrated.
       227       113.5000       1       1       3.128916       7.615817      10.744734       6.896719       3.713417       1.000000     541.499386       0.000000            0
# Jump frustrated.
       228       114.0000       1       1       3.303265       7.433331      10.736596       6.896719       3.339199       1.000000     541.499386       0.000000            0
# Jump frustrated.
       229       114.5000       1       1       3.570644       7.163858      10.734503       6.896720       3.183042       1.000000     541.499386       0.000000            0
# Jump frustrated.
       230       115.0000       1       1       3.879476       6.856601      10.736077       6.896720       3.255395       1.000000     541.499386       0.000000            1
# Jump frustrated.
       231       115.5000       1       1       4.243117       6.496196      10.739313       6.896720       3.404748       1.000000     541.499386       0.000000            0
       232       116.0000       1       1       4.693611       6.043822      10.737433       6.896721       3.483355       1.000000     541.499386       0.000000            0
# Jump frustrated.
       233       116.5000       1       1       5.211643       5.517955      10.729598       6.896721       3.401474       1.000000     541.499386       0.000000            0
       234       117.0000       1       1       5.693249       5.023436      10.716685       6.896721       3.189589       1.000000     541.499386       0.000000            0
# Jump frustrated.
       235       117.5000       1       1       5.985099       4.719500      10.704600       6.896720       3.089869       1.000000     541.499386       0.000000            0
# Jump frustrated.
       236       118.0000       1       1       5.930598       4.763098      10.693695       6.896719       3.582651       1.000000     541.499386       0.000000            1
# Jump frustrated.
       237       118.5000       1       1       5.450988       5.246405      10.697393       6.896719       5.162129       1.000000     541.499386       0.000000            0
       238       119.0000       1       1       4.799777       5.952060      10.751837       6.896719       7.222930       1.000000     541.499386       0.000000            0
# Jump frustrated.
       239       119.5000       1       1       4.728653       6.061053      10.789706       6.896718       8.197601       1.000000     541.499386       0.000000            0
# Jump frustrated.
       240       120.0000       1       1       5.691048       5.048349      10.739397       6.896717       7.062153       1.000000     541.499386       0.000000            0
# Jump frustrated.
       241       120.5000       1       1       7.125299       3.569153      10.694453       6.896717       5.040747       1.000000     541.499386       0.000000            0
# Jump frustrated.
       242       121.0000       1       1       8.227069       2.464895      10.691964       6.896717       3.314942       1.000000     541.499386       0.000000            1
# Jump frustrated.
       243       121.5000       1       1       8.619371       2.089958      10.709329       6.896717       2.603287       1.000000     541.499386       0.000000            0
       244       122.0000       1       1       8.388715       2.340331      10.729047       6.896717       2.618244       1.000000     541.499386       0.000000            0
# Jump frustrated.
       245       122.5000       1       1       7.792461       2.951732      10.744193       6.896717       2.781890       1.000000     541.499386       0.000000            0
       246       123.0000       1       1       7.038516       3.717384      10.755901       6.896718       2.934795       1.000000     541.499386       0.000000            0
       247       123.5000       1       1       6.282668       4.480338      10.763006       6.896717       3.019250       1.000000     541.499386       0.000000            0
# Jump frustrated.
       248       124.0000       1       1       5.623114       5.143433      10.766547       6.896718       3.097186       1.000000     541.499386       0.000000            0
# Jump frustrated.
       249       124.5000       1       1       5.104641       5.662241      10.766882       6.896718       3.214557       1.000000     541.499386       0.000000            1
# Jump frustrated.
       250       125.0000       1       1       4.737426       6.028666      10.766093       6.896719       3.420906       1.000000     541.499386       0.000000            0
# Jump frustrated.
       251       125.5000       1       1       4.515030       6.250390      10.765420       6.896720       3.768643       1.000000     541.499386       0.000000            0
# Jump frustrated.
       252       126.0000       1       1       4.433844       6.331772      10.765616       6.896719       4.222002       1.000000     541.499386       0.000000            0
# Jump frustrated.
       253       126.5000       1       1       4.501650       6.264715      10.766364       6.896719       4.687808       1.000000     541.499386       0.000000            0
# Jump frustrated.
       254       127.0000       1       1       4.730340       6.035725      10.766065       6.896719       5.043508       1.000000     541.499386       0.000000            0
       255       127.5000       1       1       5.120362       5.644179      10.764541       6.896719       5.189062       1.000000     541.499386       0.000000            0
# Jump frustrated.
       256       128.0000       1       1       5.645164       5.114368      10.759532       6.896719       5.121634       1.000000     541.499386       0.000000            1
# Jump frustrated.
       257       128.5000       1       1       6.231331       4.518330      10.749661       6.896720       4.781335       1.000000     541.499386       0.000000            0
       258       129.0000       1       1       6.744937       3.991217      10.736154       6.896722       4.212952       1.000000     541.499386       0.000000            0
# Jump frustrated.
       259       129.5000       1       1       7.011403       3.714685      10.726089       6.896724       3.574073       1.000000     541.499386       0.000000            0
# Jump frustrated.
       260       130.0000       1       1       6.929401       3.801880      10.731281       6.896724       3.338183       1.000000     541.499386       0.000000            0
       261       130.5000       1       1       6.593825       4.153358      10.747183       6.896724       3.605192       1.000000     541.499386       0.000000            1
# Jump frustrated.
       262       131.0000       1       1       6.222202       4.532239      10.754442       6.896723       4.019166       1.000000     541.499386       0.000000            0
# Jump frustrated.
       263       131.5000       1       1       5.973156       4.784274      10.757429       6.896722       4.484981       1.000000     541.499386       0.000000            0
# Jump frustrated.
       264       132.0000       1       1       5.935660       4.827248      10.762908       6.896722       4.843704       1.000000     541.499386       0.000000            0
       265       132.5000       1       1       6.133077       4.613829      10.746906       6.896723       4.455230       1.000000     541.499386       0.000000            0
       266       133.0000       1       1       6.351462       4.375081      10.726544       6.896724       3.590426       1.000000     541.499386       0.000000            0
# Jump frustrated.
       267       133.5000       1       1       6.303365       4.426153      10.729517       6.896723       3.184231       1.000000     541.499386       0.000000            0
# Jump frustrated.
       268       134.0000       1       1       5.944621       4.800052      10.744673       6.896722       3.410880       1.000000     541.499386       0.000000            1
# Jump frustrated.
       269       134.5000       1       1       5.440426       5.317199      10.757626       6.896722       3.713185       1.000000     541.499386       0.000000            0
# Jump frustrated.
       270       135.0000       1       1       4.958679       5.804451      10.763130       6.896722       3.797993       1.000000     541.499386       0.000000            0
# Jump frustrated.
       271       135.5000       1       1       4.579508       6.185409      10.764917       6.896721       3.764195       1.000000     541.499386       0.000000            0
# Jump frustrated.
       272       136.0000       1       1       4.324382       6.443256      10.767638       6.896721       3.770969       1.000000     541.499386       0.000000            0
# Jump frustrated.
       273       136.5000       1       1       4.205643       6.560346      10.765989       6.896721       3.792017       1.000000     541.499386       0.000000            0
       274       137.0000       1       1       4.216541       6.547267      10.763808       6.896721       3.735043       1.000000     541.499386       0.000000            0
# Jump frustrated.
       275       137.5000       1       1       4.356772       6.406302      10.763075       6.896721       3.635837       1.000000     541.499386       0.000000            1
       276       138.0000       1       1       4.630365       6.133300      10.763665       6.896721       3.359009       1.000000     541.499386       0.000000            0
       277       138.5000       1       1       5.037076       5.730128      10.767204       6.896721       3.168346       1.000000     541.499386       0.000000            0
# Jump frustrated.
       278       139.0000       1       1       5.584957       5.177895      10.762852       6.896722       3.001708       1.000000     541.499386       0.000000            0
# Jump frustrated.
       279       139.5000       1       1       6.218974       4.534316      10.753290       6.896722       2.739502       1.000000     541.499386       0.000000            0
       280       140.0000       1       1       6.813740       3.928520      10.742260       6.896723       2.446019       1.000000     541.499386       0.000000            0
       281       140.5000       1       1       7.222570       3.513100      10.735670       6.896723       2.424180       1.000000     541.499386       0.000000            0
# Jump frustrated.
       282       141.0000       1       1       7.350772       3.384384      10.735156       6.896723       2.964199       1.000000     541.499386       0.000000            0
# Jump frustrated.
       283       141.5000       1       1       7.224935       3.522027      10.746962       6.896722       3.901086       1.000000     541.499386       0.000000            0
# Jump frustrated.
       284       142.0000       1       1       7.038526       3.728803      10.767328       6.896722       4.748806       1.000000     541.499386       0.000000            0
# Jump frustrated.
       285       142.5000       1       1       7.061619       3.713440      10.775059       6.896722       5.036948       1.000000     541.499386       0.000000            1
       286       143.0000       1       1       7.383546       3.374003      10.757549       6.896721       4.568371       1.000000     541.499386       0.000000            0
       287       143.5000       1       1       7.778188       2.952770      10.730958       6.896721       3.457657       1.000000     541.499386       0.000000            0
# Jump frustrated.
       288       144.0000       1       1       7.882274       2.836303      10.718576       6.896721       2.476804       1.000000     541.499386       0.000000            0
       289       144.5000       1       1       7.506372       3.221828      10.728200       6.896722       2.454241       1.000000     541.499386       0.000000            0
# Jump frustrated.
       290       145.0000       1       1       6.736692       4.008864      10.745556       6.896722       2.952108       1.000000     541.499386       0.000000            0
       291       145.5000       1       1       5.807781       4.952850      10.760631       6.896721       3.345551       1.000000     541.499386       0.000000            0
# Jump frustrated.
       292       146.0000       1       1       4.942424       5.828119      10.770543       6.896721       3.471444       1.000000     541.499386       0.000000            0
       293       146.5000       1       1       4.261874       6.510106      10.771980       6.896721       3.405806       1.000000     541.499386       0.000000            1
       294       147.0000       1       1       3.792553       6.977220      10.769773       6.896721       3.206105       1.000000     541.499386       0.000000            0
# Jump frustrated.
       295       147.5000       1       1       3.506874       7.259980      10.766854       6.896722       3.050452       1.000000     541.499386       0.000000            0
       296       148.0000       1       1       3.366477       7.399076      10.765554       6.896722       2.997939       1.000000     541.499386       0.000000            0
# Jump frustrated.
       297       148.5000       1       1       3.346109       7.418591      10.764700       6.896722       3.036268       1.000000     541.499386       0.000000            0
# Jump frustrated.
       298       149.0000       1       1       3.432091       7.332435      10.764526       6.896722       3.119573       1.000000     541.499386       0.000000            0
       299       149.5000       1       1       3.616077       7.148080      10.764157       6.896722       3.218128       1.000000     541.499386       0.000000            1
# Jump frustrated.
       300       150.0000       1       1       3.890183       6.873209      10.763392       6.896722       3.337564       1.000000     541.499386       0.000000            0
# Jump frustrated.
       301       150.5000       1       1       4.242718       6.518825      10.761543       6.896721       3.494027       1.000000     541.499386       0.000000            0
# Jump frustrated.
       302       151.0000       1       1       4.646464       6.110671      10.757134       6.896721       3.659747       1.000000     541.499386       0.000000            0
       303       151.5000       1       1       5.052451       5.700233      10.752684       6.896722       3.802801       1.000000     541.499386       0.000000            0
# Jump frustrated.
       304       152.0000       1       1       5.406751       5.342527      10.749279       6.896721       3.999060       1.000000     541.499386       0.000000            0
       305       152.5000       1       1       5.705276       5.048141      10.753417       6.896721       4.346046       1.000000     541.499386       0.000000            0
       306       153.0000       1       1       6.059498       4.707044      10.766542       6.896721       4.701154       1.000000     541.499386       0.000000            0
       307       153.5000       1       1       6.658709       4.111006      10.769715       6.896721       4.816390       1.000000     541.499386       0.000000            1
# Jump frustrated.
       308       154.0000       1       1       7.515422       3.226188      10.741609       6.896722       4.330452       1.000000     541.499386       0.000000            0
       309       154.5000       1       1       8.292463       2.414447      10.706909       6.896722       3.428738       1.000000     541.499386       0.000000            0
# Jump frustrated.
       310       155.0000       1       1       8.491314       2.183588      10.674902       6.896723       3.111599       1.000000     541.499386       0.000000            0
# Jump frustrated.
       311       155.5000       1       1       7.787931       2.901699      10.689630       6.896723       5.057437       1.000000     541.499386       0.000000            0
       312       156.0000       1       1       6.634674       4.145054      10.779727       6.896723       7.412062       1.000000     541.499386       0.000000            1
# Jump frustrated.
       313       156.5000       1       1       6.107167       4.697909      10.805076       6.896724       7.966249       1.000000     541.499386       0.000000            0
# Jump frustrated.
       314       157.0000       1       1       6.534546       4.205882      10.740428       6.896725       6.408592       1.000000     541.499386       0.000000            0
# Jump frustrated.
       315       157.5000       1       1       7.134181       3.569153      10.703335       6.896725       4.058797       1.000000     541.499386       0.000000            0
# Jump frustrated.
       316       158.0000       1       1       7.240557       3.477599      10.718156       6.896725       2.947758       1.000000     541.499386       0.000000            0
# Jump frustrated.
       317       158.5000       1       1       6.908072       3.836966      10.745037       6.896725       2.895018       1.000000     541.499386       0.000000            0
       318       159.0000       1       1       6.418195       4.341034      10.759229       6.896725       2.989223       1.000000     541.499386       0.000000            0
# Jump frustrated.
       319       159.5000       1       1       5.968534       4.796730      10.765264       6.896724       2.961305       1.000000     541.499386       0.000000            0
# Jump frustrated.
       320       160.0000       1       1       5.651873       5.117482      10.769355       6.896723       2.805266       1.000000     541.499386       0.000000            1
       321       160.5000       1       1       5.498134       5.267789      10.765923       6.896722       2.571879       1.000000     541.499386       0.000000            0
# Jump frustrated.
       322       161.0000       1       1       5.462483       5.297269      10.759752       6.896722       2.365106       1.000000     541.499386       0.000000            0
# Jump frustrated.
       323       161.5000       1       1       5.461213       5.292494      10.753707       6.896722       2.208126       1.000000     541.499386       0.000000            0
# Jump frustrated.
       324       162.0000       1       1       5.407717       5.340244      10.747961       6.896722       2.152194       1.000000     541.499386       0.000000            0
# Jump frustrated.
       325       162.5000       1       1       5.219901       5.522730      10.742631       6.896722       2.349974       1.000000     541.499386       0.000000            0
# Jump frustrated.
       326       163.0000       1       1       4.846680       5.897874      10.744555       6.896723       2.944291       1.000000     541.499386       0.000000            0
# Jump frustrated.
       327       163.5000       1       1       4.340939       6.415437      10.756376       6.896724       3.754958       1.000000     541.499386       0.000000            1
# Jump frustrated.
       328       164.0000       1       1       3.888452       6.883174      10.771626       6.896724       4.415038       1.000000     541.499386       0.000000            0
# Jump frustrated.
       329       164.5000       1       1       3.707944       7.069190      10.777134       6.896724       4.595569       1.000000     541.499386       0.000000            0
       330       165.0000       1       1       3.875955       6.892309      10.768264       6.896723       4.266247       1.000000     541.499386       0.000000            0
# Jump frustrated.
       331       165.5000       1       1       4.268365       6.486646      10.755011       6.896723       3.715297       1.000000     541.499386       0.000000            0
       332       166.0000       1       1       4.688668       6.058562      10.747230       6.896723       3.285120       1.000000     541.499386       0.000000            0
       333       166.5000       1       1       5.012523       5.735319      10.747841       6.896722       3.084218       1.000000     541.499386       0.000000            0
# Jump frustrated.
       334       167.0000       1       1       5.241630       5.515048      10.756678       6.896722       3.041019       1.000000     541.499386       0.000000            1
# Jump frustrated.
       335       167.5000       1       1       5.431312       5.323843      10.755155       6.896722       3.015830       1.000000     541.499386       0.000000            0
# Jump frustrated.
       336       168.0000       1       1       5.592707       5.159211      10.751918       6.896722       2.958308       1.000000     541.499386       0.000000            0
# Jump frustrated.
       337       168.5000       1       1       5.678529       5.064335      10.742864       6.896721       2.842064       1.000000     541.499386       0.000000            0
# Jump frustrated.
       338       169.0000       1       1       5.602916       5.132222      10.735138       6.896721       2.861807       1.000000     541.499386       0.000000            0
       339       169.5000       1       1       5.272760       5.454635      10.727395       6.896721       3.536983       1.000000     541.499386       0.000000            0
# Jump frustrated.
       340       170.0000       1       1       4.715441       6.035933      10.751374       6.896721       5.460441       1.000000     541.499386       0.000000            1
# Jump frustrated.
       341       170.5000       1       1       4.506534       6.307482      10.814015       6.896721       7.008442       1.000000     541.499386       0.000000            0
# Jump frustrated.
       342       171.0000       1       1       5.333340       5.446538      10.779878       6.896720       6.296288       1.000000     541.499386       0.000000            0
# Jump frustrated.
       343       171.5000       1       1       6.824393       3.887622      10.712015       6.896719       4.093738       1.000000     541.499386       0.000000            0
# Jump frustrated.
       344       172.0000       1       1       8.037560       2.659007      10.696567       6.896718       2.195252       1.000000     541.499386       0.000000            0
# Jump frustrated.
       345       172.5000       1       1       8.513053       2.187325      10.700378       6.896718       1.894629       1.000000     541.499386       0.000000            0
# Jump frustrated.
       346       173.0000       1       1       8.323649       2.399914      10.723563       6.896718       2.272027       1.000000     541.499386       0.000000            1
# Jump frustrated.
       347       173.5000       1       1       7.680410       3.054705      10.735114       6.896719       2.771904       1.000000     541.499386       0.000000            0
       348       174.0000       1       1       6.801314       3.954263      10.755577       6.896719       3.358793       1.000000     541.499386       0.000000            0
       349       174.5000       1       1       5.961614       4.815830      10.777444       6.896720       3.802792       1.000000     541.499386       0.000000            0
# Jump frustrated.
       350       175.0000       1       1       5.419030       5.362873      10.781903       6.896721       3.821703       1.000000     541.499386       0.000000            0
       351       175.5000       1       1       5.249419       5.520654      10.770072       6.896721       3.342362       1.000000     541.499386       0.000000            0
# Jump frustrated.
       352       176.0000       1       1       5.306064       5.448614      10.754678       6.896722       2.707148       1.000000     541.499386       0.000000            1
# Jump frustrated.
       353       176.5000       1       1       5.367583       5.378443      10.746026       6.896722       2.399534       1.000000     541.499386       0.000000            0
# Jump frustrated.
       354       177.0000       1       1       5.302173       5.445915      10.748088       6.896722       2.722236       1.000000     541.499386       0.000000            0
       355       177.5000       1       1       5.121643       5.635045      10.756687       6.896722       3.330622       1.000000     541.499386       0.000000            0
# Jump frustrated.
       356       178.0000       1       1       4.932306       5.832894      10.765199       6.896722       3.840117       1.000000     541.499386       0.000000            0
# Jump frustrated.
       357       178.5000       1       1       4.845151       5.924240      10.769391       6.896722       4.164343       1.000000     541.499386       0.000000            0
# Jump frustrated.
       358       179.0000       1       1       4.925140       5.844520      10.769659       6.896721       4.318048       1.000000     541.499386       0.000000            1
# Jump frustrated.
       359       179.5000       1       1       5.184999       5.581690      10.766688       6.896721       4.371709       1.000000     541.499386       0.000000            0
       360       180.0000       1       1       5.598593       5.164193      10.762786       6.896721       4.300274       1.000000     541.499386       0.000000            0
# Jump frustrated.
       361       180.5000       1       1       6.116265       4.639157      10.755421       6.896720       4.078515       1.000000     541.499386       0.000000            0
# Jump frustrated.
       362       181.0000       1       1       6.633236       4.107477      10.740713       6.896720       3.738135       1.000000     541.499386       0.000000            0
# Jump frustrated.
       363       181.5000       1       1       6.959926       3.760774      10.720700       6.896720       3.310643       1.000000     541.499386       0.000000            0
# Jump frustrated.
       364       182.0000       1       1       6.861677       3.845477      10.707154       6.896721       3.329129       1.000000     541.499386       0.000000            0
       365       182.5000       1       1       6.259996       4.473694      10.733691       6.896720       4.479468       1.000000     541.499386       0.000000            1
# Jump frustrated.
       366       183.0000       1       1       5.575685       5.209452      10.785136       6.896720       5.750043       1.000000     541.499386       0.000000            0
# Jump frustrated.
       367       183.5000       1       1       5.436233       5.347095      10.783328       6.896721       5.715571       1.000000     541.499386       0.000000            0
# Jump frustrated.
       368       184.0000       1       1       5.833642       4.899288      10.732929       6.896722       4.468410       1.000000     541.499386       0.000000            0
# Jump frustrated.
       369       184.5000       1       1       6.211739       4.510233      10.721972       6.896724       3.473556       1.000000     541.499386       0.000000            0
       370       185.0000       1       1       6.316873       4.425322      10.742195       6.896724       3.382143       1.000000     541.499386       0.000000            0
# Jump frustrated.
       371       185.5000       1       1       6.300054       4.450650      10.750704       6.896724       3.466371       1.000000     541.499386       0.000000            1
# Jump frustrated.
       372       186.0000       1       1       6.297452       4.456463      10.753915       6.896724       3.495020       1.000000     541.499386       0.000000            0
# Jump frustrated.
       373       186.5000       1       1       6.282449       4.450650      10.733099       6.896723       3.469931       1.000000     541.499386       0.000000            0
       374       187.0000       1       1       6.092276       4.654935      10.747211       6.896723       3.354155       1.000000     541.499386       0.000000            0
       375       187.5000       1       1       5.742290       5.015755      10.758044       6.896723       3.225803       1.000000     541.499386       0.000000            0
       376       188.0000       1       1       5.380075       5.375537      10.755611       6.896722       3.100567       1.000000     541.499386       0.000000            0
       377       188.5000       1       1       5.018327       5.743208      10.761535       6.896722       2.982428       1.000000     541.499386       0.000000            0
# Jump frustrated.
       378       189.0000       1       1       4.684208       6.081191      10.765399       6.896722       2.881548       1.000000     541.499386       0.000000            0
# Jump frustrated.
       379       189.5000       1       1       4.422567       6.343398      10.765965       6.896723       2.825986       1.000000     541.499386       0.000000            0
# Jump frustrated.
       380       190.0000       1       1       4.252556       6.515503      10.768059       6.896725       2.820595       1.000000     541.499386       0.000000            1
       381       190.5000       1       1       4.203244       6.568028      10.771271       6.896725       2.862963       1.000000     541.499386       0.000000            0
       382       191.0000       1       1       4.321592       6.453221      10.774813       6.896723       2.907246       1.000000     541.499386       0.000000            0
       383       191.5000       1       1       4.643033       6.129148      10.772181       6.896723       2.879996       1.000000     541.499386       0.000000            0
# Jump frustrated.
       384       192.0000       1       1       5.140288       5.625287      10.765575       6.896723       2.723046       1.000000     541.499386       0.000000            0
       385       192.5000       1       1       5.721525       5.034647      10.756171       6.896723       2.482644       1.000000     541.499386       0.000000            0
# Jump frustrated.
       386       193.0000       1       1       6.240476       4.499022      10.739499       6.896723       2.227620       1.000000     541.499386       0.000000            1
# Jump frustrated.
       387       193.5000       1       1       6.493166       4.230795      10.723961       6.896723       2.462971       1.000000     541.499386       0.000000            0
# Jump frustrated.
       388       194.0000       1       1       6.334312       4.396050      10.730361       6.896724       3.838374       1.000000     541.499386       0.000000            0
# Jump frustrated.
       389       194.5000       1       1       5.992792       4.790502      10.783294       6.896724       5.542301       1.000000     541.499386       0.000000            0
# Jump frustrated.
       390       195.0000       1       1       6.085960       4.714103      10.800063       6.896725       5.891323       1.000000     541.499386       0.000000            0
# Jump frustrated.
       391       195.5000       1       1       6.799864       3.949073      10.748937       6.896726       4.589377       1.000000     541.499386       0.000000            0
# Jump frustrated.
       392       196.0000       1       1       7.585148       3.130689      10.715837       6.896726       3.061063       1.000000     541.499386       0.000000            1
# Jump frustrated.
       393       196.5000       1       1       7.939273       2.777135      10.716408       6.896725       2.569183       1.000000     541.499386       0.000000            0
       394       197.0000       1       1       7.766979       2.957130      10.724109       6.896725       2.941469       1.000000     541.499386       0.000000            0
       395       197.5000       1       1       7.150595       3.583063      10.733658       6.896725       3.860704       1.000000     541.499386       0.000000            0
# Jump frustrated.
       396       198.0000       1       1       6.262805       4.494663      10.757468       6.896725       5.174233       1.000000     541.499386       0.000000            0
       397       198.5000       1       1       5.461495       5.320936      10.782432       6.896726       6.042621       1.000000     541.499386       0.000000            0
# Jump frustrated.
       398       199.0000       1       1       5.084873       5.694835      10.779709       6.896727       5.885692       1.000000     541.499386       0.000000            0
# Jump frustrated.
       399       199.5000       1       1       5.098174       5.655805      10.753980       6.896729       4.756417       1.000000     541.499386       0.000000            1
# Jump frustrated.
       400       200.0000       1       1       5.160606       5.579199      10.739805       6.896729       3.574476       1.000000     541.499386       0.000000            0
