#===============================================================================================================================================================================
#     Step |         Time |         State |                                     Energy |      Angular |     Gradient |      Density |           Expectation Value |    Runtime |
#          |              |  diag |   MCH |          kin |          pot |          tot |     Momentum |          RMS |        Total |           DM |            S |            |
#          |         [fs] |       |       |         [eV] |         [eV] |         [eV] |       [hbar] |     [eV/Ang] |              |      [Debye] |              |      [sec] |
#===============================================================================================================================================================================
         0         0.0000       2       2       0.219909      10.235187      10.455097       0.000136       3.374615       1.000000     541.499386       0.000000            4
# Jump frustrated.
         1         0.5000       2       2       0.221248      10.234149      10.455397       0.000136       3.313504       1.000000     541.499386       0.000000            1
         2         1.0000       2       2       0.236701      10.219202      10.455903       0.000136       3.153972       1.000000     541.499386       0.000000            1
# Jump frustrated.
         3         1.5000       2       2       0.276501      10.180172      10.456673       0.000136       2.914272       1.000000     541.499386       0.000000            0
# Surface Hop/Pointer State Switch: new state=      1 old state=      2 randnum=  0.604900173 gap= -9.882480 eV
         4         2.0000       1       1      10.234342       0.222331      10.456673       5.990726       1.299215       1.000000     541.499386       0.000000            0
         5         2.5000       1       1       9.650317       0.815254      10.465572       5.990726       2.702290       1.000000     541.499386       0.000000            0
         6         3.0000       1       1       8.657247       1.837924      10.495171       5.990726       4.538725       1.000000     541.499386       0.000000            0
         7         3.5000       1       1       7.710216       2.813051      10.523267       5.990727       5.649425       1.000000     541.499386       0.000000            1
# Jump frustrated.
         8         4.0000       1       1       7.177558       3.334973      10.512531       5.990727       5.351560       1.000000     541.499386       0.000000            0
# Jump frustrated.
         9         4.5000       1       1       6.943543       3.544241      10.487783       5.990727       4.185742       1.000000     541.499386       0.000000            0
        10         5.0000       1       1       6.673738       3.810392      10.484130       5.990726       3.280448       1.000000     541.499386       0.000000            0
# Jump frustrated.
        11         5.5000       1       1       6.243798       4.247611      10.491409       5.990727       2.970683       1.000000     541.499386       0.000000            0
# Jump frustrated.
        12         6.0000       1       1       5.719453       4.778461      10.497914       5.990727       3.025603       1.000000     541.499386       0.000000            0
# Jump frustrated.
        13         6.5000       1       1       5.199767       5.303497      10.503265       5.990727       3.216039       1.000000     541.499386       0.000000            0
# Jump frustrated.
        14         7.0000       1       1       4.772099       5.737187      10.509286       5.990727       3.351002       1.000000     541.499386       0.000000            0
# Jump frustrated.
        15         7.5000       1       1       4.508361       6.003546      10.511907       5.990727       3.364476       1.000000     541.499386       0.000000            0
# Jump frustrated.
        16         8.0000       1       1       4.434574       6.075793      10.510367       5.990726       3.309825       1.000000     541.499386       0.000000            0
# Jump frustrated.
        17         8.5000       1       1       4.526699       5.979256      10.505955       5.990726       3.212598       1.000000     541.499386       0.000000            1
# Jump frustrated.
        18         9.0000       1       1       4.729089       5.772480      10.501569       5.990726       3.129589       1.000000     541.499386       0.000000            0
# Jump frustrated.
        19         9.5000       1       1       4.974081       5.521899      10.495980       5.990726       3.150505       1.000000     541.499386       0.000000            0
# Jump frustrated.
        20        10.0000       1       1       5.188322       5.302044      10.490366       5.990726       3.397254       1.000000     541.499386       0.000000            0
# Jump frustrated.
        21        10.5000       1       1       5.339140       5.156304      10.495444       5.990726       3.959944       1.000000     541.499386       0.000000            0
# Jump frustrated.
        22        11.0000       1       1       5.521064       4.987520      10.508584       5.990726       4.580324       1.000000     541.499386       0.000000            0
        23        11.5000       1       1       5.921296       4.594314      10.515610       5.990726       4.832617       1.000000     541.499386       0.000000            0
# Jump frustrated.
        24        12.0000       1       1       6.591568       3.901739      10.493307       5.990726       4.323810       1.000000     541.499386       0.000000            0
        25        12.5000       1       1       7.275772       3.191517      10.467289       5.990727       3.383362       1.000000     541.499386       0.000000            0
        26        13.0000       1       1       7.619606       2.836095      10.455701       5.990727       2.712693       1.000000     541.499386       0.000000            1
        27        13.5000       1       1       7.449754       3.011315      10.461069       5.990728       3.125696       1.000000     541.499386       0.000000            0
# Jump frustrated.
        28        14.0000       1       1       6.918071       3.577042      10.495114       5.990728       4.371078       1.000000     541.499386       0.000000            0
# Jump frustrated.
        29        14.5000       1       1       6.492655       4.029624      10.522279       5.990728       5.076759       1.000000     541.499386       0.000000            0
# Jump frustrated.
        30        15.0000       1       1       6.518058       3.990387      10.508445       5.990727       4.525750       1.000000     541.499386       0.000000            0
        31        15.5000       1       1       6.824143       3.657594      10.481736       5.990726       3.393956       1.000000     541.499386       0.000000            0
        32        16.0000       1       1       7.045186       3.432756      10.477942       5.990726       2.978810       1.000000     541.499386       0.000000            1
# Jump frustrated.
        33        16.5000       1       1       7.042983       3.441891      10.484874       5.990726       3.364425       1.000000     541.499386       0.000000            0
# Jump frustrated.
        34        17.0000       1       1       6.879879       3.613996      10.493875       5.990726       3.995925       1.000000     541.499386       0.000000            0
        35        17.5000       1       1       6.671534       3.830115      10.501648       5.990726       4.571988       1.000000     541.499386       0.000000            0
# Jump frustrated.
        36        18.0000       1       1       6.521337       3.984366      10.505703       5.990726       4.989033       1.000000     541.499386       0.000000            0
# Jump frustrated.
        37        18.5000       1       1       6.484515       4.020905      10.505420       5.990727       5.261336       1.000000     541.499386       0.000000            1
        38        19.0000       1       1       6.569387       3.936617      10.506004       5.990727       5.371699       1.000000     541.499386       0.000000            0
# Jump frustrated.
        39        19.5000       1       1       6.761689       3.740013      10.501703       5.990727       5.170194       1.000000     541.499386       0.000000            0
# Jump frustrated.
        40        20.0000       1       1       7.011018       3.484865      10.495884       5.990727       4.765807       1.000000     541.499386       0.000000            0
        41        20.5000       1       1       7.233134       3.254422      10.487556       5.990727       4.157870       1.000000     541.499386       0.000000            0
        42        21.0000       1       1       7.339642       3.148335      10.487977       5.990727       3.489626       1.000000     541.499386       0.000000            0
# Jump frustrated.
        43        21.5000       1       1       7.309227       3.185082      10.494309       5.990727       3.240076       1.000000     541.499386       0.000000            1
        44        22.0000       1       1       7.227864       3.273107      10.500971       5.990727       3.217166       1.000000     541.499386       0.000000            0
        45        22.5000       1       1       7.194740       3.308815      10.503555       5.990727       3.183291       1.000000     541.499386       0.000000            0
# Jump frustrated.
        46        23.0000       1       1       7.251417       3.249647      10.501064       5.990728       2.964816       1.000000     541.499386       0.000000            0
        47        23.5000       1       1       7.361403       3.133180      10.494583       5.990727       2.646055       1.000000     541.499386       0.000000            0
        48        24.0000       1       1       7.426752       3.059480      10.486232       5.990726       2.339638       1.000000     541.499386       0.000000            0
# Jump frustrated.
        49        24.5000       1       1       7.329996       3.151242      10.481237       5.990726       2.256356       1.000000     541.499386       0.000000            1
        50        25.0000       1       1       7.007825       3.478429      10.486254       5.990727       2.599822       1.000000     541.499386       0.000000            0
        51        25.5000       1       1       6.514576       3.981667      10.496243       5.990726       3.153238       1.000000     541.499386       0.000000            0
# Jump frustrated.
        52        26.0000       1       1       5.998564       4.509403      10.507966       5.990727       3.488000       1.000000     541.499386       0.000000            0
# Jump frustrated.
        53        26.5000       1       1       5.587246       4.919010      10.506256       5.990727       3.378487       1.000000     541.499386       0.000000            0
# Jump frustrated.
        54        27.0000       1       1       5.279477       5.220247      10.499724       5.990727       3.099537       1.000000     541.499386       0.000000            0
# Jump frustrated.
        55        27.5000       1       1       5.012866       5.486398      10.499265       5.990726       3.012407       1.000000     541.499386       0.000000            1
# Jump frustrated.
        56        28.0000       1       1       4.777784       5.725561      10.503345       5.990727       3.115684       1.000000     541.499386       0.000000            0
        57        28.5000       1       1       4.614139       5.892061      10.506201       5.990728       3.254842       1.000000     541.499386       0.000000            0
# Jump frustrated.
        58        29.0000       1       1       4.565604       5.942510      10.508114       5.990728       3.376719       1.000000     541.499386       0.000000            0
# Jump frustrated.
        59        29.5000       1       1       4.654000       5.853239      10.507239       5.990729       3.440348       1.000000     541.499386       0.000000            0
        60        30.0000       1       1       4.868526       5.636083      10.504608       5.990729       3.455661       1.000000     541.499386       0.000000            0
# Jump frustrated.
        61        30.5000       1       1       5.170936       5.330901      10.501837       5.990729       3.484091       1.000000     541.499386       0.000000            0
# Jump frustrated.
        62        31.0000       1       1       5.522942       4.978593      10.501536       5.990728       3.605087       1.000000     541.499386       0.000000            1
# Jump frustrated.
        63        31.5000       1       1       5.911587       4.590369      10.501956       5.990727       3.795497       1.000000     541.499386       0.000000            0
        64        32.0000       1       1       6.350807       4.154396      10.505203       5.990727       4.000275       1.000000     541.499386       0.000000            0
        65        32.5000       1       1       6.865592       3.637456      10.503048       5.990726       4.135830       1.000000     541.499386       0.000000            0
        66        33.0000       1       1       7.446589       3.054912      10.501502       5.990726       3.945402       1.000000     541.499386       0.000000            0
# Jump frustrated.
        67        33.5000       1       1       8.028886       2.467179      10.496065       5.990726       3.387933       1.000000     541.499386       0.000000            0
        68        34.0000       1       1       8.521940       1.969546      10.491486       5.990726       2.661274       1.000000     541.499386       0.000000            0
        69        34.5000       1       1       8.849000       1.639659      10.488660       5.990726       2.088624       1.000000     541.499386       0.000000            1
        70        35.0000       1       1       8.970545       1.517172      10.487716       5.990726       1.821324       1.000000     541.499386       0.000000            0
        71        35.5000       1       1       8.873567       1.614747      10.488314       5.990726       1.920580       1.000000     541.499386       0.000000            0
        72        36.0000       1       1       8.575072       1.915568      10.490640       5.990726       2.270217       1.000000     541.499386       0.000000            0
# Jump frustrated.
        73        36.5000       1       1       8.121656       2.373548      10.495204       5.990726       2.701158       1.000000     541.499386       0.000000            0
# Jump frustrated.
        74        37.0000       1       1       7.574102       2.925366      10.499468       5.990726       3.165172       1.000000     541.499386       0.000000            0
# Jump frustrated.
        75        37.5000       1       1       7.007725       3.494207      10.501932       5.990726       3.475683       1.000000     541.499386       0.000000            0
        76        38.0000       1       1       6.482335       4.028171      10.510506       5.990726       3.772030       1.000000     541.499386       0.000000            1
# Jump frustrated.
        77        38.5000       1       1       6.046282       4.465390      10.511673       5.990727       3.894103       1.000000     541.499386       0.000000            0
        78        39.0000       1       1       5.735477       4.777630      10.513107       5.990727       4.000038       1.000000     541.499386       0.000000            0
# Jump frustrated.
        79        39.5000       1       1       5.564329       4.947867      10.512196       5.990727       4.115678       1.000000     541.499386       0.000000            0
# Jump frustrated.
        80        40.0000       1       1       5.535575       4.978178      10.513753       5.990728       4.180340       1.000000     541.499386       0.000000            0
        81        40.5000       1       1       5.639111       4.871884      10.510994       5.990728       4.204095       1.000000     541.499386       0.000000            1
# Jump frustrated.
        82        41.0000       1       1       5.855021       4.655350      10.510371       5.990729       4.112481       1.000000     541.499386       0.000000            0
# Jump frustrated.
        83        41.5000       1       1       6.156972       4.349338      10.506310       5.990729       3.928850       1.000000     541.499386       0.000000            0
# Jump frustrated.
        84        42.0000       1       1       6.496874       4.004712      10.501586       5.990729       3.614043       1.000000     541.499386       0.000000            0
        85        42.5000       1       1       6.810156       3.687281      10.497437       5.990729       3.226337       1.000000     541.499386       0.000000            0
# Jump frustrated.
        86        43.0000       1       1       7.020428       3.467634      10.488061       5.990729       2.767361       1.000000     541.499386       0.000000            0
        87        43.5000       1       1       7.014811       3.464727      10.479539       5.990729       2.478363       1.000000     541.499386       0.000000            1
# Jump frustrated.
        88        44.0000       1       1       6.694442       3.783196      10.477637       5.990729       3.021301       1.000000     541.499386       0.000000            0
        89        44.5000       1       1       6.098218       4.397295      10.495513       5.990729       4.646609       1.000000     541.499386       0.000000            0
# Jump frustrated.
        90        45.0000       1       1       5.573670       4.958871      10.532541       5.990730       6.141590       1.000000     541.499386       0.000000            0
# Jump frustrated.
        91        45.5000       1       1       5.567774       4.959286      10.527060       5.990731       6.113399       1.000000     541.499386       0.000000            0
        92        46.0000       1       1       6.001153       4.482414      10.483567       5.990732       4.541719       1.000000     541.499386       0.000000            0
# Jump frustrated.
        93        46.5000       1       1       6.347879       4.124293      10.472172       5.990732       2.833416       1.000000     541.499386       0.000000            0
        94        47.0000       1       1       6.339197       4.145261      10.484458       5.990732       2.118701       1.000000     541.499386       0.000000            0
# Jump frustrated.
        95        47.5000       1       1       6.061162       4.435287      10.496450       5.990733       2.162474       1.000000     541.499386       0.000000            1
        96        48.0000       1       1       5.670046       4.834307      10.504353       5.990733       2.409020       1.000000     541.499386       0.000000            0
# Jump frustrated.
        97        48.5000       1       1       5.286928       5.223154      10.510082       5.990733       2.637137       1.000000     541.499386       0.000000            0
# Jump frustrated.
        98        49.0000       1       1       5.002495       5.512972      10.515467       5.990732       2.748008       1.000000     541.499386       0.000000            0
        99        49.5000       1       1       4.878464       5.637951      10.516416       5.990732       2.720079       1.000000     541.499386       0.000000            0
# Jump frustrated.
       100        50.0000       1       1       4.925213       5.589164      10.514376       5.990733       2.619323       1.000000     541.499386       0.000000            1
       101        50.5000       1       1       5.119448       5.394636      10.514085       5.990732       2.549628       1.000000     541.499386       0.000000            0
       102        51.0000       1       1       5.440382       5.071186      10.511567       5.990731       2.508834       1.000000     541.499386       0.000000            0
# Jump frustrated.
       103        51.5000       1       1       5.850442       4.655765      10.506207       5.990731       2.439721       1.000000     541.499386       0.000000            0
       104        52.0000       1       1       6.295393       4.207751      10.503144       5.990731       2.386455       1.000000     541.499386       0.000000            0
       105        52.5000       1       1       6.729439       3.769909      10.499347       5.990731       2.327349       1.000000     541.499386       0.000000            0
       106        53.0000       1       1       7.129261       3.370682      10.499942       5.990732       2.332568       1.000000     541.499386       0.000000            1
# Jump frustrated.
       107        53.5000       1       1       7.496356       3.001765      10.498121       5.990732       2.391686       1.000000     541.499386       0.000000            0
       108        54.0000       1       1       7.823585       2.672501      10.496087       5.990732       2.482663       1.000000     541.499386       0.000000            0
# Jump frustrated.
       109        54.5000       1       1       8.086467       2.405104      10.491571       5.990731       2.565741       1.000000     541.499386       0.000000            0
# Jump frustrated.
       110        55.0000       1       1       8.218442       2.260610      10.479052       5.990730       2.632939       1.000000     541.499386       0.000000            0
       111        55.5000       1       1       8.090587       2.378738      10.469325       5.990730       3.124157       1.000000     541.499386       0.000000            0
# Jump frustrated.
       112        56.0000       1       1       7.620011       2.856233      10.476244       5.990730       4.525976       1.000000     541.499386       0.000000            0
# Jump frustrated.
       113        56.5000       1       1       7.071367       3.450195      10.521562       5.990730       5.986073       1.000000     541.499386       0.000000            1
       114        57.0000       1       1       6.996490       3.529293      10.525783       5.990731       5.975987       1.000000     541.499386       0.000000            0
       115        57.5000       1       1       7.447465       3.031660      10.479125       5.990731       4.339168       1.000000     541.499386       0.000000            0
       116        58.0000       1       1       7.871806       2.592573      10.464379       5.990732       2.625206       1.000000     541.499386       0.000000            0
# Jump frustrated.
       117        58.5000       1       1       7.902064       2.572020      10.474084       5.990731       2.286996       1.000000     541.499386       0.000000            0
       118        59.0000       1       1       7.585607       2.905643      10.491250       5.990731       2.689953       1.000000     541.499386       0.000000            0
# Jump frustrated.
       119        59.5000       1       1       7.108143       3.395179      10.503322       5.990731       3.014611       1.000000     541.499386       0.000000            1
# Jump frustrated.
       120        60.0000       1       1       6.615810       3.891774      10.507584       5.990731       3.116856       1.000000     541.499386       0.000000            0
       121        60.5000       1       1       6.173589       4.335429      10.509018       5.990732       3.099847       1.000000     541.499386       0.000000            0
# Jump frustrated.
       122        61.0000       1       1       5.800122       4.709951      10.510072       5.990732       3.011401       1.000000     541.499386       0.000000            0
# Jump frustrated.
       123        61.5000       1       1       5.497403       5.013056      10.510459       5.990731       2.911960       1.000000     541.499386       0.000000            0
# Jump frustrated.
       124        62.0000       1       1       5.263849       5.247443      10.511292       5.990731       2.820962       1.000000     541.499386       0.000000            0
       125        62.5000       1       1       5.097849       5.412906      10.510755       5.990731       2.689751       1.000000     541.499386       0.000000            0
# Jump frustrated.
       126        63.0000       1       1       4.986435       5.522314      10.508749       5.990732       2.489950       1.000000     541.499386       0.000000            1
# Jump frustrated.
       127        63.5000       1       1       4.899089       5.606603      10.505692       5.990734       2.236951       1.000000     541.499386       0.000000            0
       128        64.0000       1       1       4.796072       5.707292      10.503364       5.990735       2.050421       1.000000     541.499386       0.000000            0
# Jump frustrated.
       129        64.5000       1       1       4.656641       5.848879      10.505521       5.990735       2.088578       1.000000     541.499386       0.000000            0
# Jump frustrated.
       130        65.0000       1       1       4.510672       5.999394      10.510066       5.990735       2.306507       1.000000     541.499386       0.000000            0
# Jump frustrated.
       131        65.5000       1       1       4.417981       6.094893      10.512874       5.990736       2.547757       1.000000     541.499386       0.000000            0
       132        66.0000       1       1       4.418804       6.093232      10.512036       5.990735       2.692203       1.000000     541.499386       0.000000            0
# Jump frustrated.
       133        66.5000       1       1       4.504116       6.003754      10.507869       5.990735       2.757396       1.000000     541.499386       0.000000            0
       134        67.0000       1       1       4.621327       5.882719      10.504046       5.990735       2.861933       1.000000     541.499386       0.000000            0
# Jump frustrated.
       135        67.5000       1       1       4.717391       5.785559      10.502950       5.990735       3.076454       1.000000     541.499386       0.000000            1
       136        68.0000       1       1       4.773845       5.730336      10.504181       5.990736       3.353581       1.000000     541.499386       0.000000            0
# Jump frustrated.
       137        68.5000       1       1       4.808876       5.698365      10.507241       5.990736       3.640878       1.000000     541.499386       0.000000            0
# Jump frustrated.
       138        69.0000       1       1       4.863335       5.646255      10.509591       5.990736       3.869570       1.000000     541.499386       0.000000            0
       139        69.5000       1       1       4.971243       5.537262      10.508505       5.990736       3.950004       1.000000     541.499386       0.000000            0
# Jump frustrated.
       140        70.0000       1       1       5.122882       5.379481      10.502363       5.990735       3.845237       1.000000     541.499386       0.000000            0
# Jump frustrated.
       141        70.5000       1       1       5.269038       5.230627      10.499666       5.990735       3.716060       1.000000     541.499386       0.000000            0
       142        71.0000       1       1       5.413493       5.093815      10.507308       5.990735       3.877907       1.000000     541.499386       0.000000            1
       143        71.5000       1       1       5.687208       4.831608      10.518815       5.990735       4.170355       1.000000     541.499386       0.000000            0
# Jump frustrated.
       144        72.0000       1       1       6.240949       4.275846      10.516795       5.990735       4.006123       1.000000     541.499386       0.000000            0
# Jump frustrated.
       145        72.5000       1       1       7.027947       3.468879      10.496827       5.990736       3.211230       1.000000     541.499386       0.000000            0
# Jump frustrated.
       146        73.0000       1       1       7.770008       2.708832      10.478840       5.990736       2.162676       1.000000     541.499386       0.000000            0
# Jump frustrated.
       147        73.5000       1       1       8.227691       2.253967      10.481658       5.990736       1.579117       1.000000     541.499386       0.000000            0
# Jump frustrated.
       148        74.0000       1       1       8.362586       2.124005      10.486591       5.990736       1.664512       1.000000     541.499386       0.000000            0
# Jump frustrated.
       149        74.5000       1       1       8.248874       2.247531      10.496405       5.990736       2.099000       1.000000     541.499386       0.000000            1
# Jump frustrated.
       150        75.0000       1       1       8.008204       2.495205      10.503409       5.990736       2.509545       1.000000     541.499386       0.000000            0
# Jump frustrated.
       151        75.5000       1       1       7.745464       2.760734      10.506198       5.990736       2.762262       1.000000     541.499386       0.000000            0
       152        76.0000       1       1       7.504825       2.999274      10.504099       5.990736       2.860821       1.000000     541.499386       0.000000            0
# Jump frustrated.
       153        76.5000       1       1       7.270328       3.229717      10.500045       5.990736       2.913911       1.000000     541.499386       0.000000            0
# Jump frustrated.
       154        77.0000       1       1       7.029501       3.475730      10.505232       5.990736       3.023793       1.000000     541.499386       0.000000            0
       155        77.5000       1       1       6.833524       3.675655      10.509180       5.990736       3.097126       1.000000     541.499386       0.000000            0
# Jump frustrated.
       156        78.0000       1       1       6.740965       3.769286      10.510251       5.990737       3.155687       1.000000     541.499386       0.000000            0
# Jump frustrated.
       157        78.5000       1       1       6.771319       3.737522      10.508841       5.990737       3.198864       1.000000     541.499386       0.000000            1
# Jump frustrated.
       158        79.0000       1       1       6.903030       3.601332      10.504362       5.990737       3.191137       1.000000     541.499386       0.000000            0
# Jump frustrated.
       159        79.5000       1       1       7.076989       3.423206      10.500195       5.990737       3.181303       1.000000     541.499386       0.000000            0
# Jump frustrated.
       160        80.0000       1       1       7.230226       3.267501      10.497728       5.990736       3.221548       1.000000     541.499386       0.000000            0
# Jump frustrated.
       161        80.5000       1       1       7.309511       3.183628      10.493140       5.990736       3.312992       1.000000     541.499386       0.000000            0
       162        81.0000       1       1       7.253979       3.233661      10.487640       5.990736       3.502960       1.000000     541.499386       0.000000            0
# Jump frustrated.
       163        81.5000       1       1       7.037150       3.459537      10.496688       5.990735       3.867574       1.000000     541.499386       0.000000            0
       164        82.0000       1       1       6.758864       3.747902      10.506767       5.990736       4.143977       1.000000     541.499386       0.000000            1
# Jump frustrated.
       165        82.5000       1       1       6.574220       3.936617      10.510836       5.990736       4.026502       1.000000     541.499386       0.000000            0
# Jump frustrated.
       166        83.0000       1       1       6.545708       3.961322      10.507030       5.990737       3.573125       1.000000     541.499386       0.000000            0
       167        83.5000       1       1       6.616710       3.880978      10.497689       5.990737       2.971611       1.000000     541.499386       0.000000            0
# Jump frustrated.
       168        84.0000       1       1       6.651002       3.836343      10.487345       5.990737       2.377331       1.000000     541.499386       0.000000            0
       169        84.5000       1       1       6.494924       3.986442      10.481366       5.990737       2.172906       1.000000     541.499386       0.000000            0
# Jump frustrated.
       170        85.0000       1       1       6.069816       4.416395      10.486211       5.990738       2.631018       1.000000     541.499386       0.000000            0
# Jump frustrated.
       171        85.5000       1       1       5.443957       5.056653      10.500611       5.990738       3.447555       1.000000     541.499386       0.000000            0
# Jump frustrated.
       172        86.0000       1       1       4.823118       5.692759      10.515878       5.990738       4.111756       1.000000     541.499386       0.000000            1
       173        86.5000       1       1       4.410979       6.108387      10.519366       5.990737       4.399129       1.000000     541.499386       0.000000            0
# Jump frustrated.
       174        87.0000       1       1       4.265150       6.248522      10.513672       5.990738       4.442942       1.000000     541.499386       0.000000            0
# Jump frustrated.
       175        87.5000       1       1       4.311832       6.195582      10.507414       5.990739       4.466825       1.000000     541.499386       0.000000            0
# Jump frustrated.
       176        88.0000       1       1       4.455803       6.049842      10.505645       5.990740       4.581438       1.000000     541.499386       0.000000            0
       177        88.5000       1       1       4.653476       5.853862      10.507338       5.990739       4.707417       1.000000     541.499386       0.000000            0
       178        89.0000       1       1       4.912184       5.597260      10.509444       5.990739       4.717037       1.000000     541.499386       0.000000            0
       179        89.5000       1       1       5.252950       5.256993      10.509943       5.990740       4.549654       1.000000     541.499386       0.000000            1
       180        90.0000       1       1       5.676101       4.831608      10.507709       5.990740       4.183061       1.000000     541.499386       0.000000            0
       181        90.5000       1       1       6.149539       4.355566      10.505105       5.990741       3.690761       1.000000     541.499386       0.000000            0
# Jump frustrated.
       182        91.0000       1       1       6.618269       3.881393      10.499663       5.990741       3.184111       1.000000     541.499386       0.000000            0
# Jump frustrated.
       183        91.5000       1       1       7.015288       3.480505      10.495793       5.990740       2.759967       1.000000     541.499386       0.000000            0
       184        92.0000       1       1       7.296388       3.201482      10.497871       5.990740       2.624764       1.000000     541.499386       0.000000            0
# Jump frustrated.
       185        92.5000       1       1       7.485697       3.019204      10.504901       5.990739       2.765296       1.000000     541.499386       0.000000            0
# Jump frustrated.
       186        93.0000       1       1       7.659008       2.850005      10.509013       5.990739       2.876897       1.000000     541.499386       0.000000            1
       187        93.5000       1       1       7.864849       2.642191      10.507040       5.990739       2.874552       1.000000     541.499386       0.000000            0
       188        94.0000       1       1       8.080497       2.422128      10.502625       5.990739       2.928557       1.000000     541.499386       0.000000            0
       189        94.5000       1       1       8.250174       2.249607      10.499781       5.990739       3.121888       1.000000     541.499386       0.000000            0
       190        95.0000       1       1       8.332407       2.166149      10.498557       5.990739       3.331860       1.000000     541.499386       0.000000            0
# Jump frustrated.
       191        95.5000       1       1       8.308898       2.188986      10.497884       5.990738       3.481837       1.000000     541.499386       0.000000            0
# Jump frustrated.
       192        96.0000       1       1       8.175594       2.322685      10.498279       5.990738       3.525681       1.000000     541.499386       0.000000            0
# Jump frustrated.
       193        96.5000       1       1       7.939202       2.560601      10.499803       5.990738       3.508184       1.000000     541.499386       0.000000            1
# Jump frustrated.
       194        97.0000       1       1       7.626336       2.877201      10.503537       5.990738       3.554748       1.000000     541.499386       0.000000            0
# Jump frustrated.
       195        97.5000       1       1       7.291261       3.216845      10.508106       5.990738       3.568165       1.000000     541.499386       0.000000            0
# Jump frustrated.
       196        98.0000       1       1       6.989385       3.520781      10.510166       5.990739       3.501394       1.000000     541.499386       0.000000            0
# Jump frustrated.
       197        98.5000       1       1       6.754474       3.756830      10.511304       5.990739       3.425787       1.000000     541.499386       0.000000            0
       198        99.0000       1       1       6.595207       3.914818      10.510025       5.990739       3.355308       1.000000     541.499386       0.000000            0
# Jump frustrated.
       199        99.5000       1       1       6.496393       4.011770      10.508163       5.990739       3.263296       1.000000     541.499386       0.000000            1
# Jump frustrated.
       200       100.0000       1       1       6.430186       4.075713      10.505899       5.990739       3.161080       1.000000     541.499386       0.000000            0
       201       100.5000       1       1       6.365467       4.138410      10.503877       5.990738       3.077591       1.000000     541.499386       0.000000            0
# Jump frustrated.
       202       101.0000       1       1       6.276771       4.226643      10.503413       5.990738       3.040560       1.000000     541.499386       0.000000            0
# Jump frustrated.
       203       101.5000       1       1       6.153706       4.350584      10.504290       5.990737       3.105673       1.000000     541.499386       0.000000            0
# Jump frustrated.
       204       102.0000       1       1       6.015742       4.492587      10.508328       5.990737       3.232963       1.000000     541.499386       0.000000            0
# Jump frustrated.
       205       102.5000       1       1       5.911701       4.599089      10.510790       5.990737       3.269294       1.000000     541.499386       0.000000            0
# Jump frustrated.
       206       103.0000       1       1       5.872331       4.635420      10.507751       5.990737       3.063051       1.000000     541.499386       0.000000            1
# Jump frustrated.
       207       103.5000       1       1       5.855454       4.644762      10.500216       5.990737       2.693711       1.000000     541.499386       0.000000            0
# Jump frustrated.
       208       104.0000       1       1       5.774866       4.722199      10.497065       5.990737       2.497557       1.000000     541.499386       0.000000            0
# Jump frustrated.
       209       104.5000       1       1       5.600535       4.901779      10.502314       5.990737       2.685592       1.000000     541.499386       0.000000            0
# Jump frustrated.
       210       105.0000       1       1       5.407196       5.103365      10.510561       5.990737       2.971973       1.000000     541.499386       0.000000            0
# Jump frustrated.
       211       105.5000       1       1       5.298970       5.213396      10.512366       5.990738       3.031266       1.000000     541.499386       0.000000            0
       212       106.0000       1       1       5.296538       5.210074      10.506612       5.990737       2.809799       1.000000     541.499386       0.000000            0
# Jump frustrated.
       213       106.5000       1       1       5.312327       5.185577      10.497903       5.990738       2.555378       1.000000     541.499386       0.000000            1
# Jump frustrated.
       214       107.0000       1       1       5.228752       5.265505      10.494257       5.990737       2.620289       1.000000     541.499386       0.000000            0
       215       107.5000       1       1       5.001474       5.497817      10.499291       5.990737       3.084463       1.000000     541.499386       0.000000            0
# Jump frustrated.
       216       108.0000       1       1       4.710733       5.799884      10.510617       5.990737       3.698909       1.000000     541.499386       0.000000            0
# Jump frustrated.
       217       108.5000       1       1       4.523144       5.997110      10.520254       5.990738       4.120333       1.000000     541.499386       0.000000            0
# Jump frustrated.
       218       109.0000       1       1       4.571011       5.948323      10.519334       5.990740       4.109500       1.000000     541.499386       0.000000            0
       219       109.5000       1       1       4.846912       5.663902      10.510814       5.990740       3.762938       1.000000     541.499386       0.000000            1
       220       110.0000       1       1       5.233678       5.269865      10.503543       5.990739       3.361962       1.000000     541.499386       0.000000            0
# Jump frustrated.
       221       110.5000       1       1       5.618577       4.882887      10.501463       5.990739       3.096123       1.000000     541.499386       0.000000            0
       222       111.0000       1       1       5.960484       4.543035      10.503519       5.990739       2.924716       1.000000     541.499386       0.000000            0
# Jump frustrated.
       223       111.5000       1       1       6.271278       4.233286      10.504564       5.990738       2.757989       1.000000     541.499386       0.000000            0
       224       112.0000       1       1       6.557558       3.944506      10.502064       5.990738       2.519784       1.000000     541.499386       0.000000            0
# Jump frustrated.
       225       112.5000       1       1       6.788617       3.709495      10.498112       5.990738       2.272941       1.000000     541.499386       0.000000            1
       226       113.0000       1       1       6.913155       3.581402      10.494557       5.990739       2.192435       1.000000     541.499386       0.000000            0
# Jump frustrated.
       227       113.5000       1       1       6.888835       3.605069      10.493905       5.990739       2.524538       1.000000     541.499386       0.000000            0
# Jump frustrated.
       228       114.0000       1       1       6.728108       3.772192      10.500301       5.990737       3.237916       1.000000     541.499386       0.000000            0
# Jump frustrated.
       229       114.5000       1       1       6.535246       3.974609      10.509854       5.990737       3.933554       1.000000     541.499386       0.000000            0
# Jump frustrated.
       230       115.0000       1       1       6.455157       4.059312      10.514469       5.990737       4.265635       1.000000     541.499386       0.000000            0
       231       115.5000       1       1       6.553660       3.955924      10.509585       5.990736       4.196072       1.000000     541.499386       0.000000            1
# Jump frustrated.
       232       116.0000       1       1       6.768163       3.733785      10.501948       5.990735       3.982845       1.000000     541.499386       0.000000            0
# Jump frustrated.
       233       116.5000       1       1       6.989495       3.509155      10.498650       5.990735       3.830879       1.000000     541.499386       0.000000            0
       234       117.0000       1       1       7.155233       3.346807      10.502040       5.990736       3.843809       1.000000     541.499386       0.000000            0
       235       117.5000       1       1       7.258561       3.232831      10.491392       5.990737       4.063200       1.000000     541.499386       0.000000            0
# Jump frustrated.
       236       118.0000       1       1       7.240428       3.254007      10.494435       5.990739       4.148754       1.000000     541.499386       0.000000            0
# Jump frustrated.
       237       118.5000       1       1       7.077118       3.424659      10.501777       5.990740       4.248503       1.000000     541.499386       0.000000            0
# Jump frustrated.
       238       119.0000       1       1       6.864103       3.647836      10.511939       5.990740       4.230173       1.000000     541.499386       0.000000            1
# Jump frustrated.
       239       119.5000       1       1       6.711020       3.805825      10.516844       5.990741       3.963098       1.000000     541.499386       0.000000            0
       240       120.0000       1       1       6.672086       3.846515      10.518601       5.990742       3.721791       1.000000     541.499386       0.000000            0
# Jump frustrated.
       241       120.5000       1       1       6.751855       3.765964      10.517820       5.990741       3.460000       1.000000     541.499386       0.000000            0
       242       121.0000       1       1       6.930240       3.584101      10.514341       5.990740       3.102994       1.000000     541.499386       0.000000            0
# Jump frustrated.
       243       121.5000       1       1       7.156578       3.353658      10.510236       5.990739       2.724793       1.000000     541.499386       0.000000            0
# Jump frustrated.
       244       122.0000       1       1       7.368351       3.138578      10.506929       5.990738       2.396463       1.000000     541.499386       0.000000            0
       245       122.5000       1       1       7.513099       2.992008      10.505107       5.990738       2.194106       1.000000     541.499386       0.000000            1
# Jump frustrated.
       246       123.0000       1       1       7.559363       2.944673      10.504037       5.990737       2.122832       1.000000     541.499386       0.000000            0
# Jump frustrated.
       247       123.5000       1       1       7.488857       3.014637      10.503493       5.990737       2.195197       1.000000     541.499386       0.000000            0
# Jump frustrated.
       248       124.0000       1       1       7.293084       3.211032      10.504116       5.990737       2.411092       1.000000     541.499386       0.000000            0
# Jump frustrated.
       249       124.5000       1       1       6.978510       3.527840      10.506350       5.990737       2.744316       1.000000     541.499386       0.000000            0
       250       125.0000       1       1       6.567118       3.940561      10.507679       5.990737       3.192493       1.000000     541.499386       0.000000            0
# Jump frustrated.
       251       125.5000       1       1       6.099779       4.412035      10.511814       5.990737       3.654988       1.000000     541.499386       0.000000            0
       252       126.0000       1       1       5.638724       4.877489      10.516213       5.990737       4.097931       1.000000     541.499386       0.000000            1
       253       126.5000       1       1       5.252495       5.266958      10.519453       5.990737       4.396246       1.000000     541.499386       0.000000            0
# Jump frustrated.
       254       127.0000       1       1       4.990075       5.529996      10.520071       5.990737       4.513267       1.000000     541.499386       0.000000            0
# Jump frustrated.
       255       127.5000       1       1       4.865716       5.653314      10.519030       5.990737       4.467741       1.000000     541.499386       0.000000            0
       256       128.0000       1       1       4.867357       5.650200      10.517557       5.990736       4.278450       1.000000     541.499386       0.000000            0
       257       128.5000       1       1       4.973564       5.542452      10.516017       5.990735       3.979316       1.000000     541.499386       0.000000            0
# Jump frustrated.
       258       129.0000       1       1       5.162385       5.352700      10.515085       5.990736       3.612590       1.000000     541.499386       0.000000            1
# Jump frustrated.
       259       129.5000       1       1       5.415093       5.098797      10.513891       5.990735       3.216198       1.000000     541.499386       0.000000            0
# Jump frustrated.
       260       130.0000       1       1       5.716944       4.796522      10.513467       5.990734       2.816292       1.000000     541.499386       0.000000            0
# Jump frustrated.
       261       130.5000       1       1       6.053398       4.458332      10.511729       5.990733       2.451230       1.000000     541.499386       0.000000            0
       262       131.0000       1       1       6.399503       4.109345      10.508849       5.990733       2.158923       1.000000     541.499386       0.000000            0
# Jump frustrated.
       263       131.5000       1       1       6.710150       3.795029      10.505179       5.990734       2.018265       1.000000     541.499386       0.000000            0
# Jump frustrated.
       264       132.0000       1       1       6.941850       3.562718      10.504568       5.990733       2.131984       1.000000     541.499386       0.000000            0
# Jump frustrated.
       265       132.5000       1       1       7.080929       3.424867      10.505796       5.990733       2.466149       1.000000     541.499386       0.000000            1
       266       133.0000       1       1       7.145699       3.362585      10.508284       5.990733       2.900059       1.000000     541.499386       0.000000            0
       267       133.5000       1       1       7.177182       3.334143      10.511325       5.990733       3.297355       1.000000     541.499386       0.000000            0
       268       134.0000       1       1       7.214115       3.296774      10.510889       5.990733       3.558013       1.000000     541.499386       0.000000            0
       269       134.5000       1       1       7.260615       3.247571      10.508186       5.990733       3.669961       1.000000     541.499386       0.000000            0
# Jump frustrated.
       270       135.0000       1       1       7.292692       3.212901      10.505592       5.990733       3.724991       1.000000     541.499386       0.000000            0
# Jump frustrated.
       271       135.5000       1       1       7.284711       3.219129      10.503840       5.990734       3.700142       1.000000     541.499386       0.000000            1
# Jump frustrated.
       272       136.0000       1       1       7.204834       3.295528      10.500362       5.990733       3.645716       1.000000     541.499386       0.000000            0
       273       136.5000       1       1       7.021173       3.478637      10.499810       5.990733       3.580730       1.000000     541.499386       0.000000            0
# Jump frustrated.
       274       137.0000       1       1       6.722720       3.778421      10.501141       5.990732       3.587822       1.000000     541.499386       0.000000            0
# Jump frustrated.
       275       137.5000       1       1       6.326295       4.177232      10.503527       5.990731       3.749278       1.000000     541.499386       0.000000            0
# Jump frustrated.
       276       138.0000       1       1       5.886511       4.624624      10.511135       5.990731       4.121029       1.000000     541.499386       0.000000            0
# Jump frustrated.
       277       138.5000       1       1       5.526167       4.995617      10.521784       5.990730       4.603472       1.000000     541.499386       0.000000            1
# Jump frustrated.
       278       139.0000       1       1       5.407833       5.119973      10.527806       5.990729       4.862554       1.000000     541.499386       0.000000            0
# Jump frustrated.
       279       139.5000       1       1       5.602741       4.916726      10.519467       5.990728       4.607819       1.000000     541.499386       0.000000            0
# Jump frustrated.
       280       140.0000       1       1       6.003006       4.504213      10.507219       5.990729       4.085836       1.000000     541.499386       0.000000            0
       281       140.5000       1       1       6.422597       4.076336      10.498932       5.990729       3.588116       1.000000     541.499386       0.000000            0
# Jump frustrated.
       282       141.0000       1       1       6.729326       3.768663      10.497989       5.990730       3.295133       1.000000     541.499386       0.000000            0
# Jump frustrated.
       283       141.5000       1       1       6.896362       3.606522      10.502884       5.990730       3.199128       1.000000     541.499386       0.000000            1
# Jump frustrated.
       284       142.0000       1       1       6.975047       3.532615      10.507662       5.990729       3.149275       1.000000     541.499386       0.000000            0
# Jump frustrated.
       285       142.5000       1       1       7.020204       3.487149      10.507353       5.990729       3.008893       1.000000     541.499386       0.000000            0
       286       143.0000       1       1       7.035298       3.468672      10.503970       5.990728       2.757081       1.000000     541.499386       0.000000            0
       287       143.5000       1       1       6.971249       3.526594      10.497843       5.990728       2.536605       1.000000     541.499386       0.000000            0
# Jump frustrated.
       288       144.0000       1       1       6.749976       3.742297      10.492273       5.990728       2.735891       1.000000     541.499386       0.000000            0
# Jump frustrated.
       289       144.5000       1       1       6.342016       4.158963      10.500979       5.990728       3.597879       1.000000     541.499386       0.000000            0
# Jump frustrated.
       290       145.0000       1       1       5.905776       4.616528      10.522304       5.990727       4.538687       1.000000     541.499386       0.000000            1
       291       145.5000       1       1       5.718448       4.809602      10.528049       5.990727       4.780388       1.000000     541.499386       0.000000            0
# Jump frustrated.
       292       146.0000       1       1       5.855795       4.655558      10.511352       5.990728       4.265028       1.000000     541.499386       0.000000            0
       293       146.5000       1       1       6.113382       4.384839      10.498221       5.990728       3.793677       1.000000     541.499386       0.000000            0
# Jump frustrated.
       294       147.0000       1       1       6.282897       4.215017      10.497914       5.990728       3.954498       1.000000     541.499386       0.000000            0
# Jump frustrated.
       295       147.5000       1       1       6.325405       4.179724      10.505129       5.990729       4.472529       1.000000     541.499386       0.000000            1
# Jump frustrated.
       296       148.0000       1       1       6.314514       4.197163      10.511676       5.990729       4.906410       1.000000     541.499386       0.000000            0
# Jump frustrated.
       297       148.5000       1       1       6.324891       4.187405      10.512297       5.990730       5.003134       1.000000     541.499386       0.000000            0
       298       149.0000       1       1       6.365309       4.142562      10.507871       5.990731       4.707626       1.000000     541.499386       0.000000            0
       299       149.5000       1       1       6.373845       4.126992      10.500837       5.990730       4.090431       1.000000     541.499386       0.000000            0
# Jump frustrated.
       300       150.0000       1       1       6.265579       4.234532      10.500111       5.990730       3.409470       1.000000     541.499386       0.000000            0
# Jump frustrated.
       301       150.5000       1       1       6.031608       4.477431      10.509039       5.990731       3.054799       1.000000     541.499386       0.000000            1
# Jump frustrated.
       302       151.0000       1       1       5.789037       4.732580      10.521617       5.990731       3.076416       1.000000     541.499386       0.000000            0
# Jump frustrated.
       303       151.5000       1       1       5.688826       4.834722      10.523548       5.990731       3.051724       1.000000     541.499386       0.000000            0
       304       152.0000       1       1       5.762256       4.752717      10.514973       5.990731       2.784875       1.000000     541.499386       0.000000            0
# Jump frustrated.
       305       152.5000       1       1       5.911977       4.597428      10.509404       5.990732       2.555683       1.000000     541.499386       0.000000            0
# Jump frustrated.
       306       153.0000       1       1       6.051189       4.459785      10.510974       5.990732       2.582799       1.000000     541.499386       0.000000            0
# Jump frustrated.
       307       153.5000       1       1       6.152449       4.358680      10.511129       5.990733       2.804693       1.000000     541.499386       0.000000            1
# Jump frustrated.
       308       154.0000       1       1       6.232623       4.283942      10.516566       5.990733       3.204670       1.000000     541.499386       0.000000            0
# Jump frustrated.
       309       154.5000       1       1       6.352019       4.168305      10.520324       5.990733       3.520603       1.000000     541.499386       0.000000            0
# Jump frustrated.
       310       155.0000       1       1       6.556044       3.957377      10.513422       5.990734       3.614670       1.000000     541.499386       0.000000            0
# Jump frustrated.
       311       155.5000       1       1       6.816445       3.696208      10.512654       5.990734       3.424520       1.000000     541.499386       0.000000            0
# Jump frustrated.
       312       156.0000       1       1       7.050544       3.459122      10.509666       5.990733       3.028456       1.000000     541.499386       0.000000            0
       313       156.5000       1       1       7.199489       3.311099      10.510588       5.990734       2.684359       1.000000     541.499386       0.000000            0
# Jump frustrated.
       314       157.0000       1       1       7.263862       3.250270      10.514132       5.990735       2.528582       1.000000     541.499386       0.000000            1
# Jump frustrated.
       315       157.5000       1       1       7.284301       3.234284      10.518586       5.990736       2.557729       1.000000     541.499386       0.000000            0
# Jump frustrated.
       316       158.0000       1       1       7.315779       3.205635      10.521413       5.990737       2.612956       1.000000     541.499386       0.000000            0
# Jump frustrated.
       317       158.5000       1       1       7.388487       3.130481      10.518968       5.990736       2.486543       1.000000     541.499386       0.000000            0
# Jump frustrated.
       318       159.0000       1       1       7.470093       3.043079      10.513171       5.990736       2.204577       1.000000     541.499386       0.000000            0
# Jump frustrated.
       319       159.5000       1       1       7.486697       3.022110      10.508807       5.990736       1.959448       1.000000     541.499386       0.000000            1
# Jump frustrated.
       320       160.0000       1       1       7.381626       3.126744      10.508370       5.990735       1.928065       1.000000     541.499386       0.000000            0
# Jump frustrated.
       321       160.5000       1       1       7.147089       3.364038      10.511127       5.990736       2.131255       1.000000     541.499386       0.000000            0
# Jump frustrated.
       322       161.0000       1       1       6.820426       3.695378      10.515804       5.990736       2.482552       1.000000     541.499386       0.000000            0
# Jump frustrated.
       323       161.5000       1       1       6.468239       4.053084      10.521323       5.990736       2.860165       1.000000     541.499386       0.000000            0
       324       162.0000       1       1       6.164984       4.359719      10.524703       5.990736       3.119794       1.000000     541.499386       0.000000            0
# Jump frustrated.
       325       162.5000       1       1       5.962627       4.561927      10.524554       5.990737       3.193694       1.000000     541.499386       0.000000            1
# Jump frustrated.
       326       163.0000       1       1       5.865714       4.655558      10.521272       5.990739       3.077772       1.000000     541.499386       0.000000            0
# Jump frustrated.
       327       163.5000       1       1       5.832725       4.684415      10.517140       5.990738       2.939051       1.000000     541.499386       0.000000            0
# Jump frustrated.
       328       164.0000       1       1       5.811997       4.703100      10.515097       5.990739       2.919966       1.000000     541.499386       0.000000            0
       329       164.5000       1       1       5.777530       4.737562      10.515092       5.990739       3.005786       1.000000     541.499386       0.000000            0
# Jump frustrated.
       330       165.0000       1       1       5.731470       4.784481      10.515952       5.990738       3.134449       1.000000     541.499386       0.000000            0
# Jump frustrated.
       331       165.5000       1       1       5.688626       4.828494      10.517119       5.990738       3.239439       1.000000     541.499386       0.000000            1
       332       166.0000       1       1       5.662771       4.854237      10.517008       5.990739       3.303689       1.000000     541.499386       0.000000            0
# Jump frustrated.
       333       166.5000       1       1       5.656827       4.859012      10.515839       5.990741       3.311513       1.000000     541.499386       0.000000            0
       334       167.0000       1       1       5.651741       4.860258      10.511998       5.990742       3.219547       1.000000     541.499386       0.000000            0
# Jump frustrated.
       335       167.5000       1       1       5.596666       4.910083      10.506749       5.990742       3.105695       1.000000     541.499386       0.000000            0
       336       168.0000       1       1       5.438186       5.068487      10.506673       5.990742       3.204606       1.000000     541.499386       0.000000            0
       337       168.5000       1       1       5.202937       5.313462      10.516400       5.990740       3.672537       1.000000     541.499386       0.000000            1
# Jump frustrated.
       338       169.0000       1       1       5.059471       5.473734      10.533206       5.990740       4.202543       1.000000     541.499386       0.000000            0
       339       169.5000       1       1       5.221754       5.311801      10.533556       5.990740       4.117884       1.000000     541.499386       0.000000            0
# Jump frustrated.
       340       170.0000       1       1       5.685893       4.827871      10.513764       5.990740       3.331061       1.000000     541.499386       0.000000            0
# Jump frustrated.
       341       170.5000       1       1       6.198821       4.300135      10.498956       5.990739       2.606076       1.000000     541.499386       0.000000            0
# Jump frustrated.
       342       171.0000       1       1       6.533802       3.962567      10.496369       5.990739       2.605998       1.000000     541.499386       0.000000            0
       343       171.5000       1       1       6.628322       3.871636      10.499958       5.990740       3.130026       1.000000     541.499386       0.000000            0
       344       172.0000       1       1       6.530150       3.976685      10.506835       5.990739       3.813460       1.000000     541.499386       0.000000            0
       345       172.5000       1       1       6.341888       4.173703      10.515592       5.990738       4.414204       1.000000     541.499386       0.000000            1
# Jump frustrated.
       346       173.0000       1       1       6.175417       4.344356      10.519773       5.990737       4.825987       1.000000     541.499386       0.000000            0
       347       173.5000       1       1       6.105692       4.416395      10.522087       5.990737       5.004363       1.000000     541.499386       0.000000            0
# Jump frustrated.
       348       174.0000       1       1       6.159240       4.361379      10.520619       5.990738       4.998940       1.000000     541.499386       0.000000            0
# Jump frustrated.
       349       174.5000       1       1       6.317471       4.200692      10.518163       5.990737       4.869643       1.000000     541.499386       0.000000            0
# Jump frustrated.
       350       175.0000       1       1       6.539120       3.976477      10.515597       5.990737       4.631844       1.000000     541.499386       0.000000            0
# Jump frustrated.
       351       175.5000       1       1       6.781759       3.731294      10.513053       5.990739       4.275351       1.000000     541.499386       0.000000            1
# Jump frustrated.
       352       176.0000       1       1       7.007869       3.503757      10.511626       5.990741       3.828924       1.000000     541.499386       0.000000            0
# Jump frustrated.
       353       176.5000       1       1       7.193636       3.317119      10.510755       5.990742       3.348198       1.000000     541.499386       0.000000            0
# Jump frustrated.
       354       177.0000       1       1       7.330559       3.180722      10.511281       5.990742       2.892808       1.000000     541.499386       0.000000            0
       355       177.5000       1       1       7.422902       3.088960      10.511861       5.990742       2.516174       1.000000     541.499386       0.000000            0
       356       178.0000       1       1       7.483482       3.029792      10.513274       5.990741       2.284947       1.000000     541.499386       0.000000            0
       357       178.5000       1       1       7.529797       2.984741      10.514539       5.990741       2.217207       1.000000     541.499386       0.000000            0
# Jump frustrated.
       358       179.0000       1       1       7.578218       2.936369      10.514587       5.990741       2.282458       1.000000     541.499386       0.000000            1
# Jump frustrated.
       359       179.5000       1       1       7.632079       2.881146      10.513225       5.990740       2.430709       1.000000     541.499386       0.000000            0
       360       180.0000       1       1       7.673179       2.837756      10.510935       5.990740       2.638796       1.000000     541.499386       0.000000            0
# Jump frustrated.
       361       180.5000       1       1       7.668850       2.839417      10.508267       5.990739       2.907215       1.000000     541.499386       0.000000            0
       362       181.0000       1       1       7.579936       2.925366      10.505302       5.990739       3.228316       1.000000     541.499386       0.000000            0
# Jump frustrated.
       363       181.5000       1       1       7.380167       3.128197      10.508365       5.990738       3.508364       1.000000     541.499386       0.000000            0
# Jump frustrated.
       364       182.0000       1       1       7.080652       3.430057      10.510709       5.990739       3.615301       1.000000     541.499386       0.000000            0
# Jump frustrated.
       365       182.5000       1       1       6.694382       3.814129      10.508511       5.990740       3.617844       1.000000     541.499386       0.000000            0
# Jump frustrated.
       366       183.0000       1       1       6.215781       4.297229      10.513010       5.990744       3.617092       1.000000     541.499386       0.000000            1
       367       183.5000       1       1       5.700366       4.821643      10.522009       5.990744       3.509036       1.000000     541.499386       0.000000            0
# Jump frustrated.
       368       184.0000       1       1       5.257093       5.270073      10.527165       5.990742       3.321164       1.000000     541.499386       0.000000            0
# Jump frustrated.
       369       184.5000       1       1       4.950370       5.575669      10.526039       5.990742       3.067851       1.000000     541.499386       0.000000            0
       370       185.0000       1       1       4.772834       5.750059      10.522892       5.990741       2.758484       1.000000     541.499386       0.000000            0
# Jump frustrated.
       371       185.5000       1       1       4.683612       5.837046      10.520658       5.990741       2.463563       1.000000     541.499386       0.000000            0
# Jump frustrated.
       372       186.0000       1       1       4.645317       5.873584      10.518901       5.990740       2.207871       1.000000     541.499386       0.000000            0
       373       186.5000       1       1       4.633896       5.884588      10.518484       5.990740       2.014574       1.000000     541.499386       0.000000            1
       374       187.0000       1       1       4.640768       5.877944      10.518712       5.990740       1.906571       1.000000     541.499386       0.000000            0
# Jump frustrated.
       375       187.5000       1       1       4.671689       5.848049      10.519738       5.990740       1.882215       1.000000     541.499386       0.000000            0
       376       188.0000       1       1       4.740859       5.779954      10.520812       5.990741       1.890687       1.000000     541.499386       0.000000            0
# Jump frustrated.
       377       188.5000       1       1       4.861108       5.659957      10.521065       5.990741       1.880099       1.000000     541.499386       0.000000            0
# Jump frustrated.
       378       189.0000       1       1       5.037294       5.483284      10.520578       5.990741       1.853962       1.000000     541.499386       0.000000            0
       379       189.5000       1       1       5.260128       5.257616      10.517744       5.990740       1.816657       1.000000     541.499386       0.000000            0
# Jump frustrated.
       380       190.0000       1       1       5.499786       5.014717      10.514503       5.990739       1.766900       1.000000     541.499386       0.000000            1
       381       190.5000       1       1       5.719295       4.794031      10.513326       5.990740       1.768490       1.000000     541.499386       0.000000            0
       382       191.0000       1       1       5.884541       4.625040      10.509580       5.990740       1.848883       1.000000     541.499386       0.000000            0
# Jump frustrated.
       383       191.5000       1       1       5.966210       4.544073      10.510283       5.990741       1.950849       1.000000     541.499386       0.000000            0
# Jump frustrated.
       384       192.0000       1       1       5.963893       4.548848      10.512741       5.990741       2.063911       1.000000     541.499386       0.000000            0
       385       192.5000       1       1       5.902899       4.610922      10.513821       5.990742       2.214882       1.000000     541.499386       0.000000            0
# Jump frustrated.
       386       193.0000       1       1       5.805254       4.709120      10.514374       5.990742       2.429228       1.000000     541.499386       0.000000            1
       387       193.5000       1       1       5.699727       4.817698      10.517425       5.990742       2.616031       1.000000     541.499386       0.000000            0
# Jump frustrated.
       388       194.0000       1       1       5.632464       4.886831      10.519296       5.990742       2.631916       1.000000     541.499386       0.000000            0
# Jump frustrated.
       389       194.5000       1       1       5.626189       4.890360      10.516550       5.990741       2.425924       1.000000     541.499386       0.000000            0
       390       195.0000       1       1       5.647555       4.865240      10.512795       5.990741       2.180369       1.000000     541.499386       0.000000            0
# Jump frustrated.
       391       195.5000       1       1       5.642651       4.868769      10.511421       5.990741       2.105273       1.000000     541.499386       0.000000            0
# Jump frustrated.
       392       196.0000       1       1       5.586870       4.926484      10.513354       5.990741       2.225837       1.000000     541.499386       0.000000            0
       393       196.5000       1       1       5.497152       5.019076      10.516228       5.990740       2.412840       1.000000     541.499386       0.000000            1
# Jump frustrated.
       394       197.0000       1       1       5.405845       5.112084      10.517929       5.990740       2.521884       1.000000     541.499386       0.000000            0
# Jump frustrated.
       395       197.5000       1       1       5.331786       5.186200      10.517986       5.990739       2.513887       1.000000     541.499386       0.000000            0
       396       198.0000       1       1       5.272997       5.243707      10.516704       5.990740       2.380176       1.000000     541.499386       0.000000            0
       397       198.5000       1       1       5.209447       5.305573      10.515020       5.990740       2.144145       1.000000     541.499386       0.000000            0
       398       199.0000       1       1       5.115680       5.398581      10.514260       5.990740       1.900242       1.000000     541.499386       0.000000            0
# Jump frustrated.
       399       199.5000       1       1       4.978290       5.536432      10.514722       5.990740       1.782131       1.000000     541.499386       0.000000            0
# Jump frustrated.
       400       200.0000       1       1       4.805725       5.711236      10.516961       5.990741       1.854942       1.000000     541.499386       0.000000            1
