#===============================================================================================================================================================================
#     Step |         Time |         State |                                     Energy |      Angular |     Gradient |      Density |           Expectation Value |    Runtime |
#          |              |  diag |   MCH |          kin |          pot |          tot |     Momentum |          RMS |        Total |           DM |            S |            |
#          |         [fs] |       |       |         [eV] |         [eV] |         [eV] |       [hbar] |     [eV/Ang] |              |      [Debye] |              |      [sec] |
#===============================================================================================================================================================================
         0         0.0000       2       2       0.100392      10.238924      10.339316       0.000144       3.101315       1.000000     541.499386       0.000000            5
         1         0.5000       2       2       0.146396      10.192420      10.338816       0.000144       3.074678       1.000000     541.499386       0.000000            2
         2         1.0000       2       2       0.232883      10.105226      10.338109       0.000144       2.931372       1.000000     541.499386       0.000000            0
         3         1.5000       2       2       0.349119       9.987928      10.337047       0.000144       2.667759       1.000000     541.499386       0.000000            1
         4         2.0000       2       2       0.479168       9.856513      10.335681       0.000144       2.299327       1.000000     541.499386       0.000000            0
         5         2.5000       2       2       0.603512       9.731119      10.334630       0.000144       1.862234       1.000000     541.499386       0.000000            0
         6         3.0000       2       2       0.703982       9.629807      10.333789       0.000143       1.444827       1.000000     541.499386       0.000000            0
         7         3.5000       2       2       0.773213       9.561297      10.334510       0.000143       1.241962       1.000000     541.499386       0.000000            0
         8         4.0000       2       2       0.823618       9.512717      10.336335       0.000143       1.362189       1.000000     541.499386       0.000000            0
         9         4.5000       2       2       0.884111       9.454172      10.338283       0.000143       1.601429       1.000000     541.499386       0.000000            1
# Jump frustrated.
        10         5.0000       2       2       0.981219       9.357220      10.338439       0.000142       1.734468       1.000000     541.499386       0.000000            0
        11         5.5000       2       2       1.117253       9.219577      10.336830       0.000142       1.712880       1.000000     541.499386       0.000000            0
# Surface Hop/Pointer State Switch: new state=      1 old state=      2 randnum=  0.606585829 gap= -8.148966 eV
        12         6.0000       1       1       9.419018       0.917812      10.336830       4.054576       2.154521       1.000000     541.499386       0.000000            0
        13         6.5000       1       1       9.093399       1.249359      10.342758       4.054576       2.320169       1.000000     541.499386       0.000000            0
        14         7.0000       1       1       8.182245       2.182758      10.365003       4.054576       3.692282       1.000000     541.499386       0.000000            0
        15         7.5000       1       1       6.990478       3.401407      10.391885       4.054577       5.225467       1.000000     541.499386       0.000000            1
# Jump frustrated.
        16         8.0000       1       1       5.979155       4.434249      10.413405       4.054576       5.983008       1.000000     541.499386       0.000000            0
# Jump frustrated.
        17         8.5000       1       1       5.438990       4.961154      10.400145       4.054575       5.521291       1.000000     541.499386       0.000000            0
        18         9.0000       1       1       5.223772       5.155266      10.379038       4.054575       4.381765       1.000000     541.499386       0.000000            0
# Jump frustrated.
        19         9.5000       1       1       5.024642       5.349171      10.373813       4.054575       3.479647       1.000000     541.499386       0.000000            0
        20        10.0000       1       1       4.710638       5.669715      10.380353       4.054575       3.122292       1.000000     541.499386       0.000000            0
# Jump frustrated.
        21        10.5000       1       1       4.329737       6.059392      10.389129       4.054576       3.125232       1.000000     541.499386       0.000000            1
# Jump frustrated.
        22        11.0000       1       1       3.987534       6.407548      10.395082       4.054576       3.200924       1.000000     541.499386       0.000000            0
# Jump frustrated.
        23        11.5000       1       1       3.764423       6.633424      10.397847       4.054576       3.258880       1.000000     541.499386       0.000000            0
# Jump frustrated.
        24        12.0000       1       1       3.700347       6.697989      10.398336       4.054576       3.280822       1.000000     541.499386       0.000000            0
# Jump frustrated.
        25        12.5000       1       1       3.799864       6.596262      10.396127       4.054576       3.270911       1.000000     541.499386       0.000000            0
# Jump frustrated.
        26        13.0000       1       1       4.032746       6.359383      10.392129       4.054576       3.264634       1.000000     541.499386       0.000000            0
        27        13.5000       1       1       4.350372       6.038839      10.389211       4.054577       3.343356       1.000000     541.499386       0.000000            0
# Jump frustrated.
        28        14.0000       1       1       4.715773       5.672206      10.387979       4.054577       3.499528       1.000000     541.499386       0.000000            1
# Jump frustrated.
        29        14.5000       1       1       5.115924       5.271111      10.387035       4.054578       3.688471       1.000000     541.499386       0.000000            0
# Jump frustrated.
        30        15.0000       1       1       5.541998       4.839705      10.381703       4.054579       3.794813       1.000000     541.499386       0.000000            0
# Jump frustrated.
        31        15.5000       1       1       5.951554       4.425322      10.376876       4.054579       3.811862       1.000000     541.499386       0.000000            0
# Jump frustrated.
        32        16.0000       1       1       6.317828       4.062011      10.379839       4.054579       3.875942       1.000000     541.499386       0.000000            0
# Jump frustrated.
        33        16.5000       1       1       6.687035       3.696416      10.383451       4.054579       3.913179       1.000000     541.499386       0.000000            0
# Jump frustrated.
        34        17.0000       1       1       7.087459       3.284733      10.372192       4.054579       3.515360       1.000000     541.499386       0.000000            0
# Jump frustrated.
        35        17.5000       1       1       7.358779       2.989724      10.348503       4.054579       2.748483       1.000000     541.499386       0.000000            1
# Jump frustrated.
        36        18.0000       1       1       7.250499       3.101416      10.351915       4.054579       2.630935       1.000000     541.499386       0.000000            0
# Jump frustrated.
        37        18.5000       1       1       6.775839       3.599671      10.375510       4.054579       3.360758       1.000000     541.499386       0.000000            0
# Jump frustrated.
        38        19.0000       1       1       6.237872       4.156057      10.393929       4.054580       3.883456       1.000000     541.499386       0.000000            0
# Jump frustrated.
        39        19.5000       1       1       5.881278       4.508157      10.389435       4.054579       3.837816       1.000000     541.499386       0.000000            0
        40        20.0000       1       1       5.680007       4.700608      10.380615       4.054579       3.844450       1.000000     541.499386       0.000000            0
        41        20.5000       1       1       5.511222       4.870223      10.381444       4.054580       4.340329       1.000000     541.499386       0.000000            1
# Jump frustrated.
        42        21.0000       1       1       5.348664       5.037346      10.386010       4.054580       5.010428       1.000000     541.499386       0.000000            0
        43        21.5000       1       1       5.240707       5.150284      10.390990       4.054580       5.504948       1.000000     541.499386       0.000000            0
# Jump frustrated.
        44        22.0000       1       1       5.239180       5.154436      10.393616       4.054580       5.760445       1.000000     541.499386       0.000000            0
        45        22.5000       1       1       5.379845       5.015962      10.395807       4.054580       5.765326       1.000000     541.499386       0.000000            0
        46        23.0000       1       1       5.687866       4.709328      10.397194       4.054579       5.585556       1.000000     541.499386       0.000000            0
        47        23.5000       1       1       6.177225       4.220207      10.397432       4.054579       5.295390       1.000000     541.499386       0.000000            1
# Jump frustrated.
        48        24.0000       1       1       6.830101       3.552130      10.382231       4.054578       4.821224       1.000000     541.499386       0.000000            0
# Jump frustrated.
        49        24.5000       1       1       7.524413       2.855195      10.379607       4.054578       3.845885       1.000000     541.499386       0.000000            0
# Jump frustrated.
        50        25.0000       1       1       8.099595       2.275765      10.375361       4.054577       2.904369       1.000000     541.499386       0.000000            0
# Jump frustrated.
        51        25.5000       1       1       8.473352       1.899583      10.372935       4.054577       2.184482       1.000000     541.499386       0.000000            0
# Jump frustrated.
        52        26.0000       1       1       8.590849       1.779379      10.370228       4.054577       1.861611       1.000000     541.499386       0.000000            0
# Jump frustrated.
        53        26.5000       1       1       8.425314       1.948578      10.373892       4.054577       2.282791       1.000000     541.499386       0.000000            1
        54        27.0000       1       1       8.043887       2.343653      10.387540       4.054577       3.196546       1.000000     541.499386       0.000000            0
# Jump frustrated.
        55        27.5000       1       1       7.614130       2.783778      10.397908       4.054577       3.946627       1.000000     541.499386       0.000000            0
        56        28.0000       1       1       7.269876       3.124253      10.394129       4.054577       4.077482       1.000000     541.499386       0.000000            0
# Jump frustrated.
        57        28.5000       1       1       6.979623       3.407220      10.386843       4.054578       3.850473       1.000000     541.499386       0.000000            0
        58        29.0000       1       1       6.647190       3.739183      10.386373       4.054578       3.565627       1.000000     541.499386       0.000000            0
        59        29.5000       1       1       6.242022       4.146714      10.388736       4.054578       3.288913       1.000000     541.499386       0.000000            0
# Jump frustrated.
        60        30.0000       1       1       5.780282       4.609261      10.389544       4.054578       3.000451       1.000000     541.499386       0.000000            0
        61        30.5000       1       1       5.273194       5.117689      10.390883       4.054579       2.810964       1.000000     541.499386       0.000000            1
# Jump frustrated.
        62        31.0000       1       1       4.732352       5.659957      10.392310       4.054580       2.812393       1.000000     541.499386       0.000000            0
# Jump frustrated.
        63        31.5000       1       1       4.194094       6.202225      10.396319       4.054580       2.960645       1.000000     541.499386       0.000000            0
# Jump frustrated.
        64        32.0000       1       1       3.715193       6.684910      10.400103       4.054581       3.163219       1.000000     541.499386       0.000000            0
        65        32.5000       1       1       3.353915       7.049467      10.403383       4.054582       3.337358       1.000000     541.499386       0.000000            0
# Jump frustrated.
        66        33.0000       1       1       3.153518       7.250845      10.404363       4.054581       3.428760       1.000000     541.499386       0.000000            0
# Jump frustrated.
        67        33.5000       1       1       3.129743       7.273682      10.403425       4.054581       3.443609       1.000000     541.499386       0.000000            1
# Jump frustrated.
        68        34.0000       1       1       3.269955       7.131264      10.401219       4.054581       3.411434       1.000000     541.499386       0.000000            0
# Jump frustrated.
        69        34.5000       1       1       3.542776       6.855978      10.398754       4.054580       3.381265       1.000000     541.499386       0.000000            0
# Jump frustrated.
        70        35.0000       1       1       3.911952       6.484778      10.396730       4.054580       3.393149       1.000000     541.499386       0.000000            0
        71        35.5000       1       1       4.350117       6.045690      10.395807       4.054580       3.469929       1.000000     541.499386       0.000000            0
# Jump frustrated.
        72        36.0000       1       1       4.845710       5.549718      10.395428       4.054580       3.568653       1.000000     541.499386       0.000000            0
# Jump frustrated.
        73        36.5000       1       1       5.380236       5.010149      10.390385       4.054580       3.515195       1.000000     541.499386       0.000000            0
# Jump frustrated.
        74        37.0000       1       1       5.893478       4.487812      10.381290       4.054580       3.255561       1.000000     541.499386       0.000000            1
        75        37.5000       1       1       6.283767       4.091699      10.375465       4.054580       2.982989       1.000000     541.499386       0.000000            0
# Jump frustrated.
        76        38.0000       1       1       6.475362       3.902984      10.378346       4.054580       3.163555       1.000000     541.499386       0.000000            0
# Jump frustrated.
        77        38.5000       1       1       6.531565       3.861256      10.392821       4.054580       3.725421       1.000000     541.499386       0.000000            0
# Jump frustrated.
        78        39.0000       1       1       6.640742       3.761397      10.402139       4.054580       4.019509       1.000000     541.499386       0.000000            0
# Jump frustrated.
        79        39.5000       1       1       6.915996       3.478014      10.394010       4.054579       3.689653       1.000000     541.499386       0.000000            0
# Jump frustrated.
        80        40.0000       1       1       7.256973       3.122384      10.379357       4.054579       2.947207       1.000000     541.499386       0.000000            1
# Jump frustrated.
        81        40.5000       1       1       7.469014       2.904813      10.373827       4.054579       2.366193       1.000000     541.499386       0.000000            0
        82        41.0000       1       1       7.454053       2.923497      10.377550       4.054578       2.310032       1.000000     541.499386       0.000000            0
# Jump frustrated.
        83        41.5000       1       1       7.246504       3.138578      10.385082       4.054578       2.588647       1.000000     541.499386       0.000000            0
# Jump frustrated.
        84        42.0000       1       1       6.943826       3.447496      10.391322       4.054577       2.923434       1.000000     541.499386       0.000000            0
# Jump frustrated.
        85        42.5000       1       1       6.643376       3.753300      10.396676       4.054577       3.254239       1.000000     541.499386       0.000000            0
        86        43.0000       1       1       6.422727       3.976892      10.399619       4.054577       3.533795       1.000000     541.499386       0.000000            0
# Jump frustrated.
        87        43.5000       1       1       6.330159       4.069900      10.400059       4.054577       3.755243       1.000000     541.499386       0.000000            0
        88        44.0000       1       1       6.374026       4.024019      10.398045       4.054576       3.927060       1.000000     541.499386       0.000000            0
        89        44.5000       1       1       6.532000       3.863539      10.395539       4.054576       4.117739       1.000000     541.499386       0.000000            1
# Jump frustrated.
        90        45.0000       1       1       6.764998       3.627283      10.392281       4.054576       4.395051       1.000000     541.499386       0.000000            0
# Jump frustrated.
        91        45.5000       1       1       7.019276       3.368813      10.388089       4.054576       4.547956       1.000000     541.499386       0.000000            0
        92        46.0000       1       1       7.247665       3.140031      10.387696       4.054576       4.362417       1.000000     541.499386       0.000000            0
        93        46.5000       1       1       7.407832       2.975814      10.383646       4.054575       4.093610       1.000000     541.499386       0.000000            0
# Jump frustrated.
        94        47.0000       1       1       7.464077       2.916231      10.380308       4.054575       3.788899       1.000000     541.499386       0.000000            0
# Jump frustrated.
        95        47.5000       1       1       7.384353       2.990970      10.375323       4.054575       3.393087       1.000000     541.499386       0.000000            0
# Jump frustrated.
        96        48.0000       1       1       7.118443       3.250893      10.369336       4.054575       3.014380       1.000000     541.499386       0.000000            1
# Jump frustrated.
        97        48.5000       1       1       6.610336       3.756622      10.366958       4.054575       3.270798       1.000000     541.499386       0.000000            0
# Jump frustrated.
        98        49.0000       1       1       5.913488       4.472449      10.385936       4.054575       4.447655       1.000000     541.499386       0.000000            0
# Jump frustrated.
        99        49.5000       1       1       5.331123       5.081358      10.412482       4.054575       5.452642       1.000000     541.499386       0.000000            0
       100        50.0000       1       1       5.203133       5.208413      10.411546       4.054575       5.418036       1.000000     541.499386       0.000000            0
# Jump frustrated.
       101        50.5000       1       1       5.502305       4.883302      10.385607       4.054575       4.393438       1.000000     541.499386       0.000000            0
# Jump frustrated.
       102        51.0000       1       1       5.850371       4.515423      10.365794       4.054576       2.981004       1.000000     541.499386       0.000000            0
       103        51.5000       1       1       5.925281       4.442761      10.368042       4.054576       2.081196       1.000000     541.499386       0.000000            1
       104        52.0000       1       1       5.693156       4.686491      10.379647       4.054576       1.870918       1.000000     541.499386       0.000000            0
       105        52.5000       1       1       5.271605       5.116444      10.388049       4.054575       1.985177       1.000000     541.499386       0.000000            0
# Jump frustrated.
       106        53.0000       1       1       4.778704       5.615530      10.394234       4.054575       2.168976       1.000000     541.499386       0.000000            0
# Jump frustrated.
       107        53.5000       1       1       4.298812       6.099253      10.398065       4.054574       2.367749       1.000000     541.499386       0.000000            0
# Jump frustrated.
       108        54.0000       1       1       3.900691       6.500763      10.401455       4.054574       2.545794       1.000000     541.499386       0.000000            0
# Jump frustrated.
       109        54.5000       1       1       3.640708       6.764008      10.404717       4.054574       2.717963       1.000000     541.499386       0.000000            0
# Jump frustrated.
       110        55.0000       1       1       3.565254       6.841445      10.406700       4.054573       2.843940       1.000000     541.499386       0.000000            0
       111        55.5000       1       1       3.702393       6.703595      10.405988       4.054573       2.867948       1.000000     541.499386       0.000000            0
# Jump frustrated.
       112        56.0000       1       1       4.042928       6.359383      10.402312       4.054572       2.773463       1.000000     541.499386       0.000000            1
# Jump frustrated.
       113        56.5000       1       1       4.531833       5.864035      10.395867       4.054572       2.599020       1.000000     541.499386       0.000000            0
# Jump frustrated.
       114        57.0000       1       1       5.093693       5.299553      10.393245       4.054573       2.501710       1.000000     541.499386       0.000000            0
# Jump frustrated.
       115        57.5000       1       1       5.674102       4.717009      10.391111       4.054573       2.559462       1.000000     541.499386       0.000000            0
# Jump frustrated.
       116        58.0000       1       1       6.218847       4.164776      10.383623       4.054573       2.723682       1.000000     541.499386       0.000000            0
# Jump frustrated.
       117        58.5000       1       1       6.639147       3.734200      10.373347       4.054573       3.106903       1.000000     541.499386       0.000000            0
# Jump frustrated.
       118        59.0000       1       1       6.833844       3.532822      10.366666       4.054574       3.808067       1.000000     541.499386       0.000000            0
       119        59.5000       1       1       6.785372       3.591575      10.376947       4.054574       4.748610       1.000000     541.499386       0.000000            1
# Jump frustrated.
       120        60.0000       1       1       6.654269       3.735238      10.389508       4.054573       5.427069       1.000000     541.499386       0.000000            0
       121        60.5000       1       1       6.631177       3.756207      10.387384       4.054571       5.472357       1.000000     541.499386       0.000000            0
       122        61.0000       1       1       6.739649       3.642438      10.382087       4.054570       5.198190       1.000000     541.499386       0.000000            0
       123        61.5000       1       1       6.935658       3.448949      10.384607       4.054570       4.939571       1.000000     541.499386       0.000000            0
       124        62.0000       1       1       7.208863       3.171795      10.380658       4.054570       4.411671       1.000000     541.499386       0.000000            0
# Jump frustrated.
       125        62.5000       1       1       7.469036       2.901284      10.370320       4.054571       3.569175       1.000000     541.499386       0.000000            0
       126        63.0000       1       1       7.553563       2.812636      10.366198       4.054571       2.912528       1.000000     541.499386       0.000000            1
       127        63.5000       1       1       7.379296       2.993461      10.372756       4.054571       2.798075       1.000000     541.499386       0.000000            0
# Jump frustrated.
       128        64.0000       1       1       7.010423       3.375041      10.385464       4.054571       3.006603       1.000000     541.499386       0.000000            0
# Jump frustrated.
       129        64.5000       1       1       6.590653       3.802295      10.392949       4.054570       3.201735       1.000000     541.499386       0.000000            0
# Jump frustrated.
       130        65.0000       1       1       6.234663       4.163115      10.397778       4.054570       3.310501       1.000000     541.499386       0.000000            0
# Jump frustrated.
       131        65.5000       1       1       6.004780       4.394596      10.399377       4.054570       3.356171       1.000000     541.499386       0.000000            0
       132        66.0000       1       1       5.924077       4.474732      10.398809       4.054571       3.358624       1.000000     541.499386       0.000000            0
# Jump frustrated.
       133        66.5000       1       1       5.979963       4.415565      10.395528       4.054572       3.308008       1.000000     541.499386       0.000000            1
       134        67.0000       1       1       6.127942       4.263804      10.391746       4.054572       3.232493       1.000000     541.499386       0.000000            0
# Jump frustrated.
       135        67.5000       1       1       6.306436       4.080696      10.387131       4.054572       3.154768       1.000000     541.499386       0.000000            0
# Jump frustrated.
       136        68.0000       1       1       6.449633       3.933918      10.383551       4.054572       3.125349       1.000000     541.499386       0.000000            0
# Jump frustrated.
       137        68.5000       1       1       6.503953       3.877241      10.381194       4.054571       3.244467       1.000000     541.499386       0.000000            0
# Jump frustrated.
       138        69.0000       1       1       6.446237       3.935786      10.382023       4.054571       3.466342       1.000000     541.499386       0.000000            1
       139        69.5000       1       1       6.303481       4.082772      10.386252       4.054571       3.610385       1.000000     541.499386       0.000000            0
# Jump frustrated.
       140        70.0000       1       1       6.139370       4.248857      10.388227       4.054571       3.485463       1.000000     541.499386       0.000000            0
# Jump frustrated.
       141        70.5000       1       1       5.982879       4.401032      10.383912       4.054571       3.115114       1.000000     541.499386       0.000000            0
       142        71.0000       1       1       5.793885       4.584141      10.378027       4.054571       2.766402       1.000000     541.499386       0.000000            0
       143        71.5000       1       1       5.510559       4.866071      10.376630       4.054570       2.892624       1.000000     541.499386       0.000000            0
# Jump frustrated.
       144        72.0000       1       1       5.154942       5.236233      10.391175       4.054569       3.756601       1.000000     541.499386       0.000000            1
       145        72.5000       1       1       4.928829       5.479132      10.407961       4.054569       4.468602       1.000000     541.499386       0.000000            0
       146        73.0000       1       1       5.022625       5.375744      10.398369       4.054569       4.278125       1.000000     541.499386       0.000000            0
# Jump frustrated.
       147        73.5000       1       1       5.313119       5.061843      10.374962       4.054569       3.443193       1.000000     541.499386       0.000000            0
       148        74.0000       1       1       5.502768       4.867731      10.370499       4.054569       2.933024       1.000000     541.499386       0.000000            0
       149        74.5000       1       1       5.463383       4.914650      10.378033       4.054569       3.049226       1.000000     541.499386       0.000000            0
# Jump frustrated.
       150        75.0000       1       1       5.261135       5.127032      10.388166       4.054569       3.381135       1.000000     541.499386       0.000000            1
       151        75.5000       1       1       5.024973       5.371177      10.396150       4.054568       3.639706       1.000000     541.499386       0.000000            0
# Jump frustrated.
       152        76.0000       1       1       4.861223       5.538300      10.399523       4.054568       3.696579       1.000000     541.499386       0.000000            0
       153        76.5000       1       1       4.817831       5.581897      10.399729       4.054568       3.619471       1.000000     541.499386       0.000000            0
       154        77.0000       1       1       4.891252       5.505913      10.397166       4.054569       3.474024       1.000000     541.499386       0.000000            0
# Jump frustrated.
       155        77.5000       1       1       5.050482       5.344811      10.395293       4.054569       3.312824       1.000000     541.499386       0.000000            0
# Jump frustrated.
       156        78.0000       1       1       5.265901       5.128900      10.394802       4.054569       3.163108       1.000000     541.499386       0.000000            0
# Jump frustrated.
       157        78.5000       1       1       5.522054       4.872299      10.394353       4.054569       3.031509       1.000000     541.499386       0.000000            1
       158        79.0000       1       1       5.807114       4.586217      10.393331       4.054569       2.909889       1.000000     541.499386       0.000000            0
# Jump frustrated.
       159        79.5000       1       1       6.105494       4.287471      10.392965       4.054568       2.803412       1.000000     541.499386       0.000000            0
       160        80.0000       1       1       6.407833       3.985197      10.393029       4.054568       2.766884       1.000000     541.499386       0.000000            0
       161        80.5000       1       1       6.721621       3.673372      10.394993       4.054569       2.826513       1.000000     541.499386       0.000000            0
# Jump frustrated.
       162        81.0000       1       1       7.068344       3.328538      10.396882       4.054570       2.876732       1.000000     541.499386       0.000000            0
# Jump frustrated.
       163        81.5000       1       1       7.472033       2.925781      10.397814       4.054570       2.879010       1.000000     541.499386       0.000000            0
# Jump frustrated.
       164        82.0000       1       1       7.924556       2.461573      10.386129       4.054570       2.911781       1.000000     541.499386       0.000000            1
# Jump frustrated.
       165        82.5000       1       1       8.321402       2.054042      10.375444       4.054570       3.032097       1.000000     541.499386       0.000000            0
# Jump frustrated.
       166        83.0000       1       1       8.560636       1.824637      10.385273       4.054570       2.929480       1.000000     541.499386       0.000000            0
# Jump frustrated.
       167        83.5000       1       1       8.660163       1.725609      10.385772       4.054571       2.698992       1.000000     541.499386       0.000000            0
# Jump frustrated.
       168        84.0000       1       1       8.634813       1.746369      10.381182       4.054571       2.401574       1.000000     541.499386       0.000000            0
# Jump frustrated.
       169        84.5000       1       1       8.428697       1.947125      10.375821       4.054571       2.132247       1.000000     541.499386       0.000000            0
# Jump frustrated.
       170        85.0000       1       1       8.003054       2.376039      10.379093       4.054571       2.118006       1.000000     541.499386       0.000000            0
# Jump frustrated.
       171        85.5000       1       1       7.381130       3.001557      10.382687       4.054571       2.359541       1.000000     541.499386       0.000000            0
# Jump frustrated.
       172        86.0000       1       1       6.633480       3.755999      10.389479       4.054571       2.676227       1.000000     541.499386       0.000000            1
       173        86.5000       1       1       5.859060       4.537845      10.396905       4.054572       2.961914       1.000000     541.499386       0.000000            0
       174        87.0000       1       1       5.162219       5.238516      10.400735       4.054572       3.146453       1.000000     541.499386       0.000000            0
# Jump frustrated.
       175        87.5000       1       1       4.615602       5.787843      10.403445       4.054572       3.265863       1.000000     541.499386       0.000000            0
# Jump frustrated.
       176        88.0000       1       1       4.251874       6.152192      10.404067       4.054572       3.304901       1.000000     541.499386       0.000000            0
# Jump frustrated.
       177        88.5000       1       1       4.072824       6.329696      10.402519       4.054572       3.264060       1.000000     541.499386       0.000000            0
# Jump frustrated.
       178        89.0000       1       1       4.055444       6.344643      10.400087       4.054572       3.183000       1.000000     541.499386       0.000000            0
       179        89.5000       1       1       4.161486       6.235442      10.396929       4.054572       3.082377       1.000000     541.499386       0.000000            1
       180        90.0000       1       1       4.347576       6.046936      10.394512       4.054572       3.004609       1.000000     541.499386       0.000000            0
# Jump frustrated.
       181        90.5000       1       1       4.579507       5.814001      10.393508       4.054571       2.973337       1.000000     541.499386       0.000000            0
# Jump frustrated.
       182        91.0000       1       1       4.847545       5.547435      10.394979       4.054571       3.021186       1.000000     541.499386       0.000000            0
# Jump frustrated.
       183        91.5000       1       1       5.173755       5.223154      10.396909       4.054572       3.061157       1.000000     541.499386       0.000000            0
       184        92.0000       1       1       5.586410       4.809809      10.396219       4.054572       2.960346       1.000000     541.499386       0.000000            1
       185        92.5000       1       1       6.064600       4.322349      10.386950       4.054571       2.670818       1.000000     541.499386       0.000000            0
       186        93.0000       1       1       6.498742       3.876618      10.375361       4.054572       2.305571       1.000000     541.499386       0.000000            0
# Jump frustrated.
       187        93.5000       1       1       6.730489       3.634342      10.364831       4.054572       2.255366       1.000000     541.499386       0.000000            0
       188        94.0000       1       1       6.655100       3.712817      10.367917       4.054572       2.869363       1.000000     541.499386       0.000000            0
# Jump frustrated.
       189        94.5000       1       1       6.348869       4.039589      10.388459       4.054573       3.834702       1.000000     541.499386       0.000000            0
# Jump frustrated.
       190        95.0000       1       1       6.079141       4.323803      10.402944       4.054573       4.343068       1.000000     541.499386       0.000000            0
       191        95.5000       1       1       6.013353       4.378195      10.391549       4.054573       4.151962       1.000000     541.499386       0.000000            0
# Jump frustrated.
       192        96.0000       1       1       6.037848       4.343733      10.381581       4.054572       3.987073       1.000000     541.499386       0.000000            1
       193        96.5000       1       1       5.995602       4.385047      10.380649       4.054572       4.237931       1.000000     541.499386       0.000000            0
       194        97.0000       1       1       5.861588       4.525181      10.386768       4.054573       4.589653       1.000000     541.499386       0.000000            0
# Jump frustrated.
       195        97.5000       1       1       5.703131       4.690020      10.393151       4.054573       4.825518       1.000000     541.499386       0.000000            0
# Jump frustrated.
       196        98.0000       1       1       5.601802       4.794031      10.395833       4.054573       4.846088       1.000000     541.499386       0.000000            0
# Jump frustrated.
       197        98.5000       1       1       5.598245       4.797768      10.396013       4.054573       4.661202       1.000000     541.499386       0.000000            0
       198        99.0000       1       1       5.696739       4.698532      10.395271       4.054573       4.349067       1.000000     541.499386       0.000000            1
       199        99.5000       1       1       5.874906       4.516461      10.391367       4.054573       3.914368       1.000000     541.499386       0.000000            0
# Jump frustrated.
       200       100.0000       1       1       6.071365       4.313007      10.384372       4.054574       3.444038       1.000000     541.499386       0.000000            0
       201       100.5000       1       1       6.207691       4.174118      10.381810       4.054574       3.187634       1.000000     541.499386       0.000000            0
# Jump frustrated.
       202       101.0000       1       1       6.255765       4.129691      10.385456       4.054572       3.329020       1.000000     541.499386       0.000000            0
       203       101.5000       1       1       6.271995       4.120348      10.392344       4.054572       3.697718       1.000000     541.499386       0.000000            0
       204       102.0000       1       1       6.358339       4.039589      10.397928       4.054573       3.995923       1.000000     541.499386       0.000000            0
# Jump frustrated.
       205       102.5000       1       1       6.597506       3.799804      10.397310       4.054575       3.984664       1.000000     541.499386       0.000000            0
# Jump frustrated.
       206       103.0000       1       1       6.990490       3.401200      10.391690       4.054576       3.660008       1.000000     541.499386       0.000000            1
       207       103.5000       1       1       7.454460       2.930348      10.384808       4.054576       3.237352       1.000000     541.499386       0.000000            0
# Jump frustrated.
       208       104.0000       1       1       7.875064       2.501018      10.376082       4.054577       2.828837       1.000000     541.499386       0.000000            0
# Jump frustrated.
       209       104.5000       1       1       8.136256       2.235282      10.371538       4.054577       2.480687       1.000000     541.499386       0.000000            0
       210       105.0000       1       1       8.159565       2.212446      10.372011       4.054576       2.330745       1.000000     541.499386       0.000000            0
# Jump frustrated.
       211       105.5000       1       1       7.931414       2.443096      10.374510       4.054575       2.467981       1.000000     541.499386       0.000000            0
       212       106.0000       1       1       7.487160       2.893187      10.380347       4.054575       2.882297       1.000000     541.499386       0.000000            0
# Jump frustrated.
       213       106.5000       1       1       6.923570       3.468672      10.392242       4.054575       3.300000       1.000000     541.499386       0.000000            1
       214       107.0000       1       1       6.374231       4.024227      10.398457       4.054575       3.510043       1.000000     541.499386       0.000000            0
       215       107.5000       1       1       5.927336       4.471203      10.398539       4.054576       3.426349       1.000000     541.499386       0.000000            0
       216       108.0000       1       1       5.583335       4.811262      10.394597       4.054577       3.227259       1.000000     541.499386       0.000000            0
       217       108.5000       1       1       5.296395       5.096306      10.392701       4.054578       3.128568       1.000000     541.499386       0.000000            0
# Jump frustrated.
       218       109.0000       1       1       5.036180       5.356437      10.392617       4.054578       3.128194       1.000000     541.499386       0.000000            0
# Jump frustrated.
       219       109.5000       1       1       4.798287       5.594769      10.393056       4.054579       3.153486       1.000000     541.499386       0.000000            0
# Jump frustrated.
       220       110.0000       1       1       4.587997       5.805490      10.393487       4.054579       3.171314       1.000000     541.499386       0.000000            1
# Jump frustrated.
       221       110.5000       1       1       4.409141       5.984446      10.393588       4.054579       3.183120       1.000000     541.499386       0.000000            0
# Jump frustrated.
       222       111.0000       1       1       4.264019       6.130186      10.394205       4.054579       3.187096       1.000000     541.499386       0.000000            0
       223       111.5000       1       1       4.156141       6.238141      10.394282       4.054579       3.188081       1.000000     541.499386       0.000000            0
# Jump frustrated.
       224       112.0000       1       1       4.090689       6.304368      10.395057       4.054579       3.211866       1.000000     541.499386       0.000000            0
# Jump frustrated.
       225       112.5000       1       1       4.079963       6.316201      10.396164       4.054579       3.279270       1.000000     541.499386       0.000000            0
# Jump frustrated.
       226       113.0000       1       1       4.147370       6.250805      10.398175       4.054579       3.377038       1.000000     541.499386       0.000000            0
# Jump frustrated.
       227       113.5000       1       1       4.323599       6.076416      10.400015       4.054580       3.458248       1.000000     541.499386       0.000000            1
# Jump frustrated.
       228       114.0000       1       1       4.631721       5.768120      10.399841       4.054581       3.424451       1.000000     541.499386       0.000000            0
       229       114.5000       1       1       5.061335       5.335469      10.396804       4.054581       3.201499       1.000000     541.499386       0.000000            0
# Jump frustrated.
       230       115.0000       1       1       5.550158       4.838459      10.388617       4.054580       2.801639       1.000000     541.499386       0.000000            0
# Jump frustrated.
       231       115.5000       1       1       5.996519       4.385047      10.381565       4.054580       2.327506       1.000000     541.499386       0.000000            0
# Jump frustrated.
       232       116.0000       1       1       6.298261       4.078204      10.376465       4.054580       1.982879       1.000000     541.499386       0.000000            0
# Jump frustrated.
       233       116.5000       1       1       6.402519       3.976062      10.378581       4.054580       1.973431       1.000000     541.499386       0.000000            1
# Jump frustrated.
       234       117.0000       1       1       6.355272       4.033361      10.388633       4.054580       2.450101       1.000000     541.499386       0.000000            0
# Jump frustrated.
       235       117.5000       1       1       6.310819       4.089623      10.400441       4.054580       2.924813       1.000000     541.499386       0.000000            0
# Jump frustrated.
       236       118.0000       1       1       6.428275       3.975024      10.403299       4.054581       3.072063       1.000000     541.499386       0.000000            0
# Jump frustrated.
       237       118.5000       1       1       6.726660       3.662576      10.389236       4.054583       2.767740       1.000000     541.499386       0.000000            0
# Jump frustrated.
       238       119.0000       1       1       7.052201       3.324385      10.376586       4.054583       2.404793       1.000000     541.499386       0.000000            0
# Jump frustrated.
       239       119.5000       1       1       7.240602       3.134426      10.375028       4.054584       2.410820       1.000000     541.499386       0.000000            1
       240       120.0000       1       1       7.248839       3.130273      10.379113       4.054584       2.679990       1.000000     541.499386       0.000000            0
# Jump frustrated.
       241       120.5000       1       1       7.114014       3.266878      10.380892       4.054584       2.962734       1.000000     541.499386       0.000000            0
# Jump frustrated.
       242       121.0000       1       1       6.877716       3.505211      10.382927       4.054584       3.208435       1.000000     541.499386       0.000000            0
# Jump frustrated.
       243       121.5000       1       1       6.574256       3.811015      10.385271       4.054584       3.489317       1.000000     541.499386       0.000000            0
# Jump frustrated.
       244       122.0000       1       1       6.247789       4.142147      10.389936       4.054584       3.822472       1.000000     541.499386       0.000000            0
# Jump frustrated.
       245       122.5000       1       1       5.966706       4.428021      10.394727       4.054585       4.089225       1.000000     541.499386       0.000000            1
# Jump frustrated.
       246       123.0000       1       1       5.782289       4.609469      10.391758       4.054585       4.192149       1.000000     541.499386       0.000000            0
# Jump frustrated.
       247       123.5000       1       1       5.700281       4.691681      10.391962       4.054583       4.029467       1.000000     541.499386       0.000000            0
       248       124.0000       1       1       5.677858       4.705176      10.383033       4.054582       3.600267       1.000000     541.499386       0.000000            0
# Jump frustrated.
       249       124.5000       1       1       5.602167       4.771610      10.373776       4.054581       3.265838       1.000000     541.499386       0.000000            0
       250       125.0000       1       1       5.392827       4.987935      10.380763       4.054581       3.651928       1.000000     541.499386       0.000000            0
# Jump frustrated.
       251       125.5000       1       1       5.192639       5.212566      10.405204       4.054581       4.547964       1.000000     541.499386       0.000000            0
# Jump frustrated.
       252       126.0000       1       1       5.320610       5.091531      10.412141       4.054579       4.904465       1.000000     541.499386       0.000000            0
       253       126.5000       1       1       5.888344       4.502759      10.391103       4.054578       4.395159       1.000000     541.499386       0.000000            1
# Jump frustrated.
       254       127.0000       1       1       6.631939       3.736692      10.368630       4.054580       3.602463       1.000000     541.499386       0.000000            0
       255       127.5000       1       1       7.208270       3.148958      10.357228       4.054580       3.134353       1.000000     541.499386       0.000000            0
# Jump frustrated.
       256       128.0000       1       1       7.443516       2.916231      10.359748       4.054580       2.951948       1.000000     541.499386       0.000000            0
       257       128.5000       1       1       7.313929       3.047438      10.361368       4.054580       2.925712       1.000000     541.499386       0.000000            0
       258       129.0000       1       1       6.856490       3.510401      10.366891       4.054580       3.164221       1.000000     541.499386       0.000000            0
# Jump frustrated.
       259       129.5000       1       1       6.186051       4.196540      10.382591       4.054581       3.784479       1.000000     541.499386       0.000000            0
# Jump frustrated.
       260       130.0000       1       1       5.555745       4.847801      10.403546       4.054581       4.348951       1.000000     541.499386       0.000000            1
# Jump frustrated.
       261       130.5000       1       1       5.231342       5.174158      10.405500       4.054582       4.253576       1.000000     541.499386       0.000000            0
# Jump frustrated.
       262       131.0000       1       1       5.245741       5.146339      10.392080       4.054582       3.616081       1.000000     541.499386       0.000000            0
# Jump frustrated.
       263       131.5000       1       1       5.410053       4.969043      10.379097       4.054583       2.929764       1.000000     541.499386       0.000000            0
# Jump frustrated.
       264       132.0000       1       1       5.529654       4.846763      10.376417       4.054584       2.585165       1.000000     541.499386       0.000000            0
# Jump frustrated.
       265       132.5000       1       1       5.531681       4.848632      10.380313       4.054584       2.598201       1.000000     541.499386       0.000000            0
# Jump frustrated.
       266       133.0000       1       1       5.445787       4.940186      10.385973       4.054584       2.757916       1.000000     541.499386       0.000000            1
# Jump frustrated.
       267       133.5000       1       1       5.340975       5.050217      10.391193       4.054583       2.890086       1.000000     541.499386       0.000000            0
# Jump frustrated.
       268       134.0000       1       1       5.283670       5.109593      10.393263       4.054583       2.900750       1.000000     541.499386       0.000000            0
       269       134.5000       1       1       5.307253       5.085095      10.392348       4.054583       2.762169       1.000000     541.499386       0.000000            0
# Jump frustrated.
       270       135.0000       1       1       5.399751       4.988351      10.388101       4.054584       2.497317       1.000000     541.499386       0.000000            0
       271       135.5000       1       1       5.507688       4.874375      10.382063       4.054584       2.227732       1.000000     541.499386       0.000000            1
# Jump frustrated.
       272       136.0000       1       1       5.554773       4.821850      10.376623       4.054584       2.135212       1.000000     541.499386       0.000000            0
# Jump frustrated.
       273       136.5000       1       1       5.468352       4.904893      10.373245       4.054583       2.442233       1.000000     541.499386       0.000000            0
# Jump frustrated.
       274       137.0000       1       1       5.219567       5.157758      10.377325       4.054584       3.240344       1.000000     541.499386       0.000000            0
# Jump frustrated.
       275       137.5000       1       1       4.894149       5.499062      10.393211       4.054586       4.288149       1.000000     541.499386       0.000000            0
# Jump frustrated.
       276       138.0000       1       1       4.718703       5.690476      10.409178       4.054586       5.018253       1.000000     541.499386       0.000000            0
# Jump frustrated.
       277       138.5000       1       1       4.888647       5.514010      10.402657       4.054585       4.919950       1.000000     541.499386       0.000000            0
       278       139.0000       1       1       5.326334       5.054577      10.380912       4.054585       4.107855       1.000000     541.499386       0.000000            1
# Jump frustrated.
       279       139.5000       1       1       5.750757       4.618188      10.368946       4.054585       3.264027       1.000000     541.499386       0.000000            0
# Jump frustrated.
       280       140.0000       1       1       5.966893       4.404562      10.371455       4.054584       3.024162       1.000000     541.499386       0.000000            0
# Jump frustrated.
       281       140.5000       1       1       5.989324       4.394804      10.384128       4.054584       3.312271       1.000000     541.499386       0.000000            0
# Jump frustrated.
       282       141.0000       1       1       5.971119       4.424077      10.395195       4.054583       3.618260       1.000000     541.499386       0.000000            0
       283       141.5000       1       1       6.058080       4.337920      10.396000       4.054583       3.576363       1.000000     541.499386       0.000000            0
# Jump frustrated.
       284       142.0000       1       1       6.261267       4.125331      10.386598       4.054582       3.277159       1.000000     541.499386       0.000000            1
# Jump frustrated.
       285       142.5000       1       1       6.475461       3.903815      10.379276       4.054582       3.026934       1.000000     541.499386       0.000000            0
# Jump frustrated.
       286       143.0000       1       1       6.605964       3.772815      10.378779       4.054582       2.971690       1.000000     541.499386       0.000000            0
# Jump frustrated.
       287       143.5000       1       1       6.635392       3.747487      10.382879       4.054582       3.042612       1.000000     541.499386       0.000000            0
       288       144.0000       1       1       6.607224       3.781327      10.388551       4.054581       3.202566       1.000000     541.499386       0.000000            0
# Jump frustrated.
       289       144.5000       1       1       6.589503       3.802295      10.391798       4.054581       3.380632       1.000000     541.499386       0.000000            1
# Jump frustrated.
       290       145.0000       1       1       6.634520       3.758075      10.392595       4.054581       3.561962       1.000000     541.499386       0.000000            0
# Jump frustrated.
       291       145.5000       1       1       6.747093       3.640155      10.387248       4.054581       3.544483       1.000000     541.499386       0.000000            0
       292       146.0000       1       1       6.881694       3.502096      10.383791       4.054580       3.408502       1.000000     541.499386       0.000000            0
# Jump frustrated.
       293       146.5000       1       1       6.984707       3.395594      10.380302       4.054580       3.292508       1.000000     541.499386       0.000000            0
       294       147.0000       1       1       7.014553       3.363831      10.378384       4.054579       3.215417       1.000000     541.499386       0.000000            0
# Jump frustrated.
       295       147.5000       1       1       6.939176       3.437116      10.376292       4.054579       3.222088       1.000000     541.499386       0.000000            0
# Jump frustrated.
       296       148.0000       1       1       6.744208       3.633719      10.377927       4.054578       3.473813       1.000000     541.499386       0.000000            1
# Jump frustrated.
       297       148.5000       1       1       6.487522       3.902362      10.389884       4.054575       3.963114       1.000000     541.499386       0.000000            0
# Jump frustrated.
       298       149.0000       1       1       6.331282       4.067616      10.398898       4.054573       4.217614       1.000000     541.499386       0.000000            0
       299       149.5000       1       1       6.378448       4.010109      10.388557       4.054573       3.867739       1.000000     541.499386       0.000000            0
       300       150.0000       1       1       6.510814       3.860840      10.371654       4.054575       3.215598       1.000000     541.499386       0.000000            0
# Jump frustrated.
       301       150.5000       1       1       6.499533       3.860633      10.360166       4.054575       2.968898       1.000000     541.499386       0.000000            1
# Jump frustrated.
       302       151.0000       1       1       6.209118       4.155019      10.364136       4.054575       3.602979       1.000000     541.499386       0.000000            0
# Jump frustrated.
       303       151.5000       1       1       5.730113       4.656803      10.386917       4.054576       4.861385       1.000000     541.499386       0.000000            0
       304       152.0000       1       1       5.415437       4.997693      10.413130       4.054577       5.764855       1.000000     541.499386       0.000000            0
# Jump frustrated.
       305       152.5000       1       1       5.579827       4.822058      10.401885       4.054578       5.511675       1.000000     541.499386       0.000000            0
       306       153.0000       1       1       6.084479       4.286849      10.371328       4.054577       4.360654       1.000000     541.499386       0.000000            0
# Jump frustrated.
       307       153.5000       1       1       6.516001       3.841533      10.357534       4.054578       3.311716       1.000000     541.499386       0.000000            0
# Jump frustrated.
       308       154.0000       1       1       6.630590       3.731294      10.361884       4.054577       2.845927       1.000000     541.499386       0.000000            1
       309       154.5000       1       1       6.429981       3.940769      10.370750       4.054577       2.812557       1.000000     541.499386       0.000000            0
       310       155.0000       1       1       6.025339       4.355359      10.380698       4.054577       2.964774       1.000000     541.499386       0.000000            0
# Jump frustrated.
       311       155.5000       1       1       5.551643       4.838874      10.390517       4.054577       3.175805       1.000000     541.499386       0.000000            0
       312       156.0000       1       1       5.141801       5.254502      10.396303       4.054576       3.311017       1.000000     541.499386       0.000000            0
# Jump frustrated.
       313       156.5000       1       1       4.879654       5.516501      10.396155       4.054576       3.277168       1.000000     541.499386       0.000000            1
       314       157.0000       1       1       4.770660       5.621135      10.391795       4.054576       3.080724       1.000000     541.499386       0.000000            0
       315       157.5000       1       1       4.760076       5.626948      10.387024       4.054576       2.825059       1.000000     541.499386       0.000000            0
# Jump frustrated.
       316       158.0000       1       1       4.777691       5.606187      10.383879       4.054575       2.652798       1.000000     541.499386       0.000000            0
       317       158.5000       1       1       4.777428       5.606603      10.384030       4.054574       2.653672       1.000000     541.499386       0.000000            0
# Jump frustrated.
       318       159.0000       1       1       4.758339       5.628401      10.386740       4.054573       2.812900       1.000000     541.499386       0.000000            0
# Jump frustrated.
       319       159.5000       1       1       4.761377       5.629647      10.391024       4.054573       3.060190       1.000000     541.499386       0.000000            1
       320       160.0000       1       1       4.853455       5.542245      10.395700       4.054573       3.281272       1.000000     541.499386       0.000000            0
# Jump frustrated.
       321       160.5000       1       1       5.095380       5.300798      10.396178       4.054572       3.340902       1.000000     541.499386       0.000000            0
       322       161.0000       1       1       5.479418       4.908215      10.387633       4.054572       3.199905       1.000000     541.499386       0.000000            0
# Jump frustrated.
       323       161.5000       1       1       5.902441       4.476393      10.378834       4.054572       2.944940       1.000000     541.499386       0.000000            0
       324       162.0000       1       1       6.238148       4.134673      10.372821       4.054573       2.728636       1.000000     541.499386       0.000000            0
# Jump frustrated.
       325       162.5000       1       1       6.392760       3.973363      10.366123       4.054574       2.602412       1.000000     541.499386       0.000000            0
       326       163.0000       1       1       6.294752       4.068032      10.362784       4.054574       2.693669       1.000000     541.499386       0.000000            0
# Jump frustrated.
       327       163.5000       1       1       5.948828       4.423869      10.372697       4.054576       3.310924       1.000000     541.499386       0.000000            1
# Jump frustrated.
       328       164.0000       1       1       5.544890       4.851953      10.396844       4.054576       4.292743       1.000000     541.499386       0.000000            0
# Jump frustrated.
       329       164.5000       1       1       5.433494       4.977140      10.410634       4.054575       4.770362       1.000000     541.499386       0.000000            0
# Jump frustrated.
       330       165.0000       1       1       5.796531       4.596597      10.393128       4.054575       4.156678       1.000000     541.499386       0.000000            0
# Jump frustrated.
       331       165.5000       1       1       6.407027       3.963606      10.370632       4.054575       3.061358       1.000000     541.499386       0.000000            0
# Jump frustrated.
       332       166.0000       1       1       6.926933       3.439815      10.366747       4.054575       2.456208       1.000000     541.499386       0.000000            1
       333       166.5000       1       1       7.220036       3.151449      10.371485       4.054574       2.504210       1.000000     541.499386       0.000000            0
# Jump frustrated.
       334       167.0000       1       1       7.312248       3.064047      10.376295       4.054575       2.702082       1.000000     541.499386       0.000000            0
       335       167.5000       1       1       7.279446       3.103907      10.383353       4.054576       2.815512       1.000000     541.499386       0.000000            0
       336       168.0000       1       1       7.181807       3.200237      10.382044       4.054577       2.836701       1.000000     541.499386       0.000000            0
# Jump frustrated.
       337       168.5000       1       1       7.023364       3.358225      10.381589       4.054576       2.845058       1.000000     541.499386       0.000000            0
# Jump frustrated.
       338       169.0000       1       1       6.792945       3.588876      10.381820       4.054575       2.891255       1.000000     541.499386       0.000000            1
# Jump frustrated.
       339       169.5000       1       1       6.497529       3.886999      10.384528       4.054574       3.006403       1.000000     541.499386       0.000000            0
# Jump frustrated.
       340       170.0000       1       1       6.179084       4.211488      10.390572       4.054574       3.191943       1.000000     541.499386       0.000000            0
# Jump frustrated.
       341       170.5000       1       1       5.919710       4.476393      10.396104       4.054573       3.351636       1.000000     541.499386       0.000000            0
# Jump frustrated.
       342       171.0000       1       1       5.797070       4.600750      10.397820       4.054574       3.427787       1.000000     541.499386       0.000000            0
# Jump frustrated.
       343       171.5000       1       1       5.848500       4.547602      10.396102       4.054574       3.311799       1.000000     541.499386       0.000000            0
# Jump frustrated.
       344       172.0000       1       1       6.050134       4.340619      10.390753       4.054574       2.921765       1.000000     541.499386       0.000000            1
# Jump frustrated.
       345       172.5000       1       1       6.316158       4.067616      10.383774       4.054575       2.423283       1.000000     541.499386       0.000000            0
       346       173.0000       1       1       6.538446       3.838834      10.377280       4.054575       2.029479       1.000000     541.499386       0.000000            0
# Jump frustrated.
       347       173.5000       1       1       6.615290       3.756830      10.372120       4.054575       1.909824       1.000000     541.499386       0.000000            0
       348       174.0000       1       1       6.462642       3.904022      10.366664       4.054575       2.196083       1.000000     541.499386       0.000000            0
# Jump frustrated.
       349       174.5000       1       1       6.035356       4.335221      10.370577       4.054575       2.954873       1.000000     541.499386       0.000000            0
# Jump frustrated.
       350       175.0000       1       1       5.420978       4.968420      10.389399       4.054576       3.822840       1.000000     541.499386       0.000000            1
       351       175.5000       1       1       4.856271       5.546397      10.402668       4.054576       4.233225       1.000000     541.499386       0.000000            0
# Jump frustrated.
       352       176.0000       1       1       4.518658       5.881681      10.400339       4.054575       4.072192       1.000000     541.499386       0.000000            0
       353       176.5000       1       1       4.385141       6.005830      10.390971       4.054574       3.741618       1.000000     541.499386       0.000000            0
# Jump frustrated.
       354       177.0000       1       1       4.337751       6.049635      10.387386       4.054575       3.722094       1.000000     541.499386       0.000000            0
       355       177.5000       1       1       4.309246       6.079322      10.388568       4.054576       3.988016       1.000000     541.499386       0.000000            0
# Jump frustrated.
       356       178.0000       1       1       4.304038       6.087211      10.391249       4.054577       4.276419       1.000000     541.499386       0.000000            1
       357       178.5000       1       1       4.354163       6.039877      10.394040       4.054578       4.460625       1.000000     541.499386       0.000000            0
# Jump frustrated.
       358       179.0000       1       1       4.493299       5.902649      10.395948       4.054579       4.538620       1.000000     541.499386       0.000000            0
# Jump frustrated.
       359       179.5000       1       1       4.745861       5.651030      10.396892       4.054579       4.523080       1.000000     541.499386       0.000000            0
# Jump frustrated.
       360       180.0000       1       1       5.117173       5.277754      10.394927       4.054579       4.393697       1.000000     541.499386       0.000000            0
       361       180.5000       1       1       5.573847       4.814377      10.388223       4.054580       4.102750       1.000000     541.499386       0.000000            0
# Jump frustrated.
       362       181.0000       1       1       6.042439       4.341864      10.384303       4.054582       3.645586       1.000000     541.499386       0.000000            1
# Jump frustrated.
       363       181.5000       1       1       6.473491       3.913157      10.386649       4.054584       3.255770       1.000000     541.499386       0.000000            0
# Jump frustrated.
       364       182.0000       1       1       6.877711       3.510401      10.388112       4.054584       2.971882       1.000000     541.499386       0.000000            0
# Jump frustrated.
       365       182.5000       1       1       7.263589       3.121139      10.384728       4.054584       2.715693       1.000000     541.499386       0.000000            0
# Jump frustrated.
       366       183.0000       1       1       7.595965       2.783986      10.379951       4.054585       2.447230       1.000000     541.499386       0.000000            0
       367       183.5000       1       1       7.814049       2.561847      10.375896       4.054585       2.258292       1.000000     541.499386       0.000000            1
# Jump frustrated.
       368       184.0000       1       1       7.857593       2.514720      10.372313       4.054585       2.359271       1.000000     541.499386       0.000000            0
# Jump frustrated.
       369       184.5000       1       1       7.698831       2.676238      10.375069       4.054585       2.941948       1.000000     541.499386       0.000000            0
# Jump frustrated.
       370       185.0000       1       1       7.405569       2.982665      10.388235       4.054585       3.813426       1.000000     541.499386       0.000000            0
       371       185.5000       1       1       7.160831       3.239267      10.400098       4.054585       4.383366       1.000000     541.499386       0.000000            0
       372       186.0000       1       1       7.113902       3.281411      10.395313       4.054585       4.247667       1.000000     541.499386       0.000000            0
       373       186.5000       1       1       7.208737       3.172625      10.381363       4.054585       3.606184       1.000000     541.499386       0.000000            0
# Jump frustrated.
       374       187.0000       1       1       7.260108       3.113042      10.373151       4.054585       3.020260       1.000000     541.499386       0.000000            0
# Jump frustrated.
       375       187.5000       1       1       7.143627       3.232001      10.375627       4.054585       2.867338       1.000000     541.499386       0.000000            1
       376       188.0000       1       1       6.868573       3.514760      10.383333       4.054585       3.024925       1.000000     541.499386       0.000000            0
       377       188.5000       1       1       6.518879       3.870390      10.389269       4.054584       3.228145       1.000000     541.499386       0.000000            0
# Jump frustrated.
       378       189.0000       1       1       6.174732       4.217923      10.392656       4.054586       3.323662       1.000000     541.499386       0.000000            0
       379       189.5000       1       1       5.882017       4.511479      10.393496       4.054587       3.360454       1.000000     541.499386       0.000000            0
       380       190.0000       1       1       5.653279       4.739015      10.392294       4.054587       3.341059       1.000000     541.499386       0.000000            0
       381       190.5000       1       1       5.476311       4.914443      10.390754       4.054585       3.315083       1.000000     541.499386       0.000000            1
       382       191.0000       1       1       5.330446       5.059560      10.390006       4.054586       3.329002       1.000000     541.499386       0.000000            0
# Jump frustrated.
       383       191.5000       1       1       5.205682       5.184954      10.390636       4.054586       3.418400       1.000000     541.499386       0.000000            0
# Jump frustrated.
       384       192.0000       1       1       5.110614       5.281283      10.391897       4.054586       3.595383       1.000000     541.499386       0.000000            0
       385       192.5000       1       1       5.072362       5.321559      10.393921       4.054586       3.821712       1.000000     541.499386       0.000000            0
# Jump frustrated.
       386       193.0000       1       1       5.128258       5.267374      10.395632       4.054586       4.004525       1.000000     541.499386       0.000000            0
# Jump frustrated.
       387       193.5000       1       1       5.300688       5.092984      10.393672       4.054587       4.060914       1.000000     541.499386       0.000000            1
# Jump frustrated.
       388       194.0000       1       1       5.561648       4.825795      10.387443       4.054586       3.917921       1.000000     541.499386       0.000000            0
       389       194.5000       1       1       5.822361       4.556529      10.378890       4.054585       3.674349       1.000000     541.499386       0.000000            0
# Jump frustrated.
       390       195.0000       1       1       5.954637       4.412866      10.367503       4.054584       3.451230       1.000000     541.499386       0.000000            0
# Jump frustrated.
       391       195.5000       1       1       5.832546       4.530994      10.363540       4.054585       3.526201       1.000000     541.499386       0.000000            0
# Jump frustrated.
       392       196.0000       1       1       5.441391       4.932920      10.374311       4.054587       4.201069       1.000000     541.499386       0.000000            0
# Jump frustrated.
       393       196.5000       1       1       4.994459       5.406262      10.400721       4.054589       5.096781       1.000000     541.499386       0.000000            1
# Jump frustrated.
       394       197.0000       1       1       4.861792       5.549096      10.410888       4.054588       5.230534       1.000000     541.499386       0.000000            0
       395       197.5000       1       1       5.172283       5.214849      10.387132       4.054586       4.233987       1.000000     541.499386       0.000000            0
# Jump frustrated.
       396       198.0000       1       1       5.646207       4.723653      10.369859       4.054585       2.959701       1.000000     541.499386       0.000000            0
# Jump frustrated.
       397       198.5000       1       1       6.003274       4.369061      10.372335       4.054585       2.439271       1.000000     541.499386       0.000000            0
       398       199.0000       1       1       6.203477       4.175364      10.378841       4.054586       2.535478       1.000000     541.499386       0.000000            0
# Jump frustrated.
       399       199.5000       1       1       6.301987       4.079242      10.381229       4.054587       2.859696       1.000000     541.499386       0.000000            0
       400       200.0000       1       1       6.320515       4.058689      10.379204       4.054587       3.403660       1.000000     541.499386       0.000000            1
