#===============================================================================================================================================================================
#     Step |         Time |         State |                                     Energy |      Angular |     Gradient |      Density |           Expectation Value |    Runtime |
#          |              |  diag |   MCH |          kin |          pot |          tot |     Momentum |          RMS |        Total |           DM |            S |            |
#          |         [fs] |       |       |         [eV] |         [eV] |         [eV] |       [hbar] |     [eV/Ang] |              |      [Debye] |              |      [sec] |
#===============================================================================================================================================================================
         0         0.0000       2       2       0.096388      10.474973      10.571360       0.000249       3.697526       1.000000     541.499386       0.000000            2
         1         0.5000       2       2       0.077664      10.493450      10.571113       0.000249       3.743496       1.000000     541.499386       0.000000            1
# Jump frustrated.
         2         1.0000       2       2       0.133602      10.436773      10.570375       0.000250       3.645343       1.000000     541.499386       0.000000            1
# Surface Hop/Pointer State Switch: new state=      1 old state=      2 randnum=  0.015475420 gap= ********* eV
         3         1.5000       1       1      10.323131       0.247243      10.570375       5.755762       1.679484       1.000000     541.499386       0.000000            0
         4         2.0000       1       1       9.825948       0.756087      10.582034       5.755762       2.559877       1.000000     541.499386       0.000000            0
# Jump frustrated.
         5         2.5000       1       1       8.875463       1.736612      10.612074       5.755762       3.954583       1.000000     541.499386       0.000000            0
         6         3.0000       1       1       7.850472       2.790422      10.640894       5.755762       4.997916       1.000000     541.499386       0.000000            0
# Jump frustrated.
         7         3.5000       1       1       7.109360       3.535314      10.644674       5.755762       5.050501       1.000000     541.499386       0.000000            0
# Jump frustrated.
         8         4.0000       1       1       6.686316       3.939938      10.626255       5.755762       4.222492       1.000000     541.499386       0.000000            0
# Jump frustrated.
         9         4.5000       1       1       6.362727       4.255915      10.618642       5.755762       3.471485       1.000000     541.499386       0.000000            0
# Jump frustrated.
        10         5.0000       1       1       5.988242       4.632098      10.620340       5.755762       3.147354       1.000000     541.499386       0.000000            0
        11         5.5000       1       1       5.563243       5.063297      10.626539       5.755762       3.162981       1.000000     541.499386       0.000000            0
# Jump frustrated.
        12         6.0000       1       1       5.162015       5.469998      10.632013       5.755761       3.274601       1.000000     541.499386       0.000000            0
# Jump frustrated.
        13         6.5000       1       1       4.861825       5.774141      10.635966       5.755762       3.345241       1.000000     541.499386       0.000000            1
# Jump frustrated.
        14         7.0000       1       1       4.716885       5.920711      10.637596       5.755762       3.350571       1.000000     541.499386       0.000000            0
# Jump frustrated.
        15         7.5000       1       1       4.745456       5.891023      10.636480       5.755761       3.300806       1.000000     541.499386       0.000000            0
        16         8.0000       1       1       4.923557       5.707499      10.631057       5.755761       3.197826       1.000000     541.499386       0.000000            0
# Jump frustrated.
        17         8.5000       1       1       5.187093       5.438857      10.625950       5.755761       3.103989       1.000000     541.499386       0.000000            0
# Jump frustrated.
        18         9.0000       1       1       5.451735       5.167307      10.619042       5.755761       3.148332       1.000000     541.499386       0.000000            0
# Jump frustrated.
        19         9.5000       1       1       5.635024       4.979839      10.614863       5.755761       3.459697       1.000000     541.499386       0.000000            0
# Jump frustrated.
        20        10.0000       1       1       5.716336       4.905516      10.621852       5.755761       4.088514       1.000000     541.499386       0.000000            0
        21        10.5000       1       1       5.814610       4.821850      10.636460       5.755760       4.744612       1.000000     541.499386       0.000000            0
        22        11.0000       1       1       6.125065       4.515631      10.640696       5.755760       4.974588       1.000000     541.499386       0.000000            0
        23        11.5000       1       1       6.688974       3.932257      10.621231       5.755759       4.503231       1.000000     541.499386       0.000000            0
        24        12.0000       1       1       7.271764       3.328745      10.600509       5.755759       3.627122       1.000000     541.499386       0.000000            1
        25        12.5000       1       1       7.562046       3.028961      10.591007       5.755760       3.100596       1.000000     541.499386       0.000000            0
# Jump frustrated.
        26        13.0000       1       1       7.435458       3.167020      10.602477       5.755760       3.521714       1.000000     541.499386       0.000000            0
# Jump frustrated.
        27        13.5000       1       1       7.063197       3.566247      10.629443       5.755760       4.391834       1.000000     541.499386       0.000000            0
        28        14.0000       1       1       6.795588       3.846723      10.642311       5.755760       4.700041       1.000000     541.499386       0.000000            0
        29        14.5000       1       1       6.810726       3.818696      10.629423       5.755759       4.110694       1.000000     541.499386       0.000000            0
# Jump frustrated.
        30        15.0000       1       1       6.962480       3.652404      10.614884       5.755758       3.221235       1.000000     541.499386       0.000000            0
        31        15.5000       1       1       7.038901       3.574759      10.613660       5.755758       2.827172       1.000000     541.499386       0.000000            0
        32        16.0000       1       1       6.975652       3.642646      10.618298       5.755758       2.971813       1.000000     541.499386       0.000000            0
        33        16.5000       1       1       6.817042       3.806863      10.623905       5.755759       3.354444       1.000000     541.499386       0.000000            0
# Jump frustrated.
        34        17.0000       1       1       6.638882       3.990387      10.629269       5.755759       3.767400       1.000000     541.499386       0.000000            1
        35        17.5000       1       1       6.508266       4.123462      10.631728       5.755759       4.140281       1.000000     541.499386       0.000000            0
# Jump frustrated.
        36        18.0000       1       1       6.460452       4.171212      10.631664       5.755759       4.475884       1.000000     541.499386       0.000000            0
# Jump frustrated.
        37        18.5000       1       1       6.499657       4.130106      10.629763       5.755759       4.778938       1.000000     541.499386       0.000000            0
# Jump frustrated.
        38        19.0000       1       1       6.615363       4.017583      10.632946       5.755759       5.009542       1.000000     541.499386       0.000000            0
        39        19.5000       1       1       6.805008       3.826585      10.631594       5.755759       4.986167       1.000000     541.499386       0.000000            0
# Jump frustrated.
        40        20.0000       1       1       7.050478       3.577665      10.628143       5.755759       4.829545       1.000000     541.499386       0.000000            0
# Jump frustrated.
        41        20.5000       1       1       7.304149       3.316912      10.621061       5.755759       4.489563       1.000000     541.499386       0.000000            0
# Jump frustrated.
        42        21.0000       1       1       7.506665       3.115118      10.621783       5.755758       3.899923       1.000000     541.499386       0.000000            0
# Jump frustrated.
        43        21.5000       1       1       7.624834       2.997613      10.622447       5.755759       3.403056       1.000000     541.499386       0.000000            0
# Jump frustrated.
        44        22.0000       1       1       7.663807       2.958998      10.622805       5.755760       2.999776       1.000000     541.499386       0.000000            1
        45        22.5000       1       1       7.644800       2.982042      10.626842       5.755760       2.766565       1.000000     541.499386       0.000000            0
# Jump frustrated.
        46        23.0000       1       1       7.612044       3.016920      10.628964       5.755760       2.648970       1.000000     541.499386       0.000000            0
        47        23.5000       1       1       7.585101       3.040795      10.625896       5.755760       2.497120       1.000000     541.499386       0.000000            0
        48        24.0000       1       1       7.524952       3.098302      10.623254       5.755760       2.363887       1.000000     541.499386       0.000000            0
# Jump frustrated.
        49        24.5000       1       1       7.392418       3.233661      10.626079       5.755760       2.380869       1.000000     541.499386       0.000000            0
# Jump frustrated.
        50        25.0000       1       1       7.189938       3.436078      10.626016       5.755760       2.467014       1.000000     541.499386       0.000000            0
        51        25.5000       1       1       6.913513       3.708872      10.622386       5.755760       2.517824       1.000000     541.499386       0.000000            0
# Jump frustrated.
        52        26.0000       1       1       6.539889       4.083394      10.623283       5.755759       2.605510       1.000000     541.499386       0.000000            0
# Jump frustrated.
        53        26.5000       1       1       6.081442       4.544903      10.626345       5.755760       2.785423       1.000000     541.499386       0.000000            0
        54        27.0000       1       1       5.588924       5.041913      10.630837       5.755760       3.067354       1.000000     541.499386       0.000000            0
# Jump frustrated.
        55        27.5000       1       1       5.133090       5.503422      10.636512       5.755760       3.313843       1.000000     541.499386       0.000000            1
# Jump frustrated.
        56        28.0000       1       1       4.786064       5.853239      10.639303       5.755760       3.448193       1.000000     541.499386       0.000000            0
        57        28.5000       1       1       4.594178       6.046521      10.640698       5.755760       3.525527       1.000000     541.499386       0.000000            0
        58        29.0000       1       1       4.575308       6.064790      10.640098       5.755760       3.545592       1.000000     541.499386       0.000000            0
# Jump frustrated.
        59        29.5000       1       1       4.720644       5.917389      10.638033       5.755759       3.519475       1.000000     541.499386       0.000000            0
        60        30.0000       1       1       4.997363       5.637744      10.635106       5.755759       3.492187       1.000000     541.499386       0.000000            0
# Jump frustrated.
        61        30.5000       1       1       5.363891       5.269657      10.633548       5.755759       3.535423       1.000000     541.499386       0.000000            0
# Jump frustrated.
        62        31.0000       1       1       5.789055       4.843649      10.632704       5.755758       3.684247       1.000000     541.499386       0.000000            0
        63        31.5000       1       1       6.248994       4.381517      10.630511       5.755758       3.821771       1.000000     541.499386       0.000000            0
        64        32.0000       1       1       6.723146       3.906721      10.629868       5.755758       4.038401       1.000000     541.499386       0.000000            0
# Jump frustrated.
        65        32.5000       1       1       7.205836       3.421960      10.627797       5.755757       4.164975       1.000000     541.499386       0.000000            1
# Jump frustrated.
        66        33.0000       1       1       7.704753       2.922667      10.627420       5.755757       4.006958       1.000000     541.499386       0.000000            0
        67        33.5000       1       1       8.223427       2.402613      10.626040       5.755757       3.572837       1.000000     541.499386       0.000000            0
        68        34.0000       1       1       8.728039       1.890656      10.618695       5.755757       2.984546       1.000000     541.499386       0.000000            0
# Jump frustrated.
        69        34.5000       1       1       9.113609       1.494127      10.607736       5.755758       2.268126       1.000000     541.499386       0.000000            0
        70        35.0000       1       1       9.243219       1.360014      10.603232       5.755758       1.798363       1.000000     541.499386       0.000000            0
        71        35.5000       1       1       9.057131       1.549143      10.606274       5.755758       1.880789       1.000000     541.499386       0.000000            0
# Jump frustrated.
        72        36.0000       1       1       8.593287       2.018334      10.611620       5.755758       2.309963       1.000000     541.499386       0.000000            0
        73        36.5000       1       1       7.944546       2.673955      10.618501       5.755758       2.825732       1.000000     541.499386       0.000000            0
        74        37.0000       1       1       7.219588       3.409296      10.628884       5.755758       3.274136       1.000000     541.499386       0.000000            0
# Jump frustrated.
        75        37.5000       1       1       6.509426       4.127199      10.636625       5.755758       3.652912       1.000000     541.499386       0.000000            0
# Jump frustrated.
        76        38.0000       1       1       5.901452       4.736109      10.637561       5.755758       3.708432       1.000000     541.499386       0.000000            1
# Jump frustrated.
        77        38.5000       1       1       5.444080       5.193881      10.637961       5.755758       3.774283       1.000000     541.499386       0.000000            0
# Jump frustrated.
        78        39.0000       1       1       5.138807       5.497609      10.636416       5.755757       3.865970       1.000000     541.499386       0.000000            0
# Jump frustrated.
        79        39.5000       1       1       4.981921       5.653314      10.635235       5.755757       3.933549       1.000000     541.499386       0.000000            0
        80        40.0000       1       1       4.960748       5.673452      10.634200       5.755758       4.029845       1.000000     541.499386       0.000000            0
# Jump frustrated.
        81        40.5000       1       1       5.060653       5.572970      10.633623       5.755758       4.105631       1.000000     541.499386       0.000000            0
# Jump frustrated.
        82        41.0000       1       1       5.271690       5.361419      10.633109       5.755758       4.125933       1.000000     541.499386       0.000000            0
# Jump frustrated.
        83        41.5000       1       1       5.583377       5.047934      10.631310       5.755758       4.036617       1.000000     541.499386       0.000000            0
        84        42.0000       1       1       5.979724       4.650783      10.630507       5.755758       3.859000       1.000000     541.499386       0.000000            0
# Jump frustrated.
        85        42.5000       1       1       6.437575       4.189274      10.626848       5.755757       3.566276       1.000000     541.499386       0.000000            0
# Jump frustrated.
        86        43.0000       1       1       6.912042       3.708872      10.620915       5.755757       3.153662       1.000000     541.499386       0.000000            1
        87        43.5000       1       1       7.335095       3.281411      10.616506       5.755757       2.621605       1.000000     541.499386       0.000000            0
# Jump frustrated.
        88        44.0000       1       1       7.631629       2.976645      10.608274       5.755756       2.039764       1.000000     541.499386       0.000000            0
        89        44.5000       1       1       7.687094       2.905851      10.592945       5.755755       1.677159       1.000000     541.499386       0.000000            0
# Jump frustrated.
        90        45.0000       1       1       7.330219       3.251723      10.581942       5.755755       2.724819       1.000000     541.499386       0.000000            0
# Jump frustrated.
        91        45.5000       1       1       6.526793       4.080073      10.606865       5.755756       5.129525       1.000000     541.499386       0.000000            0
# Jump frustrated.
        92        46.0000       1       1       5.751413       4.915688      10.667101       5.755756       7.076378       1.000000     541.499386       0.000000            0
        93        46.5000       1       1       5.689080       4.971119      10.660199       5.755757       6.970449       1.000000     541.499386       0.000000            0
        94        47.0000       1       1       6.228830       4.365116      10.593946       5.755758       4.979599       1.000000     541.499386       0.000000            0
# Jump frustrated.
        95        47.5000       1       1       6.637019       3.950734      10.587753       5.755757       3.094947       1.000000     541.499386       0.000000            0
        96        48.0000       1       1       6.611397       3.993086      10.604482       5.755757       2.374985       1.000000     541.499386       0.000000            1
        97        48.5000       1       1       6.295111       4.323803      10.618913       5.755758       2.344399       1.000000     541.499386       0.000000            0
# Jump frustrated.
        98        49.0000       1       1       5.871238       4.755624      10.626862       5.755759       2.481141       1.000000     541.499386       0.000000            0
        99        49.5000       1       1       5.469068       5.165439      10.634507       5.755760       2.608871       1.000000     541.499386       0.000000            0
       100        50.0000       1       1       5.182079       5.456711      10.638790       5.755760       2.658042       1.000000     541.499386       0.000000            0
# Jump frustrated.
       101        50.5000       1       1       5.056668       5.580859      10.637528       5.755760       2.652912       1.000000     541.499386       0.000000            0
       102        51.0000       1       1       5.082567       5.552002      10.634569       5.755760       2.615689       1.000000     541.499386       0.000000            0
# Jump frustrated.
       103        51.5000       1       1       5.232933       5.401903      10.634836       5.755759       2.579948       1.000000     541.499386       0.000000            0
# Jump frustrated.
       104        52.0000       1       1       5.488145       5.143225      10.631371       5.755758       2.513670       1.000000     541.499386       0.000000            0
       105        52.5000       1       1       5.814336       4.814584      10.628920       5.755758       2.446411       1.000000     541.499386       0.000000            0
# Jump frustrated.
       106        53.0000       1       1       6.184428       4.444837      10.629265       5.755759       2.427947       1.000000     541.499386       0.000000            1
# Jump frustrated.
       107        53.5000       1       1       6.597869       4.030662      10.628531       5.755758       2.434004       1.000000     541.499386       0.000000            0
# Jump frustrated.
       108        54.0000       1       1       7.056897       3.571022      10.627919       5.755758       2.468416       1.000000     541.499386       0.000000            0
       109        54.5000       1       1       7.558847       3.067784      10.626631       5.755758       2.515996       1.000000     541.499386       0.000000            0
       110        55.0000       1       1       8.084469       2.537350      10.621819       5.755758       2.503948       1.000000     541.499386       0.000000            0
# Jump frustrated.
       111        55.5000       1       1       8.573975       2.042208      10.616184       5.755758       2.414447       1.000000     541.499386       0.000000            0
       112        56.0000       1       1       8.927946       1.676821      10.604767       5.755758       2.285189       1.000000     541.499386       0.000000            0
# Jump frustrated.
       113        56.5000       1       1       8.962823       1.612671      10.575493       5.755759       2.140515       1.000000     541.499386       0.000000            0
# Jump frustrated.
       114        57.0000       1       1       8.371550       2.181927      10.553478       5.755759       3.202174       1.000000     541.499386       0.000000            0
# Jump frustrated.
       115        57.5000       1       1       7.123084       3.486111      10.609195       5.755759       5.974142       1.000000     541.499386       0.000000            0
       116        58.0000       1       1       6.124346       4.556737      10.681083       5.755759       7.567755       1.000000     541.499386       0.000000            0
       117        58.5000       1       1       6.305791       4.343733      10.649523       5.755759       6.760954       1.000000     541.499386       0.000000            1
# Jump frustrated.
       118        59.0000       1       1       7.263920       3.298019      10.561940       5.755759       4.194262       1.000000     541.499386       0.000000            0
# Jump frustrated.
       119        59.5000       1       1       7.943112       2.623299      10.566411       5.755759       2.442217       1.000000     541.499386       0.000000            0
       120        60.0000       1       1       8.009284       2.585929      10.595213       5.755760       2.487222       1.000000     541.499386       0.000000            0
# Jump frustrated.
       121        60.5000       1       1       7.707102       2.902944      10.610046       5.755760       2.638214       1.000000     541.499386       0.000000            0
       122        61.0000       1       1       7.242302       3.376079      10.618382       5.755760       2.572694       1.000000     541.499386       0.000000            0
# Jump frustrated.
       123        61.5000       1       1       6.712634       3.910251      10.622885       5.755761       2.394235       1.000000     541.499386       0.000000            0
       124        62.0000       1       1       6.170494       4.455840      10.626335       5.755761       2.295763       1.000000     541.499386       0.000000            0
# Jump frustrated.
       125        62.5000       1       1       5.653176       4.976102      10.629277       5.755761       2.408225       1.000000     541.499386       0.000000            0
# Jump frustrated.
       126        63.0000       1       1       5.200829       5.429307      10.630136       5.755761       2.606754       1.000000     541.499386       0.000000            0
       127        63.5000       1       1       4.840021       5.789919      10.629940       5.755761       2.684499       1.000000     541.499386       0.000000            0
# Jump frustrated.
       128        64.0000       1       1       4.574258       6.055032      10.629290       5.755761       2.514940       1.000000     541.499386       0.000000            1
       129        64.5000       1       1       4.386352       6.240633      10.626984       5.755761       2.199156       1.000000     541.499386       0.000000            0
# Jump frustrated.
       130        65.0000       1       1       4.239919       6.385127      10.625046       5.755760       2.023116       1.000000     541.499386       0.000000            0
# Jump frustrated.
       131        65.5000       1       1       4.107831       6.518202      10.626034       5.755760       2.118205       1.000000     541.499386       0.000000            0
# Jump frustrated.
       132        66.0000       1       1       3.994956       6.632386      10.627342       5.755759       2.306308       1.000000     541.499386       0.000000            0
       133        66.5000       1       1       3.917852       6.710031      10.627882       5.755760       2.453274       1.000000     541.499386       0.000000            0
# Jump frustrated.
       134        67.0000       1       1       3.880309       6.746569      10.626878       5.755760       2.536279       1.000000     541.499386       0.000000            0
# Jump frustrated.
       135        67.5000       1       1       3.873813       6.753005      10.626818       5.755760       2.601655       1.000000     541.499386       0.000000            0
# Jump frustrated.
       136        68.0000       1       1       3.896979       6.731206      10.628186       5.755760       2.685373       1.000000     541.499386       0.000000            0
       137        68.5000       1       1       3.968105       6.662489      10.630594       5.755760       2.776609       1.000000     541.499386       0.000000            0
       138        69.0000       1       1       4.114912       6.517164      10.632077       5.755760       2.835396       1.000000     541.499386       0.000000            1
       139        69.5000       1       1       4.358478       6.274472      10.632950       5.755760       2.858478       1.000000     541.499386       0.000000            0
       140        70.0000       1       1       4.708898       5.923618      10.632516       5.755760       2.846400       1.000000     541.499386       0.000000            0
       141        70.5000       1       1       5.166265       5.465430      10.631695       5.755760       2.806631       1.000000     541.499386       0.000000            0
       142        71.0000       1       1       5.721816       4.909253      10.631068       5.755760       2.755091       1.000000     541.499386       0.000000            0
# Jump frustrated.
       143        71.5000       1       1       6.370429       4.261936      10.632364       5.755760       2.773712       1.000000     541.499386       0.000000            0
# Jump frustrated.
       144        72.0000       1       1       7.118229       3.510816      10.629045       5.755760       2.848239       1.000000     541.499386       0.000000            0
       145        72.5000       1       1       7.928249       2.692016      10.620265       5.755760       2.715821       1.000000     541.499386       0.000000            0
# Jump frustrated.
       146        73.0000       1       1       8.674579       1.923250      10.597829       5.755760       2.276393       1.000000     541.499386       0.000000            0
# Jump frustrated.
       147        73.5000       1       1       9.076132       1.483747      10.559879       5.755760       1.668738       1.000000     541.499386       0.000000            0
# Jump frustrated.
       148        74.0000       1       1       8.708448       1.821523      10.529971       5.755761       3.371441       1.000000     541.499386       0.000000            0
       149        74.5000       1       1       7.552739       3.061556      10.614294       5.755761       7.109055       1.000000     541.499386       0.000000            1
# Jump frustrated.
       150        75.0000       1       1       6.774930       3.931427      10.706357       5.755762       9.278745       1.000000     541.499386       0.000000            0
       151        75.5000       1       1       7.466002       3.170134      10.636136       5.755763       8.053267       1.000000     541.499386       0.000000            0
# Jump frustrated.
       152        76.0000       1       1       8.829191       1.703395      10.532586       5.755763       4.827646       1.000000     541.499386       0.000000            0
       153        76.5000       1       1       9.546211       1.003553      10.549764       5.755763       2.610528       1.000000     541.499386       0.000000            0
# Jump frustrated.
       154        77.0000       1       1       9.397543       1.186870      10.584413       5.755763       2.294566       1.000000     541.499386       0.000000            0
# Jump frustrated.
       155        77.5000       1       1       8.751431       1.855155      10.606586       5.755763       2.543691       1.000000     541.499386       0.000000            0
# Jump frustrated.
       156        78.0000       1       1       7.915948       2.710493      10.626442       5.755764       2.782110       1.000000     541.499386       0.000000            0
       157        78.5000       1       1       7.113168       3.530746      10.643914       5.755764       2.780235       1.000000     541.499386       0.000000            0
       158        79.0000       1       1       6.458302       4.182630      10.640933       5.755763       2.729166       1.000000     541.499386       0.000000            0
# Jump frustrated.
       159        79.5000       1       1       5.967342       4.675695      10.643037       5.755763       2.595686       1.000000     541.499386       0.000000            0
# Jump frustrated.
       160        80.0000       1       1       5.634878       5.008904      10.643782       5.755763       2.358116       1.000000     541.499386       0.000000            1
# Jump frustrated.
       161        80.5000       1       1       5.431542       5.208829      10.640370       5.755763       2.034780       1.000000     541.499386       0.000000            0
# Jump frustrated.
       162        81.0000       1       1       5.283284       5.350831      10.634115       5.755763       1.921713       1.000000     541.499386       0.000000            0
# Jump frustrated.
       163        81.5000       1       1       5.118055       5.515879      10.633933       5.755764       2.042929       1.000000     541.499386       0.000000            0
# Jump frustrated.
       164        82.0000       1       1       4.940601       5.701894      10.642495       5.755764       2.201354       1.000000     541.499386       0.000000            0
# Jump frustrated.
       165        82.5000       1       1       4.781761       5.857391      10.639152       5.755764       2.286265       1.000000     541.499386       0.000000            0
# Jump frustrated.
       166        83.0000       1       1       4.644677       5.996695      10.641372       5.755764       2.484056       1.000000     541.499386       0.000000            0
       167        83.5000       1       1       4.558517       6.087419      10.645936       5.755764       2.727930       1.000000     541.499386       0.000000            0
# Jump frustrated.
       168        84.0000       1       1       4.579701       6.068112      10.647812       5.755765       2.898113       1.000000     541.499386       0.000000            0
# Jump frustrated.
       169        84.5000       1       1       4.741900       5.904933      10.646833       5.755765       2.981635       1.000000     541.499386       0.000000            1
       170        85.0000       1       1       5.034645       5.608471      10.643116       5.755764       3.000613       1.000000     541.499386       0.000000            0
# Jump frustrated.
       171        85.5000       1       1       5.424135       5.217756      10.641890       5.755764       3.026572       1.000000     541.499386       0.000000            0
# Jump frustrated.
       172        86.0000       1       1       5.877036       4.759984      10.637020       5.755763       3.023494       1.000000     541.499386       0.000000            0
# Jump frustrated.
       173        86.5000       1       1       6.334538       4.295153      10.629691       5.755763       2.890981       1.000000     541.499386       0.000000            0
# Jump frustrated.
       174        87.0000       1       1       6.695957       3.922292      10.618249       5.755763       2.658219       1.000000     541.499386       0.000000            0
       175        87.5000       1       1       6.771990       3.817866      10.589856       5.755763       2.391542       1.000000     541.499386       0.000000            0
       176        88.0000       1       1       6.274426       4.297437      10.571863       5.755762       3.435404       1.000000     541.499386       0.000000            0
       177        88.5000       1       1       5.260220       5.383841      10.644060       5.755762       6.070768       1.000000     541.499386       0.000000            0
       178        89.0000       1       1       4.638741       6.067696      10.706438       5.755763       7.521164       1.000000     541.499386       0.000000            1
       179        89.5000       1       1       5.210833       5.460863      10.671696       5.755762       6.779677       1.000000     541.499386       0.000000            0
       180        90.0000       1       1       6.531777       4.051423      10.583200       5.755762       4.370239       1.000000     541.499386       0.000000            0
# Jump frustrated.
       181        90.5000       1       1       7.575362       3.004672      10.580033       5.755763       2.498381       1.000000     541.499386       0.000000            0
# Jump frustrated.
       182        91.0000       1       1       7.987468       2.617693      10.605161       5.755762       2.336833       1.000000     541.499386       0.000000            0
# Jump frustrated.
       183        91.5000       1       1       7.995304       2.628696      10.624000       5.755762       2.526497       1.000000     541.499386       0.000000            0
       184        92.0000       1       1       7.840719       2.793121      10.633840       5.755763       2.518830       1.000000     541.499386       0.000000            0
       185        92.5000       1       1       7.654778       2.982458      10.637235       5.755763       2.311857       1.000000     541.499386       0.000000            0
       186        93.0000       1       1       7.469412       3.164944      10.634356       5.755763       2.044840       1.000000     541.499386       0.000000            0
       187        93.5000       1       1       7.266528       3.367983      10.634511       5.755763       1.869614       1.000000     541.499386       0.000000            0
       188        94.0000       1       1       7.042343       3.594481      10.636825       5.755762       1.744628       1.000000     541.499386       0.000000            0
       189        94.5000       1       1       6.819752       3.818281      10.638033       5.755762       1.625387       1.000000     541.499386       0.000000            1
# Jump frustrated.
       190        95.0000       1       1       6.611838       4.025887      10.637725       5.755762       1.615036       1.000000     541.499386       0.000000            0
# Jump frustrated.
       191        95.5000       1       1       6.416441       4.221245      10.637686       5.755762       1.713793       1.000000     541.499386       0.000000            0
# Jump frustrated.
       192        96.0000       1       1       6.231723       4.405807      10.637530       5.755762       1.866613       1.000000     541.499386       0.000000            0
       193        96.5000       1       1       6.065838       4.573761      10.639599       5.755762       2.023268       1.000000     541.499386       0.000000            0
       194        97.0000       1       1       5.933176       4.706421      10.639597       5.755761       2.193091       1.000000     541.499386       0.000000            0
# Jump frustrated.
       195        97.5000       1       1       5.839600       4.798806      10.638406       5.755762       2.407875       1.000000     541.499386       0.000000            0
       196        98.0000       1       1       5.787464       4.852784      10.640248       5.755762       2.704610       1.000000     541.499386       0.000000            0
# Jump frustrated.
       197        98.5000       1       1       5.801408       4.840120      10.641528       5.755761       2.996301       1.000000     541.499386       0.000000            0
       198        99.0000       1       1       5.901830       4.739015      10.640846       5.755761       3.110708       1.000000     541.499386       0.000000            1
       199        99.5000       1       1       6.089914       4.552377      10.642291       5.755761       3.248114       1.000000     541.499386       0.000000            0
# Jump frustrated.
       200       100.0000       1       1       6.372313       4.267334      10.639647       5.755761       3.358251       1.000000     541.499386       0.000000            0
# Jump frustrated.
       201       100.5000       1       1       6.716712       3.916894      10.633606       5.755761       3.349144       1.000000     541.499386       0.000000            0
       202       101.0000       1       1       7.036308       3.585554      10.621862       5.755761       3.237291       1.000000     541.499386       0.000000            0
# Jump frustrated.
       203       101.5000       1       1       7.187380       3.420507      10.607887       5.755760       3.045800       1.000000     541.499386       0.000000            0
# Jump frustrated.
       204       102.0000       1       1       6.984286       3.609221      10.593508       5.755759       3.147660       1.000000     541.499386       0.000000            0
# Jump frustrated.
       205       102.5000       1       1       6.326444       4.279167      10.605612       5.755759       4.188201       1.000000     541.499386       0.000000            0
# Jump frustrated.
       206       103.0000       1       1       5.518966       5.145094      10.664060       5.755759       5.684773       1.000000     541.499386       0.000000            0
       207       103.5000       1       1       5.246520       5.431383      10.677903       5.755759       5.901550       1.000000     541.499386       0.000000            0
# Jump frustrated.
       208       104.0000       1       1       5.677926       4.947037      10.624963       5.755760       4.469999       1.000000     541.499386       0.000000            1
# Jump frustrated.
       209       104.5000       1       1       6.224150       4.380687      10.604837       5.755760       3.040043       1.000000     541.499386       0.000000            0
# Jump frustrated.
       210       105.0000       1       1       6.471811       4.145054      10.616865       5.755759       2.784173       1.000000     541.499386       0.000000            0
       211       105.5000       1       1       6.480482       4.149828      10.630310       5.755759       2.803348       1.000000     541.499386       0.000000            0
# Jump frustrated.
       212       106.0000       1       1       6.391066       4.244289      10.635355       5.755759       2.663264       1.000000     541.499386       0.000000            0
# Jump frustrated.
       213       106.5000       1       1       6.268151       4.366777      10.634928       5.755759       2.434235       1.000000     541.499386       0.000000            0
       214       107.0000       1       1       6.117097       4.518330      10.635426       5.755759       2.279840       1.000000     541.499386       0.000000            0
       215       107.5000       1       1       5.941654       4.695418      10.637072       5.755760       2.246867       1.000000     541.499386       0.000000            0
# Jump frustrated.
       216       108.0000       1       1       5.760861       4.877904      10.638765       5.755760       2.321433       1.000000     541.499386       0.000000            0
       217       108.5000       1       1       5.600541       5.040045      10.640585       5.755760       2.457263       1.000000     541.499386       0.000000            0
       218       109.0000       1       1       5.485159       5.156719      10.641879       5.755760       2.644067       1.000000     541.499386       0.000000            0
# Jump frustrated.
       219       109.5000       1       1       5.433867       5.209036      10.642903       5.755760       2.860629       1.000000     541.499386       0.000000            1
# Jump frustrated.
       220       110.0000       1       1       5.460534       5.182670      10.643204       5.755761       3.089845       1.000000     541.499386       0.000000            0
# Jump frustrated.
       221       110.5000       1       1       5.573636       5.069317      10.642953       5.755762       3.297984       1.000000     541.499386       0.000000            0
# Jump frustrated.
       222       111.0000       1       1       5.772196       4.869600      10.641796       5.755763       3.448036       1.000000     541.499386       0.000000            0
       223       111.5000       1       1       6.042402       4.598051      10.640452       5.755763       3.508851       1.000000     541.499386       0.000000            0
# Jump frustrated.
       224       112.0000       1       1       6.362797       4.276884      10.639681       5.755763       3.473635       1.000000     541.499386       0.000000            0
# Jump frustrated.
       225       112.5000       1       1       6.713810       3.924783      10.638593       5.755764       3.374454       1.000000     541.499386       0.000000            0
# Jump frustrated.
       226       113.0000       1       1       7.074480       3.561887      10.636367       5.755763       3.204403       1.000000     541.499386       0.000000            0
       227       113.5000       1       1       7.412892       3.220790      10.633682       5.755763       3.013337       1.000000     541.499386       0.000000            0
       228       114.0000       1       1       7.703818       2.929518      10.633336       5.755763       2.877582       1.000000     541.499386       0.000000            0
       229       114.5000       1       1       7.937315       2.695130      10.632446       5.755763       2.779751       1.000000     541.499386       0.000000            0
       230       115.0000       1       1       8.119749       2.516381      10.636130       5.755763       2.808381       1.000000     541.499386       0.000000            1
# Jump frustrated.
       231       115.5000       1       1       8.260473       2.345521      10.605995       5.755763       3.117173       1.000000     541.499386       0.000000            0
# Jump frustrated.
       232       116.0000       1       1       8.186469       2.412993      10.599462       5.755763       2.631333       1.000000     541.499386       0.000000            0
# Jump frustrated.
       233       116.5000       1       1       7.822441       2.782117      10.604559       5.755764       3.229313       1.000000     541.499386       0.000000            0
       234       117.0000       1       1       7.403190       3.228264      10.631453       5.755764       4.628721       1.000000     541.499386       0.000000            0
# Jump frustrated.
       235       117.5000       1       1       7.257947       3.386252      10.644199       5.755764       5.300019       1.000000     541.499386       0.000000            0
# Jump frustrated.
       236       118.0000       1       1       7.511459       3.102039      10.613498       5.755763       4.662721       1.000000     541.499386       0.000000            0
# Jump frustrated.
       237       118.5000       1       1       7.812175       2.775059      10.587234       5.755761       3.393275       1.000000     541.499386       0.000000            0
       238       119.0000       1       1       7.783986       2.805577      10.589563       5.755761       2.602729       1.000000     541.499386       0.000000            0
       239       119.5000       1       1       7.396120       3.208541      10.604661       5.755761       2.406797       1.000000     541.499386       0.000000            0
       240       120.0000       1       1       6.804794       3.808731      10.613525       5.755762       2.432841       1.000000     541.499386       0.000000            1
# Jump frustrated.
       241       120.5000       1       1       6.159110       4.463522      10.622632       5.755763       2.483886       1.000000     541.499386       0.000000            0
# Jump frustrated.
       242       121.0000       1       1       5.569464       5.059144      10.628608       5.755762       2.490677       1.000000     541.499386       0.000000            0
       243       121.5000       1       1       5.100624       5.528958      10.629582       5.755761       2.467237       1.000000     541.499386       0.000000            0
# Jump frustrated.
       244       122.0000       1       1       4.771680       5.857391      10.629071       5.755761       2.431396       1.000000     541.499386       0.000000            0
# Jump frustrated.
       245       122.5000       1       1       4.577491       6.050880      10.628371       5.755761       2.397588       1.000000     541.499386       0.000000            0
       246       123.0000       1       1       4.502866       6.124165      10.627032       5.755762       2.379811       1.000000     541.499386       0.000000            0
       247       123.5000       1       1       4.524587       6.100706      10.625293       5.755761       2.413576       1.000000     541.499386       0.000000            0
       248       124.0000       1       1       4.620077       6.004792      10.624868       5.755760       2.547112       1.000000     541.499386       0.000000            0
# Jump frustrated.
       249       124.5000       1       1       4.784888       5.841613      10.626501       5.755761       2.788454       1.000000     541.499386       0.000000            0
# Jump frustrated.
       250       125.0000       1       1       5.042558       5.586465      10.629023       5.755760       3.050949       1.000000     541.499386       0.000000            0
       251       125.5000       1       1       5.426466       5.203431      10.629897       5.755759       3.198946       1.000000     541.499386       0.000000            1
# Jump frustrated.
       252       126.0000       1       1       5.948238       4.679848      10.628086       5.755759       3.200441       1.000000     541.499386       0.000000            0
# Jump frustrated.
       253       126.5000       1       1       6.585460       4.039174      10.624634       5.755760       3.029159       1.000000     541.499386       0.000000            0
# Jump frustrated.
       254       127.0000       1       1       7.275537       3.339956      10.615493       5.755760       2.738403       1.000000     541.499386       0.000000            0
       255       127.5000       1       1       7.905636       2.698660      10.604295       5.755759       2.376472       1.000000     541.499386       0.000000            0
# Jump frustrated.
       256       128.0000       1       1       8.325612       2.266008      10.591620       5.755759       1.995423       1.000000     541.499386       0.000000            0
# Jump frustrated.
       257       128.5000       1       1       8.336668       2.228846      10.565514       5.755758       1.928397       1.000000     541.499386       0.000000            0
# Jump frustrated.
       258       129.0000       1       1       7.688439       2.865160      10.553599       5.755757       3.382100       1.000000     541.499386       0.000000            0
# Jump frustrated.
       259       129.5000       1       1       6.459322       4.158133      10.617455       5.755757       6.062050       1.000000     541.499386       0.000000            0
# Jump frustrated.
       260       130.0000       1       1       5.542340       5.138243      10.680582       5.755757       7.456006       1.000000     541.499386       0.000000            0
# Jump frustrated.
       261       130.5000       1       1       5.740594       4.907592      10.648186       5.755759       6.702902       1.000000     541.499386       0.000000            1
       262       131.0000       1       1       6.633277       3.931427      10.564703       5.755760       4.505054       1.000000     541.499386       0.000000            0
# Jump frustrated.
       263       131.5000       1       1       7.248033       3.317742      10.565775       5.755759       3.580209       1.000000     541.499386       0.000000            0
# Jump frustrated.
       264       132.0000       1       1       7.301874       3.290753      10.592627       5.755759       4.107971       1.000000     541.499386       0.000000            0
# Jump frustrated.
       265       132.5000       1       1       7.035901       3.576212      10.612113       5.755759       4.733555       1.000000     541.499386       0.000000            0
# Jump frustrated.
       266       133.0000       1       1       6.696959       3.924783      10.621742       5.755760       5.033607       1.000000     541.499386       0.000000            0
# Jump frustrated.
       267       133.5000       1       1       6.430375       4.196332      10.626707       5.755760       5.019221       1.000000     541.499386       0.000000            0
       268       134.0000       1       1       6.275553       4.346016      10.621570       5.755761       4.769419       1.000000     541.499386       0.000000            0
# Jump frustrated.
       269       134.5000       1       1       6.173612       4.440685      10.614297       5.755761       4.356692       1.000000     541.499386       0.000000            0
       270       135.0000       1       1       6.032943       4.577913      10.610856       5.755761       3.838957       1.000000     541.499386       0.000000            0
# Jump frustrated.
       271       135.5000       1       1       5.804724       4.807526      10.612250       5.755762       3.465831       1.000000     541.499386       0.000000            0
# Jump frustrated.
       272       136.0000       1       1       5.527945       5.092984      10.620929       5.755762       3.542265       1.000000     541.499386       0.000000            1
# Jump frustrated.
       273       136.5000       1       1       5.345530       5.285435      10.630966       5.755762       3.824046       1.000000     541.499386       0.000000            0
# Jump frustrated.
       274       137.0000       1       1       5.396772       5.231250      10.628022       5.755762       3.710827       1.000000     541.499386       0.000000            0
       275       137.5000       1       1       5.646768       4.967382      10.614151       5.755760       3.136090       1.000000     541.499386       0.000000            0
# Jump frustrated.
       276       138.0000       1       1       5.905323       4.698740      10.604063       5.755760       2.537097       1.000000     541.499386       0.000000            0
# Jump frustrated.
       277       138.5000       1       1       6.013979       4.591407      10.605386       5.755760       2.286557       1.000000     541.499386       0.000000            0
# Jump frustrated.
       278       139.0000       1       1       5.950013       4.660955      10.610968       5.755759       2.253165       1.000000     541.499386       0.000000            0
# Jump frustrated.
       279       139.5000       1       1       5.769619       4.846556      10.616175       5.755758       2.224332       1.000000     541.499386       0.000000            0
# Jump frustrated.
       280       140.0000       1       1       5.535990       5.084057      10.620047       5.755758       2.173733       1.000000     541.499386       0.000000            0
# Jump frustrated.
       281       140.5000       1       1       5.302181       5.321144      10.623325       5.755758       2.141036       1.000000     541.499386       0.000000            0
# Jump frustrated.
       282       141.0000       1       1       5.113594       5.512557      10.626151       5.755757       2.161197       1.000000     541.499386       0.000000            0
       283       141.5000       1       1       5.013144       5.615114      10.628258       5.755757       2.224002       1.000000     541.499386       0.000000            1
# Jump frustrated.
       284       142.0000       1       1       5.036119       5.592693      10.628812       5.755758       2.286650       1.000000     541.499386       0.000000            0
# Jump frustrated.
       285       142.5000       1       1       5.200817       5.427646      10.628463       5.755758       2.306637       1.000000     541.499386       0.000000            0
# Jump frustrated.
       286       143.0000       1       1       5.512835       5.116444      10.629279       5.755759       2.307063       1.000000     541.499386       0.000000            0
# Jump frustrated.
       287       143.5000       1       1       5.983160       4.646008      10.629167       5.755759       2.325951       1.000000     541.499386       0.000000            0
       288       144.0000       1       1       6.596661       4.020490      10.617151       5.755760       2.280750       1.000000     541.499386       0.000000            0
# Jump frustrated.
       289       144.5000       1       1       7.246183       3.359471      10.605654       5.755760       2.110913       1.000000     541.499386       0.000000            0
# Jump frustrated.
       290       145.0000       1       1       7.758042       2.830075      10.588116       5.755760       2.070152       1.000000     541.499386       0.000000            0
       291       145.5000       1       1       7.907040       2.656100      10.563140       5.755760       2.526800       1.000000     541.499386       0.000000            0
       292       146.0000       1       1       7.444047       3.111381      10.555428       5.755760       4.055552       1.000000     541.499386       0.000000            0
# Jump frustrated.
       293       146.5000       1       1       6.448238       4.161039      10.609278       5.755760       6.266154       1.000000     541.499386       0.000000            1
       294       147.0000       1       1       5.671398       4.985859      10.657257       5.755761       7.193089       1.000000     541.499386       0.000000            0
       295       147.5000       1       1       5.715146       4.913612      10.628758       5.755760       6.461205       1.000000     541.499386       0.000000            0
# Jump frustrated.
       296       148.0000       1       1       6.288453       4.304080      10.592533       5.755759       5.330123       1.000000     541.499386       0.000000            0
# Jump frustrated.
       297       148.5000       1       1       6.851630       3.735238      10.586869       5.755761       4.618326       1.000000     541.499386       0.000000            0
# Jump frustrated.
       298       149.0000       1       1       7.172489       3.417601      10.590090       5.755762       3.991091       1.000000     541.499386       0.000000            0
# Jump frustrated.
       299       149.5000       1       1       7.188709       3.403899      10.592608       5.755764       3.432819       1.000000     541.499386       0.000000            0
# Jump frustrated.
       300       150.0000       1       1       6.915757       3.688735      10.604491       5.755766       3.174789       1.000000     541.499386       0.000000            0
# Jump frustrated.
       301       150.5000       1       1       6.462234       4.151697      10.613931       5.755767       3.117934       1.000000     541.499386       0.000000            0
       302       151.0000       1       1       5.940878       4.677149      10.618026       5.755767       3.163548       1.000000     541.499386       0.000000            0
# Jump frustrated.
       303       151.5000       1       1       5.423686       5.197826      10.621512       5.755767       3.330873       1.000000     541.499386       0.000000            1
# Jump frustrated.
       304       152.0000       1       1       4.977606       5.648747      10.626353       5.755767       3.458695       1.000000     541.499386       0.000000            0
# Jump frustrated.
       305       152.5000       1       1       4.669272       5.960364      10.629635       5.755767       3.546453       1.000000     541.499386       0.000000            0
# Jump frustrated.
       306       153.0000       1       1       4.544820       6.085966      10.630785       5.755767       3.599561       1.000000     541.499386       0.000000            0
# Jump frustrated.
       307       153.5000       1       1       4.625818       6.004792      10.630610       5.755766       3.622921       1.000000     541.499386       0.000000            0
# Jump frustrated.
       308       154.0000       1       1       4.910707       5.718502      10.629210       5.755766       3.633246       1.000000     541.499386       0.000000            0
       309       154.5000       1       1       5.377804       5.248274      10.626078       5.755766       3.629283       1.000000     541.499386       0.000000            0
       310       155.0000       1       1       5.986704       4.636458      10.623162       5.755766       3.605860       1.000000     541.499386       0.000000            0
# Jump frustrated.
       311       155.5000       1       1       6.681159       3.936617      10.617776       5.755766       3.573925       1.000000     541.499386       0.000000            0
       312       156.0000       1       1       7.396507       3.217676      10.614183       5.755766       3.563633       1.000000     541.499386       0.000000            0
       313       156.5000       1       1       8.077248       2.533613      10.610861       5.755765       3.686274       1.000000     541.499386       0.000000            0
# Jump frustrated.
       314       157.0000       1       1       8.631555       1.963110      10.594665       5.755765       3.458819       1.000000     541.499386       0.000000            1
# Jump frustrated.
       315       157.5000       1       1       8.924159       1.666648      10.590807       5.755765       3.155225       1.000000     541.499386       0.000000            0
# Jump frustrated.
       316       158.0000       1       1       8.898144       1.692599      10.590743       5.755765       3.149388       1.000000     541.499386       0.000000            0
# Jump frustrated.
       317       158.5000       1       1       8.614203       1.989269      10.603471       5.755763       3.443850       1.000000     541.499386       0.000000            0
       318       159.0000       1       1       8.272567       2.349258      10.621826       5.755761       3.688445       1.000000     541.499386       0.000000            0
# Jump frustrated.
       319       159.5000       1       1       8.128623       2.502472      10.631095       5.755760       3.787528       1.000000     541.499386       0.000000            0
# Jump frustrated.
       320       160.0000       1       1       8.267500       2.346352      10.613852       5.755761       3.415057       1.000000     541.499386       0.000000            0
# Jump frustrated.
       321       160.5000       1       1       8.454062       2.134178      10.588240       5.755760       2.640069       1.000000     541.499386       0.000000            0
# Jump frustrated.
       322       161.0000       1       1       8.342945       2.239850      10.582795       5.755760       2.448646       1.000000     541.499386       0.000000            0
       323       161.5000       1       1       7.819230       2.775889      10.595119       5.755760       2.984741       1.000000     541.499386       0.000000            0
       324       162.0000       1       1       7.035149       3.578496      10.613645       5.755758       3.438574       1.000000     541.499386       0.000000            1
       325       162.5000       1       1       6.212411       4.412658      10.625069       5.755757       3.706538       1.000000     541.499386       0.000000            0
       326       163.0000       1       1       5.502449       5.127239      10.629688       5.755757       3.778461       1.000000     541.499386       0.000000            0
# Jump frustrated.
       327       163.5000       1       1       4.972707       5.657881      10.630588       5.755757       3.724765       1.000000     541.499386       0.000000            0
# Jump frustrated.
       328       164.0000       1       1       4.632558       5.996903      10.629461       5.755755       3.648723       1.000000     541.499386       0.000000            0
       329       164.5000       1       1       4.466369       6.161742      10.628111       5.755752       3.591625       1.000000     541.499386       0.000000            0
       330       165.0000       1       1       4.450337       6.176067      10.626404       5.755749       3.566260       1.000000     541.499386       0.000000            0
       331       165.5000       1       1       4.560177       6.064998      10.625174       5.755748       3.581069       1.000000     541.499386       0.000000            0
       332       166.0000       1       1       4.775126       5.848464      10.623590       5.755748       3.623026       1.000000     541.499386       0.000000            0
# Jump frustrated.
       333       166.5000       1       1       5.075331       5.546397      10.621728       5.755749       3.668462       1.000000     541.499386       0.000000            0
       334       167.0000       1       1       5.448006       5.174574      10.622580       5.755751       3.760034       1.000000     541.499386       0.000000            1
       335       167.5000       1       1       5.909897       4.714518      10.624415       5.755750       3.798782       1.000000     541.499386       0.000000            0
       336       168.0000       1       1       6.463909       4.149828      10.613737       5.755749       3.509684       1.000000     541.499386       0.000000            0
# Jump frustrated.
       337       168.5000       1       1       6.982167       3.607561      10.589728       5.755747       2.950261       1.000000     541.499386       0.000000            0
       338       169.0000       1       1       7.235638       3.342862      10.578500       5.755747       3.000452       1.000000     541.499386       0.000000            0
# Jump frustrated.
       339       169.5000       1       1       7.121135       3.468672      10.589807       5.755748       4.211467       1.000000     541.499386       0.000000            0
       340       170.0000       1       1       6.874734       3.744166      10.618900       5.755747       5.447452       1.000000     541.499386       0.000000            0
# Jump frustrated.
       341       170.5000       1       1       6.870599       3.747902      10.618502       5.755747       5.696851       1.000000     541.499386       0.000000            0
       342       171.0000       1       1       7.161873       3.442306      10.604179       5.755750       5.321390       1.000000     541.499386       0.000000            0
# Jump frustrated.
       343       171.5000       1       1       7.578858       3.028339      10.607196       5.755751       5.109989       1.000000     541.499386       0.000000            0
# Jump frustrated.
       344       172.0000       1       1       8.041378       2.562470      10.603847       5.755751       4.584646       1.000000     541.499386       0.000000            0
# Jump frustrated.
       345       172.5000       1       1       8.404017       2.177775      10.581793       5.755750       3.530923       1.000000     541.499386       0.000000            1
# Jump frustrated.
       346       173.0000       1       1       8.435815       2.147257      10.583072       5.755749       2.624229       1.000000     541.499386       0.000000            0
# Jump frustrated.
       347       173.5000       1       1       8.084153       2.510153      10.594306       5.755749       2.376717       1.000000     541.499386       0.000000            0
       348       174.0000       1       1       7.505195       3.107021      10.612216       5.755749       2.493836       1.000000     541.499386       0.000000            0
       349       174.5000       1       1       6.881126       3.730879      10.612004       5.755749       2.647955       1.000000     541.499386       0.000000            0
# Jump frustrated.
       350       175.0000       1       1       6.346398       4.282281      10.628679       5.755750       2.667245       1.000000     541.499386       0.000000            0
# Jump frustrated.
       351       175.5000       1       1       6.003667       4.626285      10.629952       5.755750       2.529376       1.000000     541.499386       0.000000            0
       352       176.0000       1       1       5.865078       4.759568      10.624646       5.755749       2.342817       1.000000     541.499386       0.000000            0
# Jump frustrated.
       353       176.5000       1       1       5.861212       4.758115      10.619327       5.755747       2.207552       1.000000     541.499386       0.000000            0
# Jump frustrated.
       354       177.0000       1       1       5.916724       4.699778      10.616502       5.755746       2.221320       1.000000     541.499386       0.000000            1
# Jump frustrated.
       355       177.5000       1       1       5.994247       4.623794      10.618041       5.755746       2.432691       1.000000     541.499386       0.000000            0
       356       178.0000       1       1       6.115591       4.507119      10.622710       5.755747       2.730351       1.000000     541.499386       0.000000            0
# Jump frustrated.
       357       178.5000       1       1       6.335415       4.287887      10.623302       5.755747       2.907047       1.000000     541.499386       0.000000            0
       358       179.0000       1       1       6.660579       3.954678      10.615258       5.755745       2.851267       1.000000     541.499386       0.000000            0
# Jump frustrated.
       359       179.5000       1       1       6.987171       3.613789      10.600959       5.755745       2.682617       1.000000     541.499386       0.000000            0
       360       180.0000       1       1       7.141773       3.448742      10.590514       5.755746       2.774192       1.000000     541.499386       0.000000            0
# Jump frustrated.
       361       180.5000       1       1       7.005991       3.588461      10.594451       5.755747       3.447540       1.000000     541.499386       0.000000            0
# Jump frustrated.
       362       181.0000       1       1       6.669730       3.946582      10.616312       5.755746       4.363186       1.000000     541.499386       0.000000            0
# Jump frustrated.
       363       181.5000       1       1       6.425391       4.203599      10.628990       5.755744       4.702900       1.000000     541.499386       0.000000            0
# Jump frustrated.
       364       182.0000       1       1       6.412103       4.194671      10.606774       5.755743       4.128274       1.000000     541.499386       0.000000            1
# Jump frustrated.
       365       182.5000       1       1       6.365170       4.210242      10.575411       5.755744       3.435739       1.000000     541.499386       0.000000            0
       366       183.0000       1       1       5.909126       4.659917      10.569043       5.755744       3.694454       1.000000     541.499386       0.000000            0
       367       183.5000       1       1       5.011454       5.587503      10.598957       5.755744       5.030944       1.000000     541.499386       0.000000            0
# Jump frustrated.
       368       184.0000       1       1       4.182574       6.471076      10.653649       5.755744       6.427205       1.000000     541.499386       0.000000            0
# Jump frustrated.
       369       184.5000       1       1       4.106471       6.549343      10.655814       5.755746       6.548488       1.000000     541.499386       0.000000            0
# Jump frustrated.
       370       185.0000       1       1       4.807847       5.796147      10.603994       5.755746       5.515831       1.000000     541.499386       0.000000            0
# Jump frustrated.
       371       185.5000       1       1       5.660681       4.923370      10.584051       5.755745       4.762799       1.000000     541.499386       0.000000            0
# Jump frustrated.
       372       186.0000       1       1       6.261727       4.333975      10.595702       5.755744       4.670986       1.000000     541.499386       0.000000            0
       373       186.5000       1       1       6.639620       3.966720      10.606339       5.755743       4.655749       1.000000     541.499386       0.000000            0
       374       187.0000       1       1       6.905550       3.702437      10.607987       5.755742       4.404085       1.000000     541.499386       0.000000            0
       375       187.5000       1       1       7.106792       3.502304      10.609096       5.755743       4.003120       1.000000     541.499386       0.000000            1
# Jump frustrated.
       376       188.0000       1       1       7.274517       3.339956      10.614473       5.755743       3.692670       1.000000     541.499386       0.000000            0
# Jump frustrated.
       377       188.5000       1       1       7.457456       3.156847      10.614303       5.755743       3.408031       1.000000     541.499386       0.000000            0
# Jump frustrated.
       378       189.0000       1       1       7.666377       2.945711      10.612089       5.755743       3.063061       1.000000     541.499386       0.000000            0
       379       189.5000       1       1       7.869237       2.740596      10.609833       5.755744       2.753998       1.000000     541.499386       0.000000            0
# Jump frustrated.
       380       190.0000       1       1       8.026767       2.580739      10.607507       5.755744       2.490842       1.000000     541.499386       0.000000            0
       381       190.5000       1       1       8.098830       2.506831      10.605661       5.755743       2.376508       1.000000     541.499386       0.000000            0
# Jump frustrated.
       382       191.0000       1       1       8.067763       2.541086      10.608849       5.755743       2.536072       1.000000     541.499386       0.000000            0
# Jump frustrated.
       383       191.5000       1       1       7.976989       2.639492      10.616481       5.755741       2.888334       1.000000     541.499386       0.000000            0
# Jump frustrated.
       384       192.0000       1       1       7.919184       2.700943      10.620127       5.755740       3.161934       1.000000     541.499386       0.000000            0
# Jump frustrated.
       385       192.5000       1       1       7.935574       2.676653      10.612228       5.755742       3.120335       1.000000     541.499386       0.000000            0
       386       193.0000       1       1       7.962634       2.643644      10.606278       5.755744       2.951742       1.000000     541.499386       0.000000            1
# Jump frustrated.
       387       193.5000       1       1       7.890515       2.705096      10.595610       5.755744       3.032368       1.000000     541.499386       0.000000            0
       388       194.0000       1       1       7.600466       2.988686      10.589152       5.755744       3.639826       1.000000     541.499386       0.000000            0
# Jump frustrated.
       389       194.5000       1       1       7.037932       3.559603      10.597536       5.755745       4.614909       1.000000     541.499386       0.000000            0
       390       195.0000       1       1       6.327361       4.291001      10.618361       5.755747       5.543286       1.000000     541.499386       0.000000            0
# Jump frustrated.
       391       195.5000       1       1       5.782143       4.858181      10.640324       5.755748       6.046786       1.000000     541.499386       0.000000            0
# Jump frustrated.
       392       196.0000       1       1       5.661789       4.970497      10.632286       5.755748       5.718709       1.000000     541.499386       0.000000            0
# Jump frustrated.
       393       196.5000       1       1       5.873735       4.733618      10.607352       5.755751       4.752300       1.000000     541.499386       0.000000            0
# Jump frustrated.
       394       197.0000       1       1       6.092197       4.501514      10.593710       5.755752       3.898631       1.000000     541.499386       0.000000            0
       395       197.5000       1       1       6.107946       4.489888      10.597834       5.755753       3.619234       1.000000     541.499386       0.000000            0
# Jump frustrated.
       396       198.0000       1       1       5.924698       4.680263      10.604961       5.755753       3.700018       1.000000     541.499386       0.000000            1
# Jump frustrated.
       397       198.5000       1       1       5.638530       4.972988      10.611518       5.755753       3.868896       1.000000     541.499386       0.000000            0
# Jump frustrated.
       398       199.0000       1       1       5.348780       5.267789      10.616569       5.755752       3.994720       1.000000     541.499386       0.000000            0
# Jump frustrated.
       399       199.5000       1       1       5.137560       5.483284      10.620844       5.755751       4.012208       1.000000     541.499386       0.000000            0
# Jump frustrated.
       400       200.0000       1       1       5.058143       5.564043      10.622186       5.755751       3.896467       1.000000     541.499386       0.000000            0
