#===============================================================================================================================================================================
#     Step |         Time |         State |                                     Energy |      Angular |     Gradient |      Density |           Expectation Value |    Runtime |
#          |              |  diag |   MCH |          kin |          pot |          tot |     Momentum |          RMS |        Total |           DM |            S |            |
#          |         [fs] |       |       |         [eV] |         [eV] |         [eV] |       [hbar] |     [eV/Ang] |              |      [Debye] |              |      [sec] |
#===============================================================================================================================================================================
         0         0.0000       2       2       0.086357      10.140519      10.226876       0.000123       2.702550       1.000000     541.499386       0.000000            4
         1         0.5000       2       2       0.144270      10.081143      10.225414       0.000124       2.701401       1.000000     541.499386       0.000000            1
         2         1.0000       2       2       0.233402       9.990212      10.223613       0.000124       2.614425       1.000000     541.499386       0.000000            1
# Jump frustrated.
         3         1.5000       2       2       0.327089       9.895128      10.222217       0.000123       2.455961       1.000000     541.499386       0.000000            0
# Jump frustrated.
         4         2.0000       2       2       0.402782       9.818729      10.221511       0.000123       2.239121       1.000000     541.499386       0.000000            0
         5         2.5000       2       2       0.447609       9.773678      10.221287       0.000123       1.984477       1.000000     541.499386       0.000000            1
# Surface Hop/Pointer State Switch: new state=      1 old state=      2 randnum=  0.115360337 gap= -9.655981 eV
         6         3.0000       1       1      10.116462       0.104825      10.221287       2.737449       0.986981       1.000000     541.499386       0.000000            0
# Jump frustrated.
         7         3.5000       1       1       9.566782       0.666401      10.233183       2.737449       2.659976       1.000000     541.499386       0.000000            0
         8         4.0000       1       1       8.535789       1.737442      10.273231       2.737449       4.674016       1.000000     541.499386       0.000000            0
# Jump frustrated.
         9         4.5000       1       1       7.556541       2.750769      10.307310       2.737449       5.924804       1.000000     541.499386       0.000000            0
# Jump frustrated.
        10         5.0000       1       1       7.069827       3.225980      10.295807       2.737450       5.640320       1.000000     541.499386       0.000000            0
# Jump frustrated.
        11         5.5000       1       1       6.949810       3.314005      10.263815       2.737450       4.261112       1.000000     541.499386       0.000000            0
        12         6.0000       1       1       6.777212       3.479052      10.256264       2.737450       3.132370       1.000000     541.499386       0.000000            1
# Jump frustrated.
        13         6.5000       1       1       6.377645       3.890943      10.268589       2.737450       2.758378       1.000000     541.499386       0.000000            0
# Jump frustrated.
        14         7.0000       1       1       5.834834       4.442553      10.277387       2.737451       2.825835       1.000000     541.499386       0.000000            0
        15         7.5000       1       1       5.272917       5.010149      10.283067       2.737452       3.019040       1.000000     541.499386       0.000000            0
# Jump frustrated.
        16         8.0000       1       1       4.784302       5.504253      10.288555       2.737452       3.221992       1.000000     541.499386       0.000000            0
        17         8.5000       1       1       4.451796       5.841405      10.293201       2.737452       3.311622       1.000000     541.499386       0.000000            0
# Jump frustrated.
        18         9.0000       1       1       4.322876       5.969083      10.291960       2.737451       3.274799       1.000000     541.499386       0.000000            0
        19         9.5000       1       1       4.379479       5.908047      10.287526       2.737452       3.168906       1.000000     541.499386       0.000000            0
# Jump frustrated.
        20        10.0000       1       1       4.563661       5.719956      10.283617       2.737453       3.045700       1.000000     541.499386       0.000000            0
# Jump frustrated.
        21        10.5000       1       1       4.816099       5.464392      10.280491       2.737453       2.994368       1.000000     541.499386       0.000000            1
# Jump frustrated.
        22        11.0000       1       1       5.085229       5.189106      10.274335       2.737452       3.050253       1.000000     541.499386       0.000000            0
# Jump frustrated.
        23        11.5000       1       1       5.296743       4.968836      10.265579       2.737453       3.339401       1.000000     541.499386       0.000000            0
        24        12.0000       1       1       5.409633       4.862541      10.272174       2.737453       4.095603       1.000000     541.499386       0.000000            0
# Jump frustrated.
        25        12.5000       1       1       5.572434       4.721784      10.294218       2.737453       4.977875       1.000000     541.499386       0.000000            0
        26        13.0000       1       1       6.078830       4.218961      10.297792       2.737453       5.099258       1.000000     541.499386       0.000000            0
# Jump frustrated.
        27        13.5000       1       1       6.930114       3.329991      10.260105       2.737453       3.976356       1.000000     541.499386       0.000000            1
# Jump frustrated.
        28        14.0000       1       1       7.657133       2.567245      10.224378       2.737453       2.590444       1.000000     541.499386       0.000000            0
# Jump frustrated.
        29        14.5000       1       1       7.795224       2.425657      10.220881       2.737452       2.461723       1.000000     541.499386       0.000000            0
# Jump frustrated.
        30        15.0000       1       1       7.303793       2.948825      10.252618       2.737452       4.056958       1.000000     541.499386       0.000000            0
        31        15.5000       1       1       6.682501       3.616488      10.298988       2.737453       5.388770       1.000000     541.499386       0.000000            0
# Jump frustrated.
        32        16.0000       1       1       6.521198       3.774891      10.296089       2.737453       5.225668       1.000000     541.499386       0.000000            0
        33        16.5000       1       1       6.804845       3.453932      10.258777       2.737452       3.912085       1.000000     541.499386       0.000000            0
# Jump frustrated.
        34        17.0000       1       1       7.054965       3.191933      10.246897       2.737452       3.095608       1.000000     541.499386       0.000000            1
        35        17.5000       1       1       7.005804       3.250893      10.256697       2.737452       3.453954       1.000000     541.499386       0.000000            0
# Jump frustrated.
        36        18.0000       1       1       6.719799       3.549638      10.269437       2.737452       4.207033       1.000000     541.499386       0.000000            0
# Jump frustrated.
        37        18.5000       1       1       6.356926       3.922915      10.279840       2.737452       4.925969       1.000000     541.499386       0.000000            0
# Jump frustrated.
        38        19.0000       1       1       6.067954       4.219584      10.287539       2.737452       5.328095       1.000000     541.499386       0.000000            0
# Jump frustrated.
        39        19.5000       1       1       5.956520       4.334391      10.290910       2.737452       5.368446       1.000000     541.499386       0.000000            0
        40        20.0000       1       1       6.055674       4.232663      10.288338       2.737452       5.175493       1.000000     541.499386       0.000000            0
        41        20.5000       1       1       6.330520       3.952187      10.282707       2.737452       4.861294       1.000000     541.499386       0.000000            1
        42        21.0000       1       1       6.698516       3.576420      10.274935       2.737452       4.405099       1.000000     541.499386       0.000000            0
        43        21.5000       1       1       7.057906       3.209787      10.267692       2.737452       3.836162       1.000000     541.499386       0.000000            0
        44        22.0000       1       1       7.292258       2.969378      10.261637       2.737452       3.072394       1.000000     541.499386       0.000000            0
        45        22.5000       1       1       7.307492       2.952770      10.260262       2.737452       2.867032       1.000000     541.499386       0.000000            0
# Jump frustrated.
        46        23.0000       1       1       7.127383       3.147090      10.274472       2.737453       3.403041       1.000000     541.499386       0.000000            0
# Jump frustrated.
        47        23.5000       1       1       6.946096       3.346184      10.292280       2.737453       4.115065       1.000000     541.499386       0.000000            0
        48        24.0000       1       1       6.996851       3.296151      10.293002       2.737453       4.227318       1.000000     541.499386       0.000000            0
# Jump frustrated.
        49        24.5000       1       1       7.282768       2.991592      10.274360       2.737453       3.646669       1.000000     541.499386       0.000000            1
# Jump frustrated.
        50        25.0000       1       1       7.561069       2.694508      10.255576       2.737453       2.861226       1.000000     541.499386       0.000000            0
# Jump frustrated.
        51        25.5000       1       1       7.562088       2.685373      10.247461       2.737452       2.525633       1.000000     541.499386       0.000000            0
# Jump frustrated.
        52        26.0000       1       1       7.172058       3.083562      10.255620       2.737452       2.995396       1.000000     541.499386       0.000000            0
# Jump frustrated.
        53        26.5000       1       1       6.496784       3.779459      10.276243       2.737452       3.879550       1.000000     541.499386       0.000000            0
# Jump frustrated.
        54        27.0000       1       1       5.821813       4.474110      10.295922       2.737453       4.473737       1.000000     541.499386       0.000000            1
# Jump frustrated.
        55        27.5000       1       1       5.396295       4.895758      10.292053       2.737453       4.221805       1.000000     541.499386       0.000000            0
        56        28.0000       1       1       5.187019       5.089247      10.276266       2.737453       3.472319       1.000000     541.499386       0.000000            0
        57        28.5000       1       1       5.003536       5.268412      10.271948       2.737453       2.990164       1.000000     541.499386       0.000000            0
# Jump frustrated.
        58        29.0000       1       1       4.762156       5.514218      10.276374       2.737452       2.983829       1.000000     541.499386       0.000000            0
# Jump frustrated.
        59        29.5000       1       1       4.508205       5.775179      10.283384       2.737452       3.184809       1.000000     541.499386       0.000000            0
# Jump frustrated.
        60        30.0000       1       1       4.325458       5.963270      10.288728       2.737452       3.398951       1.000000     541.499386       0.000000            0
# Jump frustrated.
        61        30.5000       1       1       4.283359       6.007906      10.291265       2.737452       3.556707       1.000000     541.499386       0.000000            1
# Jump frustrated.
        62        31.0000       1       1       4.419208       5.872339      10.291547       2.737452       3.669227       1.000000     541.499386       0.000000            0
# Jump frustrated.
        63        31.5000       1       1       4.739904       5.550549      10.290452       2.737452       3.768362       1.000000     541.499386       0.000000            0
# Jump frustrated.
        64        32.0000       1       1       5.230861       5.056238      10.287099       2.737453       3.830756       1.000000     541.499386       0.000000            0
# Jump frustrated.
        65        32.5000       1       1       5.848280       4.433834      10.282114       2.737452       3.786531       1.000000     541.499386       0.000000            0
        66        33.0000       1       1       6.524394       3.753715      10.278109       2.737452       3.710907       1.000000     541.499386       0.000000            0
        67        33.5000       1       1       7.220916       3.058442      10.279358       2.737453       3.747924       1.000000     541.499386       0.000000            1
        68        34.0000       1       1       7.892220       2.362545      10.254765       2.737453       3.497802       1.000000     541.499386       0.000000            0
# Jump frustrated.
        69        34.5000       1       1       8.400798       1.853079      10.253877       2.737453       3.001609       1.000000     541.499386       0.000000            0
# Jump frustrated.
        70        35.0000       1       1       8.692698       1.573225      10.265923       2.737454       2.760465       1.000000     541.499386       0.000000            0
# Jump frustrated.
        71        35.5000       1       1       8.879245       1.391777      10.271022       2.737454       2.523327       1.000000     541.499386       0.000000            0
# Jump frustrated.
        72        36.0000       1       1       9.019765       1.247283      10.267049       2.737454       2.128927       1.000000     541.499386       0.000000            0
        73        36.5000       1       1       9.064635       1.195797      10.260432       2.737454       1.784379       1.000000     541.499386       0.000000            0
        74        37.0000       1       1       8.926655       1.328250      10.254905       2.737454       1.967440       1.000000     541.499386       0.000000            1
# Jump frustrated.
        75        37.5000       1       1       8.557857       1.700281      10.258138       2.737454       2.666675       1.000000     541.499386       0.000000            0
# Jump frustrated.
        76        38.0000       1       1       7.989814       2.270991      10.260804       2.737454       3.411515       1.000000     541.499386       0.000000            0
# Jump frustrated.
        77        38.5000       1       1       7.316059       2.956922      10.272981       2.737453       3.875908       1.000000     541.499386       0.000000            0
# Jump frustrated.
        78        39.0000       1       1       6.652414       3.624584      10.276998       2.737453       4.017175       1.000000     541.499386       0.000000            0
# Jump frustrated.
        79        39.5000       1       1       6.067260       4.210865      10.278125       2.737453       4.146577       1.000000     541.499386       0.000000            0
        80        40.0000       1       1       5.584842       4.694172      10.279015       2.737453       4.263496       1.000000     541.499386       0.000000            0
        81        40.5000       1       1       5.223727       5.057276      10.281003       2.737453       4.307389       1.000000     541.499386       0.000000            1
        82        41.0000       1       1       5.000144       5.280868      10.281012       2.737453       4.251528       1.000000     541.499386       0.000000            0
# Jump frustrated.
        83        41.5000       1       1       4.920501       5.360381      10.280882       2.737453       4.123184       1.000000     541.499386       0.000000            0
        84        42.0000       1       1       4.979337       5.299553      10.278890       2.737453       3.947502       1.000000     541.499386       0.000000            0
# Jump frustrated.
        85        42.5000       1       1       5.154591       5.121426      10.276018       2.737453       3.752893       1.000000     541.499386       0.000000            0
# Jump frustrated.
        86        43.0000       1       1       5.419946       4.855067      10.275014       2.737454       3.515629       1.000000     541.499386       0.000000            0
        87        43.5000       1       1       5.745576       4.524973      10.270549       2.737453       3.157982       1.000000     541.499386       0.000000            0
# Jump frustrated.
        88        44.0000       1       1       6.067183       4.195709      10.262893       2.737453       2.669216       1.000000     541.499386       0.000000            0
        89        44.5000       1       1       6.276584       3.975854      10.252438       2.737453       2.221481       1.000000     541.499386       0.000000            1
        90        45.0000       1       1       6.238614       4.004296      10.242910       2.737453       2.433277       1.000000     541.499386       0.000000            0
# Jump frustrated.
        91        45.5000       1       1       5.868948       4.377988      10.246935       2.737453       3.779545       1.000000     541.499386       0.000000            0
# Jump frustrated.
        92        46.0000       1       1       5.316940       4.962400      10.279340       2.737453       5.609748       1.000000     541.499386       0.000000            0
# Jump frustrated.
        93        46.5000       1       1       5.048783       5.260523      10.309305       2.737453       6.749251       1.000000     541.499386       0.000000            0
        94        47.0000       1       1       5.447418       4.848424      10.295842       2.737454       6.552859       1.000000     541.499386       0.000000            0
# Jump frustrated.
        95        47.5000       1       1       6.319754       3.932672      10.252426       2.737453       5.012155       1.000000     541.499386       0.000000            0
# Jump frustrated.
        96        48.0000       1       1       7.107365       3.126121      10.233487       2.737453       3.341527       1.000000     541.499386       0.000000            0
        97        48.5000       1       1       7.486718       2.752015      10.238732       2.737453       2.270245       1.000000     541.499386       0.000000            1
# Jump frustrated.
        98        49.0000       1       1       7.465863       2.785647      10.251510       2.737453       1.968188       1.000000     541.499386       0.000000            0
        99        49.5000       1       1       7.193358       3.068822      10.262180       2.737454       2.127201       1.000000     541.499386       0.000000            0
       100        50.0000       1       1       6.817934       3.451441      10.269375       2.737454       2.420788       1.000000     541.499386       0.000000            0
# Jump frustrated.
       101        50.5000       1       1       6.453292       3.822641      10.275933       2.737454       2.740306       1.000000     541.499386       0.000000            0
       102        51.0000       1       1       6.189953       4.089415      10.279368       2.737454       2.901832       1.000000     541.499386       0.000000            0
# Jump frustrated.
       103        51.5000       1       1       6.070939       4.206920      10.277859       2.737454       2.872869       1.000000     541.499386       0.000000            0
# Jump frustrated.
       104        52.0000       1       1       6.081897       4.193841      10.275738       2.737454       2.770673       1.000000     541.499386       0.000000            1
# Jump frustrated.
       105        52.5000       1       1       6.192493       4.082149      10.274642       2.737454       2.705064       1.000000     541.499386       0.000000            0
       106        53.0000       1       1       6.381553       3.891981      10.273535       2.737455       2.691368       1.000000     541.499386       0.000000            0
       107        53.5000       1       1       6.632657       3.639740      10.272397       2.737455       2.710284       1.000000     541.499386       0.000000            0
       108        54.0000       1       1       6.933396       3.338710      10.272106       2.737454       2.764759       1.000000     541.499386       0.000000            0
# Jump frustrated.
       109        54.5000       1       1       7.270593       2.999274      10.269867       2.737455       2.776009       1.000000     541.499386       0.000000            1
# Jump frustrated.
       110        55.0000       1       1       7.601913       2.657761      10.259674       2.737455       2.700635       1.000000     541.499386       0.000000            0
# Jump frustrated.
       111        55.5000       1       1       7.803127       2.438736      10.241864       2.737455       2.445572       1.000000     541.499386       0.000000            0
# Jump frustrated.
       112        56.0000       1       1       7.685249       2.546484      10.231733       2.737455       2.551232       1.000000     541.499386       0.000000            0
# Jump frustrated.
       113        56.5000       1       1       7.156433       3.080655      10.237089       2.737455       3.606565       1.000000     541.499386       0.000000            0
# Jump frustrated.
       114        57.0000       1       1       6.384529       3.880148      10.264677       2.737455       5.000042       1.000000     541.499386       0.000000            0
# Jump frustrated.
       115        57.5000       1       1       5.796411       4.493002      10.289413       2.737454       5.843493       1.000000     541.499386       0.000000            1
# Jump frustrated.
       116        58.0000       1       1       5.779196       4.511686      10.290882       2.737453       5.824766       1.000000     541.499386       0.000000            0
# Jump frustrated.
       117        58.5000       1       1       6.354007       3.913365      10.267372       2.737454       5.025116       1.000000     541.499386       0.000000            0
# Jump frustrated.
       118        59.0000       1       1       7.148374       3.086053      10.234427       2.737454       3.586910       1.000000     541.499386       0.000000            0
# Jump frustrated.
       119        59.5000       1       1       7.655284       2.565169      10.220453       2.737455       2.407149       1.000000     541.499386       0.000000            0
       120        60.0000       1       1       7.625147       2.608143      10.233290       2.737455       2.296585       1.000000     541.499386       0.000000            0
# Jump frustrated.
       121        60.5000       1       1       7.128420       3.117817      10.246237       2.737456       2.748755       1.000000     541.499386       0.000000            1
       122        61.0000       1       1       6.349166       3.910251      10.259417       2.737456       3.280934       1.000000     541.499386       0.000000            0
# Jump frustrated.
       123        61.5000       1       1       5.500850       4.777215      10.278065       2.737456       3.675399       1.000000     541.499386       0.000000            0
# Jump frustrated.
       124        62.0000       1       1       4.797050       5.488267      10.285317       2.737457       3.753802       1.000000     541.499386       0.000000            0
# Jump frustrated.
       125        62.5000       1       1       4.349822       5.933998      10.283820       2.737457       3.565923       1.000000     541.499386       0.000000            0
       126        63.0000       1       1       4.145544       6.132677      10.278221       2.737458       3.226687       1.000000     541.499386       0.000000            0
# Jump frustrated.
       127        63.5000       1       1       4.105446       6.167763      10.273209       2.737458       2.962976       1.000000     541.499386       0.000000            0
       128        64.0000       1       1       4.154484       6.117107      10.271590       2.737458       2.966118       1.000000     541.499386       0.000000            1
# Jump frustrated.
       129        64.5000       1       1       4.259845       6.012681      10.272526       2.737458       3.231655       1.000000     541.499386       0.000000            0
# Jump frustrated.
       130        65.0000       1       1       4.431766       5.843274      10.275040       2.737459       3.618314       1.000000     541.499386       0.000000            0
# Jump frustrated.
       131        65.5000       1       1       4.705684       5.572140      10.277824       2.737460       3.988478       1.000000     541.499386       0.000000            0
# Jump frustrated.
       132        66.0000       1       1       5.123753       5.156304      10.280057       2.737460       4.225421       1.000000     541.499386       0.000000            0
       133        66.5000       1       1       5.709227       4.567948      10.277174       2.737461       4.247877       1.000000     541.499386       0.000000            0
       134        67.0000       1       1       6.415607       3.849214      10.264821       2.737461       3.980655       1.000000     541.499386       0.000000            0
       135        67.5000       1       1       7.100618       3.148750      10.249368       2.737462       3.576952       1.000000     541.499386       0.000000            0
# Jump frustrated.
       136        68.0000       1       1       7.552314       2.678107      10.230420       2.737463       3.351263       1.000000     541.499386       0.000000            0
# Jump frustrated.
       137        68.5000       1       1       7.577489       2.649665      10.227153       2.737463       3.935294       1.000000     541.499386       0.000000            1
# Jump frustrated.
       138        69.0000       1       1       7.265716       2.995122      10.260837       2.737463       5.229188       1.000000     541.499386       0.000000            0
       139        69.5000       1       1       7.036531       3.237191      10.273722       2.737464       5.805031       1.000000     541.499386       0.000000            0
# Jump frustrated.
       140        70.0000       1       1       7.117994       3.141484      10.259478       2.737464       5.561131       1.000000     541.499386       0.000000            0
# Jump frustrated.
       141        70.5000       1       1       7.393490       2.861423      10.254913       2.737464       5.243038       1.000000     541.499386       0.000000            0
       142        71.0000       1       1       7.749311       2.506001      10.255312       2.737464       4.875319       1.000000     541.499386       0.000000            0
# Jump frustrated.
       143        71.5000       1       1       8.096666       2.147049      10.243716       2.737464       4.132273       1.000000     541.499386       0.000000            0
       144        72.0000       1       1       8.245532       1.991760      10.237292       2.737464       3.349605       1.000000     541.499386       0.000000            0
# Jump frustrated.
       145        72.5000       1       1       8.063842       2.180267      10.244109       2.737464       2.961936       1.000000     541.499386       0.000000            1
       146        73.0000       1       1       7.598040       2.657761      10.255802       2.737464       2.935394       1.000000     541.499386       0.000000            0
       147        73.5000       1       1       6.980014       3.285563      10.265577       2.737464       3.036065       1.000000     541.499386       0.000000            0
# Jump frustrated.
       148        74.0000       1       1       6.343205       3.929973      10.273178       2.737464       3.039593       1.000000     541.499386       0.000000            0
# Jump frustrated.
       149        74.5000       1       1       5.781773       4.494247      10.276020       2.737463       2.975402       1.000000     541.499386       0.000000            0
# Jump frustrated.
       150        75.0000       1       1       5.340393       4.936034      10.276427       2.737463       2.930257       1.000000     541.499386       0.000000            0
# Jump frustrated.
       151        75.5000       1       1       5.035006       5.242253      10.277259       2.737462       2.964392       1.000000     541.499386       0.000000            0
# Jump frustrated.
       152        76.0000       1       1       4.884080       5.395259      10.279339       2.737463       3.115874       1.000000     541.499386       0.000000            1
       153        76.5000       1       1       4.928384       5.354568      10.282953       2.737462       3.368442       1.000000     541.499386       0.000000            0
# Jump frustrated.
       154        77.0000       1       1       5.221007       5.063297      10.284304       2.737461       3.586528       1.000000     541.499386       0.000000            0
       155        77.5000       1       1       5.783129       4.497569      10.280699       2.737461       3.629030       1.000000     541.499386       0.000000            0
# Jump frustrated.
       156        78.0000       1       1       6.551767       3.715723      10.267491       2.737460       3.377830       1.000000     541.499386       0.000000            0
# Jump frustrated.
       157        78.5000       1       1       7.350848       2.900246      10.251093       2.737461       2.810333       1.000000     541.499386       0.000000            0
# Jump frustrated.
       158        79.0000       1       1       7.945570       2.290506      10.236076       2.737461       2.361449       1.000000     541.499386       0.000000            0
       159        79.5000       1       1       8.149808       2.081861      10.231669       2.737460       2.479883       1.000000     541.499386       0.000000            1
# Jump frustrated.
       160        80.0000       1       1       7.909611       2.328290      10.237900       2.737460       3.236362       1.000000     541.499386       0.000000            0
# Jump frustrated.
       161        80.5000       1       1       7.344127       2.911456      10.255583       2.737460       4.311527       1.000000     541.499386       0.000000            0
       162        81.0000       1       1       6.771474       3.510608      10.282083       2.737460       5.184789       1.000000     541.499386       0.000000            0
       163        81.5000       1       1       6.546651       3.737107      10.283758       2.737460       5.210822       1.000000     541.499386       0.000000            0
# Jump frustrated.
       164        82.0000       1       1       6.697762       3.559396      10.257158       2.737461       4.219517       1.000000     541.499386       0.000000            0
# Jump frustrated.
       165        82.5000       1       1       6.889744       3.347637      10.237382       2.737462       2.876101       1.000000     541.499386       0.000000            1
       166        83.0000       1       1       6.827488       3.415525      10.243012       2.737462       2.281439       1.000000     541.499386       0.000000            0
       167        83.5000       1       1       6.493625       3.762850      10.256475       2.737461       2.492455       1.000000     541.499386       0.000000            0
       168        84.0000       1       1       6.018351       4.248026      10.266377       2.737461       2.873002       1.000000     541.499386       0.000000            0
# Jump frustrated.
       169        84.5000       1       1       5.534587       4.737355      10.271942       2.737461       3.161787       1.000000     541.499386       0.000000            0
       170        85.0000       1       1       5.122478       5.151737      10.274215       2.737461       3.384613       1.000000     541.499386       0.000000            1
# Jump frustrated.
       171        85.5000       1       1       4.813826       5.460448      10.274274       2.737460       3.547695       1.000000     541.499386       0.000000            0
# Jump frustrated.
       172        86.0000       1       1       4.610820       5.662241      10.273061       2.737460       3.697810       1.000000     541.499386       0.000000            0
# Jump frustrated.
       173        86.5000       1       1       4.502662       5.769989      10.272651       2.737461       3.887815       1.000000     541.499386       0.000000            0
# Jump frustrated.
       174        87.0000       1       1       4.494612       5.781615      10.276227       2.737461       4.123020       1.000000     541.499386       0.000000            0
# Jump frustrated.
       175        87.5000       1       1       4.631497       5.649785      10.281282       2.737461       4.337386       1.000000     541.499386       0.000000            0
       176        88.0000       1       1       4.974247       5.308480      10.282727       2.737461       4.431368       1.000000     541.499386       0.000000            0
       177        88.5000       1       1       5.546908       4.732787      10.279696       2.737461       4.382708       1.000000     541.499386       0.000000            1
       178        89.0000       1       1       6.304519       3.965889      10.270408       2.737460       4.125421       1.000000     541.499386       0.000000            0
       179        89.5000       1       1       7.134573       3.124876      10.259449       2.737459       3.719214       1.000000     541.499386       0.000000            0
       180        90.0000       1       1       7.891201       2.357147      10.248349       2.737458       3.275667       1.000000     541.499386       0.000000            0
# Jump frustrated.
       181        90.5000       1       1       8.402167       1.831695      10.233862       2.737457       2.698122       1.000000     541.499386       0.000000            0
# Jump frustrated.
       182        91.0000       1       1       8.493947       1.738065      10.232012       2.737457       2.464634       1.000000     541.499386       0.000000            0
# Jump frustrated.
       183        91.5000       1       1       8.159610       2.089335      10.248945       2.737458       3.298241       1.000000     541.499386       0.000000            0
       184        92.0000       1       1       7.679559       2.600462      10.280021       2.737457       4.464594       1.000000     541.499386       0.000000            0
# Jump frustrated.
       185        92.5000       1       1       7.459858       2.829244      10.289102       2.737456       4.876709       1.000000     541.499386       0.000000            1
       186        93.0000       1       1       7.612731       2.648419      10.261150       2.737455       4.262061       1.000000     541.499386       0.000000            0
# Jump frustrated.
       187        93.5000       1       1       7.825414       2.413409      10.238823       2.737455       3.219477       1.000000     541.499386       0.000000            0
       188        94.0000       1       1       7.764949       2.475690      10.240640       2.737455       2.534344       1.000000     541.499386       0.000000            0
       189        94.5000       1       1       7.370618       2.879070      10.249688       2.737455       2.418776       1.000000     541.499386       0.000000            0
# Jump frustrated.
       190        95.0000       1       1       6.774029       3.490055      10.264085       2.737456       2.500908       1.000000     541.499386       0.000000            0
# Jump frustrated.
       191        95.5000       1       1       6.129440       4.142977      10.272418       2.737456       2.635787       1.000000     541.499386       0.000000            1
# Jump frustrated.
       192        96.0000       1       1       5.551607       4.724898      10.276505       2.737454       2.793010       1.000000     541.499386       0.000000            0
       193        96.5000       1       1       5.111989       5.167515      10.279504       2.737453       2.966119       1.000000     541.499386       0.000000            0
# Jump frustrated.
       194        97.0000       1       1       4.856384       5.425155      10.281539       2.737453       3.141569       1.000000     541.499386       0.000000            0
       195        97.5000       1       1       4.816393       5.466053      10.282446       2.737453       3.251548       1.000000     541.499386       0.000000            0
       196        98.0000       1       1       5.007372       5.274640      10.282012       2.737455       3.228250       1.000000     541.499386       0.000000            0
# Jump frustrated.
       197        98.5000       1       1       5.413845       4.863994      10.277840       2.737455       3.057463       1.000000     541.499386       0.000000            0
# Jump frustrated.
       198        99.0000       1       1       5.972233       4.298475      10.270707       2.737455       2.814742       1.000000     541.499386       0.000000            0
# Jump frustrated.
       199        99.5000       1       1       6.566133       3.691641      10.257774       2.737455       2.597418       1.000000     541.499386       0.000000            1
       200       100.0000       1       1       7.061410       3.191310      10.252720       2.737456       2.491529       1.000000     541.499386       0.000000            0
       201       100.5000       1       1       7.373714       2.876994      10.250707       2.737457       2.489723       1.000000     541.499386       0.000000            0
# Jump frustrated.
       202       101.0000       1       1       7.463548       2.784816      10.248364       2.737457       2.535829       1.000000     541.499386       0.000000            0
# Jump frustrated.
       203       101.5000       1       1       7.301883       2.943428      10.245311       2.737458       2.740602       1.000000     541.499386       0.000000            0
# Jump frustrated.
       204       102.0000       1       1       6.892346       3.361962      10.254308       2.737458       3.382492       1.000000     541.499386       0.000000            0
       205       102.5000       1       1       6.371345       3.899870      10.271216       2.737458       4.298976       1.000000     541.499386       0.000000            0
# Jump frustrated.
       206       103.0000       1       1       6.015222       4.271901      10.287123       2.737458       4.889221       1.000000     541.499386       0.000000            0
       207       103.5000       1       1       6.032373       4.248649      10.281022       2.737456       4.613423       1.000000     541.499386       0.000000            0
       208       104.0000       1       1       6.338443       3.921669      10.260112       2.737453       3.701907       1.000000     541.499386       0.000000            0
# Jump frustrated.
       209       104.5000       1       1       6.642950       3.603824      10.246774       2.737453       2.931858       1.000000     541.499386       0.000000            1
# Jump frustrated.
       210       105.0000       1       1       6.728410       3.518705      10.247115       2.737452       2.765753       1.000000     541.499386       0.000000            0
# Jump frustrated.
       211       105.5000       1       1       6.563277       3.692264      10.255541       2.737451       2.977346       1.000000     541.499386       0.000000            0
       212       106.0000       1       1       6.232535       4.030040      10.262574       2.737451       3.246446       1.000000     541.499386       0.000000            0
# Jump frustrated.
       213       106.5000       1       1       5.830006       4.436740      10.266747       2.737451       3.494019       1.000000     541.499386       0.000000            0
# Jump frustrated.
       214       107.0000       1       1       5.425934       4.845102      10.271037       2.737451       3.725890       1.000000     541.499386       0.000000            0
# Jump frustrated.
       215       107.5000       1       1       5.089063       5.187653      10.276716       2.737451       4.032498       1.000000     541.499386       0.000000            0
       216       108.0000       1       1       4.909540       5.373668      10.283208       2.737451       4.367685       1.000000     541.499386       0.000000            1
# Jump frustrated.
       217       108.5000       1       1       4.985734       5.300591      10.286325       2.737451       4.518911       1.000000     541.499386       0.000000            0
# Jump frustrated.
       218       109.0000       1       1       5.359496       4.922332      10.281827       2.737451       4.344982       1.000000     541.499386       0.000000            0
       219       109.5000       1       1       5.969388       4.303872      10.273260       2.737451       3.970253       1.000000     541.499386       0.000000            0
       220       110.0000       1       1       6.685160       3.577042      10.262202       2.737452       3.546436       1.000000     541.499386       0.000000            0
# Jump frustrated.
       221       110.5000       1       1       7.362532       2.889865      10.252397       2.737452       3.129867       1.000000     541.499386       0.000000            0
# Jump frustrated.
       222       111.0000       1       1       7.884771       2.363998      10.248769       2.737452       2.779764       1.000000     541.499386       0.000000            0
# Jump frustrated.
       223       111.5000       1       1       8.183378       2.061308      10.244686       2.737451       2.941457       1.000000     541.499386       0.000000            0
# Jump frustrated.
       224       112.0000       1       1       8.239024       2.006500      10.245524       2.737450       3.615493       1.000000     541.499386       0.000000            1
# Jump frustrated.
       225       112.5000       1       1       8.124265       2.132102      10.256367       2.737450       4.328523       1.000000     541.499386       0.000000            0
# Jump frustrated.
       226       113.0000       1       1       7.953811       2.297979      10.251790       2.737450       4.494797       1.000000     541.499386       0.000000            0
# Jump frustrated.
       227       113.5000       1       1       7.695937       2.549806      10.245743       2.737450       4.594112       1.000000     541.499386       0.000000            0
       228       114.0000       1       1       7.336942       2.928065      10.265006       2.737450       5.058981       1.000000     541.499386       0.000000            0
# Jump frustrated.
       229       114.5000       1       1       7.057225       3.213939      10.271164       2.737449       5.013837       1.000000     541.499386       0.000000            0
       230       115.0000       1       1       6.922241       3.335181      10.257422       2.737447       4.265855       1.000000     541.499386       0.000000            1
       231       115.5000       1       1       6.772647       3.478637      10.251284       2.737446       3.467898       1.000000     541.499386       0.000000            0
# Jump frustrated.
       232       116.0000       1       1       6.486301       3.769078      10.255380       2.737446       2.990968       1.000000     541.499386       0.000000            0
       233       116.5000       1       1       6.061113       4.197163      10.258276       2.737446       2.766844       1.000000     541.499386       0.000000            0
# Jump frustrated.
       234       117.0000       1       1       5.536253       4.727389      10.263642       2.737445       2.725693       1.000000     541.499386       0.000000            0
# Jump frustrated.
       235       117.5000       1       1       4.980186       5.291248      10.271434       2.737445       2.848683       1.000000     541.499386       0.000000            0
# Jump frustrated.
       236       118.0000       1       1       4.502781       5.777670      10.280451       2.737446       3.045251       1.000000     541.499386       0.000000            1
# Jump frustrated.
       237       118.5000       1       1       4.220125       6.064790      10.284915       2.737445       3.151449       1.000000     541.499386       0.000000            0
# Jump frustrated.
       238       119.0000       1       1       4.192197       6.090118      10.282315       2.737444       3.097724       1.000000     541.499386       0.000000            0
       239       119.5000       1       1       4.387341       5.888532      10.275873       2.737445       2.958310       1.000000     541.499386       0.000000            0
# Jump frustrated.
       240       120.0000       1       1       4.714582       5.554909      10.269491       2.737445       2.872806       1.000000     541.499386       0.000000            0
# Jump frustrated.
       241       120.5000       1       1       5.075213       5.188276      10.263489       2.737445       2.907752       1.000000     541.499386       0.000000            0
# Jump frustrated.
       242       121.0000       1       1       5.379732       4.878527      10.258259       2.737445       3.117888       1.000000     541.499386       0.000000            1
# Jump frustrated.
       243       121.5000       1       1       5.575623       4.685038      10.260661       2.737444       3.643371       1.000000     541.499386       0.000000            0
# Jump frustrated.
       244       122.0000       1       1       5.722308       4.550924      10.273232       2.737445       4.379583       1.000000     541.499386       0.000000            0
# Jump frustrated.
       245       122.5000       1       1       6.006757       4.278544      10.285302       2.737446       4.859826       1.000000     541.499386       0.000000            0
       246       123.0000       1       1       6.584378       3.694340      10.278718       2.737446       4.563893       1.000000     541.499386       0.000000            0
       247       123.5000       1       1       7.379684       2.881146      10.260830       2.737446       3.711938       1.000000     541.499386       0.000000            0
# Jump frustrated.
       248       124.0000       1       1       8.157376       2.094317      10.251694       2.737445       2.836965       1.000000     541.499386       0.000000            0
# Jump frustrated.
       249       124.5000       1       1       8.710548       1.532327      10.242875       2.737445       2.241659       1.000000     541.499386       0.000000            1
       250       125.0000       1       1       8.913250       1.324513      10.237763       2.737444       1.972913       1.000000     541.499386       0.000000            0
# Jump frustrated.
       251       125.5000       1       1       8.708599       1.532535      10.241134       2.737444       2.251447       1.000000     541.499386       0.000000            0
# Jump frustrated.
       252       126.0000       1       1       8.178236       2.084768      10.263003       2.737445       3.172599       1.000000     541.499386       0.000000            0
       253       126.5000       1       1       7.608033       2.671048      10.279081       2.737445       4.057484       1.000000     541.499386       0.000000            0
# Jump frustrated.
       254       127.0000       1       1       7.241734       3.040587      10.282321       2.737447       4.296948       1.000000     541.499386       0.000000            0
# Jump frustrated.
       255       127.5000       1       1       7.069854       3.195462      10.265316       2.737449       3.702387       1.000000     541.499386       0.000000            0
# Jump frustrated.
       256       128.0000       1       1       6.923863       3.340579      10.264441       2.737449       3.106254       1.000000     541.499386       0.000000            0
       257       128.5000       1       1       6.677758       3.588668      10.266426       2.737449       2.956278       1.000000     541.499386       0.000000            0
# Jump frustrated.
       258       129.0000       1       1       6.335895       3.936617      10.272512       2.737449       3.070166       1.000000     541.499386       0.000000            1
# Jump frustrated.
       259       129.5000       1       1       5.967824       4.309685      10.277510       2.737448       3.190215       1.000000     541.499386       0.000000            0
       260       130.0000       1       1       5.643858       4.637081      10.280938       2.737448       3.244027       1.000000     541.499386       0.000000            0
       261       130.5000       1       1       5.412100       4.869600      10.281699       2.737448       3.221777       1.000000     541.499386       0.000000            0
# Jump frustrated.
       262       131.0000       1       1       5.285357       4.995202      10.280559       2.737448       3.157036       1.000000     541.499386       0.000000            0
# Jump frustrated.
       263       131.5000       1       1       5.246973       5.031740      10.278714       2.737446       3.097364       1.000000     541.499386       0.000000            1
       264       132.0000       1       1       5.270044       5.006620      10.276664       2.737445       3.068757       1.000000     541.499386       0.000000            0
# Jump frustrated.
       265       132.5000       1       1       5.323927       4.949944      10.273871       2.737445       3.103512       1.000000     541.499386       0.000000            0
       266       133.0000       1       1       5.379953       4.893475      10.273428       2.737445       3.287332       1.000000     541.499386       0.000000            0
# Jump frustrated.
       267       133.5000       1       1       5.444071       4.832854      10.276924       2.737445       3.609355       1.000000     541.499386       0.000000            0
# Jump frustrated.
       268       134.0000       1       1       5.564553       4.715348      10.279901       2.737445       3.883743       1.000000     541.499386       0.000000            0
       269       134.5000       1       1       5.783285       4.495701      10.278986       2.737444       3.924235       1.000000     541.499386       0.000000            0
# Jump frustrated.
       270       135.0000       1       1       6.081297       4.191557      10.272854       2.737444       3.720678       1.000000     541.499386       0.000000            0
# Jump frustrated.
       271       135.5000       1       1       6.374522       3.890736      10.265258       2.737443       3.411792       1.000000     541.499386       0.000000            1
# Jump frustrated.
       272       136.0000       1       1       6.554313       3.704098      10.258411       2.737443       3.079968       1.000000     541.499386       0.000000            0
       273       136.5000       1       1       6.520026       3.730879      10.250905       2.737443       2.918325       1.000000     541.499386       0.000000            0
       274       137.0000       1       1       6.207718       4.045402      10.253120       2.737444       3.364789       1.000000     541.499386       0.000000            0
       275       137.5000       1       1       5.729987       4.551339      10.281326       2.737445       4.441449       1.000000     541.499386       0.000000            0
       276       138.0000       1       1       5.483955       4.823511      10.307466       2.737445       5.067546       1.000000     541.499386       0.000000            0
       277       138.5000       1       1       5.783079       4.507327      10.290406       2.737446       4.477741       1.000000     541.499386       0.000000            0
# Jump frustrated.
       278       139.0000       1       1       6.432700       3.824509      10.257209       2.737446       3.115442       1.000000     541.499386       0.000000            1
       279       139.5000       1       1       6.992431       3.252969      10.245400       2.737446       2.323323       1.000000     541.499386       0.000000            0
# Jump frustrated.
       280       140.0000       1       1       7.231670       3.017751      10.249420       2.737447       2.779435       1.000000     541.499386       0.000000            0
# Jump frustrated.
       281       140.5000       1       1       7.161037       3.097472      10.258508       2.737448       3.635871       1.000000     541.499386       0.000000            0
# Jump frustrated.
       282       141.0000       1       1       6.892235       3.374419      10.266654       2.737448       4.296663       1.000000     541.499386       0.000000            0
# Jump frustrated.
       283       141.5000       1       1       6.536443       3.735654      10.272097       2.737449       4.916960       1.000000     541.499386       0.000000            0
# Jump frustrated.
       284       142.0000       1       1       6.185215       4.094813      10.280028       2.737450       5.405142       1.000000     541.499386       0.000000            0
       285       142.5000       1       1       5.928171       4.355774      10.283945       2.737450       5.534189       1.000000     541.499386       0.000000            0
       286       143.0000       1       1       5.824342       4.460200      10.284542       2.737451       5.417384       1.000000     541.499386       0.000000            1
# Jump frustrated.
       287       143.5000       1       1       5.884991       4.398333      10.283324       2.737451       5.125739       1.000000     541.499386       0.000000            0
# Jump frustrated.
       288       144.0000       1       1       6.086253       4.194464      10.280716       2.737450       4.751324       1.000000     541.499386       0.000000            0
       289       144.5000       1       1       6.380451       3.895095      10.275546       2.737451       4.305974       1.000000     541.499386       0.000000            0
# Jump frustrated.
       290       145.0000       1       1       6.700875       3.571645      10.272519       2.737452       3.790019       1.000000     541.499386       0.000000            0
       291       145.5000       1       1       6.987233       3.282864      10.270097       2.737451       3.360398       1.000000     541.499386       0.000000            0
# Jump frustrated.
       292       146.0000       1       1       7.203727       3.065500      10.269228       2.737450       3.042142       1.000000     541.499386       0.000000            1
# Jump frustrated.
       293       146.5000       1       1       7.339989       2.931179      10.271168       2.737450       2.886638       1.000000     541.499386       0.000000            0
       294       147.0000       1       1       7.424784       2.850420      10.275204       2.737451       2.930116       1.000000     541.499386       0.000000            0
# Jump frustrated.
       295       147.5000       1       1       7.506594       2.769038      10.275632       2.737452       2.983305       1.000000     541.499386       0.000000            0
# Jump frustrated.
       296       148.0000       1       1       7.602974       2.670425      10.273399       2.737452       2.927745       1.000000     541.499386       0.000000            0
# Jump frustrated.
       297       148.5000       1       1       7.685038       2.584269      10.269306       2.737452       2.852931       1.000000     541.499386       0.000000            1
       298       149.0000       1       1       7.703711       2.563300      10.267011       2.737453       2.765106       1.000000     541.499386       0.000000            0
       299       149.5000       1       1       7.614279       2.650703      10.264982       2.737453       2.675238       1.000000     541.499386       0.000000            0
# Jump frustrated.
       300       150.0000       1       1       7.367382       2.891111      10.258493       2.737452       2.716091       1.000000     541.499386       0.000000            0
# Jump frustrated.
       301       150.5000       1       1       6.909743       3.351374      10.261118       2.737452       2.906365       1.000000     541.499386       0.000000            0
       302       151.0000       1       1       6.262088       4.009902      10.271990       2.737453       3.207884       1.000000     541.499386       0.000000            0
# Jump frustrated.
       303       151.5000       1       1       5.556548       4.731334      10.287882       2.737452       3.475621       1.000000     541.499386       0.000000            0
# Jump frustrated.
       304       152.0000       1       1       4.962695       5.330694      10.293388       2.737452       3.441366       1.000000     541.499386       0.000000            0
# Jump frustrated.
       305       152.5000       1       1       4.555480       5.735111      10.290590       2.737453       3.346631       1.000000     541.499386       0.000000            1
# Jump frustrated.
       306       153.0000       1       1       4.308796       5.979048      10.287845       2.737453       3.266894       1.000000     541.499386       0.000000            0
# Jump frustrated.
       307       153.5000       1       1       4.184413       6.102159      10.286572       2.737453       3.165403       1.000000     541.499386       0.000000            0
# Jump frustrated.
       308       154.0000       1       1       4.152970       6.131432      10.284402       2.737452       3.013302       1.000000     541.499386       0.000000            0
# Jump frustrated.
       309       154.5000       1       1       4.177900       6.103612      10.281512       2.737453       2.836945       1.000000     541.499386       0.000000            0
# Jump frustrated.
       310       155.0000       1       1       4.213367       6.065413      10.278780       2.737453       2.669373       1.000000     541.499386       0.000000            0
# Jump frustrated.
       311       155.5000       1       1       4.225378       6.053787      10.279165       2.737453       2.558429       1.000000     541.499386       0.000000            0
       312       156.0000       1       1       4.206887       6.072887      10.279773       2.737453       2.524985       1.000000     541.499386       0.000000            1
# Jump frustrated.
       313       156.5000       1       1       4.168637       6.112332      10.280969       2.737452       2.555400       1.000000     541.499386       0.000000            0
# Jump frustrated.
       314       157.0000       1       1       4.132294       6.150739      10.283033       2.737453       2.612584       1.000000     541.499386       0.000000            0
       315       157.5000       1       1       4.125828       6.158836      10.284664       2.737453       2.657630       1.000000     541.499386       0.000000            0
# Jump frustrated.
       316       158.0000       1       1       4.173956       6.111294      10.285250       2.737453       2.661473       1.000000     541.499386       0.000000            0
# Jump frustrated.
       317       158.5000       1       1       4.291002       5.994204      10.285206       2.737453       2.605071       1.000000     541.499386       0.000000            0
       318       159.0000       1       1       4.477877       5.806528      10.284404       2.737453       2.484496       1.000000     541.499386       0.000000            0
# Jump frustrated.
       319       159.5000       1       1       4.721698       5.561137      10.282835       2.737454       2.306410       1.000000     541.499386       0.000000            1
# Jump frustrated.
       320       160.0000       1       1       4.997556       5.282737      10.280292       2.737454       2.097794       1.000000     541.499386       0.000000            0
       321       160.5000       1       1       5.272144       5.005997      10.278141       2.737454       1.892842       1.000000     541.499386       0.000000            0
# Jump frustrated.
       322       161.0000       1       1       5.509528       4.766212      10.275740       2.737454       1.744344       1.000000     541.499386       0.000000            0
# Jump frustrated.
       323       161.5000       1       1       5.677293       4.597220      10.274513       2.737454       1.665396       1.000000     541.499386       0.000000            0
# Jump frustrated.
       324       162.0000       1       1       5.755247       4.519160      10.274407       2.737454       1.647563       1.000000     541.499386       0.000000            0
# Jump frustrated.
       325       162.5000       1       1       5.739750       4.534316      10.274065       2.737453       1.647825       1.000000     541.499386       0.000000            1
# Jump frustrated.
       326       163.0000       1       1       5.631455       4.641856      10.273311       2.737453       1.684180       1.000000     541.499386       0.000000            0
       327       163.5000       1       1       5.434610       4.839912      10.274523       2.737453       1.890673       1.000000     541.499386       0.000000            0
# Jump frustrated.
       328       164.0000       1       1       5.175377       5.102119      10.277496       2.737451       2.337996       1.000000     541.499386       0.000000            0
       329       164.5000       1       1       4.904918       5.375329      10.280247       2.737451       2.878874       1.000000     541.499386       0.000000            0
       330       165.0000       1       1       4.668029       5.612416      10.280444       2.737450       3.404143       1.000000     541.499386       0.000000            0
# Jump frustrated.
       331       165.5000       1       1       4.471813       5.806943      10.278756       2.737450       3.937505       1.000000     541.499386       0.000000            0
# Jump frustrated.
       332       166.0000       1       1       4.295908       5.981955      10.277863       2.737450       4.486776       1.000000     541.499386       0.000000            0
       333       166.5000       1       1       4.127464       6.151777      10.279241       2.737448       4.999187       1.000000     541.499386       0.000000            1
# Jump frustrated.
       334       167.0000       1       1       3.981879       6.300216      10.282095       2.737447       5.362729       1.000000     541.499386       0.000000            0
# Jump frustrated.
       335       167.5000       1       1       3.896414       6.388241      10.284654       2.737446       5.482541       1.000000     541.499386       0.000000            0
# Jump frustrated.
       336       168.0000       1       1       3.905938       6.379936      10.285874       2.737443       5.350732       1.000000     541.499386       0.000000            0
       337       168.5000       1       1       4.023493       6.261808      10.285301       2.737441       5.009222       1.000000     541.499386       0.000000            0
       338       169.0000       1       1       4.237818       6.045690      10.283509       2.737443       4.537151       1.000000     541.499386       0.000000            0
       339       169.5000       1       1       4.520056       5.760854      10.280910       2.737446       3.948962       1.000000     541.499386       0.000000            0
       340       170.0000       1       1       4.832085       5.446538      10.278623       2.737446       3.341676       1.000000     541.499386       0.000000            0
# Jump frustrated.
       341       170.5000       1       1       5.136113       5.140734      10.276846       2.737448       2.744393       1.000000     541.499386       0.000000            1
# Jump frustrated.
       342       171.0000       1       1       5.404480       4.871884      10.276364       2.737450       2.269857       1.000000     541.499386       0.000000            0
# Jump frustrated.
       343       171.5000       1       1       5.626691       4.649952      10.276643       2.737450       1.983506       1.000000     541.499386       0.000000            0
# Jump frustrated.
       344       172.0000       1       1       5.808446       4.470373      10.278819       2.737449       1.911777       1.000000     541.499386       0.000000            0
       345       172.5000       1       1       5.972225       4.308855      10.281080       2.737449       1.985241       1.000000     541.499386       0.000000            0
# Jump frustrated.
       346       173.0000       1       1       6.141904       4.137995      10.279899       2.737450       1.996869       1.000000     541.499386       0.000000            0
# Jump frustrated.
       347       173.5000       1       1       6.312105       3.965474      10.277579       2.737451       1.794989       1.000000     541.499386       0.000000            0
       348       174.0000       1       1       6.444698       3.829492      10.274189       2.737451       1.550014       1.000000     541.499386       0.000000            0
# Jump frustrated.
       349       174.5000       1       1       6.491503       3.779666      10.271170       2.737451       1.481788       1.000000     541.499386       0.000000            1
# Jump frustrated.
       350       175.0000       1       1       6.417599       3.853989      10.271588       2.737450       1.780224       1.000000     541.499386       0.000000            0
# Jump frustrated.
       351       175.5000       1       1       6.233656       4.042496      10.276152       2.737450       2.310397       1.000000     541.499386       0.000000            0
# Jump frustrated.
       352       176.0000       1       1       5.996976       4.283527      10.280503       2.737450       2.847746       1.000000     541.499386       0.000000            0
# Jump frustrated.
       353       176.5000       1       1       5.781066       4.502967      10.284033       2.737451       3.133597       1.000000     541.499386       0.000000            0
# Jump frustrated.
       354       177.0000       1       1       5.627545       4.654935      10.282480       2.737450       3.022880       1.000000     541.499386       0.000000            0
       355       177.5000       1       1       5.517087       4.762060      10.279147       2.737450       2.658047       1.000000     541.499386       0.000000            0
# Jump frustrated.
       356       178.0000       1       1       5.401809       4.874998      10.276807       2.737450       2.240521       1.000000     541.499386       0.000000            0
# Jump frustrated.
       357       178.5000       1       1       5.248301       5.028834      10.277134       2.737450       1.952084       1.000000     541.499386       0.000000            1
# Jump frustrated.
       358       179.0000       1       1       5.052967       5.225852      10.278820       2.737450       1.857380       1.000000     541.499386       0.000000            0
       359       179.5000       1       1       4.835625       5.445292      10.280917       2.737450       1.904521       1.000000     541.499386       0.000000            0
# Jump frustrated.
       360       180.0000       1       1       4.625943       5.656843      10.282786       2.737450       1.982846       1.000000     541.499386       0.000000            0
# Jump frustrated.
       361       180.5000       1       1       4.451259       5.832894      10.284153       2.737450       2.059872       1.000000     541.499386       0.000000            0
       362       181.0000       1       1       4.331404       5.953720      10.285124       2.737451       2.118585       1.000000     541.499386       0.000000            0
# Jump frustrated.
       363       181.5000       1       1       4.279368       6.005830      10.285197       2.737452       2.133088       1.000000     541.499386       0.000000            1
       364       182.0000       1       1       4.300260       5.984654      10.284914       2.737452       2.097112       1.000000     541.499386       0.000000            0
# Jump frustrated.
       365       182.5000       1       1       4.388768       5.894760      10.283528       2.737453       2.009913       1.000000     541.499386       0.000000            0
# Jump frustrated.
       366       183.0000       1       1       4.525314       5.755664      10.280978       2.737453       1.856166       1.000000     541.499386       0.000000            0
       367       183.5000       1       1       4.670939       5.605980      10.276919       2.737454       1.603511       1.000000     541.499386       0.000000            0
       368       184.0000       1       1       4.766647       5.505291      10.271937       2.737454       1.272856       1.000000     541.499386       0.000000            0
# Jump frustrated.
       369       184.5000       1       1       4.744608       5.523560      10.268168       2.737455       1.106636       1.000000     541.499386       0.000000            0
# Jump frustrated.
       370       185.0000       1       1       4.565382       5.704593      10.269974       2.737455       1.545195       1.000000     541.499386       0.000000            1
# Jump frustrated.
       371       185.5000       1       1       4.270462       6.008321      10.278783       2.737455       2.284534       1.000000     541.499386       0.000000            0
# Jump frustrated.
       372       186.0000       1       1       3.986772       6.301254      10.288026       2.737455       2.807838       1.000000     541.499386       0.000000            0
# Jump frustrated.
       373       186.5000       1       1       3.842157       6.447408      10.289566       2.737456       2.816879       1.000000     541.499386       0.000000            0
# Jump frustrated.
       374       187.0000       1       1       3.856299       6.426440      10.282739       2.737456       2.334547       1.000000     541.499386       0.000000            0
# Jump frustrated.
       375       187.5000       1       1       3.938043       6.338000      10.276043       2.737457       1.708153       1.000000     541.499386       0.000000            0
# Jump frustrated.
       376       188.0000       1       1       3.986448       6.288382      10.274830       2.737457       1.407580       1.000000     541.499386       0.000000            0
# Jump frustrated.
       377       188.5000       1       1       3.965371       6.311842      10.277213       2.737457       1.536749       1.000000     541.499386       0.000000            1
       378       189.0000       1       1       3.891730       6.387618      10.279348       2.737457       1.777819       1.000000     541.499386       0.000000            0
# Jump frustrated.
       379       189.5000       1       1       3.789978       6.490383      10.280361       2.737457       2.002609       1.000000     541.499386       0.000000            0
# Jump frustrated.
       380       190.0000       1       1       3.675587       6.605397      10.280984       2.737457       2.199297       1.000000     541.499386       0.000000            0
# Jump frustrated.
       381       190.5000       1       1       3.561301       6.720619      10.281920       2.737457       2.370728       1.000000     541.499386       0.000000            0
# Jump frustrated.
       382       191.0000       1       1       3.463916       6.819439      10.283356       2.737457       2.541726       1.000000     541.499386       0.000000            0
# Jump frustrated.
       383       191.5000       1       1       3.410103       6.875701      10.285804       2.737457       2.727933       1.000000     541.499386       0.000000            1
       384       192.0000       1       1       3.436435       6.851618      10.288053       2.737457       2.878125       1.000000     541.499386       0.000000            0
# Jump frustrated.
       385       192.5000       1       1       3.572754       6.715221      10.287975       2.737457       2.889502       1.000000     541.499386       0.000000            0
       386       193.0000       1       1       3.814000       6.470038      10.284037       2.737458       2.680487       1.000000     541.499386       0.000000            0
# Jump frustrated.
       387       193.5000       1       1       4.106312       6.172122      10.278435       2.737458       2.252790       1.000000     541.499386       0.000000            0
# Jump frustrated.
       388       194.0000       1       1       4.369510       5.904310      10.273820       2.737458       1.738164       1.000000     541.499386       0.000000            0
# Jump frustrated.
       389       194.5000       1       1       4.532666       5.737602      10.270268       2.737458       1.282899       1.000000     541.499386       0.000000            1
       390       195.0000       1       1       4.551006       5.718295      10.269301       2.737458       1.283972       1.000000     541.499386       0.000000            0
# Surface Hop/Pointer State Switch: new state=      2 old state=      1 randnum=  0.353188693 gap=  2.313358 eV
       391       195.5000       2       2       2.112462       8.156840      10.269301      25.517604       2.504641       1.000000     541.499386       0.000000            0
# Jump frustrated.
       392       196.0000       2       2       2.171821       8.097464      10.269285      25.517604       2.671557       1.000000     541.499386       0.000000            0
# Surface Hop/Pointer State Switch: new state=      1 old state=      2 randnum=  0.457572537 gap= -2.236544 eV
       393       196.5000       1       1       4.543101       5.726184      10.269285       1.507204       1.925004       1.000000     541.499386       0.000000            0
# Jump frustrated.
       394       197.0000       1       1       4.580389       5.690891      10.271280       1.507203       2.145255       1.000000     541.499386       0.000000            0
# Jump frustrated.
       395       197.5000       1       1       4.681914       5.588541      10.270455       1.507202       2.140359       1.000000     541.499386       0.000000            1
       396       198.0000       1       1       4.835856       5.431175      10.267031       1.507201       1.913129       1.000000     541.499386       0.000000            0
# Jump frustrated.
       397       198.5000       1       1       4.995853       5.267581      10.263434       1.507202       1.584732       1.000000     541.499386       0.000000            0
       398       199.0000       1       1       5.112566       5.149661      10.262227       1.507202       1.307398       1.000000     541.499386       0.000000            0
# Jump frustrated.
       399       199.5000       1       1       5.161781       5.101289      10.263070       1.507202       1.181275       1.000000     541.499386       0.000000            0
# Jump frustrated.
       400       200.0000       1       1       5.147137       5.117274      10.264412       1.507202       1.134285       1.000000     541.499386       0.000000            0
